ASxxxx Linker V03.00 + NoICE + sdld,  page 1.
Hexadecimal  [32-Bits]

Area                       Addr        Size        Decimal Bytes (Attributes)
--------------------       ----        ----        ------- ----- ------------
.  .ABS.               00000000    00000000 =           0. bytes (ABS,CON)

        Value  Global            Value  Global            Value  Global    
        -----  ------            -----  ------            -----  ------    
     00000000  .__.ABS.  |    00000000  _rRAMG    |    00000000  l__BASE  
     00000000  l__BSS    |    00000000  l__CABS   |    00000000  l__DABS  
     00000000  l__HEADER |    00000000  l__HEADER |    00000000  l__HEAP  
     00000000  l__HRAM   |    00000000  l__LIT    |    00000000  s__CABS  
     00000000  s__DABS   |    00000000  s__HEADER |    00000000  s__HEADER
     00000000  s__HEADER |    00000000  s__HEADER |    00000000  s__HEADER
     00000000  s__HEADER |    00000000  s__HEADER |    00000000  s__HEADER
     00000000  s__HEADER |    00000000  s__HEADER |    00000000  s__HEADER
     00000000  s__HEADER |    00000000  s__HEADER |    00000000  s__HEADER
     00000000  s__HEADER |    00000000  s__HEADER |    00000000  s__HEADER
     00000000  s__HEADER |    00000000  s__HEADER |    00000000  s__HEADER
     00000000  s__HEADER |    00000000  s__HRAM   |    00000000  s__HRAM12
     00000001  ___bank_f |    00000001  ___bank_f |    00000001  l__GSFINA
     00000001  l__HEADER |    00000001  l__HEADER |    00000001  l__HEADER
     00000001  l__HEADER |    00000001  l__HEADER |    00000001  l__HEADER
     00000001  l__HEADER |    00000002  l__HEADER |    00000002  l__HEADER
     00000002  l__HEADER |    00000003  l__HEADER |    00000003  l__HEADER
     00000003  l__HRAM12 |    00000005  l__HEADER |    00000006  l__HEADER
     00000007  l__HEADER |    00000008  l__HEADER |    0000000C  l__GSINIT
     00000030  l__HEADER |    00000048  l__INITIA |    00000048  l__INITIA
     0000004F  l__HEADER |    0000006E  l__DATA   |    00000082  l__HEADER
     000000AC  l__CODE_1 |    00000200  s__CODE   |    0000039A  l__HOME  
     00000440  l__CODE_0 |    00001D44  l__CODE   |    00001F44  s__HOME  
     00002000  _rROMB0   |    000022DE  s__BASE   |    000022DE  s__CODE_0
     0000271E  s__INITIA |    0000271E  s__LIT    |    00002766  s__GSINIT
     00002772  s__GSFINA |    00003000  _rROMB1   |    00004000  _rRAMB   
     00008000  __VRAM    |    00008000  __VRAM800 |    00008800  __VRAM880
     00009000  __VRAM900 |    00009800  __SCRN0   |    00009C00  __SCRN1  
     0000A000  __SRAM    |    0000C000  __RAM     |    0000C000  _shadow_O
     0000C0A0  s__DATA   |    0000C10E  s__BSS    |    0000C10E  s__INITIA
     0000C156  s__HEAP   |    0000D000  __RAMBANK |    0000E000  .STACK   
     0000FE00  __OAMRAM  |    0000FF00  _P1_REG   |    0000FF00  __IO     
     0000FF01  _SB_REG   |    0000FF02  _SC_REG   |    0000FF04  _DIV_REG 
     0000FF05  _TIMA_REG |    0000FF06  _TMA_REG  |    0000FF07  _TAC_REG 
     0000FF0F  _IF_REG   |    0000FF10  _NR10_REG |    0000FF11  _NR11_REG
     0000FF12  _NR12_REG |    0000FF13  _NR13_REG |    0000FF14  _NR14_REG
     0000FF16  _NR21_REG |    0000FF17  _NR22_REG |    0000FF18  _NR23_REG
     0000FF19  _NR24_REG |    0000FF1A  _NR30_REG |    0000FF1B  _NR31_REG
     0000FF1C  _NR32_REG |    0000FF1D  _NR33_REG |    0000FF1E  _NR34_REG
     0000FF20  _NR41_REG |    0000FF21  _NR42_REG |    0000FF22  _NR43_REG
     0000FF23  _NR44_REG |    0000FF24  _NR50_REG |    0000FF25  _NR51_REG
     0000FF26  _NR52_REG |    0000FF30  _PCM_SAMP |    0000FF30  __AUD3WAV
     0000FF40  _LCDC_REG |    0000FF41  _STAT_REG |    0000FF42  _SCY_REG 
     0000FF43  _SCX_REG  |    0000FF44  _LY_REG   |    0000FF45  _LYC_REG 
     0000FF46  _DMA_REG  |    0000FF47  _BGP_REG  |    0000FF48  _OBP0_REG
     0000FF49  _OBP1_REG |    0000FF4A  _WY_REG   |    0000FF4B  _WX_REG  
     0000FF4D  _KEY1_REG |    0000FF4F  _VBK_REG  |    0000FF51  _HDMA1_RE
     0000FF52  _HDMA2_RE |    0000FF53  _HDMA3_RE |    0000FF54  _HDMA4_RE
     0000FF55  _HDMA5_RE |    0000FF56  _RP_REG   |    0000FF68  _BCPS_REG
     0000FF69  _BCPD_REG |    0000FF6A  _OCPS_REG |    0000FF6B  _OCPD_REG
ASxxxx Linker V03.00 + NoICE + sdld,  page 2.
Hexadecimal  [32-Bits]

Area                       Addr        Size        Decimal Bytes (Attributes)
--------------------       ----        ----        ------- ----- ------------
.  .ABS.               00000000    00000000 =           0. bytes (ABS,CON)

        Value  Global            Value  Global            Value  Global    
        -----  ------            -----  ------            -----  ------    
     0000FF70  _SVBK_REG |    0000FF76  _PCM12_RE |    0000FF77  _PCM34_RE
     0000FF80  .refresh_ |    0000FF80  __HRAM    |    0000FFFF  _IE_REG  
     00014000  s__CODE_1
ASxxxx Linker V03.00 + NoICE + sdld,  page 3.
Hexadecimal  [32-Bits]

Area                       Addr        Size        Decimal Bytes (Attributes)
--------------------       ----        ----        ------- ----- ------------
_CODE                  00000200    00001D44 =        7492. bytes (REL,CON)

        Value  Global            Value  Global            Value  Global    
        -----  ------            -----  ------            -----  ------    
     00000200  A$lcc1168 |    00000200  C$main.c$ |    00000200  C$main.c$
     00000200  G$update_ |    00000200  _update_l |    00000203  A$lcc1168
     00000204  A$lcc1168 |    00000207  A$lcc1168 |    00000208  A$lcc1168
     0000020B  A$lcc1168 |    0000020C  A$lcc1168 |    0000020D  A$lcc1168
     0000020E  A$lcc1168 |    0000020E  C$main.c$ |    00000211  A$lcc1168
     00000212  A$lcc1168 |    00000215  A$lcc1168 |    00000216  A$lcc1168
     00000219  A$lcc1168 |    0000021A  A$lcc1168 |    0000021D  A$lcc1168
     0000021F  A$lcc1168 |    0000021F  C$main.c$ |    00000222  A$lcc1168
     00000223  A$lcc1168 |    00000224  A$lcc1168 |    00000226  A$lcc1168
     00000226  C$main.c$ |    00000228  A$lcc1168 |    00000229  A$lcc1168
     0000022A  A$lcc1168 |    0000022D  A$lcc1168 |    0000022E  A$lcc1168
     0000022F  A$lcc1168 |    00000230  A$lcc1168 |    00000231  A$lcc1168
     00000234  A$lcc1168 |    00000236  A$lcc1168 |    00000236  C$main.c$
     00000239  A$lcc1168 |    0000023A  A$lcc1168 |    0000023C  A$lcc1168
     0000023D  A$lcc1168 |    0000023E  A$lcc1168 |    0000023E  C$main.c$
     0000023F  A$lcc1168 |    00000241  A$lcc1168 |    00000241  C$main.c$
     00000244  A$lcc1168 |    00000245  A$lcc1168 |    00000248  A$lcc1168
     00000249  A$lcc1168 |    0000024C  A$lcc1168 |    0000024D  A$lcc1168
     0000024E  A$lcc1168 |    0000024F  A$lcc1168 |    0000024F  C$main.c$
     00000252  A$lcc1168 |    00000254  A$lcc1168 |    00000255  A$lcc1168
     00000256  A$lcc1168 |    00000259  A$lcc1168 |    0000025A  A$lcc1168
     0000025B  A$lcc1168 |    0000025C  A$lcc1168 |    0000025D  A$lcc1168
     00000260  A$lcc1168 |    00000262  A$lcc1168 |    00000262  C$main.c$
     00000262  XG$update |    00000263  Fmain$__s |    00000266  A$lcc1168
     00000266  C$main.c$ |    00000266  C$main.c$ |    00000266  G$update_
     00000266  _update_p |    00000269  A$lcc1168 |    0000026A  A$lcc1168
     0000026D  A$lcc1168 |    0000026E  A$lcc1168 |    00000271  A$lcc1168
     00000272  A$lcc1168 |    00000273  A$lcc1168 |    00000274  A$lcc1168
     00000274  C$main.c$ |    00000277  A$lcc1168 |    00000278  A$lcc1168
     00000279  A$lcc1168 |    0000027A  A$lcc1168 |    0000027A  C$main.c$
     0000027C  A$lcc1168 |    0000027D  A$lcc1168 |    0000027E  A$lcc1168
     00000281  A$lcc1168 |    00000282  A$lcc1168 |    00000283  A$lcc1168
     00000284  A$lcc1168 |    00000285  A$lcc1168 |    00000288  A$lcc1168
     0000028A  A$lcc1168 |    0000028A  C$main.c$ |    0000028D  A$lcc1168
     0000028E  A$lcc1168 |    00000290  A$lcc1168 |    00000291  A$lcc1168
     00000292  A$lcc1168 |    00000292  C$main.c$ |    00000293  A$lcc1168
     00000293  C$main.c$ |    00000293  XG$update |    00000295  A$lcc1168
     00000295  C$main.c$ |    00000295  C$main.c$ |    00000295  G$update_
     00000295  _update_s |    00000298  A$lcc1168 |    00000299  A$lcc1168
     0000029B  A$lcc1168 |    0000029C  A$lcc1168 |    0000029E  A$lcc1168
     000002A0  A$lcc1168 |    000002A1  A$lcc1168 |    000002A2  A$lcc1168
     000002A3  A$lcc1168 |    000002A5  A$lcc1168 |    000002A5  C$main.c$
     000002A8  A$lcc1168 |    000002A9  A$lcc1168 |    000002AC  A$lcc1168
     000002AD  A$lcc1168 |    000002B0  A$lcc1168 |    000002B1  A$lcc1168
     000002B2  A$lcc1168 |    000002B3  A$lcc1168 |    000002B5  A$lcc1168
     000002B5  C$main.c$ |    000002B8  A$lcc1168 |    000002B9  A$lcc1168
     000002BB  A$lcc1168 |    000002BC  A$lcc1168 |    000002BE  A$lcc1168
     000002C0  A$lcc1168 |    000002C1  A$lcc1168 |    000002C3  A$lcc1168
     000002C5  A$lcc1168 |    000002C6  A$lcc1168 |    000002C8  A$lcc1168
     000002C8  C$main.c$ |    000002CB  A$lcc1168 |    000002CC  A$lcc1168
ASxxxx Linker V03.00 + NoICE + sdld,  page 4.
Hexadecimal  [32-Bits]

Area                       Addr        Size        Decimal Bytes (Attributes)
--------------------       ----        ----        ------- ----- ------------
_CODE                  00000200    00001D44 =        7492. bytes (REL,CON)

        Value  Global            Value  Global            Value  Global    
        -----  ------            -----  ------            -----  ------    
     000002CF  A$lcc1168 |    000002D0  A$lcc1168 |    000002D3  A$lcc1168
     000002D4  A$lcc1168 |    000002D5  A$lcc1168 |    000002D6  A$lcc1168
     000002D8  A$lcc1168 |    000002D8  C$main.c$ |    000002DA  A$lcc1168
     000002DC  A$lcc1168 |    000002DF  A$lcc1168 |    000002E0  A$lcc1168
     000002E2  A$lcc1168 |    000002E3  A$lcc1168 |    000002E5  A$lcc1168
     000002E7  A$lcc1168 |    000002E7  C$main.c$ |    000002EA  A$lcc1168
     000002EB  A$lcc1168 |    000002EE  A$lcc1168 |    000002EF  A$lcc1168
     000002F2  A$lcc1168 |    000002F3  A$lcc1168 |    000002F4  A$lcc1168
     000002F5  A$lcc1168 |    000002F7  A$lcc1168 |    000002F7  C$main.c$
     000002FA  A$lcc1168 |    000002FC  A$lcc1168 |    000002FD  A$lcc1168
     000002FE  A$lcc1168 |    00000300  A$lcc1168 |    00000301  A$lcc1168
     00000303  A$lcc1168 |    00000303  C$main.c$ |    00000306  A$lcc1168
     00000307  A$lcc1168 |    0000030A  A$lcc1168 |    0000030B  A$lcc1168
     0000030E  A$lcc1168 |    0000030F  A$lcc1168 |    00000310  A$lcc1168
     00000311  A$lcc1168 |    00000311  C$main.c$ |    00000314  A$lcc1168
     00000315  A$lcc1168 |    00000316  A$lcc1168 |    00000317  A$lcc1168
     00000318  A$lcc1168 |    0000031B  A$lcc1168 |    0000031C  A$lcc1168
     0000031F  A$lcc1168 |    00000320  A$lcc1168 |    00000323  A$lcc1168
     00000325  A$lcc1168 |    00000325  C$main.c$ |    00000328  A$lcc1168
     00000329  A$lcc1168 |    0000032A  A$lcc1168 |    0000032B  A$lcc1168
     0000032B  C$main.c$ |    0000032D  A$lcc1168 |    0000032E  A$lcc1168
     0000032F  A$lcc1168 |    00000332  A$lcc1168 |    00000333  A$lcc1168
     00000334  A$lcc1168 |    00000335  A$lcc1168 |    00000336  A$lcc1168
     00000339  A$lcc1168 |    0000033B  A$lcc1168 |    0000033B  C$main.c$
     0000033E  A$lcc1168 |    0000033F  A$lcc1168 |    00000341  A$lcc1168
     00000342  A$lcc1168 |    00000343  A$lcc1168 |    00000343  C$main.c$
     00000344  A$lcc1168 |    00000344  C$main.c$ |    00000344  XG$update
     00000346  Fmain$__s |    00000349  A$lcc1168 |    00000349  C$main.c$
     00000349  C$main.c$ |    00000349  G$reset_f |    00000349  _reset_fr
     0000034C  A$lcc1168 |    0000034E  A$lcc1168 |    0000034E  C$main.c$
     00000351  A$lcc1168 |    00000353  A$lcc1168 |    00000356  A$lcc1168
     00000358  A$lcc1168 |    00000358  C$main.c$ |    0000035B  A$lcc1168
     0000035D  A$lcc1168 |    0000035E  A$lcc1168 |    00000360  A$lcc1168
     00000360  C$main.c$ |    00000363  A$lcc1168 |    00000364  A$lcc1168
     00000365  A$lcc1168 |    00000367  A$lcc1168 |    00000368  A$lcc1168
     0000036A  A$lcc1168 |    0000036A  C$main.c$ |    0000036B  A$lcc1168
     0000036E  A$lcc1168 |    0000036E  C$main.c$ |    00000371  A$lcc1168
     00000373  A$lcc1168 |    00000374  A$lcc1168 |    00000375  A$lcc1168
     00000378  A$lcc1168 |    00000379  A$lcc1168 |    0000037C  A$lcc1168
     0000037D  A$lcc1168 |    0000037E  A$lcc1168 |    0000037F  A$lcc1168
     00000380  A$lcc1168 |    00000383  A$lcc1168 |    00000384  A$lcc1168
     00000385  A$lcc1168 |    00000386  A$lcc1168 |    00000389  A$lcc1168
     0000038B  A$lcc1168 |    0000038C  A$lcc1168 |    0000038D  A$lcc1168
     0000038E  A$lcc1168 |    0000038F  A$lcc1168 |    00000390  A$lcc1168
     00000391  A$lcc1168 |    00000392  A$lcc1168 |    00000393  A$lcc1168
     00000396  A$lcc1168 |    00000398  A$lcc1168 |    00000398  C$main.c$
     00000398  C$main.c$ |    00000398  XG$reset_ |    00000399  A$lcc1168
     00000399  C$main.c$ |    00000399  C$main.c$ |    00000399  G$reset_t
     00000399  _reset_ti |    0000039C  A$lcc1168 |    0000039E  A$lcc1168
     0000039F  A$lcc1168 |    000003A1  A$lcc1168 |    000003A1  C$main.c$
     000003A4  A$lcc1168 |    000003A6  A$lcc1168 |    000003A6  C$main.c$
ASxxxx Linker V03.00 + NoICE + sdld,  page 5.
Hexadecimal  [32-Bits]

Area                       Addr        Size        Decimal Bytes (Attributes)
--------------------       ----        ----        ------- ----- ------------
_CODE                  00000200    00001D44 =        7492. bytes (REL,CON)

        Value  Global            Value  Global            Value  Global    
        -----  ------            -----  ------            -----  ------    
     000003A9  A$lcc1168 |    000003AA  A$lcc1168 |    000003AD  A$lcc1168
     000003AE  A$lcc1168 |    000003B1  A$lcc1168 |    000003B2  A$lcc1168
     000003B5  A$lcc1168 |    000003B7  A$lcc1168 |    000003B7  C$main.c$
     000003B7  XG$reset_ |    000003B8  A$lcc1168 |    000003B8  C$main.c$
     000003B8  C$main.c$ |    000003B8  G$init_le |    000003B8  _init_lev
     000003BB  A$lcc1168 |    000003BC  A$lcc1168 |    000003BF  A$lcc1168
     000003C0  A$lcc1168 |    000003C3  A$lcc1168 |    000003C5  A$lcc1168
     000003C5  C$main.c$ |    000003C8  A$lcc1168 |    000003C9  A$lcc1168
     000003CC  A$lcc1168 |    000003CD  A$lcc1168 |    000003D0  A$lcc1168
     000003D2  A$lcc1168 |    000003D2  C$main.c$ |    000003D5  A$lcc1168
     000003D6  A$lcc1168 |    000003D9  A$lcc1168 |    000003DA  A$lcc1168
     000003DD  A$lcc1168 |    000003DF  A$lcc1168 |    000003DF  C$main.c$
     000003E2  A$lcc1168 |    000003E3  A$lcc1168 |    000003E6  A$lcc1168
     000003E7  A$lcc1168 |    000003E8  A$lcc1168 |    000003E9  A$lcc1168
     000003EA  A$lcc1168 |    000003ED  A$lcc1168 |    000003EF  A$lcc1168
     000003EF  C$main.c$ |    000003F2  A$lcc1168 |    000003F3  A$lcc1168
     000003F5  A$lcc1168 |    000003F6  A$lcc1168 |    000003F7  A$lcc1168
     000003FA  A$lcc1168 |    000003FC  A$lcc1168 |    000003FC  C$main.c$
     000003FF  A$lcc1168 |    00000401  A$lcc1168 |    00000401  C$main.c$
     00000402  A$lcc1168 |    00000405  A$lcc1168 |    00000406  A$lcc1168
     00000407  A$lcc1168 |    00000407  C$main.c$ |    0000040A  A$lcc1168
     0000040A  C$main.c$ |    0000040D  A$lcc1168 |    0000040F  A$lcc1168
     0000040F  C$main.c$ |    00000412  A$lcc1168 |    00000412  C$main.c$
     00000415  A$lcc1168 |    00000415  C$main.c$ |    00000418  A$lcc1168
     00000418  C$main.c$ |    00000418  C$main.c$ |    00000418  XG$init_l
     0000041B  A$lcc1168 |    0000041B  C$main.c$ |    0000041B  G$move_fr
     0000041B  _move_fro |    0000041C  A$lcc1168 |    0000041D  A$lcc1168
     0000041D  C$main.c$ |    00000420  A$lcc1168 |    00000421  A$lcc1168
     00000423  A$lcc1168 |    00000423  C$main.c$ |    00000426  A$lcc1168
     00000427  A$lcc1168 |    00000429  A$lcc1168 |    0000042A  A$lcc1168
     0000042B  A$lcc1168 |    0000042C  A$lcc1168 |    0000042D  A$lcc1168
     00000430  A$lcc1168 |    00000432  A$lcc1168 |    00000434  A$lcc1168
     00000437  A$lcc1168 |    00000439  A$lcc1168 |    0000043C  A$lcc1168
     0000043D  A$lcc1168 |    0000043E  A$lcc1168 |    0000043F  A$lcc1168
     00000440  A$lcc1168 |    00000441  A$lcc1168 |    00000444  A$lcc1168
     00000445  A$lcc1168 |    00000446  A$lcc1168 |    00000447  A$lcc1168
     0000044A  A$lcc1168 |    0000044C  A$lcc1168 |    0000044D  A$lcc1168
     00000450  A$lcc1168 |    00000451  A$lcc1168 |    00000452  A$lcc1168
     00000453  A$lcc1168 |    00000456  A$lcc1168 |    00000457  A$lcc1168
     00000458  A$lcc1168 |    00000459  A$lcc1168 |    0000045C  A$lcc1168
     0000045E  A$lcc1168 |    00000460  A$lcc1168 |    00000461  A$lcc1168
     00000462  A$lcc1168 |    00000463  A$lcc1168 |    00000464  A$lcc1168
     00000466  A$lcc1168 |    00000467  A$lcc1168 |    0000046A  A$lcc1168
     0000046C  A$lcc1168 |    0000046C  C$main.c$ |    0000046E  A$lcc1168
     0000046E  C$main.c$ |    00000471  A$lcc1168 |    00000472  A$lcc1168
     00000474  A$lcc1168 |    00000474  C$main.c$ |    00000477  A$lcc1168
     00000478  A$lcc1168 |    00000479  A$lcc1168 |    0000047A  A$lcc1168
     0000047D  A$lcc1168 |    0000047F  A$lcc1168 |    00000481  A$lcc1168
     00000484  A$lcc1168 |    00000486  A$lcc1168 |    00000489  A$lcc1168
     0000048A  A$lcc1168 |    0000048B  A$lcc1168 |    0000048C  A$lcc1168
     0000048F  A$lcc1168 |    00000490  A$lcc1168 |    00000491  A$lcc1168
ASxxxx Linker V03.00 + NoICE + sdld,  page 6.
Hexadecimal  [32-Bits]

Area                       Addr        Size        Decimal Bytes (Attributes)
--------------------       ----        ----        ------- ----- ------------
_CODE                  00000200    00001D44 =        7492. bytes (REL,CON)

        Value  Global            Value  Global            Value  Global    
        -----  ------            -----  ------            -----  ------    
     00000492  A$lcc1168 |    00000495  A$lcc1168 |    00000496  A$lcc1168
     00000499  A$lcc1168 |    0000049A  A$lcc1168 |    0000049B  A$lcc1168
     0000049C  A$lcc1168 |    0000049D  A$lcc1168 |    000004A0  A$lcc1168
     000004A1  A$lcc1168 |    000004A2  A$lcc1168 |    000004A3  A$lcc1168
     000004A6  A$lcc1168 |    000004A8  A$lcc1168 |    000004A9  A$lcc1168
     000004AA  A$lcc1168 |    000004AB  A$lcc1168 |    000004AC  A$lcc1168
     000004AD  A$lcc1168 |    000004AE  A$lcc1168 |    000004AF  A$lcc1168
     000004B0  A$lcc1168 |    000004B3  A$lcc1168 |    000004B5  A$lcc1168
     000004B5  C$main.c$ |    000004B6  A$lcc1168 |    000004B7  A$lcc1168
     000004B7  C$main.c$ |    000004B7  XG$move_f |    000004B8  A$lcc1168
     000004B8  C$main.c$ |    000004B8  C$main.c$ |    000004B8  G$update_
     000004B8  _update_m |    000004BB  A$lcc1168 |    000004BC  A$lcc1168
     000004BE  A$lcc1168 |    000004BE  C$main.c$ |    000004C1  A$lcc1168
     000004C1  C$main.c$ |    000004C4  A$lcc1168 |    000004C6  A$lcc1168
     000004C8  A$lcc1168 |    000004CB  A$lcc1168 |    000004CD  A$lcc1168
     000004D0  A$lcc1168 |    000004D1  A$lcc1168 |    000004D4  A$lcc1168
     000004D5  A$lcc1168 |    000004D6  A$lcc1168 |    000004D7  A$lcc1168
     000004D7  C$main.c$ |    000004DA  A$lcc1168 |    000004DB  A$lcc1168
     000004DD  A$lcc1168 |    000004DD  C$main.c$ |    000004E0  A$lcc1168
     000004E0  C$main.c$ |    000004E3  A$lcc1168 |    000004E5  A$lcc1168
     000004E7  A$lcc1168 |    000004EA  A$lcc1168 |    000004EC  A$lcc1168
     000004EF  A$lcc1168 |    000004F0  A$lcc1168 |    000004F3  A$lcc1168
     000004F4  A$lcc1168 |    000004F5  A$lcc1168 |    000004F6  A$lcc1168
     000004F6  C$main.c$ |    000004F9  A$lcc1168 |    000004FA  A$lcc1168
     000004FC  A$lcc1168 |    000004FF  A$lcc1168 |    00000500  A$lcc1168
     00000501  A$lcc1168 |    00000501  C$main.c$ |    00000504  A$lcc1168
     00000506  A$lcc1168 |    00000506  C$main.c$ |    00000509  A$lcc1168
     0000050A  A$lcc1168 |    0000050B  A$lcc1168 |    0000050C  A$lcc1168
     0000050F  A$lcc1168 |    00000510  A$lcc1168 |    00000512  A$lcc1168
     00000513  A$lcc1168 |    00000514  A$lcc1168 |    00000515  A$lcc1168
     00000516  A$lcc1168 |    00000517  A$lcc1168 |    00000518  A$lcc1168
     0000051A  A$lcc1168 |    0000051C  A$lcc1168 |    0000051E  A$lcc1168
     00000520  A$lcc1168 |    00000521  A$lcc1168 |    00000523  A$lcc1168
     00000525  A$lcc1168 |    00000527  A$lcc1168 |    00000528  A$lcc1168
     00000529  A$lcc1168 |    00000529  C$main.c$ |    0000052C  A$lcc1168
     0000052D  A$lcc1168 |    0000052F  A$lcc1168 |    00000530  A$lcc1168
     00000531  A$lcc1168 |    00000533  A$lcc1168 |    00000534  A$lcc1168
     00000534  C$main.c$ |    00000537  A$lcc1168 |    00000537  C$main.c$
     0000053A  A$lcc1168 |    0000053D  A$lcc1168 |    0000053D  C$main.c$
     0000053D  XG$update |    0000053E  A$lcc1168 |    0000053E  C$main.c$
     0000053E  C$main.c$ |    0000053E  G$paralla |    0000053E  _parallax
     00000540  A$lcc1168 |    00000541  A$lcc1168 |    00000543  A$lcc1168
     00000545  A$lcc1168 |    00000547  A$lcc1168 |    00000549  A$lcc1168
     0000054B  A$lcc1168 |    0000054D  A$lcc1168 |    0000054F  A$lcc1168
     00000551  A$lcc1168 |    00000553  A$lcc1168 |    00000555  A$lcc1168
     00000557  A$lcc1168 |    00000559  A$lcc1168 |    0000055B  A$lcc1168
     0000055D  A$lcc1168 |    0000055F  A$lcc1168 |    00000561  A$lcc1168
     00000563  A$lcc1168 |    00000565  A$lcc1168 |    00000568  A$lcc1168
     0000056A  A$lcc1168 |    0000056D  A$lcc1168 |    0000056F  A$lcc1168
     00000572  A$lcc1168 |    00000574  A$lcc1168 |    00000577  A$lcc1168
     00000578  A$lcc1168 |    00000578  C$main.c$ |    00000579  A$lcc1168
ASxxxx Linker V03.00 + NoICE + sdld,  page 7.
Hexadecimal  [32-Bits]

Area                       Addr        Size        Decimal Bytes (Attributes)
--------------------       ----        ----        ------- ----- ------------
_CODE                  00000200    00001D44 =        7492. bytes (REL,CON)

        Value  Global            Value  Global            Value  Global    
        -----  ------            -----  ------            -----  ------    
     0000057B  A$lcc1168 |    0000057C  A$lcc1168 |    0000057E  A$lcc1168
     0000057E  C$main.c$ |    00000580  A$lcc1168 |    00000582  A$lcc1168
     00000582  C$main.c$ |    00000583  A$lcc1168 |    00000583  C$main.c$
     00000586  A$lcc1168 |    00000588  A$lcc1168 |    00000589  A$lcc1168
     0000058B  A$lcc1168 |    0000058B  C$main.c$ |    0000058D  A$lcc1168
     0000058F  A$lcc1168 |    0000058F  C$main.c$ |    00000590  A$lcc1168
     00000590  C$main.c$ |    00000593  A$lcc1168 |    00000595  A$lcc1168
     00000596  A$lcc1168 |    00000598  A$lcc1168 |    00000598  C$main.c$
     0000059A  A$lcc1168 |    0000059C  A$lcc1168 |    0000059C  C$main.c$
     0000059D  A$lcc1168 |    0000059D  C$main.c$ |    000005A0  A$lcc1168
     000005A2  A$lcc1168 |    000005A3  A$lcc1168 |    000005A5  A$lcc1168
     000005A5  C$main.c$ |    000005A7  A$lcc1168 |    000005A9  A$lcc1168
     000005A9  C$main.c$ |    000005AA  A$lcc1168 |    000005AA  C$main.c$
     000005AD  A$lcc1168 |    000005AF  A$lcc1168 |    000005B0  A$lcc1168
     000005B2  A$lcc1168 |    000005B2  C$main.c$ |    000005B4  A$lcc1168
     000005B6  A$lcc1168 |    000005B6  C$main.c$ |    000005B7  A$lcc1168
     000005B7  C$main.c$ |    000005BA  A$lcc1168 |    000005BC  A$lcc1168
     000005BD  A$lcc1168 |    000005BF  A$lcc1168 |    000005BF  C$main.c$
     000005C1  A$lcc1168 |    000005C3  A$lcc1168 |    000005C3  C$main.c$
     000005C4  A$lcc1168 |    000005C4  C$main.c$ |    000005C5  A$lcc1168
     000005C7  A$lcc1168 |    000005C8  A$lcc1168 |    000005CA  A$lcc1168
     000005CA  C$main.c$ |    000005CC  A$lcc1168 |    000005CE  A$lcc1168
     000005CE  C$main.c$ |    000005CF  A$lcc1168 |    000005CF  C$main.c$
     000005D2  A$lcc1168 |    000005D4  A$lcc1168 |    000005D5  A$lcc1168
     000005D7  A$lcc1168 |    000005D7  C$main.c$ |    000005D9  A$lcc1168
     000005DB  A$lcc1168 |    000005DB  C$main.c$ |    000005DC  A$lcc1168
     000005DC  C$main.c$ |    000005DF  A$lcc1168 |    000005E1  A$lcc1168
     000005E2  A$lcc1168 |    000005E4  A$lcc1168 |    000005E4  C$main.c$
     000005E6  A$lcc1168 |    000005E8  A$lcc1168 |    000005E8  C$main.c$
     000005E9  A$lcc1168 |    000005E9  C$main.c$ |    000005EC  A$lcc1168
     000005EE  A$lcc1168 |    000005EF  A$lcc1168 |    000005F1  A$lcc1168
     000005F1  C$main.c$ |    000005F3  A$lcc1168 |    000005F5  A$lcc1168
     000005F5  C$main.c$ |    000005F6  A$lcc1168 |    000005F6  C$main.c$
     000005F9  A$lcc1168 |    000005FB  A$lcc1168 |    000005FC  A$lcc1168
     000005FE  A$lcc1168 |    000005FE  C$main.c$ |    00000600  A$lcc1168
     00000602  A$lcc1168 |    00000602  C$main.c$ |    00000603  A$lcc1168
     00000603  C$main.c$ |    00000606  A$lcc1168 |    00000608  A$lcc1168
     00000609  A$lcc1168 |    0000060B  A$lcc1168 |    0000060B  C$main.c$
     0000060D  A$lcc1168 |    0000060F  A$lcc1168 |    0000060F  C$main.c$
     00000610  A$lcc1168 |    00000610  C$main.c$ |    00000611  A$lcc1168
     00000613  A$lcc1168 |    00000614  A$lcc1168 |    00000616  A$lcc1168
     00000616  C$main.c$ |    00000617  A$lcc1168 |    00000619  A$lcc1168
     00000619  C$main.c$ |    00000619  C$main.c$ |    00000619  XG$parall
     0000061A  A$lcc1168 |    0000061A  C$main.c$ |    0000061A  G$scroll_
     0000061A  _scroll_c |    0000061B  A$lcc1168 |    0000061B  C$main.c$
     0000061E  A$lcc1168 |    0000061F  A$lcc1168 |    00000621  A$lcc1168
     00000624  A$lcc1168 |    00000625  A$lcc1168 |    00000626  A$lcc1168
     00000629  A$lcc1168 |    0000062B  A$lcc1168 |    0000062C  A$lcc1168
     0000062D  A$lcc1168 |    00000630  A$lcc1168 |    00000630  C$main.c$
     00000633  A$lcc1168 |    00000634  A$lcc1168 |    00000635  A$lcc1168
     00000636  A$lcc1168 |    00000636  C$main.c$ |    00000637  A$lcc1168
ASxxxx Linker V03.00 + NoICE + sdld,  page 8.
Hexadecimal  [32-Bits]

Area                       Addr        Size        Decimal Bytes (Attributes)
--------------------       ----        ----        ------- ----- ------------
_CODE                  00000200    00001D44 =        7492. bytes (REL,CON)

        Value  Global            Value  Global            Value  Global    
        -----  ------            -----  ------            -----  ------    
     00000638  A$lcc1168 |    00000639  A$lcc1168 |    0000063A  A$lcc1168
     0000063B  A$lcc1168 |    0000063C  A$lcc1168 |    0000063C  C$main.c$
     0000063D  A$lcc1168 |    0000063E  A$lcc1168 |    0000063F  A$lcc1168
     00000640  A$lcc1168 |    00000641  A$lcc1168 |    00000642  A$lcc1168
     00000643  A$lcc1168 |    00000646  A$lcc1168 |    00000647  A$lcc1168
     00000647  C$main.c$ |    00000647  C$main.c$ |    00000647  C$main.c$
     00000648  A$lcc1168 |    0000064A  A$lcc1168 |    0000064A  C$main.c$
     0000064D  A$lcc1168 |    0000064E  A$lcc1168 |    0000064F  A$lcc1168
     00000650  A$lcc1168 |    00000651  A$lcc1168 |    00000654  A$lcc1168
     00000655  A$lcc1168 |    00000656  A$lcc1168 |    00000657  A$lcc1168
     0000065A  A$lcc1168 |    0000065C  A$lcc1168 |    0000065D  A$lcc1168
     00000660  A$lcc1168 |    00000661  A$lcc1168 |    00000662  A$lcc1168
     00000663  A$lcc1168 |    00000664  A$lcc1168 |    00000667  A$lcc1168
     00000668  A$lcc1168 |    00000669  A$lcc1168 |    0000066A  A$lcc1168
     0000066D  A$lcc1168 |    0000066F  A$lcc1168 |    00000671  A$lcc1168
     00000672  A$lcc1168 |    00000673  A$lcc1168 |    00000674  A$lcc1168
     00000675  A$lcc1168 |    00000677  A$lcc1168 |    00000678  A$lcc1168
     0000067B  A$lcc1168 |    0000067D  A$lcc1168 |    0000067D  C$main.c$
     0000067D  C$main.c$ |    00000680  A$lcc1168 |    00000682  A$lcc1168
     00000684  A$lcc1168 |    00000684  C$main.c$ |    00000687  A$lcc1168
     00000688  A$lcc1168 |    00000689  A$lcc1168 |    0000068A  A$lcc1168
     0000068B  A$lcc1168 |    0000068E  A$lcc1168 |    0000068F  A$lcc1168
     00000690  A$lcc1168 |    00000691  A$lcc1168 |    00000694  A$lcc1168
     00000696  A$lcc1168 |    00000697  A$lcc1168 |    0000069A  A$lcc1168
     0000069B  A$lcc1168 |    0000069C  A$lcc1168 |    0000069D  A$lcc1168
     0000069E  A$lcc1168 |    000006A1  A$lcc1168 |    000006A2  A$lcc1168
     000006A3  A$lcc1168 |    000006A4  A$lcc1168 |    000006A7  A$lcc1168
     000006A9  A$lcc1168 |    000006AB  A$lcc1168 |    000006AC  A$lcc1168
     000006AD  A$lcc1168 |    000006AE  A$lcc1168 |    000006AF  A$lcc1168
     000006B1  A$lcc1168 |    000006B2  A$lcc1168 |    000006B5  A$lcc1168
     000006B7  A$lcc1168 |    000006B7  C$main.c$ |    000006B7  C$main.c$
     000006BA  A$lcc1168 |    000006BB  A$lcc1168 |    000006BD  A$lcc1168
     000006C0  A$lcc1168 |    000006C1  A$lcc1168 |    000006C2  A$lcc1168
     000006C5  A$lcc1168 |    000006C7  A$lcc1168 |    000006C8  A$lcc1168
     000006C9  A$lcc1168 |    000006CB  A$lcc1168 |    000006CB  C$main.c$
     000006CE  A$lcc1168 |    000006CF  A$lcc1168 |    000006D0  A$lcc1168
     000006D1  A$lcc1168 |    000006D1  C$main.c$ |    000006D4  A$lcc1168
     000006D6  A$lcc1168 |    000006D8  A$lcc1168 |    000006D8  C$main.c$
     000006DB  A$lcc1168 |    000006DC  A$lcc1168 |    000006DD  A$lcc1168
     000006DE  A$lcc1168 |    000006DF  A$lcc1168 |    000006E2  A$lcc1168
     000006E3  A$lcc1168 |    000006E4  A$lcc1168 |    000006E5  A$lcc1168
     000006E8  A$lcc1168 |    000006EA  A$lcc1168 |    000006EB  A$lcc1168
     000006EE  A$lcc1168 |    000006EF  A$lcc1168 |    000006F0  A$lcc1168
     000006F1  A$lcc1168 |    000006F2  A$lcc1168 |    000006F5  A$lcc1168
     000006F6  A$lcc1168 |    000006F7  A$lcc1168 |    000006F8  A$lcc1168
     000006FB  A$lcc1168 |    000006FD  A$lcc1168 |    000006FF  A$lcc1168
     00000700  A$lcc1168 |    00000701  A$lcc1168 |    00000702  A$lcc1168
     00000703  A$lcc1168 |    00000705  A$lcc1168 |    00000706  A$lcc1168
     00000709  A$lcc1168 |    0000070B  A$lcc1168 |    0000070B  C$main.c$
     0000070B  C$main.c$ |    0000070E  A$lcc1168 |    00000710  A$lcc1168
     00000712  A$lcc1168 |    00000712  C$main.c$ |    00000715  A$lcc1168
ASxxxx Linker V03.00 + NoICE + sdld,  page 9.
Hexadecimal  [32-Bits]

Area                       Addr        Size        Decimal Bytes (Attributes)
--------------------       ----        ----        ------- ----- ------------
_CODE                  00000200    00001D44 =        7492. bytes (REL,CON)

        Value  Global            Value  Global            Value  Global    
        -----  ------            -----  ------            -----  ------    
     00000716  A$lcc1168 |    00000717  A$lcc1168 |    00000718  A$lcc1168
     00000718  C$main.c$ |    0000071B  A$lcc1168 |    0000071C  A$lcc1168
     0000071D  A$lcc1168 |    0000071E  A$lcc1168 |    0000071E  C$main.c$
     00000721  A$lcc1168 |    00000722  A$lcc1168 |    00000723  A$lcc1168
     00000724  A$lcc1168 |    00000724  C$main.c$ |    00000727  A$lcc1168
     00000728  A$lcc1168 |    00000729  A$lcc1168 |    0000072A  A$lcc1168
     0000072A  C$main.c$ |    0000072D  A$lcc1168 |    0000072F  A$lcc1168
     00000731  A$lcc1168 |    00000731  C$main.c$ |    00000734  A$lcc1168
     00000735  A$lcc1168 |    00000736  A$lcc1168 |    00000737  A$lcc1168
     00000738  A$lcc1168 |    00000739  A$lcc1168 |    0000073A  A$lcc1168
     0000073B  A$lcc1168 |    0000073C  A$lcc1168 |    0000073D  A$lcc1168
     0000073E  A$lcc1168 |    0000073F  A$lcc1168 |    00000740  A$lcc1168
     00000743  A$lcc1168 |    00000744  A$lcc1168 |    00000745  A$lcc1168
     00000748  A$lcc1168 |    00000749  A$lcc1168 |    0000074A  A$lcc1168
     0000074B  A$lcc1168 |    0000074C  A$lcc1168 |    0000074F  A$lcc1168
     00000750  A$lcc1168 |    00000751  A$lcc1168 |    00000752  A$lcc1168
     00000755  A$lcc1168 |    00000757  A$lcc1168 |    00000758  A$lcc1168
     00000759  A$lcc1168 |    0000075A  A$lcc1168 |    0000075B  A$lcc1168
     0000075C  A$lcc1168 |    0000075D  A$lcc1168 |    0000075E  A$lcc1168
     0000075F  A$lcc1168 |    00000762  A$lcc1168 |    00000764  A$lcc1168
     00000764  C$main.c$ |    00000764  C$main.c$ |    00000767  A$lcc1168
     00000768  A$lcc1168 |    0000076A  A$lcc1168 |    0000076D  A$lcc1168
     0000076E  A$lcc1168 |    0000076F  A$lcc1168 |    00000772  A$lcc1168
     00000774  A$lcc1168 |    00000775  A$lcc1168 |    00000776  A$lcc1168
     00000778  A$lcc1168 |    00000778  C$main.c$ |    0000077B  A$lcc1168
     0000077C  A$lcc1168 |    0000077D  A$lcc1168 |    0000077E  A$lcc1168
     0000077E  C$main.c$ |    00000781  A$lcc1168 |    00000782  A$lcc1168
     00000783  A$lcc1168 |    00000784  A$lcc1168 |    00000784  C$main.c$
     00000787  A$lcc1168 |    00000788  A$lcc1168 |    00000789  A$lcc1168
     00000789  C$main.c$ |    00000789  XG$scroll |    0000078A  A$lcc1168
     0000078A  C$main.c$ |    0000078A  G$drain_t |    0000078A  _drain_ti
     0000078B  A$lcc1168 |    0000078B  C$main.c$ |    0000078E  A$lcc1168
     0000078F  A$lcc1168 |    00000791  A$lcc1168 |    00000793  A$lcc1168
     00000794  A$lcc1168 |    00000795  A$lcc1168 |    00000796  A$lcc1168
     00000798  A$lcc1168 |    00000799  A$lcc1168 |    0000079C  A$lcc1168
     0000079E  A$lcc1168 |    0000079F  A$lcc1168 |    000007A1  A$lcc1168
     000007A1  C$main.c$ |    000007A4  A$lcc1168 |    000007A5  A$lcc1168
     000007A7  A$lcc1168 |    000007A8  A$lcc1168 |    000007AA  A$lcc1168
     000007AC  A$lcc1168 |    000007AD  A$lcc1168 |    000007AD  C$main.c$
     000007AE  A$lcc1168 |    000007AF  A$lcc1168 |    000007B1  A$lcc1168
     000007B3  A$lcc1168 |    000007B6  A$lcc1168 |    000007B7  A$lcc1168
     000007B9  A$lcc1168 |    000007BB  A$lcc1168 |    000007BD  A$lcc1168
     000007BF  A$lcc1168 |    000007C1  A$lcc1168 |    000007C3  A$lcc1168
     000007C4  A$lcc1168 |    000007C4  C$main.c$ |    000007C6  A$lcc1168
     000007C7  A$lcc1168 |    000007C9  A$lcc1168 |    000007CA  A$lcc1168
     000007CB  A$lcc1168 |    000007CC  A$lcc1168 |    000007CD  A$lcc1168
     000007D0  A$lcc1168 |    000007D1  A$lcc1168 |    000007D2  A$lcc1168
     000007D2  C$main.c$ |    000007D4  A$lcc1168 |    000007D5  A$lcc1168
     000007D7  A$lcc1168 |    000007DA  A$lcc1168 |    000007DB  A$lcc1168
     000007DD  A$lcc1168 |    000007DE  A$lcc1168 |    000007DF  A$lcc1168
     000007E1  A$lcc1168 |    000007E2  A$lcc1168 |    000007E3  A$lcc1168
ASxxxx Linker V03.00 + NoICE + sdld,  page 10.
Hexadecimal  [32-Bits]

Area                       Addr        Size        Decimal Bytes (Attributes)
--------------------       ----        ----        ------- ----- ------------
_CODE                  00000200    00001D44 =        7492. bytes (REL,CON)

        Value  Global            Value  Global            Value  Global    
        -----  ------            -----  ------            -----  ------    
     000007E5  A$lcc1168 |    000007E5  C$main.c$ |    000007E7  A$lcc1168
     000007E8  A$lcc1168 |    000007EA  A$lcc1168 |    000007EB  A$lcc1168
     000007ED  A$lcc1168 |    000007EE  A$lcc1168 |    000007EF  A$lcc1168
     000007F0  A$lcc1168 |    000007F3  A$lcc1168 |    000007F5  A$lcc1168
     000007F5  C$main.c$ |    000007F8  A$lcc1168 |    000007F9  A$lcc1168
     000007F9  C$main.c$ |    000007FC  A$lcc1168 |    000007FD  A$lcc1168
     000007FF  A$lcc1168 |    00000800  A$lcc1168 |    00000801  A$lcc1168
     00000803  A$lcc1168 |    00000804  A$lcc1168 |    00000804  C$main.c$
     00000807  A$lcc1168 |    00000807  C$main.c$ |    0000080A  A$lcc1168
     0000080B  A$lcc1168 |    0000080D  A$lcc1168 |    0000080E  A$lcc1168
     0000080F  A$lcc1168 |    0000080F  C$main.c$ |    00000812  A$lcc1168
     00000814  A$lcc1168 |    00000816  A$lcc1168 |    00000816  C$main.c$
     00000819  A$lcc1168 |    00000819  C$main.c$ |    0000081C  A$lcc1168
     0000081C  C$main.c$ |    0000081F  A$lcc1168 |    00000821  A$lcc1168
     00000822  A$lcc1168 |    00000822  C$main.c$ |    00000822  XG$drain_
     00000823  A$lcc1168 |    00000823  C$main.c$ |    00000823  G$win_che
     00000823  _win_chec |    00000825  A$lcc1168 |    00000825  C$main.c$
     00000827  A$lcc1168 |    00000828  A$lcc1168 |    0000082A  A$lcc1168
     0000082B  A$lcc1168 |    0000082C  A$lcc1168 |    0000082D  A$lcc1168
     0000082E  A$lcc1168 |    0000082F  A$lcc1168 |    00000830  A$lcc1168
     00000833  A$lcc1168 |    00000834  A$lcc1168 |    00000835  A$lcc1168
     00000836  A$lcc1168 |    00000838  A$lcc1168 |    00000839  A$lcc1168
     0000083A  A$lcc1168 |    0000083B  A$lcc1168 |    0000083D  A$lcc1168
     0000083E  A$lcc1168 |    0000083F  A$lcc1168 |    00000840  A$lcc1168
     00000841  A$lcc1168 |    00000843  A$lcc1168 |    00000845  A$lcc1168
     00000846  A$lcc1168 |    00000847  A$lcc1168 |    00000848  A$lcc1168
     00000849  A$lcc1168 |    0000084A  A$lcc1168 |    0000084B  A$lcc1168
     0000084E  A$lcc1168 |    0000084F  A$lcc1168 |    00000850  A$lcc1168
     00000851  A$lcc1168 |    00000852  A$lcc1168 |    00000853  A$lcc1168
     00000854  A$lcc1168 |    00000856  A$lcc1168 |    00000858  A$lcc1168
     00000859  A$lcc1168 |    0000085B  A$lcc1168 |    0000085C  A$lcc1168
     0000085E  A$lcc1168 |    0000085F  A$lcc1168 |    00000861  A$lcc1168
     00000862  A$lcc1168 |    00000864  A$lcc1168 |    00000865  A$lcc1168
     00000867  A$lcc1168 |    00000867  C$main.c$ |    00000869  A$lcc1168
     0000086A  A$lcc1168 |    0000086C  A$lcc1168 |    0000086D  A$lcc1168
     0000086E  A$lcc1168 |    0000086F  A$lcc1168 |    00000870  A$lcc1168
     00000871  A$lcc1168 |    00000872  A$lcc1168 |    00000875  A$lcc1168
     00000876  A$lcc1168 |    00000877  A$lcc1168 |    00000878  A$lcc1168
     0000087A  A$lcc1168 |    0000087B  A$lcc1168 |    0000087C  A$lcc1168
     0000087D  A$lcc1168 |    0000087F  A$lcc1168 |    00000880  A$lcc1168
     00000881  A$lcc1168 |    00000882  A$lcc1168 |    00000883  A$lcc1168
     00000885  A$lcc1168 |    00000887  A$lcc1168 |    00000889  A$lcc1168
     0000088A  A$lcc1168 |    0000088B  A$lcc1168 |    0000088C  A$lcc1168
     0000088F  A$lcc1168 |    00000890  A$lcc1168 |    00000891  A$lcc1168
     00000892  A$lcc1168 |    00000894  A$lcc1168 |    00000896  A$lcc1168
     00000898  A$lcc1168 |    0000089A  A$lcc1168 |    0000089C  A$lcc1168
     0000089E  A$lcc1168 |    0000089E  C$main.c$ |    000008A0  A$lcc1168
     000008A1  A$lcc1168 |    000008A2  A$lcc1168 |    000008A3  A$lcc1168
     000008A6  A$lcc1168 |    000008A7  A$lcc1168 |    000008A8  A$lcc1168
     000008A9  A$lcc1168 |    000008AB  A$lcc1168 |    000008AC  A$lcc1168
     000008AD  A$lcc1168 |    000008AE  A$lcc1168 |    000008B0  A$lcc1168
ASxxxx Linker V03.00 + NoICE + sdld,  page 11.
Hexadecimal  [32-Bits]

Area                       Addr        Size        Decimal Bytes (Attributes)
--------------------       ----        ----        ------- ----- ------------
_CODE                  00000200    00001D44 =        7492. bytes (REL,CON)

        Value  Global            Value  Global            Value  Global    
        -----  ------            -----  ------            -----  ------    
     000008B1  A$lcc1168 |    000008B2  A$lcc1168 |    000008B3  A$lcc1168
     000008B4  A$lcc1168 |    000008B5  A$lcc1168 |    000008B6  A$lcc1168
     000008B7  A$lcc1168 |    000008B8  A$lcc1168 |    000008BA  A$lcc1168
     000008BC  A$lcc1168 |    000008BD  A$lcc1168 |    000008BE  A$lcc1168
     000008BF  A$lcc1168 |    000008C0  A$lcc1168 |    000008C1  A$lcc1168
     000008C2  A$lcc1168 |    000008C5  A$lcc1168 |    000008C6  A$lcc1168
     000008C7  A$lcc1168 |    000008C8  A$lcc1168 |    000008CA  A$lcc1168
     000008CB  A$lcc1168 |    000008CC  A$lcc1168 |    000008CD  A$lcc1168
     000008CF  A$lcc1168 |    000008D0  A$lcc1168 |    000008D2  A$lcc1168
     000008D3  A$lcc1168 |    000008D4  A$lcc1168 |    000008D5  A$lcc1168
     000008D7  A$lcc1168 |    000008D9  A$lcc1168 |    000008DB  A$lcc1168
     000008DD  A$lcc1168 |    000008DF  A$lcc1168 |    000008E1  A$lcc1168
     000008E1  C$main.c$ |    000008E3  A$lcc1168 |    000008E4  A$lcc1168
     000008E6  A$lcc1168 |    000008E7  A$lcc1168 |    000008E9  A$lcc1168
     000008EA  A$lcc1168 |    000008EC  A$lcc1168 |    000008ED  A$lcc1168
     000008EF  A$lcc1168 |    000008F1  A$lcc1168 |    000008F3  A$lcc1168
     000008F4  A$lcc1168 |    000008F6  A$lcc1168 |    000008F7  A$lcc1168
     000008F9  A$lcc1168 |    000008FA  A$lcc1168 |    000008FB  A$lcc1168
     000008FC  A$lcc1168 |    000008FD  A$lcc1168 |    000008FE  A$lcc1168
     000008FF  A$lcc1168 |    000008FF  C$main.c$ |    00000901  A$lcc1168
     00000902  A$lcc1168 |    00000903  A$lcc1168 |    00000904  A$lcc1168
     00000905  A$lcc1168 |    00000906  A$lcc1168 |    00000907  A$lcc1168
     00000907  C$main.c$ |    0000090A  A$lcc1168 |    0000090B  A$lcc1168
     0000090C  A$lcc1168 |    0000090F  A$lcc1168 |    00000910  A$lcc1168
     00000911  A$lcc1168 |    00000912  A$lcc1168 |    00000914  A$lcc1168
     00000915  A$lcc1168 |    00000916  A$lcc1168 |    00000918  A$lcc1168
     00000918  C$main.c$ |    0000091B  A$lcc1168 |    0000091C  A$lcc1168
     0000091F  A$lcc1168 |    00000920  A$lcc1168 |    00000923  A$lcc1168
     00000924  A$lcc1168 |    00000927  A$lcc1168 |    00000929  A$lcc1168
     00000929  C$main.c$ |    0000092C  A$lcc1168 |    0000092C  C$main.c$
     0000092F  A$lcc1168 |    00000932  A$lcc1168 |    00000932  C$main.c$
     00000933  A$lcc1168 |    00000935  A$lcc1168 |    00000937  A$lcc1168
     00000938  A$lcc1168 |    0000093A  A$lcc1168 |    0000093C  A$lcc1168
     0000093C  C$main.c$ |    0000093F  A$lcc1168 |    00000940  A$lcc1168
     00000943  A$lcc1168 |    00000944  A$lcc1168 |    00000947  A$lcc1168
     00000948  A$lcc1168 |    0000094B  A$lcc1168 |    0000094D  A$lcc1168
     0000094D  C$main.c$ |    00000950  A$lcc1168 |    00000952  A$lcc1168
     00000952  C$main.c$ |    00000953  A$lcc1168 |    00000955  A$lcc1168
     00000957  A$lcc1168 |    00000958  A$lcc1168 |    0000095A  A$lcc1168
     0000095C  A$lcc1168 |    0000095C  C$main.c$ |    0000095F  A$lcc1168
     00000960  A$lcc1168 |    00000963  A$lcc1168 |    00000964  A$lcc1168
     00000967  A$lcc1168 |    00000968  A$lcc1168 |    0000096B  A$lcc1168
     0000096D  A$lcc1168 |    0000096D  C$main.c$ |    00000970  A$lcc1168
     00000972  A$lcc1168 |    00000972  C$main.c$ |    00000973  A$lcc1168
     00000975  A$lcc1168 |    00000977  A$lcc1168 |    00000978  A$lcc1168
     0000097A  A$lcc1168 |    0000097C  A$lcc1168 |    0000097C  C$main.c$
     0000097F  A$lcc1168 |    00000980  A$lcc1168 |    00000983  A$lcc1168
     00000984  A$lcc1168 |    00000987  A$lcc1168 |    00000988  A$lcc1168
     0000098B  A$lcc1168 |    0000098D  A$lcc1168 |    0000098D  C$main.c$
     00000990  A$lcc1168 |    00000992  A$lcc1168 |    00000992  C$main.c$
     00000993  A$lcc1168 |    00000995  A$lcc1168 |    00000997  A$lcc1168
ASxxxx Linker V03.00 + NoICE + sdld,  page 12.
Hexadecimal  [32-Bits]

Area                       Addr        Size        Decimal Bytes (Attributes)
--------------------       ----        ----        ------- ----- ------------
_CODE                  00000200    00001D44 =        7492. bytes (REL,CON)

        Value  Global            Value  Global            Value  Global    
        -----  ------            -----  ------            -----  ------    
     00000998  A$lcc1168 |    0000099A  A$lcc1168 |    0000099C  A$lcc1168
     0000099C  C$main.c$ |    0000099F  A$lcc1168 |    000009A0  A$lcc1168
     000009A3  A$lcc1168 |    000009A4  A$lcc1168 |    000009A7  A$lcc1168
     000009A8  A$lcc1168 |    000009AB  A$lcc1168 |    000009AD  A$lcc1168
     000009AD  C$main.c$ |    000009B0  A$lcc1168 |    000009B2  A$lcc1168
     000009B2  C$main.c$ |    000009B5  A$lcc1168 |    000009B5  C$main.c$
     000009B8  A$lcc1168 |    000009BA  A$lcc1168 |    000009BC  A$lcc1168
     000009BC  C$main.c$ |    000009BC  XG$win_ch |    000009BD  A$lcc1168
     000009BD  C$main.c$ |    000009BD  G$collide |    000009BD  _collide_
     000009BF  A$lcc1168 |    000009BF  C$main.c$ |    000009C2  A$lcc1168
     000009C3  A$lcc1168 |    000009C4  A$lcc1168 |    000009C5  A$lcc1168
     000009C6  A$lcc1168 |    000009C8  A$lcc1168 |    000009C9  A$lcc1168
     000009CA  A$lcc1168 |    000009CB  A$lcc1168 |    000009CC  A$lcc1168
     000009CE  A$lcc1168 |    000009D0  A$lcc1168 |    000009D0  C$main.c$
     000009D2  A$lcc1168 |    000009D4  A$lcc1168 |    000009D4  C$main.c$
     000009D6  A$lcc1168 |    000009D8  A$lcc1168 |    000009DA  A$lcc1168
     000009DA  C$main.c$ |    000009DC  A$lcc1168 |    000009DE  A$lcc1168
     000009DE  C$main.c$ |    000009E0  A$lcc1168 |    000009E2  A$lcc1168
     000009E2  C$main.c$ |    000009E4  A$lcc1168 |    000009E5  A$lcc1168
     000009E7  A$lcc1168 |    000009E8  A$lcc1168 |    000009E9  A$lcc1168
     000009EA  A$lcc1168 |    000009EB  A$lcc1168 |    000009EC  A$lcc1168
     000009ED  A$lcc1168 |    000009F0  A$lcc1168 |    000009F1  A$lcc1168
     000009F2  A$lcc1168 |    000009F3  A$lcc1168 |    000009F5  A$lcc1168
     000009F6  A$lcc1168 |    000009F7  A$lcc1168 |    000009F8  A$lcc1168
     000009FA  A$lcc1168 |    000009FB  A$lcc1168 |    000009FC  A$lcc1168
     000009FD  A$lcc1168 |    000009FE  A$lcc1168 |    00000A00  A$lcc1168
     00000A02  A$lcc1168 |    00000A03  A$lcc1168 |    00000A04  A$lcc1168
     00000A05  A$lcc1168 |    00000A06  A$lcc1168 |    00000A07  A$lcc1168
     00000A08  A$lcc1168 |    00000A0B  A$lcc1168 |    00000A0C  A$lcc1168
     00000A0D  A$lcc1168 |    00000A0E  A$lcc1168 |    00000A10  A$lcc1168
     00000A12  A$lcc1168 |    00000A14  A$lcc1168 |    00000A16  A$lcc1168
     00000A18  A$lcc1168 |    00000A1A  A$lcc1168 |    00000A1A  C$main.c$
     00000A1D  A$lcc1168 |    00000A1E  A$lcc1168 |    00000A1F  A$lcc1168
     00000A20  A$lcc1168 |    00000A21  A$lcc1168 |    00000A22  A$lcc1168
     00000A23  A$lcc1168 |    00000A24  A$lcc1168 |    00000A25  A$lcc1168
     00000A25  C$main.c$ |    00000A26  A$lcc1168 |    00000A28  A$lcc1168
     00000A29  A$lcc1168 |    00000A2A  A$lcc1168 |    00000A2C  A$lcc1168
     00000A2F  A$lcc1168 |    00000A31  A$lcc1168 |    00000A32  A$lcc1168
     00000A32  C$main.c$ |    00000A34  A$lcc1168 |    00000A35  A$lcc1168
     00000A37  A$lcc1168 |    00000A38  A$lcc1168 |    00000A3A  A$lcc1168
     00000A3C  A$lcc1168 |    00000A3D  A$lcc1168 |    00000A3F  A$lcc1168
     00000A41  A$lcc1168 |    00000A42  A$lcc1168 |    00000A43  A$lcc1168
     00000A44  A$lcc1168 |    00000A45  A$lcc1168 |    00000A46  A$lcc1168
     00000A47  A$lcc1168 |    00000A49  A$lcc1168 |    00000A4A  A$lcc1168
     00000A4C  A$lcc1168 |    00000A4D  A$lcc1168 |    00000A4E  A$lcc1168
     00000A4F  A$lcc1168 |    00000A50  A$lcc1168 |    00000A51  A$lcc1168
     00000A52  A$lcc1168 |    00000A53  A$lcc1168 |    00000A54  A$lcc1168
     00000A55  A$lcc1168 |    00000A56  A$lcc1168 |    00000A58  A$lcc1168
     00000A59  A$lcc1168 |    00000A5B  A$lcc1168 |    00000A5C  A$lcc1168
     00000A5E  A$lcc1168 |    00000A5F  A$lcc1168 |    00000A61  A$lcc1168
     00000A62  A$lcc1168 |    00000A64  A$lcc1168 |    00000A66  A$lcc1168
ASxxxx Linker V03.00 + NoICE + sdld,  page 13.
Hexadecimal  [32-Bits]

Area                       Addr        Size        Decimal Bytes (Attributes)
--------------------       ----        ----        ------- ----- ------------
_CODE                  00000200    00001D44 =        7492. bytes (REL,CON)

        Value  Global            Value  Global            Value  Global    
        -----  ------            -----  ------            -----  ------    
     00000A68  A$lcc1168 |    00000A69  A$lcc1168 |    00000A6A  A$lcc1168
     00000A6D  A$lcc1168 |    00000A6E  A$lcc1168 |    00000A6F  A$lcc1168
     00000A70  A$lcc1168 |    00000A72  A$lcc1168 |    00000A73  A$lcc1168
     00000A74  A$lcc1168 |    00000A75  A$lcc1168 |    00000A77  A$lcc1168
     00000A78  A$lcc1168 |    00000A7A  A$lcc1168 |    00000A7C  A$lcc1168
     00000A7D  A$lcc1168 |    00000A7F  A$lcc1168 |    00000A80  A$lcc1168
     00000A82  A$lcc1168 |    00000A83  A$lcc1168 |    00000A85  A$lcc1168
     00000A86  A$lcc1168 |    00000A88  A$lcc1168 |    00000A89  A$lcc1168
     00000A8B  A$lcc1168 |    00000A8B  C$main.c$ |    00000A8D  A$lcc1168
     00000A8E  A$lcc1168 |    00000A8F  A$lcc1168 |    00000A91  A$lcc1168
     00000A92  A$lcc1168 |    00000A93  A$lcc1168 |    00000A94  A$lcc1168
     00000A95  A$lcc1168 |    00000A96  A$lcc1168 |    00000A97  A$lcc1168
     00000A99  A$lcc1168 |    00000A9A  A$lcc1168 |    00000A9B  A$lcc1168
     00000A9C  A$lcc1168 |    00000A9D  A$lcc1168 |    00000A9E  A$lcc1168
     00000A9F  A$lcc1168 |    00000AA1  A$lcc1168 |    00000AA2  A$lcc1168
     00000AA3  A$lcc1168 |    00000AA4  A$lcc1168 |    00000AA6  A$lcc1168
     00000AA7  A$lcc1168 |    00000AA8  A$lcc1168 |    00000AA9  A$lcc1168
     00000AAA  A$lcc1168 |    00000AAB  A$lcc1168 |    00000AAC  A$lcc1168
     00000AAD  A$lcc1168 |    00000AAE  A$lcc1168 |    00000AB0  A$lcc1168
     00000AB2  A$lcc1168 |    00000AB3  A$lcc1168 |    00000AB4  A$lcc1168
     00000AB5  A$lcc1168 |    00000AB6  A$lcc1168 |    00000AB9  A$lcc1168
     00000ABA  A$lcc1168 |    00000ABB  A$lcc1168 |    00000ABC  A$lcc1168
     00000ABE  A$lcc1168 |    00000ABF  A$lcc1168 |    00000AC0  A$lcc1168
     00000AC1  A$lcc1168 |    00000AC3  A$lcc1168 |    00000AC4  A$lcc1168
     00000AC6  A$lcc1168 |    00000AC7  A$lcc1168 |    00000AC8  A$lcc1168
     00000AC8  C$main.c$ |    00000AC9  A$lcc1168 |    00000ACA  A$lcc1168
     00000ACC  A$lcc1168 |    00000ACE  A$lcc1168 |    00000AD0  A$lcc1168
     00000AD2  A$lcc1168 |    00000AD4  A$lcc1168 |    00000AD6  A$lcc1168
     00000AD7  A$lcc1168 |    00000AD8  A$lcc1168 |    00000ADA  A$lcc1168
     00000ADB  A$lcc1168 |    00000ADC  A$lcc1168 |    00000ADD  A$lcc1168
     00000ADE  A$lcc1168 |    00000ADF  A$lcc1168 |    00000AE2  A$lcc1168
     00000AE3  A$lcc1168 |    00000AE4  A$lcc1168 |    00000AE5  A$lcc1168
     00000AE7  A$lcc1168 |    00000AE8  A$lcc1168 |    00000AEA  A$lcc1168
     00000AEA  C$main.c$ |    00000AEB  A$lcc1168 |    00000AED  A$lcc1168
     00000AEE  A$lcc1168 |    00000AEF  A$lcc1168 |    00000AF0  A$lcc1168
     00000AF1  A$lcc1168 |    00000AF4  A$lcc1168 |    00000AF5  A$lcc1168
     00000AF7  A$lcc1168 |    00000AF8  A$lcc1168 |    00000AF9  A$lcc1168
     00000AFB  A$lcc1168 |    00000AFB  C$main.c$ |    00000AFE  A$lcc1168
     00000AFF  A$lcc1168 |    00000B00  A$lcc1168 |    00000B01  A$lcc1168
     00000B02  A$lcc1168 |    00000B04  A$lcc1168 |    00000B05  A$lcc1168
     00000B06  A$lcc1168 |    00000B07  A$lcc1168 |    00000B08  A$lcc1168
     00000B0A  A$lcc1168 |    00000B0C  A$lcc1168 |    00000B0C  C$main.c$
     00000B0E  A$lcc1168 |    00000B0F  A$lcc1168 |    00000B11  A$lcc1168
     00000B12  A$lcc1168 |    00000B14  A$lcc1168 |    00000B16  A$lcc1168
     00000B17  A$lcc1168 |    00000B19  A$lcc1168 |    00000B1A  A$lcc1168
     00000B1B  A$lcc1168 |    00000B1D  A$lcc1168 |    00000B1E  A$lcc1168
     00000B20  A$lcc1168 |    00000B22  A$lcc1168 |    00000B23  A$lcc1168
     00000B25  A$lcc1168 |    00000B26  A$lcc1168 |    00000B28  A$lcc1168
     00000B2B  A$lcc1168 |    00000B2C  A$lcc1168 |    00000B2E  A$lcc1168
     00000B2F  A$lcc1168 |    00000B30  A$lcc1168 |    00000B32  A$lcc1168
     00000B33  A$lcc1168 |    00000B36  A$lcc1168 |    00000B36  C$main.c$
ASxxxx Linker V03.00 + NoICE + sdld,  page 14.
Hexadecimal  [32-Bits]

Area                       Addr        Size        Decimal Bytes (Attributes)
--------------------       ----        ----        ------- ----- ------------
_CODE                  00000200    00001D44 =        7492. bytes (REL,CON)

        Value  Global            Value  Global            Value  Global    
        -----  ------            -----  ------            -----  ------    
     00000B39  A$lcc1168 |    00000B3C  A$lcc1168 |    00000B3C  C$main.c$
     00000B3C  C$main.c$ |    00000B3D  A$lcc1168 |    00000B3F  A$lcc1168
     00000B40  A$lcc1168 |    00000B42  A$lcc1168 |    00000B43  A$lcc1168
     00000B45  A$lcc1168 |    00000B46  A$lcc1168 |    00000B48  A$lcc1168
     00000B48  C$main.c$ |    00000B4A  A$lcc1168 |    00000B4B  A$lcc1168
     00000B4D  A$lcc1168 |    00000B4E  A$lcc1168 |    00000B50  A$lcc1168
     00000B52  A$lcc1168 |    00000B53  A$lcc1168 |    00000B54  A$lcc1168
     00000B56  A$lcc1168 |    00000B58  A$lcc1168 |    00000B59  A$lcc1168
     00000B5B  A$lcc1168 |    00000B5C  A$lcc1168 |    00000B5D  A$lcc1168
     00000B5F  A$lcc1168 |    00000B60  A$lcc1168 |    00000B62  A$lcc1168
     00000B64  A$lcc1168 |    00000B66  A$lcc1168 |    00000B68  A$lcc1168
     00000B6A  A$lcc1168 |    00000B6B  A$lcc1168 |    00000B6C  A$lcc1168
     00000B6E  A$lcc1168 |    00000B6F  A$lcc1168 |    00000B71  A$lcc1168
     00000B71  C$main.c$ |    00000B74  A$lcc1168 |    00000B76  A$lcc1168
     00000B79  A$lcc1168 |    00000B79  C$main.c$ |    00000B7C  A$lcc1168
     00000B7D  A$lcc1168 |    00000B80  A$lcc1168 |    00000B80  C$main.c$
     00000B83  A$lcc1168 |    00000B86  A$lcc1168 |    00000B86  C$main.c$
     00000B88  A$lcc1168 |    00000B89  A$lcc1168 |    00000B8B  A$lcc1168
     00000B8C  A$lcc1168 |    00000B8E  A$lcc1168 |    00000B90  A$lcc1168
     00000B91  A$lcc1168 |    00000B92  A$lcc1168 |    00000B94  A$lcc1168
     00000B95  A$lcc1168 |    00000B96  A$lcc1168 |    00000B98  A$lcc1168
     00000B99  A$lcc1168 |    00000B9B  A$lcc1168 |    00000B9C  A$lcc1168
     00000B9E  A$lcc1168 |    00000B9F  A$lcc1168 |    00000BA0  A$lcc1168
     00000BA2  A$lcc1168 |    00000BA3  A$lcc1168 |    00000BA4  A$lcc1168
     00000BA6  A$lcc1168 |    00000BA7  A$lcc1168 |    00000BA9  A$lcc1168
     00000BAA  A$lcc1168 |    00000BAB  A$lcc1168 |    00000BAB  C$main.c$
     00000BAC  A$lcc1168 |    00000BAE  A$lcc1168 |    00000BAF  A$lcc1168
     00000BB1  A$lcc1168 |    00000BB1  C$main.c$ |    00000BB3  A$lcc1168
     00000BB5  A$lcc1168 |    00000BB7  A$lcc1168 |    00000BB9  A$lcc1168
     00000BBB  A$lcc1168 |    00000BBD  A$lcc1168 |    00000BBF  A$lcc1168
     00000BC1  A$lcc1168 |    00000BC3  A$lcc1168 |    00000BC3  C$main.c$
     00000BC6  A$lcc1168 |    00000BC8  A$lcc1168 |    00000BCA  A$lcc1168
     00000BCA  C$main.c$ |    00000BCD  A$lcc1168 |    00000BCE  A$lcc1168
     00000BD0  A$lcc1168 |    00000BD0  C$main.c$ |    00000BD3  A$lcc1168
     00000BD5  A$lcc1168 |    00000BD5  C$main.c$ |    00000BD6  A$lcc1168
     00000BD8  A$lcc1168 |    00000BD9  A$lcc1168 |    00000BDB  A$lcc1168
     00000BDB  C$main.c$ |    00000BDD  A$lcc1168 |    00000BDF  A$lcc1168
     00000BE1  A$lcc1168 |    00000BE3  A$lcc1168 |    00000BE5  A$lcc1168
     00000BE7  A$lcc1168 |    00000BE9  A$lcc1168 |    00000BEB  A$lcc1168
     00000BED  A$lcc1168 |    00000BED  C$main.c$ |    00000BF0  A$lcc1168
     00000BF2  A$lcc1168 |    00000BF4  A$lcc1168 |    00000BF4  C$main.c$
     00000BF7  A$lcc1168 |    00000BF8  A$lcc1168 |    00000BFA  A$lcc1168
     00000BFA  C$main.c$ |    00000BFD  A$lcc1168 |    00000BFF  A$lcc1168
     00000BFF  C$main.c$ |    00000C00  A$lcc1168 |    00000C02  A$lcc1168
     00000C03  A$lcc1168 |    00000C05  A$lcc1168 |    00000C05  C$main.c$
     00000C07  A$lcc1168 |    00000C09  A$lcc1168 |    00000C0B  A$lcc1168
     00000C0D  A$lcc1168 |    00000C0F  A$lcc1168 |    00000C11  A$lcc1168
     00000C13  A$lcc1168 |    00000C15  A$lcc1168 |    00000C17  A$lcc1168
     00000C17  C$main.c$ |    00000C1A  A$lcc1168 |    00000C1C  A$lcc1168
     00000C1E  A$lcc1168 |    00000C1E  C$main.c$ |    00000C21  A$lcc1168
     00000C22  A$lcc1168 |    00000C24  A$lcc1168 |    00000C24  C$main.c$
ASxxxx Linker V03.00 + NoICE + sdld,  page 15.
Hexadecimal  [32-Bits]

Area                       Addr        Size        Decimal Bytes (Attributes)
--------------------       ----        ----        ------- ----- ------------
_CODE                  00000200    00001D44 =        7492. bytes (REL,CON)

        Value  Global            Value  Global            Value  Global    
        -----  ------            -----  ------            -----  ------    
     00000C27  A$lcc1168 |    00000C29  A$lcc1168 |    00000C29  C$main.c$
     00000C2A  A$lcc1168 |    00000C2C  A$lcc1168 |    00000C2D  A$lcc1168
     00000C2F  A$lcc1168 |    00000C2F  C$main.c$ |    00000C32  A$lcc1168
     00000C33  A$lcc1168 |    00000C34  A$lcc1168 |    00000C35  A$lcc1168
     00000C36  A$lcc1168 |    00000C37  A$lcc1168 |    00000C3A  A$lcc1168
     00000C3B  A$lcc1168 |    00000C3D  A$lcc1168 |    00000C3D  C$main.c$
     00000C3D  XG$collid |    00000C3E  A$lcc1168 |    00000C3E  C$main.c$
     00000C3E  C$main.c$ |    00000C3E  G$animate |    00000C3E  _animate_
     00000C41  A$lcc1168 |    00000C42  A$lcc1168 |    00000C42  C$main.c$
     00000C45  A$lcc1168 |    00000C46  A$lcc1168 |    00000C46  C$main.c$
     00000C48  A$lcc1168 |    00000C48  C$main.c$ |    00000C4B  A$lcc1168
     00000C4D  A$lcc1168 |    00000C4F  A$lcc1168 |    00000C4F  C$main.c$
     00000C52  A$lcc1168 |    00000C55  A$lcc1168 |    00000C56  A$lcc1168
     00000C57  A$lcc1168 |    00000C58  A$lcc1168 |    00000C5A  A$lcc1168
     00000C5B  A$lcc1168 |    00000C5D  A$lcc1168 |    00000C5E  A$lcc1168
     00000C5F  A$lcc1168 |    00000C5F  C$main.c$ |    00000C61  A$lcc1168
     00000C62  A$lcc1168 |    00000C64  A$lcc1168 |    00000C66  A$lcc1168
     00000C66  C$main.c$ |    00000C68  A$lcc1168 |    00000C69  A$lcc1168
     00000C6A  A$lcc1168 |    00000C6B  A$lcc1168 |    00000C6C  A$lcc1168
     00000C6F  A$lcc1168 |    00000C70  A$lcc1168 |    00000C71  A$lcc1168
     00000C72  A$lcc1168 |    00000C72  C$main.c$ |    00000C73  A$lcc1168
     00000C75  A$lcc1168 |    00000C76  A$lcc1168 |    00000C77  A$lcc1168
     00000C78  A$lcc1168 |    00000C79  A$lcc1168 |    00000C7C  A$lcc1168
     00000C7D  A$lcc1168 |    00000C7E  A$lcc1168 |    00000C7E  C$main.c$
     00000C7F  A$lcc1168 |    00000C81  A$lcc1168 |    00000C83  A$lcc1168
     00000C85  A$lcc1168 |    00000C86  A$lcc1168 |    00000C88  A$lcc1168
     00000C88  C$main.c$ |    00000C89  A$lcc1168 |    00000C8A  A$lcc1168
     00000C8C  A$lcc1168 |    00000C8D  A$lcc1168 |    00000C8E  A$lcc1168
     00000C8F  A$lcc1168 |    00000C92  A$lcc1168 |    00000C94  A$lcc1168
     00000C95  A$lcc1168 |    00000C95  C$main.c$ |    00000C96  A$lcc1168
     00000C98  A$lcc1168 |    00000C9A  A$lcc1168 |    00000C9C  A$lcc1168
     00000C9D  A$lcc1168 |    00000C9F  A$lcc1168 |    00000C9F  C$main.c$
     00000CA0  A$lcc1168 |    00000CA2  A$lcc1168 |    00000CA3  A$lcc1168
     00000CA4  A$lcc1168 |    00000CA5  A$lcc1168 |    00000CA8  A$lcc1168
     00000CAA  A$lcc1168 |    00000CAA  C$main.c$ |    00000CAB  A$lcc1168
     00000CAD  A$lcc1168 |    00000CAD  C$main.c$ |    00000CB0  A$lcc1168
     00000CB2  A$lcc1168 |    00000CB4  A$lcc1168 |    00000CB7  A$lcc1168
     00000CB8  A$lcc1168 |    00000CB9  A$lcc1168 |    00000CBB  A$lcc1168
     00000CBB  C$main.c$ |    00000CBD  A$lcc1168 |    00000CBD  C$main.c$
     00000CC0  A$lcc1168 |    00000CC1  A$lcc1168 |    00000CC2  A$lcc1168
     00000CC2  C$main.c$ |    00000CC5  A$lcc1168 |    00000CC7  A$lcc1168
     00000CC8  A$lcc1168 |    00000CC8  C$main.c$ |    00000CCB  A$lcc1168
     00000CCC  A$lcc1168 |    00000CCD  A$lcc1168 |    00000CCF  A$lcc1168
     00000CD0  A$lcc1168 |    00000CD3  A$lcc1168 |    00000CD4  A$lcc1168
     00000CD5  A$lcc1168 |    00000CD8  A$lcc1168 |    00000CDA  A$lcc1168
     00000CDB  A$lcc1168 |    00000CDE  A$lcc1168 |    00000CDF  A$lcc1168
     00000CE0  A$lcc1168 |    00000CE0  C$main.c$ |    00000CE1  A$lcc1168
     00000CE2  A$lcc1168 |    00000CE4  A$lcc1168 |    00000CE4  C$main.c$
     00000CE7  A$lcc1168 |    00000CE8  A$lcc1168 |    00000CE9  A$lcc1168
     00000CEB  A$lcc1168 |    00000CEB  C$main.c$ |    00000CEC  A$lcc1168
     00000CED  A$lcc1168 |    00000CEE  A$lcc1168 |    00000CEF  A$lcc1168
ASxxxx Linker V03.00 + NoICE + sdld,  page 16.
Hexadecimal  [32-Bits]

Area                       Addr        Size        Decimal Bytes (Attributes)
--------------------       ----        ----        ------- ----- ------------
_CODE                  00000200    00001D44 =        7492. bytes (REL,CON)

        Value  Global            Value  Global            Value  Global    
        -----  ------            -----  ------            -----  ------    
     00000CF1  A$lcc1168 |    00000CF2  A$lcc1168 |    00000CF3  A$lcc1168
     00000CF4  A$lcc1168 |    00000CF5  A$lcc1168 |    00000CF8  A$lcc1168
     00000CFA  A$lcc1168 |    00000CFB  A$lcc1168 |    00000CFB  C$main.c$
     00000CFC  A$lcc1168 |    00000CFE  A$lcc1168 |    00000CFE  C$main.c$
     00000D01  A$lcc1168 |    00000D02  A$lcc1168 |    00000D03  A$lcc1168
     00000D05  A$lcc1168 |    00000D05  C$main.c$ |    00000D06  A$lcc1168
     00000D07  A$lcc1168 |    00000D08  A$lcc1168 |    00000D09  A$lcc1168
     00000D0B  A$lcc1168 |    00000D0C  A$lcc1168 |    00000D0D  A$lcc1168
     00000D0E  A$lcc1168 |    00000D0F  A$lcc1168 |    00000D12  A$lcc1168
     00000D14  A$lcc1168 |    00000D15  A$lcc1168 |    00000D15  C$main.c$
     00000D16  A$lcc1168 |    00000D18  A$lcc1168 |    00000D18  C$main.c$
     00000D1B  A$lcc1168 |    00000D1D  A$lcc1168 |    00000D1D  C$main.c$
     00000D20  A$lcc1168 |    00000D22  A$lcc1168 |    00000D23  A$lcc1168
     00000D23  C$main.c$ |    00000D26  A$lcc1168 |    00000D27  A$lcc1168
     00000D28  A$lcc1168 |    00000D2A  A$lcc1168 |    00000D2A  C$main.c$
     00000D2B  A$lcc1168 |    00000D2C  A$lcc1168 |    00000D2D  A$lcc1168
     00000D2F  A$lcc1168 |    00000D30  A$lcc1168 |    00000D31  A$lcc1168
     00000D32  A$lcc1168 |    00000D33  A$lcc1168 |    00000D36  A$lcc1168
     00000D38  A$lcc1168 |    00000D39  A$lcc1168 |    00000D39  C$main.c$
     00000D3A  A$lcc1168 |    00000D3C  A$lcc1168 |    00000D3C  C$main.c$
     00000D3F  A$lcc1168 |    00000D40  A$lcc1168 |    00000D41  A$lcc1168
     00000D42  A$lcc1168 |    00000D42  C$main.c$ |    00000D43  A$lcc1168
     00000D44  A$lcc1168 |    00000D45  A$lcc1168 |    00000D47  A$lcc1168
     00000D48  A$lcc1168 |    00000D49  A$lcc1168 |    00000D4A  A$lcc1168
     00000D4B  A$lcc1168 |    00000D4E  A$lcc1168 |    00000D50  A$lcc1168
     00000D51  A$lcc1168 |    00000D51  C$main.c$ |    00000D52  A$lcc1168
     00000D52  C$main.c$ |    00000D52  XG$animat |    00000D54  A$lcc1168
     00000D54  C$main.c$ |    00000D54  C$main.c$ |    00000D54  G$stage_t
     00000D54  _stage_ti |    00000D57  A$lcc1168 |    00000D58  A$lcc1168
     00000D5A  A$lcc1168 |    00000D5C  A$lcc1168 |    00000D5D  A$lcc1168
     00000D5E  A$lcc1168 |    00000D5F  A$lcc1168 |    00000D61  A$lcc1168
     00000D64  A$lcc1168 |    00000D66  A$lcc1168 |    00000D68  A$lcc1168
     00000D68  C$main.c$ |    00000D6B  A$lcc1168 |    00000D6C  A$lcc1168
     00000D6D  A$lcc1168 |    00000D6E  A$lcc1168 |    00000D70  A$lcc1168
     00000D72  A$lcc1168 |    00000D74  A$lcc1168 |    00000D76  A$lcc1168
     00000D78  A$lcc1168 |    00000D7A  A$lcc1168 |    00000D7C  A$lcc1168
     00000D7E  A$lcc1168 |    00000D80  A$lcc1168 |    00000D82  A$lcc1168
     00000D83  A$lcc1168 |    00000D85  A$lcc1168 |    00000D86  A$lcc1168
     00000D86  C$main.c$ |    00000D87  A$lcc1168 |    00000D87  C$main.c$
     00000D89  A$lcc1168 |    00000D8A  A$lcc1168 |    00000D8C  A$lcc1168
     00000D8D  A$lcc1168 |    00000D8E  A$lcc1168 |    00000D8F  A$lcc1168
     00000D90  A$lcc1168 |    00000D93  A$lcc1168 |    00000D94  A$lcc1168
     00000D94  C$main.c$ |    00000D95  A$lcc1168 |    00000D97  A$lcc1168
     00000D98  A$lcc1168 |    00000D9B  A$lcc1168 |    00000D9C  A$lcc1168
     00000D9D  A$lcc1168 |    00000D9F  A$lcc1168 |    00000DA0  A$lcc1168
     00000DA1  A$lcc1168 |    00000DA3  A$lcc1168 |    00000DA4  A$lcc1168
     00000DA5  A$lcc1168 |    00000DA7  A$lcc1168 |    00000DA7  C$main.c$
     00000DA8  A$lcc1168 |    00000DAA  A$lcc1168 |    00000DAB  A$lcc1168
     00000DAD  A$lcc1168 |    00000DAE  A$lcc1168 |    00000DAF  A$lcc1168
     00000DB0  A$lcc1168 |    00000DB3  A$lcc1168 |    00000DB5  A$lcc1168
     00000DB5  C$main.c$ |    00000DB8  A$lcc1168 |    00000DB9  A$lcc1168
ASxxxx Linker V03.00 + NoICE + sdld,  page 17.
Hexadecimal  [32-Bits]

Area                       Addr        Size        Decimal Bytes (Attributes)
--------------------       ----        ----        ------- ----- ------------
_CODE                  00000200    00001D44 =        7492. bytes (REL,CON)

        Value  Global            Value  Global            Value  Global    
        -----  ------            -----  ------            -----  ------    
     00000DB9  C$main.c$ |    00000DBC  A$lcc1168 |    00000DBD  A$lcc1168
     00000DBF  A$lcc1168 |    00000DC0  A$lcc1168 |    00000DC1  A$lcc1168
     00000DC1  C$main.c$ |    00000DC4  A$lcc1168 |    00000DC6  A$lcc1168
     00000DC7  A$lcc1168 |    00000DC7  C$main.c$ |    00000DCA  A$lcc1168
     00000DCA  C$main.c$ |    00000DCA  C$main.c$ |    00000DCA  XG$stage_
     00000DCD  A$lcc1168 |    00000DCD  C$main.c$ |    00000DCD  C$main.c$
     00000DCD  G$main$0$ |    00000DCD  _main     |    00000DCF  A$lcc1168
     00000DD1  A$lcc1168 |    00000DD1  C$main.c$ |    00000DD2  A$lcc1168
     00000DD4  A$lcc1168 |    00000DD4  C$main.c$ |    00000DD5  A$lcc1168
     00000DD5  C$main.c$ |    00000DD8  A$lcc1168 |    00000DD9  A$lcc1168
     00000DDC  A$lcc1168 |    00000DDD  A$lcc1168 |    00000DDE  A$lcc1168
     00000DDE  C$main.c$ |    00000DE0  A$lcc1168 |    00000DE1  A$lcc1168
     00000DE2  A$lcc1168 |    00000DE5  A$lcc1168 |    00000DE6  A$lcc1168
     00000DE6  C$main.c$ |    00000DE7  A$lcc1168 |    00000DE9  A$lcc1168
     00000DE9  C$main.c$ |    00000DEB  A$lcc1168 |    00000DED  A$lcc1168
     00000DED  C$main.c$ |    00000DEF  A$lcc1168 |    00000DF1  A$lcc1168
     00000DF3  A$lcc1168 |    00000DF3  C$main.c$ |    00000DF5  A$lcc1168
     00000DF7  A$lcc1168 |    00000DF9  A$lcc1168 |    00000DF9  C$main.c$
     00000DFB  A$lcc1168 |    00000DFD  A$lcc1168 |    00000DFF  A$lcc1168
     00000DFF  C$main.c$ |    00000E01  A$lcc1168 |    00000E03  A$lcc1168
     00000E05  A$lcc1168 |    00000E05  C$main.c$ |    00000E08  A$lcc1168
     00000E0A  A$lcc1168 |    00000E0A  C$main.c$ |    00000E0D  A$lcc1168
     00000E0D  C$main.c$ |    00000E10  A$lcc1168 |    00000E11  A$lcc1168
     00000E14  A$lcc1168 |    00000E14  C$main.c$ |    00000E17  A$lcc1168
     00000E1A  A$lcc1168 |    00000E1A  C$main.c$ |    00000E1D  A$lcc1168
     00000E20  A$lcc1168 |    00000E21  A$lcc1168 |    00000E21  C$main.c$
     00000E24  A$lcc1168 |    00000E25  A$lcc1168 |    00000E28  A$lcc1168
     00000E29  A$lcc1168 |    00000E2A  A$lcc1168 |    00000E2B  A$lcc1168
     00000E2C  A$lcc1168 |    00000E2F  A$lcc1168 |    00000E30  A$lcc1168
     00000E30  C$main.c$ |    00000E33  A$lcc1168 |    00000E34  A$lcc1168
     00000E37  A$lcc1168 |    00000E37  C$main.c$ |    00000E3A  A$lcc1168
     00000E3D  A$lcc1168 |    00000E3E  A$lcc1168 |    00000E3F  A$lcc1168
     00000E40  A$lcc1168 |    00000E41  A$lcc1168 |    00000E43  A$lcc1168
     00000E46  A$lcc1168 |    00000E48  A$lcc1168 |    00000E4A  A$lcc1168
     00000E4A  C$main.c$ |    00000E4A  C$main.c$ |    00000E4D  A$lcc1168
     00000E4F  A$lcc1168 |    00000E51  A$lcc1168 |    00000E54  A$lcc1168
     00000E56  A$lcc1168 |    00000E58  A$lcc1168 |    00000E5A  A$lcc1168
     00000E5A  C$main.c$ |    00000E5A  C$main.c$ |    00000E5C  A$lcc1168
     00000E5E  A$lcc1168 |    00000E5E  C$main.c$ |    00000E61  A$lcc1168
     00000E63  A$lcc1168 |    00000E63  C$main.c$ |    00000E66  A$lcc1168
     00000E68  A$lcc1168 |    00000E68  C$main.c$ |    00000E6A  A$lcc1168
     00000E6A  C$main.c$ |    00000E6A  C$main.c$ |    00000E6C  A$lcc1168
     00000E6E  A$lcc1168 |    00000E6E  C$main.c$ |    00000E71  A$lcc1168
     00000E73  A$lcc1168 |    00000E73  C$main.c$ |    00000E76  A$lcc1168
     00000E78  A$lcc1168 |    00000E78  C$main.c$ |    00000E7A  A$lcc1168
     00000E7A  C$main.c$ |    00000E7A  C$main.c$ |    00000E7C  A$lcc1168
     00000E7E  A$lcc1168 |    00000E7E  C$main.c$ |    00000E81  A$lcc1168
     00000E83  A$lcc1168 |    00000E83  C$main.c$ |    00000E86  A$lcc1168
     00000E88  A$lcc1168 |    00000E88  C$main.c$ |    00000E8B  A$lcc1168
     00000E8D  A$lcc1168 |    00000E8D  C$main.c$ |    00000E8F  A$lcc1168
     00000E8F  C$main.c$ |    00000E8F  C$main.c$ |    00000E92  A$lcc1168
ASxxxx Linker V03.00 + NoICE + sdld,  page 18.
Hexadecimal  [32-Bits]

Area                       Addr        Size        Decimal Bytes (Attributes)
--------------------       ----        ----        ------- ----- ------------
_CODE                  00000200    00001D44 =        7492. bytes (REL,CON)

        Value  Global            Value  Global            Value  Global    
        -----  ------            -----  ------            -----  ------    
     00000E93  A$lcc1168 |    00000E94  A$lcc1168 |    00000E95  A$lcc1168
     00000E96  A$lcc1168 |    00000E98  A$lcc1168 |    00000E9A  A$lcc1168
     00000E9B  A$lcc1168 |    00000E9D  A$lcc1168 |    00000E9E  A$lcc1168
     00000EA0  A$lcc1168 |    00000EA2  A$lcc1168 |    00000EA4  A$lcc1168
     00000EA6  A$lcc1168 |    00000EA7  A$lcc1168 |    00000EA9  A$lcc1168
     00000EAB  A$lcc1168 |    00000EAD  A$lcc1168 |    00000EAE  A$lcc1168
     00000EB0  A$lcc1168 |    00000EB2  A$lcc1168 |    00000EB4  A$lcc1168
     00000EB4  C$main.c$ |    00000EB7  A$lcc1168 |    00000EB9  A$lcc1168
     00000EB9  C$main.c$ |    00000EBC  A$lcc1168 |    00000EBE  A$lcc1168
     00000EBE  C$main.c$ |    00000EC1  A$lcc1168 |    00000EC3  A$lcc1168
     00000EC3  C$main.c$ |    00000EC3  C$main.c$ |    00000EC6  A$lcc1168
     00000EC6  C$main.c$ |    00000EC9  A$lcc1168 |    00000EC9  C$main.c$
     00000ECC  A$lcc1168 |    00000ECC  C$main.c$ |    00000ECF  A$lcc1168
     00000ECF  C$main.c$ |    00000ED2  A$lcc1168 |    00000ED4  A$lcc1168
     00000ED6  A$lcc1168 |    00000ED6  C$main.c$ |    00000ED9  A$lcc1168
     00000ED9  C$main.c$ |    00000EDC  A$lcc1168 |    00000EDE  A$lcc1168
     00000EE0  A$lcc1168 |    00000EE0  C$main.c$ |    00000EE3  A$lcc1168
     00000EE4  A$lcc1168 |    00000EE6  A$lcc1168 |    00000EE7  A$lcc1168
     00000EE8  A$lcc1168 |    00000EEB  A$lcc1168 |    00000EED  A$lcc1168
     00000EED  C$main.c$ |    00000EF0  A$lcc1168 |    00000EF0  C$main.c$
     00000EF3  A$lcc1168 |    00000EF6  A$lcc1168 |    00000EF6  C$main.c$
     00000EF9  A$lcc1168 |    00000EFA  A$lcc1168 |    00000EFD  A$lcc1168
     00000EFD  C$main.c$ |    00000F00  A$lcc1168 |    00000F00  C$main.c$
     00000F03  A$lcc1168 |    00000F03  C$main.c$ |    00000F06  A$lcc1168
     00000F06  C$main.c$ |    00000F06  XG$main$0 |    00000F08  G$BKG_MAP
     00000F08  _BKG_MAP  |    00001308  G$BKG_TIL |    00001308  _BKG_TILE
     000015F8  G$COLLISI |    000015F8  _COLLISIO |    000019F8  G$RESET_T
     000019F8  _RESET_TI |    00001A02  G$WIN_FRO |    00001A02  _WIN_FROG
     00001A06  _get_vram |    00001A13  _get_win_ |    00001A1B  _get_bkg_
     00001A42  _set_vram |    00001A51  _set_win_ |    00001A59  _set_bkg_
     00001B2D  ___printf |    00001EC4  _sprintf  |    00001EE5  ___move_m
     00001F1D  _get_win_ |    00001F25  _get_bkg_
ASxxxx Linker V03.00 + NoICE + sdld,  page 19.
Hexadecimal  [32-Bits]

Area                       Addr        Size        Decimal Bytes (Attributes)
--------------------       ----        ----        ------- ----- ------------
_HEADER0               00000000    00000001 =           1. bytes (ABS,CON)

        Value  Global            Value  Global            Value  Global    
        -----  ------            -----  ------            -----  ------    
     00000020  .call_hl 
ASxxxx Linker V03.00 + NoICE + sdld,  page 20.
Hexadecimal  [32-Bits]

Area                       Addr        Size        Decimal Bytes (Attributes)
--------------------       ----        ----        ------- ----- ------------
_HEADER1               00000000    00000005 =           5. bytes (ABS,CON)

        Value  Global            Value  Global            Value  Global    
        -----  ------            -----  ------            -----  ------    
     00000028  .MemsetSm
ASxxxx Linker V03.00 + NoICE + sdld,  page 21.
Hexadecimal  [32-Bits]

Area                       Addr        Size        Decimal Bytes (Attributes)
--------------------       ----        ----        ------- ----- ------------
_HEADER2               00000000    00000007 =           7. bytes (ABS,CON)

        Value  Global            Value  Global            Value  Global    
        -----  ------            -----  ------            -----  ------    
     00000030  .MemcpySm
ASxxxx Linker V03.00 + NoICE + sdld,  page 22.
Hexadecimal  [32-Bits]

Area                       Addr        Size        Decimal Bytes (Attributes)
--------------------       ----        ----        ------- ----- ------------
_HEADER3               00000000    00000008 =           8. bytes (ABS,CON)

        Value  Global            Value  Global            Value  Global    
        -----  ------            -----  ------            -----  ------    
ASxxxx Linker V03.00 + NoICE + sdld,  page 23.
Hexadecimal  [32-Bits]

Area                       Addr        Size        Decimal Bytes (Attributes)
--------------------       ----        ----        ------- ----- ------------
_HEADER4               00000000    0000004F =          79. bytes (ABS,CON)

        Value  Global            Value  Global            Value  Global    
        -----  ------            -----  ------            -----  ------    
     00000080  .int      |    0000008F  _wait_int |    0000009C  __standar
     000000AC  _refresh_
ASxxxx Linker V03.00 + NoICE + sdld,  page 24.
Hexadecimal  [32-Bits]

Area                       Addr        Size        Decimal Bytes (Attributes)
--------------------       ----        ----        ------- ----- ------------
_HEADER5               00000000    00000002 =           2. bytes (ABS,CON)

        Value  Global            Value  Global            Value  Global    
        -----  ------            -----  ------            -----  ------    
ASxxxx Linker V03.00 + NoICE + sdld,  page 25.
Hexadecimal  [32-Bits]

Area                       Addr        Size        Decimal Bytes (Attributes)
--------------------       ----        ----        ------- ----- ------------
_HEADER6               00000000    00000030 =          48. bytes (ABS,CON)

        Value  Global            Value  Global            Value  Global    
        -----  ------            -----  ------            -----  ------    
ASxxxx Linker V03.00 + NoICE + sdld,  page 26.
Hexadecimal  [32-Bits]

Area                       Addr        Size        Decimal Bytes (Attributes)
--------------------       ----        ----        ------- ----- ------------
_HEADER7               00000000    00000006 =           6. bytes (ABS,CON)

        Value  Global            Value  Global            Value  Global    
        -----  ------            -----  ------            -----  ------    
ASxxxx Linker V03.00 + NoICE + sdld,  page 27.
Hexadecimal  [32-Bits]

Area                       Addr        Size        Decimal Bytes (Attributes)
--------------------       ----        ----        ------- ----- ------------
_HEADER8               00000000    00000003 =           3. bytes (ABS,CON)

        Value  Global            Value  Global            Value  Global    
        -----  ------            -----  ------            -----  ------    
ASxxxx Linker V03.00 + NoICE + sdld,  page 28.
Hexadecimal  [32-Bits]

Area                       Addr        Size        Decimal Bytes (Attributes)
--------------------       ----        ----        ------- ----- ------------
_HEADER9               00000000    00000001 =           1. bytes (ABS,CON)

        Value  Global            Value  Global            Value  Global    
        -----  ------            -----  ------            -----  ------    
ASxxxx Linker V03.00 + NoICE + sdld,  page 29.
Hexadecimal  [32-Bits]

Area                       Addr        Size        Decimal Bytes (Attributes)
--------------------       ----        ----        ------- ----- ------------
_HEADERa               00000000    00000001 =           1. bytes (ABS,CON)

        Value  Global            Value  Global            Value  Global    
        -----  ------            -----  ------            -----  ------    
ASxxxx Linker V03.00 + NoICE + sdld,  page 30.
Hexadecimal  [32-Bits]

Area                       Addr        Size        Decimal Bytes (Attributes)
--------------------       ----        ----        ------- ----- ------------
_HEADERb               00000000    00000001 =           1. bytes (ABS,CON)

        Value  Global            Value  Global            Value  Global    
        -----  ------            -----  ------            -----  ------    
ASxxxx Linker V03.00 + NoICE + sdld,  page 31.
Hexadecimal  [32-Bits]

Area                       Addr        Size        Decimal Bytes (Attributes)
--------------------       ----        ----        ------- ----- ------------
_HEADERc               00000000    00000002 =           2. bytes (ABS,CON)

        Value  Global            Value  Global            Value  Global    
        -----  ------            -----  ------            -----  ------    
ASxxxx Linker V03.00 + NoICE + sdld,  page 32.
Hexadecimal  [32-Bits]

Area                       Addr        Size        Decimal Bytes (Attributes)
--------------------       ----        ----        ------- ----- ------------
_HEADERd               00000000    00000001 =           1. bytes (ABS,CON)

        Value  Global            Value  Global            Value  Global    
        -----  ------            -----  ------            -----  ------    
ASxxxx Linker V03.00 + NoICE + sdld,  page 33.
Hexadecimal  [32-Bits]

Area                       Addr        Size        Decimal Bytes (Attributes)
--------------------       ----        ----        ------- ----- ------------
_HEADERe               00000000    00000001 =           1. bytes (ABS,CON)

        Value  Global            Value  Global            Value  Global    
        -----  ------            -----  ------            -----  ------    
ASxxxx Linker V03.00 + NoICE + sdld,  page 34.
Hexadecimal  [32-Bits]

Area                       Addr        Size        Decimal Bytes (Attributes)
--------------------       ----        ----        ------- ----- ------------
_HEADERf               00000000    00000002 =           2. bytes (ABS,CON)

        Value  Global            Value  Global            Value  Global    
        -----  ------            -----  ------            -----  ------    
ASxxxx Linker V03.00 + NoICE + sdld,  page 35.
Hexadecimal  [32-Bits]

Area                       Addr        Size        Decimal Bytes (Attributes)
--------------------       ----        ----        ------- ----- ------------
_HEADER10              00000000    00000082 =         130. bytes (ABS,CON)

        Value  Global            Value  Global            Value  Global    
        -----  ------            -----  ------            -----  ------    
     00000150  .reset    |    00000150  _reset    |    00000157  .code_sta
     000001B7  _exit     |    000001BB  _set_inte
ASxxxx Linker V03.00 + NoICE + sdld,  page 36.
Hexadecimal  [32-Bits]

Area                       Addr        Size        Decimal Bytes (Attributes)
--------------------       ----        ----        ------- ----- ------------
_HEADER11              00000000    00000001 =           1. bytes (ABS,CON)

        Value  Global            Value  Global            Value  Global    
        -----  ------            -----  ------            -----  ------    
ASxxxx Linker V03.00 + NoICE + sdld,  page 37.
Hexadecimal  [32-Bits]

Area                       Addr        Size        Decimal Bytes (Attributes)
--------------------       ----        ----        ------- ----- ------------
_HOME                  00001F44    0000039A =         922. bytes (REL,CON)

        Value  Global            Value  Global            Value  Global    
        -----  ------            -----  ------            -----  ------    
     00001F44  .memset_s |    00001F4D  .memcpy_s |    00001F6A  .remove_V
     00001F6D  .remove_i |    00001F8A  .add_VBL  |    00001F8D  .add_int 
     00001F98  .wait_vbl |    00001F98  _wait_vbl |    00001FA8  .display_
     00001FA8  _display_ |    00001FC0  _remove_V |    00001FCB  _add_VBL 
     00001FD6  _set_tile |    00001FDB  _set_bkg_ |    00001FDB  _set_win_
     00001FE3  _set_spri |    00002013  .padup    |    00002013  _waitpadu
     00002023  .jpad     |    00002023  _joypad   |    0000204B  _waitpad 
     0000204E  .wait_pad |    00002055  ___sdcc_c |    00002085  _add_LCD 
     00002090  .add_LCD  |    00002096  _remove_L |    000020A1  .remove_L
     000020A7  __divsuch |    000020B4  __modsuch |    000020BE  __divusch
     000020D0  __modusch |    000020E0  __divscha |    000020EC  __modscha
     000020F6  __divsint |    00002107  __modsint |    00002116  __divucha
     00002122  __moducha |    0000212C  __divuint |    0000213D  __moduint
     0000214C  .div8     |    0000214C  .mod8     |    00002154  .div16   
     00002154  .mod16    |    0000218A  .divu8    |    0000218A  .modu8   
     0000218D  .divu16   |    0000218D  .modu16   |    000021CE  _set_bkg_
     000021E2  _uitoa    |    000021F1  _itoa     |    00002200  .itoa    
     00002214  .utoa     |    00002288  .set_xy_w |    00002291  .set_xy_b
     000022A0  .set_xy_t
ASxxxx Linker V03.00 + NoICE + sdld,  page 38.
Hexadecimal  [32-Bits]

Area                       Addr        Size        Decimal Bytes (Attributes)
--------------------       ----        ----        ------- ----- ------------
_CODE_0                000022DE    00000440 =        1088. bytes (REL,CON)

        Value  Global            Value  Global            Value  Global    
        -----  ------            -----  ------            -----  ------    
     000022DE  G$FONT$0_ |    000022DE  _FONT    
ASxxxx Linker V03.00 + NoICE + sdld,  page 39.
Hexadecimal  [32-Bits]

Area                       Addr        Size        Decimal Bytes (Attributes)
--------------------       ----        ----        ------- ----- ------------
_INITIALIZER           0000271E    00000048 =          72. bytes (REL,CON)

        Value  Global            Value  Global            Value  Global    
        -----  ------            -----  ------            -----  ------    
     0000271E  Fmain$__x |    00002742  Fmain$__x |    00002745  Fmain$__x
     00002749  Fmain$__x |    0000274D  Fmain$__x |    00002754  Fmain$__x
     00002759  Fmain$__x |    0000275E  Fmain$__x
ASxxxx Linker V03.00 + NoICE + sdld,  page 40.
Hexadecimal  [32-Bits]

Area                       Addr        Size        Decimal Bytes (Attributes)
--------------------       ----        ----        ------- ----- ------------
_GSINIT                00002766    0000000C =          12. bytes (REL,CON)

        Value  Global            Value  Global            Value  Global    
        -----  ------            -----  ------            -----  ------    
     00002766  gsinit   
ASxxxx Linker V03.00 + NoICE + sdld,  page 41.
Hexadecimal  [32-Bits]

Area                       Addr        Size        Decimal Bytes (Attributes)
--------------------       ----        ----        ------- ----- ------------
_GSFINAL               00002772    00000001 =           1. bytes (REL,CON)

        Value  Global            Value  Global            Value  Global    
        -----  ------            -----  ------            -----  ------    
ASxxxx Linker V03.00 + NoICE + sdld,  page 42.
Hexadecimal  [32-Bits]

Area                       Addr        Size        Decimal Bytes (Attributes)
--------------------       ----        ----        ------- ----- ------------
_DATA                  0000C0A0    0000006E =         110. bytes (REL,CON)

        Value  Global            Value  Global            Value  Global    
        -----  ------            -----  ------            -----  ------    
     0000C0A0  __cpu     |    0000C0A1  __is_GBA  |    0000C0A2  .mode    
     0000C0A3  .sys_time |    0000C0A3  _sys_time |    0000C0A5  .int_0x40
     0000C0B9  G$scroll$ |    0000C0B9  _scroll   |    0000C0C3  G$PLAYER$
     0000C0C3  _PLAYER   |    0000C0C9  G$joy$0_0 |    0000C0C9  _joy     
     0000C0CA  G$last_jo |    0000C0CA  _last_joy |    0000C0CB  G$is_movi
     0000C0CB  _is_movin |    0000C0CC  G$turtles |    0000C0CC  _turtles_
     0000C0CD  G$move_x$ |    0000C0CD  _move_x   |    0000C0CE  G$move_y$
     0000C0CE  _move_y   |    0000C0CF  G$scx_cou |    0000C0CF  _scx_coun
     0000C0D0  G$turtle_ |    0000C0D0  _turtle_c |    0000C0D1  G$dive_co
     0000C0D1  _dive_cou |    0000C0D2  G$timer$0 |    0000C0D2  _timer   
     0000C0D4  G$timer_t |    0000C0D4  _timer_ti |    0000C0D5  G$GAMESTA
     0000C0D5  _GAMESTAT |    0000C0D6  G$turtle_ |    0000C0D6  _turtle_t
     0000C0D7  G$dive_ti |    0000C0D7  _dive_til |    0000C0D8  G$y_min$0
     0000C0D8  _y_min    |    0000C0D9  G$vram_ad |    0000C0D9  _vram_add
     0000C0DB  G$score$0 |    0000C0DB  _score    |    0000C0DD  G$score_b
     0000C0DD  _score_bu |    0000C0E2  G$current |    0000C0E2  _current_
     0000C0E3  G$level_b |    0000C0E3  _level_bu |    0000C0FB  ___curren
     0000C0FD  ___curren |    0000C0FE  .int_0x48
ASxxxx Linker V03.00 + NoICE + sdld,  page 43.
Hexadecimal  [32-Bits]

Area                       Addr        Size        Decimal Bytes (Attributes)
--------------------       ----        ----        ------- ----- ------------
_INITIALIZED           0000C10E    00000048 =          72. bytes (REL,CON)

        Value  Global            Value  Global            Value  Global    
        -----  ------            -----  ------            -----  ------    
     0000C10E  G$scroll_ |    0000C10E  _scroll_r |    0000C132  G$turtle_
     0000C132  _turtle_d |    0000C135  G$turtle_ |    0000C135  _turtle_d
     0000C139  G$turtle_ |    0000C139  _turtle_t |    0000C13D  G$dive_ti
     0000C13D  _dive_til |    0000C144  G$PLAYER1 |    0000C144  _PLAYER1U
     0000C149  G$PLAYER2 |    0000C149  _PLAYER2U |    0000C14E  G$level_t
     0000C14E  _level_te |    0000C155  ___render
ASxxxx Linker V03.00 + NoICE + sdld,  page 44.
Hexadecimal  [32-Bits]

Area                       Addr        Size        Decimal Bytes (Attributes)
--------------------       ----        ----        ------- ----- ------------
_HRAM12                00000000    00000003 =           3. bytes (ABS,CON)

        Value  Global            Value  Global            Value  Global    
        -----  ------            -----  ------            -----  ------    
     0000FF90  __current |    0000FF92  __shadow_
ASxxxx Linker V03.00 + NoICE + sdld,  page 45.
Hexadecimal  [32-Bits]

Area                       Addr        Size        Decimal Bytes (Attributes)
--------------------       ----        ----        ------- ----- ------------
_CODE_1                00014000    000000AC =         172. bytes (REL,CON)

        Value  Global            Value  Global            Value  Global    
        -----  ------            -----  ------            -----  ------    
     00014000  C$frogger |    00014000  G$__func_ |    00014000  G$frogger
     00014000  ___func_f |    00014000  _frogger_ |    00014008  G$frogger
     00014008  _frogger_ |    00014048  G$frogger |    00014048  _frogger_
     00014054  G$frogger |    00014054  _frogger_ |    00014056  C$frogger
     00014056  G$__func_ |    00014056  G$frogger |    00014056  ___func_f
     00014056  _frogger_ |    0001405E  G$frogger |    0001405E  _frogger_
     0001409E  G$frogger |    0001409E  _frogger_ |    000140AA  G$frogger
     000140AA  _frogger_
ASxxxx Linker V03.00 + NoICE + sdld,  page 46.
Hexadecimal  [32-Bits]

Area                       Addr        Size        Decimal Bytes (Attributes)
--------------------       ----        ----        ------- ----- ------------
_HEADER_LCD0           00000000    00000003 =           3. bytes (ABS,CON)

        Value  Global            Value  Global            Value  Global    
        -----  ------            -----  ------            -----  ------    
ASxxxx Linker V03.00 + NoICE + sdld,  page 47.

Files Linked                              [ module(s) ]

C:\c_code\gbdk\lib/small/asxxxx/gb/crt0.o
                                          [ Runtime ]
C:\Users\User\AppData\Local\Temp/lcc116840.rel
                                          [ main ]
C:\Users\User\AppData\Local\Temp/lcc116841.rel
                                          [ bkg_map ]
C:\Users\User\AppData\Local\Temp/lcc116842.rel
                                          [ bkg_tiles ]
C:\Users\User\AppData\Local\Temp/lcc116843.rel
                                          [ collision_map ]
C:\Users\User\AppData\Local\Temp/lcc116844.rel
                                          [ font ]
C:\Users\User\AppData\Local\Temp/lcc116845.rel
                                          [ frogger ]
C:\Users\User\AppData\Local\Temp/lcc116846.rel
                                          [ frogger_16 ]
C:\Users\User\AppData\Local\Temp/lcc116847.rel
                                          [ reset_timer ]
C:\Users\User\AppData\Local\Temp/lcc116848.rel
                                          [ win_frog ]


Libraries Linked                          [ object file ]

C:\c_code\gbdk\lib/small/asxxxx/gb/gb.lib
                                          [ sfr.o ]
C:\c_code\gbdk\lib/small/asxxxx/gb/gb.lib
                                          [ get_tile.o ]
C:\c_code\gbdk\lib/small/asxxxx/gb/gb.lib
                                          [ set_tile.o ]
C:\c_code\gbdk\lib/small/asxxxx/gb/gb.lib
                                          [ set_data.o ]
C:\c_code\gbdk\lib/small/asxxxx/gbz80/gbz80.lib
                                          [ sprintf.o ]
C:\c_code\gbdk\lib/small/asxxxx/gb/gb.lib
                                          [ pad.o ]
C:\c_code\gbdk\lib/small/asxxxx/gb/gb.lib
                                          [ metasprites.o ]
C:\c_code\gbdk\lib/small/asxxxx/gbz80/gbz80.lib
                                          [ __sdcc_call_hl.o ]
C:\c_code\gbdk\lib/small/asxxxx/gb/gb.lib
                                          [ lcd.o ]
C:\c_code\gbdk\lib/small/asxxxx/gb/gb.lib
                                          [ get_addr.o ]
C:\c_code\gbdk\lib/small/asxxxx/gbz80/gbz80.lib
                                          [ div.o ]
C:\c_code\gbdk\lib/small/asxxxx/gb/gb.lib
                                          [ set_bk_t.o ]
C:\c_code\gbdk\lib/small/asxxxx/gbz80/gbz80.lib
                                          [ itoa.o ]
C:\c_code\gbdk\lib/small/asxxxx/gb/gb.lib
                                          [ set_xy_t.o ]

ASxxxx Linker V03.00 + NoICE + sdld,  page 48.

User Base Address Definitions

_DATA=0xC0A0
_CODE=0x0200
ASxxxx Linker V03.00 + NoICE + sdld,  page 49.

User Global Definitions

_shadow_OAM=0xC000
.STACK=0xE000
.refresh_OAM=0xFF80

