ASxxxx Linker V03.00 + NoICE + sdld,  page 1.
Hexadecimal  [32-Bits]

Area                       Addr        Size        Decimal Bytes (Attributes)
--------------------       ----        ----        ------- ----- ------------
.  .ABS.               00000000    00000000 =           0. bytes (ABS,CON)

        Value  Global            Value  Global            Value  Global    
        -----  ------            -----  ------            -----  ------    
     00000000  .__.ABS.  |    00000000  _rRAMG    |    00000000  l__BASE  
     00000000  l__BSS    |    00000000  l__CABS   |    00000000  l__DABS  
     00000000  l__HEADER |    00000000  l__HEADER |    00000000  l__HEAP  
     00000000  l__HRAM   |    00000000  l__LIT    |    00000000  s__CABS  
     00000000  s__DABS   |    00000000  s__HEADER |    00000000  s__HEADER
     00000000  s__HEADER |    00000000  s__HEADER |    00000000  s__HEADER
     00000000  s__HEADER |    00000000  s__HEADER |    00000000  s__HEADER
     00000000  s__HEADER |    00000000  s__HEADER |    00000000  s__HEADER
     00000000  s__HEADER |    00000000  s__HEADER |    00000000  s__HEADER
     00000000  s__HEADER |    00000000  s__HEADER |    00000000  s__HEADER
     00000000  s__HEADER |    00000000  s__HEADER |    00000000  s__HEADER
     00000000  s__HEADER |    00000000  s__HRAM   |    00000000  s__HRAM12
     00000001  ___bank_f |    00000001  ___bank_f |    00000001  l__GSFINA
     00000001  l__HEADER |    00000001  l__HEADER |    00000001  l__HEADER
     00000001  l__HEADER |    00000001  l__HEADER |    00000001  l__HEADER
     00000001  l__HEADER |    00000002  l__HEADER |    00000002  l__HEADER
     00000002  l__HEADER |    00000003  l__HEADER |    00000003  l__HEADER
     00000003  l__HRAM12 |    00000005  l__HEADER |    00000006  l__HEADER
     00000007  l__HEADER |    00000008  l__HEADER |    0000000C  l__GSINIT
     00000030  l__HEADER |    0000004A  l__INITIA |    0000004A  l__INITIA
     0000004E  l__HEADER |    0000006E  l__DATA   |    00000082  l__HEADER
     000000AC  l__CODE_1 |    00000200  s__CODE   |    0000039E  l__HOME  
     00000440  l__CODE_0 |    00001E0E  l__CODE   |    00002000  _rROMB0  
     0000200E  s__HOME   |    000023AC  s__BASE   |    000023AC  s__CODE_0
     000027EC  s__INITIA |    000027EC  s__LIT    |    00002836  s__GSINIT
     00002842  s__GSFINA |    00003000  _rROMB1   |    00004000  _rRAMB   
     00008000  __VRAM    |    00008000  __VRAM800 |    00008800  __VRAM880
     00009000  __VRAM900 |    00009800  __SCRN0   |    00009C00  __SCRN1  
     0000A000  __SRAM    |    0000C000  __RAM     |    0000C000  _shadow_O
     0000C0A0  s__DATA   |    0000C10E  s__BSS    |    0000C10E  s__INITIA
     0000C158  s__HEAP   |    0000D000  __RAMBANK |    0000E000  .STACK   
     0000FE00  __OAMRAM  |    0000FF00  _P1_REG   |    0000FF00  __IO     
     0000FF01  _SB_REG   |    0000FF02  _SC_REG   |    0000FF04  _DIV_REG 
     0000FF05  _TIMA_REG |    0000FF06  _TMA_REG  |    0000FF07  _TAC_REG 
     0000FF0F  _IF_REG   |    0000FF10  _NR10_REG |    0000FF11  _NR11_REG
     0000FF12  _NR12_REG |    0000FF13  _NR13_REG |    0000FF14  _NR14_REG
     0000FF16  _NR21_REG |    0000FF17  _NR22_REG |    0000FF18  _NR23_REG
     0000FF19  _NR24_REG |    0000FF1A  _NR30_REG |    0000FF1B  _NR31_REG
     0000FF1C  _NR32_REG |    0000FF1D  _NR33_REG |    0000FF1E  _NR34_REG
     0000FF20  _NR41_REG |    0000FF21  _NR42_REG |    0000FF22  _NR43_REG
     0000FF23  _NR44_REG |    0000FF24  _NR50_REG |    0000FF25  _NR51_REG
     0000FF26  _NR52_REG |    0000FF30  _AUD3WAVE |    0000FF30  _PCM_SAMP
     0000FF30  __AUD3WAV |    0000FF40  _LCDC_REG |    0000FF41  _STAT_REG
     0000FF42  _SCY_REG  |    0000FF43  _SCX_REG  |    0000FF44  _LY_REG  
     0000FF45  _LYC_REG  |    0000FF46  _DMA_REG  |    0000FF47  _BGP_REG 
     0000FF48  _OBP0_REG |    0000FF49  _OBP1_REG |    0000FF4A  _WY_REG  
     0000FF4B  _WX_REG   |    0000FF4D  _KEY1_REG |    0000FF4F  _VBK_REG 
     0000FF51  _HDMA1_RE |    0000FF52  _HDMA2_RE |    0000FF53  _HDMA3_RE
     0000FF54  _HDMA4_RE |    0000FF55  _HDMA5_RE |    0000FF56  _RP_REG  
     0000FF68  _BCPS_REG |    0000FF69  _BCPD_REG |    0000FF6A  _OCPS_REG
ASxxxx Linker V03.00 + NoICE + sdld,  page 2.
Hexadecimal  [32-Bits]

Area                       Addr        Size        Decimal Bytes (Attributes)
--------------------       ----        ----        ------- ----- ------------
.  .ABS.               00000000    00000000 =           0. bytes (ABS,CON)

        Value  Global            Value  Global            Value  Global    
        -----  ------            -----  ------            -----  ------    
     0000FF6B  _OCPD_REG |    0000FF70  _SVBK_REG |    0000FF76  _PCM12_RE
     0000FF77  _PCM34_RE |    0000FF80  .refresh_ |    0000FF80  __HRAM   
     0000FFFF  _IE_REG   |    00014000  s__CODE_1
ASxxxx Linker V03.00 + NoICE + sdld,  page 3.
Hexadecimal  [32-Bits]

Area                       Addr        Size        Decimal Bytes (Attributes)
--------------------       ----        ----        ------- ----- ------------
_CODE                  00000200    00001E0E =        7694. bytes (REL,CON)

        Value  Global            Value  Global            Value  Global    
        -----  ------            -----  ------            -----  ------    
     00000200  A$lcc1632 |    00000200  C$main.c$ |    00000200  C$main.c$
     00000200  G$update_ |    00000200  _update_l |    00000203  A$lcc1632
     00000204  A$lcc1632 |    00000207  A$lcc1632 |    00000208  A$lcc1632
     0000020B  A$lcc1632 |    0000020C  A$lcc1632 |    0000020D  A$lcc1632
     0000020E  A$lcc1632 |    0000020E  C$main.c$ |    00000211  A$lcc1632
     00000212  A$lcc1632 |    00000215  A$lcc1632 |    00000216  A$lcc1632
     00000219  A$lcc1632 |    0000021A  A$lcc1632 |    0000021D  A$lcc1632
     0000021F  A$lcc1632 |    0000021F  C$main.c$ |    00000222  A$lcc1632
     00000223  A$lcc1632 |    00000224  A$lcc1632 |    00000226  A$lcc1632
     00000226  C$main.c$ |    00000228  A$lcc1632 |    00000229  A$lcc1632
     0000022A  A$lcc1632 |    0000022D  A$lcc1632 |    0000022E  A$lcc1632
     0000022F  A$lcc1632 |    00000230  A$lcc1632 |    00000231  A$lcc1632
     00000234  A$lcc1632 |    00000236  A$lcc1632 |    00000236  C$main.c$
     00000239  A$lcc1632 |    0000023A  A$lcc1632 |    0000023C  A$lcc1632
     0000023D  A$lcc1632 |    0000023E  A$lcc1632 |    0000023E  C$main.c$
     0000023F  A$lcc1632 |    00000241  A$lcc1632 |    00000241  C$main.c$
     00000244  A$lcc1632 |    00000245  A$lcc1632 |    00000248  A$lcc1632
     00000249  A$lcc1632 |    0000024C  A$lcc1632 |    0000024D  A$lcc1632
     0000024E  A$lcc1632 |    0000024F  A$lcc1632 |    0000024F  C$main.c$
     00000252  A$lcc1632 |    00000254  A$lcc1632 |    00000255  A$lcc1632
     00000256  A$lcc1632 |    00000259  A$lcc1632 |    0000025A  A$lcc1632
     0000025B  A$lcc1632 |    0000025C  A$lcc1632 |    0000025D  A$lcc1632
     00000260  A$lcc1632 |    00000262  A$lcc1632 |    00000262  C$main.c$
     00000262  XG$update |    00000263  Fmain$__s |    00000266  A$lcc1632
     00000266  C$main.c$ |    00000266  C$main.c$ |    00000266  G$update_
     00000266  _update_p |    00000269  A$lcc1632 |    0000026A  A$lcc1632
     0000026D  A$lcc1632 |    0000026E  A$lcc1632 |    00000271  A$lcc1632
     00000272  A$lcc1632 |    00000273  A$lcc1632 |    00000274  A$lcc1632
     00000274  C$main.c$ |    00000277  A$lcc1632 |    00000278  A$lcc1632
     00000279  A$lcc1632 |    0000027A  A$lcc1632 |    0000027A  C$main.c$
     0000027C  A$lcc1632 |    0000027D  A$lcc1632 |    0000027E  A$lcc1632
     00000281  A$lcc1632 |    00000282  A$lcc1632 |    00000283  A$lcc1632
     00000284  A$lcc1632 |    00000285  A$lcc1632 |    00000288  A$lcc1632
     0000028A  A$lcc1632 |    0000028A  C$main.c$ |    0000028D  A$lcc1632
     0000028E  A$lcc1632 |    00000290  A$lcc1632 |    00000291  A$lcc1632
     00000292  A$lcc1632 |    00000292  C$main.c$ |    00000293  A$lcc1632
     00000293  C$main.c$ |    00000293  XG$update |    00000295  A$lcc1632
     00000295  C$main.c$ |    00000295  C$main.c$ |    00000295  G$update_
     00000295  _update_s |    00000298  A$lcc1632 |    00000299  A$lcc1632
     0000029B  A$lcc1632 |    0000029C  A$lcc1632 |    0000029E  A$lcc1632
     000002A0  A$lcc1632 |    000002A1  A$lcc1632 |    000002A2  A$lcc1632
     000002A3  A$lcc1632 |    000002A5  A$lcc1632 |    000002A5  C$main.c$
     000002A8  A$lcc1632 |    000002A9  A$lcc1632 |    000002AC  A$lcc1632
     000002AD  A$lcc1632 |    000002B0  A$lcc1632 |    000002B1  A$lcc1632
     000002B2  A$lcc1632 |    000002B3  A$lcc1632 |    000002B5  A$lcc1632
     000002B5  C$main.c$ |    000002B8  A$lcc1632 |    000002B9  A$lcc1632
     000002BB  A$lcc1632 |    000002BC  A$lcc1632 |    000002BE  A$lcc1632
     000002C0  A$lcc1632 |    000002C1  A$lcc1632 |    000002C3  A$lcc1632
     000002C5  A$lcc1632 |    000002C6  A$lcc1632 |    000002C8  A$lcc1632
     000002C8  C$main.c$ |    000002CB  A$lcc1632 |    000002CC  A$lcc1632
ASxxxx Linker V03.00 + NoICE + sdld,  page 4.
Hexadecimal  [32-Bits]

Area                       Addr        Size        Decimal Bytes (Attributes)
--------------------       ----        ----        ------- ----- ------------
_CODE                  00000200    00001E0E =        7694. bytes (REL,CON)

        Value  Global            Value  Global            Value  Global    
        -----  ------            -----  ------            -----  ------    
     000002CF  A$lcc1632 |    000002D0  A$lcc1632 |    000002D3  A$lcc1632
     000002D4  A$lcc1632 |    000002D5  A$lcc1632 |    000002D6  A$lcc1632
     000002D8  A$lcc1632 |    000002D8  C$main.c$ |    000002DA  A$lcc1632
     000002DC  A$lcc1632 |    000002DF  A$lcc1632 |    000002E0  A$lcc1632
     000002E2  A$lcc1632 |    000002E3  A$lcc1632 |    000002E5  A$lcc1632
     000002E7  A$lcc1632 |    000002E7  C$main.c$ |    000002EA  A$lcc1632
     000002EB  A$lcc1632 |    000002EE  A$lcc1632 |    000002EF  A$lcc1632
     000002F2  A$lcc1632 |    000002F3  A$lcc1632 |    000002F4  A$lcc1632
     000002F5  A$lcc1632 |    000002F7  A$lcc1632 |    000002F7  C$main.c$
     000002FA  A$lcc1632 |    000002FC  A$lcc1632 |    000002FD  A$lcc1632
     000002FE  A$lcc1632 |    00000300  A$lcc1632 |    00000301  A$lcc1632
     00000303  A$lcc1632 |    00000303  C$main.c$ |    00000306  A$lcc1632
     00000307  A$lcc1632 |    0000030A  A$lcc1632 |    0000030B  A$lcc1632
     0000030E  A$lcc1632 |    0000030F  A$lcc1632 |    00000310  A$lcc1632
     00000311  A$lcc1632 |    00000311  C$main.c$ |    00000314  A$lcc1632
     00000315  A$lcc1632 |    00000316  A$lcc1632 |    00000317  A$lcc1632
     00000318  A$lcc1632 |    0000031B  A$lcc1632 |    0000031C  A$lcc1632
     0000031F  A$lcc1632 |    00000320  A$lcc1632 |    00000323  A$lcc1632
     00000325  A$lcc1632 |    00000325  C$main.c$ |    00000328  A$lcc1632
     00000329  A$lcc1632 |    0000032A  A$lcc1632 |    0000032B  A$lcc1632
     0000032B  C$main.c$ |    0000032D  A$lcc1632 |    0000032E  A$lcc1632
     0000032F  A$lcc1632 |    00000332  A$lcc1632 |    00000333  A$lcc1632
     00000334  A$lcc1632 |    00000335  A$lcc1632 |    00000336  A$lcc1632
     00000339  A$lcc1632 |    0000033B  A$lcc1632 |    0000033B  C$main.c$
     0000033E  A$lcc1632 |    0000033F  A$lcc1632 |    00000341  A$lcc1632
     00000342  A$lcc1632 |    00000343  A$lcc1632 |    00000343  C$main.c$
     00000344  A$lcc1632 |    00000344  C$main.c$ |    00000344  XG$update
     00000346  Fmain$__s |    00000349  A$lcc1632 |    00000349  C$main.c$
     00000349  C$main.c$ |    00000349  G$update_ |    00000349  _update_f
     0000034C  A$lcc1632 |    0000034D  A$lcc1632 |    0000034F  A$lcc1632
     00000350  A$lcc1632 |    00000351  A$lcc1632 |    00000353  A$lcc1632
     00000353  C$main.c$ |    00000356  A$lcc1632 |    00000357  A$lcc1632
     00000358  A$lcc1632 |    00000359  A$lcc1632 |    0000035C  A$lcc1632
     0000035E  A$lcc1632 |    0000035E  C$main.c$ |    0000035F  A$lcc1632
     0000035F  C$main.c$ |    00000360  A$lcc1632 |    00000362  A$lcc1632
     00000362  C$main.c$ |    00000363  A$lcc1632 |    00000364  A$lcc1632
     00000366  A$lcc1632 |    00000367  A$lcc1632 |    0000036A  A$lcc1632
     0000036B  A$lcc1632 |    0000036C  A$lcc1632 |    0000036F  A$lcc1632
     00000371  A$lcc1632 |    00000371  C$main.c$ |    00000371  XG$update
     00000372  A$lcc1632 |    00000372  C$main.c$ |    00000372  C$main.c$
     00000372  G$reset_f |    00000372  _reset_fr |    00000375  A$lcc1632
     00000375  C$main.c$ |    00000378  A$lcc1632 |    0000037A  A$lcc1632
     0000037A  C$main.c$ |    0000037D  A$lcc1632 |    0000037F  A$lcc1632
     00000382  A$lcc1632 |    00000384  A$lcc1632 |    00000384  C$main.c$
     00000387  A$lcc1632 |    00000389  A$lcc1632 |    0000038A  A$lcc1632
     0000038C  A$lcc1632 |    0000038C  C$main.c$ |    0000038F  A$lcc1632
     00000390  A$lcc1632 |    00000391  A$lcc1632 |    00000393  A$lcc1632
     00000394  A$lcc1632 |    00000396  A$lcc1632 |    00000396  C$main.c$
     00000397  A$lcc1632 |    0000039A  A$lcc1632 |    0000039A  C$main.c$
     0000039D  A$lcc1632 |    0000039F  A$lcc1632 |    000003A0  A$lcc1632
     000003A1  A$lcc1632 |    000003A4  A$lcc1632 |    000003A5  A$lcc1632
ASxxxx Linker V03.00 + NoICE + sdld,  page 5.
Hexadecimal  [32-Bits]

Area                       Addr        Size        Decimal Bytes (Attributes)
--------------------       ----        ----        ------- ----- ------------
_CODE                  00000200    00001E0E =        7694. bytes (REL,CON)

        Value  Global            Value  Global            Value  Global    
        -----  ------            -----  ------            -----  ------    
     000003A8  A$lcc1632 |    000003A9  A$lcc1632 |    000003AA  A$lcc1632
     000003AB  A$lcc1632 |    000003AC  A$lcc1632 |    000003AF  A$lcc1632
     000003B0  A$lcc1632 |    000003B1  A$lcc1632 |    000003B2  A$lcc1632
     000003B5  A$lcc1632 |    000003B7  A$lcc1632 |    000003B8  A$lcc1632
     000003B9  A$lcc1632 |    000003BA  A$lcc1632 |    000003BB  A$lcc1632
     000003BC  A$lcc1632 |    000003BD  A$lcc1632 |    000003BE  A$lcc1632
     000003BF  A$lcc1632 |    000003C2  A$lcc1632 |    000003C4  A$lcc1632
     000003C4  C$main.c$ |    000003C4  C$main.c$ |    000003C4  XG$reset_
     000003C5  A$lcc1632 |    000003C5  C$main.c$ |    000003C5  C$main.c$
     000003C5  G$kill_fr |    000003C5  _kill_fro |    000003C8  A$lcc1632
     000003C9  A$lcc1632 |    000003CA  A$lcc1632 |    000003CC  A$lcc1632
     000003CC  C$main.c$ |    000003CD  A$lcc1632 |    000003CF  A$lcc1632
     000003D0  A$lcc1632 |    000003D3  A$lcc1632 |    000003D3  C$main.c$
     000003D6  A$lcc1632 |    000003D6  C$main.c$ |    000003D6  C$main.c$
     000003D8  A$lcc1632 |    000003D8  C$main.c$ |    000003D8  XG$kill_f
     000003D9  A$lcc1632 |    000003D9  C$main.c$ |    000003D9  C$main.c$
     000003D9  G$reset_t |    000003D9  _reset_ti |    000003DC  A$lcc1632
     000003DE  A$lcc1632 |    000003DF  A$lcc1632 |    000003E1  A$lcc1632
     000003E1  C$main.c$ |    000003E4  A$lcc1632 |    000003E6  A$lcc1632
     000003E6  C$main.c$ |    000003E9  A$lcc1632 |    000003EA  A$lcc1632
     000003ED  A$lcc1632 |    000003EE  A$lcc1632 |    000003F1  A$lcc1632
     000003F2  A$lcc1632 |    000003F5  A$lcc1632 |    000003F7  A$lcc1632
     000003F7  C$main.c$ |    000003F7  XG$reset_ |    000003F8  A$lcc1632
     000003F8  C$main.c$ |    000003F8  C$main.c$ |    000003F8  G$init_le
     000003F8  _init_lev |    000003FB  A$lcc1632 |    000003FC  A$lcc1632
     000003FF  A$lcc1632 |    00000400  A$lcc1632 |    00000403  A$lcc1632
     00000405  A$lcc1632 |    00000405  C$main.c$ |    00000408  A$lcc1632
     00000409  A$lcc1632 |    0000040C  A$lcc1632 |    0000040D  A$lcc1632
     00000410  A$lcc1632 |    00000412  A$lcc1632 |    00000412  C$main.c$
     00000415  A$lcc1632 |    00000416  A$lcc1632 |    00000419  A$lcc1632
     0000041A  A$lcc1632 |    0000041D  A$lcc1632 |    0000041F  A$lcc1632
     0000041F  C$main.c$ |    00000422  A$lcc1632 |    00000423  A$lcc1632
     00000426  A$lcc1632 |    00000427  A$lcc1632 |    0000042A  A$lcc1632
     0000042C  A$lcc1632 |    0000042C  C$main.c$ |    0000042F  A$lcc1632
     00000430  A$lcc1632 |    00000433  A$lcc1632 |    00000434  A$lcc1632
     00000435  A$lcc1632 |    00000436  A$lcc1632 |    00000437  A$lcc1632
     0000043A  A$lcc1632 |    0000043C  A$lcc1632 |    0000043C  C$main.c$
     0000043F  A$lcc1632 |    00000440  A$lcc1632 |    00000442  A$lcc1632
     00000443  A$lcc1632 |    00000444  A$lcc1632 |    00000447  A$lcc1632
     00000449  A$lcc1632 |    00000449  C$main.c$ |    0000044C  A$lcc1632
     0000044E  A$lcc1632 |    0000044E  C$main.c$ |    0000044F  A$lcc1632
     00000452  A$lcc1632 |    00000453  A$lcc1632 |    00000454  A$lcc1632
     00000454  C$main.c$ |    00000457  A$lcc1632 |    00000457  C$main.c$
     0000045A  A$lcc1632 |    0000045C  A$lcc1632 |    0000045C  C$main.c$
     0000045F  A$lcc1632 |    0000045F  C$main.c$ |    00000462  A$lcc1632
     00000462  C$main.c$ |    00000465  A$lcc1632 |    00000465  C$main.c$
     00000468  A$lcc1632 |    00000468  C$main.c$ |    00000468  C$main.c$
     00000468  XG$init_l |    0000046B  A$lcc1632 |    0000046B  C$main.c$
     0000046B  G$move_fr |    0000046B  _move_fro |    0000046C  A$lcc1632
     0000046D  A$lcc1632 |    0000046D  C$main.c$ |    00000470  A$lcc1632
     00000471  A$lcc1632 |    00000473  A$lcc1632 |    00000473  C$main.c$
ASxxxx Linker V03.00 + NoICE + sdld,  page 6.
Hexadecimal  [32-Bits]

Area                       Addr        Size        Decimal Bytes (Attributes)
--------------------       ----        ----        ------- ----- ------------
_CODE                  00000200    00001E0E =        7694. bytes (REL,CON)

        Value  Global            Value  Global            Value  Global    
        -----  ------            -----  ------            -----  ------    
     00000476  A$lcc1632 |    00000477  A$lcc1632 |    00000479  A$lcc1632
     0000047A  A$lcc1632 |    0000047B  A$lcc1632 |    0000047C  A$lcc1632
     0000047D  A$lcc1632 |    00000480  A$lcc1632 |    00000482  A$lcc1632
     00000484  A$lcc1632 |    00000487  A$lcc1632 |    00000489  A$lcc1632
     0000048C  A$lcc1632 |    0000048D  A$lcc1632 |    0000048E  A$lcc1632
     0000048F  A$lcc1632 |    00000490  A$lcc1632 |    00000491  A$lcc1632
     00000494  A$lcc1632 |    00000495  A$lcc1632 |    00000496  A$lcc1632
     00000497  A$lcc1632 |    0000049A  A$lcc1632 |    0000049C  A$lcc1632
     0000049D  A$lcc1632 |    000004A0  A$lcc1632 |    000004A1  A$lcc1632
     000004A2  A$lcc1632 |    000004A3  A$lcc1632 |    000004A6  A$lcc1632
     000004A7  A$lcc1632 |    000004A8  A$lcc1632 |    000004A9  A$lcc1632
     000004AC  A$lcc1632 |    000004AE  A$lcc1632 |    000004B0  A$lcc1632
     000004B1  A$lcc1632 |    000004B2  A$lcc1632 |    000004B3  A$lcc1632
     000004B4  A$lcc1632 |    000004B6  A$lcc1632 |    000004B7  A$lcc1632
     000004BA  A$lcc1632 |    000004BC  A$lcc1632 |    000004BC  C$main.c$
     000004BE  A$lcc1632 |    000004BE  C$main.c$ |    000004C1  A$lcc1632
     000004C2  A$lcc1632 |    000004C4  A$lcc1632 |    000004C4  C$main.c$
     000004C7  A$lcc1632 |    000004C8  A$lcc1632 |    000004C9  A$lcc1632
     000004CA  A$lcc1632 |    000004CD  A$lcc1632 |    000004CF  A$lcc1632
     000004D1  A$lcc1632 |    000004D4  A$lcc1632 |    000004D6  A$lcc1632
     000004D9  A$lcc1632 |    000004DA  A$lcc1632 |    000004DB  A$lcc1632
     000004DC  A$lcc1632 |    000004DF  A$lcc1632 |    000004E0  A$lcc1632
     000004E1  A$lcc1632 |    000004E2  A$lcc1632 |    000004E5  A$lcc1632
     000004E6  A$lcc1632 |    000004E9  A$lcc1632 |    000004EA  A$lcc1632
     000004EB  A$lcc1632 |    000004EC  A$lcc1632 |    000004ED  A$lcc1632
     000004F0  A$lcc1632 |    000004F1  A$lcc1632 |    000004F2  A$lcc1632
     000004F3  A$lcc1632 |    000004F6  A$lcc1632 |    000004F8  A$lcc1632
     000004F9  A$lcc1632 |    000004FA  A$lcc1632 |    000004FB  A$lcc1632
     000004FC  A$lcc1632 |    000004FD  A$lcc1632 |    000004FE  A$lcc1632
     000004FF  A$lcc1632 |    00000500  A$lcc1632 |    00000503  A$lcc1632
     00000505  A$lcc1632 |    00000505  C$main.c$ |    00000506  A$lcc1632
     00000507  A$lcc1632 |    00000507  C$main.c$ |    00000507  XG$move_f
     00000508  A$lcc1632 |    00000508  C$main.c$ |    00000508  C$main.c$
     00000508  G$update_ |    00000508  _update_m |    0000050B  A$lcc1632
     0000050C  A$lcc1632 |    0000050E  A$lcc1632 |    0000050E  C$main.c$
     00000511  A$lcc1632 |    00000511  C$main.c$ |    00000514  A$lcc1632
     00000516  A$lcc1632 |    00000518  A$lcc1632 |    0000051B  A$lcc1632
     0000051D  A$lcc1632 |    00000520  A$lcc1632 |    00000521  A$lcc1632
     00000524  A$lcc1632 |    00000525  A$lcc1632 |    00000526  A$lcc1632
     00000527  A$lcc1632 |    00000527  C$main.c$ |    0000052A  A$lcc1632
     0000052B  A$lcc1632 |    0000052D  A$lcc1632 |    0000052D  C$main.c$
     00000530  A$lcc1632 |    00000530  C$main.c$ |    00000533  A$lcc1632
     00000535  A$lcc1632 |    00000537  A$lcc1632 |    0000053A  A$lcc1632
     0000053C  A$lcc1632 |    0000053F  A$lcc1632 |    00000540  A$lcc1632
     00000543  A$lcc1632 |    00000544  A$lcc1632 |    00000545  A$lcc1632
     00000546  A$lcc1632 |    00000546  C$main.c$ |    00000549  A$lcc1632
     0000054A  A$lcc1632 |    0000054C  A$lcc1632 |    0000054F  A$lcc1632
     00000550  A$lcc1632 |    00000551  A$lcc1632 |    00000551  C$main.c$
     00000554  A$lcc1632 |    00000556  A$lcc1632 |    00000556  C$main.c$
     00000559  A$lcc1632 |    0000055A  A$lcc1632 |    0000055B  A$lcc1632
     0000055C  A$lcc1632 |    0000055F  A$lcc1632 |    00000560  A$lcc1632
ASxxxx Linker V03.00 + NoICE + sdld,  page 7.
Hexadecimal  [32-Bits]

Area                       Addr        Size        Decimal Bytes (Attributes)
--------------------       ----        ----        ------- ----- ------------
_CODE                  00000200    00001E0E =        7694. bytes (REL,CON)

        Value  Global            Value  Global            Value  Global    
        -----  ------            -----  ------            -----  ------    
     00000562  A$lcc1632 |    00000563  A$lcc1632 |    00000564  A$lcc1632
     00000565  A$lcc1632 |    00000566  A$lcc1632 |    00000567  A$lcc1632
     00000568  A$lcc1632 |    0000056A  A$lcc1632 |    0000056C  A$lcc1632
     0000056E  A$lcc1632 |    00000570  A$lcc1632 |    00000571  A$lcc1632
     00000573  A$lcc1632 |    00000575  A$lcc1632 |    00000577  A$lcc1632
     00000578  A$lcc1632 |    00000579  A$lcc1632 |    00000579  C$main.c$
     0000057C  A$lcc1632 |    0000057D  A$lcc1632 |    0000057F  A$lcc1632
     00000580  A$lcc1632 |    00000581  A$lcc1632 |    00000583  A$lcc1632
     00000584  A$lcc1632 |    00000584  C$main.c$ |    00000587  A$lcc1632
     00000587  C$main.c$ |    0000058A  A$lcc1632 |    0000058D  A$lcc1632
     0000058D  C$main.c$ |    0000058D  XG$update |    0000058E  A$lcc1632
     0000058E  C$main.c$ |    0000058E  C$main.c$ |    0000058E  G$paralla
     0000058E  _parallax |    00000590  A$lcc1632 |    00000591  A$lcc1632
     00000593  A$lcc1632 |    00000595  A$lcc1632 |    00000597  A$lcc1632
     00000599  A$lcc1632 |    0000059B  A$lcc1632 |    0000059D  A$lcc1632
     0000059F  A$lcc1632 |    000005A1  A$lcc1632 |    000005A3  A$lcc1632
     000005A5  A$lcc1632 |    000005A7  A$lcc1632 |    000005A9  A$lcc1632
     000005AB  A$lcc1632 |    000005AD  A$lcc1632 |    000005AF  A$lcc1632
     000005B1  A$lcc1632 |    000005B3  A$lcc1632 |    000005B5  A$lcc1632
     000005B8  A$lcc1632 |    000005BA  A$lcc1632 |    000005BD  A$lcc1632
     000005BF  A$lcc1632 |    000005C2  A$lcc1632 |    000005C4  A$lcc1632
     000005C7  A$lcc1632 |    000005C8  A$lcc1632 |    000005C8  C$main.c$
     000005C9  A$lcc1632 |    000005CB  A$lcc1632 |    000005CC  A$lcc1632
     000005CE  A$lcc1632 |    000005CE  C$main.c$ |    000005D0  A$lcc1632
     000005D2  A$lcc1632 |    000005D2  C$main.c$ |    000005D3  A$lcc1632
     000005D3  C$main.c$ |    000005D6  A$lcc1632 |    000005D8  A$lcc1632
     000005D9  A$lcc1632 |    000005DB  A$lcc1632 |    000005DB  C$main.c$
     000005DD  A$lcc1632 |    000005DF  A$lcc1632 |    000005DF  C$main.c$
     000005E0  A$lcc1632 |    000005E0  C$main.c$ |    000005E3  A$lcc1632
     000005E5  A$lcc1632 |    000005E6  A$lcc1632 |    000005E8  A$lcc1632
     000005E8  C$main.c$ |    000005EA  A$lcc1632 |    000005EC  A$lcc1632
     000005EC  C$main.c$ |    000005ED  A$lcc1632 |    000005ED  C$main.c$
     000005F0  A$lcc1632 |    000005F2  A$lcc1632 |    000005F3  A$lcc1632
     000005F5  A$lcc1632 |    000005F5  C$main.c$ |    000005F7  A$lcc1632
     000005F9  A$lcc1632 |    000005F9  C$main.c$ |    000005FA  A$lcc1632
     000005FA  C$main.c$ |    000005FD  A$lcc1632 |    000005FF  A$lcc1632
     00000600  A$lcc1632 |    00000602  A$lcc1632 |    00000602  C$main.c$
     00000604  A$lcc1632 |    00000606  A$lcc1632 |    00000606  C$main.c$
     00000607  A$lcc1632 |    00000607  C$main.c$ |    0000060A  A$lcc1632
     0000060C  A$lcc1632 |    0000060D  A$lcc1632 |    0000060F  A$lcc1632
     0000060F  C$main.c$ |    00000611  A$lcc1632 |    00000613  A$lcc1632
     00000613  C$main.c$ |    00000614  A$lcc1632 |    00000614  C$main.c$
     00000615  A$lcc1632 |    00000617  A$lcc1632 |    00000618  A$lcc1632
     0000061A  A$lcc1632 |    0000061A  C$main.c$ |    0000061C  A$lcc1632
     0000061E  A$lcc1632 |    0000061E  C$main.c$ |    0000061F  A$lcc1632
     0000061F  C$main.c$ |    00000622  A$lcc1632 |    00000624  A$lcc1632
     00000625  A$lcc1632 |    00000627  A$lcc1632 |    00000627  C$main.c$
     00000629  A$lcc1632 |    0000062B  A$lcc1632 |    0000062B  C$main.c$
     0000062C  A$lcc1632 |    0000062C  C$main.c$ |    0000062F  A$lcc1632
     00000631  A$lcc1632 |    00000632  A$lcc1632 |    00000634  A$lcc1632
     00000634  C$main.c$ |    00000636  A$lcc1632 |    00000638  A$lcc1632
ASxxxx Linker V03.00 + NoICE + sdld,  page 8.
Hexadecimal  [32-Bits]

Area                       Addr        Size        Decimal Bytes (Attributes)
--------------------       ----        ----        ------- ----- ------------
_CODE                  00000200    00001E0E =        7694. bytes (REL,CON)

        Value  Global            Value  Global            Value  Global    
        -----  ------            -----  ------            -----  ------    
     00000638  C$main.c$ |    00000639  A$lcc1632 |    00000639  C$main.c$
     0000063C  A$lcc1632 |    0000063E  A$lcc1632 |    0000063F  A$lcc1632
     00000641  A$lcc1632 |    00000641  C$main.c$ |    00000643  A$lcc1632
     00000645  A$lcc1632 |    00000645  C$main.c$ |    00000646  A$lcc1632
     00000646  C$main.c$ |    00000649  A$lcc1632 |    0000064B  A$lcc1632
     0000064C  A$lcc1632 |    0000064E  A$lcc1632 |    0000064E  C$main.c$
     00000650  A$lcc1632 |    00000652  A$lcc1632 |    00000652  C$main.c$
     00000653  A$lcc1632 |    00000653  C$main.c$ |    00000656  A$lcc1632
     00000658  A$lcc1632 |    00000659  A$lcc1632 |    0000065B  A$lcc1632
     0000065B  C$main.c$ |    0000065D  A$lcc1632 |    0000065F  A$lcc1632
     0000065F  C$main.c$ |    00000660  A$lcc1632 |    00000660  C$main.c$
     00000661  A$lcc1632 |    00000663  A$lcc1632 |    00000664  A$lcc1632
     00000666  A$lcc1632 |    00000666  C$main.c$ |    00000667  A$lcc1632
     00000669  A$lcc1632 |    00000669  C$main.c$ |    00000669  C$main.c$
     00000669  XG$parall |    0000066A  A$lcc1632 |    0000066A  C$main.c$
     0000066A  G$scroll_ |    0000066A  _scroll_c |    0000066B  A$lcc1632
     0000066B  C$main.c$ |    0000066E  A$lcc1632 |    0000066F  A$lcc1632
     00000671  A$lcc1632 |    00000674  A$lcc1632 |    00000675  A$lcc1632
     00000676  A$lcc1632 |    00000679  A$lcc1632 |    0000067B  A$lcc1632
     0000067C  A$lcc1632 |    0000067D  A$lcc1632 |    00000680  A$lcc1632
     00000680  C$main.c$ |    00000683  A$lcc1632 |    00000684  A$lcc1632
     00000685  A$lcc1632 |    00000686  A$lcc1632 |    00000686  C$main.c$
     00000687  A$lcc1632 |    00000688  A$lcc1632 |    00000689  A$lcc1632
     0000068A  A$lcc1632 |    0000068B  A$lcc1632 |    0000068C  A$lcc1632
     0000068C  C$main.c$ |    0000068D  A$lcc1632 |    0000068E  A$lcc1632
     0000068F  A$lcc1632 |    00000690  A$lcc1632 |    00000691  A$lcc1632
     00000692  A$lcc1632 |    00000693  A$lcc1632 |    00000696  A$lcc1632
     00000697  A$lcc1632 |    00000697  C$main.c$ |    00000697  C$main.c$
     00000697  C$main.c$ |    00000698  A$lcc1632 |    0000069A  A$lcc1632
     0000069A  C$main.c$ |    0000069D  A$lcc1632 |    0000069E  A$lcc1632
     0000069F  A$lcc1632 |    000006A0  A$lcc1632 |    000006A1  A$lcc1632
     000006A4  A$lcc1632 |    000006A5  A$lcc1632 |    000006A6  A$lcc1632
     000006A7  A$lcc1632 |    000006AA  A$lcc1632 |    000006AC  A$lcc1632
     000006AD  A$lcc1632 |    000006B0  A$lcc1632 |    000006B1  A$lcc1632
     000006B2  A$lcc1632 |    000006B3  A$lcc1632 |    000006B4  A$lcc1632
     000006B7  A$lcc1632 |    000006B8  A$lcc1632 |    000006B9  A$lcc1632
     000006BA  A$lcc1632 |    000006BD  A$lcc1632 |    000006BF  A$lcc1632
     000006C1  A$lcc1632 |    000006C2  A$lcc1632 |    000006C3  A$lcc1632
     000006C4  A$lcc1632 |    000006C5  A$lcc1632 |    000006C7  A$lcc1632
     000006C8  A$lcc1632 |    000006CB  A$lcc1632 |    000006CD  A$lcc1632
     000006CD  C$main.c$ |    000006CD  C$main.c$ |    000006D0  A$lcc1632
     000006D2  A$lcc1632 |    000006D4  A$lcc1632 |    000006D4  C$main.c$
     000006D7  A$lcc1632 |    000006D8  A$lcc1632 |    000006D9  A$lcc1632
     000006DA  A$lcc1632 |    000006DB  A$lcc1632 |    000006DE  A$lcc1632
     000006DF  A$lcc1632 |    000006E0  A$lcc1632 |    000006E1  A$lcc1632
     000006E4  A$lcc1632 |    000006E6  A$lcc1632 |    000006E7  A$lcc1632
     000006EA  A$lcc1632 |    000006EB  A$lcc1632 |    000006EC  A$lcc1632
     000006ED  A$lcc1632 |    000006EE  A$lcc1632 |    000006F1  A$lcc1632
     000006F2  A$lcc1632 |    000006F3  A$lcc1632 |    000006F4  A$lcc1632
     000006F7  A$lcc1632 |    000006F9  A$lcc1632 |    000006FB  A$lcc1632
     000006FC  A$lcc1632 |    000006FD  A$lcc1632 |    000006FE  A$lcc1632
ASxxxx Linker V03.00 + NoICE + sdld,  page 9.
Hexadecimal  [32-Bits]

Area                       Addr        Size        Decimal Bytes (Attributes)
--------------------       ----        ----        ------- ----- ------------
_CODE                  00000200    00001E0E =        7694. bytes (REL,CON)

        Value  Global            Value  Global            Value  Global    
        -----  ------            -----  ------            -----  ------    
     000006FF  A$lcc1632 |    00000701  A$lcc1632 |    00000702  A$lcc1632
     00000705  A$lcc1632 |    00000707  A$lcc1632 |    00000707  C$main.c$
     00000707  C$main.c$ |    0000070A  A$lcc1632 |    0000070B  A$lcc1632
     0000070D  A$lcc1632 |    00000710  A$lcc1632 |    00000711  A$lcc1632
     00000712  A$lcc1632 |    00000715  A$lcc1632 |    00000717  A$lcc1632
     00000718  A$lcc1632 |    00000719  A$lcc1632 |    0000071B  A$lcc1632
     0000071B  C$main.c$ |    0000071E  A$lcc1632 |    0000071F  A$lcc1632
     00000720  A$lcc1632 |    00000721  A$lcc1632 |    00000721  C$main.c$
     00000724  A$lcc1632 |    00000726  A$lcc1632 |    00000728  A$lcc1632
     00000728  C$main.c$ |    0000072B  A$lcc1632 |    0000072C  A$lcc1632
     0000072D  A$lcc1632 |    0000072E  A$lcc1632 |    0000072F  A$lcc1632
     00000732  A$lcc1632 |    00000733  A$lcc1632 |    00000734  A$lcc1632
     00000735  A$lcc1632 |    00000738  A$lcc1632 |    0000073A  A$lcc1632
     0000073B  A$lcc1632 |    0000073E  A$lcc1632 |    0000073F  A$lcc1632
     00000740  A$lcc1632 |    00000741  A$lcc1632 |    00000742  A$lcc1632
     00000745  A$lcc1632 |    00000746  A$lcc1632 |    00000747  A$lcc1632
     00000748  A$lcc1632 |    0000074B  A$lcc1632 |    0000074D  A$lcc1632
     0000074F  A$lcc1632 |    00000750  A$lcc1632 |    00000751  A$lcc1632
     00000752  A$lcc1632 |    00000753  A$lcc1632 |    00000755  A$lcc1632
     00000756  A$lcc1632 |    00000759  A$lcc1632 |    0000075B  A$lcc1632
     0000075B  C$main.c$ |    0000075B  C$main.c$ |    0000075E  A$lcc1632
     00000760  A$lcc1632 |    00000762  A$lcc1632 |    00000762  C$main.c$
     00000765  A$lcc1632 |    00000766  A$lcc1632 |    00000767  A$lcc1632
     00000768  A$lcc1632 |    00000768  C$main.c$ |    0000076B  A$lcc1632
     0000076C  A$lcc1632 |    0000076D  A$lcc1632 |    0000076E  A$lcc1632
     0000076E  C$main.c$ |    00000771  A$lcc1632 |    00000772  A$lcc1632
     00000773  A$lcc1632 |    00000774  A$lcc1632 |    00000774  C$main.c$
     00000777  A$lcc1632 |    00000778  A$lcc1632 |    00000779  A$lcc1632
     0000077A  A$lcc1632 |    0000077A  C$main.c$ |    0000077D  A$lcc1632
     0000077F  A$lcc1632 |    00000781  A$lcc1632 |    00000781  C$main.c$
     00000784  A$lcc1632 |    00000785  A$lcc1632 |    00000786  A$lcc1632
     00000787  A$lcc1632 |    00000788  A$lcc1632 |    00000789  A$lcc1632
     0000078A  A$lcc1632 |    0000078B  A$lcc1632 |    0000078C  A$lcc1632
     0000078D  A$lcc1632 |    0000078E  A$lcc1632 |    0000078F  A$lcc1632
     00000790  A$lcc1632 |    00000793  A$lcc1632 |    00000794  A$lcc1632
     00000795  A$lcc1632 |    00000798  A$lcc1632 |    00000799  A$lcc1632
     0000079A  A$lcc1632 |    0000079B  A$lcc1632 |    0000079C  A$lcc1632
     0000079F  A$lcc1632 |    000007A0  A$lcc1632 |    000007A1  A$lcc1632
     000007A2  A$lcc1632 |    000007A5  A$lcc1632 |    000007A7  A$lcc1632
     000007A8  A$lcc1632 |    000007A9  A$lcc1632 |    000007AA  A$lcc1632
     000007AB  A$lcc1632 |    000007AC  A$lcc1632 |    000007AD  A$lcc1632
     000007AE  A$lcc1632 |    000007AF  A$lcc1632 |    000007B2  A$lcc1632
     000007B4  A$lcc1632 |    000007B4  C$main.c$ |    000007B4  C$main.c$
     000007B7  A$lcc1632 |    000007B8  A$lcc1632 |    000007BA  A$lcc1632
     000007BD  A$lcc1632 |    000007BE  A$lcc1632 |    000007BF  A$lcc1632
     000007C2  A$lcc1632 |    000007C4  A$lcc1632 |    000007C5  A$lcc1632
     000007C6  A$lcc1632 |    000007C8  A$lcc1632 |    000007C8  C$main.c$
     000007CB  A$lcc1632 |    000007CC  A$lcc1632 |    000007CD  A$lcc1632
     000007CE  A$lcc1632 |    000007CE  C$main.c$ |    000007D1  A$lcc1632
     000007D2  A$lcc1632 |    000007D3  A$lcc1632 |    000007D4  A$lcc1632
     000007D4  C$main.c$ |    000007D7  A$lcc1632 |    000007D8  A$lcc1632
ASxxxx Linker V03.00 + NoICE + sdld,  page 10.
Hexadecimal  [32-Bits]

Area                       Addr        Size        Decimal Bytes (Attributes)
--------------------       ----        ----        ------- ----- ------------
_CODE                  00000200    00001E0E =        7694. bytes (REL,CON)

        Value  Global            Value  Global            Value  Global    
        -----  ------            -----  ------            -----  ------    
     000007D9  A$lcc1632 |    000007D9  C$main.c$ |    000007D9  XG$scroll
     000007DA  A$lcc1632 |    000007DA  C$main.c$ |    000007DA  G$drain_t
     000007DA  _drain_ti |    000007DB  A$lcc1632 |    000007DB  C$main.c$
     000007DE  A$lcc1632 |    000007DF  A$lcc1632 |    000007E1  A$lcc1632
     000007E2  A$lcc1632 |    000007E4  A$lcc1632 |    000007E5  A$lcc1632
     000007E7  A$lcc1632 |    000007E8  A$lcc1632 |    000007E8  C$main.c$
     000007E9  A$lcc1632 |    000007EA  A$lcc1632 |    000007EC  A$lcc1632
     000007EE  A$lcc1632 |    000007F1  A$lcc1632 |    000007F2  A$lcc1632
     000007F4  A$lcc1632 |    000007F6  A$lcc1632 |    000007F8  A$lcc1632
     000007FA  A$lcc1632 |    000007FC  A$lcc1632 |    000007FE  A$lcc1632
     000007FF  A$lcc1632 |    000007FF  C$main.c$ |    00000801  A$lcc1632
     00000802  A$lcc1632 |    00000804  A$lcc1632 |    00000805  A$lcc1632
     00000806  A$lcc1632 |    00000807  A$lcc1632 |    00000808  A$lcc1632
     0000080B  A$lcc1632 |    0000080C  A$lcc1632 |    0000080D  A$lcc1632
     0000080D  C$main.c$ |    0000080F  A$lcc1632 |    00000810  A$lcc1632
     00000812  A$lcc1632 |    00000815  A$lcc1632 |    00000816  A$lcc1632
     00000818  A$lcc1632 |    00000819  A$lcc1632 |    0000081A  A$lcc1632
     0000081C  A$lcc1632 |    0000081D  A$lcc1632 |    0000081E  A$lcc1632
     00000820  A$lcc1632 |    00000820  C$main.c$ |    00000822  A$lcc1632
     00000823  A$lcc1632 |    00000825  A$lcc1632 |    00000826  A$lcc1632
     00000828  A$lcc1632 |    00000829  A$lcc1632 |    0000082A  A$lcc1632
     0000082B  A$lcc1632 |    0000082E  A$lcc1632 |    00000830  A$lcc1632
     00000830  C$main.c$ |    00000833  A$lcc1632 |    00000834  A$lcc1632
     00000834  C$main.c$ |    00000837  A$lcc1632 |    00000838  A$lcc1632
     0000083A  A$lcc1632 |    0000083B  A$lcc1632 |    0000083C  A$lcc1632
     0000083E  A$lcc1632 |    0000083F  A$lcc1632 |    0000083F  C$main.c$
     00000842  A$lcc1632 |    00000842  C$main.c$ |    00000845  A$lcc1632
     00000846  A$lcc1632 |    00000848  A$lcc1632 |    00000849  A$lcc1632
     0000084A  A$lcc1632 |    0000084A  C$main.c$ |    0000084D  A$lcc1632
     0000084F  A$lcc1632 |    00000851  A$lcc1632 |    00000851  C$main.c$
     00000854  A$lcc1632 |    00000854  C$main.c$ |    00000857  A$lcc1632
     00000857  C$main.c$ |    0000085A  A$lcc1632 |    0000085C  A$lcc1632
     0000085D  A$lcc1632 |    0000085D  C$main.c$ |    0000085D  XG$drain_
     0000085E  A$lcc1632 |    0000085E  C$main.c$ |    0000085E  G$win_che
     0000085E  _win_chec |    00000860  A$lcc1632 |    00000860  C$main.c$
     00000862  A$lcc1632 |    00000863  A$lcc1632 |    00000865  A$lcc1632
     00000866  A$lcc1632 |    00000867  A$lcc1632 |    00000868  A$lcc1632
     00000869  A$lcc1632 |    0000086A  A$lcc1632 |    0000086B  A$lcc1632
     0000086E  A$lcc1632 |    0000086F  A$lcc1632 |    00000870  A$lcc1632
     00000871  A$lcc1632 |    00000873  A$lcc1632 |    00000874  A$lcc1632
     00000875  A$lcc1632 |    00000876  A$lcc1632 |    00000878  A$lcc1632
     00000879  A$lcc1632 |    0000087A  A$lcc1632 |    0000087B  A$lcc1632
     0000087C  A$lcc1632 |    0000087E  A$lcc1632 |    00000880  A$lcc1632
     00000881  A$lcc1632 |    00000882  A$lcc1632 |    00000883  A$lcc1632
     00000884  A$lcc1632 |    00000885  A$lcc1632 |    00000886  A$lcc1632
     00000889  A$lcc1632 |    0000088A  A$lcc1632 |    0000088B  A$lcc1632
     0000088C  A$lcc1632 |    0000088D  A$lcc1632 |    0000088E  A$lcc1632
     0000088F  A$lcc1632 |    00000891  A$lcc1632 |    00000893  A$lcc1632
     00000894  A$lcc1632 |    00000896  A$lcc1632 |    00000897  A$lcc1632
     00000899  A$lcc1632 |    0000089A  A$lcc1632 |    0000089C  A$lcc1632
     0000089D  A$lcc1632 |    0000089F  A$lcc1632 |    000008A0  A$lcc1632
ASxxxx Linker V03.00 + NoICE + sdld,  page 11.
Hexadecimal  [32-Bits]

Area                       Addr        Size        Decimal Bytes (Attributes)
--------------------       ----        ----        ------- ----- ------------
_CODE                  00000200    00001E0E =        7694. bytes (REL,CON)

        Value  Global            Value  Global            Value  Global    
        -----  ------            -----  ------            -----  ------    
     000008A2  A$lcc1632 |    000008A2  C$main.c$ |    000008A4  A$lcc1632
     000008A5  A$lcc1632 |    000008A7  A$lcc1632 |    000008A8  A$lcc1632
     000008A9  A$lcc1632 |    000008AA  A$lcc1632 |    000008AB  A$lcc1632
     000008AC  A$lcc1632 |    000008AD  A$lcc1632 |    000008B0  A$lcc1632
     000008B1  A$lcc1632 |    000008B2  A$lcc1632 |    000008B3  A$lcc1632
     000008B5  A$lcc1632 |    000008B6  A$lcc1632 |    000008B7  A$lcc1632
     000008B8  A$lcc1632 |    000008BA  A$lcc1632 |    000008BB  A$lcc1632
     000008BC  A$lcc1632 |    000008BD  A$lcc1632 |    000008BE  A$lcc1632
     000008C0  A$lcc1632 |    000008C2  A$lcc1632 |    000008C4  A$lcc1632
     000008C5  A$lcc1632 |    000008C6  A$lcc1632 |    000008C7  A$lcc1632
     000008CA  A$lcc1632 |    000008CB  A$lcc1632 |    000008CC  A$lcc1632
     000008CD  A$lcc1632 |    000008CF  A$lcc1632 |    000008D1  A$lcc1632
     000008D3  A$lcc1632 |    000008D5  A$lcc1632 |    000008D7  A$lcc1632
     000008D9  A$lcc1632 |    000008D9  C$main.c$ |    000008DB  A$lcc1632
     000008DC  A$lcc1632 |    000008DD  A$lcc1632 |    000008DE  A$lcc1632
     000008E1  A$lcc1632 |    000008E2  A$lcc1632 |    000008E3  A$lcc1632
     000008E4  A$lcc1632 |    000008E6  A$lcc1632 |    000008E7  A$lcc1632
     000008E8  A$lcc1632 |    000008E9  A$lcc1632 |    000008EB  A$lcc1632
     000008EC  A$lcc1632 |    000008ED  A$lcc1632 |    000008EE  A$lcc1632
     000008EF  A$lcc1632 |    000008F0  A$lcc1632 |    000008F1  A$lcc1632
     000008F2  A$lcc1632 |    000008F3  A$lcc1632 |    000008F5  A$lcc1632
     000008F7  A$lcc1632 |    000008F8  A$lcc1632 |    000008F9  A$lcc1632
     000008FA  A$lcc1632 |    000008FB  A$lcc1632 |    000008FC  A$lcc1632
     000008FD  A$lcc1632 |    00000900  A$lcc1632 |    00000901  A$lcc1632
     00000902  A$lcc1632 |    00000903  A$lcc1632 |    00000905  A$lcc1632
     00000906  A$lcc1632 |    00000907  A$lcc1632 |    00000908  A$lcc1632
     0000090A  A$lcc1632 |    0000090B  A$lcc1632 |    0000090D  A$lcc1632
     0000090E  A$lcc1632 |    0000090F  A$lcc1632 |    00000910  A$lcc1632
     00000912  A$lcc1632 |    00000914  A$lcc1632 |    00000916  A$lcc1632
     00000918  A$lcc1632 |    0000091A  A$lcc1632 |    0000091C  A$lcc1632
     0000091C  C$main.c$ |    0000091E  A$lcc1632 |    0000091F  A$lcc1632
     00000921  A$lcc1632 |    00000922  A$lcc1632 |    00000924  A$lcc1632
     00000925  A$lcc1632 |    00000927  A$lcc1632 |    00000928  A$lcc1632
     0000092A  A$lcc1632 |    0000092C  A$lcc1632 |    0000092E  A$lcc1632
     0000092F  A$lcc1632 |    00000931  A$lcc1632 |    00000932  A$lcc1632
     00000934  A$lcc1632 |    00000935  A$lcc1632 |    00000936  A$lcc1632
     00000937  A$lcc1632 |    00000938  A$lcc1632 |    00000939  A$lcc1632
     0000093A  A$lcc1632 |    0000093A  C$main.c$ |    0000093C  A$lcc1632
     0000093D  A$lcc1632 |    0000093E  A$lcc1632 |    0000093F  A$lcc1632
     00000940  A$lcc1632 |    00000941  A$lcc1632 |    00000942  A$lcc1632
     00000942  C$main.c$ |    00000945  A$lcc1632 |    00000946  A$lcc1632
     00000947  A$lcc1632 |    0000094A  A$lcc1632 |    0000094B  A$lcc1632
     0000094C  A$lcc1632 |    0000094D  A$lcc1632 |    0000094F  A$lcc1632
     00000950  A$lcc1632 |    00000951  A$lcc1632 |    00000953  A$lcc1632
     00000953  C$main.c$ |    00000956  A$lcc1632 |    00000957  A$lcc1632
     0000095A  A$lcc1632 |    0000095B  A$lcc1632 |    0000095E  A$lcc1632
     0000095F  A$lcc1632 |    00000962  A$lcc1632 |    00000964  A$lcc1632
     00000964  C$main.c$ |    00000967  A$lcc1632 |    00000969  A$lcc1632
     0000096C  A$lcc1632 |    0000096D  A$lcc1632 |    0000096E  A$lcc1632
     0000096F  A$lcc1632 |    00000972  A$lcc1632 |    00000973  A$lcc1632
     00000974  A$lcc1632 |    00000975  A$lcc1632 |    00000976  A$lcc1632
ASxxxx Linker V03.00 + NoICE + sdld,  page 12.
Hexadecimal  [32-Bits]

Area                       Addr        Size        Decimal Bytes (Attributes)
--------------------       ----        ----        ------- ----- ------------
_CODE                  00000200    00001E0E =        7694. bytes (REL,CON)

        Value  Global            Value  Global            Value  Global    
        -----  ------            -----  ------            -----  ------    
     00000977  A$lcc1632 |    00000978  A$lcc1632 |    0000097B  A$lcc1632
     0000097C  A$lcc1632 |    0000097C  C$main.c$ |    0000097F  A$lcc1632
     0000097F  C$main.c$ |    00000980  A$lcc1632 |    00000982  A$lcc1632
     00000984  A$lcc1632 |    00000985  A$lcc1632 |    00000987  A$lcc1632
     00000989  A$lcc1632 |    00000989  C$main.c$ |    0000098C  A$lcc1632
     0000098D  A$lcc1632 |    00000990  A$lcc1632 |    00000991  A$lcc1632
     00000994  A$lcc1632 |    00000995  A$lcc1632 |    00000998  A$lcc1632
     0000099A  A$lcc1632 |    0000099A  C$main.c$ |    0000099D  A$lcc1632
     0000099F  A$lcc1632 |    000009A2  A$lcc1632 |    000009A3  A$lcc1632
     000009A4  A$lcc1632 |    000009A5  A$lcc1632 |    000009A8  A$lcc1632
     000009A9  A$lcc1632 |    000009AA  A$lcc1632 |    000009AB  A$lcc1632
     000009AC  A$lcc1632 |    000009AD  A$lcc1632 |    000009AE  A$lcc1632
     000009B1  A$lcc1632 |    000009B2  A$lcc1632 |    000009B2  C$main.c$
     000009B5  A$lcc1632 |    000009B5  C$main.c$ |    000009B6  A$lcc1632
     000009B8  A$lcc1632 |    000009BA  A$lcc1632 |    000009BB  A$lcc1632
     000009BD  A$lcc1632 |    000009BF  A$lcc1632 |    000009BF  C$main.c$
     000009C2  A$lcc1632 |    000009C3  A$lcc1632 |    000009C6  A$lcc1632
     000009C7  A$lcc1632 |    000009CA  A$lcc1632 |    000009CB  A$lcc1632
     000009CE  A$lcc1632 |    000009D0  A$lcc1632 |    000009D0  C$main.c$
     000009D3  A$lcc1632 |    000009D5  A$lcc1632 |    000009D8  A$lcc1632
     000009D9  A$lcc1632 |    000009DA  A$lcc1632 |    000009DB  A$lcc1632
     000009DE  A$lcc1632 |    000009DF  A$lcc1632 |    000009E0  A$lcc1632
     000009E1  A$lcc1632 |    000009E2  A$lcc1632 |    000009E3  A$lcc1632
     000009E4  A$lcc1632 |    000009E7  A$lcc1632 |    000009E8  A$lcc1632
     000009E8  C$main.c$ |    000009EA  A$lcc1632 |    000009EA  C$main.c$
     000009EB  A$lcc1632 |    000009ED  A$lcc1632 |    000009EF  A$lcc1632
     000009F0  A$lcc1632 |    000009F2  A$lcc1632 |    000009F4  A$lcc1632
     000009F4  C$main.c$ |    000009F7  A$lcc1632 |    000009F8  A$lcc1632
     000009FB  A$lcc1632 |    000009FC  A$lcc1632 |    000009FF  A$lcc1632
     00000A00  A$lcc1632 |    00000A03  A$lcc1632 |    00000A05  A$lcc1632
     00000A05  C$main.c$ |    00000A08  A$lcc1632 |    00000A0A  A$lcc1632
     00000A0D  A$lcc1632 |    00000A0E  A$lcc1632 |    00000A0F  A$lcc1632
     00000A10  A$lcc1632 |    00000A13  A$lcc1632 |    00000A14  A$lcc1632
     00000A15  A$lcc1632 |    00000A16  A$lcc1632 |    00000A17  A$lcc1632
     00000A18  A$lcc1632 |    00000A19  A$lcc1632 |    00000A1C  A$lcc1632
     00000A1D  A$lcc1632 |    00000A1D  C$main.c$ |    00000A1F  A$lcc1632
     00000A1F  C$main.c$ |    00000A20  A$lcc1632 |    00000A22  A$lcc1632
     00000A24  A$lcc1632 |    00000A25  A$lcc1632 |    00000A27  A$lcc1632
     00000A29  A$lcc1632 |    00000A29  C$main.c$ |    00000A2C  A$lcc1632
     00000A2D  A$lcc1632 |    00000A30  A$lcc1632 |    00000A31  A$lcc1632
     00000A34  A$lcc1632 |    00000A35  A$lcc1632 |    00000A38  A$lcc1632
     00000A3A  A$lcc1632 |    00000A3A  C$main.c$ |    00000A3D  A$lcc1632
     00000A3F  A$lcc1632 |    00000A42  A$lcc1632 |    00000A43  A$lcc1632
     00000A44  A$lcc1632 |    00000A45  A$lcc1632 |    00000A48  A$lcc1632
     00000A49  A$lcc1632 |    00000A4A  A$lcc1632 |    00000A4B  A$lcc1632
     00000A4C  A$lcc1632 |    00000A4D  A$lcc1632 |    00000A4E  A$lcc1632
     00000A51  A$lcc1632 |    00000A52  A$lcc1632 |    00000A52  C$main.c$
     00000A54  A$lcc1632 |    00000A54  C$main.c$ |    00000A57  A$lcc1632
     00000A59  A$lcc1632 |    00000A59  C$main.c$ |    00000A59  XG$win_ch
     00000A5A  A$lcc1632 |    00000A5A  C$main.c$ |    00000A5A  G$collide
     00000A5A  _collide_ |    00000A5C  A$lcc1632 |    00000A5C  C$main.c$
ASxxxx Linker V03.00 + NoICE + sdld,  page 13.
Hexadecimal  [32-Bits]

Area                       Addr        Size        Decimal Bytes (Attributes)
--------------------       ----        ----        ------- ----- ------------
_CODE                  00000200    00001E0E =        7694. bytes (REL,CON)

        Value  Global            Value  Global            Value  Global    
        -----  ------            -----  ------            -----  ------    
     00000A5F  A$lcc1632 |    00000A60  A$lcc1632 |    00000A61  A$lcc1632
     00000A62  A$lcc1632 |    00000A63  A$lcc1632 |    00000A65  A$lcc1632
     00000A66  A$lcc1632 |    00000A67  A$lcc1632 |    00000A68  A$lcc1632
     00000A69  A$lcc1632 |    00000A6B  A$lcc1632 |    00000A6D  A$lcc1632
     00000A6D  C$main.c$ |    00000A6F  A$lcc1632 |    00000A71  A$lcc1632
     00000A71  C$main.c$ |    00000A73  A$lcc1632 |    00000A75  A$lcc1632
     00000A77  A$lcc1632 |    00000A77  C$main.c$ |    00000A79  A$lcc1632
     00000A7B  A$lcc1632 |    00000A7B  C$main.c$ |    00000A7D  A$lcc1632
     00000A7F  A$lcc1632 |    00000A7F  C$main.c$ |    00000A81  A$lcc1632
     00000A82  A$lcc1632 |    00000A84  A$lcc1632 |    00000A85  A$lcc1632
     00000A86  A$lcc1632 |    00000A87  A$lcc1632 |    00000A88  A$lcc1632
     00000A89  A$lcc1632 |    00000A8A  A$lcc1632 |    00000A8D  A$lcc1632
     00000A8E  A$lcc1632 |    00000A8F  A$lcc1632 |    00000A90  A$lcc1632
     00000A92  A$lcc1632 |    00000A93  A$lcc1632 |    00000A94  A$lcc1632
     00000A95  A$lcc1632 |    00000A97  A$lcc1632 |    00000A98  A$lcc1632
     00000A99  A$lcc1632 |    00000A9A  A$lcc1632 |    00000A9B  A$lcc1632
     00000A9D  A$lcc1632 |    00000A9F  A$lcc1632 |    00000AA0  A$lcc1632
     00000AA1  A$lcc1632 |    00000AA2  A$lcc1632 |    00000AA3  A$lcc1632
     00000AA4  A$lcc1632 |    00000AA5  A$lcc1632 |    00000AA8  A$lcc1632
     00000AA9  A$lcc1632 |    00000AAA  A$lcc1632 |    00000AAB  A$lcc1632
     00000AAD  A$lcc1632 |    00000AAF  A$lcc1632 |    00000AB1  A$lcc1632
     00000AB3  A$lcc1632 |    00000AB5  A$lcc1632 |    00000AB7  A$lcc1632
     00000AB7  C$main.c$ |    00000ABA  A$lcc1632 |    00000ABB  A$lcc1632
     00000ABC  A$lcc1632 |    00000ABD  A$lcc1632 |    00000ABE  A$lcc1632
     00000ABF  A$lcc1632 |    00000AC0  A$lcc1632 |    00000AC1  A$lcc1632
     00000AC2  A$lcc1632 |    00000AC2  C$main.c$ |    00000AC3  A$lcc1632
     00000AC5  A$lcc1632 |    00000AC6  A$lcc1632 |    00000AC7  A$lcc1632
     00000AC9  A$lcc1632 |    00000ACC  A$lcc1632 |    00000ACE  A$lcc1632
     00000ACF  A$lcc1632 |    00000ACF  C$main.c$ |    00000AD1  A$lcc1632
     00000AD2  A$lcc1632 |    00000AD4  A$lcc1632 |    00000AD5  A$lcc1632
     00000AD7  A$lcc1632 |    00000AD9  A$lcc1632 |    00000ADA  A$lcc1632
     00000ADC  A$lcc1632 |    00000ADE  A$lcc1632 |    00000ADF  A$lcc1632
     00000AE0  A$lcc1632 |    00000AE1  A$lcc1632 |    00000AE2  A$lcc1632
     00000AE3  A$lcc1632 |    00000AE4  A$lcc1632 |    00000AE6  A$lcc1632
     00000AE7  A$lcc1632 |    00000AE9  A$lcc1632 |    00000AEA  A$lcc1632
     00000AEB  A$lcc1632 |    00000AEC  A$lcc1632 |    00000AED  A$lcc1632
     00000AEE  A$lcc1632 |    00000AEF  A$lcc1632 |    00000AF0  A$lcc1632
     00000AF1  A$lcc1632 |    00000AF2  A$lcc1632 |    00000AF3  A$lcc1632
     00000AF5  A$lcc1632 |    00000AF6  A$lcc1632 |    00000AF8  A$lcc1632
     00000AF9  A$lcc1632 |    00000AFB  A$lcc1632 |    00000AFC  A$lcc1632
     00000AFE  A$lcc1632 |    00000AFF  A$lcc1632 |    00000B01  A$lcc1632
     00000B03  A$lcc1632 |    00000B05  A$lcc1632 |    00000B06  A$lcc1632
     00000B07  A$lcc1632 |    00000B0A  A$lcc1632 |    00000B0B  A$lcc1632
     00000B0C  A$lcc1632 |    00000B0D  A$lcc1632 |    00000B0F  A$lcc1632
     00000B10  A$lcc1632 |    00000B11  A$lcc1632 |    00000B12  A$lcc1632
     00000B14  A$lcc1632 |    00000B15  A$lcc1632 |    00000B17  A$lcc1632
     00000B19  A$lcc1632 |    00000B1A  A$lcc1632 |    00000B1C  A$lcc1632
     00000B1D  A$lcc1632 |    00000B1F  A$lcc1632 |    00000B20  A$lcc1632
     00000B22  A$lcc1632 |    00000B23  A$lcc1632 |    00000B25  A$lcc1632
     00000B26  A$lcc1632 |    00000B28  A$lcc1632 |    00000B28  C$main.c$
     00000B2A  A$lcc1632 |    00000B2B  A$lcc1632 |    00000B2C  A$lcc1632
ASxxxx Linker V03.00 + NoICE + sdld,  page 14.
Hexadecimal  [32-Bits]

Area                       Addr        Size        Decimal Bytes (Attributes)
--------------------       ----        ----        ------- ----- ------------
_CODE                  00000200    00001E0E =        7694. bytes (REL,CON)

        Value  Global            Value  Global            Value  Global    
        -----  ------            -----  ------            -----  ------    
     00000B2E  A$lcc1632 |    00000B2F  A$lcc1632 |    00000B30  A$lcc1632
     00000B31  A$lcc1632 |    00000B32  A$lcc1632 |    00000B33  A$lcc1632
     00000B34  A$lcc1632 |    00000B36  A$lcc1632 |    00000B37  A$lcc1632
     00000B38  A$lcc1632 |    00000B39  A$lcc1632 |    00000B3A  A$lcc1632
     00000B3B  A$lcc1632 |    00000B3C  A$lcc1632 |    00000B3E  A$lcc1632
     00000B3F  A$lcc1632 |    00000B40  A$lcc1632 |    00000B41  A$lcc1632
     00000B43  A$lcc1632 |    00000B44  A$lcc1632 |    00000B45  A$lcc1632
     00000B46  A$lcc1632 |    00000B47  A$lcc1632 |    00000B48  A$lcc1632
     00000B49  A$lcc1632 |    00000B4A  A$lcc1632 |    00000B4B  A$lcc1632
     00000B4D  A$lcc1632 |    00000B4F  A$lcc1632 |    00000B50  A$lcc1632
     00000B51  A$lcc1632 |    00000B52  A$lcc1632 |    00000B53  A$lcc1632
     00000B56  A$lcc1632 |    00000B57  A$lcc1632 |    00000B58  A$lcc1632
     00000B59  A$lcc1632 |    00000B5B  A$lcc1632 |    00000B5C  A$lcc1632
     00000B5D  A$lcc1632 |    00000B5E  A$lcc1632 |    00000B60  A$lcc1632
     00000B61  A$lcc1632 |    00000B63  A$lcc1632 |    00000B64  A$lcc1632
     00000B65  A$lcc1632 |    00000B65  C$main.c$ |    00000B66  A$lcc1632
     00000B67  A$lcc1632 |    00000B69  A$lcc1632 |    00000B6B  A$lcc1632
     00000B6D  A$lcc1632 |    00000B6F  A$lcc1632 |    00000B71  A$lcc1632
     00000B73  A$lcc1632 |    00000B74  A$lcc1632 |    00000B75  A$lcc1632
     00000B77  A$lcc1632 |    00000B78  A$lcc1632 |    00000B79  A$lcc1632
     00000B7A  A$lcc1632 |    00000B7B  A$lcc1632 |    00000B7C  A$lcc1632
     00000B7F  A$lcc1632 |    00000B80  A$lcc1632 |    00000B81  A$lcc1632
     00000B82  A$lcc1632 |    00000B84  A$lcc1632 |    00000B85  A$lcc1632
     00000B87  A$lcc1632 |    00000B87  C$main.c$ |    00000B88  A$lcc1632
     00000B8A  A$lcc1632 |    00000B8B  A$lcc1632 |    00000B8C  A$lcc1632
     00000B8D  A$lcc1632 |    00000B8E  A$lcc1632 |    00000B91  A$lcc1632
     00000B92  A$lcc1632 |    00000B94  A$lcc1632 |    00000B95  A$lcc1632
     00000B96  A$lcc1632 |    00000B98  A$lcc1632 |    00000B98  C$main.c$
     00000B9B  A$lcc1632 |    00000B9C  A$lcc1632 |    00000B9D  A$lcc1632
     00000B9E  A$lcc1632 |    00000B9F  A$lcc1632 |    00000BA1  A$lcc1632
     00000BA2  A$lcc1632 |    00000BA3  A$lcc1632 |    00000BA4  A$lcc1632
     00000BA5  A$lcc1632 |    00000BA7  A$lcc1632 |    00000BA9  A$lcc1632
     00000BA9  C$main.c$ |    00000BAB  A$lcc1632 |    00000BAC  A$lcc1632
     00000BAE  A$lcc1632 |    00000BAF  A$lcc1632 |    00000BB1  A$lcc1632
     00000BB3  A$lcc1632 |    00000BB4  A$lcc1632 |    00000BB6  A$lcc1632
     00000BB7  A$lcc1632 |    00000BB8  A$lcc1632 |    00000BBA  A$lcc1632
     00000BBB  A$lcc1632 |    00000BBD  A$lcc1632 |    00000BBF  A$lcc1632
     00000BC0  A$lcc1632 |    00000BC2  A$lcc1632 |    00000BC3  A$lcc1632
     00000BC5  A$lcc1632 |    00000BC8  A$lcc1632 |    00000BC9  A$lcc1632
     00000BCB  A$lcc1632 |    00000BCC  A$lcc1632 |    00000BCD  A$lcc1632
     00000BCF  A$lcc1632 |    00000BD0  A$lcc1632 |    00000BD3  A$lcc1632
     00000BD3  C$main.c$ |    00000BD6  A$lcc1632 |    00000BD9  A$lcc1632
     00000BD9  C$main.c$ |    00000BD9  C$main.c$ |    00000BDA  A$lcc1632
     00000BDC  A$lcc1632 |    00000BDD  A$lcc1632 |    00000BDF  A$lcc1632
     00000BE0  A$lcc1632 |    00000BE2  A$lcc1632 |    00000BE3  A$lcc1632
     00000BE5  A$lcc1632 |    00000BE5  C$main.c$ |    00000BE7  A$lcc1632
     00000BE8  A$lcc1632 |    00000BEA  A$lcc1632 |    00000BEB  A$lcc1632
     00000BED  A$lcc1632 |    00000BEF  A$lcc1632 |    00000BF0  A$lcc1632
     00000BF1  A$lcc1632 |    00000BF3  A$lcc1632 |    00000BF5  A$lcc1632
     00000BF6  A$lcc1632 |    00000BF8  A$lcc1632 |    00000BF9  A$lcc1632
     00000BFA  A$lcc1632 |    00000BFC  A$lcc1632 |    00000BFD  A$lcc1632
ASxxxx Linker V03.00 + NoICE + sdld,  page 15.
Hexadecimal  [32-Bits]

Area                       Addr        Size        Decimal Bytes (Attributes)
--------------------       ----        ----        ------- ----- ------------
_CODE                  00000200    00001E0E =        7694. bytes (REL,CON)

        Value  Global            Value  Global            Value  Global    
        -----  ------            -----  ------            -----  ------    
     00000BFF  A$lcc1632 |    00000C01  A$lcc1632 |    00000C03  A$lcc1632
     00000C05  A$lcc1632 |    00000C07  A$lcc1632 |    00000C08  A$lcc1632
     00000C09  A$lcc1632 |    00000C0B  A$lcc1632 |    00000C0C  A$lcc1632
     00000C0E  A$lcc1632 |    00000C0E  C$main.c$ |    00000C11  A$lcc1632
     00000C13  A$lcc1632 |    00000C16  A$lcc1632 |    00000C16  C$main.c$
     00000C19  A$lcc1632 |    00000C1A  A$lcc1632 |    00000C1D  A$lcc1632
     00000C1D  C$main.c$ |    00000C20  A$lcc1632 |    00000C23  A$lcc1632
     00000C23  C$main.c$ |    00000C25  A$lcc1632 |    00000C26  A$lcc1632
     00000C28  A$lcc1632 |    00000C29  A$lcc1632 |    00000C2B  A$lcc1632
     00000C2D  A$lcc1632 |    00000C2E  A$lcc1632 |    00000C2F  A$lcc1632
     00000C31  A$lcc1632 |    00000C32  A$lcc1632 |    00000C33  A$lcc1632
     00000C35  A$lcc1632 |    00000C36  A$lcc1632 |    00000C38  A$lcc1632
     00000C39  A$lcc1632 |    00000C3B  A$lcc1632 |    00000C3C  A$lcc1632
     00000C3D  A$lcc1632 |    00000C3F  A$lcc1632 |    00000C40  A$lcc1632
     00000C41  A$lcc1632 |    00000C43  A$lcc1632 |    00000C44  A$lcc1632
     00000C46  A$lcc1632 |    00000C47  A$lcc1632 |    00000C48  A$lcc1632
     00000C48  C$main.c$ |    00000C49  A$lcc1632 |    00000C4B  A$lcc1632
     00000C4C  A$lcc1632 |    00000C4E  A$lcc1632 |    00000C4E  C$main.c$
     00000C50  A$lcc1632 |    00000C52  A$lcc1632 |    00000C54  A$lcc1632
     00000C56  A$lcc1632 |    00000C58  A$lcc1632 |    00000C5A  A$lcc1632
     00000C5C  A$lcc1632 |    00000C5E  A$lcc1632 |    00000C60  A$lcc1632
     00000C60  C$main.c$ |    00000C63  A$lcc1632 |    00000C65  A$lcc1632
     00000C67  A$lcc1632 |    00000C67  C$main.c$ |    00000C6A  A$lcc1632
     00000C6B  A$lcc1632 |    00000C6D  A$lcc1632 |    00000C6D  C$main.c$
     00000C70  A$lcc1632 |    00000C72  A$lcc1632 |    00000C72  C$main.c$
     00000C73  A$lcc1632 |    00000C75  A$lcc1632 |    00000C76  A$lcc1632
     00000C78  A$lcc1632 |    00000C78  C$main.c$ |    00000C7A  A$lcc1632
     00000C7C  A$lcc1632 |    00000C7E  A$lcc1632 |    00000C80  A$lcc1632
     00000C82  A$lcc1632 |    00000C84  A$lcc1632 |    00000C86  A$lcc1632
     00000C88  A$lcc1632 |    00000C8A  A$lcc1632 |    00000C8A  C$main.c$
     00000C8D  A$lcc1632 |    00000C8F  A$lcc1632 |    00000C91  A$lcc1632
     00000C91  C$main.c$ |    00000C94  A$lcc1632 |    00000C95  A$lcc1632
     00000C97  A$lcc1632 |    00000C97  C$main.c$ |    00000C9A  A$lcc1632
     00000C9C  A$lcc1632 |    00000C9C  C$main.c$ |    00000C9D  A$lcc1632
     00000C9F  A$lcc1632 |    00000CA0  A$lcc1632 |    00000CA2  A$lcc1632
     00000CA2  C$main.c$ |    00000CA4  A$lcc1632 |    00000CA6  A$lcc1632
     00000CA8  A$lcc1632 |    00000CAA  A$lcc1632 |    00000CAC  A$lcc1632
     00000CAE  A$lcc1632 |    00000CB0  A$lcc1632 |    00000CB2  A$lcc1632
     00000CB4  A$lcc1632 |    00000CB4  C$main.c$ |    00000CB7  A$lcc1632
     00000CB9  A$lcc1632 |    00000CBB  A$lcc1632 |    00000CBB  C$main.c$
     00000CBE  A$lcc1632 |    00000CBF  A$lcc1632 |    00000CC1  A$lcc1632
     00000CC1  C$main.c$ |    00000CC4  A$lcc1632 |    00000CC6  A$lcc1632
     00000CC6  C$main.c$ |    00000CC7  A$lcc1632 |    00000CC9  A$lcc1632
     00000CCA  A$lcc1632 |    00000CCC  A$lcc1632 |    00000CCC  C$main.c$
     00000CCF  A$lcc1632 |    00000CD0  A$lcc1632 |    00000CD1  A$lcc1632
     00000CD2  A$lcc1632 |    00000CD3  A$lcc1632 |    00000CD4  A$lcc1632
     00000CD7  A$lcc1632 |    00000CD8  A$lcc1632 |    00000CDA  A$lcc1632
     00000CDA  C$main.c$ |    00000CDA  XG$collid |    00000CDB  A$lcc1632
     00000CDB  C$main.c$ |    00000CDB  C$main.c$ |    00000CDB  G$animate
     00000CDB  _animate_ |    00000CDE  A$lcc1632 |    00000CDF  A$lcc1632
     00000CDF  C$main.c$ |    00000CE2  A$lcc1632 |    00000CE3  A$lcc1632
ASxxxx Linker V03.00 + NoICE + sdld,  page 16.
Hexadecimal  [32-Bits]

Area                       Addr        Size        Decimal Bytes (Attributes)
--------------------       ----        ----        ------- ----- ------------
_CODE                  00000200    00001E0E =        7694. bytes (REL,CON)

        Value  Global            Value  Global            Value  Global    
        -----  ------            -----  ------            -----  ------    
     00000CE3  C$main.c$ |    00000CE5  A$lcc1632 |    00000CE5  C$main.c$
     00000CE8  A$lcc1632 |    00000CEA  A$lcc1632 |    00000CEC  A$lcc1632
     00000CEC  C$main.c$ |    00000CEF  A$lcc1632 |    00000CF2  A$lcc1632
     00000CF3  A$lcc1632 |    00000CF4  A$lcc1632 |    00000CF5  A$lcc1632
     00000CF7  A$lcc1632 |    00000CF8  A$lcc1632 |    00000CFA  A$lcc1632
     00000CFB  A$lcc1632 |    00000CFC  A$lcc1632 |    00000CFC  C$main.c$
     00000CFE  A$lcc1632 |    00000CFF  A$lcc1632 |    00000D01  A$lcc1632
     00000D03  A$lcc1632 |    00000D03  C$main.c$ |    00000D05  A$lcc1632
     00000D06  A$lcc1632 |    00000D07  A$lcc1632 |    00000D08  A$lcc1632
     00000D09  A$lcc1632 |    00000D0C  A$lcc1632 |    00000D0D  A$lcc1632
     00000D0E  A$lcc1632 |    00000D0F  A$lcc1632 |    00000D0F  C$main.c$
     00000D10  A$lcc1632 |    00000D12  A$lcc1632 |    00000D13  A$lcc1632
     00000D14  A$lcc1632 |    00000D15  A$lcc1632 |    00000D16  A$lcc1632
     00000D19  A$lcc1632 |    00000D1A  A$lcc1632 |    00000D1B  A$lcc1632
     00000D1B  C$main.c$ |    00000D1C  A$lcc1632 |    00000D1E  A$lcc1632
     00000D20  A$lcc1632 |    00000D22  A$lcc1632 |    00000D23  A$lcc1632
     00000D25  A$lcc1632 |    00000D25  C$main.c$ |    00000D26  A$lcc1632
     00000D27  A$lcc1632 |    00000D29  A$lcc1632 |    00000D2A  A$lcc1632
     00000D2B  A$lcc1632 |    00000D2C  A$lcc1632 |    00000D2F  A$lcc1632
     00000D31  A$lcc1632 |    00000D32  A$lcc1632 |    00000D32  C$main.c$
     00000D33  A$lcc1632 |    00000D35  A$lcc1632 |    00000D37  A$lcc1632
     00000D39  A$lcc1632 |    00000D3A  A$lcc1632 |    00000D3C  A$lcc1632
     00000D3C  C$main.c$ |    00000D3D  A$lcc1632 |    00000D3F  A$lcc1632
     00000D40  A$lcc1632 |    00000D41  A$lcc1632 |    00000D42  A$lcc1632
     00000D45  A$lcc1632 |    00000D47  A$lcc1632 |    00000D47  C$main.c$
     00000D48  A$lcc1632 |    00000D4A  A$lcc1632 |    00000D4A  C$main.c$
     00000D4D  A$lcc1632 |    00000D4F  A$lcc1632 |    00000D51  A$lcc1632
     00000D54  A$lcc1632 |    00000D55  A$lcc1632 |    00000D56  A$lcc1632
     00000D58  A$lcc1632 |    00000D58  C$main.c$ |    00000D5A  A$lcc1632
     00000D5A  C$main.c$ |    00000D5D  A$lcc1632 |    00000D5E  A$lcc1632
     00000D5F  A$lcc1632 |    00000D5F  C$main.c$ |    00000D62  A$lcc1632
     00000D64  A$lcc1632 |    00000D65  A$lcc1632 |    00000D65  C$main.c$
     00000D68  A$lcc1632 |    00000D69  A$lcc1632 |    00000D6A  A$lcc1632
     00000D6C  A$lcc1632 |    00000D6D  A$lcc1632 |    00000D70  A$lcc1632
     00000D71  A$lcc1632 |    00000D72  A$lcc1632 |    00000D75  A$lcc1632
     00000D77  A$lcc1632 |    00000D78  A$lcc1632 |    00000D7B  A$lcc1632
     00000D7C  A$lcc1632 |    00000D7D  A$lcc1632 |    00000D7D  C$main.c$
     00000D7E  A$lcc1632 |    00000D7F  A$lcc1632 |    00000D81  A$lcc1632
     00000D81  C$main.c$ |    00000D84  A$lcc1632 |    00000D85  A$lcc1632
     00000D86  A$lcc1632 |    00000D88  A$lcc1632 |    00000D88  C$main.c$
     00000D89  A$lcc1632 |    00000D8A  A$lcc1632 |    00000D8B  A$lcc1632
     00000D8C  A$lcc1632 |    00000D8E  A$lcc1632 |    00000D8F  A$lcc1632
     00000D90  A$lcc1632 |    00000D91  A$lcc1632 |    00000D92  A$lcc1632
     00000D95  A$lcc1632 |    00000D97  A$lcc1632 |    00000D98  A$lcc1632
     00000D98  C$main.c$ |    00000D99  A$lcc1632 |    00000D9B  A$lcc1632
     00000D9B  C$main.c$ |    00000D9E  A$lcc1632 |    00000D9F  A$lcc1632
     00000DA0  A$lcc1632 |    00000DA2  A$lcc1632 |    00000DA2  C$main.c$
     00000DA3  A$lcc1632 |    00000DA4  A$lcc1632 |    00000DA5  A$lcc1632
     00000DA6  A$lcc1632 |    00000DA8  A$lcc1632 |    00000DA9  A$lcc1632
     00000DAA  A$lcc1632 |    00000DAB  A$lcc1632 |    00000DAC  A$lcc1632
     00000DAF  A$lcc1632 |    00000DB1  A$lcc1632 |    00000DB2  A$lcc1632
ASxxxx Linker V03.00 + NoICE + sdld,  page 17.
Hexadecimal  [32-Bits]

Area                       Addr        Size        Decimal Bytes (Attributes)
--------------------       ----        ----        ------- ----- ------------
_CODE                  00000200    00001E0E =        7694. bytes (REL,CON)

        Value  Global            Value  Global            Value  Global    
        -----  ------            -----  ------            -----  ------    
     00000DB2  C$main.c$ |    00000DB3  A$lcc1632 |    00000DB5  A$lcc1632
     00000DB5  C$main.c$ |    00000DB8  A$lcc1632 |    00000DBA  A$lcc1632
     00000DBA  C$main.c$ |    00000DBD  A$lcc1632 |    00000DBF  A$lcc1632
     00000DC0  A$lcc1632 |    00000DC0  C$main.c$ |    00000DC3  A$lcc1632
     00000DC4  A$lcc1632 |    00000DC5  A$lcc1632 |    00000DC7  A$lcc1632
     00000DC7  C$main.c$ |    00000DC8  A$lcc1632 |    00000DC9  A$lcc1632
     00000DCA  A$lcc1632 |    00000DCC  A$lcc1632 |    00000DCD  A$lcc1632
     00000DCE  A$lcc1632 |    00000DCF  A$lcc1632 |    00000DD0  A$lcc1632
     00000DD3  A$lcc1632 |    00000DD5  A$lcc1632 |    00000DD6  A$lcc1632
     00000DD6  C$main.c$ |    00000DD7  A$lcc1632 |    00000DD9  A$lcc1632
     00000DD9  C$main.c$ |    00000DDC  A$lcc1632 |    00000DDD  A$lcc1632
     00000DDE  A$lcc1632 |    00000DDF  A$lcc1632 |    00000DDF  C$main.c$
     00000DE0  A$lcc1632 |    00000DE1  A$lcc1632 |    00000DE2  A$lcc1632
     00000DE4  A$lcc1632 |    00000DE5  A$lcc1632 |    00000DE6  A$lcc1632
     00000DE7  A$lcc1632 |    00000DE8  A$lcc1632 |    00000DEB  A$lcc1632
     00000DED  A$lcc1632 |    00000DEE  A$lcc1632 |    00000DEE  C$main.c$
     00000DEF  A$lcc1632 |    00000DEF  C$main.c$ |    00000DEF  XG$animat
     00000DF1  A$lcc1632 |    00000DF1  C$main.c$ |    00000DF1  C$main.c$
     00000DF1  G$stage_t |    00000DF1  _stage_ti |    00000DF4  A$lcc1632
     00000DF5  A$lcc1632 |    00000DF7  A$lcc1632 |    00000DF9  A$lcc1632
     00000DFA  A$lcc1632 |    00000DFB  A$lcc1632 |    00000DFC  A$lcc1632
     00000DFE  A$lcc1632 |    00000E01  A$lcc1632 |    00000E03  A$lcc1632
     00000E05  A$lcc1632 |    00000E05  C$main.c$ |    00000E08  A$lcc1632
     00000E09  A$lcc1632 |    00000E0A  A$lcc1632 |    00000E0B  A$lcc1632
     00000E0D  A$lcc1632 |    00000E0F  A$lcc1632 |    00000E11  A$lcc1632
     00000E13  A$lcc1632 |    00000E15  A$lcc1632 |    00000E17  A$lcc1632
     00000E19  A$lcc1632 |    00000E1B  A$lcc1632 |    00000E1D  A$lcc1632
     00000E1F  A$lcc1632 |    00000E20  A$lcc1632 |    00000E22  A$lcc1632
     00000E23  A$lcc1632 |    00000E23  C$main.c$ |    00000E24  A$lcc1632
     00000E24  C$main.c$ |    00000E26  A$lcc1632 |    00000E27  A$lcc1632
     00000E29  A$lcc1632 |    00000E2A  A$lcc1632 |    00000E2B  A$lcc1632
     00000E2C  A$lcc1632 |    00000E2D  A$lcc1632 |    00000E30  A$lcc1632
     00000E31  A$lcc1632 |    00000E31  C$main.c$ |    00000E32  A$lcc1632
     00000E34  A$lcc1632 |    00000E35  A$lcc1632 |    00000E38  A$lcc1632
     00000E39  A$lcc1632 |    00000E3A  A$lcc1632 |    00000E3C  A$lcc1632
     00000E3D  A$lcc1632 |    00000E3E  A$lcc1632 |    00000E40  A$lcc1632
     00000E41  A$lcc1632 |    00000E42  A$lcc1632 |    00000E44  A$lcc1632
     00000E44  C$main.c$ |    00000E45  A$lcc1632 |    00000E47  A$lcc1632
     00000E48  A$lcc1632 |    00000E4A  A$lcc1632 |    00000E4B  A$lcc1632
     00000E4C  A$lcc1632 |    00000E4D  A$lcc1632 |    00000E50  A$lcc1632
     00000E52  A$lcc1632 |    00000E52  C$main.c$ |    00000E55  A$lcc1632
     00000E56  A$lcc1632 |    00000E56  C$main.c$ |    00000E59  A$lcc1632
     00000E5A  A$lcc1632 |    00000E5C  A$lcc1632 |    00000E5D  A$lcc1632
     00000E5E  A$lcc1632 |    00000E5E  C$main.c$ |    00000E61  A$lcc1632
     00000E63  A$lcc1632 |    00000E64  A$lcc1632 |    00000E64  C$main.c$
     00000E67  A$lcc1632 |    00000E67  C$main.c$ |    00000E67  C$main.c$
     00000E67  XG$stage_ |    00000E6A  A$lcc1632 |    00000E6A  C$main.c$
     00000E6A  C$main.c$ |    00000E6A  G$main$0$ |    00000E6A  _main    
     00000E6C  A$lcc1632 |    00000E6E  A$lcc1632 |    00000E6E  C$main.c$
     00000E6F  A$lcc1632 |    00000E71  A$lcc1632 |    00000E71  C$main.c$
     00000E72  A$lcc1632 |    00000E72  C$main.c$ |    00000E75  A$lcc1632
ASxxxx Linker V03.00 + NoICE + sdld,  page 18.
Hexadecimal  [32-Bits]

Area                       Addr        Size        Decimal Bytes (Attributes)
--------------------       ----        ----        ------- ----- ------------
_CODE                  00000200    00001E0E =        7694. bytes (REL,CON)

        Value  Global            Value  Global            Value  Global    
        -----  ------            -----  ------            -----  ------    
     00000E76  A$lcc1632 |    00000E79  A$lcc1632 |    00000E7A  A$lcc1632
     00000E7B  A$lcc1632 |    00000E7B  C$main.c$ |    00000E7D  A$lcc1632
     00000E7E  A$lcc1632 |    00000E7F  A$lcc1632 |    00000E82  A$lcc1632
     00000E83  A$lcc1632 |    00000E83  C$main.c$ |    00000E84  A$lcc1632
     00000E86  A$lcc1632 |    00000E86  C$main.c$ |    00000E88  A$lcc1632
     00000E8A  A$lcc1632 |    00000E8A  C$main.c$ |    00000E8C  A$lcc1632
     00000E8E  A$lcc1632 |    00000E90  A$lcc1632 |    00000E90  C$main.c$
     00000E92  A$lcc1632 |    00000E94  A$lcc1632 |    00000E96  A$lcc1632
     00000E96  C$main.c$ |    00000E98  A$lcc1632 |    00000E9A  A$lcc1632
     00000E9C  A$lcc1632 |    00000E9C  C$main.c$ |    00000E9E  A$lcc1632
     00000EA0  A$lcc1632 |    00000EA2  A$lcc1632 |    00000EA2  C$main.c$
     00000EA5  A$lcc1632 |    00000EA7  A$lcc1632 |    00000EA7  C$main.c$
     00000EAA  A$lcc1632 |    00000EAA  C$main.c$ |    00000EAA  C$main.c$
     00000EAD  A$lcc1632 |    00000EB0  A$lcc1632 |    00000EB0  C$main.c$
     00000EB3  A$lcc1632 |    00000EB6  A$lcc1632 |    00000EB7  A$lcc1632
     00000EB7  C$main.c$ |    00000EBA  A$lcc1632 |    00000EBB  A$lcc1632
     00000EBE  A$lcc1632 |    00000EBF  A$lcc1632 |    00000EC0  A$lcc1632
     00000EC1  A$lcc1632 |    00000EC2  A$lcc1632 |    00000EC5  A$lcc1632
     00000EC6  A$lcc1632 |    00000EC6  C$main.c$ |    00000EC9  A$lcc1632
     00000ECA  A$lcc1632 |    00000ECD  A$lcc1632 |    00000ECD  C$main.c$
     00000ED0  A$lcc1632 |    00000ED1  A$lcc1632 |    00000ED4  A$lcc1632
     00000ED4  C$main.c$ |    00000ED7  A$lcc1632 |    00000EDA  A$lcc1632
     00000EDB  A$lcc1632 |    00000EDC  A$lcc1632 |    00000EDD  A$lcc1632
     00000EDE  A$lcc1632 |    00000EE0  A$lcc1632 |    00000EE3  A$lcc1632
     00000EE5  A$lcc1632 |    00000EE7  A$lcc1632 |    00000EE7  C$main.c$
     00000EE7  C$main.c$ |    00000EEA  A$lcc1632 |    00000EEC  A$lcc1632
     00000EEE  A$lcc1632 |    00000EF1  A$lcc1632 |    00000EF3  A$lcc1632
     00000EF5  A$lcc1632 |    00000EF7  A$lcc1632 |    00000EF7  C$main.c$
     00000EF7  C$main.c$ |    00000EF9  A$lcc1632 |    00000EFB  A$lcc1632
     00000EFB  C$main.c$ |    00000EFE  A$lcc1632 |    00000F00  A$lcc1632
     00000F00  C$main.c$ |    00000F03  A$lcc1632 |    00000F05  A$lcc1632
     00000F05  C$main.c$ |    00000F07  A$lcc1632 |    00000F07  C$main.c$
     00000F07  C$main.c$ |    00000F09  A$lcc1632 |    00000F0B  A$lcc1632
     00000F0B  C$main.c$ |    00000F0E  A$lcc1632 |    00000F10  A$lcc1632
     00000F10  C$main.c$ |    00000F13  A$lcc1632 |    00000F15  A$lcc1632
     00000F15  C$main.c$ |    00000F17  A$lcc1632 |    00000F17  C$main.c$
     00000F17  C$main.c$ |    00000F19  A$lcc1632 |    00000F1B  A$lcc1632
     00000F1B  C$main.c$ |    00000F1E  A$lcc1632 |    00000F20  A$lcc1632
     00000F20  C$main.c$ |    00000F23  A$lcc1632 |    00000F25  A$lcc1632
     00000F25  C$main.c$ |    00000F28  A$lcc1632 |    00000F2A  A$lcc1632
     00000F2A  C$main.c$ |    00000F2C  A$lcc1632 |    00000F2C  C$main.c$
     00000F2C  C$main.c$ |    00000F2F  A$lcc1632 |    00000F30  A$lcc1632
     00000F31  A$lcc1632 |    00000F32  A$lcc1632 |    00000F33  A$lcc1632
     00000F35  A$lcc1632 |    00000F37  A$lcc1632 |    00000F38  A$lcc1632
     00000F3A  A$lcc1632 |    00000F3B  A$lcc1632 |    00000F3D  A$lcc1632
     00000F3F  A$lcc1632 |    00000F41  A$lcc1632 |    00000F43  A$lcc1632
     00000F44  A$lcc1632 |    00000F46  A$lcc1632 |    00000F48  A$lcc1632
     00000F4A  A$lcc1632 |    00000F4B  A$lcc1632 |    00000F4D  A$lcc1632
     00000F4F  A$lcc1632 |    00000F51  A$lcc1632 |    00000F51  C$main.c$
     00000F54  A$lcc1632 |    00000F56  A$lcc1632 |    00000F56  C$main.c$
     00000F59  A$lcc1632 |    00000F5B  A$lcc1632 |    00000F5B  C$main.c$
ASxxxx Linker V03.00 + NoICE + sdld,  page 19.
Hexadecimal  [32-Bits]

Area                       Addr        Size        Decimal Bytes (Attributes)
--------------------       ----        ----        ------- ----- ------------
_CODE                  00000200    00001E0E =        7694. bytes (REL,CON)

        Value  Global            Value  Global            Value  Global    
        -----  ------            -----  ------            -----  ------    
     00000F5E  A$lcc1632 |    00000F60  A$lcc1632 |    00000F60  C$main.c$
     00000F60  C$main.c$ |    00000F63  A$lcc1632 |    00000F65  A$lcc1632
     00000F65  C$main.c$ |    00000F68  A$lcc1632 |    00000F69  A$lcc1632
     00000F6B  A$lcc1632 |    00000F6B  C$main.c$ |    00000F6E  A$lcc1632
     00000F70  A$lcc1632 |    00000F70  C$main.c$ |    00000F73  A$lcc1632
     00000F75  A$lcc1632 |    00000F76  A$lcc1632 |    00000F76  C$main.c$
     00000F78  A$lcc1632 |    00000F78  C$main.c$ |    00000F7B  A$lcc1632
     00000F7B  C$main.c$ |    00000F7E  A$lcc1632 |    00000F7E  C$main.c$
     00000F81  A$lcc1632 |    00000F81  C$main.c$ |    00000F84  A$lcc1632
     00000F86  A$lcc1632 |    00000F88  A$lcc1632 |    00000F88  C$main.c$
     00000F8B  A$lcc1632 |    00000F8B  C$main.c$ |    00000F8E  A$lcc1632
     00000F8E  C$main.c$ |    00000F91  A$lcc1632 |    00000F91  C$main.c$
     00000F91  XG$main$0 |    00000F94  G$BKG_MAP |    00000F94  _BKG_MAP 
     00001394  G$BKG_TIL |    00001394  _BKG_TILE |    00001684  G$COLLISI
     00001684  _COLLISIO |    00001A84  G$FROG_LI |    00001A84  _FROG_LIV
     00001A94  G$RESET_T |    00001A94  _RESET_TI |    00001A9E  G$WIN_FRO
     00001A9E  _WIN_FROG |    00001AA2  _get_vram |    00001AAF  _get_win_
     00001AB7  _get_bkg_ |    00001ADE  _set_vram |    00001AED  _set_win_
     00001AF5  _set_bkg_ |    00001B1F  ___hide_m |    00001BF0  ___printf
     00001F87  _sprintf  |    00001FA8  ___move_m |    00001FE7  _get_win_
     00001FEF  _get_bkg_
ASxxxx Linker V03.00 + NoICE + sdld,  page 20.
Hexadecimal  [32-Bits]

Area                       Addr        Size        Decimal Bytes (Attributes)
--------------------       ----        ----        ------- ----- ------------
_HEADER0               00000000    00000001 =           1. bytes (ABS,CON)

        Value  Global            Value  Global            Value  Global    
        -----  ------            -----  ------            -----  ------    
     00000020  .call_hl 
ASxxxx Linker V03.00 + NoICE + sdld,  page 21.
Hexadecimal  [32-Bits]

Area                       Addr        Size        Decimal Bytes (Attributes)
--------------------       ----        ----        ------- ----- ------------
_HEADER1               00000000    00000005 =           5. bytes (ABS,CON)

        Value  Global            Value  Global            Value  Global    
        -----  ------            -----  ------            -----  ------    
     00000028  .MemsetSm
ASxxxx Linker V03.00 + NoICE + sdld,  page 22.
Hexadecimal  [32-Bits]

Area                       Addr        Size        Decimal Bytes (Attributes)
--------------------       ----        ----        ------- ----- ------------
_HEADER2               00000000    00000007 =           7. bytes (ABS,CON)

        Value  Global            Value  Global            Value  Global    
        -----  ------            -----  ------            -----  ------    
     00000030  .MemcpySm
ASxxxx Linker V03.00 + NoICE + sdld,  page 23.
Hexadecimal  [32-Bits]

Area                       Addr        Size        Decimal Bytes (Attributes)
--------------------       ----        ----        ------- ----- ------------
_HEADER3               00000000    00000008 =           8. bytes (ABS,CON)

        Value  Global            Value  Global            Value  Global    
        -----  ------            -----  ------            -----  ------    
ASxxxx Linker V03.00 + NoICE + sdld,  page 24.
Hexadecimal  [32-Bits]

Area                       Addr        Size        Decimal Bytes (Attributes)
--------------------       ----        ----        ------- ----- ------------
_HEADER4               00000000    0000004E =          78. bytes (ABS,CON)

        Value  Global            Value  Global            Value  Global    
        -----  ------            -----  ------            -----  ------    
     00000080  .int      |    0000008F  _wait_int |    0000009C  __standar
     000000AC  _refresh_
ASxxxx Linker V03.00 + NoICE + sdld,  page 25.
Hexadecimal  [32-Bits]

Area                       Addr        Size        Decimal Bytes (Attributes)
--------------------       ----        ----        ------- ----- ------------
_HEADER5               00000000    00000002 =           2. bytes (ABS,CON)

        Value  Global            Value  Global            Value  Global    
        -----  ------            -----  ------            -----  ------    
ASxxxx Linker V03.00 + NoICE + sdld,  page 26.
Hexadecimal  [32-Bits]

Area                       Addr        Size        Decimal Bytes (Attributes)
--------------------       ----        ----        ------- ----- ------------
_HEADER6               00000000    00000030 =          48. bytes (ABS,CON)

        Value  Global            Value  Global            Value  Global    
        -----  ------            -----  ------            -----  ------    
ASxxxx Linker V03.00 + NoICE + sdld,  page 27.
Hexadecimal  [32-Bits]

Area                       Addr        Size        Decimal Bytes (Attributes)
--------------------       ----        ----        ------- ----- ------------
_HEADER7               00000000    00000006 =           6. bytes (ABS,CON)

        Value  Global            Value  Global            Value  Global    
        -----  ------            -----  ------            -----  ------    
ASxxxx Linker V03.00 + NoICE + sdld,  page 28.
Hexadecimal  [32-Bits]

Area                       Addr        Size        Decimal Bytes (Attributes)
--------------------       ----        ----        ------- ----- ------------
_HEADER8               00000000    00000003 =           3. bytes (ABS,CON)

        Value  Global            Value  Global            Value  Global    
        -----  ------            -----  ------            -----  ------    
ASxxxx Linker V03.00 + NoICE + sdld,  page 29.
Hexadecimal  [32-Bits]

Area                       Addr        Size        Decimal Bytes (Attributes)
--------------------       ----        ----        ------- ----- ------------
_HEADER9               00000000    00000001 =           1. bytes (ABS,CON)

        Value  Global            Value  Global            Value  Global    
        -----  ------            -----  ------            -----  ------    
ASxxxx Linker V03.00 + NoICE + sdld,  page 30.
Hexadecimal  [32-Bits]

Area                       Addr        Size        Decimal Bytes (Attributes)
--------------------       ----        ----        ------- ----- ------------
_HEADERa               00000000    00000001 =           1. bytes (ABS,CON)

        Value  Global            Value  Global            Value  Global    
        -----  ------            -----  ------            -----  ------    
ASxxxx Linker V03.00 + NoICE + sdld,  page 31.
Hexadecimal  [32-Bits]

Area                       Addr        Size        Decimal Bytes (Attributes)
--------------------       ----        ----        ------- ----- ------------
_HEADERb               00000000    00000001 =           1. bytes (ABS,CON)

        Value  Global            Value  Global            Value  Global    
        -----  ------            -----  ------            -----  ------    
ASxxxx Linker V03.00 + NoICE + sdld,  page 32.
Hexadecimal  [32-Bits]

Area                       Addr        Size        Decimal Bytes (Attributes)
--------------------       ----        ----        ------- ----- ------------
_HEADERc               00000000    00000002 =           2. bytes (ABS,CON)

        Value  Global            Value  Global            Value  Global    
        -----  ------            -----  ------            -----  ------    
ASxxxx Linker V03.00 + NoICE + sdld,  page 33.
Hexadecimal  [32-Bits]

Area                       Addr        Size        Decimal Bytes (Attributes)
--------------------       ----        ----        ------- ----- ------------
_HEADERd               00000000    00000001 =           1. bytes (ABS,CON)

        Value  Global            Value  Global            Value  Global    
        -----  ------            -----  ------            -----  ------    
ASxxxx Linker V03.00 + NoICE + sdld,  page 34.
Hexadecimal  [32-Bits]

Area                       Addr        Size        Decimal Bytes (Attributes)
--------------------       ----        ----        ------- ----- ------------
_HEADERe               00000000    00000001 =           1. bytes (ABS,CON)

        Value  Global            Value  Global            Value  Global    
        -----  ------            -----  ------            -----  ------    
ASxxxx Linker V03.00 + NoICE + sdld,  page 35.
Hexadecimal  [32-Bits]

Area                       Addr        Size        Decimal Bytes (Attributes)
--------------------       ----        ----        ------- ----- ------------
_HEADERf               00000000    00000002 =           2. bytes (ABS,CON)

        Value  Global            Value  Global            Value  Global    
        -----  ------            -----  ------            -----  ------    
ASxxxx Linker V03.00 + NoICE + sdld,  page 36.
Hexadecimal  [32-Bits]

Area                       Addr        Size        Decimal Bytes (Attributes)
--------------------       ----        ----        ------- ----- ------------
_HEADER10              00000000    00000082 =         130. bytes (ABS,CON)

        Value  Global            Value  Global            Value  Global    
        -----  ------            -----  ------            -----  ------    
     00000150  .reset    |    00000150  _reset    |    00000157  .code_sta
     000001B7  _exit     |    000001BB  _set_inte
ASxxxx Linker V03.00 + NoICE + sdld,  page 37.
Hexadecimal  [32-Bits]

Area                       Addr        Size        Decimal Bytes (Attributes)
--------------------       ----        ----        ------- ----- ------------
_HEADER11              00000000    00000001 =           1. bytes (ABS,CON)

        Value  Global            Value  Global            Value  Global    
        -----  ------            -----  ------            -----  ------    
ASxxxx Linker V03.00 + NoICE + sdld,  page 38.
Hexadecimal  [32-Bits]

Area                       Addr        Size        Decimal Bytes (Attributes)
--------------------       ----        ----        ------- ----- ------------
_HOME                  0000200E    0000039E =         926. bytes (REL,CON)

        Value  Global            Value  Global            Value  Global    
        -----  ------            -----  ------            -----  ------    
     0000200E  .memset_s |    00002017  .memcpy_s |    00002034  .remove_V
     00002037  .remove_i |    00002054  .add_VBL  |    00002057  .add_int 
     00002062  .wait_vbl |    00002062  _wait_vbl |    00002072  .display_
     00002072  _display_ |    0000208A  _remove_V |    00002095  _add_VBL 
     000020A0  _set_tile |    000020A5  _set_bkg_ |    000020A5  _set_win_
     000020AD  _set_spri |    000020DD  .padup    |    000020DD  _waitpadu
     000020ED  .jpad     |    000020ED  _joypad   |    00002115  _waitpad 
     00002118  .wait_pad |    0000211F  ___sdcc_c |    0000214F  _add_LCD 
     0000215A  .add_LCD  |    00002160  _remove_L |    0000216B  .remove_L
     00002171  __divsuch |    0000217E  __modsuch |    00002188  __divusch
     0000219A  __modusch |    000021AA  __divscha |    000021B6  __modscha
     000021C0  __divsint |    000021D1  __modsint |    000021E0  __divucha
     000021EC  __moducha |    000021F6  __divuint |    00002207  __moduint
     00002216  .div8     |    00002216  .mod8     |    0000221E  .div16   
     0000221E  .mod16    |    00002254  .divu8    |    00002254  .modu8   
     00002257  .divu16   |    00002257  .modu16   |    00002298  _set_bkg_
     000022AC  _uitoa    |    000022BB  _itoa     |    000022CA  .itoa    
     000022DE  .utoa     |    00002352  .set_xy_w |    0000235B  .set_xy_b
     0000236A  .set_xy_t
ASxxxx Linker V03.00 + NoICE + sdld,  page 39.
Hexadecimal  [32-Bits]

Area                       Addr        Size        Decimal Bytes (Attributes)
--------------------       ----        ----        ------- ----- ------------
_CODE_0                000023AC    00000440 =        1088. bytes (REL,CON)

        Value  Global            Value  Global            Value  Global    
        -----  ------            -----  ------            -----  ------    
     000023AC  G$FONT$0_ |    000023AC  _FONT    
ASxxxx Linker V03.00 + NoICE + sdld,  page 40.
Hexadecimal  [32-Bits]

Area                       Addr        Size        Decimal Bytes (Attributes)
--------------------       ----        ----        ------- ----- ------------
_INITIALIZER           000027EC    0000004A =          74. bytes (REL,CON)

        Value  Global            Value  Global            Value  Global    
        -----  ------            -----  ------            -----  ------    
     000027EC  Fmain$__x |    00002810  Fmain$__x |    00002813  Fmain$__x
     00002817  Fmain$__x |    0000281B  Fmain$__x |    00002822  Fmain$__x
     00002823  Fmain$__x |    00002828  Fmain$__x |    0000282D  Fmain$__x
ASxxxx Linker V03.00 + NoICE + sdld,  page 41.
Hexadecimal  [32-Bits]

Area                       Addr        Size        Decimal Bytes (Attributes)
--------------------       ----        ----        ------- ----- ------------
_GSINIT                00002836    0000000C =          12. bytes (REL,CON)

        Value  Global            Value  Global            Value  Global    
        -----  ------            -----  ------            -----  ------    
     00002836  gsinit   
ASxxxx Linker V03.00 + NoICE + sdld,  page 42.
Hexadecimal  [32-Bits]

Area                       Addr        Size        Decimal Bytes (Attributes)
--------------------       ----        ----        ------- ----- ------------
_GSFINAL               00002842    00000001 =           1. bytes (REL,CON)

        Value  Global            Value  Global            Value  Global    
        -----  ------            -----  ------            -----  ------    
ASxxxx Linker V03.00 + NoICE + sdld,  page 43.
Hexadecimal  [32-Bits]

Area                       Addr        Size        Decimal Bytes (Attributes)
--------------------       ----        ----        ------- ----- ------------
_DATA                  0000C0A0    0000006E =         110. bytes (REL,CON)

        Value  Global            Value  Global            Value  Global    
        -----  ------            -----  ------            -----  ------    
     0000C0A0  __cpu     |    0000C0A1  __is_GBA  |    0000C0A2  .mode    
     0000C0A3  .sys_time |    0000C0A3  _sys_time |    0000C0A5  .int_0x40
     0000C0B9  G$scroll$ |    0000C0B9  _scroll   |    0000C0C3  G$PLAYER$
     0000C0C3  _PLAYER   |    0000C0C9  G$joy$0_0 |    0000C0C9  _joy     
     0000C0CA  G$last_jo |    0000C0CA  _last_joy |    0000C0CB  G$is_movi
     0000C0CB  _is_movin |    0000C0CC  G$turtles |    0000C0CC  _turtles_
     0000C0CD  G$move_x$ |    0000C0CD  _move_x   |    0000C0CE  G$move_y$
     0000C0CE  _move_y   |    0000C0CF  G$scx_cou |    0000C0CF  _scx_coun
     0000C0D0  G$turtle_ |    0000C0D0  _turtle_c |    0000C0D1  G$dive_co
     0000C0D1  _dive_cou |    0000C0D2  G$timer$0 |    0000C0D2  _timer   
     0000C0D4  G$timer_t |    0000C0D4  _timer_ti |    0000C0D5  G$GAMESTA
     0000C0D5  _GAMESTAT |    0000C0D6  G$turtle_ |    0000C0D6  _turtle_t
     0000C0D7  G$dive_ti |    0000C0D7  _dive_til |    0000C0D8  G$y_min$0
     0000C0D8  _y_min    |    0000C0D9  G$vram_ad |    0000C0D9  _vram_add
     0000C0DB  G$score$0 |    0000C0DB  _score    |    0000C0DD  G$score_b
     0000C0DD  _score_bu |    0000C0E2  G$current |    0000C0E2  _current_
     0000C0E3  G$level_b |    0000C0E3  _level_bu |    0000C0FB  ___curren
     0000C0FD  ___curren |    0000C0FE  .int_0x48
ASxxxx Linker V03.00 + NoICE + sdld,  page 44.
Hexadecimal  [32-Bits]

Area                       Addr        Size        Decimal Bytes (Attributes)
--------------------       ----        ----        ------- ----- ------------
_INITIALIZED           0000C10E    0000004A =          74. bytes (REL,CON)

        Value  Global            Value  Global            Value  Global    
        -----  ------            -----  ------            -----  ------    
     0000C10E  G$scroll_ |    0000C10E  _scroll_r |    0000C132  G$turtle_
     0000C132  _turtle_d |    0000C135  G$turtle_ |    0000C135  _turtle_d
     0000C139  G$turtle_ |    0000C139  _turtle_t |    0000C13D  G$dive_ti
     0000C13D  _dive_til |    0000C144  G$lives$0 |    0000C144  _lives   
     0000C145  G$PLAYER1 |    0000C145  _PLAYER1U |    0000C14A  G$PLAYER2
     0000C14A  _PLAYER2U |    0000C14F  G$level_t |    0000C14F  _level_te
     0000C156  ___render |    0000C157  __map_til
ASxxxx Linker V03.00 + NoICE + sdld,  page 45.
Hexadecimal  [32-Bits]

Area                       Addr        Size        Decimal Bytes (Attributes)
--------------------       ----        ----        ------- ----- ------------
_HRAM12                00000000    00000003 =           3. bytes (ABS,CON)

        Value  Global            Value  Global            Value  Global    
        -----  ------            -----  ------            -----  ------    
     0000FF90  __current |    0000FF92  __shadow_
ASxxxx Linker V03.00 + NoICE + sdld,  page 46.
Hexadecimal  [32-Bits]

Area                       Addr        Size        Decimal Bytes (Attributes)
--------------------       ----        ----        ------- ----- ------------
_CODE_1                00014000    000000AC =         172. bytes (REL,CON)

        Value  Global            Value  Global            Value  Global    
        -----  ------            -----  ------            -----  ------    
     00014000  C$frogger |    00014000  G$__func_ |    00014000  G$frogger
     00014000  ___func_f |    00014000  _frogger_ |    00014008  G$frogger
     00014008  _frogger_ |    00014048  G$frogger |    00014048  _frogger_
     00014054  G$frogger |    00014054  _frogger_ |    00014056  C$frogger
     00014056  G$__func_ |    00014056  G$frogger |    00014056  ___func_f
     00014056  _frogger_ |    0001405E  G$frogger |    0001405E  _frogger_
     0001409E  G$frogger |    0001409E  _frogger_ |    000140AA  G$frogger
     000140AA  _frogger_
ASxxxx Linker V03.00 + NoICE + sdld,  page 47.
Hexadecimal  [32-Bits]

Area                       Addr        Size        Decimal Bytes (Attributes)
--------------------       ----        ----        ------- ----- ------------
_HEADER_LCD0           00000000    00000003 =           3. bytes (ABS,CON)

        Value  Global            Value  Global            Value  Global    
        -----  ------            -----  ------            -----  ------    
ASxxxx Linker V03.00 + NoICE + sdld,  page 48.

Files Linked                              [ module(s) ]

C:\c_code\gbdk\lib/small/asxxxx/gb/crt0.o
                                          [ Runtime ]
C:\Users\EMART~1\AppData\Local\Temp/lcc16320.rel
                                          [ main ]
C:\Users\EMART~1\AppData\Local\Temp/lcc16321.rel
                                          [ bkg_map ]
C:\Users\EMART~1\AppData\Local\Temp/lcc16322.rel
                                          [ bkg_tiles ]
C:\Users\EMART~1\AppData\Local\Temp/lcc16323.rel
                                          [ collision_map ]
C:\Users\EMART~1\AppData\Local\Temp/lcc16324.rel
                                          [ font ]
C:\Users\EMART~1\AppData\Local\Temp/lcc16325.rel
                                          [ frog_lives ]
C:\Users\EMART~1\AppData\Local\Temp/lcc16326.rel
                                          [ frogger ]
C:\Users\EMART~1\AppData\Local\Temp/lcc16327.rel
                                          [ frogger_16 ]
C:\Users\EMART~1\AppData\Local\Temp/lcc16328.rel
                                          [ reset_timer ]
C:\Users\EMART~1\AppData\Local\Temp/lcc16329.rel
                                          [ win_frog ]


Libraries Linked                          [ object file ]

C:\c_code\gbdk\lib/small/asxxxx/gb/gb.lib
                                          [ sfr.o ]
C:\c_code\gbdk\lib/small/asxxxx/gb/gb.lib
                                          [ get_tile.o ]
C:\c_code\gbdk\lib/small/asxxxx/gb/gb.lib
                                          [ set_tile.o ]
C:\c_code\gbdk\lib/small/asxxxx/gb/gb.lib
                                          [ metasprites_hide.o ]
C:\c_code\gbdk\lib/small/asxxxx/gb/gb.lib
                                          [ set_data.o ]
C:\c_code\gbdk\lib/small/asxxxx/gbz80/gbz80.lib
                                          [ sprintf.o ]
C:\c_code\gbdk\lib/small/asxxxx/gb/gb.lib
                                          [ pad.o ]
C:\c_code\gbdk\lib/small/asxxxx/gb/gb.lib
                                          [ metasprites.o ]
C:\c_code\gbdk\lib/small/asxxxx/gbz80/gbz80.lib
                                          [ __sdcc_call_hl.o ]
C:\c_code\gbdk\lib/small/asxxxx/gb/gb.lib
                                          [ lcd.o ]
C:\c_code\gbdk\lib/small/asxxxx/gb/gb.lib
                                          [ get_addr.o ]
C:\c_code\gbdk\lib/small/asxxxx/gbz80/gbz80.lib
                                          [ div.o ]
C:\c_code\gbdk\lib/small/asxxxx/gb/gb.lib
                                          [ set_bk_t.o ]
C:\c_code\gbdk\lib/small/asxxxx/gbz80/gbz80.lib
                                          [ itoa.o ]
C:\c_code\gbdk\lib/small/asxxxx/gb/gb.lib
                                          [ set_xy_t.o ]

ASxxxx Linker V03.00 + NoICE + sdld,  page 49.

User Base Address Definitions

_DATA=0xC0A0
_CODE=0x0200
ASxxxx Linker V03.00 + NoICE + sdld,  page 50.

User Global Definitions

_shadow_OAM=0xC000
.STACK=0xE000
.refresh_OAM=0xFF80

