ASxxxx Linker V03.00 + NoICE + sdld,  page 1.
Hexadecimal  [32-Bits]

Area                       Addr        Size        Decimal Bytes (Attributes)
--------------------       ----        ----        ------- ----- ------------
.  .ABS.               00000000    00000000 =           0. bytes (ABS,CON)

        Value  Global            Value  Global            Value  Global    
        -----  ------            -----  ------            -----  ------    
     00000000  .__.ABS.  |    00000000  _rRAMG    |    00000000  l__BASE  
     00000000  l__BSS    |    00000000  l__CABS   |    00000000  l__DABS  
     00000000  l__HEADER |    00000000  l__HEADER |    00000000  l__HEAP  
     00000000  l__HEAP_E |    00000000  l__HRAM   |    00000000  l__LIT   
     00000000  s__CABS   |    00000000  s__DABS   |    00000000  s__HEADER
     00000000  s__HEADER |    00000000  s__HEADER |    00000000  s__HEADER
     00000000  s__HEADER |    00000000  s__HEADER |    00000000  s__HEADER
     00000000  s__HEADER |    00000000  s__HEADER |    00000000  s__HEADER
     00000000  s__HEADER |    00000000  s__HEADER |    00000000  s__HEADER
     00000000  s__HEADER |    00000000  s__HEADER |    00000000  s__HEADER
     00000000  s__HEADER |    00000000  s__HEADER |    00000000  s__HEADER
     00000000  s__HEADER |    00000000  s__HEADER |    00000000  s__HRAM  
     00000000  s__HRAM12 |    00000001  ___bank_f |    00000001  ___bank_f
     00000001  ___bank_f |    00000001  ___bank_l |    00000001  l__GSFINA
     00000001  l__HEADER |    00000001  l__HEADER |    00000001  l__HEADER
     00000001  l__HEADER |    00000001  l__HEADER |    00000001  l__HEADER
     00000001  l__HEADER |    00000002  l__HEADER |    00000002  l__HEADER
     00000002  l__HEADER |    00000003  l__HEADER |    00000003  l__HEADER
     00000003  l__HRAM12 |    00000005  l__HEADER |    00000006  l__HEADER
     00000007  l__HEADER |    00000008  l__HEADER |    0000000C  l__GSINIT
     00000030  l__HEADER |    0000004C  l__HEADER |    00000056  l__INITIA
     00000056  l__INITIA |    00000080  l__DATA   |    00000084  l__HEADER
     00000200  s__CODE   |    00000275  l__HOME   |    00000426  l__CODE_1
     00000440  l__CODE_0 |    00002000  _rROMB0   |    0000279D  l__CODE  
     0000299D  s__HOME   |    00002C12  s__BASE   |    00002C12  s__CODE_0
     00003000  _rROMB1   |    00003052  s__INITIA |    00003052  s__LIT   
     000030A8  s__GSINIT |    000030B4  s__GSFINA |    00004000  _rRAMB   
     00008000  __VRAM    |    00008000  __VRAM800 |    00008800  __VRAM880
     00009000  __VRAM900 |    00009800  __SCRN0   |    00009C00  __SCRN1  
     0000A000  __SRAM    |    0000C000  __RAM     |    0000C000  _shadow_O
     0000C0A0  s__DATA   |    0000C120  s__BSS    |    0000C120  s__INITIA
     0000C176  s__HEAP   |    0000C176  s__HEAP_E |    0000D000  __RAMBANK
     0000E000  .STACK    |    0000FE00  __OAMRAM  |    0000FF00  _P1_REG  
     0000FF00  __IO      |    0000FF01  _SB_REG   |    0000FF02  _SC_REG  
     0000FF04  _DIV_REG  |    0000FF05  _TIMA_REG |    0000FF06  _TMA_REG 
     0000FF07  _TAC_REG  |    0000FF0F  _IF_REG   |    0000FF10  _NR10_REG
     0000FF11  _NR11_REG |    0000FF12  _NR12_REG |    0000FF13  _NR13_REG
     0000FF14  _NR14_REG |    0000FF16  _NR21_REG |    0000FF17  _NR22_REG
     0000FF18  _NR23_REG |    0000FF19  _NR24_REG |    0000FF1A  _NR30_REG
     0000FF1B  _NR31_REG |    0000FF1C  _NR32_REG |    0000FF1D  _NR33_REG
     0000FF1E  _NR34_REG |    0000FF20  _NR41_REG |    0000FF21  _NR42_REG
     0000FF22  _NR43_REG |    0000FF23  _NR44_REG |    0000FF24  _NR50_REG
     0000FF25  _NR51_REG |    0000FF26  _NR52_REG |    0000FF30  _AUD3WAVE
     0000FF30  _PCM_SAMP |    0000FF30  __AUD3WAV |    0000FF40  _LCDC_REG
     0000FF41  _STAT_REG |    0000FF42  _SCY_REG  |    0000FF43  _SCX_REG 
     0000FF44  _LY_REG   |    0000FF45  _LYC_REG  |    0000FF46  _DMA_REG 
     0000FF47  _BGP_REG  |    0000FF48  _OBP0_REG |    0000FF49  _OBP1_REG
     0000FF4A  _WY_REG   |    0000FF4B  _WX_REG   |    0000FF4D  _KEY1_REG
     0000FF4F  _VBK_REG  |    0000FF51  _HDMA1_RE |    0000FF52  _HDMA2_RE
     0000FF53  _HDMA3_RE |    0000FF54  _HDMA4_RE |    0000FF55  _HDMA5_RE
ASxxxx Linker V03.00 + NoICE + sdld,  page 2.
Hexadecimal  [32-Bits]

Area                       Addr        Size        Decimal Bytes (Attributes)
--------------------       ----        ----        ------- ----- ------------
.  .ABS.               00000000    00000000 =           0. bytes (ABS,CON)

        Value  Global            Value  Global            Value  Global    
        -----  ------            -----  ------            -----  ------    
     0000FF56  _RP_REG   |    0000FF68  _BCPS_REG |    0000FF69  _BCPD_REG
     0000FF6A  _OCPS_REG |    0000FF6B  _OCPD_REG |    0000FF70  _SVBK_REG
     0000FF76  _PCM12_RE |    0000FF77  _PCM34_RE |    0000FF80  .refresh_
     0000FF80  __HRAM    |    0000FFFF  _IE_REG   |    00014000  s__CODE_1
ASxxxx Linker V03.00 + NoICE + sdld,  page 3.
Hexadecimal  [32-Bits]

Area                       Addr        Size        Decimal Bytes (Attributes)
--------------------       ----        ----        ------- ----- ------------
_CODE                  00000200    0000279D =       10141. bytes (REL,CON)

        Value  Global            Value  Global            Value  Global    
        -----  ------            -----  ------            -----  ------    
     00000200  A$lcc2471 |    00000200  C$main.c$ |    00000200  G$overlap
     00000200  _overlap  |    00000201  A$lcc2471 |    00000201  C$main.c$
     00000203  A$lcc2471 |    00000204  A$lcc2471 |    00000205  A$lcc2471
     00000207  A$lcc2471 |    00000208  A$lcc2471 |    00000209  A$lcc2471
     0000020A  A$lcc2471 |    0000020C  A$lcc2471 |    0000020E  A$lcc2471
     0000020F  A$lcc2471 |    00000211  A$lcc2471 |    00000212  A$lcc2471
     00000214  A$lcc2471 |    00000216  A$lcc2471 |    00000217  A$lcc2471
     00000219  A$lcc2471 |    0000021A  A$lcc2471 |    0000021C  A$lcc2471
     0000021E  A$lcc2471 |    0000021F  A$lcc2471 |    00000221  A$lcc2471
     00000222  A$lcc2471 |    00000224  A$lcc2471 |    00000226  A$lcc2471
     00000227  A$lcc2471 |    00000229  A$lcc2471 |    0000022A  A$lcc2471
     0000022C  A$lcc2471 |    0000022E  A$lcc2471 |    0000022F  A$lcc2471
     00000231  A$lcc2471 |    00000232  A$lcc2471 |    00000234  A$lcc2471
     00000236  A$lcc2471 |    00000237  A$lcc2471 |    00000239  A$lcc2471
     0000023A  A$lcc2471 |    0000023C  A$lcc2471 |    0000023C  C$main.c$
     0000023D  A$lcc2471 |    00000240  A$lcc2471 |    00000240  C$main.c$
     00000242  A$lcc2471 |    00000243  A$lcc2471 |    00000244  A$lcc2471
     00000246  A$lcc2471 |    00000247  A$lcc2471 |    00000248  A$lcc2471
     00000249  A$lcc2471 |    0000024A  A$lcc2471 |    0000024B  A$lcc2471
     0000024C  A$lcc2471 |    0000024D  A$lcc2471 |    0000024E  A$lcc2471
     0000024F  A$lcc2471 |    00000251  A$lcc2471 |    00000253  A$lcc2471
     00000255  A$lcc2471 |    00000257  A$lcc2471 |    00000258  A$lcc2471
     0000025A  A$lcc2471 |    0000025C  A$lcc2471 |    0000025E  A$lcc2471
     0000025F  A$lcc2471 |    00000261  A$lcc2471 |    00000263  A$lcc2471
     00000264  A$lcc2471 |    00000265  A$lcc2471 |    00000266  A$lcc2471
     00000267  A$lcc2471 |    00000268  A$lcc2471 |    00000269  A$lcc2471
     0000026A  A$lcc2471 |    0000026C  A$lcc2471 |    0000026E  A$lcc2471
     00000270  A$lcc2471 |    00000272  A$lcc2471 |    00000273  A$lcc2471
     00000275  A$lcc2471 |    00000277  A$lcc2471 |    00000279  A$lcc2471
     0000027A  A$lcc2471 |    0000027C  A$lcc2471 |    0000027C  C$main.c$
     0000027D  A$lcc2471 |    0000027F  A$lcc2471 |    0000027F  C$main.c$
     00000281  A$lcc2471 |    00000282  A$lcc2471 |    00000283  A$lcc2471
     00000285  A$lcc2471 |    00000286  A$lcc2471 |    00000287  A$lcc2471
     00000288  A$lcc2471 |    00000289  A$lcc2471 |    0000028A  A$lcc2471
     0000028B  A$lcc2471 |    0000028C  A$lcc2471 |    0000028D  A$lcc2471
     0000028E  A$lcc2471 |    00000290  A$lcc2471 |    00000292  A$lcc2471
     00000294  A$lcc2471 |    00000296  A$lcc2471 |    00000297  A$lcc2471
     00000299  A$lcc2471 |    0000029B  A$lcc2471 |    0000029D  A$lcc2471
     0000029E  A$lcc2471 |    000002A0  A$lcc2471 |    000002A2  A$lcc2471
     000002A3  A$lcc2471 |    000002A4  A$lcc2471 |    000002A6  A$lcc2471
     000002A7  A$lcc2471 |    000002A8  A$lcc2471 |    000002A9  A$lcc2471
     000002AA  A$lcc2471 |    000002AB  A$lcc2471 |    000002AC  A$lcc2471
     000002AD  A$lcc2471 |    000002AE  A$lcc2471 |    000002AF  A$lcc2471
     000002B1  A$lcc2471 |    000002B3  A$lcc2471 |    000002B5  A$lcc2471
     000002B7  A$lcc2471 |    000002B8  A$lcc2471 |    000002BA  A$lcc2471
     000002BC  A$lcc2471 |    000002BE  A$lcc2471 |    000002BF  A$lcc2471
     000002C1  A$lcc2471 |    000002C1  C$main.c$ |    000002C2  A$lcc2471
     000002C4  A$lcc2471 |    000002C4  C$main.c$ |    000002C6  A$lcc2471
     000002C6  C$main.c$ |    000002C7  A$lcc2471 |    000002C8  A$lcc2471
     000002C9  A$lcc2471 |    000002CB  A$lcc2471 |    000002CC  A$lcc2471
ASxxxx Linker V03.00 + NoICE + sdld,  page 4.
Hexadecimal  [32-Bits]

Area                       Addr        Size        Decimal Bytes (Attributes)
--------------------       ----        ----        ------- ----- ------------
_CODE                  00000200    0000279D =       10141. bytes (REL,CON)

        Value  Global            Value  Global            Value  Global    
        -----  ------            -----  ------            -----  ------    
     000002CC  C$main.c$ |    000002CC  C$main.c$ |    000002CC  G$remove_
     000002CC  _remove_f |    000002CF  A$lcc2471 |    000002D1  A$lcc2471
     000002D4  A$lcc2471 |    000002D5  A$lcc2471 |    000002D6  A$lcc2471
     000002D7  A$lcc2471 |    000002DA  A$lcc2471 |    000002DB  A$lcc2471
     000002DC  A$lcc2471 |    000002DD  A$lcc2471 |    000002DF  A$lcc2471
     000002E0  A$lcc2471 |    000002E1  A$lcc2471 |    000002E4  A$lcc2471
     000002E5  A$lcc2471 |    000002E5  C$main.c$ |    000002E6  A$lcc2471
     000002E9  A$lcc2471 |    000002EA  A$lcc2471 |    000002EB  A$lcc2471
     000002EC  A$lcc2471 |    000002EF  A$lcc2471 |    000002F0  A$lcc2471
     000002F1  A$lcc2471 |    000002F1  C$main.c$ |    000002F1  XG$remove
     000002F2  A$lcc2471 |    000002F2  C$main.c$ |    000002F2  C$main.c$
     000002F2  G$kill_fr |    000002F2  _kill_fro |    000002F5  A$lcc2471
     000002F7  A$lcc2471 |    000002F7  C$main.c$ |    000002FA  A$lcc2471
     000002FC  A$lcc2471 |    000002FC  C$main.c$ |    000002FF  A$lcc2471
     00000301  A$lcc2471 |    00000301  C$main.c$ |    00000304  A$lcc2471
     00000305  A$lcc2471 |    00000306  A$lcc2471 |    00000307  A$lcc2471
     00000307  C$main.c$ |    00000308  A$lcc2471 |    00000309  A$lcc2471
     00000309  C$main.c$ |    00000309  XG$kill_f |    0000030A  A$lcc2471
     0000030A  C$main.c$ |    0000030A  G$render_ |    0000030A  _render_a
     0000030B  A$lcc2471 |    0000030B  C$main.c$ |    0000030E  A$lcc2471
     0000030F  A$lcc2471 |    0000030F  C$main.c$ |    00000312  A$lcc2471
     00000313  A$lcc2471 |    00000315  A$lcc2471 |    00000316  A$lcc2471
     00000317  A$lcc2471 |    00000318  A$lcc2471 |    00000319  A$lcc2471
     0000031A  A$lcc2471 |    0000031C  A$lcc2471 |    0000031F  A$lcc2471
     00000320  A$lcc2471 |    00000320  C$main.c$ |    00000320  C$main.c$
     00000321  A$lcc2471 |    00000322  A$lcc2471 |    00000324  A$lcc2471
     00000327  A$lcc2471 |    00000329  A$lcc2471 |    0000032A  A$lcc2471
     0000032D  A$lcc2471 |    0000032F  A$lcc2471 |    00000330  A$lcc2471
     00000333  A$lcc2471 |    00000334  A$lcc2471 |    00000335  A$lcc2471
     00000336  A$lcc2471 |    00000339  A$lcc2471 |    0000033A  A$lcc2471
     0000033B  A$lcc2471 |    0000033C  A$lcc2471 |    0000033F  A$lcc2471
     00000341  A$lcc2471 |    00000343  A$lcc2471 |    00000345  A$lcc2471
     00000347  A$lcc2471 |    0000034A  A$lcc2471 |    0000034C  A$lcc2471
     0000034F  A$lcc2471 |    00000350  A$lcc2471 |    00000351  A$lcc2471
     00000352  A$lcc2471 |    00000353  A$lcc2471 |    00000355  A$lcc2471
     00000356  A$lcc2471 |    00000358  A$lcc2471 |    00000359  A$lcc2471
     0000035C  A$lcc2471 |    0000035E  A$lcc2471 |    0000035E  C$main.c$
     00000360  A$lcc2471 |    00000360  C$main.c$ |    00000361  A$lcc2471
     00000362  A$lcc2471 |    00000364  A$lcc2471 |    00000367  A$lcc2471
     00000368  A$lcc2471 |    0000036B  A$lcc2471 |    0000036C  A$lcc2471
     0000036F  A$lcc2471 |    00000370  A$lcc2471 |    00000371  A$lcc2471
     00000372  A$lcc2471 |    00000373  A$lcc2471 |    00000376  A$lcc2471
     00000377  A$lcc2471 |    00000378  A$lcc2471 |    00000379  A$lcc2471
     0000037C  A$lcc2471 |    0000037E  A$lcc2471 |    0000037F  A$lcc2471
     00000380  A$lcc2471 |    00000381  A$lcc2471 |    00000382  A$lcc2471
     00000383  A$lcc2471 |    00000384  A$lcc2471 |    00000385  A$lcc2471
     00000386  A$lcc2471 |    00000389  A$lcc2471 |    0000038B  A$lcc2471
     0000038B  C$main.c$ |    0000038B  C$main.c$ |    0000038E  A$lcc2471
     00000390  A$lcc2471 |    00000390  C$main.c$ |    00000393  A$lcc2471
     00000395  A$lcc2471 |    00000396  A$lcc2471 |    00000396  C$main.c$
     00000396  XG$render |    00000397  A$lcc2471 |    00000397  C$main.c$
ASxxxx Linker V03.00 + NoICE + sdld,  page 5.
Hexadecimal  [32-Bits]

Area                       Addr        Size        Decimal Bytes (Attributes)
--------------------       ----        ----        ------- ----- ------------
_CODE                  00000200    0000279D =       10141. bytes (REL,CON)

        Value  Global            Value  Global            Value  Global    
        -----  ------            -----  ------            -----  ------    
     00000397  C$main.c$ |    00000397  G$update_ |    00000397  _update_l
     0000039A  A$lcc2471 |    0000039B  A$lcc2471 |    0000039E  A$lcc2471
     0000039F  A$lcc2471 |    000003A2  A$lcc2471 |    000003A3  A$lcc2471
     000003A4  A$lcc2471 |    000003A5  A$lcc2471 |    000003A5  C$main.c$
     000003A8  A$lcc2471 |    000003A9  A$lcc2471 |    000003AC  A$lcc2471
     000003AD  A$lcc2471 |    000003B0  A$lcc2471 |    000003B1  A$lcc2471
     000003B4  A$lcc2471 |    000003B6  A$lcc2471 |    000003B6  C$main.c$
     000003B9  A$lcc2471 |    000003BA  A$lcc2471 |    000003BB  A$lcc2471
     000003BD  A$lcc2471 |    000003BD  C$main.c$ |    000003BF  A$lcc2471
     000003C0  A$lcc2471 |    000003C1  A$lcc2471 |    000003C4  A$lcc2471
     000003C5  A$lcc2471 |    000003C6  A$lcc2471 |    000003C7  A$lcc2471
     000003C8  A$lcc2471 |    000003CB  A$lcc2471 |    000003CD  A$lcc2471
     000003CD  C$main.c$ |    000003D0  A$lcc2471 |    000003D1  A$lcc2471
     000003D3  A$lcc2471 |    000003D4  A$lcc2471 |    000003D5  A$lcc2471
     000003D5  C$main.c$ |    000003D6  A$lcc2471 |    000003D8  A$lcc2471
     000003D8  C$main.c$ |    000003DB  A$lcc2471 |    000003DC  A$lcc2471
     000003DF  A$lcc2471 |    000003E0  A$lcc2471 |    000003E3  A$lcc2471
     000003E4  A$lcc2471 |    000003E5  A$lcc2471 |    000003E6  A$lcc2471
     000003E6  C$main.c$ |    000003E9  A$lcc2471 |    000003EB  A$lcc2471
     000003EC  A$lcc2471 |    000003ED  A$lcc2471 |    000003F0  A$lcc2471
     000003F1  A$lcc2471 |    000003F2  A$lcc2471 |    000003F3  A$lcc2471
     000003F4  A$lcc2471 |    000003F7  A$lcc2471 |    000003F9  A$lcc2471
     000003F9  C$main.c$ |    000003F9  XG$update |    000003FA  Fmain$__s
     000003FD  A$lcc2471 |    000003FD  C$main.c$ |    000003FD  C$main.c$
     000003FD  G$update_ |    000003FD  _update_p |    00000400  A$lcc2471
     00000401  A$lcc2471 |    00000404  A$lcc2471 |    00000405  A$lcc2471
     00000408  A$lcc2471 |    00000409  A$lcc2471 |    0000040A  A$lcc2471
     0000040B  A$lcc2471 |    0000040B  C$main.c$ |    0000040E  A$lcc2471
     0000040F  A$lcc2471 |    00000410  A$lcc2471 |    00000411  A$lcc2471
     00000411  C$main.c$ |    00000413  A$lcc2471 |    00000414  A$lcc2471
     00000415  A$lcc2471 |    00000418  A$lcc2471 |    00000419  A$lcc2471
     0000041A  A$lcc2471 |    0000041B  A$lcc2471 |    0000041C  A$lcc2471
     0000041F  A$lcc2471 |    00000421  A$lcc2471 |    00000421  C$main.c$
     00000424  A$lcc2471 |    00000425  A$lcc2471 |    00000427  A$lcc2471
     00000428  A$lcc2471 |    00000429  A$lcc2471 |    00000429  C$main.c$
     0000042A  A$lcc2471 |    0000042A  C$main.c$ |    0000042A  XG$update
     0000042C  A$lcc2471 |    0000042C  C$main.c$ |    0000042C  C$main.c$
     0000042C  G$update_ |    0000042C  _update_s |    0000042F  A$lcc2471
     00000430  A$lcc2471 |    00000432  A$lcc2471 |    00000433  A$lcc2471
     00000435  A$lcc2471 |    00000437  A$lcc2471 |    00000438  A$lcc2471
     00000439  A$lcc2471 |    0000043A  A$lcc2471 |    0000043C  A$lcc2471
     0000043C  C$main.c$ |    0000043F  A$lcc2471 |    00000440  A$lcc2471
     00000443  A$lcc2471 |    00000444  A$lcc2471 |    00000447  A$lcc2471
     00000448  A$lcc2471 |    00000449  A$lcc2471 |    0000044A  A$lcc2471
     0000044C  A$lcc2471 |    0000044C  C$main.c$ |    0000044F  A$lcc2471
     00000450  A$lcc2471 |    00000452  A$lcc2471 |    00000453  A$lcc2471
     00000455  A$lcc2471 |    00000457  A$lcc2471 |    00000458  A$lcc2471
     0000045A  A$lcc2471 |    0000045C  A$lcc2471 |    0000045D  A$lcc2471
     0000045F  A$lcc2471 |    0000045F  C$main.c$ |    00000462  A$lcc2471
     00000463  A$lcc2471 |    00000466  A$lcc2471 |    00000467  A$lcc2471
     0000046A  A$lcc2471 |    0000046B  A$lcc2471 |    0000046C  A$lcc2471
ASxxxx Linker V03.00 + NoICE + sdld,  page 6.
Hexadecimal  [32-Bits]

Area                       Addr        Size        Decimal Bytes (Attributes)
--------------------       ----        ----        ------- ----- ------------
_CODE                  00000200    0000279D =       10141. bytes (REL,CON)

        Value  Global            Value  Global            Value  Global    
        -----  ------            -----  ------            -----  ------    
     0000046D  A$lcc2471 |    0000046F  A$lcc2471 |    0000046F  C$main.c$
     00000471  A$lcc2471 |    00000473  A$lcc2471 |    00000476  A$lcc2471
     00000477  A$lcc2471 |    00000479  A$lcc2471 |    0000047A  A$lcc2471
     0000047C  A$lcc2471 |    0000047E  A$lcc2471 |    0000047E  C$main.c$
     00000481  A$lcc2471 |    00000482  A$lcc2471 |    00000485  A$lcc2471
     00000486  A$lcc2471 |    00000489  A$lcc2471 |    0000048A  A$lcc2471
     0000048B  A$lcc2471 |    0000048C  A$lcc2471 |    0000048E  A$lcc2471
     0000048E  C$main.c$ |    00000491  A$lcc2471 |    00000493  A$lcc2471
     00000494  A$lcc2471 |    00000495  A$lcc2471 |    00000497  A$lcc2471
     00000498  A$lcc2471 |    0000049A  A$lcc2471 |    0000049A  C$main.c$
     0000049D  A$lcc2471 |    0000049E  A$lcc2471 |    000004A1  A$lcc2471
     000004A2  A$lcc2471 |    000004A5  A$lcc2471 |    000004A6  A$lcc2471
     000004A7  A$lcc2471 |    000004A8  A$lcc2471 |    000004A8  C$main.c$
     000004AB  A$lcc2471 |    000004AC  A$lcc2471 |    000004AD  A$lcc2471
     000004AE  A$lcc2471 |    000004AF  A$lcc2471 |    000004B2  A$lcc2471
     000004B3  A$lcc2471 |    000004B6  A$lcc2471 |    000004B7  A$lcc2471
     000004BA  A$lcc2471 |    000004BC  A$lcc2471 |    000004BC  C$main.c$
     000004BF  A$lcc2471 |    000004C0  A$lcc2471 |    000004C1  A$lcc2471
     000004C2  A$lcc2471 |    000004C2  C$main.c$ |    000004C4  A$lcc2471
     000004C5  A$lcc2471 |    000004C6  A$lcc2471 |    000004C9  A$lcc2471
     000004CA  A$lcc2471 |    000004CB  A$lcc2471 |    000004CC  A$lcc2471
     000004CD  A$lcc2471 |    000004D0  A$lcc2471 |    000004D2  A$lcc2471
     000004D2  C$main.c$ |    000004D5  A$lcc2471 |    000004D6  A$lcc2471
     000004D8  A$lcc2471 |    000004D9  A$lcc2471 |    000004DA  A$lcc2471
     000004DA  C$main.c$ |    000004DB  A$lcc2471 |    000004DB  C$main.c$
     000004DB  XG$update |    000004DD  Fmain$__s |    000004E0  A$lcc2471
     000004E0  C$main.c$ |    000004E0  C$main.c$ |    000004E0  G$update_
     000004E0  _update_f |    000004E3  A$lcc2471 |    000004E4  A$lcc2471
     000004E6  A$lcc2471 |    000004E7  A$lcc2471 |    000004E8  A$lcc2471
     000004EA  A$lcc2471 |    000004EA  C$main.c$ |    000004ED  A$lcc2471
     000004EE  A$lcc2471 |    000004EF  A$lcc2471 |    000004F0  A$lcc2471
     000004F3  A$lcc2471 |    000004F5  A$lcc2471 |    000004F5  C$main.c$
     000004F6  A$lcc2471 |    000004F6  C$main.c$ |    000004F7  A$lcc2471
     000004F9  A$lcc2471 |    000004F9  C$main.c$ |    000004FA  A$lcc2471
     000004FB  A$lcc2471 |    000004FD  A$lcc2471 |    000004FE  A$lcc2471
     00000501  A$lcc2471 |    00000502  A$lcc2471 |    00000503  A$lcc2471
     00000506  A$lcc2471 |    00000508  A$lcc2471 |    00000508  C$main.c$
     00000508  XG$update |    00000509  A$lcc2471 |    00000509  C$main.c$
     00000509  G$update_ |    00000509  _update_f |    0000050A  A$lcc2471
     0000050D  A$lcc2471 |    0000050F  A$lcc2471 |    00000510  A$lcc2471
     00000510  C$main.c$ |    00000513  A$lcc2471 |    00000513  C$main.c$
     00000515  A$lcc2471 |    00000516  A$lcc2471 |    00000517  A$lcc2471
     00000519  A$lcc2471 |    0000051B  A$lcc2471 |    0000051C  A$lcc2471
     0000051D  A$lcc2471 |    0000051F  A$lcc2471 |    00000521  A$lcc2471
     00000522  A$lcc2471 |    00000524  A$lcc2471 |    00000527  A$lcc2471
     00000529  A$lcc2471 |    0000052A  A$lcc2471 |    0000052C  A$lcc2471
     0000052E  A$lcc2471 |    00000531  A$lcc2471 |    00000531  C$main.c$
     00000532  A$lcc2471 |    00000533  A$lcc2471 |    00000536  A$lcc2471
     00000537  A$lcc2471 |    0000053A  A$lcc2471 |    0000053B  A$lcc2471
     0000053C  A$lcc2471 |    0000053D  A$lcc2471 |    00000540  A$lcc2471
     00000541  A$lcc2471 |    00000542  A$lcc2471 |    00000543  A$lcc2471
ASxxxx Linker V03.00 + NoICE + sdld,  page 7.
Hexadecimal  [32-Bits]

Area                       Addr        Size        Decimal Bytes (Attributes)
--------------------       ----        ----        ------- ----- ------------
_CODE                  00000200    0000279D =       10141. bytes (REL,CON)

        Value  Global            Value  Global            Value  Global    
        -----  ------            -----  ------            -----  ------    
     00000546  A$lcc2471 |    00000548  A$lcc2471 |    00000549  A$lcc2471
     0000054A  A$lcc2471 |    0000054B  A$lcc2471 |    0000054D  A$lcc2471
     0000054E  A$lcc2471 |    00000551  A$lcc2471 |    00000553  A$lcc2471
     00000553  C$main.c$ |    00000556  A$lcc2471 |    00000556  C$main.c$
     00000557  A$lcc2471 |    00000559  A$lcc2471 |    0000055A  A$lcc2471
     0000055D  A$lcc2471 |    0000055F  A$lcc2471 |    00000560  A$lcc2471
     00000563  A$lcc2471 |    00000564  A$lcc2471 |    00000565  A$lcc2471
     00000566  A$lcc2471 |    00000569  A$lcc2471 |    0000056A  A$lcc2471
     0000056B  A$lcc2471 |    0000056C  A$lcc2471 |    0000056F  A$lcc2471
     00000571  A$lcc2471 |    00000573  A$lcc2471 |    00000575  A$lcc2471
     00000577  A$lcc2471 |    0000057A  A$lcc2471 |    0000057C  A$lcc2471
     0000057F  A$lcc2471 |    00000580  A$lcc2471 |    00000581  A$lcc2471
     00000582  A$lcc2471 |    00000583  A$lcc2471 |    00000585  A$lcc2471
     00000586  A$lcc2471 |    00000588  A$lcc2471 |    00000589  A$lcc2471
     0000058C  A$lcc2471 |    0000058E  A$lcc2471 |    0000058E  C$main.c$
     00000590  A$lcc2471 |    00000590  C$main.c$ |    00000591  A$lcc2471
     00000592  A$lcc2471 |    00000595  A$lcc2471 |    00000596  A$lcc2471
     00000599  A$lcc2471 |    0000059A  A$lcc2471 |    0000059B  A$lcc2471
     0000059C  A$lcc2471 |    0000059F  A$lcc2471 |    000005A0  A$lcc2471
     000005A1  A$lcc2471 |    000005A2  A$lcc2471 |    000005A5  A$lcc2471
     000005A7  A$lcc2471 |    000005A8  A$lcc2471 |    000005A9  A$lcc2471
     000005AA  A$lcc2471 |    000005AC  A$lcc2471 |    000005AD  A$lcc2471
     000005B0  A$lcc2471 |    000005B2  A$lcc2471 |    000005B2  C$main.c$
     000005B4  A$lcc2471 |    000005B4  C$main.c$ |    000005B5  A$lcc2471
     000005B6  A$lcc2471 |    000005B9  A$lcc2471 |    000005BB  A$lcc2471
     000005BC  A$lcc2471 |    000005BF  A$lcc2471 |    000005C0  A$lcc2471
     000005C1  A$lcc2471 |    000005C2  A$lcc2471 |    000005C5  A$lcc2471
     000005C6  A$lcc2471 |    000005C7  A$lcc2471 |    000005C8  A$lcc2471
     000005CB  A$lcc2471 |    000005CD  A$lcc2471 |    000005CE  A$lcc2471
     000005D0  A$lcc2471 |    000005D1  A$lcc2471 |    000005D2  A$lcc2471
     000005D3  A$lcc2471 |    000005D5  A$lcc2471 |    000005D6  A$lcc2471
     000005D9  A$lcc2471 |    000005DB  A$lcc2471 |    000005DB  C$main.c$
     000005DC  A$lcc2471 |    000005DC  C$main.c$ |    000005DC  XG$update
     000005DD  A$lcc2471 |    000005DD  C$main.c$ |    000005DD  C$main.c$
     000005DD  G$reset_f |    000005DD  _reset_fr |    000005E0  A$lcc2471
     000005E0  C$main.c$ |    000005E3  A$lcc2471 |    000005E5  A$lcc2471
     000005E5  C$main.c$ |    000005E8  A$lcc2471 |    000005EA  A$lcc2471
     000005ED  A$lcc2471 |    000005EF  A$lcc2471 |    000005EF  C$main.c$
     000005F2  A$lcc2471 |    000005F4  A$lcc2471 |    000005F5  A$lcc2471
     000005F7  A$lcc2471 |    000005F7  C$main.c$ |    000005FA  A$lcc2471
     000005FB  A$lcc2471 |    000005FC  A$lcc2471 |    000005FE  A$lcc2471
     000005FF  A$lcc2471 |    00000601  A$lcc2471 |    00000601  C$main.c$
     00000602  A$lcc2471 |    00000605  A$lcc2471 |    00000605  C$main.c$
     00000608  A$lcc2471 |    0000060A  A$lcc2471 |    0000060A  C$main.c$
     0000060D  A$lcc2471 |    0000060F  A$lcc2471 |    00000610  A$lcc2471
     00000611  A$lcc2471 |    00000614  A$lcc2471 |    00000615  A$lcc2471
     00000618  A$lcc2471 |    00000619  A$lcc2471 |    0000061A  A$lcc2471
     0000061B  A$lcc2471 |    0000061C  A$lcc2471 |    0000061F  A$lcc2471
     00000620  A$lcc2471 |    00000621  A$lcc2471 |    00000622  A$lcc2471
     00000625  A$lcc2471 |    00000627  A$lcc2471 |    00000628  A$lcc2471
     00000629  A$lcc2471 |    0000062A  A$lcc2471 |    0000062B  A$lcc2471
ASxxxx Linker V03.00 + NoICE + sdld,  page 8.
Hexadecimal  [32-Bits]

Area                       Addr        Size        Decimal Bytes (Attributes)
--------------------       ----        ----        ------- ----- ------------
_CODE                  00000200    0000279D =       10141. bytes (REL,CON)

        Value  Global            Value  Global            Value  Global    
        -----  ------            -----  ------            -----  ------    
     0000062C  A$lcc2471 |    0000062D  A$lcc2471 |    0000062E  A$lcc2471
     0000062F  A$lcc2471 |    00000632  A$lcc2471 |    00000634  A$lcc2471
     00000634  C$main.c$ |    00000634  C$main.c$ |    00000634  XG$reset_
     00000635  A$lcc2471 |    00000635  C$main.c$ |    00000635  C$main.c$
     00000635  G$reset_t |    00000635  _reset_ti |    00000638  A$lcc2471
     0000063A  A$lcc2471 |    0000063B  A$lcc2471 |    0000063D  A$lcc2471
     0000063D  C$main.c$ |    00000640  A$lcc2471 |    00000642  A$lcc2471
     00000642  C$main.c$ |    00000645  A$lcc2471 |    00000646  A$lcc2471
     00000649  A$lcc2471 |    0000064A  A$lcc2471 |    0000064D  A$lcc2471
     0000064E  A$lcc2471 |    00000651  A$lcc2471 |    00000653  A$lcc2471
     00000653  C$main.c$ |    00000653  XG$reset_ |    00000654  A$lcc2471
     00000654  C$main.c$ |    00000654  C$main.c$ |    00000654  G$frog_de
     00000654  _frog_dea |    00000657  A$lcc2471 |    00000658  A$lcc2471
     00000659  A$lcc2471 |    0000065B  A$lcc2471 |    0000065B  C$main.c$
     0000065C  A$lcc2471 |    0000065D  A$lcc2471 |    0000065F  A$lcc2471
     0000065F  C$main.c$ |    00000662  A$lcc2471 |    00000664  A$lcc2471
     00000664  C$main.c$ |    00000665  A$lcc2471 |    00000665  C$main.c$
     00000668  A$lcc2471 |    00000668  C$main.c$ |    00000668  C$main.c$
     00000668  XG$frog_d |    0000066B  A$lcc2471 |    0000066B  C$main.c$
     0000066B  C$main.c$ |    0000066B  G$init_le |    0000066B  _init_lev
     0000066E  A$lcc2471 |    0000066F  A$lcc2471 |    00000672  A$lcc2471
     00000673  A$lcc2471 |    00000676  A$lcc2471 |    00000678  A$lcc2471
     00000678  C$main.c$ |    0000067B  A$lcc2471 |    0000067C  A$lcc2471
     0000067F  A$lcc2471 |    00000680  A$lcc2471 |    00000683  A$lcc2471
     00000685  A$lcc2471 |    00000685  C$main.c$ |    00000688  A$lcc2471
     00000689  A$lcc2471 |    0000068C  A$lcc2471 |    0000068D  A$lcc2471
     00000690  A$lcc2471 |    00000692  A$lcc2471 |    00000692  C$main.c$
     00000695  A$lcc2471 |    00000696  A$lcc2471 |    00000699  A$lcc2471
     0000069A  A$lcc2471 |    0000069D  A$lcc2471 |    0000069F  A$lcc2471
     0000069F  C$main.c$ |    000006A2  A$lcc2471 |    000006A3  A$lcc2471
     000006A6  A$lcc2471 |    000006A7  A$lcc2471 |    000006AA  A$lcc2471
     000006AC  A$lcc2471 |    000006AC  C$main.c$ |    000006AF  A$lcc2471
     000006B0  A$lcc2471 |    000006B3  A$lcc2471 |    000006B4  A$lcc2471
     000006B7  A$lcc2471 |    000006B9  A$lcc2471 |    000006B9  C$main.c$
     000006BC  A$lcc2471 |    000006BD  A$lcc2471 |    000006C0  A$lcc2471
     000006C1  A$lcc2471 |    000006C2  A$lcc2471 |    000006C3  A$lcc2471
     000006C4  A$lcc2471 |    000006C7  A$lcc2471 |    000006C9  A$lcc2471
     000006C9  C$main.c$ |    000006CC  A$lcc2471 |    000006CD  A$lcc2471
     000006CF  A$lcc2471 |    000006D0  A$lcc2471 |    000006D1  A$lcc2471
     000006D4  A$lcc2471 |    000006D6  A$lcc2471 |    000006D6  C$main.c$
     000006D9  A$lcc2471 |    000006DB  A$lcc2471 |    000006DB  C$main.c$
     000006DE  A$lcc2471 |    000006E0  A$lcc2471 |    000006E0  C$main.c$
     000006E3  A$lcc2471 |    000006E5  A$lcc2471 |    000006E6  A$lcc2471
     000006E8  A$lcc2471 |    000006E8  C$main.c$ |    000006EB  A$lcc2471
     000006ED  A$lcc2471 |    000006EE  A$lcc2471 |    000006F0  A$lcc2471
     000006F0  C$main.c$ |    000006F3  A$lcc2471 |    000006F5  A$lcc2471
     000006F5  C$main.c$ |    000006F6  A$lcc2471 |    000006F9  A$lcc2471
     000006FA  A$lcc2471 |    000006FB  A$lcc2471 |    000006FB  C$main.c$
     000006FE  A$lcc2471 |    000006FE  C$main.c$ |    00000701  A$lcc2471
     00000703  A$lcc2471 |    00000703  C$main.c$ |    00000706  A$lcc2471
     00000706  C$main.c$ |    00000709  A$lcc2471 |    00000709  C$main.c$
ASxxxx Linker V03.00 + NoICE + sdld,  page 9.
Hexadecimal  [32-Bits]

Area                       Addr        Size        Decimal Bytes (Attributes)
--------------------       ----        ----        ------- ----- ------------
_CODE                  00000200    0000279D =       10141. bytes (REL,CON)

        Value  Global            Value  Global            Value  Global    
        -----  ------            -----  ------            -----  ------    
     0000070C  A$lcc2471 |    0000070C  C$main.c$ |    0000070F  A$lcc2471
     0000070F  C$main.c$ |    00000712  A$lcc2471 |    00000712  C$main.c$
     00000714  A$lcc2471 |    00000715  A$lcc2471 |    00000717  A$lcc2471
     00000718  A$lcc2471 |    00000718  C$main.c$ |    0000071B  A$lcc2471
     0000071D  A$lcc2471 |    0000071E  A$lcc2471 |    00000720  A$lcc2471
     00000720  C$main.c$ |    00000721  A$lcc2471 |    00000721  C$main.c$
     00000721  XG$init_l |    00000723  A$lcc2471 |    00000723  C$main.c$
     00000723  G$move_fr |    00000723  _move_fro |    00000724  A$lcc2471
     00000725  A$lcc2471 |    00000725  C$main.c$ |    00000728  A$lcc2471
     00000729  A$lcc2471 |    0000072C  A$lcc2471 |    0000072C  C$main.c$
     0000072F  A$lcc2471 |    00000730  A$lcc2471 |    00000732  A$lcc2471
     00000733  A$lcc2471 |    00000734  A$lcc2471 |    00000735  A$lcc2471
     00000736  A$lcc2471 |    00000739  A$lcc2471 |    0000073B  A$lcc2471
     0000073D  A$lcc2471 |    00000740  A$lcc2471 |    00000742  A$lcc2471
     00000745  A$lcc2471 |    00000746  A$lcc2471 |    00000747  A$lcc2471
     00000748  A$lcc2471 |    00000749  A$lcc2471 |    0000074A  A$lcc2471
     0000074D  A$lcc2471 |    0000074E  A$lcc2471 |    0000074F  A$lcc2471
     00000750  A$lcc2471 |    00000753  A$lcc2471 |    00000754  A$lcc2471
     00000757  A$lcc2471 |    00000758  A$lcc2471 |    0000075B  A$lcc2471
     0000075C  A$lcc2471 |    0000075D  A$lcc2471 |    0000075F  A$lcc2471
     00000761  A$lcc2471 |    00000763  A$lcc2471 |    00000763  C$main.c$
     00000764  A$lcc2471 |    00000766  A$lcc2471 |    00000768  A$lcc2471
     00000769  A$lcc2471 |    0000076B  A$lcc2471 |    0000076C  A$lcc2471
     0000076F  A$lcc2471 |    00000771  A$lcc2471 |    00000772  A$lcc2471
     00000775  A$lcc2471 |    00000776  A$lcc2471 |    00000777  A$lcc2471
     00000778  A$lcc2471 |    0000077B  A$lcc2471 |    0000077C  A$lcc2471
     0000077D  A$lcc2471 |    00000780  A$lcc2471 |    00000782  A$lcc2471
     00000784  A$lcc2471 |    00000785  A$lcc2471 |    00000786  A$lcc2471
     00000787  A$lcc2471 |    00000788  A$lcc2471 |    0000078A  A$lcc2471
     0000078B  A$lcc2471 |    0000078E  A$lcc2471 |    00000790  A$lcc2471
     00000790  C$main.c$ |    00000793  A$lcc2471 |    00000793  C$main.c$
     00000794  A$lcc2471 |    00000796  A$lcc2471 |    00000799  A$lcc2471
     0000079A  A$lcc2471 |    0000079C  A$lcc2471 |    0000079D  A$lcc2471
     000007A0  A$lcc2471 |    000007A2  A$lcc2471 |    000007A3  A$lcc2471
     000007A6  A$lcc2471 |    000007A7  A$lcc2471 |    000007A8  A$lcc2471
     000007A9  A$lcc2471 |    000007AC  A$lcc2471 |    000007AD  A$lcc2471
     000007AE  A$lcc2471 |    000007B1  A$lcc2471 |    000007B3  A$lcc2471
     000007B5  A$lcc2471 |    000007B6  A$lcc2471 |    000007B8  A$lcc2471
     000007B9  A$lcc2471 |    000007BA  A$lcc2471 |    000007BB  A$lcc2471
     000007BC  A$lcc2471 |    000007BE  A$lcc2471 |    000007BF  A$lcc2471
     000007C2  A$lcc2471 |    000007C4  A$lcc2471 |    000007C4  C$main.c$
     000007C7  A$lcc2471 |    000007C7  C$main.c$ |    000007CA  A$lcc2471
     000007CB  A$lcc2471 |    000007CE  A$lcc2471 |    000007CE  C$main.c$
     000007D1  A$lcc2471 |    000007D2  A$lcc2471 |    000007D3  A$lcc2471
     000007D4  A$lcc2471 |    000007D7  A$lcc2471 |    000007D9  A$lcc2471
     000007DB  A$lcc2471 |    000007DE  A$lcc2471 |    000007E0  A$lcc2471
     000007E3  A$lcc2471 |    000007E4  A$lcc2471 |    000007E5  A$lcc2471
     000007E6  A$lcc2471 |    000007E9  A$lcc2471 |    000007EA  A$lcc2471
     000007EB  A$lcc2471 |    000007EC  A$lcc2471 |    000007EF  A$lcc2471
     000007F0  A$lcc2471 |    000007F3  A$lcc2471 |    000007F4  A$lcc2471
     000007F6  A$lcc2471 |    000007F6  C$main.c$ |    000007F6  C$main.c$
ASxxxx Linker V03.00 + NoICE + sdld,  page 10.
Hexadecimal  [32-Bits]

Area                       Addr        Size        Decimal Bytes (Attributes)
--------------------       ----        ----        ------- ----- ------------
_CODE                  00000200    0000279D =       10141. bytes (REL,CON)

        Value  Global            Value  Global            Value  Global    
        -----  ------            -----  ------            -----  ------    
     000007F7  A$lcc2471 |    000007F8  A$lcc2471 |    000007F9  A$lcc2471
     000007F9  C$main.c$ |    000007FA  A$lcc2471 |    000007FB  A$lcc2471
     000007FD  A$lcc2471 |    00000800  A$lcc2471 |    00000802  A$lcc2471
     00000803  A$lcc2471 |    00000806  A$lcc2471 |    00000808  A$lcc2471
     00000809  A$lcc2471 |    0000080C  A$lcc2471 |    0000080D  A$lcc2471
     0000080E  A$lcc2471 |    0000080F  A$lcc2471 |    00000810  A$lcc2471
     00000813  A$lcc2471 |    00000814  A$lcc2471 |    00000815  A$lcc2471
     00000816  A$lcc2471 |    00000819  A$lcc2471 |    0000081B  A$lcc2471
     0000081D  A$lcc2471 |    0000081E  A$lcc2471 |    0000081F  A$lcc2471
     00000820  A$lcc2471 |    00000821  A$lcc2471 |    00000823  A$lcc2471
     00000824  A$lcc2471 |    00000827  A$lcc2471 |    00000829  A$lcc2471
     00000829  C$main.c$ |    0000082B  A$lcc2471 |    0000082B  C$main.c$
     0000082C  A$lcc2471 |    0000082E  A$lcc2471 |    00000831  A$lcc2471
     00000833  A$lcc2471 |    00000835  A$lcc2471 |    00000836  A$lcc2471
     00000839  A$lcc2471 |    0000083B  A$lcc2471 |    0000083C  A$lcc2471
     0000083F  A$lcc2471 |    00000840  A$lcc2471 |    00000841  A$lcc2471
     00000842  A$lcc2471 |    00000843  A$lcc2471 |    00000846  A$lcc2471
     00000847  A$lcc2471 |    00000848  A$lcc2471 |    00000849  A$lcc2471
     0000084C  A$lcc2471 |    0000084E  A$lcc2471 |    00000850  A$lcc2471
     00000852  A$lcc2471 |    00000854  A$lcc2471 |    00000857  A$lcc2471
     00000859  A$lcc2471 |    0000085C  A$lcc2471 |    0000085E  A$lcc2471
     0000085F  A$lcc2471 |    00000860  A$lcc2471 |    00000861  A$lcc2471
     00000862  A$lcc2471 |    00000863  A$lcc2471 |    00000865  A$lcc2471
     00000866  A$lcc2471 |    00000869  A$lcc2471 |    0000086B  A$lcc2471
     0000086B  C$main.c$ |    0000086C  A$lcc2471 |    0000086D  A$lcc2471
     0000086D  C$main.c$ |    0000086D  XG$move_f |    0000086E  A$lcc2471
     0000086E  C$main.c$ |    0000086E  C$main.c$ |    0000086E  G$animate
     0000086E  XG$animat |    0000086E  _animate_ |    0000086F  A$lcc2471
     0000086F  C$main.c$ |    0000086F  C$main.c$ |    0000086F  G$update_
     0000086F  _update_m |    00000872  A$lcc2471 |    00000873  A$lcc2471
     00000875  A$lcc2471 |    00000875  C$main.c$ |    00000878  A$lcc2471
     00000878  C$main.c$ |    0000087B  A$lcc2471 |    0000087D  A$lcc2471
     0000087F  A$lcc2471 |    00000882  A$lcc2471 |    00000884  A$lcc2471
     00000887  A$lcc2471 |    00000888  A$lcc2471 |    0000088B  A$lcc2471
     0000088C  A$lcc2471 |    0000088D  A$lcc2471 |    0000088E  A$lcc2471
     0000088E  C$main.c$ |    00000891  A$lcc2471 |    00000892  A$lcc2471
     00000894  A$lcc2471 |    00000894  C$main.c$ |    00000897  A$lcc2471
     00000897  C$main.c$ |    0000089A  A$lcc2471 |    0000089C  A$lcc2471
     0000089E  A$lcc2471 |    000008A1  A$lcc2471 |    000008A3  A$lcc2471
     000008A6  A$lcc2471 |    000008A7  A$lcc2471 |    000008AA  A$lcc2471
     000008AB  A$lcc2471 |    000008AC  A$lcc2471 |    000008AD  A$lcc2471
     000008AD  C$main.c$ |    000008B0  A$lcc2471 |    000008B1  A$lcc2471
     000008B3  A$lcc2471 |    000008B6  A$lcc2471 |    000008B7  A$lcc2471
     000008B8  A$lcc2471 |    000008B8  C$main.c$ |    000008BB  A$lcc2471
     000008BD  A$lcc2471 |    000008BD  C$main.c$ |    000008C0  A$lcc2471
     000008C1  A$lcc2471 |    000008C2  A$lcc2471 |    000008C3  A$lcc2471
     000008C6  A$lcc2471 |    000008C7  A$lcc2471 |    000008C9  A$lcc2471
     000008CA  A$lcc2471 |    000008CB  A$lcc2471 |    000008CC  A$lcc2471
     000008CD  A$lcc2471 |    000008CE  A$lcc2471 |    000008CF  A$lcc2471
     000008D1  A$lcc2471 |    000008D3  A$lcc2471 |    000008D5  A$lcc2471
     000008D7  A$lcc2471 |    000008D8  A$lcc2471 |    000008DA  A$lcc2471
ASxxxx Linker V03.00 + NoICE + sdld,  page 11.
Hexadecimal  [32-Bits]

Area                       Addr        Size        Decimal Bytes (Attributes)
--------------------       ----        ----        ------- ----- ------------
_CODE                  00000200    0000279D =       10141. bytes (REL,CON)

        Value  Global            Value  Global            Value  Global    
        -----  ------            -----  ------            -----  ------    
     000008DC  A$lcc2471 |    000008DE  A$lcc2471 |    000008DF  A$lcc2471
     000008E0  A$lcc2471 |    000008E0  C$main.c$ |    000008E3  A$lcc2471
     000008E4  A$lcc2471 |    000008E6  A$lcc2471 |    000008E7  A$lcc2471
     000008E8  A$lcc2471 |    000008EA  A$lcc2471 |    000008EB  A$lcc2471
     000008EB  C$main.c$ |    000008EE  A$lcc2471 |    000008EE  C$main.c$
     000008F1  A$lcc2471 |    000008F4  A$lcc2471 |    000008F4  C$main.c$
     000008F4  XG$update |    000008F5  A$lcc2471 |    000008F5  C$main.c$
     000008F5  C$main.c$ |    000008F5  G$paralla |    000008F5  _parallax
     000008F7  A$lcc2471 |    000008F8  A$lcc2471 |    000008FA  A$lcc2471
     000008FC  A$lcc2471 |    000008FE  A$lcc2471 |    00000900  A$lcc2471
     00000902  A$lcc2471 |    00000904  A$lcc2471 |    00000906  A$lcc2471
     00000908  A$lcc2471 |    0000090A  A$lcc2471 |    0000090C  A$lcc2471
     0000090E  A$lcc2471 |    00000910  A$lcc2471 |    00000912  A$lcc2471
     00000914  A$lcc2471 |    00000916  A$lcc2471 |    00000918  A$lcc2471
     0000091A  A$lcc2471 |    0000091C  A$lcc2471 |    0000091F  A$lcc2471
     00000921  A$lcc2471 |    00000924  A$lcc2471 |    00000926  A$lcc2471
     00000929  A$lcc2471 |    0000092B  A$lcc2471 |    0000092E  A$lcc2471
     0000092F  A$lcc2471 |    0000092F  C$main.c$ |    00000930  A$lcc2471
     00000932  A$lcc2471 |    00000933  A$lcc2471 |    00000935  A$lcc2471
     00000935  C$main.c$ |    00000937  A$lcc2471 |    00000939  A$lcc2471
     00000939  C$main.c$ |    0000093A  A$lcc2471 |    0000093A  C$main.c$
     0000093D  A$lcc2471 |    0000093F  A$lcc2471 |    00000940  A$lcc2471
     00000942  A$lcc2471 |    00000942  C$main.c$ |    00000944  A$lcc2471
     00000946  A$lcc2471 |    00000946  C$main.c$ |    00000947  A$lcc2471
     00000947  C$main.c$ |    0000094A  A$lcc2471 |    0000094C  A$lcc2471
     0000094D  A$lcc2471 |    0000094F  A$lcc2471 |    0000094F  C$main.c$
     00000951  A$lcc2471 |    00000953  A$lcc2471 |    00000953  C$main.c$
     00000954  A$lcc2471 |    00000954  C$main.c$ |    00000957  A$lcc2471
     00000959  A$lcc2471 |    0000095A  A$lcc2471 |    0000095C  A$lcc2471
     0000095C  C$main.c$ |    0000095E  A$lcc2471 |    00000960  A$lcc2471
     00000960  C$main.c$ |    00000961  A$lcc2471 |    00000961  C$main.c$
     00000964  A$lcc2471 |    00000966  A$lcc2471 |    00000967  A$lcc2471
     00000969  A$lcc2471 |    00000969  C$main.c$ |    0000096B  A$lcc2471
     0000096D  A$lcc2471 |    0000096D  C$main.c$ |    0000096E  A$lcc2471
     0000096E  C$main.c$ |    00000971  A$lcc2471 |    00000973  A$lcc2471
     00000974  A$lcc2471 |    00000976  A$lcc2471 |    00000976  C$main.c$
     00000978  A$lcc2471 |    0000097A  A$lcc2471 |    0000097A  C$main.c$
     0000097B  A$lcc2471 |    0000097B  C$main.c$ |    0000097C  A$lcc2471
     0000097E  A$lcc2471 |    0000097F  A$lcc2471 |    00000981  A$lcc2471
     00000981  C$main.c$ |    00000983  A$lcc2471 |    00000985  A$lcc2471
     00000985  C$main.c$ |    00000986  A$lcc2471 |    00000986  C$main.c$
     00000989  A$lcc2471 |    0000098B  A$lcc2471 |    0000098C  A$lcc2471
     0000098E  A$lcc2471 |    0000098E  C$main.c$ |    00000990  A$lcc2471
     00000992  A$lcc2471 |    00000992  C$main.c$ |    00000993  A$lcc2471
     00000993  C$main.c$ |    00000996  A$lcc2471 |    00000998  A$lcc2471
     00000999  A$lcc2471 |    0000099B  A$lcc2471 |    0000099B  C$main.c$
     0000099D  A$lcc2471 |    0000099F  A$lcc2471 |    0000099F  C$main.c$
     000009A0  A$lcc2471 |    000009A0  C$main.c$ |    000009A3  A$lcc2471
     000009A5  A$lcc2471 |    000009A6  A$lcc2471 |    000009A8  A$lcc2471
     000009A8  C$main.c$ |    000009AA  A$lcc2471 |    000009AC  A$lcc2471
     000009AC  C$main.c$ |    000009AD  A$lcc2471 |    000009AD  C$main.c$
ASxxxx Linker V03.00 + NoICE + sdld,  page 12.
Hexadecimal  [32-Bits]

Area                       Addr        Size        Decimal Bytes (Attributes)
--------------------       ----        ----        ------- ----- ------------
_CODE                  00000200    0000279D =       10141. bytes (REL,CON)

        Value  Global            Value  Global            Value  Global    
        -----  ------            -----  ------            -----  ------    
     000009B0  A$lcc2471 |    000009B2  A$lcc2471 |    000009B3  A$lcc2471
     000009B5  A$lcc2471 |    000009B5  C$main.c$ |    000009B7  A$lcc2471
     000009B9  A$lcc2471 |    000009B9  C$main.c$ |    000009BA  A$lcc2471
     000009BA  C$main.c$ |    000009BD  A$lcc2471 |    000009BF  A$lcc2471
     000009C0  A$lcc2471 |    000009C2  A$lcc2471 |    000009C2  C$main.c$
     000009C4  A$lcc2471 |    000009C6  A$lcc2471 |    000009C6  C$main.c$
     000009C7  A$lcc2471 |    000009C7  C$main.c$ |    000009C8  A$lcc2471
     000009CA  A$lcc2471 |    000009CB  A$lcc2471 |    000009CD  A$lcc2471
     000009CD  C$main.c$ |    000009CE  A$lcc2471 |    000009D0  A$lcc2471
     000009D0  C$main.c$ |    000009D0  C$main.c$ |    000009D0  XG$parall
     000009D1  A$lcc2471 |    000009D1  C$main.c$ |    000009D1  G$update_
     000009D1  _update_p |    000009D4  A$lcc2471 |    000009D5  A$lcc2471
     000009D5  C$main.c$ |    000009D6  A$lcc2471 |    000009D6  C$main.c$
     000009D9  A$lcc2471 |    000009DB  A$lcc2471 |    000009DD  A$lcc2471
     000009DE  A$lcc2471 |    000009DF  A$lcc2471 |    000009E1  A$lcc2471
     000009E1  C$main.c$ |    000009E2  A$lcc2471 |    000009E4  A$lcc2471
     000009E6  A$lcc2471 |    000009E6  C$main.c$ |    000009E8  A$lcc2471
     000009EA  A$lcc2471 |    000009EA  C$main.c$ |    000009EB  A$lcc2471
     000009ED  A$lcc2471 |    000009ED  C$main.c$ |    000009F0  A$lcc2471
     000009F1  A$lcc2471 |    000009F3  A$lcc2471 |    000009F5  A$lcc2471
     000009F5  C$main.c$ |    000009F7  A$lcc2471 |    000009F7  C$main.c$
     000009FA  A$lcc2471 |    000009FB  A$lcc2471 |    000009FD  A$lcc2471
     00000A00  A$lcc2471 |    00000A01  A$lcc2471 |    00000A04  A$lcc2471
     00000A05  A$lcc2471 |    00000A05  C$main.c$ |    00000A07  A$lcc2471
     00000A07  C$main.c$ |    00000A0A  A$lcc2471 |    00000A0B  A$lcc2471
     00000A0D  A$lcc2471 |    00000A0D  C$main.c$ |    00000A0F  A$lcc2471
     00000A0F  C$main.c$ |    00000A11  A$lcc2471 |    00000A14  A$lcc2471
     00000A15  A$lcc2471 |    00000A18  A$lcc2471 |    00000A19  A$lcc2471
     00000A19  C$main.c$ |    00000A19  C$main.c$ |    00000A1C  A$lcc2471
     00000A1D  A$lcc2471 |    00000A1D  C$main.c$ |    00000A1D  XG$update
     00000A1E  A$lcc2471 |    00000A1E  C$main.c$ |    00000A1E  G$scroll_
     00000A1E  _scroll_c |    00000A1F  A$lcc2471 |    00000A1F  C$main.c$
     00000A22  A$lcc2471 |    00000A23  A$lcc2471 |    00000A25  A$lcc2471
     00000A28  A$lcc2471 |    00000A2B  A$lcc2471 |    00000A2C  A$lcc2471
     00000A2D  A$lcc2471 |    00000A2F  A$lcc2471 |    00000A2F  C$main.c$
     00000A32  A$lcc2471 |    00000A33  A$lcc2471 |    00000A34  A$lcc2471
     00000A35  A$lcc2471 |    00000A35  C$main.c$ |    00000A36  A$lcc2471
     00000A37  A$lcc2471 |    00000A38  A$lcc2471 |    00000A39  A$lcc2471
     00000A3A  A$lcc2471 |    00000A3B  A$lcc2471 |    00000A3B  C$main.c$
     00000A3C  A$lcc2471 |    00000A3D  A$lcc2471 |    00000A3E  A$lcc2471
     00000A3F  A$lcc2471 |    00000A40  A$lcc2471 |    00000A41  A$lcc2471
     00000A42  A$lcc2471 |    00000A42  C$main.c$ |    00000A45  A$lcc2471
     00000A46  A$lcc2471 |    00000A48  A$lcc2471 |    00000A4B  A$lcc2471
     00000A4C  A$lcc2471 |    00000A4C  C$main.c$ |    00000A4C  C$main.c$
     00000A4D  A$lcc2471 |    00000A4F  A$lcc2471 |    00000A4F  C$main.c$
     00000A52  A$lcc2471 |    00000A53  A$lcc2471 |    00000A54  A$lcc2471
     00000A55  A$lcc2471 |    00000A56  A$lcc2471 |    00000A59  A$lcc2471
     00000A5A  A$lcc2471 |    00000A5B  A$lcc2471 |    00000A5C  A$lcc2471
     00000A5C  C$main.c$ |    00000A5F  A$lcc2471 |    00000A5F  C$main.c$
     00000A62  A$lcc2471 |    00000A64  A$lcc2471 |    00000A66  A$lcc2471
     00000A66  C$main.c$ |    00000A69  A$lcc2471 |    00000A6A  A$lcc2471
ASxxxx Linker V03.00 + NoICE + sdld,  page 13.
Hexadecimal  [32-Bits]

Area                       Addr        Size        Decimal Bytes (Attributes)
--------------------       ----        ----        ------- ----- ------------
_CODE                  00000200    0000279D =       10141. bytes (REL,CON)

        Value  Global            Value  Global            Value  Global    
        -----  ------            -----  ------            -----  ------    
     00000A6B  A$lcc2471 |    00000A6C  A$lcc2471 |    00000A6D  A$lcc2471
     00000A70  A$lcc2471 |    00000A71  A$lcc2471 |    00000A72  A$lcc2471
     00000A73  A$lcc2471 |    00000A73  C$main.c$ |    00000A76  A$lcc2471
     00000A76  C$main.c$ |    00000A79  A$lcc2471 |    00000A7A  A$lcc2471
     00000A7C  A$lcc2471 |    00000A7F  A$lcc2471 |    00000A82  A$lcc2471
     00000A83  A$lcc2471 |    00000A84  A$lcc2471 |    00000A86  A$lcc2471
     00000A86  C$main.c$ |    00000A89  A$lcc2471 |    00000A8A  A$lcc2471
     00000A8B  A$lcc2471 |    00000A8C  A$lcc2471 |    00000A8C  C$main.c$
     00000A8F  A$lcc2471 |    00000A90  A$lcc2471 |    00000A92  A$lcc2471
     00000A92  C$main.c$ |    00000A95  A$lcc2471 |    00000A96  A$lcc2471
     00000A97  A$lcc2471 |    00000A98  A$lcc2471 |    00000A99  A$lcc2471
     00000A9C  A$lcc2471 |    00000A9D  A$lcc2471 |    00000A9E  A$lcc2471
     00000A9F  A$lcc2471 |    00000AA2  A$lcc2471 |    00000AA4  A$lcc2471
     00000AA5  A$lcc2471 |    00000AA8  A$lcc2471 |    00000AA9  A$lcc2471
     00000AAA  A$lcc2471 |    00000AAB  A$lcc2471 |    00000AAE  A$lcc2471
     00000AAF  A$lcc2471 |    00000AB0  A$lcc2471 |    00000AB1  A$lcc2471
     00000AB4  A$lcc2471 |    00000AB6  A$lcc2471 |    00000AB8  A$lcc2471
     00000AB9  A$lcc2471 |    00000ABA  A$lcc2471 |    00000ABB  A$lcc2471
     00000ABC  A$lcc2471 |    00000ABE  A$lcc2471 |    00000ABF  A$lcc2471
     00000AC2  A$lcc2471 |    00000AC4  A$lcc2471 |    00000AC4  C$main.c$
     00000AC7  A$lcc2471 |    00000AC7  C$main.c$ |    00000ACA  A$lcc2471
     00000ACB  A$lcc2471 |    00000ACD  A$lcc2471 |    00000ACD  C$main.c$
     00000AD0  A$lcc2471 |    00000AD2  A$lcc2471 |    00000AD4  A$lcc2471
     00000AD4  C$main.c$ |    00000AD7  A$lcc2471 |    00000AD8  A$lcc2471
     00000AD9  A$lcc2471 |    00000ADA  A$lcc2471 |    00000ADB  A$lcc2471
     00000ADE  A$lcc2471 |    00000ADF  A$lcc2471 |    00000AE0  A$lcc2471
     00000AE1  A$lcc2471 |    00000AE1  C$main.c$ |    00000AE4  A$lcc2471
     00000AE4  C$main.c$ |    00000AE7  A$lcc2471 |    00000AE9  A$lcc2471
     00000AEB  A$lcc2471 |    00000AEB  C$main.c$ |    00000AEE  A$lcc2471
     00000AEF  A$lcc2471 |    00000AF0  A$lcc2471 |    00000AF1  A$lcc2471
     00000AF1  C$main.c$ |    00000AF4  A$lcc2471 |    00000AF5  A$lcc2471
     00000AF6  A$lcc2471 |    00000AF7  A$lcc2471 |    00000AF7  C$main.c$
     00000AFA  A$lcc2471 |    00000AFB  A$lcc2471 |    00000AFC  A$lcc2471
     00000AFD  A$lcc2471 |    00000AFD  C$main.c$ |    00000B00  A$lcc2471
     00000B01  A$lcc2471 |    00000B02  A$lcc2471 |    00000B03  A$lcc2471
     00000B03  C$main.c$ |    00000B06  A$lcc2471 |    00000B07  A$lcc2471
     00000B09  A$lcc2471 |    00000B09  C$main.c$ |    00000B0C  A$lcc2471
     00000B0E  A$lcc2471 |    00000B10  A$lcc2471 |    00000B10  C$main.c$
     00000B13  A$lcc2471 |    00000B14  A$lcc2471 |    00000B15  A$lcc2471
     00000B16  A$lcc2471 |    00000B17  A$lcc2471 |    00000B1A  A$lcc2471
     00000B1B  A$lcc2471 |    00000B1C  A$lcc2471 |    00000B1D  A$lcc2471
     00000B1D  C$main.c$ |    00000B20  A$lcc2471 |    00000B20  C$main.c$
     00000B23  A$lcc2471 |    00000B24  A$lcc2471 |    00000B26  A$lcc2471
     00000B29  A$lcc2471 |    00000B2C  A$lcc2471 |    00000B2D  A$lcc2471
     00000B2E  A$lcc2471 |    00000B30  A$lcc2471 |    00000B30  C$main.c$
     00000B33  A$lcc2471 |    00000B34  A$lcc2471 |    00000B35  A$lcc2471
     00000B36  A$lcc2471 |    00000B36  C$main.c$ |    00000B39  A$lcc2471
     00000B3A  A$lcc2471 |    00000B3B  A$lcc2471 |    00000B3C  A$lcc2471
     00000B3C  C$main.c$ |    00000B3F  A$lcc2471 |    00000B40  A$lcc2471
     00000B41  A$lcc2471 |    00000B41  C$main.c$ |    00000B41  XG$scroll
     00000B42  A$lcc2471 |    00000B42  C$main.c$ |    00000B42  C$main.c$
ASxxxx Linker V03.00 + NoICE + sdld,  page 14.
Hexadecimal  [32-Bits]

Area                       Addr        Size        Decimal Bytes (Attributes)
--------------------       ----        ----        ------- ----- ------------
_CODE                  00000200    0000279D =       10141. bytes (REL,CON)

        Value  Global            Value  Global            Value  Global    
        -----  ------            -----  ------            -----  ------    
     00000B42  G$pause_g |    00000B42  _pause_ga |    00000B45  A$lcc2471
     00000B47  A$lcc2471 |    00000B47  C$main.c$ |    00000B4A  A$lcc2471
     00000B4B  A$lcc2471 |    00000B4E  A$lcc2471 |    00000B4F  A$lcc2471
     00000B52  A$lcc2471 |    00000B53  A$lcc2471 |    00000B54  A$lcc2471
     00000B55  A$lcc2471 |    00000B55  C$main.c$ |    00000B58  A$lcc2471
     00000B59  A$lcc2471 |    00000B5A  A$lcc2471 |    00000B5B  A$lcc2471
     00000B5B  C$main.c$ |    00000B5D  A$lcc2471 |    00000B5E  A$lcc2471
     00000B5F  A$lcc2471 |    00000B62  A$lcc2471 |    00000B63  A$lcc2471
     00000B64  A$lcc2471 |    00000B65  A$lcc2471 |    00000B66  A$lcc2471
     00000B69  A$lcc2471 |    00000B6B  A$lcc2471 |    00000B6B  C$main.c$
     00000B6E  A$lcc2471 |    00000B6F  A$lcc2471 |    00000B71  A$lcc2471
     00000B72  A$lcc2471 |    00000B73  A$lcc2471 |    00000B73  C$main.c$
     00000B74  A$lcc2471 |    00000B74  C$main.c$ |    00000B74  XG$pause_
     00000B76  A$lcc2471 |    00000B76  C$main.c$ |    00000B76  C$main.c$
     00000B76  G$unpause |    00000B76  _unpause_ |    00000B79  A$lcc2471
     00000B7B  A$lcc2471 |    00000B7B  C$main.c$ |    00000B7E  A$lcc2471
     00000B7F  A$lcc2471 |    00000B82  A$lcc2471 |    00000B83  A$lcc2471
     00000B86  A$lcc2471 |    00000B87  A$lcc2471 |    00000B88  A$lcc2471
     00000B89  A$lcc2471 |    00000B89  C$main.c$ |    00000B8B  A$lcc2471
     00000B8C  A$lcc2471 |    00000B8D  A$lcc2471 |    00000B8E  A$lcc2471
     00000B8E  C$main.c$ |    00000B8F  A$lcc2471 |    00000B90  A$lcc2471
     00000B91  A$lcc2471 |    00000B94  A$lcc2471 |    00000B95  A$lcc2471
     00000B96  A$lcc2471 |    00000B97  A$lcc2471 |    00000B98  A$lcc2471
     00000B9B  A$lcc2471 |    00000B9D  A$lcc2471 |    00000B9D  C$main.c$
     00000BA0  A$lcc2471 |    00000BA1  A$lcc2471 |    00000BA3  A$lcc2471
     00000BA4  A$lcc2471 |    00000BA5  A$lcc2471 |    00000BA5  C$main.c$
     00000BA6  A$lcc2471 |    00000BA6  C$main.c$ |    00000BA6  XG$unpaus
     00000BA8  A$lcc2471 |    00000BA8  C$main.c$ |    00000BA8  G$drain_t
     00000BA8  _drain_ti |    00000BA9  A$lcc2471 |    00000BAA  A$lcc2471
     00000BAA  C$main.c$ |    00000BAD  A$lcc2471 |    00000BAE  A$lcc2471
     00000BB0  A$lcc2471 |    00000BB1  A$lcc2471 |    00000BB3  A$lcc2471
     00000BB5  A$lcc2471 |    00000BB6  A$lcc2471 |    00000BB6  C$main.c$
     00000BB7  A$lcc2471 |    00000BB8  A$lcc2471 |    00000BBA  A$lcc2471
     00000BBC  A$lcc2471 |    00000BBF  A$lcc2471 |    00000BC0  A$lcc2471
     00000BC2  A$lcc2471 |    00000BC4  A$lcc2471 |    00000BC6  A$lcc2471
     00000BC8  A$lcc2471 |    00000BCA  A$lcc2471 |    00000BCC  A$lcc2471
     00000BCD  A$lcc2471 |    00000BCD  C$main.c$ |    00000BCF  A$lcc2471
     00000BD0  A$lcc2471 |    00000BD2  A$lcc2471 |    00000BD3  A$lcc2471
     00000BD6  A$lcc2471 |    00000BD7  A$lcc2471 |    00000BD8  A$lcc2471
     00000BD8  C$main.c$ |    00000BDB  A$lcc2471 |    00000BDC  A$lcc2471
     00000BDF  A$lcc2471 |    00000BE0  A$lcc2471 |    00000BE2  A$lcc2471
     00000BE3  A$lcc2471 |    00000BE6  A$lcc2471 |    00000BE7  A$lcc2471
     00000BE8  A$lcc2471 |    00000BE9  A$lcc2471 |    00000BEA  A$lcc2471
     00000BED  A$lcc2471 |    00000BEE  A$lcc2471 |    00000BEF  A$lcc2471
     00000BF0  A$lcc2471 |    00000BF1  A$lcc2471 |    00000BF2  A$lcc2471
     00000BF3  A$lcc2471 |    00000BF4  A$lcc2471 |    00000BF7  A$lcc2471
     00000BF8  A$lcc2471 |    00000BF9  A$lcc2471 |    00000BF9  C$main.c$
     00000BFC  A$lcc2471 |    00000BFD  A$lcc2471 |    00000BFF  A$lcc2471
     00000BFF  C$main.c$ |    00000C00  A$lcc2471 |    00000C03  A$lcc2471
     00000C04  A$lcc2471 |    00000C04  C$main.c$ |    00000C06  A$lcc2471
     00000C07  A$lcc2471 |    00000C09  A$lcc2471 |    00000C0B  A$lcc2471
ASxxxx Linker V03.00 + NoICE + sdld,  page 15.
Hexadecimal  [32-Bits]

Area                       Addr        Size        Decimal Bytes (Attributes)
--------------------       ----        ----        ------- ----- ------------
_CODE                  00000200    0000279D =       10141. bytes (REL,CON)

        Value  Global            Value  Global            Value  Global    
        -----  ------            -----  ------            -----  ------    
     00000C0C  A$lcc2471 |    00000C0E  A$lcc2471 |    00000C0F  A$lcc2471
     00000C10  A$lcc2471 |    00000C12  A$lcc2471 |    00000C13  A$lcc2471
     00000C14  A$lcc2471 |    00000C16  A$lcc2471 |    00000C17  A$lcc2471
     00000C18  A$lcc2471 |    00000C1A  A$lcc2471 |    00000C1A  C$main.c$
     00000C1C  A$lcc2471 |    00000C1D  A$lcc2471 |    00000C1F  A$lcc2471
     00000C20  A$lcc2471 |    00000C22  A$lcc2471 |    00000C23  A$lcc2471
     00000C24  A$lcc2471 |    00000C25  A$lcc2471 |    00000C26  A$lcc2471
     00000C29  A$lcc2471 |    00000C2B  A$lcc2471 |    00000C2B  C$main.c$
     00000C2E  A$lcc2471 |    00000C2F  A$lcc2471 |    00000C2F  C$main.c$
     00000C32  A$lcc2471 |    00000C33  A$lcc2471 |    00000C35  A$lcc2471
     00000C36  A$lcc2471 |    00000C37  A$lcc2471 |    00000C39  A$lcc2471
     00000C3A  A$lcc2471 |    00000C3A  C$main.c$ |    00000C3D  A$lcc2471
     00000C3D  C$main.c$ |    00000C40  A$lcc2471 |    00000C41  A$lcc2471
     00000C43  A$lcc2471 |    00000C44  A$lcc2471 |    00000C45  A$lcc2471
     00000C45  C$main.c$ |    00000C47  A$lcc2471 |    00000C48  A$lcc2471
     00000C4A  A$lcc2471 |    00000C4C  A$lcc2471 |    00000C4C  C$main.c$
     00000C4F  A$lcc2471 |    00000C51  A$lcc2471 |    00000C51  C$main.c$
     00000C54  A$lcc2471 |    00000C56  A$lcc2471 |    00000C57  A$lcc2471
     00000C58  A$lcc2471 |    00000C58  C$main.c$ |    00000C58  XG$drain_
     00000C59  A$lcc2471 |    00000C59  C$main.c$ |    00000C59  G$reload_
     00000C59  _reload_t |    00000C5A  A$lcc2471 |    00000C5B  A$lcc2471
     00000C5B  C$main.c$ |    00000C5E  A$lcc2471 |    00000C5F  A$lcc2471
     00000C61  A$lcc2471 |    00000C62  A$lcc2471 |    00000C64  A$lcc2471
     00000C66  A$lcc2471 |    00000C67  A$lcc2471 |    00000C67  C$main.c$
     00000C68  A$lcc2471 |    00000C69  A$lcc2471 |    00000C6B  A$lcc2471
     00000C6D  A$lcc2471 |    00000C70  A$lcc2471 |    00000C71  A$lcc2471
     00000C73  A$lcc2471 |    00000C75  A$lcc2471 |    00000C77  A$lcc2471
     00000C79  A$lcc2471 |    00000C7B  A$lcc2471 |    00000C7D  A$lcc2471
     00000C7D  C$main.c$ |    00000C7F  A$lcc2471 |    00000C80  A$lcc2471
     00000C81  A$lcc2471 |    00000C83  A$lcc2471 |    00000C84  A$lcc2471
     00000C87  A$lcc2471 |    00000C88  A$lcc2471 |    00000C89  A$lcc2471
     00000C89  C$main.c$ |    00000C8C  A$lcc2471 |    00000C8D  A$lcc2471
     00000C90  A$lcc2471 |    00000C91  A$lcc2471 |    00000C93  A$lcc2471
     00000C93  C$main.c$ |    00000C94  A$lcc2471 |    00000C95  A$lcc2471
     00000C96  A$lcc2471 |    00000C98  A$lcc2471 |    00000C9A  A$lcc2471
     00000C9B  A$lcc2471 |    00000C9C  A$lcc2471 |    00000C9D  A$lcc2471
     00000C9E  A$lcc2471 |    00000C9F  A$lcc2471 |    00000CA0  A$lcc2471
     00000CA2  A$lcc2471 |    00000CA3  A$lcc2471 |    00000CA4  A$lcc2471
     00000CA6  A$lcc2471 |    00000CA7  A$lcc2471 |    00000CA8  A$lcc2471
     00000CAA  A$lcc2471 |    00000CAA  C$main.c$ |    00000CAC  A$lcc2471
     00000CAD  A$lcc2471 |    00000CAF  A$lcc2471 |    00000CB0  A$lcc2471
     00000CB1  A$lcc2471 |    00000CB3  A$lcc2471 |    00000CB4  A$lcc2471
     00000CB5  A$lcc2471 |    00000CB6  A$lcc2471 |    00000CB7  A$lcc2471
     00000CBA  A$lcc2471 |    00000CBC  A$lcc2471 |    00000CBC  C$main.c$
     00000CBF  A$lcc2471 |    00000CC0  A$lcc2471 |    00000CC0  C$main.c$
     00000CC2  A$lcc2471 |    00000CC3  A$lcc2471 |    00000CC5  A$lcc2471
     00000CC7  A$lcc2471 |    00000CC7  C$main.c$ |    00000CCA  A$lcc2471
     00000CCA  C$main.c$ |    00000CCD  A$lcc2471 |    00000CCD  C$main.c$
     00000CD0  A$lcc2471 |    00000CD2  A$lcc2471 |    00000CD3  A$lcc2471
     00000CD4  A$lcc2471 |    00000CD4  C$main.c$ |    00000CD4  XG$reload
     00000CD5  A$lcc2471 |    00000CD5  C$main.c$ |    00000CD5  C$main.c$
ASxxxx Linker V03.00 + NoICE + sdld,  page 16.
Hexadecimal  [32-Bits]

Area                       Addr        Size        Decimal Bytes (Attributes)
--------------------       ----        ----        ------- ----- ------------
_CODE                  00000200    0000279D =       10141. bytes (REL,CON)

        Value  Global            Value  Global            Value  Global    
        -----  ------            -----  ------            -----  ------    
     00000CD5  G$pts_200 |    00000CD5  _pts_200_ |    00000CD8  A$lcc2471
     00000CD9  A$lcc2471 |    00000CDB  A$lcc2471 |    00000CDC  A$lcc2471
     00000CDD  A$lcc2471 |    00000CDF  A$lcc2471 |    00000CE0  A$lcc2471
     00000CE0  C$main.c$ |    00000CE3  A$lcc2471 |    00000CE3  C$main.c$
     00000CE6  A$lcc2471 |    00000CE8  A$lcc2471 |    00000CE8  C$main.c$
     00000CE8  XG$pts_20 |    00000CE9  A$lcc2471 |    00000CE9  C$main.c$
     00000CE9  G$win_che |    00000CE9  _win_chec |    00000CEB  A$lcc2471
     00000CED  A$lcc2471 |    00000CEE  A$lcc2471 |    00000CEE  C$main.c$
     00000CF0  A$lcc2471 |    00000CF1  A$lcc2471 |    00000CF2  A$lcc2471
     00000CF3  A$lcc2471 |    00000CF4  A$lcc2471 |    00000CF5  A$lcc2471
     00000CF6  A$lcc2471 |    00000CF7  A$lcc2471 |    00000CFA  A$lcc2471
     00000CFB  A$lcc2471 |    00000CFC  A$lcc2471 |    00000CFD  A$lcc2471
     00000CFF  A$lcc2471 |    00000D00  A$lcc2471 |    00000D01  A$lcc2471
     00000D02  A$lcc2471 |    00000D04  A$lcc2471 |    00000D05  A$lcc2471
     00000D06  A$lcc2471 |    00000D07  A$lcc2471 |    00000D08  A$lcc2471
     00000D0A  A$lcc2471 |    00000D0C  A$lcc2471 |    00000D0D  A$lcc2471
     00000D0E  A$lcc2471 |    00000D0F  A$lcc2471 |    00000D10  A$lcc2471
     00000D11  A$lcc2471 |    00000D12  A$lcc2471 |    00000D15  A$lcc2471
     00000D16  A$lcc2471 |    00000D17  A$lcc2471 |    00000D18  A$lcc2471
     00000D19  A$lcc2471 |    00000D1A  A$lcc2471 |    00000D1B  A$lcc2471
     00000D1D  A$lcc2471 |    00000D1F  A$lcc2471 |    00000D20  A$lcc2471
     00000D22  A$lcc2471 |    00000D23  A$lcc2471 |    00000D25  A$lcc2471
     00000D26  A$lcc2471 |    00000D28  A$lcc2471 |    00000D29  A$lcc2471
     00000D2B  A$lcc2471 |    00000D2C  A$lcc2471 |    00000D2E  A$lcc2471
     00000D2E  C$main.c$ |    00000D30  A$lcc2471 |    00000D31  A$lcc2471
     00000D33  A$lcc2471 |    00000D34  A$lcc2471 |    00000D35  A$lcc2471
     00000D36  A$lcc2471 |    00000D37  A$lcc2471 |    00000D38  A$lcc2471
     00000D39  A$lcc2471 |    00000D3C  A$lcc2471 |    00000D3D  A$lcc2471
     00000D3E  A$lcc2471 |    00000D3F  A$lcc2471 |    00000D41  A$lcc2471
     00000D42  A$lcc2471 |    00000D43  A$lcc2471 |    00000D44  A$lcc2471
     00000D46  A$lcc2471 |    00000D47  A$lcc2471 |    00000D48  A$lcc2471
     00000D49  A$lcc2471 |    00000D4A  A$lcc2471 |    00000D4C  A$lcc2471
     00000D4E  A$lcc2471 |    00000D50  A$lcc2471 |    00000D51  A$lcc2471
     00000D52  A$lcc2471 |    00000D53  A$lcc2471 |    00000D56  A$lcc2471
     00000D57  A$lcc2471 |    00000D58  A$lcc2471 |    00000D59  A$lcc2471
     00000D5B  A$lcc2471 |    00000D5D  A$lcc2471 |    00000D5F  A$lcc2471
     00000D61  A$lcc2471 |    00000D63  A$lcc2471 |    00000D65  A$lcc2471
     00000D65  C$main.c$ |    00000D67  A$lcc2471 |    00000D68  A$lcc2471
     00000D69  A$lcc2471 |    00000D6A  A$lcc2471 |    00000D6D  A$lcc2471
     00000D6E  A$lcc2471 |    00000D6F  A$lcc2471 |    00000D70  A$lcc2471
     00000D72  A$lcc2471 |    00000D73  A$lcc2471 |    00000D74  A$lcc2471
     00000D75  A$lcc2471 |    00000D77  A$lcc2471 |    00000D78  A$lcc2471
     00000D79  A$lcc2471 |    00000D7A  A$lcc2471 |    00000D7B  A$lcc2471
     00000D7C  A$lcc2471 |    00000D7D  A$lcc2471 |    00000D7E  A$lcc2471
     00000D7F  A$lcc2471 |    00000D81  A$lcc2471 |    00000D83  A$lcc2471
     00000D84  A$lcc2471 |    00000D85  A$lcc2471 |    00000D86  A$lcc2471
     00000D87  A$lcc2471 |    00000D88  A$lcc2471 |    00000D89  A$lcc2471
     00000D8C  A$lcc2471 |    00000D8D  A$lcc2471 |    00000D8E  A$lcc2471
     00000D8F  A$lcc2471 |    00000D91  A$lcc2471 |    00000D92  A$lcc2471
     00000D93  A$lcc2471 |    00000D94  A$lcc2471 |    00000D96  A$lcc2471
     00000D97  A$lcc2471 |    00000D99  A$lcc2471 |    00000D9A  A$lcc2471
ASxxxx Linker V03.00 + NoICE + sdld,  page 17.
Hexadecimal  [32-Bits]

Area                       Addr        Size        Decimal Bytes (Attributes)
--------------------       ----        ----        ------- ----- ------------
_CODE                  00000200    0000279D =       10141. bytes (REL,CON)

        Value  Global            Value  Global            Value  Global    
        -----  ------            -----  ------            -----  ------    
     00000D9B  A$lcc2471 |    00000D9C  A$lcc2471 |    00000D9E  A$lcc2471
     00000DA0  A$lcc2471 |    00000DA2  A$lcc2471 |    00000DA4  A$lcc2471
     00000DA6  A$lcc2471 |    00000DA8  A$lcc2471 |    00000DA8  C$main.c$
     00000DAA  A$lcc2471 |    00000DAB  A$lcc2471 |    00000DAD  A$lcc2471
     00000DAE  A$lcc2471 |    00000DB0  A$lcc2471 |    00000DB1  A$lcc2471
     00000DB3  A$lcc2471 |    00000DB4  A$lcc2471 |    00000DB6  A$lcc2471
     00000DB8  A$lcc2471 |    00000DBA  A$lcc2471 |    00000DBB  A$lcc2471
     00000DBD  A$lcc2471 |    00000DBE  A$lcc2471 |    00000DC0  A$lcc2471
     00000DC1  A$lcc2471 |    00000DC2  A$lcc2471 |    00000DC3  A$lcc2471
     00000DC4  A$lcc2471 |    00000DC5  A$lcc2471 |    00000DC6  A$lcc2471
     00000DC6  C$main.c$ |    00000DC8  A$lcc2471 |    00000DC9  A$lcc2471
     00000DCA  A$lcc2471 |    00000DCB  A$lcc2471 |    00000DCC  A$lcc2471
     00000DCD  A$lcc2471 |    00000DCE  A$lcc2471 |    00000DCE  C$main.c$
     00000DD1  A$lcc2471 |    00000DD2  A$lcc2471 |    00000DD3  A$lcc2471
     00000DD5  A$lcc2471 |    00000DD6  A$lcc2471 |    00000DD9  A$lcc2471
     00000DDA  A$lcc2471 |    00000DDB  A$lcc2471 |    00000DDC  A$lcc2471
     00000DDE  A$lcc2471 |    00000DDF  A$lcc2471 |    00000DE0  A$lcc2471
     00000DE2  A$lcc2471 |    00000DE3  A$lcc2471 |    00000DE4  A$lcc2471
     00000DE6  A$lcc2471 |    00000DE6  C$main.c$ |    00000DE9  A$lcc2471
     00000DEA  A$lcc2471 |    00000DEB  A$lcc2471 |    00000DED  A$lcc2471
     00000DED  C$main.c$ |    00000DEE  A$lcc2471 |    00000DEF  A$lcc2471
     00000DEF  C$main.c$ |    00000DF2  A$lcc2471 |    00000DF3  A$lcc2471
     00000DF5  A$lcc2471 |    00000DF5  C$main.c$ |    00000DF8  A$lcc2471
     00000DF8  C$main.c$ |    00000DFB  A$lcc2471 |    00000DFC  A$lcc2471
     00000DFF  A$lcc2471 |    00000E00  A$lcc2471 |    00000E03  A$lcc2471
     00000E04  A$lcc2471 |    00000E07  A$lcc2471 |    00000E09  A$lcc2471
     00000E09  C$main.c$ |    00000E0C  A$lcc2471 |    00000E0E  A$lcc2471
     00000E11  A$lcc2471 |    00000E12  A$lcc2471 |    00000E13  A$lcc2471
     00000E14  A$lcc2471 |    00000E17  A$lcc2471 |    00000E18  A$lcc2471
     00000E19  A$lcc2471 |    00000E1A  A$lcc2471 |    00000E1B  A$lcc2471
     00000E1C  A$lcc2471 |    00000E1D  A$lcc2471 |    00000E20  A$lcc2471
     00000E21  A$lcc2471 |    00000E21  C$main.c$ |    00000E24  A$lcc2471
     00000E24  C$main.c$ |    00000E27  A$lcc2471 |    00000E2A  A$lcc2471
     00000E2A  C$main.c$ |    00000E2C  A$lcc2471 |    00000E2D  A$lcc2471
     00000E2F  A$lcc2471 |    00000E31  A$lcc2471 |    00000E32  A$lcc2471
     00000E34  A$lcc2471 |    00000E36  A$lcc2471 |    00000E36  C$main.c$
     00000E39  A$lcc2471 |    00000E3A  A$lcc2471 |    00000E3B  A$lcc2471
     00000E3D  A$lcc2471 |    00000E3D  C$main.c$ |    00000E3E  A$lcc2471
     00000E3F  A$lcc2471 |    00000E3F  C$main.c$ |    00000E42  A$lcc2471
     00000E43  A$lcc2471 |    00000E45  A$lcc2471 |    00000E45  C$main.c$
     00000E48  A$lcc2471 |    00000E48  C$main.c$ |    00000E4B  A$lcc2471
     00000E4C  A$lcc2471 |    00000E4F  A$lcc2471 |    00000E50  A$lcc2471
     00000E53  A$lcc2471 |    00000E54  A$lcc2471 |    00000E57  A$lcc2471
     00000E59  A$lcc2471 |    00000E59  C$main.c$ |    00000E5C  A$lcc2471
     00000E5E  A$lcc2471 |    00000E61  A$lcc2471 |    00000E62  A$lcc2471
     00000E63  A$lcc2471 |    00000E64  A$lcc2471 |    00000E67  A$lcc2471
     00000E68  A$lcc2471 |    00000E69  A$lcc2471 |    00000E6A  A$lcc2471
     00000E6B  A$lcc2471 |    00000E6C  A$lcc2471 |    00000E6D  A$lcc2471
     00000E70  A$lcc2471 |    00000E71  A$lcc2471 |    00000E71  C$main.c$
     00000E74  A$lcc2471 |    00000E74  C$main.c$ |    00000E77  A$lcc2471
     00000E7A  A$lcc2471 |    00000E7A  C$main.c$ |    00000E7C  A$lcc2471
ASxxxx Linker V03.00 + NoICE + sdld,  page 18.
Hexadecimal  [32-Bits]

Area                       Addr        Size        Decimal Bytes (Attributes)
--------------------       ----        ----        ------- ----- ------------
_CODE                  00000200    0000279D =       10141. bytes (REL,CON)

        Value  Global            Value  Global            Value  Global    
        -----  ------            -----  ------            -----  ------    
     00000E7D  A$lcc2471 |    00000E7F  A$lcc2471 |    00000E81  A$lcc2471
     00000E82  A$lcc2471 |    00000E84  A$lcc2471 |    00000E86  A$lcc2471
     00000E86  C$main.c$ |    00000E89  A$lcc2471 |    00000E8A  A$lcc2471
     00000E8B  A$lcc2471 |    00000E8D  A$lcc2471 |    00000E8D  C$main.c$
     00000E8E  A$lcc2471 |    00000E8F  A$lcc2471 |    00000E8F  C$main.c$
     00000E92  A$lcc2471 |    00000E93  A$lcc2471 |    00000E95  A$lcc2471
     00000E95  C$main.c$ |    00000E98  A$lcc2471 |    00000E98  C$main.c$
     00000E9B  A$lcc2471 |    00000E9C  A$lcc2471 |    00000E9F  A$lcc2471
     00000EA0  A$lcc2471 |    00000EA3  A$lcc2471 |    00000EA4  A$lcc2471
     00000EA7  A$lcc2471 |    00000EA9  A$lcc2471 |    00000EA9  C$main.c$
     00000EAC  A$lcc2471 |    00000EAE  A$lcc2471 |    00000EB1  A$lcc2471
     00000EB2  A$lcc2471 |    00000EB3  A$lcc2471 |    00000EB4  A$lcc2471
     00000EB7  A$lcc2471 |    00000EB8  A$lcc2471 |    00000EB9  A$lcc2471
     00000EBA  A$lcc2471 |    00000EBB  A$lcc2471 |    00000EBC  A$lcc2471
     00000EBD  A$lcc2471 |    00000EC0  A$lcc2471 |    00000EC1  A$lcc2471
     00000EC1  C$main.c$ |    00000EC4  A$lcc2471 |    00000EC4  C$main.c$
     00000EC7  A$lcc2471 |    00000ECA  A$lcc2471 |    00000ECA  C$main.c$
     00000ECC  A$lcc2471 |    00000ECD  A$lcc2471 |    00000ECF  A$lcc2471
     00000ED1  A$lcc2471 |    00000ED2  A$lcc2471 |    00000ED4  A$lcc2471
     00000ED6  A$lcc2471 |    00000ED6  C$main.c$ |    00000ED9  A$lcc2471
     00000EDA  A$lcc2471 |    00000EDB  A$lcc2471 |    00000EDD  A$lcc2471
     00000EDD  C$main.c$ |    00000EDE  A$lcc2471 |    00000EDF  A$lcc2471
     00000EDF  C$main.c$ |    00000EE2  A$lcc2471 |    00000EE3  A$lcc2471
     00000EE5  A$lcc2471 |    00000EE5  C$main.c$ |    00000EE8  A$lcc2471
     00000EE8  C$main.c$ |    00000EEB  A$lcc2471 |    00000EEC  A$lcc2471
     00000EEF  A$lcc2471 |    00000EF0  A$lcc2471 |    00000EF3  A$lcc2471
     00000EF4  A$lcc2471 |    00000EF7  A$lcc2471 |    00000EF9  A$lcc2471
     00000EF9  C$main.c$ |    00000EFC  A$lcc2471 |    00000EFE  A$lcc2471
     00000F01  A$lcc2471 |    00000F02  A$lcc2471 |    00000F03  A$lcc2471
     00000F04  A$lcc2471 |    00000F07  A$lcc2471 |    00000F08  A$lcc2471
     00000F09  A$lcc2471 |    00000F0A  A$lcc2471 |    00000F0B  A$lcc2471
     00000F0C  A$lcc2471 |    00000F0D  A$lcc2471 |    00000F10  A$lcc2471
     00000F11  A$lcc2471 |    00000F11  C$main.c$ |    00000F13  A$lcc2471
     00000F13  C$main.c$ |    00000F16  A$lcc2471 |    00000F18  A$lcc2471
     00000F18  C$main.c$ |    00000F1A  A$lcc2471 |    00000F1B  A$lcc2471
     00000F1D  A$lcc2471 |    00000F1F  A$lcc2471 |    00000F20  A$lcc2471
     00000F22  A$lcc2471 |    00000F24  A$lcc2471 |    00000F24  C$main.c$
     00000F27  A$lcc2471 |    00000F28  A$lcc2471 |    00000F29  A$lcc2471
     00000F2B  A$lcc2471 |    00000F2B  C$main.c$ |    00000F2C  A$lcc2471
     00000F2D  A$lcc2471 |    00000F2D  C$main.c$ |    00000F30  A$lcc2471
     00000F31  A$lcc2471 |    00000F33  A$lcc2471 |    00000F33  C$main.c$
     00000F36  A$lcc2471 |    00000F36  C$main.c$ |    00000F39  A$lcc2471
     00000F3A  A$lcc2471 |    00000F3D  A$lcc2471 |    00000F3E  A$lcc2471
     00000F41  A$lcc2471 |    00000F42  A$lcc2471 |    00000F45  A$lcc2471
     00000F47  A$lcc2471 |    00000F47  C$main.c$ |    00000F4A  A$lcc2471
     00000F4C  A$lcc2471 |    00000F4F  A$lcc2471 |    00000F50  A$lcc2471
     00000F51  A$lcc2471 |    00000F52  A$lcc2471 |    00000F55  A$lcc2471
     00000F56  A$lcc2471 |    00000F57  A$lcc2471 |    00000F58  A$lcc2471
     00000F59  A$lcc2471 |    00000F5A  A$lcc2471 |    00000F5B  A$lcc2471
     00000F5E  A$lcc2471 |    00000F5F  A$lcc2471 |    00000F5F  C$main.c$
     00000F61  A$lcc2471 |    00000F61  C$main.c$ |    00000F64  A$lcc2471
ASxxxx Linker V03.00 + NoICE + sdld,  page 19.
Hexadecimal  [32-Bits]

Area                       Addr        Size        Decimal Bytes (Attributes)
--------------------       ----        ----        ------- ----- ------------
_CODE                  00000200    0000279D =       10141. bytes (REL,CON)

        Value  Global            Value  Global            Value  Global    
        -----  ------            -----  ------            -----  ------    
     00000F66  A$lcc2471 |    00000F66  C$main.c$ |    00000F69  A$lcc2471
     00000F6B  A$lcc2471 |    00000F6B  C$main.c$ |    00000F6B  XG$win_ch
     00000F6C  A$lcc2471 |    00000F6C  C$main.c$ |    00000F6C  G$collide
     00000F6C  _collide_ |    00000F6E  A$lcc2471 |    00000F6E  C$main.c$
     00000F71  A$lcc2471 |    00000F72  A$lcc2471 |    00000F73  A$lcc2471
     00000F75  A$lcc2471 |    00000F77  A$lcc2471 |    00000F77  C$main.c$
     00000F78  A$lcc2471 |    00000F79  A$lcc2471 |    00000F7B  A$lcc2471
     00000F7B  C$main.c$ |    00000F7B  C$main.c$ |    00000F7C  A$lcc2471
     00000F7D  A$lcc2471 |    00000F80  A$lcc2471 |    00000F82  A$lcc2471
     00000F83  A$lcc2471 |    00000F85  A$lcc2471 |    00000F86  A$lcc2471
     00000F86  C$main.c$ |    00000F88  A$lcc2471 |    00000F89  A$lcc2471
     00000F8A  A$lcc2471 |    00000F8C  A$lcc2471 |    00000F8F  A$lcc2471
     00000F90  A$lcc2471 |    00000F91  A$lcc2471 |    00000F92  A$lcc2471
     00000F95  A$lcc2471 |    00000F96  A$lcc2471 |    00000F97  A$lcc2471
     00000F98  A$lcc2471 |    00000F9A  A$lcc2471 |    00000F9B  A$lcc2471
     00000F9C  A$lcc2471 |    00000F9D  A$lcc2471 |    00000F9F  A$lcc2471
     00000FA0  A$lcc2471 |    00000FA2  A$lcc2471 |    00000FA3  A$lcc2471
     00000FA5  A$lcc2471 |    00000FA6  A$lcc2471 |    00000FA8  A$lcc2471
     00000FAA  A$lcc2471 |    00000FAB  A$lcc2471 |    00000FAD  A$lcc2471
     00000FAE  A$lcc2471 |    00000FAF  A$lcc2471 |    00000FB0  A$lcc2471
     00000FB3  A$lcc2471 |    00000FB4  A$lcc2471 |    00000FB5  A$lcc2471
     00000FB6  A$lcc2471 |    00000FB7  A$lcc2471 |    00000FB8  A$lcc2471
     00000FB9  A$lcc2471 |    00000FBA  A$lcc2471 |    00000FBB  A$lcc2471
     00000FBE  A$lcc2471 |    00000FBF  A$lcc2471 |    00000FC0  A$lcc2471
     00000FC1  A$lcc2471 |    00000FC3  A$lcc2471 |    00000FC4  A$lcc2471
     00000FC5  A$lcc2471 |    00000FC7  A$lcc2471 |    00000FC8  A$lcc2471
     00000FC9  A$lcc2471 |    00000FCA  A$lcc2471 |    00000FCC  A$lcc2471
     00000FCD  A$lcc2471 |    00000FCE  A$lcc2471 |    00000FCF  A$lcc2471
     00000FD0  A$lcc2471 |    00000FD2  A$lcc2471 |    00000FD3  A$lcc2471
     00000FD4  A$lcc2471 |    00000FD5  A$lcc2471 |    00000FD6  A$lcc2471
     00000FD7  A$lcc2471 |    00000FD9  A$lcc2471 |    00000FDA  A$lcc2471
     00000FDB  A$lcc2471 |    00000FDC  A$lcc2471 |    00000FDD  A$lcc2471
     00000FDE  A$lcc2471 |    00000FE0  A$lcc2471 |    00000FE1  A$lcc2471
     00000FE2  A$lcc2471 |    00000FE3  A$lcc2471 |    00000FE5  A$lcc2471
     00000FE6  A$lcc2471 |    00000FE7  A$lcc2471 |    00000FE8  A$lcc2471
     00000FEB  A$lcc2471 |    00000FEC  A$lcc2471 |    00000FEE  A$lcc2471
     00000FEE  C$main.c$ |    00000FF1  A$lcc2471 |    00000FF3  A$lcc2471
     00000FF3  C$main.c$ |    00000FF6  A$lcc2471 |    00000FF8  A$lcc2471
     00000FF8  C$main.c$ |    00000FFB  A$lcc2471 |    00000FFD  A$lcc2471
     00001000  A$lcc2471 |    00001001  A$lcc2471 |    00001002  A$lcc2471
     00001003  A$lcc2471 |    00001006  A$lcc2471 |    00001007  A$lcc2471
     00001008  A$lcc2471 |    00001009  A$lcc2471 |    0000100B  A$lcc2471
     0000100C  A$lcc2471 |    0000100D  A$lcc2471 |    00001010  A$lcc2471
     00001011  A$lcc2471 |    00001011  C$main.c$ |    00001013  A$lcc2471
     00001013  C$main.c$ |    00001013  XG$collid |    00001014  A$lcc2471
     00001014  C$main.c$ |    00001014  G$collide |    00001014  _collide_
     00001016  A$lcc2471 |    00001018  A$lcc2471 |    00001019  A$lcc2471
     0000101A  A$lcc2471 |    0000101A  C$main.c$ |    0000101D  A$lcc2471
     0000101E  A$lcc2471 |    0000101F  A$lcc2471 |    00001021  A$lcc2471
     00001022  A$lcc2471 |    00001023  A$lcc2471 |    00001024  A$lcc2471
     00001025  A$lcc2471 |    00001027  A$lcc2471 |    00001029  A$lcc2471
ASxxxx Linker V03.00 + NoICE + sdld,  page 20.
Hexadecimal  [32-Bits]

Area                       Addr        Size        Decimal Bytes (Attributes)
--------------------       ----        ----        ------- ----- ------------
_CODE                  00000200    0000279D =       10141. bytes (REL,CON)

        Value  Global            Value  Global            Value  Global    
        -----  ------            -----  ------            -----  ------    
     00001029  C$main.c$ |    0000102B  A$lcc2471 |    0000102D  A$lcc2471
     0000102D  C$main.c$ |    0000102F  A$lcc2471 |    00001031  A$lcc2471
     00001033  A$lcc2471 |    00001033  C$main.c$ |    00001035  A$lcc2471
     00001037  A$lcc2471 |    00001037  C$main.c$ |    00001039  A$lcc2471
     0000103B  A$lcc2471 |    0000103B  C$main.c$ |    0000103D  A$lcc2471
     0000103E  A$lcc2471 |    0000103F  A$lcc2471 |    00001040  A$lcc2471
     00001041  A$lcc2471 |    00001042  A$lcc2471 |    00001043  A$lcc2471
     00001044  A$lcc2471 |    00001047  A$lcc2471 |    00001048  A$lcc2471
     00001049  A$lcc2471 |    0000104A  A$lcc2471 |    0000104C  A$lcc2471
     0000104D  A$lcc2471 |    0000104E  A$lcc2471 |    0000104F  A$lcc2471
     00001051  A$lcc2471 |    00001052  A$lcc2471 |    00001053  A$lcc2471
     00001054  A$lcc2471 |    00001055  A$lcc2471 |    00001057  A$lcc2471
     00001059  A$lcc2471 |    0000105A  A$lcc2471 |    0000105B  A$lcc2471
     0000105C  A$lcc2471 |    0000105D  A$lcc2471 |    0000105E  A$lcc2471
     0000105F  A$lcc2471 |    00001062  A$lcc2471 |    00001063  A$lcc2471
     00001064  A$lcc2471 |    00001065  A$lcc2471 |    00001067  A$lcc2471
     00001069  A$lcc2471 |    0000106B  A$lcc2471 |    0000106D  A$lcc2471
     0000106F  A$lcc2471 |    00001071  A$lcc2471 |    00001071  C$main.c$
     00001074  A$lcc2471 |    00001075  A$lcc2471 |    00001076  A$lcc2471
     00001077  A$lcc2471 |    00001078  A$lcc2471 |    00001079  A$lcc2471
     0000107A  A$lcc2471 |    0000107B  A$lcc2471 |    0000107C  A$lcc2471
     0000107C  C$main.c$ |    0000107D  A$lcc2471 |    0000107F  A$lcc2471
     00001080  A$lcc2471 |    00001082  A$lcc2471 |    00001083  A$lcc2471
     00001085  A$lcc2471 |    00001085  C$main.c$ |    00001086  A$lcc2471
     00001087  A$lcc2471 |    00001089  A$lcc2471 |    0000108A  A$lcc2471
[...]

        Value  Global            Value  Global            Value  Global    
        -----  ------            -----  ------            -----  ------    
     00000030  .MemcpySm
ASxxxx Linker V03.00 + NoICE + sdld,  page 33.
Hexadecimal  [32-Bits]

Area                       Addr        Size        Decimal Bytes (Attributes)
--------------------       ----        ----        ------- ----- ------------
_HEADER3               00000000    00000008 =           8. bytes (ABS,CON)

        Value  Global            Value  Global            Value  Global    
        -----  ------            -----  ------            -----  ------    
ASxxxx Linker V03.00 + NoICE + sdld,  page 34.
Hexadecimal  [32-Bits]

Area                       Addr        Size        Decimal Bytes (Attributes)
--------------------       ----        ----        ------- ----- ------------
_HEADER4               00000000    0000004C =          76. bytes (ABS,CON)

        Value  Global            Value  Global            Value  Global    
        -----  ------            -----  ------            -----  ------    
     00000080  .int      |    0000008F  _wait_int |    0000009C  __standar
     000000AC  _refresh_
ASxxxx Linker V03.00 + NoICE + sdld,  page 35.
Hexadecimal  [32-Bits]

Area                       Addr        Size        Decimal Bytes (Attributes)
--------------------       ----        ----        ------- ----- ------------
_HEADER5               00000000    00000002 =           2. bytes (ABS,CON)

        Value  Global            Value  Global            Value  Global    
        -----  ------            -----  ------            -----  ------    
ASxxxx Linker V03.00 + NoICE + sdld,  page 36.
Hexadecimal  [32-Bits]

Area                       Addr        Size        Decimal Bytes (Attributes)
--------------------       ----        ----        ------- ----- ------------
_HEADER6               00000000    00000030 =          48. bytes (ABS,CON)

        Value  Global            Value  Global            Value  Global    
        -----  ------            -----  ------            -----  ------    
ASxxxx Linker V03.00 + NoICE + sdld,  page 37.
Hexadecimal  [32-Bits]

Area                       Addr        Size        Decimal Bytes (Attributes)
--------------------       ----        ----        ------- ----- ------------
_HEADER7               00000000    00000006 =           6. bytes (ABS,CON)

        Value  Global            Value  Global            Value  Global    
        -----  ------            -----  ------            -----  ------    
ASxxxx Linker V03.00 + NoICE + sdld,  page 38.
Hexadecimal  [32-Bits]

Area                       Addr        Size        Decimal Bytes (Attributes)
--------------------       ----        ----        ------- ----- ------------
_HEADER8               00000000    00000003 =           3. bytes (ABS,CON)

        Value  Global            Value  Global            Value  Global    
        -----  ------            -----  ------            -----  ------    
ASxxxx Linker V03.00 + NoICE + sdld,  page 39.
Hexadecimal  [32-Bits]

Area                       Addr        Size        Decimal Bytes (Attributes)
--------------------       ----        ----        ------- ----- ------------
_HEADER9               00000000    00000001 =           1. bytes (ABS,CON)

        Value  Global            Value  Global            Value  Global    
        -----  ------            -----  ------            -----  ------    
ASxxxx Linker V03.00 + NoICE + sdld,  page 40.
Hexadecimal  [32-Bits]

Area                       Addr        Size        Decimal Bytes (Attributes)
--------------------       ----        ----        ------- ----- ------------
_HEADERa               00000000    00000001 =           1. bytes (ABS,CON)

        Value  Global            Value  Global            Value  Global    
        -----  ------            -----  ------            -----  ------    
ASxxxx Linker V03.00 + NoICE + sdld,  page 41.
Hexadecimal  [32-Bits]

Area                       Addr        Size        Decimal Bytes (Attributes)
--------------------       ----        ----        ------- ----- ------------
_HEADERb               00000000    00000001 =           1. bytes (ABS,CON)

        Value  Global            Value  Global            Value  Global    
        -----  ------            -----  ------            -----  ------    
ASxxxx Linker V03.00 + NoICE + sdld,  page 42.
Hexadecimal  [32-Bits]

Area                       Addr        Size        Decimal Bytes (Attributes)
--------------------       ----        ----        ------- ----- ------------
_HEADERc               00000000    00000002 =           2. bytes (ABS,CON)

        Value  Global            Value  Global            Value  Global    
        -----  ------            -----  ------            -----  ------    
ASxxxx Linker V03.00 + NoICE + sdld,  page 43.
Hexadecimal  [32-Bits]

Area                       Addr        Size        Decimal Bytes (Attributes)
--------------------       ----        ----        ------- ----- ------------
_HEADERd               00000000    00000001 =           1. bytes (ABS,CON)

        Value  Global            Value  Global            Value  Global    
        -----  ------            -----  ------            -----  ------    
ASxxxx Linker V03.00 + NoICE + sdld,  page 44.
Hexadecimal  [32-Bits]

Area                       Addr        Size        Decimal Bytes (Attributes)
--------------------       ----        ----        ------- ----- ------------
_HEADERe               00000000    00000001 =           1. bytes (ABS,CON)

        Value  Global            Value  Global            Value  Global    
        -----  ------            -----  ------            -----  ------    
ASxxxx Linker V03.00 + NoICE + sdld,  page 45.
Hexadecimal  [32-Bits]

Area                       Addr        Size        Decimal Bytes (Attributes)
--------------------       ----        ----        ------- ----- ------------
_HEADERf               00000000    00000002 =           2. bytes (ABS,CON)

        Value  Global            Value  Global            Value  Global    
        -----  ------            -----  ------            -----  ------    
ASxxxx Linker V03.00 + NoICE + sdld,  page 46.
Hexadecimal  [32-Bits]

Area                       Addr        Size        Decimal Bytes (Attributes)
--------------------       ----        ----        ------- ----- ------------
_HEADER10              00000000    00000084 =         132. bytes (ABS,CON)

        Value  Global            Value  Global            Value  Global    
        -----  ------            -----  ------            -----  ------    
     00000150  .reset    |    00000150  _reset    |    00000157  .code_sta
     000001B9  _exit     |    000001BD  _set_inte
ASxxxx Linker V03.00 + NoICE + sdld,  page 47.
Hexadecimal  [32-Bits]

Area                       Addr        Size        Decimal Bytes (Attributes)
--------------------       ----        ----        ------- ----- ------------
_HEADER11              00000000    00000001 =           1. bytes (ABS,CON)

        Value  Global            Value  Global            Value  Global    
        -----  ------            -----  ------            -----  ------    
ASxxxx Linker V03.00 + NoICE + sdld,  page 48.
Hexadecimal  [32-Bits]

Area                       Addr        Size        Decimal Bytes (Attributes)
--------------------       ----        ----        ------- ----- ------------
_HOME                  0000299D    00000275 =         629. bytes (REL,CON)

        Value  Global            Value  Global            Value  Global    
        -----  ------            -----  ------            -----  ------    
     0000299D  .memset_s |    000029A6  .memcpy_s |    000029C3  .remove_V
     000029C6  .remove_i |    000029E3  .add_VBL  |    000029E6  .add_int 
     000029F1  .wait_vbl |    000029F1  _wait_vbl |    00002A01  .display_
     00002A01  _display_ |    00002A19  _remove_V |    00002A24  _add_VBL 
     00002A2F  _set_tile |    00002A34  _set_bkg_ |    00002A34  _set_win_
     00002A3C  _set_spri |    00002A6C  .padup    |    00002A6C  _waitpadu
     00002A7C  .jpad     |    00002A7C  _joypad   |    00002AA4  _waitpad 
     00002AA5  .wait_pad |    00002AAC  ___sdcc_c |    00002ADC  _add_LCD 
     00002AE7  .add_LCD  |    00002AED  _remove_L |    00002AF8  .remove_L
     00002AFE  _set_bkg_ |    00002B12  _uitoa    |    00002B21  _itoa    
     00002B30  .itoa     |    00002B44  .utoa     |    00002BB8  .set_xy_w
     00002BC1  .set_xy_b |    00002BD0  .set_xy_t
ASxxxx Linker V03.00 + NoICE + sdld,  page 49.
Hexadecimal  [32-Bits]

Area                       Addr        Size        Decimal Bytes (Attributes)
--------------------       ----        ----        ------- ----- ------------
_CODE_0                00002C12    00000440 =        1088. bytes (REL,CON)

        Value  Global            Value  Global            Value  Global    
        -----  ------            -----  ------            -----  ------    
     00002C12  G$FONT$0_ |    00002C12  _FONT    
ASxxxx Linker V03.00 + NoICE + sdld,  page 50.
Hexadecimal  [32-Bits]

Area                       Addr        Size        Decimal Bytes (Attributes)
--------------------       ----        ----        ------- ----- ------------
_INITIALIZER           00003052    00000056 =          86. bytes (REL,CON)

        Value  Global            Value  Global            Value  Global    
        -----  ------            -----  ------            -----  ------    
     00003052  Fmain$__x |    00003076  Fmain$__x |    00003079  Fmain$__x
     0000307D  Fmain$__x |    00003081  Fmain$__x |    00003088  Fmain$__x
     0000308D  Fmain$__x |    0000308E  Fmain$__x |    00003093  Fmain$__x
     00003098  Fmain$__x |    0000309F  Fmain$__x |    000030A5  Fmain$__x
ASxxxx Linker V03.00 + NoICE + sdld,  page 51.
Hexadecimal  [32-Bits]

Area                       Addr        Size        Decimal Bytes (Attributes)
--------------------       ----        ----        ------- ----- ------------
_GSINIT                000030A8    0000000C =          12. bytes (REL,CON)

        Value  Global            Value  Global            Value  Global    
        -----  ------            -----  ------            -----  ------    
     000030A8  gsinit   
ASxxxx Linker V03.00 + NoICE + sdld,  page 52.
Hexadecimal  [32-Bits]

Area                       Addr        Size        Decimal Bytes (Attributes)
--------------------       ----        ----        ------- ----- ------------
_GSFINAL               000030B4    00000001 =           1. bytes (REL,CON)

        Value  Global            Value  Global            Value  Global    
        -----  ------            -----  ------            -----  ------    
ASxxxx Linker V03.00 + NoICE + sdld,  page 53.
Hexadecimal  [32-Bits]

Area                       Addr        Size        Decimal Bytes (Attributes)
--------------------       ----        ----        ------- ----- ------------
_DATA                  0000C0A0    00000080 =         128. bytes (REL,CON)

        Value  Global            Value  Global            Value  Global    
        -----  ------            -----  ------            -----  ------    
     0000C0A0  __cpu     |    0000C0A1  __is_GBA  |    0000C0A2  .mode    
     0000C0A3  .sys_time |    0000C0A3  _sys_time |    0000C0A5  .int_0x40
     0000C0B1  G$scroll$ |    0000C0B1  _scroll   |    0000C0BB  G$PLAYER$
     0000C0BB  _PLAYER   |    0000C0C3  G$LOG_FRO |    0000C0C3  _LOG_FROG
     0000C0CB  G$FLY$0_0 |    0000C0CB  _FLY      |    0000C0D3  G$joy$0_0
     0000C0D3  _joy      |    0000C0D4  G$last_jo |    0000C0D4  _last_joy
     0000C0D5  G$is_movi |    0000C0D5  _is_movin |    0000C0D6  G$is_anim
     0000C0D6  _is_anima |    0000C0D7  G$is_dyin |    0000C0D7  _is_dying
     0000C0D8  G$turtles |    0000C0D8  _turtles_ |    0000C0D9  G$move_x$
     0000C0D9  _move_x   |    0000C0DA  G$move_y$ |    0000C0DA  _move_y  
     0000C0DB  G$scx_cou |    0000C0DB  _scx_coun |    0000C0DC  G$turtle_
     0000C0DC  _turtle_c |    0000C0DD  G$dive_co |    0000C0DD  _dive_cou
     0000C0DE  G$timer$0 |    0000C0DE  _timer    |    0000C0E0  G$fly_tim
     0000C0E0  _fly_time |    0000C0E2  G$fly_res |    0000C0E2  _fly_resp
     0000C0E4  G$timer_t |    0000C0E4  _timer_ti |    0000C0E5  G$pause_t
     0000C0E5  _pause_ti |    0000C0E6  G$flash$0 |    0000C0E6  _flash   
     0000C0E7  G$GAMESTA |    0000C0E7  _GAMESTAT |    0000C0E8  G$TIMERST
     0000C0E8  _TIMERSTA |    0000C0E9  G$turtle_ |    0000C0E9  _turtle_t
     0000C0EA  G$dive_ti |    0000C0EA  _dive_til |    0000C0EB  G$cave$0_
     0000C0EB  _cave     |    0000C0F0  G$y_min$0 |    0000C0F0  _y_min   
     0000C0F1  G$vram_ad |    0000C0F1  _vram_add |    0000C0F3  G$score$0
     0000C0F3  _score    |    0000C0F5  G$score_b |    0000C0F5  _score_bu
     0000C0FA  G$current |    0000C0FA  _current_ |    0000C0FB  G$level_b
     0000C0FB  _level_bu |    0000C113  G$animati |    0000C113  _animatio
     0000C114  G$death_a |    0000C114  _death_an |    0000C115  ___curren
     0000C117  ___curren |    0000C118  .int_0x48
ASxxxx Linker V03.00 + NoICE + sdld,  page 54.
Hexadecimal  [32-Bits]

Area                       Addr        Size        Decimal Bytes (Attributes)
--------------------       ----        ----        ------- ----- ------------
_INITIALIZED           0000C120    00000056 =          86. bytes (REL,CON)

        Value  Global            Value  Global            Value  Global    
        -----  ------            -----  ------            -----  ------    
     0000C120  G$scroll_ |    0000C120  _scroll_r |    0000C144  G$turtle_
     0000C144  _turtle_d |    0000C147  G$turtle_ |    0000C147  _turtle_d
     0000C14B  G$turtle_ |    0000C14B  _turtle_t |    0000C14F  G$dive_ti
     0000C14F  _dive_til |    0000C156  G$cave_fl |    0000C156  _cave_fly
     0000C15B  G$lives$0 |    0000C15B  _lives    |    0000C15C  G$PLAYER1
     0000C15C  _PLAYER1U |    0000C161  G$PLAYER2 |    0000C161  _PLAYER2U
     0000C166  G$level_t |    0000C166  _level_te |    0000C16D  G$pause_t
     0000C16D  _pause_te |    0000C173  G$death_a |    0000C173  _death_an
     0000C174  ___render |    0000C175  __map_til
ASxxxx Linker V03.00 + NoICE + sdld,  page 55.
Hexadecimal  [32-Bits]

Area                       Addr        Size        Decimal Bytes (Attributes)
--------------------       ----        ----        ------- ----- ------------
_HRAM12                00000000    00000003 =           3. bytes (ABS,CON)

        Value  Global            Value  Global            Value  Global    
        -----  ------            -----  ------            -----  ------    
     0000FF90  __current |    0000FF92  __shadow_
ASxxxx Linker V03.00 + NoICE + sdld,  page 56.
Hexadecimal  [32-Bits]

Area                       Addr        Size        Decimal Bytes (Attributes)
--------------------       ----        ----        ------- ----- ------------
_CODE_1                00014000    00000426 =        1062. bytes (REL,CON)

        Value  Global            Value  Global            Value  Global    
        -----  ------            -----  ------            -----  ------    
     00014000  C$fly.c$9 |    00014000  G$__func_ |    00014000  G$fly_pal
     00014000  ___func_f |    00014000  _fly_pale |    00014008  G$fly_til
     00014008  _fly_tile |    00014048  G$fly_met |    00014048  _fly_meta
     00014054  G$fly_met |    00014054  _fly_meta |    00014056  C$frogger
     00014056  G$__func_ |    00014056  G$frogger |    00014056  ___func_f
     00014056  _frogger_ |    00014060  G$frogger |    00014060  _frogger_
     000142A0  G$frogger |    000142A0  _frogger_ |    000142AC  G$frogger
     000142AC  _frogger_ |    000142B8  G$frogger |    000142B8  _frogger_
     000142C4  G$frogger |    000142C4  _frogger_ |    000142D0  G$frogger
     000142D0  _frogger_ |    000142DC  G$frogger |    000142DC  _frogger_
     000142E8  G$frogger |    000142E8  _frogger_ |    000142F4  G$frogger
     000142F4  _frogger_ |    00014300  G$frogger |    00014300  _frogger_
     0001430C  G$frogger |    0001430C  _frogger_ |    0001431E  G$frogger
     0001431E  _frogger_ |    00014332  G$frogger |    00014332  _frogger_
     00014346  G$frogger |    00014346  _frogger_ |    00014378  C$frogger
     00014378  G$__func_ |    00014378  G$frogger |    00014378  ___func_f
     00014378  _frogger_ |    00014380  G$frogger |    00014380  _frogger_
     000143C0  G$frogger |    000143C0  _frogger_ |    000143CC  G$frogger
     000143CC  _frogger_ |    000143CE  C$log_fro |    000143CE  G$__func_
     000143CE  G$log_fro |    000143CE  ___func_l |    000143CE  _log_frog
     000143D8  G$log_fro |    000143D8  _log_frog |    00014418  G$log_fro
     00014418  _log_frog |    00014424  G$log_fro |    00014424  _log_frog
ASxxxx Linker V03.00 + NoICE + sdld,  page 57.
Hexadecimal  [32-Bits]

Area                       Addr        Size        Decimal Bytes (Attributes)
--------------------       ----        ----        ------- ----- ------------
_HEADER_LCD0           00000000    00000003 =           3. bytes (ABS,CON)

        Value  Global            Value  Global            Value  Global    
        -----  ------            -----  ------            -----  ------    
ASxxxx Linker V03.00 + NoICE + sdld,  page 58.

Files Linked                              [ module(s) ]

C:\c_code\gbdk\lib/gb/crt0.o              [ Runtime ]
C:\Users\EMART~1\AppData\Local\Temp/lcc247120.rel
                                          [ main ]
C:\Users\EMART~1\AppData\Local\Temp/lcc247121.rel
                                          [ bkg_map ]
C:\Users\EMART~1\AppData\Local\Temp/lcc247122.rel
                                          [ bkg_tiles ]
C:\Users\EMART~1\AppData\Local\Temp/lcc247123.rel
                                          [ collision_map ]
C:\Users\EMART~1\AppData\Local\Temp/lcc247124.rel
                                          [ fly ]
C:\Users\EMART~1\AppData\Local\Temp/lcc247125.rel
                                          [ font ]
C:\Users\EMART~1\AppData\Local\Temp/lcc247126.rel
                                          [ frog_lives ]
C:\Users\EMART~1\AppData\Local\Temp/lcc247127.rel
                                          [ frogger ]
C:\Users\EMART~1\AppData\Local\Temp/lcc247128.rel
                                          [ frogger_16 ]
C:\Users\EMART~1\AppData\Local\Temp/lcc247129.rel
                                          [ log_frog ]
C:\Users\EMART~1\AppData\Local\Temp/lcc2471210.rel
                                          [ reset_timer ]
C:\Users\EMART~1\AppData\Local\Temp/lcc2471211.rel
                                          [ win_frog ]


Libraries Linked                          [ object file ]

C:\c_code\gbdk\lib/gb/gb.lib              [ sfr.o ]
C:\c_code\gbdk\lib/gb/gb.lib              [ get_tile.o ]
C:\c_code\gbdk\lib/gb/gb.lib              [ set_tile.o ]
C:\c_code\gbdk\lib/gb/gb.lib              [ metasprites_hide.o ]
C:\c_code\gbdk\lib/gb/gb.lib              [ set_data.o ]
C:\c_code\gbdk\lib/gb/gb.lib              [ metasprites_flip.o ]
C:\c_code\gbdk\lib/sm83/sm83.lib          [ sprintf.o ]
C:\c_code\gbdk\lib/gb/gb.lib              [ pad.o ]
C:\c_code\gbdk\lib/gb/gb.lib              [ metasprites.o ]
C:\c_code\gbdk\lib/sm83/sm83.lib          [ __sdcc_call_hl.o ]
C:\c_code\gbdk\lib/gb/gb.lib              [ lcd.o ]
C:\c_code\gbdk\lib/gb/gb.lib              [ get_addr.o ]
C:\c_code\gbdk\lib/sm83/sm83.lib          [ div.o ]
C:\c_code\gbdk\lib/gb/gb.lib              [ set_bk_t.o ]
C:\c_code\gbdk\lib/sm83/sm83.lib          [ itoa.o ]
C:\c_code\gbdk\lib/gb/gb.lib              [ set_xy_t.o ]

ASxxxx Linker V03.00 + NoICE + sdld,  page 59.

User Base Address Definitions

_DATA=0xC0A0
_CODE=0x0200
ASxxxx Linker V03.00 + NoICE + sdld,  page 60.

User Global Definitions

_shadow_OAM=0xC000
.STACK=0xE000
.refresh_OAM=0xFF80

