ASxxxx Linker V03.00 + NoICE + sdld,  page 1.
Hexadecimal  [32-Bits]

Area                       Addr        Size        Decimal Bytes (Attributes)
--------------------       ----        ----        ------- ----- ------------
.  .ABS.               00000000    00000000 =           0. bytes (ABS,CON)

        Value  Global            Value  Global            Value  Global    
        -----  ------            -----  ------            -----  ------    
     00000000  .__.ABS.  |    00000000  _rRAMG    |    00000000  l__BASE  
     00000000  l__BSS    |    00000000  l__CABS   |    00000000  l__DABS  
     00000000  l__HEADER |    00000000  l__HEADER |    00000000  l__HEAP  
     00000000  l__HRAM   |    00000000  l__LIT    |    00000000  s__CABS  
     00000000  s__DABS   |    00000000  s__HEADER |    00000000  s__HEADER
     00000000  s__HEADER |    00000000  s__HEADER |    00000000  s__HEADER
     00000000  s__HEADER |    00000000  s__HEADER |    00000000  s__HEADER
     00000000  s__HEADER |    00000000  s__HEADER |    00000000  s__HEADER
     00000000  s__HEADER |    00000000  s__HEADER |    00000000  s__HEADER
     00000000  s__HEADER |    00000000  s__HEADER |    00000000  s__HEADER
     00000000  s__HEADER |    00000000  s__HEADER |    00000000  s__HEADER
     00000000  s__HEADER |    00000000  s__HRAM   |    00000000  s__HRAM12
     00000001  ___bank_f |    00000001  ___bank_f |    00000001  l__GSFINA
     00000001  l__HEADER |    00000001  l__HEADER |    00000001  l__HEADER
     00000001  l__HEADER |    00000001  l__HEADER |    00000001  l__HEADER
     00000001  l__HEADER |    00000002  l__HEADER |    00000002  l__HEADER
     00000002  l__HEADER |    00000003  l__HEADER |    00000003  l__HEADER
     00000003  l__HRAM12 |    00000005  l__HEADER |    00000006  l__HEADER
     00000007  l__HEADER |    00000008  l__HEADER |    0000000C  l__GSINIT
     00000030  l__HEADER |    00000048  l__INITIA |    00000048  l__INITIA
     0000004F  l__HEADER |    0000006E  l__DATA   |    00000082  l__HEADER
     000000AC  l__CODE_1 |    00000200  s__CODE   |    0000039A  l__HOME  
     00000440  l__CODE_0 |    00001D90  l__CODE   |    00001F90  s__HOME  
     00002000  _rROMB0   |    0000232A  s__BASE   |    0000232A  s__CODE_0
     0000276A  s__INITIA |    0000276A  s__LIT    |    000027B2  s__GSINIT
     000027BE  s__GSFINA |    00003000  _rROMB1   |    00004000  _rRAMB   
     00008000  __VRAM    |    00008000  __VRAM800 |    00008800  __VRAM880
     00009000  __VRAM900 |    00009800  __SCRN0   |    00009C00  __SCRN1  
     0000A000  __SRAM    |    0000C000  __RAM     |    0000C000  _shadow_O
     0000C0A0  s__DATA   |    0000C10E  s__BSS    |    0000C10E  s__INITIA
     0000C156  s__HEAP   |    0000D000  __RAMBANK |    0000E000  .STACK   
     0000FE00  __OAMRAM  |    0000FF00  _P1_REG   |    0000FF00  __IO     
     0000FF01  _SB_REG   |    0000FF02  _SC_REG   |    0000FF04  _DIV_REG 
     0000FF05  _TIMA_REG |    0000FF06  _TMA_REG  |    0000FF07  _TAC_REG 
     0000FF0F  _IF_REG   |    0000FF10  _NR10_REG |    0000FF11  _NR11_REG
     0000FF12  _NR12_REG |    0000FF13  _NR13_REG |    0000FF14  _NR14_REG
     0000FF16  _NR21_REG |    0000FF17  _NR22_REG |    0000FF18  _NR23_REG
     0000FF19  _NR24_REG |    0000FF1A  _NR30_REG |    0000FF1B  _NR31_REG
     0000FF1C  _NR32_REG |    0000FF1D  _NR33_REG |    0000FF1E  _NR34_REG
     0000FF20  _NR41_REG |    0000FF21  _NR42_REG |    0000FF22  _NR43_REG
     0000FF23  _NR44_REG |    0000FF24  _NR50_REG |    0000FF25  _NR51_REG
     0000FF26  _NR52_REG |    0000FF30  _PCM_SAMP |    0000FF30  __AUD3WAV
     0000FF40  _LCDC_REG |    0000FF41  _STAT_REG |    0000FF42  _SCY_REG 
     0000FF43  _SCX_REG  |    0000FF44  _LY_REG   |    0000FF45  _LYC_REG 
     0000FF46  _DMA_REG  |    0000FF47  _BGP_REG  |    0000FF48  _OBP0_REG
     0000FF49  _OBP1_REG |    0000FF4A  _WY_REG   |    0000FF4B  _WX_REG  
     0000FF4D  _KEY1_REG |    0000FF4F  _VBK_REG  |    0000FF51  _HDMA1_RE
     0000FF52  _HDMA2_RE |    0000FF53  _HDMA3_RE |    0000FF54  _HDMA4_RE
     0000FF55  _HDMA5_RE |    0000FF56  _RP_REG   |    0000FF68  _BCPS_REG
     0000FF69  _BCPD_REG |    0000FF6A  _OCPS_REG |    0000FF6B  _OCPD_REG
ASxxxx Linker V03.00 + NoICE + sdld,  page 2.
Hexadecimal  [32-Bits]

Area                       Addr        Size        Decimal Bytes (Attributes)
--------------------       ----        ----        ------- ----- ------------
.  .ABS.               00000000    00000000 =           0. bytes (ABS,CON)

        Value  Global            Value  Global            Value  Global    
        -----  ------            -----  ------            -----  ------    
     0000FF70  _SVBK_REG |    0000FF76  _PCM12_RE |    0000FF77  _PCM34_RE
     0000FF80  .refresh_ |    0000FF80  __HRAM    |    0000FFFF  _IE_REG  
     00014000  s__CODE_1
ASxxxx Linker V03.00 + NoICE + sdld,  page 3.
Hexadecimal  [32-Bits]

Area                       Addr        Size        Decimal Bytes (Attributes)
--------------------       ----        ----        ------- ----- ------------
_CODE                  00000200    00001D90 =        7568. bytes (REL,CON)

        Value  Global            Value  Global            Value  Global    
        -----  ------            -----  ------            -----  ------    
     00000200  A$lcc6184 |    00000200  C$main.c$ |    00000200  C$main.c$
     00000200  G$update_ |    00000200  _update_l |    00000203  A$lcc6184
     00000204  A$lcc6184 |    00000207  A$lcc6184 |    00000208  A$lcc6184
     0000020B  A$lcc6184 |    0000020C  A$lcc6184 |    0000020D  A$lcc6184
     0000020E  A$lcc6184 |    0000020E  C$main.c$ |    00000211  A$lcc6184
     00000212  A$lcc6184 |    00000215  A$lcc6184 |    00000216  A$lcc6184
     00000219  A$lcc6184 |    0000021A  A$lcc6184 |    0000021D  A$lcc6184
     0000021F  A$lcc6184 |    0000021F  C$main.c$ |    00000222  A$lcc6184
     00000223  A$lcc6184 |    00000224  A$lcc6184 |    00000226  A$lcc6184
     00000226  C$main.c$ |    00000228  A$lcc6184 |    00000229  A$lcc6184
     0000022A  A$lcc6184 |    0000022D  A$lcc6184 |    0000022E  A$lcc6184
     0000022F  A$lcc6184 |    00000230  A$lcc6184 |    00000231  A$lcc6184
     00000234  A$lcc6184 |    00000236  A$lcc6184 |    00000236  C$main.c$
     00000239  A$lcc6184 |    0000023A  A$lcc6184 |    0000023C  A$lcc6184
     0000023D  A$lcc6184 |    0000023E  A$lcc6184 |    0000023E  C$main.c$
     0000023F  A$lcc6184 |    00000241  A$lcc6184 |    00000241  C$main.c$
     00000244  A$lcc6184 |    00000245  A$lcc6184 |    00000248  A$lcc6184
     00000249  A$lcc6184 |    0000024C  A$lcc6184 |    0000024D  A$lcc6184
     0000024E  A$lcc6184 |    0000024F  A$lcc6184 |    0000024F  C$main.c$
     00000252  A$lcc6184 |    00000254  A$lcc6184 |    00000255  A$lcc6184
     00000256  A$lcc6184 |    00000259  A$lcc6184 |    0000025A  A$lcc6184
     0000025B  A$lcc6184 |    0000025C  A$lcc6184 |    0000025D  A$lcc6184
     00000260  A$lcc6184 |    00000262  A$lcc6184 |    00000262  C$main.c$
     00000262  XG$update |    00000263  Fmain$__s |    00000266  A$lcc6184
     00000266  C$main.c$ |    00000266  C$main.c$ |    00000266  G$update_
     00000266  _update_p |    00000269  A$lcc6184 |    0000026A  A$lcc6184
     0000026D  A$lcc6184 |    0000026E  A$lcc6184 |    00000271  A$lcc6184
     00000272  A$lcc6184 |    00000273  A$lcc6184 |    00000274  A$lcc6184
     00000274  C$main.c$ |    00000277  A$lcc6184 |    00000278  A$lcc6184
     00000279  A$lcc6184 |    0000027A  A$lcc6184 |    0000027A  C$main.c$
     0000027C  A$lcc6184 |    0000027D  A$lcc6184 |    0000027E  A$lcc6184
     00000281  A$lcc6184 |    00000282  A$lcc6184 |    00000283  A$lcc6184
     00000284  A$lcc6184 |    00000285  A$lcc6184 |    00000288  A$lcc6184
     0000028A  A$lcc6184 |    0000028A  C$main.c$ |    0000028D  A$lcc6184
     0000028E  A$lcc6184 |    00000290  A$lcc6184 |    00000291  A$lcc6184
     00000292  A$lcc6184 |    00000292  C$main.c$ |    00000293  A$lcc6184
     00000293  C$main.c$ |    00000293  XG$update |    00000295  A$lcc6184
     00000295  C$main.c$ |    00000295  C$main.c$ |    00000295  G$update_
     00000295  _update_s |    00000298  A$lcc6184 |    00000299  A$lcc6184
     0000029B  A$lcc6184 |    0000029C  A$lcc6184 |    0000029E  A$lcc6184
     000002A0  A$lcc6184 |    000002A1  A$lcc6184 |    000002A2  A$lcc6184
     000002A3  A$lcc6184 |    000002A5  A$lcc6184 |    000002A5  C$main.c$
     000002A8  A$lcc6184 |    000002A9  A$lcc6184 |    000002AC  A$lcc6184
     000002AD  A$lcc6184 |    000002B0  A$lcc6184 |    000002B1  A$lcc6184
     000002B2  A$lcc6184 |    000002B3  A$lcc6184 |    000002B5  A$lcc6184
     000002B5  C$main.c$ |    000002B8  A$lcc6184 |    000002B9  A$lcc6184
     000002BB  A$lcc6184 |    000002BC  A$lcc6184 |    000002BE  A$lcc6184
     000002C0  A$lcc6184 |    000002C1  A$lcc6184 |    000002C3  A$lcc6184
     000002C5  A$lcc6184 |    000002C6  A$lcc6184 |    000002C8  A$lcc6184
     000002C8  C$main.c$ |    000002CB  A$lcc6184 |    000002CC  A$lcc6184
ASxxxx Linker V03.00 + NoICE + sdld,  page 4.
Hexadecimal  [32-Bits]

Area                       Addr        Size        Decimal Bytes (Attributes)
--------------------       ----        ----        ------- ----- ------------
_CODE                  00000200    00001D90 =        7568. bytes (REL,CON)

        Value  Global            Value  Global            Value  Global    
        -----  ------            -----  ------            -----  ------    
     000002CF  A$lcc6184 |    000002D0  A$lcc6184 |    000002D3  A$lcc6184
     000002D4  A$lcc6184 |    000002D5  A$lcc6184 |    000002D6  A$lcc6184
     000002D8  A$lcc6184 |    000002D8  C$main.c$ |    000002DA  A$lcc6184
     000002DC  A$lcc6184 |    000002DF  A$lcc6184 |    000002E0  A$lcc6184
     000002E2  A$lcc6184 |    000002E3  A$lcc6184 |    000002E5  A$lcc6184
     000002E7  A$lcc6184 |    000002E7  C$main.c$ |    000002EA  A$lcc6184
     000002EB  A$lcc6184 |    000002EE  A$lcc6184 |    000002EF  A$lcc6184
     000002F2  A$lcc6184 |    000002F3  A$lcc6184 |    000002F4  A$lcc6184
     000002F5  A$lcc6184 |    000002F7  A$lcc6184 |    000002F7  C$main.c$
     000002FA  A$lcc6184 |    000002FC  A$lcc6184 |    000002FD  A$lcc6184
     000002FE  A$lcc6184 |    00000300  A$lcc6184 |    00000301  A$lcc6184
     00000303  A$lcc6184 |    00000303  C$main.c$ |    00000306  A$lcc6184
     00000307  A$lcc6184 |    0000030A  A$lcc6184 |    0000030B  A$lcc6184
     0000030E  A$lcc6184 |    0000030F  A$lcc6184 |    00000310  A$lcc6184
     00000311  A$lcc6184 |    00000311  C$main.c$ |    00000314  A$lcc6184
     00000315  A$lcc6184 |    00000316  A$lcc6184 |    00000317  A$lcc6184
     00000318  A$lcc6184 |    0000031B  A$lcc6184 |    0000031C  A$lcc6184
     0000031F  A$lcc6184 |    00000320  A$lcc6184 |    00000323  A$lcc6184
     00000325  A$lcc6184 |    00000325  C$main.c$ |    00000328  A$lcc6184
     00000329  A$lcc6184 |    0000032A  A$lcc6184 |    0000032B  A$lcc6184
     0000032B  C$main.c$ |    0000032D  A$lcc6184 |    0000032E  A$lcc6184
     0000032F  A$lcc6184 |    00000332  A$lcc6184 |    00000333  A$lcc6184
     00000334  A$lcc6184 |    00000335  A$lcc6184 |    00000336  A$lcc6184
     00000339  A$lcc6184 |    0000033B  A$lcc6184 |    0000033B  C$main.c$
     0000033E  A$lcc6184 |    0000033F  A$lcc6184 |    00000341  A$lcc6184
     00000342  A$lcc6184 |    00000343  A$lcc6184 |    00000343  C$main.c$
     00000344  A$lcc6184 |    00000344  C$main.c$ |    00000344  XG$update
     00000346  Fmain$__s |    00000349  A$lcc6184 |    00000349  C$main.c$
     00000349  C$main.c$ |    00000349  G$reset_f |    00000349  _reset_fr
     0000034C  A$lcc6184 |    0000034E  A$lcc6184 |    0000034E  C$main.c$
     00000351  A$lcc6184 |    00000353  A$lcc6184 |    00000356  A$lcc6184
     00000358  A$lcc6184 |    00000358  C$main.c$ |    0000035B  A$lcc6184
     0000035D  A$lcc6184 |    0000035E  A$lcc6184 |    00000360  A$lcc6184
     00000360  C$main.c$ |    00000363  A$lcc6184 |    00000364  A$lcc6184
     00000365  A$lcc6184 |    00000367  A$lcc6184 |    00000368  A$lcc6184
     0000036A  A$lcc6184 |    0000036A  C$main.c$ |    0000036B  A$lcc6184
     0000036E  A$lcc6184 |    0000036E  C$main.c$ |    00000371  A$lcc6184
     00000373  A$lcc6184 |    00000374  A$lcc6184 |    00000375  A$lcc6184
     00000378  A$lcc6184 |    00000379  A$lcc6184 |    0000037C  A$lcc6184
     0000037D  A$lcc6184 |    0000037E  A$lcc6184 |    0000037F  A$lcc6184
     00000380  A$lcc6184 |    00000383  A$lcc6184 |    00000384  A$lcc6184
     00000385  A$lcc6184 |    00000386  A$lcc6184 |    00000389  A$lcc6184
     0000038B  A$lcc6184 |    0000038C  A$lcc6184 |    0000038D  A$lcc6184
     0000038E  A$lcc6184 |    0000038F  A$lcc6184 |    00000390  A$lcc6184
     00000391  A$lcc6184 |    00000392  A$lcc6184 |    00000393  A$lcc6184
     00000396  A$lcc6184 |    00000398  A$lcc6184 |    00000398  C$main.c$
     00000398  C$main.c$ |    00000398  XG$reset_ |    00000399  A$lcc6184
     00000399  C$main.c$ |    00000399  C$main.c$ |    00000399  G$reset_t
     00000399  _reset_ti |    0000039C  A$lcc6184 |    0000039E  A$lcc6184
     0000039F  A$lcc6184 |    000003A1  A$lcc6184 |    000003A1  C$main.c$
     000003A4  A$lcc6184 |    000003A6  A$lcc6184 |    000003A6  C$main.c$
ASxxxx Linker V03.00 + NoICE + sdld,  page 5.
Hexadecimal  [32-Bits]

Area                       Addr        Size        Decimal Bytes (Attributes)
--------------------       ----        ----        ------- ----- ------------
_CODE                  00000200    00001D90 =        7568. bytes (REL,CON)

        Value  Global            Value  Global            Value  Global    
        -----  ------            -----  ------            -----  ------    
     000003A9  A$lcc6184 |    000003AA  A$lcc6184 |    000003AD  A$lcc6184
     000003AE  A$lcc6184 |    000003B1  A$lcc6184 |    000003B2  A$lcc6184
     000003B5  A$lcc6184 |    000003B7  A$lcc6184 |    000003B7  C$main.c$
     000003B7  XG$reset_ |    000003B8  A$lcc6184 |    000003B8  C$main.c$
     000003B8  C$main.c$ |    000003B8  G$init_le |    000003B8  _init_lev
     000003BB  A$lcc6184 |    000003BC  A$lcc6184 |    000003BF  A$lcc6184
     000003C0  A$lcc6184 |    000003C3  A$lcc6184 |    000003C5  A$lcc6184
     000003C5  C$main.c$ |    000003C8  A$lcc6184 |    000003C9  A$lcc6184
     000003CC  A$lcc6184 |    000003CD  A$lcc6184 |    000003D0  A$lcc6184
     000003D2  A$lcc6184 |    000003D2  C$main.c$ |    000003D5  A$lcc6184
     000003D6  A$lcc6184 |    000003D9  A$lcc6184 |    000003DA  A$lcc6184
     000003DD  A$lcc6184 |    000003DF  A$lcc6184 |    000003DF  C$main.c$
     000003E2  A$lcc6184 |    000003E3  A$lcc6184 |    000003E6  A$lcc6184
     000003E7  A$lcc6184 |    000003E8  A$lcc6184 |    000003E9  A$lcc6184
     000003EA  A$lcc6184 |    000003ED  A$lcc6184 |    000003EF  A$lcc6184
     000003EF  C$main.c$ |    000003F2  A$lcc6184 |    000003F3  A$lcc6184
     000003F5  A$lcc6184 |    000003F6  A$lcc6184 |    000003F7  A$lcc6184
     000003FA  A$lcc6184 |    000003FC  A$lcc6184 |    000003FC  C$main.c$
     000003FF  A$lcc6184 |    00000401  A$lcc6184 |    00000401  C$main.c$
     00000402  A$lcc6184 |    00000405  A$lcc6184 |    00000406  A$lcc6184
     00000407  A$lcc6184 |    00000407  C$main.c$ |    0000040A  A$lcc6184
     0000040A  C$main.c$ |    0000040D  A$lcc6184 |    0000040F  A$lcc6184
     0000040F  C$main.c$ |    00000412  A$lcc6184 |    00000412  C$main.c$
     00000415  A$lcc6184 |    00000415  C$main.c$ |    00000418  A$lcc6184
     00000418  C$main.c$ |    00000418  C$main.c$ |    00000418  XG$init_l
     0000041B  A$lcc6184 |    0000041B  C$main.c$ |    0000041B  G$move_fr
     0000041B  _move_fro |    0000041C  A$lcc6184 |    0000041D  A$lcc6184
     0000041D  C$main.c$ |    00000420  A$lcc6184 |    00000421  A$lcc6184
     00000423  A$lcc6184 |    00000423  C$main.c$ |    00000426  A$lcc6184
     00000427  A$lcc6184 |    00000429  A$lcc6184 |    0000042A  A$lcc6184
     0000042B  A$lcc6184 |    0000042C  A$lcc6184 |    0000042D  A$lcc6184
     00000430  A$lcc6184 |    00000432  A$lcc6184 |    00000434  A$lcc6184
     00000437  A$lcc6184 |    00000439  A$lcc6184 |    0000043C  A$lcc6184
     0000043D  A$lcc6184 |    0000043E  A$lcc6184 |    0000043F  A$lcc6184
     00000440  A$lcc6184 |    00000441  A$lcc6184 |    00000444  A$lcc6184
     00000445  A$lcc6184 |    00000446  A$lcc6184 |    00000447  A$lcc6184
     0000044A  A$lcc6184 |    0000044C  A$lcc6184 |    0000044D  A$lcc6184
     00000450  A$lcc6184 |    00000451  A$lcc6184 |    00000452  A$lcc6184
     00000453  A$lcc6184 |    00000456  A$lcc6184 |    00000457  A$lcc6184
     00000458  A$lcc6184 |    00000459  A$lcc6184 |    0000045C  A$lcc6184
     0000045E  A$lcc6184 |    00000460  A$lcc6184 |    00000461  A$lcc6184
     00000462  A$lcc6184 |    00000463  A$lcc6184 |    00000464  A$lcc6184
     00000466  A$lcc6184 |    00000467  A$lcc6184 |    0000046A  A$lcc6184
     0000046C  A$lcc6184 |    0000046C  C$main.c$ |    0000046E  A$lcc6184
     0000046E  C$main.c$ |    00000471  A$lcc6184 |    00000472  A$lcc6184
     00000474  A$lcc6184 |    00000474  C$main.c$ |    00000477  A$lcc6184
     00000478  A$lcc6184 |    00000479  A$lcc6184 |    0000047A  A$lcc6184
     0000047D  A$lcc6184 |    0000047F  A$lcc6184 |    00000481  A$lcc6184
     00000484  A$lcc6184 |    00000486  A$lcc6184 |    00000489  A$lcc6184
     0000048A  A$lcc6184 |    0000048B  A$lcc6184 |    0000048C  A$lcc6184
     0000048F  A$lcc6184 |    00000490  A$lcc6184 |    00000491  A$lcc6184
ASxxxx Linker V03.00 + NoICE + sdld,  page 6.
Hexadecimal  [32-Bits]

Area                       Addr        Size        Decimal Bytes (Attributes)
--------------------       ----        ----        ------- ----- ------------
_CODE                  00000200    00001D90 =        7568. bytes (REL,CON)

        Value  Global            Value  Global            Value  Global    
        -----  ------            -----  ------            -----  ------    
     00000492  A$lcc6184 |    00000495  A$lcc6184 |    00000496  A$lcc6184
     00000499  A$lcc6184 |    0000049A  A$lcc6184 |    0000049B  A$lcc6184
     0000049C  A$lcc6184 |    0000049D  A$lcc6184 |    000004A0  A$lcc6184
     000004A1  A$lcc6184 |    000004A2  A$lcc6184 |    000004A3  A$lcc6184
     000004A6  A$lcc6184 |    000004A8  A$lcc6184 |    000004A9  A$lcc6184
     000004AA  A$lcc6184 |    000004AB  A$lcc6184 |    000004AC  A$lcc6184
     000004AD  A$lcc6184 |    000004AE  A$lcc6184 |    000004AF  A$lcc6184
     000004B0  A$lcc6184 |    000004B3  A$lcc6184 |    000004B5  A$lcc6184
     000004B5  C$main.c$ |    000004B6  A$lcc6184 |    000004B7  A$lcc6184
     000004B7  C$main.c$ |    000004B7  XG$move_f |    000004B8  A$lcc6184
     000004B8  C$main.c$ |    000004B8  C$main.c$ |    000004B8  G$update_
     000004B8  _update_m |    000004BB  A$lcc6184 |    000004BC  A$lcc6184
     000004BE  A$lcc6184 |    000004BE  C$main.c$ |    000004C1  A$lcc6184
     000004C1  C$main.c$ |    000004C4  A$lcc6184 |    000004C6  A$lcc6184
     000004C8  A$lcc6184 |    000004CB  A$lcc6184 |    000004CD  A$lcc6184
     000004D0  A$lcc6184 |    000004D1  A$lcc6184 |    000004D4  A$lcc6184
     000004D5  A$lcc6184 |    000004D6  A$lcc6184 |    000004D7  A$lcc6184
     000004D7  C$main.c$ |    000004DA  A$lcc6184 |    000004DB  A$lcc6184
     000004DD  A$lcc6184 |    000004DD  C$main.c$ |    000004E0  A$lcc6184
     000004E0  C$main.c$ |    000004E3  A$lcc6184 |    000004E5  A$lcc6184
     000004E7  A$lcc6184 |    000004EA  A$lcc6184 |    000004EC  A$lcc6184
     000004EF  A$lcc6184 |    000004F0  A$lcc6184 |    000004F3  A$lcc6184
     000004F4  A$lcc6184 |    000004F5  A$lcc6184 |    000004F6  A$lcc6184
     000004F6  C$main.c$ |    000004F9  A$lcc6184 |    000004FA  A$lcc6184
     000004FC  A$lcc6184 |    000004FF  A$lcc6184 |    00000500  A$lcc6184
     00000501  A$lcc6184 |    00000501  C$main.c$ |    00000504  A$lcc6184
     00000506  A$lcc6184 |    00000506  C$main.c$ |    00000509  A$lcc6184
     0000050A  A$lcc6184 |    0000050B  A$lcc6184 |    0000050C  A$lcc6184
     0000050F  A$lcc6184 |    00000510  A$lcc6184 |    00000512  A$lcc6184
     00000513  A$lcc6184 |    00000514  A$lcc6184 |    00000515  A$lcc6184
     00000516  A$lcc6184 |    00000517  A$lcc6184 |    00000518  A$lcc6184
     0000051A  A$lcc6184 |    0000051C  A$lcc6184 |    0000051E  A$lcc6184
     00000520  A$lcc6184 |    00000521  A$lcc6184 |    00000523  A$lcc6184
     00000525  A$lcc6184 |    00000527  A$lcc6184 |    00000528  A$lcc6184
     00000529  A$lcc6184 |    00000529  C$main.c$ |    0000052C  A$lcc6184
     0000052D  A$lcc6184 |    0000052F  A$lcc6184 |    00000530  A$lcc6184
     00000531  A$lcc6184 |    00000533  A$lcc6184 |    00000534  A$lcc6184
     00000534  C$main.c$ |    00000537  A$lcc6184 |    00000537  C$main.c$
     0000053A  A$lcc6184 |    0000053D  A$lcc6184 |    0000053D  C$main.c$
     0000053D  XG$update |    0000053E  A$lcc6184 |    0000053E  C$main.c$
     0000053E  C$main.c$ |    0000053E  G$paralla |    0000053E  _parallax
     00000540  A$lcc6184 |    00000541  A$lcc6184 |    00000543  A$lcc6184
     00000545  A$lcc6184 |    00000547  A$lcc6184 |    00000549  A$lcc6184
     0000054B  A$lcc6184 |    0000054D  A$lcc6184 |    0000054F  A$lcc6184
     00000551  A$lcc6184 |    00000553  A$lcc6184 |    00000555  A$lcc6184
     00000557  A$lcc6184 |    00000559  A$lcc6184 |    0000055B  A$lcc6184
     0000055D  A$lcc6184 |    0000055F  A$lcc6184 |    00000561  A$lcc6184
     00000563  A$lcc6184 |    00000565  A$lcc6184 |    00000568  A$lcc6184
     0000056A  A$lcc6184 |    0000056D  A$lcc6184 |    0000056F  A$lcc6184
     00000572  A$lcc6184 |    00000574  A$lcc6184 |    00000577  A$lcc6184
     00000578  A$lcc6184 |    00000578  C$main.c$ |    00000579  A$lcc6184
ASxxxx Linker V03.00 + NoICE + sdld,  page 7.
Hexadecimal  [32-Bits]

Area                       Addr        Size        Decimal Bytes (Attributes)
--------------------       ----        ----        ------- ----- ------------
_CODE                  00000200    00001D90 =        7568. bytes (REL,CON)

        Value  Global            Value  Global            Value  Global    
        -----  ------            -----  ------            -----  ------    
     0000057B  A$lcc6184 |    0000057C  A$lcc6184 |    0000057E  A$lcc6184
     0000057E  C$main.c$ |    00000580  A$lcc6184 |    00000582  A$lcc6184
     00000582  C$main.c$ |    00000583  A$lcc6184 |    00000583  C$main.c$
     00000586  A$lcc6184 |    00000588  A$lcc6184 |    00000589  A$lcc6184
     0000058B  A$lcc6184 |    0000058B  C$main.c$ |    0000058D  A$lcc6184
     0000058F  A$lcc6184 |    0000058F  C$main.c$ |    00000590  A$lcc6184
     00000590  C$main.c$ |    00000593  A$lcc6184 |    00000595  A$lcc6184
     00000596  A$lcc6184 |    00000598  A$lcc6184 |    00000598  C$main.c$
     0000059A  A$lcc6184 |    0000059C  A$lcc6184 |    0000059C  C$main.c$
     0000059D  A$lcc6184 |    0000059D  C$main.c$ |    000005A0  A$lcc6184
     000005A2  A$lcc6184 |    000005A3  A$lcc6184 |    000005A5  A$lcc6184
     000005A5  C$main.c$ |    000005A7  A$lcc6184 |    000005A9  A$lcc6184
     000005A9  C$main.c$ |    000005AA  A$lcc6184 |    000005AA  C$main.c$
     000005AD  A$lcc6184 |    000005AF  A$lcc6184 |    000005B0  A$lcc6184
     000005B2  A$lcc6184 |    000005B2  C$main.c$ |    000005B4  A$lcc6184
     000005B6  A$lcc6184 |    000005B6  C$main.c$ |    000005B7  A$lcc6184
     000005B7  C$main.c$ |    000005BA  A$lcc6184 |    000005BC  A$lcc6184
     000005BD  A$lcc6184 |    000005BF  A$lcc6184 |    000005BF  C$main.c$
     000005C1  A$lcc6184 |    000005C3  A$lcc6184 |    000005C3  C$main.c$
     000005C4  A$lcc6184 |    000005C4  C$main.c$ |    000005C5  A$lcc6184
     000005C7  A$lcc6184 |    000005C8  A$lcc6184 |    000005CA  A$lcc6184
     000005CA  C$main.c$ |    000005CC  A$lcc6184 |    000005CE  A$lcc6184
     000005CE  C$main.c$ |    000005CF  A$lcc6184 |    000005CF  C$main.c$
     000005D2  A$lcc6184 |    000005D4  A$lcc6184 |    000005D5  A$lcc6184
     000005D7  A$lcc6184 |    000005D7  C$main.c$ |    000005D9  A$lcc6184
     000005DB  A$lcc6184 |    000005DB  C$main.c$ |    000005DC  A$lcc6184
     000005DC  C$main.c$ |    000005DF  A$lcc6184 |    000005E1  A$lcc6184
     000005E2  A$lcc6184 |    000005E4  A$lcc6184 |    000005E4  C$main.c$
     000005E6  A$lcc6184 |    000005E8  A$lcc6184 |    000005E8  C$main.c$
     000005E9  A$lcc6184 |    000005E9  C$main.c$ |    000005EC  A$lcc6184
     000005EE  A$lcc6184 |    000005EF  A$lcc6184 |    000005F1  A$lcc6184
     000005F1  C$main.c$ |    000005F3  A$lcc6184 |    000005F5  A$lcc6184
     000005F5  C$main.c$ |    000005F6  A$lcc6184 |    000005F6  C$main.c$
     000005F9  A$lcc6184 |    000005FB  A$lcc6184 |    000005FC  A$lcc6184
     000005FE  A$lcc6184 |    000005FE  C$main.c$ |    00000600  A$lcc6184
     00000602  A$lcc6184 |    00000602  C$main.c$ |    00000603  A$lcc6184
     00000603  C$main.c$ |    00000606  A$lcc6184 |    00000608  A$lcc6184
     00000609  A$lcc6184 |    0000060B  A$lcc6184 |    0000060B  C$main.c$
     0000060D  A$lcc6184 |    0000060F  A$lcc6184 |    0000060F  C$main.c$
     00000610  A$lcc6184 |    00000610  C$main.c$ |    00000611  A$lcc6184
     00000613  A$lcc6184 |    00000614  A$lcc6184 |    00000616  A$lcc6184
     00000616  C$main.c$ |    00000617  A$lcc6184 |    00000619  A$lcc6184
     00000619  C$main.c$ |    00000619  C$main.c$ |    00000619  XG$parall
     0000061A  A$lcc6184 |    0000061A  C$main.c$ |    0000061A  G$scroll_
     0000061A  _scroll_c |    0000061B  A$lcc6184 |    0000061B  C$main.c$
     0000061E  A$lcc6184 |    0000061F  A$lcc6184 |    00000621  A$lcc6184
     00000624  A$lcc6184 |    00000625  A$lcc6184 |    00000626  A$lcc6184
     00000629  A$lcc6184 |    0000062B  A$lcc6184 |    0000062C  A$lcc6184
     0000062D  A$lcc6184 |    00000630  A$lcc6184 |    00000630  C$main.c$
     00000633  A$lcc6184 |    00000634  A$lcc6184 |    00000635  A$lcc6184
     00000636  A$lcc6184 |    00000636  C$main.c$ |    00000637  A$lcc6184
ASxxxx Linker V03.00 + NoICE + sdld,  page 8.
Hexadecimal  [32-Bits]

Area                       Addr        Size        Decimal Bytes (Attributes)
--------------------       ----        ----        ------- ----- ------------
_CODE                  00000200    00001D90 =        7568. bytes (REL,CON)

        Value  Global            Value  Global            Value  Global    
        -----  ------            -----  ------            -----  ------    
     00000638  A$lcc6184 |    00000639  A$lcc6184 |    0000063A  A$lcc6184
     0000063B  A$lcc6184 |    0000063C  A$lcc6184 |    0000063C  C$main.c$
     0000063D  A$lcc6184 |    0000063E  A$lcc6184 |    0000063F  A$lcc6184
     00000640  A$lcc6184 |    00000641  A$lcc6184 |    00000642  A$lcc6184
     00000643  A$lcc6184 |    00000646  A$lcc6184 |    00000647  A$lcc6184
     00000647  C$main.c$ |    00000647  C$main.c$ |    00000647  C$main.c$
     00000648  A$lcc6184 |    0000064A  A$lcc6184 |    0000064A  C$main.c$
     0000064D  A$lcc6184 |    0000064E  A$lcc6184 |    0000064F  A$lcc6184
     00000650  A$lcc6184 |    00000651  A$lcc6184 |    00000654  A$lcc6184
     00000655  A$lcc6184 |    00000656  A$lcc6184 |    00000657  A$lcc6184
     0000065A  A$lcc6184 |    0000065C  A$lcc6184 |    0000065D  A$lcc6184
     00000660  A$lcc6184 |    00000661  A$lcc6184 |    00000662  A$lcc6184
     00000663  A$lcc6184 |    00000664  A$lcc6184 |    00000667  A$lcc6184
     00000668  A$lcc6184 |    00000669  A$lcc6184 |    0000066A  A$lcc6184
     0000066D  A$lcc6184 |    0000066F  A$lcc6184 |    00000671  A$lcc6184
     00000672  A$lcc6184 |    00000673  A$lcc6184 |    00000674  A$lcc6184
     00000675  A$lcc6184 |    00000677  A$lcc6184 |    00000678  A$lcc6184
     0000067B  A$lcc6184 |    0000067D  A$lcc6184 |    0000067D  C$main.c$
     0000067D  C$main.c$ |    00000680  A$lcc6184 |    00000682  A$lcc6184
     00000684  A$lcc6184 |    00000684  C$main.c$ |    00000687  A$lcc6184
     00000688  A$lcc6184 |    00000689  A$lcc6184 |    0000068A  A$lcc6184
     0000068B  A$lcc6184 |    0000068E  A$lcc6184 |    0000068F  A$lcc6184
     00000690  A$lcc6184 |    00000691  A$lcc6184 |    00000694  A$lcc6184
     00000696  A$lcc6184 |    00000697  A$lcc6184 |    0000069A  A$lcc6184
     0000069B  A$lcc6184 |    0000069C  A$lcc6184 |    0000069D  A$lcc6184
     0000069E  A$lcc6184 |    000006A1  A$lcc6184 |    000006A2  A$lcc6184
     000006A3  A$lcc6184 |    000006A4  A$lcc6184 |    000006A7  A$lcc6184
     000006A9  A$lcc6184 |    000006AB  A$lcc6184 |    000006AC  A$lcc6184
     000006AD  A$lcc6184 |    000006AE  A$lcc6184 |    000006AF  A$lcc6184
     000006B1  A$lcc6184 |    000006B2  A$lcc6184 |    000006B5  A$lcc6184
     000006B7  A$lcc6184 |    000006B7  C$main.c$ |    000006B7  C$main.c$
     000006BA  A$lcc6184 |    000006BB  A$lcc6184 |    000006BD  A$lcc6184
     000006C0  A$lcc6184 |    000006C1  A$lcc6184 |    000006C2  A$lcc6184
     000006C5  A$lcc6184 |    000006C7  A$lcc6184 |    000006C8  A$lcc6184
     000006C9  A$lcc6184 |    000006CB  A$lcc6184 |    000006CB  C$main.c$
     000006CE  A$lcc6184 |    000006CF  A$lcc6184 |    000006D0  A$lcc6184
     000006D1  A$lcc6184 |    000006D1  C$main.c$ |    000006D4  A$lcc6184
     000006D6  A$lcc6184 |    000006D8  A$lcc6184 |    000006D8  C$main.c$
     000006DB  A$lcc6184 |    000006DC  A$lcc6184 |    000006DD  A$lcc6184
     000006DE  A$lcc6184 |    000006DF  A$lcc6184 |    000006E2  A$lcc6184
     000006E3  A$lcc6184 |    000006E4  A$lcc6184 |    000006E5  A$lcc6184
     000006E8  A$lcc6184 |    000006EA  A$lcc6184 |    000006EB  A$lcc6184
     000006EE  A$lcc6184 |    000006EF  A$lcc6184 |    000006F0  A$lcc6184
     000006F1  A$lcc6184 |    000006F2  A$lcc6184 |    000006F5  A$lcc6184
     000006F6  A$lcc6184 |    000006F7  A$lcc6184 |    000006F8  A$lcc6184
     000006FB  A$lcc6184 |    000006FD  A$lcc6184 |    000006FF  A$lcc6184
     00000700  A$lcc6184 |    00000701  A$lcc6184 |    00000702  A$lcc6184
     00000703  A$lcc6184 |    00000705  A$lcc6184 |    00000706  A$lcc6184
     00000709  A$lcc6184 |    0000070B  A$lcc6184 |    0000070B  C$main.c$
     0000070B  C$main.c$ |    0000070E  A$lcc6184 |    00000710  A$lcc6184
     00000712  A$lcc6184 |    00000712  C$main.c$ |    00000715  A$lcc6184
ASxxxx Linker V03.00 + NoICE + sdld,  page 9.
Hexadecimal  [32-Bits]

Area                       Addr        Size        Decimal Bytes (Attributes)
--------------------       ----        ----        ------- ----- ------------
_CODE                  00000200    00001D90 =        7568. bytes (REL,CON)

        Value  Global            Value  Global            Value  Global    
        -----  ------            -----  ------            -----  ------    
     00000716  A$lcc6184 |    00000717  A$lcc6184 |    00000718  A$lcc6184
     00000718  C$main.c$ |    0000071B  A$lcc6184 |    0000071C  A$lcc6184
     0000071D  A$lcc6184 |    0000071E  A$lcc6184 |    0000071E  C$main.c$
     00000721  A$lcc6184 |    00000722  A$lcc6184 |    00000723  A$lcc6184
     00000724  A$lcc6184 |    00000724  C$main.c$ |    00000727  A$lcc6184
     00000728  A$lcc6184 |    00000729  A$lcc6184 |    0000072A  A$lcc6184
     0000072A  C$main.c$ |    0000072D  A$lcc6184 |    0000072F  A$lcc6184
     00000731  A$lcc6184 |    00000731  C$main.c$ |    00000734  A$lcc6184
     00000735  A$lcc6184 |    00000736  A$lcc6184 |    00000737  A$lcc6184
     00000738  A$lcc6184 |    00000739  A$lcc6184 |    0000073A  A$lcc6184
     0000073B  A$lcc6184 |    0000073C  A$lcc6184 |    0000073D  A$lcc6184
     0000073E  A$lcc6184 |    0000073F  A$lcc6184 |    00000740  A$lcc6184
     00000743  A$lcc6184 |    00000744  A$lcc6184 |    00000745  A$lcc6184
     00000748  A$lcc6184 |    00000749  A$lcc6184 |    0000074A  A$lcc6184
     0000074B  A$lcc6184 |    0000074C  A$lcc6184 |    0000074F  A$lcc6184
     00000750  A$lcc6184 |    00000751  A$lcc6184 |    00000752  A$lcc6184
     00000755  A$lcc6184 |    00000757  A$lcc6184 |    00000758  A$lcc6184
     00000759  A$lcc6184 |    0000075A  A$lcc6184 |    0000075B  A$lcc6184
     0000075C  A$lcc6184 |    0000075D  A$lcc6184 |    0000075E  A$lcc6184
     0000075F  A$lcc6184 |    00000762  A$lcc6184 |    00000764  A$lcc6184
     00000764  C$main.c$ |    00000764  C$main.c$ |    00000767  A$lcc6184
     00000768  A$lcc6184 |    0000076A  A$lcc6184 |    0000076D  A$lcc6184
     0000076E  A$lcc6184 |    0000076F  A$lcc6184 |    00000772  A$lcc6184
     00000774  A$lcc6184 |    00000775  A$lcc6184 |    00000776  A$lcc6184
     00000778  A$lcc6184 |    00000778  C$main.c$ |    0000077B  A$lcc6184
     0000077C  A$lcc6184 |    0000077D  A$lcc6184 |    0000077E  A$lcc6184
     0000077E  C$main.c$ |    00000781  A$lcc6184 |    00000782  A$lcc6184
     00000783  A$lcc6184 |    00000784  A$lcc6184 |    00000784  C$main.c$
     00000787  A$lcc6184 |    00000788  A$lcc6184 |    00000789  A$lcc6184
     00000789  C$main.c$ |    00000789  XG$scroll |    0000078A  A$lcc6184
     0000078A  C$main.c$ |    0000078A  G$drain_t |    0000078A  _drain_ti
     0000078B  A$lcc6184 |    0000078B  C$main.c$ |    0000078E  A$lcc6184
     0000078F  A$lcc6184 |    00000791  A$lcc6184 |    00000792  A$lcc6184
     00000794  A$lcc6184 |    00000795  A$lcc6184 |    00000797  A$lcc6184
     00000798  A$lcc6184 |    00000798  C$main.c$ |    00000799  A$lcc6184
     0000079A  A$lcc6184 |    0000079C  A$lcc6184 |    0000079E  A$lcc6184
     000007A1  A$lcc6184 |    000007A2  A$lcc6184 |    000007A4  A$lcc6184
     000007A6  A$lcc6184 |    000007A8  A$lcc6184 |    000007AA  A$lcc6184
     000007AC  A$lcc6184 |    000007AE  A$lcc6184 |    000007AF  A$lcc6184
     000007AF  C$main.c$ |    000007B1  A$lcc6184 |    000007B2  A$lcc6184
     000007B4  A$lcc6184 |    000007B5  A$lcc6184 |    000007B6  A$lcc6184
     000007B7  A$lcc6184 |    000007B8  A$lcc6184 |    000007BB  A$lcc6184
     000007BC  A$lcc6184 |    000007BD  A$lcc6184 |    000007BD  C$main.c$
     000007BF  A$lcc6184 |    000007C0  A$lcc6184 |    000007C2  A$lcc6184
     000007C5  A$lcc6184 |    000007C6  A$lcc6184 |    000007C8  A$lcc6184
     000007C9  A$lcc6184 |    000007CA  A$lcc6184 |    000007CC  A$lcc6184
     000007CD  A$lcc6184 |    000007CE  A$lcc6184 |    000007D0  A$lcc6184
     000007D0  C$main.c$ |    000007D2  A$lcc6184 |    000007D3  A$lcc6184
     000007D5  A$lcc6184 |    000007D6  A$lcc6184 |    000007D8  A$lcc6184
     000007D9  A$lcc6184 |    000007DA  A$lcc6184 |    000007DB  A$lcc6184
     000007DE  A$lcc6184 |    000007E0  A$lcc6184 |    000007E0  C$main.c$
ASxxxx Linker V03.00 + NoICE + sdld,  page 10.
Hexadecimal  [32-Bits]

Area                       Addr        Size        Decimal Bytes (Attributes)
--------------------       ----        ----        ------- ----- ------------
_CODE                  00000200    00001D90 =        7568. bytes (REL,CON)

        Value  Global            Value  Global            Value  Global    
        -----  ------            -----  ------            -----  ------    
     000007E3  A$lcc6184 |    000007E4  A$lcc6184 |    000007E4  C$main.c$
     000007E7  A$lcc6184 |    000007E8  A$lcc6184 |    000007EA  A$lcc6184
     000007EB  A$lcc6184 |    000007EC  A$lcc6184 |    000007EE  A$lcc6184
     000007EF  A$lcc6184 |    000007EF  C$main.c$ |    000007F2  A$lcc6184
     000007F2  C$main.c$ |    000007F5  A$lcc6184 |    000007F6  A$lcc6184
     000007F8  A$lcc6184 |    000007F9  A$lcc6184 |    000007FA  A$lcc6184
     000007FA  C$main.c$ |    000007FD  A$lcc6184 |    000007FF  A$lcc6184
     00000801  A$lcc6184 |    00000801  C$main.c$ |    00000804  A$lcc6184
     00000804  C$main.c$ |    00000807  A$lcc6184 |    00000807  C$main.c$
     0000080A  A$lcc6184 |    0000080C  A$lcc6184 |    0000080D  A$lcc6184
     0000080D  C$main.c$ |    0000080D  XG$drain_ |    0000080E  A$lcc6184
     0000080E  C$main.c$ |    0000080E  G$win_che |    0000080E  _win_chec
     00000810  A$lcc6184 |    00000810  C$main.c$ |    00000812  A$lcc6184
     00000813  A$lcc6184 |    00000815  A$lcc6184 |    00000816  A$lcc6184
     00000817  A$lcc6184 |    00000818  A$lcc6184 |    00000819  A$lcc6184
     0000081A  A$lcc6184 |    0000081B  A$lcc6184 |    0000081E  A$lcc6184
     0000081F  A$lcc6184 |    00000820  A$lcc6184 |    00000821  A$lcc6184
     00000823  A$lcc6184 |    00000824  A$lcc6184 |    00000825  A$lcc6184
     00000826  A$lcc6184 |    00000828  A$lcc6184 |    00000829  A$lcc6184
     0000082A  A$lcc6184 |    0000082B  A$lcc6184 |    0000082C  A$lcc6184
     0000082E  A$lcc6184 |    00000830  A$lcc6184 |    00000831  A$lcc6184
     00000832  A$lcc6184 |    00000833  A$lcc6184 |    00000834  A$lcc6184
     00000835  A$lcc6184 |    00000836  A$lcc6184 |    00000839  A$lcc6184
     0000083A  A$lcc6184 |    0000083B  A$lcc6184 |    0000083C  A$lcc6184
     0000083D  A$lcc6184 |    0000083E  A$lcc6184 |    0000083F  A$lcc6184
     00000841  A$lcc6184 |    00000843  A$lcc6184 |    00000844  A$lcc6184
     00000846  A$lcc6184 |    00000847  A$lcc6184 |    00000849  A$lcc6184
     0000084A  A$lcc6184 |    0000084C  A$lcc6184 |    0000084D  A$lcc6184
     0000084F  A$lcc6184 |    00000850  A$lcc6184 |    00000852  A$lcc6184
     00000852  C$main.c$ |    00000854  A$lcc6184 |    00000855  A$lcc6184
     00000857  A$lcc6184 |    00000858  A$lcc6184 |    00000859  A$lcc6184
     0000085A  A$lcc6184 |    0000085B  A$lcc6184 |    0000085C  A$lcc6184
     0000085D  A$lcc6184 |    00000860  A$lcc6184 |    00000861  A$lcc6184
     00000862  A$lcc6184 |    00000863  A$lcc6184 |    00000865  A$lcc6184
     00000866  A$lcc6184 |    00000867  A$lcc6184 |    00000868  A$lcc6184
     0000086A  A$lcc6184 |    0000086B  A$lcc6184 |    0000086C  A$lcc6184
     0000086D  A$lcc6184 |    0000086E  A$lcc6184 |    00000870  A$lcc6184
     00000872  A$lcc6184 |    00000874  A$lcc6184 |    00000875  A$lcc6184
     00000876  A$lcc6184 |    00000877  A$lcc6184 |    0000087A  A$lcc6184
     0000087B  A$lcc6184 |    0000087C  A$lcc6184 |    0000087D  A$lcc6184
     0000087F  A$lcc6184 |    00000881  A$lcc6184 |    00000883  A$lcc6184
     00000885  A$lcc6184 |    00000887  A$lcc6184 |    00000889  A$lcc6184
     00000889  C$main.c$ |    0000088B  A$lcc6184 |    0000088C  A$lcc6184
     0000088D  A$lcc6184 |    0000088E  A$lcc6184 |    00000891  A$lcc6184
     00000892  A$lcc6184 |    00000893  A$lcc6184 |    00000894  A$lcc6184
     00000896  A$lcc6184 |    00000897  A$lcc6184 |    00000898  A$lcc6184
     00000899  A$lcc6184 |    0000089B  A$lcc6184 |    0000089C  A$lcc6184
     0000089D  A$lcc6184 |    0000089E  A$lcc6184 |    0000089F  A$lcc6184
     000008A0  A$lcc6184 |    000008A1  A$lcc6184 |    000008A2  A$lcc6184
     000008A3  A$lcc6184 |    000008A5  A$lcc6184 |    000008A7  A$lcc6184
     000008A8  A$lcc6184 |    000008A9  A$lcc6184 |    000008AA  A$lcc6184
ASxxxx Linker V03.00 + NoICE + sdld,  page 11.
Hexadecimal  [32-Bits]

Area                       Addr        Size        Decimal Bytes (Attributes)
--------------------       ----        ----        ------- ----- ------------
_CODE                  00000200    00001D90 =        7568. bytes (REL,CON)

        Value  Global            Value  Global            Value  Global    
        -----  ------            -----  ------            -----  ------    
     000008AB  A$lcc6184 |    000008AC  A$lcc6184 |    000008AD  A$lcc6184
     000008B0  A$lcc6184 |    000008B1  A$lcc6184 |    000008B2  A$lcc6184
     000008B3  A$lcc6184 |    000008B5  A$lcc6184 |    000008B6  A$lcc6184
     000008B7  A$lcc6184 |    000008B8  A$lcc6184 |    000008BA  A$lcc6184
     000008BB  A$lcc6184 |    000008BD  A$lcc6184 |    000008BE  A$lcc6184
     000008BF  A$lcc6184 |    000008C0  A$lcc6184 |    000008C2  A$lcc6184
     000008C4  A$lcc6184 |    000008C6  A$lcc6184 |    000008C8  A$lcc6184
     000008CA  A$lcc6184 |    000008CC  A$lcc6184 |    000008CC  C$main.c$
     000008CE  A$lcc6184 |    000008CF  A$lcc6184 |    000008D1  A$lcc6184
     000008D2  A$lcc6184 |    000008D4  A$lcc6184 |    000008D5  A$lcc6184
     000008D7  A$lcc6184 |    000008D8  A$lcc6184 |    000008DA  A$lcc6184
     000008DC  A$lcc6184 |    000008DE  A$lcc6184 |    000008DF  A$lcc6184
     000008E1  A$lcc6184 |    000008E2  A$lcc6184 |    000008E4  A$lcc6184
     000008E5  A$lcc6184 |    000008E6  A$lcc6184 |    000008E7  A$lcc6184
     000008E8  A$lcc6184 |    000008E9  A$lcc6184 |    000008EA  A$lcc6184
     000008EA  C$main.c$ |    000008EC  A$lcc6184 |    000008ED  A$lcc6184
     000008EE  A$lcc6184 |    000008EF  A$lcc6184 |    000008F0  A$lcc6184
     000008F1  A$lcc6184 |    000008F2  A$lcc6184 |    000008F2  C$main.c$
     000008F5  A$lcc6184 |    000008F6  A$lcc6184 |    000008F7  A$lcc6184
     000008FA  A$lcc6184 |    000008FB  A$lcc6184 |    000008FC  A$lcc6184
     000008FD  A$lcc6184 |    000008FF  A$lcc6184 |    00000900  A$lcc6184
     00000901  A$lcc6184 |    00000903  A$lcc6184 |    00000903  C$main.c$
     00000906  A$lcc6184 |    00000907  A$lcc6184 |    0000090A  A$lcc6184
     0000090B  A$lcc6184 |    0000090E  A$lcc6184 |    0000090F  A$lcc6184
     00000912  A$lcc6184 |    00000914  A$lcc6184 |    00000914  C$main.c$
     00000917  A$lcc6184 |    00000919  A$lcc6184 |    0000091C  A$lcc6184
     0000091D  A$lcc6184 |    0000091E  A$lcc6184 |    0000091F  A$lcc6184
     00000922  A$lcc6184 |    00000923  A$lcc6184 |    00000924  A$lcc6184
     00000925  A$lcc6184 |    00000926  A$lcc6184 |    00000927  A$lcc6184
     00000928  A$lcc6184 |    0000092B  A$lcc6184 |    0000092C  A$lcc6184
     0000092C  C$main.c$ |    0000092F  A$lcc6184 |    0000092F  C$main.c$
     00000930  A$lcc6184 |    00000932  A$lcc6184 |    00000934  A$lcc6184
     00000935  A$lcc6184 |    00000937  A$lcc6184 |    00000939  A$lcc6184
     00000939  C$main.c$ |    0000093C  A$lcc6184 |    0000093D  A$lcc6184
     00000940  A$lcc6184 |    00000941  A$lcc6184 |    00000944  A$lcc6184
     00000945  A$lcc6184 |    00000948  A$lcc6184 |    0000094A  A$lcc6184
     0000094A  C$main.c$ |    0000094D  A$lcc6184 |    0000094F  A$lcc6184
     00000952  A$lcc6184 |    00000953  A$lcc6184 |    00000954  A$lcc6184
     00000955  A$lcc6184 |    00000958  A$lcc6184 |    00000959  A$lcc6184
     0000095A  A$lcc6184 |    0000095B  A$lcc6184 |    0000095C  A$lcc6184
     0000095D  A$lcc6184 |    0000095E  A$lcc6184 |    00000961  A$lcc6184
     00000962  A$lcc6184 |    00000962  C$main.c$ |    00000965  A$lcc6184
     00000965  C$main.c$ |    00000966  A$lcc6184 |    00000968  A$lcc6184
     0000096A  A$lcc6184 |    0000096B  A$lcc6184 |    0000096D  A$lcc6184
     0000096F  A$lcc6184 |    0000096F  C$main.c$ |    00000972  A$lcc6184
     00000973  A$lcc6184 |    00000976  A$lcc6184 |    00000977  A$lcc6184
     0000097A  A$lcc6184 |    0000097B  A$lcc6184 |    0000097E  A$lcc6184
     00000980  A$lcc6184 |    00000980  C$main.c$ |    00000983  A$lcc6184
     00000985  A$lcc6184 |    00000988  A$lcc6184 |    00000989  A$lcc6184
     0000098A  A$lcc6184 |    0000098B  A$lcc6184 |    0000098E  A$lcc6184
     0000098F  A$lcc6184 |    00000990  A$lcc6184 |    00000991  A$lcc6184
ASxxxx Linker V03.00 + NoICE + sdld,  page 12.
Hexadecimal  [32-Bits]

Area                       Addr        Size        Decimal Bytes (Attributes)
--------------------       ----        ----        ------- ----- ------------
_CODE                  00000200    00001D90 =        7568. bytes (REL,CON)

        Value  Global            Value  Global            Value  Global    
        -----  ------            -----  ------            -----  ------    
     00000992  A$lcc6184 |    00000993  A$lcc6184 |    00000994  A$lcc6184
     00000997  A$lcc6184 |    00000998  A$lcc6184 |    00000998  C$main.c$
     0000099A  A$lcc6184 |    0000099A  C$main.c$ |    0000099B  A$lcc6184
     0000099D  A$lcc6184 |    0000099F  A$lcc6184 |    000009A0  A$lcc6184
     000009A2  A$lcc6184 |    000009A4  A$lcc6184 |    000009A4  C$main.c$
     000009A7  A$lcc6184 |    000009A8  A$lcc6184 |    000009AB  A$lcc6184
     000009AC  A$lcc6184 |    000009AF  A$lcc6184 |    000009B0  A$lcc6184
     000009B3  A$lcc6184 |    000009B5  A$lcc6184 |    000009B5  C$main.c$
     000009B8  A$lcc6184 |    000009BA  A$lcc6184 |    000009BD  A$lcc6184
     000009BE  A$lcc6184 |    000009BF  A$lcc6184 |    000009C0  A$lcc6184
     000009C3  A$lcc6184 |    000009C4  A$lcc6184 |    000009C5  A$lcc6184
     000009C6  A$lcc6184 |    000009C7  A$lcc6184 |    000009C8  A$lcc6184
     000009C9  A$lcc6184 |    000009CC  A$lcc6184 |    000009CD  A$lcc6184
     000009CD  C$main.c$ |    000009CF  A$lcc6184 |    000009CF  C$main.c$
     000009D0  A$lcc6184 |    000009D2  A$lcc6184 |    000009D4  A$lcc6184
     000009D5  A$lcc6184 |    000009D7  A$lcc6184 |    000009D9  A$lcc6184
     000009D9  C$main.c$ |    000009DC  A$lcc6184 |    000009DD  A$lcc6184
     000009E0  A$lcc6184 |    000009E1  A$lcc6184 |    000009E4  A$lcc6184
     000009E5  A$lcc6184 |    000009E8  A$lcc6184 |    000009EA  A$lcc6184
     000009EA  C$main.c$ |    000009ED  A$lcc6184 |    000009EF  A$lcc6184
     000009F2  A$lcc6184 |    000009F3  A$lcc6184 |    000009F4  A$lcc6184
     000009F5  A$lcc6184 |    000009F8  A$lcc6184 |    000009F9  A$lcc6184
     000009FA  A$lcc6184 |    000009FB  A$lcc6184 |    000009FC  A$lcc6184
     000009FD  A$lcc6184 |    000009FE  A$lcc6184 |    00000A01  A$lcc6184
     00000A02  A$lcc6184 |    00000A02  C$main.c$ |    00000A04  A$lcc6184
     00000A04  C$main.c$ |    00000A07  A$lcc6184 |    00000A09  A$lcc6184
     00000A09  C$main.c$ |    00000A09  XG$win_ch |    00000A0A  A$lcc6184
     00000A0A  C$main.c$ |    00000A0A  G$collide |    00000A0A  _collide_
     00000A0C  A$lcc6184 |    00000A0C  C$main.c$ |    00000A0F  A$lcc6184
     00000A10  A$lcc6184 |    00000A11  A$lcc6184 |    00000A12  A$lcc6184
     00000A13  A$lcc6184 |    00000A15  A$lcc6184 |    00000A16  A$lcc6184
     00000A17  A$lcc6184 |    00000A18  A$lcc6184 |    00000A19  A$lcc6184
     00000A1B  A$lcc6184 |    00000A1D  A$lcc6184 |    00000A1D  C$main.c$
     00000A1F  A$lcc6184 |    00000A21  A$lcc6184 |    00000A21  C$main.c$
     00000A23  A$lcc6184 |    00000A25  A$lcc6184 |    00000A27  A$lcc6184
     00000A27  C$main.c$ |    00000A29  A$lcc6184 |    00000A2B  A$lcc6184
     00000A2B  C$main.c$ |    00000A2D  A$lcc6184 |    00000A2F  A$lcc6184
     00000A2F  C$main.c$ |    00000A31  A$lcc6184 |    00000A32  A$lcc6184
     00000A34  A$lcc6184 |    00000A35  A$lcc6184 |    00000A36  A$lcc6184
     00000A37  A$lcc6184 |    00000A38  A$lcc6184 |    00000A39  A$lcc6184
     00000A3A  A$lcc6184 |    00000A3D  A$lcc6184 |    00000A3E  A$lcc6184
     00000A3F  A$lcc6184 |    00000A40  A$lcc6184 |    00000A42  A$lcc6184
     00000A43  A$lcc6184 |    00000A44  A$lcc6184 |    00000A45  A$lcc6184
     00000A47  A$lcc6184 |    00000A48  A$lcc6184 |    00000A49  A$lcc6184
     00000A4A  A$lcc6184 |    00000A4B  A$lcc6184 |    00000A4D  A$lcc6184
     00000A4F  A$lcc6184 |    00000A50  A$lcc6184 |    00000A51  A$lcc6184
     00000A52  A$lcc6184 |    00000A53  A$lcc6184 |    00000A54  A$lcc6184
     00000A55  A$lcc6184 |    00000A58  A$lcc6184 |    00000A59  A$lcc6184
     00000A5A  A$lcc6184 |    00000A5B  A$lcc6184 |    00000A5D  A$lcc6184
     00000A5F  A$lcc6184 |    00000A61  A$lcc6184 |    00000A63  A$lcc6184
     00000A65  A$lcc6184 |    00000A67  A$lcc6184 |    00000A67  C$main.c$
ASxxxx Linker V03.00 + NoICE + sdld,  page 13.
Hexadecimal  [32-Bits]

Area                       Addr        Size        Decimal Bytes (Attributes)
--------------------       ----        ----        ------- ----- ------------
_CODE                  00000200    00001D90 =        7568. bytes (REL,CON)

        Value  Global            Value  Global            Value  Global    
        -----  ------            -----  ------            -----  ------    
     00000A6A  A$lcc6184 |    00000A6B  A$lcc6184 |    00000A6C  A$lcc6184
     00000A6D  A$lcc6184 |    00000A6E  A$lcc6184 |    00000A6F  A$lcc6184
     00000A70  A$lcc6184 |    00000A71  A$lcc6184 |    00000A72  A$lcc6184
     00000A72  C$main.c$ |    00000A73  A$lcc6184 |    00000A75  A$lcc6184
     00000A76  A$lcc6184 |    00000A77  A$lcc6184 |    00000A79  A$lcc6184
     00000A7C  A$lcc6184 |    00000A7E  A$lcc6184 |    00000A7F  A$lcc6184
     00000A7F  C$main.c$ |    00000A81  A$lcc6184 |    00000A82  A$lcc6184
     00000A84  A$lcc6184 |    00000A85  A$lcc6184 |    00000A87  A$lcc6184
     00000A89  A$lcc6184 |    00000A8A  A$lcc6184 |    00000A8C  A$lcc6184
     00000A8E  A$lcc6184 |    00000A8F  A$lcc6184 |    00000A90  A$lcc6184
     00000A91  A$lcc6184 |    00000A92  A$lcc6184 |    00000A93  A$lcc6184
     00000A94  A$lcc6184 |    00000A96  A$lcc6184 |    00000A97  A$lcc6184
     00000A99  A$lcc6184 |    00000A9A  A$lcc6184 |    00000A9B  A$lcc6184
     00000A9C  A$lcc6184 |    00000A9D  A$lcc6184 |    00000A9E  A$lcc6184
     00000A9F  A$lcc6184 |    00000AA0  A$lcc6184 |    00000AA1  A$lcc6184
     00000AA2  A$lcc6184 |    00000AA3  A$lcc6184 |    00000AA5  A$lcc6184
     00000AA6  A$lcc6184 |    00000AA8  A$lcc6184 |    00000AA9  A$lcc6184
     00000AAB  A$lcc6184 |    00000AAC  A$lcc6184 |    00000AAE  A$lcc6184
     00000AAF  A$lcc6184 |    00000AB1  A$lcc6184 |    00000AB3  A$lcc6184
     00000AB5  A$lcc6184 |    00000AB6  A$lcc6184 |    00000AB7  A$lcc6184
     00000ABA  A$lcc6184 |    00000ABB  A$lcc6184 |    00000ABC  A$lcc6184
     00000ABD  A$lcc6184 |    00000ABF  A$lcc6184 |    00000AC0  A$lcc6184
     00000AC1  A$lcc6184 |    00000AC2  A$lcc6184 |    00000AC4  A$lcc6184
     00000AC5  A$lcc6184 |    00000AC7  A$lcc6184 |    00000AC9  A$lcc6184
     00000ACA  A$lcc6184 |    00000ACC  A$lcc6184 |    00000ACD  A$lcc6184
     00000ACF  A$lcc6184 |    00000AD0  A$lcc6184 |    00000AD2  A$lcc6184
     00000AD3  A$lcc6184 |    00000AD5  A$lcc6184 |    00000AD6  A$lcc6184
     00000AD8  A$lcc6184 |    00000AD8  C$main.c$ |    00000ADA  A$lcc6184
     00000ADB  A$lcc6184 |    00000ADC  A$lcc6184 |    00000ADE  A$lcc6184
     00000ADF  A$lcc6184 |    00000AE0  A$lcc6184 |    00000AE1  A$lcc6184
     00000AE2  A$lcc6184 |    00000AE3  A$lcc6184 |    00000AE4  A$lcc6184
     00000AE6  A$lcc6184 |    00000AE7  A$lcc6184 |    00000AE8  A$lcc6184
     00000AE9  A$lcc6184 |    00000AEA  A$lcc6184 |    00000AEB  A$lcc6184
     00000AEC  A$lcc6184 |    00000AEE  A$lcc6184 |    00000AEF  A$lcc6184
     00000AF0  A$lcc6184 |    00000AF1  A$lcc6184 |    00000AF3  A$lcc6184
     00000AF4  A$lcc6184 |    00000AF5  A$lcc6184 |    00000AF6  A$lcc6184
     00000AF7  A$lcc6184 |    00000AF8  A$lcc6184 |    00000AF9  A$lcc6184
     00000AFA  A$lcc6184 |    00000AFB  A$lcc6184 |    00000AFD  A$lcc6184
     00000AFF  A$lcc6184 |    00000B00  A$lcc6184 |    00000B01  A$lcc6184
     00000B02  A$lcc6184 |    00000B03  A$lcc6184 |    00000B06  A$lcc6184
     00000B07  A$lcc6184 |    00000B08  A$lcc6184 |    00000B09  A$lcc6184
     00000B0B  A$lcc6184 |    00000B0C  A$lcc6184 |    00000B0D  A$lcc6184
     00000B0E  A$lcc6184 |    00000B10  A$lcc6184 |    00000B11  A$lcc6184
     00000B13  A$lcc6184 |    00000B14  A$lcc6184 |    00000B15  A$lcc6184
     00000B15  C$main.c$ |    00000B16  A$lcc6184 |    00000B17  A$lcc6184
     00000B19  A$lcc6184 |    00000B1B  A$lcc6184 |    00000B1D  A$lcc6184
     00000B1F  A$lcc6184 |    00000B21  A$lcc6184 |    00000B23  A$lcc6184
     00000B24  A$lcc6184 |    00000B25  A$lcc6184 |    00000B27  A$lcc6184
     00000B28  A$lcc6184 |    00000B29  A$lcc6184 |    00000B2A  A$lcc6184
     00000B2B  A$lcc6184 |    00000B2C  A$lcc6184 |    00000B2F  A$lcc6184
     00000B30  A$lcc6184 |    00000B31  A$lcc6184 |    00000B32  A$lcc6184
ASxxxx Linker V03.00 + NoICE + sdld,  page 14.
Hexadecimal  [32-Bits]

Area                       Addr        Size        Decimal Bytes (Attributes)
--------------------       ----        ----        ------- ----- ------------
_CODE                  00000200    00001D90 =        7568. bytes (REL,CON)

        Value  Global            Value  Global            Value  Global    
        -----  ------            -----  ------            -----  ------    
     00000B34  A$lcc6184 |    00000B35  A$lcc6184 |    00000B37  A$lcc6184
     00000B37  C$main.c$ |    00000B38  A$lcc6184 |    00000B3A  A$lcc6184
     00000B3B  A$lcc6184 |    00000B3C  A$lcc6184 |    00000B3D  A$lcc6184
     00000B3E  A$lcc6184 |    00000B41  A$lcc6184 |    00000B42  A$lcc6184
     00000B44  A$lcc6184 |    00000B45  A$lcc6184 |    00000B46  A$lcc6184
     00000B48  A$lcc6184 |    00000B48  C$main.c$ |    00000B4B  A$lcc6184
     00000B4C  A$lcc6184 |    00000B4D  A$lcc6184 |    00000B4E  A$lcc6184
     00000B4F  A$lcc6184 |    00000B51  A$lcc6184 |    00000B52  A$lcc6184
     00000B53  A$lcc6184 |    00000B54  A$lcc6184 |    00000B55  A$lcc6184
     00000B57  A$lcc6184 |    00000B59  A$lcc6184 |    00000B59  C$main.c$
     00000B5B  A$lcc6184 |    00000B5C  A$lcc6184 |    00000B5E  A$lcc6184
     00000B5F  A$lcc6184 |    00000B61  A$lcc6184 |    00000B63  A$lcc6184
     00000B64  A$lcc6184 |    00000B66  A$lcc6184 |    00000B67  A$lcc6184
     00000B68  A$lcc6184 |    00000B6A  A$lcc6184 |    00000B6B  A$lcc6184
     00000B6D  A$lcc6184 |    00000B6F  A$lcc6184 |    00000B70  A$lcc6184
     00000B72  A$lcc6184 |    00000B73  A$lcc6184 |    00000B75  A$lcc6184
     00000B78  A$lcc6184 |    00000B79  A$lcc6184 |    00000B7B  A$lcc6184
     00000B7C  A$lcc6184 |    00000B7D  A$lcc6184 |    00000B7F  A$lcc6184
     00000B80  A$lcc6184 |    00000B83  A$lcc6184 |    00000B83  C$main.c$
     00000B86  A$lcc6184 |    00000B89  A$lcc6184 |    00000B89  C$main.c$
     00000B89  C$main.c$ |    00000B8A  A$lcc6184 |    00000B8C  A$lcc6184
     00000B8D  A$lcc6184 |    00000B8F  A$lcc6184 |    00000B90  A$lcc6184
     00000B92  A$lcc6184 |    00000B93  A$lcc6184 |    00000B95  A$lcc6184
     00000B95  C$main.c$ |    00000B97  A$lcc6184 |    00000B98  A$lcc6184
     00000B9A  A$lcc6184 |    00000B9B  A$lcc6184 |    00000B9D  A$lcc6184
     00000B9F  A$lcc6184 |    00000BA0  A$lcc6184 |    00000BA1  A$lcc6184
     00000BA3  A$lcc6184 |    00000BA5  A$lcc6184 |    00000BA6  A$lcc6184
     00000BA8  A$lcc6184 |    00000BA9  A$lcc6184 |    00000BAA  A$lcc6184
     00000BAC  A$lcc6184 |    00000BAD  A$lcc6184 |    00000BAF  A$lcc6184
     00000BB1  A$lcc6184 |    00000BB3  A$lcc6184 |    00000BB5  A$lcc6184
     00000BB7  A$lcc6184 |    00000BB8  A$lcc6184 |    00000BB9  A$lcc6184
     00000BBB  A$lcc6184 |    00000BBC  A$lcc6184 |    00000BBE  A$lcc6184
     00000BBE  C$main.c$ |    00000BC1  A$lcc6184 |    00000BC3  A$lcc6184
     00000BC6  A$lcc6184 |    00000BC6  C$main.c$ |    00000BC9  A$lcc6184
     00000BCA  A$lcc6184 |    00000BCD  A$lcc6184 |    00000BCD  C$main.c$
     00000BD0  A$lcc6184 |    00000BD3  A$lcc6184 |    00000BD3  C$main.c$
     00000BD5  A$lcc6184 |    00000BD6  A$lcc6184 |    00000BD8  A$lcc6184
     00000BD9  A$lcc6184 |    00000BDB  A$lcc6184 |    00000BDD  A$lcc6184
     00000BDE  A$lcc6184 |    00000BDF  A$lcc6184 |    00000BE1  A$lcc6184
     00000BE2  A$lcc6184 |    00000BE3  A$lcc6184 |    00000BE5  A$lcc6184
     00000BE6  A$lcc6184 |    00000BE8  A$lcc6184 |    00000BE9  A$lcc6184
     00000BEB  A$lcc6184 |    00000BEC  A$lcc6184 |    00000BED  A$lcc6184
     00000BEF  A$lcc6184 |    00000BF0  A$lcc6184 |    00000BF1  A$lcc6184
     00000BF3  A$lcc6184 |    00000BF4  A$lcc6184 |    00000BF6  A$lcc6184
     00000BF7  A$lcc6184 |    00000BF8  A$lcc6184 |    00000BF8  C$main.c$
     00000BF9  A$lcc6184 |    00000BFB  A$lcc6184 |    00000BFC  A$lcc6184
     00000BFE  A$lcc6184 |    00000BFE  C$main.c$ |    00000C00  A$lcc6184
     00000C02  A$lcc6184 |    00000C04  A$lcc6184 |    00000C06  A$lcc6184
     00000C08  A$lcc6184 |    00000C0A  A$lcc6184 |    00000C0C  A$lcc6184
     00000C0E  A$lcc6184 |    00000C10  A$lcc6184 |    00000C10  C$main.c$
     00000C13  A$lcc6184 |    00000C15  A$lcc6184 |    00000C17  A$lcc6184
ASxxxx Linker V03.00 + NoICE + sdld,  page 15.
Hexadecimal  [32-Bits]

Area                       Addr        Size        Decimal Bytes (Attributes)
--------------------       ----        ----        ------- ----- ------------
_CODE                  00000200    00001D90 =        7568. bytes (REL,CON)

        Value  Global            Value  Global            Value  Global    
        -----  ------            -----  ------            -----  ------    
     00000C17  C$main.c$ |    00000C1A  A$lcc6184 |    00000C1B  A$lcc6184
     00000C1D  A$lcc6184 |    00000C1D  C$main.c$ |    00000C20  A$lcc6184
     00000C22  A$lcc6184 |    00000C22  C$main.c$ |    00000C23  A$lcc6184
     00000C25  A$lcc6184 |    00000C26  A$lcc6184 |    00000C28  A$lcc6184
     00000C28  C$main.c$ |    00000C2A  A$lcc6184 |    00000C2C  A$lcc6184
     00000C2E  A$lcc6184 |    00000C30  A$lcc6184 |    00000C32  A$lcc6184
     00000C34  A$lcc6184 |    00000C36  A$lcc6184 |    00000C38  A$lcc6184
     00000C3A  A$lcc6184 |    00000C3A  C$main.c$ |    00000C3D  A$lcc6184
     00000C3F  A$lcc6184 |    00000C41  A$lcc6184 |    00000C41  C$main.c$
     00000C44  A$lcc6184 |    00000C45  A$lcc6184 |    00000C47  A$lcc6184
     00000C47  C$main.c$ |    00000C4A  A$lcc6184 |    00000C4C  A$lcc6184
     00000C4C  C$main.c$ |    00000C4D  A$lcc6184 |    00000C4F  A$lcc6184
     00000C50  A$lcc6184 |    00000C52  A$lcc6184 |    00000C52  C$main.c$
     00000C54  A$lcc6184 |    00000C56  A$lcc6184 |    00000C58  A$lcc6184
     00000C5A  A$lcc6184 |    00000C5C  A$lcc6184 |    00000C5E  A$lcc6184
     00000C60  A$lcc6184 |    00000C62  A$lcc6184 |    00000C64  A$lcc6184
     00000C64  C$main.c$ |    00000C67  A$lcc6184 |    00000C69  A$lcc6184
     00000C6B  A$lcc6184 |    00000C6B  C$main.c$ |    00000C6E  A$lcc6184
     00000C6F  A$lcc6184 |    00000C71  A$lcc6184 |    00000C71  C$main.c$
     00000C74  A$lcc6184 |    00000C76  A$lcc6184 |    00000C76  C$main.c$
     00000C77  A$lcc6184 |    00000C79  A$lcc6184 |    00000C7A  A$lcc6184
     00000C7C  A$lcc6184 |    00000C7C  C$main.c$ |    00000C7F  A$lcc6184
     00000C80  A$lcc6184 |    00000C81  A$lcc6184 |    00000C82  A$lcc6184
     00000C83  A$lcc6184 |    00000C84  A$lcc6184 |    00000C87  A$lcc6184
     00000C88  A$lcc6184 |    00000C8A  A$lcc6184 |    00000C8A  C$main.c$
     00000C8A  XG$collid |    00000C8B  A$lcc6184 |    00000C8B  C$main.c$
     00000C8B  C$main.c$ |    00000C8B  G$animate |    00000C8B  _animate_
     00000C8E  A$lcc6184 |    00000C8F  A$lcc6184 |    00000C8F  C$main.c$
     00000C92  A$lcc6184 |    00000C93  A$lcc6184 |    00000C93  C$main.c$
     00000C95  A$lcc6184 |    00000C95  C$main.c$ |    00000C98  A$lcc6184
     00000C9A  A$lcc6184 |    00000C9C  A$lcc6184 |    00000C9C  C$main.c$
     00000C9F  A$lcc6184 |    00000CA2  A$lcc6184 |    00000CA3  A$lcc6184
     00000CA4  A$lcc6184 |    00000CA5  A$lcc6184 |    00000CA7  A$lcc6184
     00000CA8  A$lcc6184 |    00000CAA  A$lcc6184 |    00000CAB  A$lcc6184
     00000CAC  A$lcc6184 |    00000CAC  C$main.c$ |    00000CAE  A$lcc6184
     00000CAF  A$lcc6184 |    00000CB1  A$lcc6184 |    00000CB3  A$lcc6184
     00000CB3  C$main.c$ |    00000CB5  A$lcc6184 |    00000CB6  A$lcc6184
     00000CB7  A$lcc6184 |    00000CB8  A$lcc6184 |    00000CB9  A$lcc6184
     00000CBC  A$lcc6184 |    00000CBD  A$lcc6184 |    00000CBE  A$lcc6184
     00000CBF  A$lcc6184 |    00000CBF  C$main.c$ |    00000CC0  A$lcc6184
     00000CC2  A$lcc6184 |    00000CC3  A$lcc6184 |    00000CC4  A$lcc6184
     00000CC5  A$lcc6184 |    00000CC6  A$lcc6184 |    00000CC9  A$lcc6184
     00000CCA  A$lcc6184 |    00000CCB  A$lcc6184 |    00000CCB  C$main.c$
     00000CCC  A$lcc6184 |    00000CCE  A$lcc6184 |    00000CD0  A$lcc6184
     00000CD2  A$lcc6184 |    00000CD3  A$lcc6184 |    00000CD5  A$lcc6184
     00000CD5  C$main.c$ |    00000CD6  A$lcc6184 |    00000CD7  A$lcc6184
     00000CD9  A$lcc6184 |    00000CDA  A$lcc6184 |    00000CDB  A$lcc6184
     00000CDC  A$lcc6184 |    00000CDF  A$lcc6184 |    00000CE1  A$lcc6184
     00000CE2  A$lcc6184 |    00000CE2  C$main.c$ |    00000CE3  A$lcc6184
     00000CE5  A$lcc6184 |    00000CE7  A$lcc6184 |    00000CE9  A$lcc6184
     00000CEA  A$lcc6184 |    00000CEC  A$lcc6184 |    00000CEC  C$main.c$
ASxxxx Linker V03.00 + NoICE + sdld,  page 16.
Hexadecimal  [32-Bits]

Area                       Addr        Size        Decimal Bytes (Attributes)
--------------------       ----        ----        ------- ----- ------------
_CODE                  00000200    00001D90 =        7568. bytes (REL,CON)

        Value  Global            Value  Global            Value  Global    
        -----  ------            -----  ------            -----  ------    
     00000CED  A$lcc6184 |    00000CEF  A$lcc6184 |    00000CF0  A$lcc6184
     00000CF1  A$lcc6184 |    00000CF2  A$lcc6184 |    00000CF5  A$lcc6184
     00000CF7  A$lcc6184 |    00000CF7  C$main.c$ |    00000CF8  A$lcc6184
     00000CFA  A$lcc6184 |    00000CFA  C$main.c$ |    00000CFD  A$lcc6184
     00000CFF  A$lcc6184 |    00000D01  A$lcc6184 |    00000D04  A$lcc6184
     00000D05  A$lcc6184 |    00000D06  A$lcc6184 |    00000D08  A$lcc6184
     00000D08  C$main.c$ |    00000D0A  A$lcc6184 |    00000D0A  C$main.c$
     00000D0D  A$lcc6184 |    00000D0E  A$lcc6184 |    00000D0F  A$lcc6184
     00000D0F  C$main.c$ |    00000D12  A$lcc6184 |    00000D14  A$lcc6184
     00000D15  A$lcc6184 |    00000D15  C$main.c$ |    00000D18  A$lcc6184
     00000D19  A$lcc6184 |    00000D1A  A$lcc6184 |    00000D1C  A$lcc6184
     00000D1D  A$lcc6184 |    00000D20  A$lcc6184 |    00000D21  A$lcc6184
     00000D22  A$lcc6184 |    00000D25  A$lcc6184 |    00000D27  A$lcc6184
     00000D28  A$lcc6184 |    00000D2B  A$lcc6184 |    00000D2C  A$lcc6184
     00000D2D  A$lcc6184 |    00000D2D  C$main.c$ |    00000D2E  A$lcc6184
     00000D2F  A$lcc6184 |    00000D31  A$lcc6184 |    00000D31  C$main.c$
     00000D34  A$lcc6184 |    00000D35  A$lcc6184 |    00000D36  A$lcc6184
     00000D38  A$lcc6184 |    00000D38  C$main.c$ |    00000D39  A$lcc6184
     00000D3A  A$lcc6184 |    00000D3B  A$lcc6184 |    00000D3C  A$lcc6184
     00000D3E  A$lcc6184 |    00000D3F  A$lcc6184 |    00000D40  A$lcc6184
     00000D41  A$lcc6184 |    00000D42  A$lcc6184 |    00000D45  A$lcc6184
     00000D47  A$lcc6184 |    00000D48  A$lcc6184 |    00000D48  C$main.c$
     00000D49  A$lcc6184 |    00000D4B  A$lcc6184 |    00000D4B  C$main.c$
     00000D4E  A$lcc6184 |    00000D4F  A$lcc6184 |    00000D50  A$lcc6184
     00000D52  A$lcc6184 |    00000D52  C$main.c$ |    00000D53  A$lcc6184
     00000D54  A$lcc6184 |    00000D55  A$lcc6184 |    00000D56  A$lcc6184
     00000D58  A$lcc6184 |    00000D59  A$lcc6184 |    00000D5A  A$lcc6184
     00000D5B  A$lcc6184 |    00000D5C  A$lcc6184 |    00000D5F  A$lcc6184
     00000D61  A$lcc6184 |    00000D62  A$lcc6184 |    00000D62  C$main.c$
     00000D63  A$lcc6184 |    00000D65  A$lcc6184 |    00000D65  C$main.c$
     00000D68  A$lcc6184 |    00000D6A  A$lcc6184 |    00000D6A  C$main.c$
     00000D6D  A$lcc6184 |    00000D6F  A$lcc6184 |    00000D70  A$lcc6184
     00000D70  C$main.c$ |    00000D73  A$lcc6184 |    00000D74  A$lcc6184
     00000D75  A$lcc6184 |    00000D77  A$lcc6184 |    00000D77  C$main.c$
     00000D78  A$lcc6184 |    00000D79  A$lcc6184 |    00000D7A  A$lcc6184
     00000D7C  A$lcc6184 |    00000D7D  A$lcc6184 |    00000D7E  A$lcc6184
     00000D7F  A$lcc6184 |    00000D80  A$lcc6184 |    00000D83  A$lcc6184
     00000D85  A$lcc6184 |    00000D86  A$lcc6184 |    00000D86  C$main.c$
     00000D87  A$lcc6184 |    00000D89  A$lcc6184 |    00000D89  C$main.c$
     00000D8C  A$lcc6184 |    00000D8D  A$lcc6184 |    00000D8E  A$lcc6184
     00000D8F  A$lcc6184 |    00000D8F  C$main.c$ |    00000D90  A$lcc6184
     00000D91  A$lcc6184 |    00000D92  A$lcc6184 |    00000D94  A$lcc6184
     00000D95  A$lcc6184 |    00000D96  A$lcc6184 |    00000D97  A$lcc6184
     00000D98  A$lcc6184 |    00000D9B  A$lcc6184 |    00000D9D  A$lcc6184
     00000D9E  A$lcc6184 |    00000D9E  C$main.c$ |    00000D9F  A$lcc6184
     00000D9F  C$main.c$ |    00000D9F  XG$animat |    00000DA1  A$lcc6184
     00000DA1  C$main.c$ |    00000DA1  C$main.c$ |    00000DA1  G$stage_t
     00000DA1  _stage_ti |    00000DA4  A$lcc6184 |    00000DA5  A$lcc6184
     00000DA7  A$lcc6184 |    00000DA9  A$lcc6184 |    00000DAA  A$lcc6184
     00000DAB  A$lcc6184 |    00000DAC  A$lcc6184 |    00000DAE  A$lcc6184
     00000DB1  A$lcc6184 |    00000DB3  A$lcc6184 |    00000DB5  A$lcc6184
ASxxxx Linker V03.00 + NoICE + sdld,  page 17.
Hexadecimal  [32-Bits]

Area                       Addr        Size        Decimal Bytes (Attributes)
--------------------       ----        ----        ------- ----- ------------
_CODE                  00000200    00001D90 =        7568. bytes (REL,CON)

        Value  Global            Value  Global            Value  Global    
        -----  ------            -----  ------            -----  ------    
     00000DB5  C$main.c$ |    00000DB8  A$lcc6184 |    00000DB9  A$lcc6184
     00000DBA  A$lcc6184 |    00000DBB  A$lcc6184 |    00000DBD  A$lcc6184
     00000DBF  A$lcc6184 |    00000DC1  A$lcc6184 |    00000DC3  A$lcc6184
     00000DC5  A$lcc6184 |    00000DC7  A$lcc6184 |    00000DC9  A$lcc6184
     00000DCB  A$lcc6184 |    00000DCD  A$lcc6184 |    00000DCF  A$lcc6184
     00000DD0  A$lcc6184 |    00000DD2  A$lcc6184 |    00000DD3  A$lcc6184
     00000DD3  C$main.c$ |    00000DD4  A$lcc6184 |    00000DD4  C$main.c$
     00000DD6  A$lcc6184 |    00000DD7  A$lcc6184 |    00000DD9  A$lcc6184
     00000DDA  A$lcc6184 |    00000DDB  A$lcc6184 |    00000DDC  A$lcc6184
     00000DDD  A$lcc6184 |    00000DE0  A$lcc6184 |    00000DE1  A$lcc6184
     00000DE1  C$main.c$ |    00000DE2  A$lcc6184 |    00000DE4  A$lcc6184
     00000DE5  A$lcc6184 |    00000DE8  A$lcc6184 |    00000DE9  A$lcc6184
     00000DEA  A$lcc6184 |    00000DEC  A$lcc6184 |    00000DED  A$lcc6184
     00000DEE  A$lcc6184 |    00000DF0  A$lcc6184 |    00000DF1  A$lcc6184
     00000DF2  A$lcc6184 |    00000DF4  A$lcc6184 |    00000DF4  C$main.c$
     00000DF5  A$lcc6184 |    00000DF7  A$lcc6184 |    00000DF8  A$lcc6184
     00000DFA  A$lcc6184 |    00000DFB  A$lcc6184 |    00000DFC  A$lcc6184
     00000DFD  A$lcc6184 |    00000E00  A$lcc6184 |    00000E02  A$lcc6184
     00000E02  C$main.c$ |    00000E05  A$lcc6184 |    00000E06  A$lcc6184
     00000E06  C$main.c$ |    00000E09  A$lcc6184 |    00000E0A  A$lcc6184
     00000E0C  A$lcc6184 |    00000E0D  A$lcc6184 |    00000E0E  A$lcc6184
     00000E0E  C$main.c$ |    00000E11  A$lcc6184 |    00000E13  A$lcc6184
     00000E14  A$lcc6184 |    00000E14  C$main.c$ |    00000E17  A$lcc6184
     00000E17  C$main.c$ |    00000E17  C$main.c$ |    00000E17  XG$stage_
     00000E1A  A$lcc6184 |    00000E1A  C$main.c$ |    00000E1A  C$main.c$
     00000E1A  G$main$0$ |    00000E1A  _main     |    00000E1C  A$lcc6184
     00000E1E  A$lcc6184 |    00000E1E  C$main.c$ |    00000E1F  A$lcc6184
     00000E21  A$lcc6184 |    00000E21  C$main.c$ |    00000E22  A$lcc6184
     00000E22  C$main.c$ |    00000E25  A$lcc6184 |    00000E26  A$lcc6184
     00000E29  A$lcc6184 |    00000E2A  A$lcc6184 |    00000E2B  A$lcc6184
     00000E2B  C$main.c$ |    00000E2D  A$lcc6184 |    00000E2E  A$lcc6184
     00000E2F  A$lcc6184 |    00000E32  A$lcc6184 |    00000E33  A$lcc6184
     00000E33  C$main.c$ |    00000E34  A$lcc6184 |    00000E36  A$lcc6184
     00000E36  C$main.c$ |    00000E38  A$lcc6184 |    00000E3A  A$lcc6184
     00000E3A  C$main.c$ |    00000E3C  A$lcc6184 |    00000E3E  A$lcc6184
     00000E40  A$lcc6184 |    00000E40  C$main.c$ |    00000E42  A$lcc6184
     00000E44  A$lcc6184 |    00000E46  A$lcc6184 |    00000E46  C$main.c$
     00000E48  A$lcc6184 |    00000E4A  A$lcc6184 |    00000E4C  A$lcc6184
     00000E4C  C$main.c$ |    00000E4E  A$lcc6184 |    00000E50  A$lcc6184
     00000E52  A$lcc6184 |    00000E52  C$main.c$ |    00000E55  A$lcc6184
     00000E57  A$lcc6184 |    00000E57  C$main.c$ |    00000E5A  A$lcc6184
     00000E5A  C$main.c$ |    00000E5A  C$main.c$ |    00000E5D  A$lcc6184
     00000E60  A$lcc6184 |    00000E60  C$main.c$ |    00000E63  A$lcc6184
     00000E66  A$lcc6184 |    00000E67  A$lcc6184 |    00000E67  C$main.c$
     00000E6A  A$lcc6184 |    00000E6B  A$lcc6184 |    00000E6E  A$lcc6184
     00000E6F  A$lcc6184 |    00000E70  A$lcc6184 |    00000E71  A$lcc6184
     00000E72  A$lcc6184 |    00000E75  A$lcc6184 |    00000E76  A$lcc6184
     00000E76  C$main.c$ |    00000E79  A$lcc6184 |    00000E7A  A$lcc6184
     00000E7D  A$lcc6184 |    00000E7D  C$main.c$ |    00000E80  A$lcc6184
     00000E81  A$lcc6184 |    00000E84  A$lcc6184 |    00000E84  C$main.c$
     00000E87  A$lcc6184 |    00000E8A  A$lcc6184 |    00000E8B  A$lcc6184
ASxxxx Linker V03.00 + NoICE + sdld,  page 18.
Hexadecimal  [32-Bits]

Area                       Addr        Size        Decimal Bytes (Attributes)
--------------------       ----        ----        ------- ----- ------------
_CODE                  00000200    00001D90 =        7568. bytes (REL,CON)

        Value  Global            Value  Global            Value  Global    
        -----  ------            -----  ------            -----  ------    
     00000E8C  A$lcc6184 |    00000E8D  A$lcc6184 |    00000E8E  A$lcc6184
     00000E90  A$lcc6184 |    00000E93  A$lcc6184 |    00000E95  A$lcc6184
     00000E97  A$lcc6184 |    00000E97  C$main.c$ |    00000E97  C$main.c$
     00000E9A  A$lcc6184 |    00000E9C  A$lcc6184 |    00000E9E  A$lcc6184
     00000EA1  A$lcc6184 |    00000EA3  A$lcc6184 |    00000EA5  A$lcc6184
     00000EA7  A$lcc6184 |    00000EA7  C$main.c$ |    00000EA7  C$main.c$
     00000EA9  A$lcc6184 |    00000EAB  A$lcc6184 |    00000EAB  C$main.c$
     00000EAE  A$lcc6184 |    00000EB0  A$lcc6184 |    00000EB0  C$main.c$
     00000EB3  A$lcc6184 |    00000EB5  A$lcc6184 |    00000EB5  C$main.c$
     00000EB7  A$lcc6184 |    00000EB7  C$main.c$ |    00000EB7  C$main.c$
     00000EB9  A$lcc6184 |    00000EBB  A$lcc6184 |    00000EBB  C$main.c$
     00000EBE  A$lcc6184 |    00000EC0  A$lcc6184 |    00000EC0  C$main.c$
     00000EC3  A$lcc6184 |    00000EC5  A$lcc6184 |    00000EC5  C$main.c$
     00000EC7  A$lcc6184 |    00000EC7  C$main.c$ |    00000EC7  C$main.c$
     00000EC9  A$lcc6184 |    00000ECB  A$lcc6184 |    00000ECB  C$main.c$
     00000ECE  A$lcc6184 |    00000ED0  A$lcc6184 |    00000ED0  C$main.c$
     00000ED3  A$lcc6184 |    00000ED5  A$lcc6184 |    00000ED5  C$main.c$
     00000ED8  A$lcc6184 |    00000EDA  A$lcc6184 |    00000EDA  C$main.c$
     00000EDC  A$lcc6184 |    00000EDC  C$main.c$ |    00000EDC  C$main.c$
     00000EDF  A$lcc6184 |    00000EE0  A$lcc6184 |    00000EE1  A$lcc6184
     00000EE2  A$lcc6184 |    00000EE3  A$lcc6184 |    00000EE5  A$lcc6184
     00000EE7  A$lcc6184 |    00000EE8  A$lcc6184 |    00000EEA  A$lcc6184
     00000EEB  A$lcc6184 |    00000EED  A$lcc6184 |    00000EEF  A$lcc6184
     00000EF1  A$lcc6184 |    00000EF3  A$lcc6184 |    00000EF4  A$lcc6184
     00000EF6  A$lcc6184 |    00000EF8  A$lcc6184 |    00000EFA  A$lcc6184
     00000EFB  A$lcc6184 |    00000EFD  A$lcc6184 |    00000EFF  A$lcc6184
     00000F01  A$lcc6184 |    00000F01  C$main.c$ |    00000F04  A$lcc6184
     00000F06  A$lcc6184 |    00000F06  C$main.c$ |    00000F09  A$lcc6184
     00000F0B  A$lcc6184 |    00000F0B  C$main.c$ |    00000F0E  A$lcc6184
     00000F10  A$lcc6184 |    00000F10  C$main.c$ |    00000F10  C$main.c$
     00000F13  A$lcc6184 |    00000F15  A$lcc6184 |    00000F15  C$main.c$
     00000F18  A$lcc6184 |    00000F18  C$main.c$ |    00000F1B  A$lcc6184
     00000F1B  C$main.c$ |    00000F1E  A$lcc6184 |    00000F1E  C$main.c$
     00000F21  A$lcc6184 |    00000F21  C$main.c$ |    00000F24  A$lcc6184
     00000F26  A$lcc6184 |    00000F28  A$lcc6184 |    00000F28  C$main.c$
     00000F2B  A$lcc6184 |    00000F2B  C$main.c$ |    00000F2E  A$lcc6184
     00000F2E  C$main.c$ |    00000F31  A$lcc6184 |    00000F31  C$main.c$
     00000F31  XG$main$0 |    00000F34  G$BKG_MAP |    00000F34  _BKG_MAP 
     00001334  G$BKG_TIL |    00001334  _BKG_TILE |    00001624  G$COLLISI
     00001624  _COLLISIO |    00001A24  G$RESET_T |    00001A24  _RESET_TI
     00001A2E  G$WIN_FRO |    00001A2E  _WIN_FROG |    00001A32  _get_vram
     00001A3F  _get_win_ |    00001A47  _get_bkg_ |    00001A6E  _set_vram
     00001A7D  _set_win_ |    00001A85  _set_bkg_ |    00001AAF  ___hide_m
     00001B79  ___printf |    00001F10  _sprintf  |    00001F31  ___move_m
     00001F69  _get_win_ |    00001F71  _get_bkg_
ASxxxx Linker V03.00 + NoICE + sdld,  page 19.
Hexadecimal  [32-Bits]

Area                       Addr        Size        Decimal Bytes (Attributes)
--------------------       ----        ----        ------- ----- ------------
_HEADER0               00000000    00000001 =           1. bytes (ABS,CON)

        Value  Global            Value  Global            Value  Global    
        -----  ------            -----  ------            -----  ------    
     00000020  .call_hl 
ASxxxx Linker V03.00 + NoICE + sdld,  page 20.
Hexadecimal  [32-Bits]

Area                       Addr        Size        Decimal Bytes (Attributes)
--------------------       ----        ----        ------- ----- ------------
_HEADER1               00000000    00000005 =           5. bytes (ABS,CON)

        Value  Global            Value  Global            Value  Global    
        -----  ------            -----  ------            -----  ------    
     00000028  .MemsetSm
ASxxxx Linker V03.00 + NoICE + sdld,  page 21.
Hexadecimal  [32-Bits]

Area                       Addr        Size        Decimal Bytes (Attributes)
--------------------       ----        ----        ------- ----- ------------
_HEADER2               00000000    00000007 =           7. bytes (ABS,CON)

        Value  Global            Value  Global            Value  Global    
        -----  ------            -----  ------            -----  ------    
     00000030  .MemcpySm
ASxxxx Linker V03.00 + NoICE + sdld,  page 22.
Hexadecimal  [32-Bits]

Area                       Addr        Size        Decimal Bytes (Attributes)
--------------------       ----        ----        ------- ----- ------------
_HEADER3               00000000    00000008 =           8. bytes (ABS,CON)

        Value  Global            Value  Global            Value  Global    
        -----  ------            -----  ------            -----  ------    
ASxxxx Linker V03.00 + NoICE + sdld,  page 23.
Hexadecimal  [32-Bits]

Area                       Addr        Size        Decimal Bytes (Attributes)
--------------------       ----        ----        ------- ----- ------------
_HEADER4               00000000    0000004F =          79. bytes (ABS,CON)

        Value  Global            Value  Global            Value  Global    
        -----  ------            -----  ------            -----  ------    
     00000080  .int      |    0000008F  _wait_int |    0000009C  __standar
     000000AC  _refresh_
ASxxxx Linker V03.00 + NoICE + sdld,  page 24.
Hexadecimal  [32-Bits]

Area                       Addr        Size        Decimal Bytes (Attributes)
--------------------       ----        ----        ------- ----- ------------
_HEADER5               00000000    00000002 =           2. bytes (ABS,CON)

        Value  Global            Value  Global            Value  Global    
        -----  ------            -----  ------            -----  ------    
ASxxxx Linker V03.00 + NoICE + sdld,  page 25.
Hexadecimal  [32-Bits]

Area                       Addr        Size        Decimal Bytes (Attributes)
--------------------       ----        ----        ------- ----- ------------
_HEADER6               00000000    00000030 =          48. bytes (ABS,CON)

        Value  Global            Value  Global            Value  Global    
        -----  ------            -----  ------            -----  ------    
ASxxxx Linker V03.00 + NoICE + sdld,  page 26.
Hexadecimal  [32-Bits]

Area                       Addr        Size        Decimal Bytes (Attributes)
--------------------       ----        ----        ------- ----- ------------
_HEADER7               00000000    00000006 =           6. bytes (ABS,CON)

        Value  Global            Value  Global            Value  Global    
        -----  ------            -----  ------            -----  ------    
ASxxxx Linker V03.00 + NoICE + sdld,  page 27.
Hexadecimal  [32-Bits]

Area                       Addr        Size        Decimal Bytes (Attributes)
--------------------       ----        ----        ------- ----- ------------
_HEADER8               00000000    00000003 =           3. bytes (ABS,CON)

        Value  Global            Value  Global            Value  Global    
        -----  ------            -----  ------            -----  ------    
ASxxxx Linker V03.00 + NoICE + sdld,  page 28.
Hexadecimal  [32-Bits]

Area                       Addr        Size        Decimal Bytes (Attributes)
--------------------       ----        ----        ------- ----- ------------
_HEADER9               00000000    00000001 =           1. bytes (ABS,CON)

        Value  Global            Value  Global            Value  Global    
        -----  ------            -----  ------            -----  ------    
ASxxxx Linker V03.00 + NoICE + sdld,  page 29.
Hexadecimal  [32-Bits]

Area                       Addr        Size        Decimal Bytes (Attributes)
--------------------       ----        ----        ------- ----- ------------
_HEADERa               00000000    00000001 =           1. bytes (ABS,CON)

        Value  Global            Value  Global            Value  Global    
        -----  ------            -----  ------            -----  ------    
ASxxxx Linker V03.00 + NoICE + sdld,  page 30.
Hexadecimal  [32-Bits]

Area                       Addr        Size        Decimal Bytes (Attributes)
--------------------       ----        ----        ------- ----- ------------
_HEADERb               00000000    00000001 =           1. bytes (ABS,CON)

        Value  Global            Value  Global            Value  Global    
        -----  ------            -----  ------            -----  ------    
ASxxxx Linker V03.00 + NoICE + sdld,  page 31.
Hexadecimal  [32-Bits]

Area                       Addr        Size        Decimal Bytes (Attributes)
--------------------       ----        ----        ------- ----- ------------
_HEADERc               00000000    00000002 =           2. bytes (ABS,CON)

        Value  Global            Value  Global            Value  Global    
        -----  ------            -----  ------            -----  ------    
ASxxxx Linker V03.00 + NoICE + sdld,  page 32.
Hexadecimal  [32-Bits]

Area                       Addr        Size        Decimal Bytes (Attributes)
--------------------       ----        ----        ------- ----- ------------
_HEADERd               00000000    00000001 =           1. bytes (ABS,CON)

        Value  Global            Value  Global            Value  Global    
        -----  ------            -----  ------            -----  ------    
ASxxxx Linker V03.00 + NoICE + sdld,  page 33.
Hexadecimal  [32-Bits]

Area                       Addr        Size        Decimal Bytes (Attributes)
--------------------       ----        ----        ------- ----- ------------
_HEADERe               00000000    00000001 =           1. bytes (ABS,CON)

        Value  Global            Value  Global            Value  Global    
        -----  ------            -----  ------            -----  ------    
ASxxxx Linker V03.00 + NoICE + sdld,  page 34.
Hexadecimal  [32-Bits]

Area                       Addr        Size        Decimal Bytes (Attributes)
--------------------       ----        ----        ------- ----- ------------
_HEADERf               00000000    00000002 =           2. bytes (ABS,CON)

        Value  Global            Value  Global            Value  Global    
        -----  ------            -----  ------            -----  ------    
ASxxxx Linker V03.00 + NoICE + sdld,  page 35.
Hexadecimal  [32-Bits]

Area                       Addr        Size        Decimal Bytes (Attributes)
--------------------       ----        ----        ------- ----- ------------
_HEADER10              00000000    00000082 =         130. bytes (ABS,CON)

        Value  Global            Value  Global            Value  Global    
        -----  ------            -----  ------            -----  ------    
     00000150  .reset    |    00000150  _reset    |    00000157  .code_sta
     000001B7  _exit     |    000001BB  _set_inte
ASxxxx Linker V03.00 + NoICE + sdld,  page 36.
Hexadecimal  [32-Bits]

Area                       Addr        Size        Decimal Bytes (Attributes)
--------------------       ----        ----        ------- ----- ------------
_HEADER11              00000000    00000001 =           1. bytes (ABS,CON)

        Value  Global            Value  Global            Value  Global    
        -----  ------            -----  ------            -----  ------    
ASxxxx Linker V03.00 + NoICE + sdld,  page 37.
Hexadecimal  [32-Bits]

Area                       Addr        Size        Decimal Bytes (Attributes)
--------------------       ----        ----        ------- ----- ------------
_HOME                  00001F90    0000039A =         922. bytes (REL,CON)

        Value  Global            Value  Global            Value  Global    
        -----  ------            -----  ------            -----  ------    
     00001F90  .memset_s |    00001F99  .memcpy_s |    00001FB6  .remove_V
     00001FB9  .remove_i |    00001FD6  .add_VBL  |    00001FD9  .add_int 
     00001FE4  .wait_vbl |    00001FE4  _wait_vbl |    00001FF4  .display_
     00001FF4  _display_ |    0000200C  _remove_V |    00002017  _add_VBL 
     00002022  _set_tile |    00002027  _set_bkg_ |    00002027  _set_win_
     0000202F  _set_spri |    0000205F  .padup    |    0000205F  _waitpadu
     0000206F  .jpad     |    0000206F  _joypad   |    00002097  _waitpad 
     0000209A  .wait_pad |    000020A1  ___sdcc_c |    000020D1  _add_LCD 
     000020DC  .add_LCD  |    000020E2  _remove_L |    000020ED  .remove_L
     000020F3  __divsuch |    00002100  __modsuch |    0000210A  __divusch
     0000211C  __modusch |    0000212C  __divscha |    00002138  __modscha
     00002142  __divsint |    00002153  __modsint |    00002162  __divucha
     0000216E  __moducha |    00002178  __divuint |    00002189  __moduint
     00002198  .div8     |    00002198  .mod8     |    000021A0  .div16   
     000021A0  .mod16    |    000021D6  .divu8    |    000021D6  .modu8   
     000021D9  .divu16   |    000021D9  .modu16   |    0000221A  _set_bkg_
     0000222E  _uitoa    |    0000223D  _itoa     |    0000224C  .itoa    
     00002260  .utoa     |    000022D4  .set_xy_w |    000022DD  .set_xy_b
     000022EC  .set_xy_t
ASxxxx Linker V03.00 + NoICE + sdld,  page 38.
Hexadecimal  [32-Bits]

Area                       Addr        Size        Decimal Bytes (Attributes)
--------------------       ----        ----        ------- ----- ------------
_CODE_0                0000232A    00000440 =        1088. bytes (REL,CON)

        Value  Global            Value  Global            Value  Global    
        -----  ------            -----  ------            -----  ------    
     0000232A  G$FONT$0_ |    0000232A  _FONT    
ASxxxx Linker V03.00 + NoICE + sdld,  page 39.
Hexadecimal  [32-Bits]

Area                       Addr        Size        Decimal Bytes (Attributes)
--------------------       ----        ----        ------- ----- ------------
_INITIALIZER           0000276A    00000048 =          72. bytes (REL,CON)

        Value  Global            Value  Global            Value  Global    
        -----  ------            -----  ------            -----  ------    
     0000276A  Fmain$__x |    0000278E  Fmain$__x |    00002791  Fmain$__x
     00002795  Fmain$__x |    00002799  Fmain$__x |    000027A0  Fmain$__x
     000027A5  Fmain$__x |    000027AA  Fmain$__x
ASxxxx Linker V03.00 + NoICE + sdld,  page 40.
Hexadecimal  [32-Bits]

Area                       Addr        Size        Decimal Bytes (Attributes)
--------------------       ----        ----        ------- ----- ------------
_GSINIT                000027B2    0000000C =          12. bytes (REL,CON)

        Value  Global            Value  Global            Value  Global    
        -----  ------            -----  ------            -----  ------    
     000027B2  gsinit   
ASxxxx Linker V03.00 + NoICE + sdld,  page 41.
Hexadecimal  [32-Bits]

Area                       Addr        Size        Decimal Bytes (Attributes)
--------------------       ----        ----        ------- ----- ------------
_GSFINAL               000027BE    00000001 =           1. bytes (REL,CON)

        Value  Global            Value  Global            Value  Global    
        -----  ------            -----  ------            -----  ------    
ASxxxx Linker V03.00 + NoICE + sdld,  page 42.
Hexadecimal  [32-Bits]

Area                       Addr        Size        Decimal Bytes (Attributes)
--------------------       ----        ----        ------- ----- ------------
_DATA                  0000C0A0    0000006E =         110. bytes (REL,CON)

        Value  Global            Value  Global            Value  Global    
        -----  ------            -----  ------            -----  ------    
     0000C0A0  __cpu     |    0000C0A1  __is_GBA  |    0000C0A2  .mode    
     0000C0A3  .sys_time |    0000C0A3  _sys_time |    0000C0A5  .int_0x40
     0000C0B9  G$scroll$ |    0000C0B9  _scroll   |    0000C0C3  G$PLAYER$
     0000C0C3  _PLAYER   |    0000C0C9  G$joy$0_0 |    0000C0C9  _joy     
     0000C0CA  G$last_jo |    0000C0CA  _last_joy |    0000C0CB  G$is_movi
     0000C0CB  _is_movin |    0000C0CC  G$turtles |    0000C0CC  _turtles_
     0000C0CD  G$move_x$ |    0000C0CD  _move_x   |    0000C0CE  G$move_y$
     0000C0CE  _move_y   |    0000C0CF  G$scx_cou |    0000C0CF  _scx_coun
     0000C0D0  G$turtle_ |    0000C0D0  _turtle_c |    0000C0D1  G$dive_co
     0000C0D1  _dive_cou |    0000C0D2  G$timer$0 |    0000C0D2  _timer   
     0000C0D4  G$timer_t |    0000C0D4  _timer_ti |    0000C0D5  G$GAMESTA
     0000C0D5  _GAMESTAT |    0000C0D6  G$turtle_ |    0000C0D6  _turtle_t
     0000C0D7  G$dive_ti |    0000C0D7  _dive_til |    0000C0D8  G$y_min$0
     0000C0D8  _y_min    |    0000C0D9  G$vram_ad |    0000C0D9  _vram_add
     0000C0DB  G$score$0 |    0000C0DB  _score    |    0000C0DD  G$score_b
     0000C0DD  _score_bu |    0000C0E2  G$current |    0000C0E2  _current_
     0000C0E3  G$level_b |    0000C0E3  _level_bu |    0000C0FB  ___curren
     0000C0FD  ___curren |    0000C0FE  .int_0x48
ASxxxx Linker V03.00 + NoICE + sdld,  page 43.
Hexadecimal  [32-Bits]

Area                       Addr        Size        Decimal Bytes (Attributes)
--------------------       ----        ----        ------- ----- ------------
_INITIALIZED           0000C10E    00000048 =          72. bytes (REL,CON)

        Value  Global            Value  Global            Value  Global    
        -----  ------            -----  ------            -----  ------    
     0000C10E  G$scroll_ |    0000C10E  _scroll_r |    0000C132  G$turtle_
     0000C132  _turtle_d |    0000C135  G$turtle_ |    0000C135  _turtle_d
     0000C139  G$turtle_ |    0000C139  _turtle_t |    0000C13D  G$dive_ti
     0000C13D  _dive_til |    0000C144  G$PLAYER1 |    0000C144  _PLAYER1U
     0000C149  G$PLAYER2 |    0000C149  _PLAYER2U |    0000C14E  G$level_t
     0000C14E  _level_te |    0000C155  ___render
ASxxxx Linker V03.00 + NoICE + sdld,  page 44.
Hexadecimal  [32-Bits]

Area                       Addr        Size        Decimal Bytes (Attributes)
--------------------       ----        ----        ------- ----- ------------
_HRAM12                00000000    00000003 =           3. bytes (ABS,CON)

        Value  Global            Value  Global            Value  Global    
        -----  ------            -----  ------            -----  ------    
     0000FF90  __current |    0000FF92  __shadow_
ASxxxx Linker V03.00 + NoICE + sdld,  page 45.
Hexadecimal  [32-Bits]

Area                       Addr        Size        Decimal Bytes (Attributes)
--------------------       ----        ----        ------- ----- ------------
_CODE_1                00014000    000000AC =         172. bytes (REL,CON)

        Value  Global            Value  Global            Value  Global    
        -----  ------            -----  ------            -----  ------    
     00014000  C$frogger |    00014000  G$__func_ |    00014000  G$frogger
     00014000  ___func_f |    00014000  _frogger_ |    00014008  G$frogger
     00014008  _frogger_ |    00014048  G$frogger |    00014048  _frogger_
     00014054  G$frogger |    00014054  _frogger_ |    00014056  C$frogger
     00014056  G$__func_ |    00014056  G$frogger |    00014056  ___func_f
     00014056  _frogger_ |    0001405E  G$frogger |    0001405E  _frogger_
     0001409E  G$frogger |    0001409E  _frogger_ |    000140AA  G$frogger
     000140AA  _frogger_
ASxxxx Linker V03.00 + NoICE + sdld,  page 46.
Hexadecimal  [32-Bits]

Area                       Addr        Size        Decimal Bytes (Attributes)
--------------------       ----        ----        ------- ----- ------------
_HEADER_LCD0           00000000    00000003 =           3. bytes (ABS,CON)

        Value  Global            Value  Global            Value  Global    
        -----  ------            -----  ------            -----  ------    
ASxxxx Linker V03.00 + NoICE + sdld,  page 47.

Files Linked                              [ module(s) ]

C:\c_code\gbdk\lib/small/asxxxx/gb/crt0.o
                                          [ Runtime ]
C:\Users\User\AppData\Local\Temp/lcc61840.rel
                                          [ main ]
C:\Users\User\AppData\Local\Temp/lcc61841.rel
                                          [ bkg_map ]
C:\Users\User\AppData\Local\Temp/lcc61842.rel
                                          [ bkg_tiles ]
C:\Users\User\AppData\Local\Temp/lcc61843.rel
                                          [ collision_map ]
C:\Users\User\AppData\Local\Temp/lcc61844.rel
                                          [ font ]
C:\Users\User\AppData\Local\Temp/lcc61845.rel
                                          [ frogger ]
C:\Users\User\AppData\Local\Temp/lcc61846.rel
                                          [ frogger_16 ]
C:\Users\User\AppData\Local\Temp/lcc61847.rel
                                          [ reset_timer ]
C:\Users\User\AppData\Local\Temp/lcc61848.rel
                                          [ win_frog ]


Libraries Linked                          [ object file ]

C:\c_code\gbdk\lib/small/asxxxx/gb/gb.lib
                                          [ sfr.o ]
C:\c_code\gbdk\lib/small/asxxxx/gb/gb.lib
                                          [ get_tile.o ]
C:\c_code\gbdk\lib/small/asxxxx/gb/gb.lib
                                          [ set_tile.o ]
C:\c_code\gbdk\lib/small/asxxxx/gb/gb.lib
                                          [ metasprites_hide.o ]
C:\c_code\gbdk\lib/small/asxxxx/gb/gb.lib
                                          [ set_data.o ]
C:\c_code\gbdk\lib/small/asxxxx/gbz80/gbz80.lib
                                          [ sprintf.o ]
C:\c_code\gbdk\lib/small/asxxxx/gb/gb.lib
                                          [ pad.o ]
C:\c_code\gbdk\lib/small/asxxxx/gb/gb.lib
                                          [ metasprites.o ]
C:\c_code\gbdk\lib/small/asxxxx/gbz80/gbz80.lib
                                          [ __sdcc_call_hl.o ]
C:\c_code\gbdk\lib/small/asxxxx/gb/gb.lib
                                          [ lcd.o ]
C:\c_code\gbdk\lib/small/asxxxx/gb/gb.lib
                                          [ get_addr.o ]
C:\c_code\gbdk\lib/small/asxxxx/gbz80/gbz80.lib
                                          [ div.o ]
C:\c_code\gbdk\lib/small/asxxxx/gb/gb.lib
                                          [ set_bk_t.o ]
C:\c_code\gbdk\lib/small/asxxxx/gbz80/gbz80.lib
                                          [ itoa.o ]
C:\c_code\gbdk\lib/small/asxxxx/gb/gb.lib
                                          [ set_xy_t.o ]

ASxxxx Linker V03.00 + NoICE + sdld,  page 48.

User Base Address Definitions

_DATA=0xC0A0
_CODE=0x0200
ASxxxx Linker V03.00 + NoICE + sdld,  page 49.

User Global Definitions

_shadow_OAM=0xC000
.STACK=0xE000
.refresh_OAM=0xFF80

