ASxxxx Linker V03.00 + NoICE + sdld,  page 1.
Hexadecimal  [32-Bits]

Area                       Addr        Size        Decimal Bytes (Attributes)
--------------------       ----        ----        ------- ----- ------------
.  .ABS.               00000000    00000000 =           0. bytes (ABS,CON)

        Value  Global            Value  Global            Value  Global    
        -----  ------            -----  ------            -----  ------    
     00000000  .__.ABS.  |    00000000  _rRAMG    |    00000000  l__BASE  
     00000000  l__BSS    |    00000000  l__CABS   |    00000000  l__CODE_0
     00000000  l__DABS   |    00000000  l__FONT_H |    00000000  l__HEADER
     00000000  l__HEADER |    00000000  l__HEAP   |    00000000  l__HRAM  
     00000000  l__LIT    |    00000000  s__CABS   |    00000000  s__DABS  
     00000000  s__FONT_H |    00000000  s__FONT_H |    00000000  s__HEADER
     00000000  s__HEADER |    00000000  s__HEADER |    00000000  s__HEADER
     00000000  s__HEADER |    00000000  s__HEADER |    00000000  s__HEADER
     00000000  s__HEADER |    00000000  s__HEADER |    00000000  s__HEADER
     00000000  s__HEADER |    00000000  s__HEADER |    00000000  s__HEADER
     00000000  s__HEADER |    00000000  s__HEADER |    00000000  s__HEADER
     00000000  s__HEADER |    00000000  s__HEADER |    00000000  s__HEADER
     00000000  s__HEADER |    00000000  s__HEADER |    00000000  s__HRAM  
     00000000  s__HRAM12 |    00000001  ___bank_f |    00000001  ___bank_f
     00000001  l__GSFINA |    00000001  l__HEADER |    00000001  l__HEADER
     00000001  l__HEADER |    00000001  l__HEADER |    00000001  l__HEADER
     00000001  l__HEADER |    00000001  l__HEADER |    00000002  l__HEADER
     00000002  l__HEADER |    00000002  l__HEADER |    00000003  l__FONT_H
     00000003  l__HEADER |    00000003  l__HEADER |    00000003  l__HRAM12
     00000005  l__HEADER |    00000006  l__HEADER |    00000007  l__HEADER
     00000008  l__HEADER |    0000000C  l__GSINIT |    0000002A  l__INITIA
     0000002A  l__INITIA |    00000030  l__HEADER |    0000004F  l__HEADER
     00000058  l__DATA   |    00000082  l__HEADER |    000000AC  l__CODE_1
     00000200  s__CODE   |    00000A30  l__HOME   |    0000189B  l__CODE  
     00001A9B  s__HOME   |    00002000  _rROMB0   |    000024CB  s__BASE  
     000024CB  s__CODE_0 |    000024CB  s__INITIA |    000024CB  s__LIT   
     000024F5  s__GSINIT |    00002501  s__GSFINA |    00003000  _rROMB1  
     00004000  _rRAMB    |    00008000  __VRAM    |    00008000  __VRAM800
     00008800  __VRAM880 |    00009000  __VRAM900 |    00009800  __SCRN0  
     00009C00  __SCRN1   |    0000A000  __SRAM    |    0000C000  __RAM    
     0000C000  _shadow_O |    0000C0A0  s__DATA   |    0000C0F8  s__BSS   
     0000C0F8  s__INITIA |    0000C122  s__HEAP   |    0000D000  __RAMBANK
     0000E000  .STACK    |    0000FE00  __OAMRAM  |    0000FF00  _P1_REG  
     0000FF00  __IO      |    0000FF01  _SB_REG   |    0000FF02  _SC_REG  
     0000FF04  _DIV_REG  |    0000FF05  _TIMA_REG |    0000FF06  _TMA_REG 
     0000FF07  _TAC_REG  |    0000FF0F  _IF_REG   |    0000FF10  _NR10_REG
     0000FF11  _NR11_REG |    0000FF12  _NR12_REG |    0000FF13  _NR13_REG
     0000FF14  _NR14_REG |    0000FF16  _NR21_REG |    0000FF17  _NR22_REG
     0000FF18  _NR23_REG |    0000FF19  _NR24_REG |    0000FF1A  _NR30_REG
     0000FF1B  _NR31_REG |    0000FF1C  _NR32_REG |    0000FF1D  _NR33_REG
     0000FF1E  _NR34_REG |    0000FF20  _NR41_REG |    0000FF21  _NR42_REG
     0000FF22  _NR43_REG |    0000FF23  _NR44_REG |    0000FF24  _NR50_REG
     0000FF25  _NR51_REG |    0000FF26  _NR52_REG |    0000FF30  _PCM_SAMP
     0000FF30  __AUD3WAV |    0000FF40  _LCDC_REG |    0000FF41  _STAT_REG
     0000FF42  _SCY_REG  |    0000FF43  _SCX_REG  |    0000FF44  _LY_REG  
     0000FF45  _LYC_REG  |    0000FF46  _DMA_REG  |    0000FF47  _BGP_REG 
     0000FF48  _OBP0_REG |    0000FF49  _OBP1_REG |    0000FF4A  _WY_REG  
     0000FF4B  _WX_REG   |    0000FF4D  _KEY1_REG |    0000FF4F  _VBK_REG 
     0000FF51  _HDMA1_RE |    0000FF52  _HDMA2_RE |    0000FF53  _HDMA3_RE
     0000FF54  _HDMA4_RE |    0000FF55  _HDMA5_RE |    0000FF56  _RP_REG  
ASxxxx Linker V03.00 + NoICE + sdld,  page 2.
Hexadecimal  [32-Bits]

Area                       Addr        Size        Decimal Bytes (Attributes)
--------------------       ----        ----        ------- ----- ------------
.  .ABS.               00000000    00000000 =           0. bytes (ABS,CON)

        Value  Global            Value  Global            Value  Global    
        -----  ------            -----  ------            -----  ------    
     0000FF68  _BCPS_REG |    0000FF69  _BCPD_REG |    0000FF6A  _OCPS_REG
     0000FF6B  _OCPD_REG |    0000FF70  _SVBK_REG |    0000FF76  _PCM12_RE
     0000FF77  _PCM34_RE |    0000FF80  .refresh_ |    0000FF80  __HRAM   
     0000FFFF  _IE_REG   |    00014000  s__CODE_1
ASxxxx Linker V03.00 + NoICE + sdld,  page 3.
Hexadecimal  [32-Bits]

Area                       Addr        Size        Decimal Bytes (Attributes)
--------------------       ----        ----        ------- ----- ------------
_CODE                  00000200    0000189B =        6299. bytes (REL,CON)

        Value  Global            Value  Global            Value  Global    
        -----  ------            -----  ------            -----  ------    
     00000200  A$lcc1126 |    00000200  C$main.c$ |    00000200  C$main.c$
     00000200  G$reset_f |    00000200  _reset_fr |    00000203  A$lcc1126
     00000205  A$lcc1126 |    00000205  C$main.c$ |    00000208  A$lcc1126
     0000020A  A$lcc1126 |    0000020D  A$lcc1126 |    0000020F  A$lcc1126
     0000020F  C$main.c$ |    00000212  A$lcc1126 |    00000214  A$lcc1126
     00000215  A$lcc1126 |    00000217  A$lcc1126 |    00000217  C$main.c$
     0000021A  A$lcc1126 |    0000021C  A$lcc1126 |    0000021D  A$lcc1126
     0000021F  A$lcc1126 |    0000021F  C$main.c$ |    00000222  A$lcc1126
     00000224  A$lcc1126 |    00000227  A$lcc1126 |    00000228  A$lcc1126
     0000022B  A$lcc1126 |    0000022C  A$lcc1126 |    0000022F  A$lcc1126
     00000230  A$lcc1126 |    00000231  A$lcc1126 |    00000232  A$lcc1126
     00000233  A$lcc1126 |    00000236  A$lcc1126 |    00000237  A$lcc1126
     00000238  A$lcc1126 |    00000239  A$lcc1126 |    0000023C  A$lcc1126
     0000023E  A$lcc1126 |    0000023F  A$lcc1126 |    00000240  A$lcc1126
     00000241  A$lcc1126 |    00000242  A$lcc1126 |    00000243  A$lcc1126
     00000244  A$lcc1126 |    00000245  A$lcc1126 |    00000246  A$lcc1126
     00000249  A$lcc1126 |    0000024B  A$lcc1126 |    0000024B  C$main.c$
     0000024B  C$main.c$ |    0000024B  XG$reset_ |    0000024C  A$lcc1126
     0000024C  C$main.c$ |    0000024C  C$main.c$ |    0000024C  G$init_le
     0000024C  _init_lev |    0000024F  A$lcc1126 |    00000250  A$lcc1126
     00000253  A$lcc1126 |    00000254  A$lcc1126 |    00000257  A$lcc1126
     00000259  A$lcc1126 |    00000259  C$main.c$ |    0000025C  A$lcc1126
     0000025D  A$lcc1126 |    00000260  A$lcc1126 |    00000261  A$lcc1126
     00000264  A$lcc1126 |    00000266  A$lcc1126 |    00000266  C$main.c$
     00000269  A$lcc1126 |    0000026A  A$lcc1126 |    0000026D  A$lcc1126
     0000026E  A$lcc1126 |    0000026F  A$lcc1126 |    00000270  A$lcc1126
     00000271  A$lcc1126 |    00000272  A$lcc1126 |    00000275  A$lcc1126
     00000277  A$lcc1126 |    00000277  C$main.c$ |    00000277  C$main.c$
     00000277  XG$init_l |    0000027A  A$lcc1126 |    0000027A  C$main.c$
     0000027A  G$move_fr |    0000027A  _move_fro |    0000027B  A$lcc1126
     0000027C  A$lcc1126 |    0000027C  C$main.c$ |    0000027F  A$lcc1126
     00000280  A$lcc1126 |    00000282  A$lcc1126 |    00000282  C$main.c$
     00000285  A$lcc1126 |    00000286  A$lcc1126 |    00000288  A$lcc1126
     00000289  A$lcc1126 |    0000028A  A$lcc1126 |    0000028B  A$lcc1126
     0000028C  A$lcc1126 |    0000028F  A$lcc1126 |    00000291  A$lcc1126
     00000293  A$lcc1126 |    00000296  A$lcc1126 |    00000298  A$lcc1126
     0000029B  A$lcc1126 |    0000029C  A$lcc1126 |    0000029D  A$lcc1126
     0000029E  A$lcc1126 |    0000029F  A$lcc1126 |    000002A0  A$lcc1126
     000002A3  A$lcc1126 |    000002A4  A$lcc1126 |    000002A5  A$lcc1126
     000002A6  A$lcc1126 |    000002A9  A$lcc1126 |    000002AB  A$lcc1126
     000002AC  A$lcc1126 |    000002AF  A$lcc1126 |    000002B0  A$lcc1126
     000002B1  A$lcc1126 |    000002B2  A$lcc1126 |    000002B5  A$lcc1126
     000002B6  A$lcc1126 |    000002B7  A$lcc1126 |    000002B8  A$lcc1126
     000002BB  A$lcc1126 |    000002BD  A$lcc1126 |    000002BF  A$lcc1126
     000002C0  A$lcc1126 |    000002C1  A$lcc1126 |    000002C2  A$lcc1126
     000002C3  A$lcc1126 |    000002C5  A$lcc1126 |    000002C6  A$lcc1126
     000002C9  A$lcc1126 |    000002CB  A$lcc1126 |    000002CB  C$main.c$
     000002CD  A$lcc1126 |    000002CD  C$main.c$ |    000002D0  A$lcc1126
     000002D1  A$lcc1126 |    000002D3  A$lcc1126 |    000002D3  C$main.c$
     000002D6  A$lcc1126 |    000002D7  A$lcc1126 |    000002D8  A$lcc1126
ASxxxx Linker V03.00 + NoICE + sdld,  page 4.
Hexadecimal  [32-Bits]

Area                       Addr        Size        Decimal Bytes (Attributes)
--------------------       ----        ----        ------- ----- ------------
_CODE                  00000200    0000189B =        6299. bytes (REL,CON)

        Value  Global            Value  Global            Value  Global    
        -----  ------            -----  ------            -----  ------    
     000002D9  A$lcc1126 |    000002DC  A$lcc1126 |    000002DE  A$lcc1126
     000002E0  A$lcc1126 |    000002E3  A$lcc1126 |    000002E5  A$lcc1126
     000002E8  A$lcc1126 |    000002E9  A$lcc1126 |    000002EA  A$lcc1126
     000002EB  A$lcc1126 |    000002EE  A$lcc1126 |    000002EF  A$lcc1126
     000002F0  A$lcc1126 |    000002F1  A$lcc1126 |    000002F4  A$lcc1126
     000002F5  A$lcc1126 |    000002F8  A$lcc1126 |    000002F9  A$lcc1126
     000002FA  A$lcc1126 |    000002FB  A$lcc1126 |    000002FC  A$lcc1126
     000002FF  A$lcc1126 |    00000300  A$lcc1126 |    00000301  A$lcc1126
     00000302  A$lcc1126 |    00000305  A$lcc1126 |    00000307  A$lcc1126
     00000308  A$lcc1126 |    00000309  A$lcc1126 |    0000030A  A$lcc1126
     0000030B  A$lcc1126 |    0000030C  A$lcc1126 |    0000030D  A$lcc1126
     0000030E  A$lcc1126 |    0000030F  A$lcc1126 |    00000312  A$lcc1126
     00000314  A$lcc1126 |    00000314  C$main.c$ |    00000315  A$lcc1126
     00000316  A$lcc1126 |    00000316  C$main.c$ |    00000316  XG$move_f
     00000317  A$lcc1126 |    00000317  C$main.c$ |    00000317  C$main.c$
     00000317  G$paralla |    00000317  _parallax |    00000319  A$lcc1126
     0000031A  A$lcc1126 |    0000031C  A$lcc1126 |    0000031E  A$lcc1126
     00000320  A$lcc1126 |    00000322  A$lcc1126 |    00000324  A$lcc1126
     00000326  A$lcc1126 |    00000328  A$lcc1126 |    0000032A  A$lcc1126
     0000032C  A$lcc1126 |    0000032E  A$lcc1126 |    00000330  A$lcc1126
     00000332  A$lcc1126 |    00000334  A$lcc1126 |    00000336  A$lcc1126
     00000338  A$lcc1126 |    0000033A  A$lcc1126 |    0000033C  A$lcc1126
     0000033E  A$lcc1126 |    00000341  A$lcc1126 |    00000343  A$lcc1126
     00000346  A$lcc1126 |    00000348  A$lcc1126 |    0000034B  A$lcc1126
     0000034D  A$lcc1126 |    00000350  A$lcc1126 |    00000351  A$lcc1126
     00000351  C$main.c$ |    00000352  A$lcc1126 |    00000354  A$lcc1126
     00000355  A$lcc1126 |    00000357  A$lcc1126 |    00000357  C$main.c$
     00000359  A$lcc1126 |    0000035B  A$lcc1126 |    0000035B  C$main.c$
     0000035C  A$lcc1126 |    0000035C  C$main.c$ |    0000035F  A$lcc1126
     00000361  A$lcc1126 |    00000362  A$lcc1126 |    00000364  A$lcc1126
     00000364  C$main.c$ |    00000366  A$lcc1126 |    00000368  A$lcc1126
     00000368  C$main.c$ |    00000369  A$lcc1126 |    00000369  C$main.c$
     0000036C  A$lcc1126 |    0000036E  A$lcc1126 |    0000036F  A$lcc1126
     00000371  A$lcc1126 |    00000371  C$main.c$ |    00000373  A$lcc1126
     00000375  A$lcc1126 |    00000375  C$main.c$ |    00000376  A$lcc1126
     00000376  C$main.c$ |    00000379  A$lcc1126 |    0000037B  A$lcc1126
     0000037C  A$lcc1126 |    0000037E  A$lcc1126 |    0000037E  C$main.c$
     00000380  A$lcc1126 |    00000382  A$lcc1126 |    00000382  C$main.c$
     00000383  A$lcc1126 |    00000383  C$main.c$ |    00000386  A$lcc1126
     00000388  A$lcc1126 |    00000389  A$lcc1126 |    0000038B  A$lcc1126
     0000038B  C$main.c$ |    0000038D  A$lcc1126 |    0000038F  A$lcc1126
     0000038F  C$main.c$ |    00000390  A$lcc1126 |    00000390  C$main.c$
     00000393  A$lcc1126 |    00000395  A$lcc1126 |    00000396  A$lcc1126
     00000398  A$lcc1126 |    00000398  C$main.c$ |    0000039A  A$lcc1126
     0000039C  A$lcc1126 |    0000039C  C$main.c$ |    0000039D  A$lcc1126
     0000039D  C$main.c$ |    0000039E  A$lcc1126 |    000003A0  A$lcc1126
     000003A1  A$lcc1126 |    000003A3  A$lcc1126 |    000003A3  C$main.c$
     000003A5  A$lcc1126 |    000003A7  A$lcc1126 |    000003A7  C$main.c$
     000003A8  A$lcc1126 |    000003A8  C$main.c$ |    000003AB  A$lcc1126
     000003AD  A$lcc1126 |    000003AE  A$lcc1126 |    000003B0  A$lcc1126
     000003B0  C$main.c$ |    000003B2  A$lcc1126 |    000003B4  A$lcc1126
ASxxxx Linker V03.00 + NoICE + sdld,  page 5.
Hexadecimal  [32-Bits]

Area                       Addr        Size        Decimal Bytes (Attributes)
--------------------       ----        ----        ------- ----- ------------
_CODE                  00000200    0000189B =        6299. bytes (REL,CON)

        Value  Global            Value  Global            Value  Global    
        -----  ------            -----  ------            -----  ------    
     000003B4  C$main.c$ |    000003B5  A$lcc1126 |    000003B5  C$main.c$
     000003B8  A$lcc1126 |    000003BA  A$lcc1126 |    000003BB  A$lcc1126
     000003BD  A$lcc1126 |    000003BD  C$main.c$ |    000003BF  A$lcc1126
     000003C1  A$lcc1126 |    000003C1  C$main.c$ |    000003C2  A$lcc1126
     000003C2  C$main.c$ |    000003C5  A$lcc1126 |    000003C7  A$lcc1126
     000003C8  A$lcc1126 |    000003CA  A$lcc1126 |    000003CA  C$main.c$
     000003CC  A$lcc1126 |    000003CE  A$lcc1126 |    000003CE  C$main.c$
     000003CF  A$lcc1126 |    000003CF  C$main.c$ |    000003D2  A$lcc1126
     000003D4  A$lcc1126 |    000003D5  A$lcc1126 |    000003D7  A$lcc1126
     000003D7  C$main.c$ |    000003D9  A$lcc1126 |    000003DB  A$lcc1126
     000003DB  C$main.c$ |    000003DC  A$lcc1126 |    000003DC  C$main.c$
     000003DF  A$lcc1126 |    000003E1  A$lcc1126 |    000003E2  A$lcc1126
     000003E4  A$lcc1126 |    000003E4  C$main.c$ |    000003E6  A$lcc1126
     000003E8  A$lcc1126 |    000003E8  C$main.c$ |    000003E9  A$lcc1126
     000003E9  C$main.c$ |    000003EA  A$lcc1126 |    000003EC  A$lcc1126
     000003ED  A$lcc1126 |    000003EF  A$lcc1126 |    000003EF  C$main.c$
     000003F0  A$lcc1126 |    000003F2  A$lcc1126 |    000003F2  C$main.c$
     000003F2  C$main.c$ |    000003F2  XG$parall |    000003F3  A$lcc1126
     000003F3  C$main.c$ |    000003F3  G$scroll_ |    000003F3  _scroll_c
     000003F4  A$lcc1126 |    000003F4  C$main.c$ |    000003F7  A$lcc1126
     000003F8  A$lcc1126 |    000003FA  A$lcc1126 |    000003FD  A$lcc1126
     000003FE  A$lcc1126 |    000003FF  A$lcc1126 |    00000402  A$lcc1126
     00000404  A$lcc1126 |    00000405  A$lcc1126 |    00000406  A$lcc1126
     00000409  A$lcc1126 |    00000409  C$main.c$ |    0000040C  A$lcc1126
     0000040D  A$lcc1126 |    0000040E  A$lcc1126 |    0000040F  A$lcc1126
     0000040F  C$main.c$ |    00000410  A$lcc1126 |    00000411  A$lcc1126
     00000412  A$lcc1126 |    00000413  A$lcc1126 |    00000414  A$lcc1126
     00000415  A$lcc1126 |    00000415  C$main.c$ |    00000416  A$lcc1126
     00000417  A$lcc1126 |    00000418  A$lcc1126 |    00000419  A$lcc1126
     0000041A  A$lcc1126 |    0000041B  A$lcc1126 |    0000041C  A$lcc1126
     0000041F  A$lcc1126 |    00000420  A$lcc1126 |    00000420  C$main.c$
     00000420  C$main.c$ |    00000420  C$main.c$ |    00000421  A$lcc1126
     00000423  A$lcc1126 |    00000423  C$main.c$ |    00000426  A$lcc1126
     00000427  A$lcc1126 |    00000428  A$lcc1126 |    00000429  A$lcc1126
     0000042A  A$lcc1126 |    0000042D  A$lcc1126 |    0000042E  A$lcc1126
     0000042F  A$lcc1126 |    00000430  A$lcc1126 |    00000433  A$lcc1126
     00000435  A$lcc1126 |    00000436  A$lcc1126 |    00000439  A$lcc1126
     0000043A  A$lcc1126 |    0000043B  A$lcc1126 |    0000043C  A$lcc1126
     0000043D  A$lcc1126 |    00000440  A$lcc1126 |    00000441  A$lcc1126
     00000442  A$lcc1126 |    00000443  A$lcc1126 |    00000446  A$lcc1126
     00000448  A$lcc1126 |    0000044A  A$lcc1126 |    0000044B  A$lcc1126
     0000044C  A$lcc1126 |    0000044D  A$lcc1126 |    0000044E  A$lcc1126
     00000450  A$lcc1126 |    00000451  A$lcc1126 |    00000454  A$lcc1126
     00000456  A$lcc1126 |    00000456  C$main.c$ |    00000456  C$main.c$
     00000459  A$lcc1126 |    0000045B  A$lcc1126 |    0000045D  A$lcc1126
     0000045D  C$main.c$ |    00000460  A$lcc1126 |    00000461  A$lcc1126
     00000462  A$lcc1126 |    00000463  A$lcc1126 |    00000464  A$lcc1126
     00000467  A$lcc1126 |    00000468  A$lcc1126 |    00000469  A$lcc1126
     0000046A  A$lcc1126 |    0000046D  A$lcc1126 |    0000046F  A$lcc1126
     00000470  A$lcc1126 |    00000473  A$lcc1126 |    00000474  A$lcc1126
     00000475  A$lcc1126 |    00000476  A$lcc1126 |    00000477  A$lcc1126
ASxxxx Linker V03.00 + NoICE + sdld,  page 6.
Hexadecimal  [32-Bits]

Area                       Addr        Size        Decimal Bytes (Attributes)
--------------------       ----        ----        ------- ----- ------------
_CODE                  00000200    0000189B =        6299. bytes (REL,CON)

        Value  Global            Value  Global            Value  Global    
        -----  ------            -----  ------            -----  ------    
     0000047A  A$lcc1126 |    0000047B  A$lcc1126 |    0000047C  A$lcc1126
     0000047D  A$lcc1126 |    00000480  A$lcc1126 |    00000482  A$lcc1126
     00000484  A$lcc1126 |    00000485  A$lcc1126 |    00000486  A$lcc1126
     00000487  A$lcc1126 |    00000488  A$lcc1126 |    0000048A  A$lcc1126
     0000048B  A$lcc1126 |    0000048E  A$lcc1126 |    00000490  A$lcc1126
     00000490  C$main.c$ |    00000490  C$main.c$ |    00000493  A$lcc1126
     00000494  A$lcc1126 |    00000496  A$lcc1126 |    00000499  A$lcc1126
     0000049A  A$lcc1126 |    0000049B  A$lcc1126 |    0000049E  A$lcc1126
     000004A0  A$lcc1126 |    000004A1  A$lcc1126 |    000004A2  A$lcc1126
     000004A4  A$lcc1126 |    000004A4  C$main.c$ |    000004A7  A$lcc1126
     000004A8  A$lcc1126 |    000004A9  A$lcc1126 |    000004AA  A$lcc1126
     000004AA  C$main.c$ |    000004AD  A$lcc1126 |    000004AF  A$lcc1126
     000004B1  A$lcc1126 |    000004B1  C$main.c$ |    000004B4  A$lcc1126
     000004B5  A$lcc1126 |    000004B6  A$lcc1126 |    000004B7  A$lcc1126
     000004B8  A$lcc1126 |    000004BB  A$lcc1126 |    000004BC  A$lcc1126
     000004BD  A$lcc1126 |    000004BE  A$lcc1126 |    000004C1  A$lcc1126
     000004C3  A$lcc1126 |    000004C4  A$lcc1126 |    000004C7  A$lcc1126
     000004C8  A$lcc1126 |    000004C9  A$lcc1126 |    000004CA  A$lcc1126
     000004CB  A$lcc1126 |    000004CE  A$lcc1126 |    000004CF  A$lcc1126
     000004D0  A$lcc1126 |    000004D1  A$lcc1126 |    000004D4  A$lcc1126
     000004D6  A$lcc1126 |    000004D8  A$lcc1126 |    000004D9  A$lcc1126
     000004DA  A$lcc1126 |    000004DB  A$lcc1126 |    000004DC  A$lcc1126
     000004DE  A$lcc1126 |    000004DF  A$lcc1126 |    000004E2  A$lcc1126
     000004E4  A$lcc1126 |    000004E4  C$main.c$ |    000004E4  C$main.c$
     000004E7  A$lcc1126 |    000004E9  A$lcc1126 |    000004EB  A$lcc1126
     000004EB  C$main.c$ |    000004EE  A$lcc1126 |    000004EF  A$lcc1126
     000004F0  A$lcc1126 |    000004F1  A$lcc1126 |    000004F1  C$main.c$
     000004F4  A$lcc1126 |    000004F5  A$lcc1126 |    000004F6  A$lcc1126
     000004F7  A$lcc1126 |    000004F7  C$main.c$ |    000004FA  A$lcc1126
     000004FB  A$lcc1126 |    000004FC  A$lcc1126 |    000004FD  A$lcc1126
     000004FD  C$main.c$ |    00000500  A$lcc1126 |    00000501  A$lcc1126
     00000502  A$lcc1126 |    00000503  A$lcc1126 |    00000503  C$main.c$
     00000506  A$lcc1126 |    00000508  A$lcc1126 |    0000050A  A$lcc1126
     0000050A  C$main.c$ |    0000050D  A$lcc1126 |    0000050E  A$lcc1126
     0000050F  A$lcc1126 |    00000510  A$lcc1126 |    00000511  A$lcc1126
     00000512  A$lcc1126 |    00000513  A$lcc1126 |    00000514  A$lcc1126
     00000515  A$lcc1126 |    00000516  A$lcc1126 |    00000517  A$lcc1126
     00000518  A$lcc1126 |    00000519  A$lcc1126 |    0000051C  A$lcc1126
     0000051D  A$lcc1126 |    0000051E  A$lcc1126 |    00000521  A$lcc1126
     00000522  A$lcc1126 |    00000523  A$lcc1126 |    00000524  A$lcc1126
     00000525  A$lcc1126 |    00000528  A$lcc1126 |    00000529  A$lcc1126
     0000052A  A$lcc1126 |    0000052B  A$lcc1126 |    0000052E  A$lcc1126
     00000530  A$lcc1126 |    00000531  A$lcc1126 |    00000532  A$lcc1126
     00000533  A$lcc1126 |    00000534  A$lcc1126 |    00000535  A$lcc1126
     00000536  A$lcc1126 |    00000537  A$lcc1126 |    00000538  A$lcc1126
     0000053B  A$lcc1126 |    0000053D  A$lcc1126 |    0000053D  C$main.c$
     00000540  A$lcc1126 |    00000541  A$lcc1126 |    00000543  A$lcc1126
     00000546  A$lcc1126 |    00000547  A$lcc1126 |    00000548  A$lcc1126
     0000054B  A$lcc1126 |    0000054D  A$lcc1126 |    0000054E  A$lcc1126
     0000054F  A$lcc1126 |    00000551  A$lcc1126 |    00000551  C$main.c$
     00000554  A$lcc1126 |    00000555  A$lcc1126 |    00000556  A$lcc1126
ASxxxx Linker V03.00 + NoICE + sdld,  page 7.
Hexadecimal  [32-Bits]

Area                       Addr        Size        Decimal Bytes (Attributes)
--------------------       ----        ----        ------- ----- ------------
_CODE                  00000200    0000189B =        6299. bytes (REL,CON)

        Value  Global            Value  Global            Value  Global    
        -----  ------            -----  ------            -----  ------    
     00000557  A$lcc1126 |    00000557  C$main.c$ |    0000055A  A$lcc1126
     0000055B  A$lcc1126 |    0000055C  A$lcc1126 |    0000055D  A$lcc1126
     0000055D  C$main.c$ |    00000560  A$lcc1126 |    00000561  A$lcc1126
     00000562  A$lcc1126 |    00000562  C$main.c$ |    00000562  XG$scroll
     00000563  A$lcc1126 |    00000563  C$main.c$ |    00000563  G$win_che
     00000563  _win_chec |    00000565  A$lcc1126 |    00000565  C$main.c$
     00000567  A$lcc1126 |    00000568  A$lcc1126 |    0000056A  A$lcc1126
     0000056B  A$lcc1126 |    0000056C  A$lcc1126 |    0000056D  A$lcc1126
     0000056E  A$lcc1126 |    0000056F  A$lcc1126 |    00000570  A$lcc1126
     00000573  A$lcc1126 |    00000574  A$lcc1126 |    00000575  A$lcc1126
     00000576  A$lcc1126 |    00000578  A$lcc1126 |    00000579  A$lcc1126
     0000057A  A$lcc1126 |    0000057B  A$lcc1126 |    0000057D  A$lcc1126
     0000057E  A$lcc1126 |    0000057F  A$lcc1126 |    00000580  A$lcc1126
     00000581  A$lcc1126 |    00000583  A$lcc1126 |    00000585  A$lcc1126
     00000586  A$lcc1126 |    00000587  A$lcc1126 |    00000588  A$lcc1126
     00000589  A$lcc1126 |    0000058A  A$lcc1126 |    0000058B  A$lcc1126
     0000058E  A$lcc1126 |    0000058F  A$lcc1126 |    00000590  A$lcc1126
     00000591  A$lcc1126 |    00000592  A$lcc1126 |    00000593  A$lcc1126
     00000594  A$lcc1126 |    00000596  A$lcc1126 |    00000598  A$lcc1126
     00000599  A$lcc1126 |    0000059B  A$lcc1126 |    0000059C  A$lcc1126
     0000059E  A$lcc1126 |    0000059F  A$lcc1126 |    000005A1  A$lcc1126
     000005A2  A$lcc1126 |    000005A4  A$lcc1126 |    000005A5  A$lcc1126
     000005A7  A$lcc1126 |    000005A7  C$main.c$ |    000005A9  A$lcc1126
     000005AA  A$lcc1126 |    000005AC  A$lcc1126 |    000005AD  A$lcc1126
     000005AE  A$lcc1126 |    000005AF  A$lcc1126 |    000005B0  A$lcc1126
     000005B1  A$lcc1126 |    000005B2  A$lcc1126 |    000005B5  A$lcc1126
     000005B6  A$lcc1126 |    000005B7  A$lcc1126 |    000005B8  A$lcc1126
     000005BA  A$lcc1126 |    000005BB  A$lcc1126 |    000005BC  A$lcc1126
     000005BD  A$lcc1126 |    000005BF  A$lcc1126 |    000005C0  A$lcc1126
     000005C1  A$lcc1126 |    000005C2  A$lcc1126 |    000005C3  A$lcc1126
     000005C5  A$lcc1126 |    000005C7  A$lcc1126 |    000005C9  A$lcc1126
     000005CA  A$lcc1126 |    000005CB  A$lcc1126 |    000005CC  A$lcc1126
     000005CF  A$lcc1126 |    000005D0  A$lcc1126 |    000005D1  A$lcc1126
     000005D2  A$lcc1126 |    000005D4  A$lcc1126 |    000005D6  A$lcc1126
     000005D8  A$lcc1126 |    000005DA  A$lcc1126 |    000005DC  A$lcc1126
     000005DE  A$lcc1126 |    000005DE  C$main.c$ |    000005E0  A$lcc1126
     000005E1  A$lcc1126 |    000005E2  A$lcc1126 |    000005E3  A$lcc1126
     000005E6  A$lcc1126 |    000005E7  A$lcc1126 |    000005E8  A$lcc1126
     000005E9  A$lcc1126 |    000005EB  A$lcc1126 |    000005EC  A$lcc1126
     000005ED  A$lcc1126 |    000005EE  A$lcc1126 |    000005F0  A$lcc1126
     000005F1  A$lcc1126 |    000005F2  A$lcc1126 |    000005F3  A$lcc1126
     000005F4  A$lcc1126 |    000005F5  A$lcc1126 |    000005F6  A$lcc1126
     000005F7  A$lcc1126 |    000005F8  A$lcc1126 |    000005FA  A$lcc1126
     000005FC  A$lcc1126 |    000005FD  A$lcc1126 |    000005FE  A$lcc1126
     000005FF  A$lcc1126 |    00000600  A$lcc1126 |    00000601  A$lcc1126
     00000602  A$lcc1126 |    00000605  A$lcc1126 |    00000606  A$lcc1126
     00000607  A$lcc1126 |    00000608  A$lcc1126 |    0000060A  A$lcc1126
     0000060B  A$lcc1126 |    0000060C  A$lcc1126 |    0000060D  A$lcc1126
     0000060F  A$lcc1126 |    00000610  A$lcc1126 |    00000612  A$lcc1126
     00000613  A$lcc1126 |    00000614  A$lcc1126 |    00000615  A$lcc1126
     00000617  A$lcc1126 |    00000619  A$lcc1126 |    0000061B  A$lcc1126
ASxxxx Linker V03.00 + NoICE + sdld,  page 8.
Hexadecimal  [32-Bits]

Area                       Addr        Size        Decimal Bytes (Attributes)
--------------------       ----        ----        ------- ----- ------------
_CODE                  00000200    0000189B =        6299. bytes (REL,CON)

        Value  Global            Value  Global            Value  Global    
        -----  ------            -----  ------            -----  ------    
     0000061D  A$lcc1126 |    0000061F  A$lcc1126 |    00000621  A$lcc1126
     00000621  C$main.c$ |    00000623  A$lcc1126 |    00000624  A$lcc1126
     00000626  A$lcc1126 |    00000627  A$lcc1126 |    00000629  A$lcc1126
     0000062A  A$lcc1126 |    0000062C  A$lcc1126 |    0000062D  A$lcc1126
     0000062F  A$lcc1126 |    00000631  A$lcc1126 |    00000633  A$lcc1126
     00000634  A$lcc1126 |    00000636  A$lcc1126 |    00000637  A$lcc1126
     00000639  A$lcc1126 |    0000063A  A$lcc1126 |    0000063B  A$lcc1126
     0000063C  A$lcc1126 |    0000063D  A$lcc1126 |    0000063E  A$lcc1126
     0000063F  A$lcc1126 |    0000063F  C$main.c$ |    00000641  A$lcc1126
     00000642  A$lcc1126 |    00000643  A$lcc1126 |    00000644  A$lcc1126
     00000645  A$lcc1126 |    00000646  A$lcc1126 |    00000647  A$lcc1126
     00000647  C$main.c$ |    0000064A  A$lcc1126 |    0000064B  A$lcc1126
     0000064C  A$lcc1126 |    0000064F  A$lcc1126 |    00000650  A$lcc1126
     00000651  A$lcc1126 |    00000652  A$lcc1126 |    00000654  A$lcc1126
     00000655  A$lcc1126 |    00000656  A$lcc1126 |    00000658  A$lcc1126
     00000658  C$main.c$ |    0000065B  A$lcc1126 |    0000065D  A$lcc1126
     0000065D  C$main.c$ |    00000660  A$lcc1126 |    00000662  A$lcc1126
     00000665  A$lcc1126 |    00000667  A$lcc1126 |    00000667  C$main.c$
     0000066A  A$lcc1126 |    0000066B  A$lcc1126 |    0000066C  A$lcc1126
     0000066E  A$lcc1126 |    0000066F  A$lcc1126 |    00000671  A$lcc1126
     00000671  C$main.c$ |    00000674  A$lcc1126 |    00000675  A$lcc1126
     00000676  A$lcc1126 |    00000678  A$lcc1126 |    00000679  A$lcc1126
     0000067B  A$lcc1126 |    0000067B  C$main.c$ |    0000067E  A$lcc1126
     00000680  A$lcc1126 |    00000681  A$lcc1126 |    00000682  A$lcc1126
     00000683  A$lcc1126 |    00000685  A$lcc1126 |    00000686  A$lcc1126
     00000689  A$lcc1126 |    0000068A  A$lcc1126 |    0000068B  A$lcc1126
     0000068C  A$lcc1126 |    0000068F  A$lcc1126 |    00000690  A$lcc1126
     00000691  A$lcc1126 |    00000692  A$lcc1126 |    00000695  A$lcc1126
     00000697  A$lcc1126 |    00000698  A$lcc1126 |    00000699  A$lcc1126
     0000069A  A$lcc1126 |    0000069C  A$lcc1126 |    0000069D  A$lcc1126
     0000069F  A$lcc1126 |    000006A0  A$lcc1126 |    000006A3  A$lcc1126
     000006A5  A$lcc1126 |    000006A5  C$main.c$ |    000006A8  A$lcc1126
     000006A8  C$main.c$ |    000006A9  A$lcc1126 |    000006AB  A$lcc1126
     000006AD  A$lcc1126 |    000006AE  A$lcc1126 |    000006B0  A$lcc1126
     000006B2  A$lcc1126 |    000006B2  C$main.c$ |    000006B5  A$lcc1126
     000006B7  A$lcc1126 |    000006B7  C$main.c$ |    000006BA  A$lcc1126
     000006BC  A$lcc1126 |    000006BF  A$lcc1126 |    000006C1  A$lcc1126
     000006C1  C$main.c$ |    000006C4  A$lcc1126 |    000006C5  A$lcc1126
     000006C6  A$lcc1126 |    000006C8  A$lcc1126 |    000006C9  A$lcc1126
     000006CB  A$lcc1126 |    000006CB  C$main.c$ |    000006CE  A$lcc1126
     000006CF  A$lcc1126 |    000006D0  A$lcc1126 |    000006D2  A$lcc1126
     000006D3  A$lcc1126 |    000006D5  A$lcc1126 |    000006D5  C$main.c$
     000006D8  A$lcc1126 |    000006DA  A$lcc1126 |    000006DB  A$lcc1126
     000006DC  A$lcc1126 |    000006DD  A$lcc1126 |    000006DE  A$lcc1126
     000006E1  A$lcc1126 |    000006E2  A$lcc1126 |    000006E3  A$lcc1126
     000006E4  A$lcc1126 |    000006E7  A$lcc1126 |    000006E8  A$lcc1126
     000006E9  A$lcc1126 |    000006EA  A$lcc1126 |    000006ED  A$lcc1126
     000006EF  A$lcc1126 |    000006F0  A$lcc1126 |    000006F1  A$lcc1126
     000006F2  A$lcc1126 |    000006F4  A$lcc1126 |    000006F5  A$lcc1126
     000006F8  A$lcc1126 |    000006FA  A$lcc1126 |    000006FA  C$main.c$
     000006FD  A$lcc1126 |    000006FD  C$main.c$ |    000006FE  A$lcc1126
ASxxxx Linker V03.00 + NoICE + sdld,  page 9.
Hexadecimal  [32-Bits]

Area                       Addr        Size        Decimal Bytes (Attributes)
--------------------       ----        ----        ------- ----- ------------
_CODE                  00000200    0000189B =        6299. bytes (REL,CON)

        Value  Global            Value  Global            Value  Global    
        -----  ------            -----  ------            -----  ------    
     00000700  A$lcc1126 |    00000702  A$lcc1126 |    00000703  A$lcc1126
     00000705  A$lcc1126 |    00000707  A$lcc1126 |    00000707  C$main.c$
     0000070A  A$lcc1126 |    0000070C  A$lcc1126 |    0000070C  C$main.c$
     0000070F  A$lcc1126 |    00000711  A$lcc1126 |    00000714  A$lcc1126
     00000716  A$lcc1126 |    00000716  C$main.c$ |    00000719  A$lcc1126
     0000071A  A$lcc1126 |    0000071B  A$lcc1126 |    0000071D  A$lcc1126
     0000071E  A$lcc1126 |    00000720  A$lcc1126 |    00000720  C$main.c$
     00000723  A$lcc1126 |    00000724  A$lcc1126 |    00000725  A$lcc1126
     00000727  A$lcc1126 |    00000728  A$lcc1126 |    0000072A  A$lcc1126
     0000072A  C$main.c$ |    0000072D  A$lcc1126 |    0000072F  A$lcc1126
     00000730  A$lcc1126 |    00000731  A$lcc1126 |    00000732  A$lcc1126
     00000733  A$lcc1126 |    00000736  A$lcc1126 |    00000737  A$lcc1126
     00000738  A$lcc1126 |    00000739  A$lcc1126 |    0000073C  A$lcc1126
     0000073D  A$lcc1126 |    0000073E  A$lcc1126 |    0000073F  A$lcc1126
     00000742  A$lcc1126 |    00000744  A$lcc1126 |    00000745  A$lcc1126
     00000746  A$lcc1126 |    00000747  A$lcc1126 |    00000749  A$lcc1126
     0000074A  A$lcc1126 |    0000074D  A$lcc1126 |    0000074F  A$lcc1126
     0000074F  C$main.c$ |    00000752  A$lcc1126 |    00000752  C$main.c$
     00000753  A$lcc1126 |    00000755  A$lcc1126 |    00000757  A$lcc1126
     00000758  A$lcc1126 |    0000075A  A$lcc1126 |    0000075C  A$lcc1126
     0000075C  C$main.c$ |    0000075F  A$lcc1126 |    00000761  A$lcc1126
     00000761  C$main.c$ |    00000764  A$lcc1126 |    00000766  A$lcc1126
     00000769  A$lcc1126 |    0000076B  A$lcc1126 |    0000076B  C$main.c$
     0000076E  A$lcc1126 |    0000076F  A$lcc1126 |    00000770  A$lcc1126
     00000772  A$lcc1126 |    00000773  A$lcc1126 |    00000775  A$lcc1126
     00000775  C$main.c$ |    00000778  A$lcc1126 |    00000779  A$lcc1126
     0000077A  A$lcc1126 |    0000077C  A$lcc1126 |    0000077D  A$lcc1126
     0000077F  A$lcc1126 |    0000077F  C$main.c$ |    00000782  A$lcc1126
     00000784  A$lcc1126 |    00000785  A$lcc1126 |    00000786  A$lcc1126
     00000787  A$lcc1126 |    00000788  A$lcc1126 |    0000078B  A$lcc1126
     0000078C  A$lcc1126 |    0000078D  A$lcc1126 |    0000078E  A$lcc1126
     00000791  A$lcc1126 |    00000792  A$lcc1126 |    00000793  A$lcc1126
     00000794  A$lcc1126 |    00000797  A$lcc1126 |    00000799  A$lcc1126
     0000079A  A$lcc1126 |    0000079B  A$lcc1126 |    0000079C  A$lcc1126
     0000079E  A$lcc1126 |    0000079F  A$lcc1126 |    000007A2  A$lcc1126
     000007A4  A$lcc1126 |    000007A4  C$main.c$ |    000007A6  A$lcc1126
     000007A6  C$main.c$ |    000007A7  A$lcc1126 |    000007A9  A$lcc1126
     000007AB  A$lcc1126 |    000007AC  A$lcc1126 |    000007AE  A$lcc1126
     000007B0  A$lcc1126 |    000007B0  C$main.c$ |    000007B3  A$lcc1126
     000007B5  A$lcc1126 |    000007B5  C$main.c$ |    000007B8  A$lcc1126
     000007BA  A$lcc1126 |    000007BD  A$lcc1126 |    000007BF  A$lcc1126
     000007BF  C$main.c$ |    000007C2  A$lcc1126 |    000007C3  A$lcc1126
     000007C4  A$lcc1126 |    000007C6  A$lcc1126 |    000007C7  A$lcc1126
     000007C9  A$lcc1126 |    000007C9  C$main.c$ |    000007CC  A$lcc1126
     000007CD  A$lcc1126 |    000007CE  A$lcc1126 |    000007D0  A$lcc1126
     000007D1  A$lcc1126 |    000007D3  A$lcc1126 |    000007D3  C$main.c$
     000007D6  A$lcc1126 |    000007D8  A$lcc1126 |    000007D9  A$lcc1126
     000007DA  A$lcc1126 |    000007DB  A$lcc1126 |    000007DC  A$lcc1126
     000007DF  A$lcc1126 |    000007E0  A$lcc1126 |    000007E1  A$lcc1126
     000007E2  A$lcc1126 |    000007E5  A$lcc1126 |    000007E6  A$lcc1126
     000007E7  A$lcc1126 |    000007E8  A$lcc1126 |    000007EB  A$lcc1126
ASxxxx Linker V03.00 + NoICE + sdld,  page 10.
Hexadecimal  [32-Bits]

Area                       Addr        Size        Decimal Bytes (Attributes)
--------------------       ----        ----        ------- ----- ------------
_CODE                  00000200    0000189B =        6299. bytes (REL,CON)

        Value  Global            Value  Global            Value  Global    
        -----  ------            -----  ------            -----  ------    
     000007ED  A$lcc1126 |    000007EE  A$lcc1126 |    000007EF  A$lcc1126
     000007F0  A$lcc1126 |    000007F2  A$lcc1126 |    000007F3  A$lcc1126
     000007F6  A$lcc1126 |    000007F8  A$lcc1126 |    000007F8  C$main.c$
     000007FA  A$lcc1126 |    000007FA  C$main.c$ |    000007FD  A$lcc1126
     000007FF  A$lcc1126 |    000007FF  C$main.c$ |    000007FF  XG$win_ch
     00000800  A$lcc1126 |    00000800  C$main.c$ |    00000800  G$collide
     00000800  _collide_ |    00000802  A$lcc1126 |    00000802  C$main.c$
     00000805  A$lcc1126 |    00000806  A$lcc1126 |    00000807  A$lcc1126
     00000808  A$lcc1126 |    00000809  A$lcc1126 |    0000080B  A$lcc1126
     0000080C  A$lcc1126 |    0000080D  A$lcc1126 |    0000080E  A$lcc1126
     0000080F  A$lcc1126 |    00000811  A$lcc1126 |    00000813  A$lcc1126
     00000813  C$main.c$ |    00000815  A$lcc1126 |    00000817  A$lcc1126
     00000817  C$main.c$ |    00000819  A$lcc1126 |    0000081B  A$lcc1126
     0000081D  A$lcc1126 |    0000081D  C$main.c$ |    0000081F  A$lcc1126
     00000821  A$lcc1126 |    00000821  C$main.c$ |    00000823  A$lcc1126
     00000825  A$lcc1126 |    00000825  C$main.c$ |    00000827  A$lcc1126
     00000828  A$lcc1126 |    0000082A  A$lcc1126 |    0000082B  A$lcc1126
     0000082C  A$lcc1126 |    0000082D  A$lcc1126 |    0000082E  A$lcc1126
     0000082F  A$lcc1126 |    00000830  A$lcc1126 |    00000833  A$lcc1126
     00000834  A$lcc1126 |    00000835  A$lcc1126 |    00000836  A$lcc1126
     00000838  A$lcc1126 |    00000839  A$lcc1126 |    0000083A  A$lcc1126
     0000083B  A$lcc1126 |    0000083D  A$lcc1126 |    0000083E  A$lcc1126
     0000083F  A$lcc1126 |    00000840  A$lcc1126 |    00000841  A$lcc1126
     00000843  A$lcc1126 |    00000845  A$lcc1126 |    00000846  A$lcc1126
     00000847  A$lcc1126 |    00000848  A$lcc1126 |    00000849  A$lcc1126
     0000084A  A$lcc1126 |    0000084B  A$lcc1126 |    0000084E  A$lcc1126
     0000084F  A$lcc1126 |    00000850  A$lcc1126 |    00000851  A$lcc1126
     00000853  A$lcc1126 |    00000855  A$lcc1126 |    00000857  A$lcc1126
     00000859  A$lcc1126 |    0000085B  A$lcc1126 |    0000085D  A$lcc1126
     0000085D  C$main.c$ |    00000860  A$lcc1126 |    00000861  A$lcc1126
     00000862  A$lcc1126 |    00000863  A$lcc1126 |    00000864  A$lcc1126
     00000865  A$lcc1126 |    00000866  A$lcc1126 |    00000867  A$lcc1126
     00000868  A$lcc1126 |    00000868  C$main.c$ |    00000869  A$lcc1126
     0000086B  A$lcc1126 |    0000086C  A$lcc1126 |    0000086D  A$lcc1126
     0000086F  A$lcc1126 |    00000872  A$lcc1126 |    00000874  A$lcc1126
     00000875  A$lcc1126 |    00000875  C$main.c$ |    00000877  A$lcc1126
     00000878  A$lcc1126 |    0000087A  A$lcc1126 |    0000087B  A$lcc1126
     0000087D  A$lcc1126 |    0000087F  A$lcc1126 |    00000880  A$lcc1126
     00000882  A$lcc1126 |    00000884  A$lcc1126 |    00000885  A$lcc1126
     00000886  A$lcc1126 |    00000887  A$lcc1126 |    00000888  A$lcc1126
     00000889  A$lcc1126 |    0000088A  A$lcc1126 |    0000088C  A$lcc1126
     0000088D  A$lcc1126 |    0000088F  A$lcc1126 |    00000890  A$lcc1126
     00000891  A$lcc1126 |    00000892  A$lcc1126 |    00000893  A$lcc1126
     00000894  A$lcc1126 |    00000895  A$lcc1126 |    00000896  A$lcc1126
     00000897  A$lcc1126 |    00000898  A$lcc1126 |    00000899  A$lcc1126
     0000089B  A$lcc1126 |    0000089C  A$lcc1126 |    0000089E  A$lcc1126
     0000089F  A$lcc1126 |    000008A1  A$lcc1126 |    000008A2  A$lcc1126
     000008A4  A$lcc1126 |    000008A5  A$lcc1126 |    000008A7  A$lcc1126
     000008A9  A$lcc1126 |    000008AB  A$lcc1126 |    000008AC  A$lcc1126
     000008AD  A$lcc1126 |    000008B0  A$lcc1126 |    000008B1  A$lcc1126
     000008B2  A$lcc1126 |    000008B3  A$lcc1126 |    000008B5  A$lcc1126
ASxxxx Linker V03.00 + NoICE + sdld,  page 11.
Hexadecimal  [32-Bits]

Area                       Addr        Size        Decimal Bytes (Attributes)
--------------------       ----        ----        ------- ----- ------------
_CODE                  00000200    0000189B =        6299. bytes (REL,CON)

        Value  Global            Value  Global            Value  Global    
        -----  ------            -----  ------            -----  ------    
     000008B6  A$lcc1126 |    000008B7  A$lcc1126 |    000008B8  A$lcc1126
     000008BA  A$lcc1126 |    000008BB  A$lcc1126 |    000008BD  A$lcc1126
     000008BF  A$lcc1126 |    000008C0  A$lcc1126 |    000008C2  A$lcc1126
     000008C3  A$lcc1126 |    000008C5  A$lcc1126 |    000008C6  A$lcc1126
     000008C8  A$lcc1126 |    000008C9  A$lcc1126 |    000008CB  A$lcc1126
     000008CC  A$lcc1126 |    000008CE  A$lcc1126 |    000008CE  C$main.c$
     000008D0  A$lcc1126 |    000008D1  A$lcc1126 |    000008D2  A$lcc1126
     000008D4  A$lcc1126 |    000008D5  A$lcc1126 |    000008D6  A$lcc1126
     000008D7  A$lcc1126 |    000008D8  A$lcc1126 |    000008D9  A$lcc1126
     000008DA  A$lcc1126 |    000008DC  A$lcc1126 |    000008DD  A$lcc1126
     000008DE  A$lcc1126 |    000008DF  A$lcc1126 |    000008E0  A$lcc1126
     000008E1  A$lcc1126 |    000008E2  A$lcc1126 |    000008E4  A$lcc1126
     000008E5  A$lcc1126 |    000008E6  A$lcc1126 |    000008E7  A$lcc1126
     000008E9  A$lcc1126 |    000008EA  A$lcc1126 |    000008EB  A$lcc1126
     000008EC  A$lcc1126 |    000008ED  A$lcc1126 |    000008EE  A$lcc1126
     000008EF  A$lcc1126 |    000008F0  A$lcc1126 |    000008F1  A$lcc1126
     000008F3  A$lcc1126 |    000008F5  A$lcc1126 |    000008F6  A$lcc1126
     000008F7  A$lcc1126 |    000008F8  A$lcc1126 |    000008F9  A$lcc1126
     000008FC  A$lcc1126 |    000008FD  A$lcc1126 |    000008FE  A$lcc1126
     000008FF  A$lcc1126 |    00000901  A$lcc1126 |    00000902  A$lcc1126
     00000903  A$lcc1126 |    00000904  A$lcc1126 |    00000906  A$lcc1126
     00000907  A$lcc1126 |    00000909  A$lcc1126 |    0000090A  A$lcc1126
     0000090B  A$lcc1126 |    0000090B  C$main.c$ |    0000090C  A$lcc1126
     0000090D  A$lcc1126 |    0000090F  A$lcc1126 |    00000911  A$lcc1126
     00000913  A$lcc1126 |    00000915  A$lcc1126 |    00000917  A$lcc1126
     00000919  A$lcc1126 |    0000091A  A$lcc1126 |    0000091B  A$lcc1126
     0000091D  A$lcc1126 |    0000091E  A$lcc1126 |    0000091F  A$lcc1126
     00000920  A$lcc1126 |    00000921  A$lcc1126 |    00000922  A$lcc1126
     00000925  A$lcc1126 |    00000926  A$lcc1126 |    00000927  A$lcc1126
     00000928  A$lcc1126 |    0000092A  A$lcc1126 |    0000092B  A$lcc1126
     0000092D  A$lcc1126 |    0000092D  C$main.c$ |    0000092E  A$lcc1126
     00000930  A$lcc1126 |    00000931  A$lcc1126 |    00000932  A$lcc1126
     00000933  A$lcc1126 |    00000934  A$lcc1126 |    00000937  A$lcc1126
     00000938  A$lcc1126 |    0000093A  A$lcc1126 |    0000093B  A$lcc1126
     0000093C  A$lcc1126 |    0000093E  A$lcc1126 |    0000093E  C$main.c$
     00000941  A$lcc1126 |    00000942  A$lcc1126 |    00000943  A$lcc1126
     00000944  A$lcc1126 |    00000945  A$lcc1126 |    00000947  A$lcc1126
     00000948  A$lcc1126 |    00000949  A$lcc1126 |    0000094A  A$lcc1126
     0000094B  A$lcc1126 |    0000094D  A$lcc1126 |    0000094F  A$lcc1126
     0000094F  C$main.c$ |    00000951  A$lcc1126 |    00000952  A$lcc1126
     00000954  A$lcc1126 |    00000955  A$lcc1126 |    00000957  A$lcc1126
     00000959  A$lcc1126 |    0000095A  A$lcc1126 |    0000095C  A$lcc1126
     0000095D  A$lcc1126 |    0000095E  A$lcc1126 |    00000960  A$lcc1126
     00000961  A$lcc1126 |    00000963  A$lcc1126 |    00000965  A$lcc1126
     00000966  A$lcc1126 |    00000968  A$lcc1126 |    00000969  A$lcc1126
     0000096B  A$lcc1126 |    0000096E  A$lcc1126 |    0000096F  A$lcc1126
     00000971  A$lcc1126 |    00000972  A$lcc1126 |    00000973  A$lcc1126
     00000975  A$lcc1126 |    00000976  A$lcc1126 |    00000979  A$lcc1126
     00000979  C$main.c$ |    0000097C  A$lcc1126 |    0000097F  A$lcc1126
     0000097F  C$main.c$ |    0000097F  C$main.c$ |    00000980  A$lcc1126
     00000982  A$lcc1126 |    00000983  A$lcc1126 |    00000985  A$lcc1126
ASxxxx Linker V03.00 + NoICE + sdld,  page 12.
Hexadecimal  [32-Bits]

Area                       Addr        Size        Decimal Bytes (Attributes)
--------------------       ----        ----        ------- ----- ------------
_CODE                  00000200    0000189B =        6299. bytes (REL,CON)

        Value  Global            Value  Global            Value  Global    
        -----  ------            -----  ------            -----  ------    
     00000986  A$lcc1126 |    00000988  A$lcc1126 |    00000989  A$lcc1126
     0000098B  A$lcc1126 |    0000098B  C$main.c$ |    0000098D  A$lcc1126
     0000098E  A$lcc1126 |    00000990  A$lcc1126 |    00000991  A$lcc1126
     00000993  A$lcc1126 |    00000995  A$lcc1126 |    00000996  A$lcc1126
     00000998  A$lcc1126 |    00000999  A$lcc1126 |    0000099A  A$lcc1126
     0000099C  A$lcc1126 |    0000099D  A$lcc1126 |    0000099F  A$lcc1126
     000009A1  A$lcc1126 |    000009A2  A$lcc1126 |    000009A4  A$lcc1126
     000009A5  A$lcc1126 |    000009A7  A$lcc1126 |    000009A9  A$lcc1126
     000009AA  A$lcc1126 |    000009AC  A$lcc1126 |    000009AD  A$lcc1126
     000009AE  A$lcc1126 |    000009B0  A$lcc1126 |    000009B1  A$lcc1126
     000009B3  A$lcc1126 |    000009B3  C$main.c$ |    000009B6  A$lcc1126
     000009B8  A$lcc1126 |    000009BB  A$lcc1126 |    000009BB  C$main.c$
     000009BE  A$lcc1126 |    000009BF  A$lcc1126 |    000009C2  A$lcc1126
     000009C2  C$main.c$ |    000009C5  A$lcc1126 |    000009C8  A$lcc1126
     000009C8  C$main.c$ |    000009CA  A$lcc1126 |    000009CB  A$lcc1126
     000009CD  A$lcc1126 |    000009CE  A$lcc1126 |    000009D0  A$lcc1126
     000009D2  A$lcc1126 |    000009D3  A$lcc1126 |    000009D4  A$lcc1126
     000009D6  A$lcc1126 |    000009D7  A$lcc1126 |    000009D8  A$lcc1126
     000009DA  A$lcc1126 |    000009DB  A$lcc1126 |    000009DD  A$lcc1126
     000009DE  A$lcc1126 |    000009E0  A$lcc1126 |    000009E1  A$lcc1126
     000009E2  A$lcc1126 |    000009E4  A$lcc1126 |    000009E5  A$lcc1126
     000009E6  A$lcc1126 |    000009E8  A$lcc1126 |    000009E9  A$lcc1126
     000009EB  A$lcc1126 |    000009EC  A$lcc1126 |    000009ED  A$lcc1126
     000009ED  C$main.c$ |    000009EE  A$lcc1126 |    000009F0  A$lcc1126
     000009F1  A$lcc1126 |    000009F3  A$lcc1126 |    000009F3  C$main.c$
     000009F5  A$lcc1126 |    000009F7  A$lcc1126 |    000009F9  A$lcc1126
     000009FB  A$lcc1126 |    000009FD  A$lcc1126 |    000009FF  A$lcc1126
     00000A01  A$lcc1126 |    00000A03  A$lcc1126 |    00000A05  A$lcc1126
     00000A05  C$main.c$ |    00000A08  A$lcc1126 |    00000A0A  A$lcc1126
     00000A0C  A$lcc1126 |    00000A0C  C$main.c$ |    00000A0F  A$lcc1126
     00000A10  A$lcc1126 |    00000A12  A$lcc1126 |    00000A12  C$main.c$
     00000A15  A$lcc1126 |    00000A17  A$lcc1126 |    00000A17  C$main.c$
     00000A18  A$lcc1126 |    00000A1A  A$lcc1126 |    00000A1B  A$lcc1126
     00000A1D  A$lcc1126 |    00000A1D  C$main.c$ |    00000A1F  A$lcc1126
     00000A21  A$lcc1126 |    00000A23  A$lcc1126 |    00000A25  A$lcc1126
     00000A27  A$lcc1126 |    00000A29  A$lcc1126 |    00000A2B  A$lcc1126
     00000A2D  A$lcc1126 |    00000A2F  A$lcc1126 |    00000A2F  C$main.c$
     00000A32  A$lcc1126 |    00000A34  A$lcc1126 |    00000A36  A$lcc1126
     00000A36  C$main.c$ |    00000A39  A$lcc1126 |    00000A3A  A$lcc1126
     00000A3C  A$lcc1126 |    00000A3C  C$main.c$ |    00000A3F  A$lcc1126
     00000A41  A$lcc1126 |    00000A41  C$main.c$ |    00000A42  A$lcc1126
     00000A44  A$lcc1126 |    00000A45  A$lcc1126 |    00000A47  A$lcc1126
     00000A47  C$main.c$ |    00000A49  A$lcc1126 |    00000A4B  A$lcc1126
     00000A4D  A$lcc1126 |    00000A4F  A$lcc1126 |    00000A51  A$lcc1126
     00000A53  A$lcc1126 |    00000A55  A$lcc1126 |    00000A57  A$lcc1126
     00000A59  A$lcc1126 |    00000A59  C$main.c$ |    00000A5C  A$lcc1126
     00000A5E  A$lcc1126 |    00000A60  A$lcc1126 |    00000A60  C$main.c$
     00000A63  A$lcc1126 |    00000A64  A$lcc1126 |    00000A66  A$lcc1126
     00000A66  C$main.c$ |    00000A69  A$lcc1126 |    00000A6B  A$lcc1126
     00000A6B  C$main.c$ |    00000A6C  A$lcc1126 |    00000A6E  A$lcc1126
     00000A6F  A$lcc1126 |    00000A71  A$lcc1126 |    00000A71  C$main.c$
ASxxxx Linker V03.00 + NoICE + sdld,  page 13.
Hexadecimal  [32-Bits]

Area                       Addr        Size        Decimal Bytes (Attributes)
--------------------       ----        ----        ------- ----- ------------
_CODE                  00000200    0000189B =        6299. bytes (REL,CON)

        Value  Global            Value  Global            Value  Global    
        -----  ------            -----  ------            -----  ------    
     00000A74  A$lcc1126 |    00000A75  A$lcc1126 |    00000A76  A$lcc1126
     00000A77  A$lcc1126 |    00000A78  A$lcc1126 |    00000A79  A$lcc1126
     00000A7C  A$lcc1126 |    00000A7D  A$lcc1126 |    00000A7F  A$lcc1126
     00000A7F  C$main.c$ |    00000A7F  XG$collid |    00000A80  A$lcc1126
     00000A80  C$main.c$ |    00000A80  C$main.c$ |    00000A80  G$main$0$
     00000A80  _main     |    00000A82  A$lcc1126 |    00000A84  A$lcc1126
     00000A84  C$main.c$ |    00000A85  A$lcc1126 |    00000A87  A$lcc1126
     00000A87  C$main.c$ |    00000A88  A$lcc1126 |    00000A88  C$main.c$
     00000A8B  A$lcc1126 |    00000A8C  A$lcc1126 |    00000A8F  A$lcc1126
     00000A90  A$lcc1126 |    00000A91  A$lcc1126 |    00000A91  C$main.c$
     00000A93  A$lcc1126 |    00000A94  A$lcc1126 |    00000A95  A$lcc1126
     00000A98  A$lcc1126 |    00000A99  A$lcc1126 |    00000A99  C$main.c$
     00000A9A  A$lcc1126 |    00000A9C  A$lcc1126 |    00000A9C  C$main.c$
     00000A9E  A$lcc1126 |    00000AA0  A$lcc1126 |    00000AA0  C$main.c$
     00000AA2  A$lcc1126 |    00000AA4  A$lcc1126 |    00000AA6  A$lcc1126
     00000AA6  C$main.c$ |    00000AA8  A$lcc1126 |    00000AAA  A$lcc1126
     00000AAC  A$lcc1126 |    00000AAC  C$main.c$ |    00000AAE  A$lcc1126
     00000AB0  A$lcc1126 |    00000AB2  A$lcc1126 |    00000AB2  C$main.c$
     00000AB4  A$lcc1126 |    00000AB6  A$lcc1126 |    00000AB8  A$lcc1126
     00000AB8  C$main.c$ |    00000ABB  A$lcc1126 |    00000ABB  C$main.c$
     00000ABB  C$main.c$ |    00000ABE  A$lcc1126 |    00000AC1  A$lcc1126
     00000AC1  C$main.c$ |    00000AC4  A$lcc1126 |    00000AC7  A$lcc1126
     00000AC8  A$lcc1126 |    00000AC8  C$main.c$ |    00000ACB  A$lcc1126
     00000ACC  A$lcc1126 |    00000ACF  A$lcc1126 |    00000AD0  A$lcc1126
     00000AD1  A$lcc1126 |    00000AD2  A$lcc1126 |    00000AD3  A$lcc1126
     00000AD6  A$lcc1126 |    00000AD7  A$lcc1126 |    00000AD7  C$main.c$
     00000ADA  A$lcc1126 |    00000ADC  A$lcc1126 |    00000ADE  A$lcc1126
     00000ADE  C$main.c$ |    00000AE1  A$lcc1126 |    00000AE2  A$lcc1126
     00000AE3  A$lcc1126 |    00000AE4  A$lcc1126 |    00000AE5  A$lcc1126
     00000AE8  A$lcc1126 |    00000AE9  A$lcc1126 |    00000AEC  A$lcc1126
     00000AEE  A$lcc1126 |    00000AEE  C$main.c$ |    00000AF1  A$lcc1126
     00000AF2  A$lcc1126 |    00000AF5  A$lcc1126 |    00000AF5  C$main.c$
     00000AF8  A$lcc1126 |    00000AFB  A$lcc1126 |    00000AFC  A$lcc1126
     00000AFD  A$lcc1126 |    00000AFE  A$lcc1126 |    00000AFF  A$lcc1126
     00000B01  A$lcc1126 |    00000B04  A$lcc1126 |    00000B06  A$lcc1126
     00000B08  A$lcc1126 |    00000B08  C$main.c$ |    00000B08  C$main.c$
     00000B0B  A$lcc1126 |    00000B0D  A$lcc1126 |    00000B0F  A$lcc1126
     00000B12  A$lcc1126 |    00000B14  A$lcc1126 |    00000B16  A$lcc1126
     00000B18  A$lcc1126 |    00000B18  C$main.c$ |    00000B18  C$main.c$
     00000B1A  A$lcc1126 |    00000B1C  A$lcc1126 |    00000B1C  C$main.c$
     00000B1F  A$lcc1126 |    00000B21  A$lcc1126 |    00000B21  C$main.c$
     00000B24  A$lcc1126 |    00000B26  A$lcc1126 |    00000B26  C$main.c$
     00000B28  A$lcc1126 |    00000B28  C$main.c$ |    00000B28  C$main.c$
     00000B2A  A$lcc1126 |    00000B2C  A$lcc1126 |    00000B2C  C$main.c$
     00000B2F  A$lcc1126 |    00000B31  A$lcc1126 |    00000B31  C$main.c$
     00000B34  A$lcc1126 |    00000B36  A$lcc1126 |    00000B36  C$main.c$
     00000B38  A$lcc1126 |    00000B38  C$main.c$ |    00000B38  C$main.c$
     00000B3A  A$lcc1126 |    00000B3C  A$lcc1126 |    00000B3C  C$main.c$
     00000B3F  A$lcc1126 |    00000B41  A$lcc1126 |    00000B41  C$main.c$
     00000B44  A$lcc1126 |    00000B46  A$lcc1126 |    00000B46  C$main.c$
     00000B49  A$lcc1126 |    00000B4B  A$lcc1126 |    00000B4B  C$main.c$
ASxxxx Linker V03.00 + NoICE + sdld,  page 14.
Hexadecimal  [32-Bits]

Area                       Addr        Size        Decimal Bytes (Attributes)
--------------------       ----        ----        ------- ----- ------------
_CODE                  00000200    0000189B =        6299. bytes (REL,CON)

        Value  Global            Value  Global            Value  Global    
        -----  ------            -----  ------            -----  ------    
     00000B4D  A$lcc1126 |    00000B4D  C$main.c$ |    00000B4D  C$main.c$
     00000B50  A$lcc1126 |    00000B51  A$lcc1126 |    00000B52  A$lcc1126
     00000B53  A$lcc1126 |    00000B54  A$lcc1126 |    00000B56  A$lcc1126
     00000B58  A$lcc1126 |    00000B59  A$lcc1126 |    00000B5B  A$lcc1126
     00000B5C  A$lcc1126 |    00000B5E  A$lcc1126 |    00000B60  A$lcc1126
     00000B62  A$lcc1126 |    00000B64  A$lcc1126 |    00000B65  A$lcc1126
     00000B67  A$lcc1126 |    00000B69  A$lcc1126 |    00000B6B  A$lcc1126
     00000B6C  A$lcc1126 |    00000B6E  A$lcc1126 |    00000B70  A$lcc1126
     00000B72  A$lcc1126 |    00000B72  C$main.c$ |    00000B75  A$lcc1126
     00000B77  A$lcc1126 |    00000B77  C$main.c$ |    00000B7A  A$lcc1126
     00000B7C  A$lcc1126 |    00000B7C  C$main.c$ |    00000B7F  A$lcc1126
     00000B81  A$lcc1126 |    00000B81  C$main.c$ |    00000B81  C$main.c$
     00000B84  A$lcc1126 |    00000B85  A$lcc1126 |    00000B87  A$lcc1126
     00000B87  C$main.c$ |    00000B8A  A$lcc1126 |    00000B8A  C$main.c$
     00000B8D  A$lcc1126 |    00000B8F  A$lcc1126 |    00000B91  A$lcc1126
     00000B94  A$lcc1126 |    00000B96  A$lcc1126 |    00000B99  A$lcc1126
     00000B9A  A$lcc1126 |    00000B9D  A$lcc1126 |    00000B9E  A$lcc1126
     00000B9F  A$lcc1126 |    00000BA1  A$lcc1126 |    00000BA1  C$main.c$
     00000BA4  A$lcc1126 |    00000BA5  A$lcc1126 |    00000BA7  A$lcc1126
     00000BA7  C$main.c$ |    00000BAA  A$lcc1126 |    00000BAA  C$main.c$
     00000BAD  A$lcc1126 |    00000BAF  A$lcc1126 |    00000BB1  A$lcc1126
     00000BB4  A$lcc1126 |    00000BB6  A$lcc1126 |    00000BB9  A$lcc1126
     00000BBA  A$lcc1126 |    00000BBD  A$lcc1126 |    00000BBE  A$lcc1126
     00000BBF  A$lcc1126 |    00000BC1  A$lcc1126 |    00000BC1  C$main.c$
     00000BC4  A$lcc1126 |    00000BC5  A$lcc1126 |    00000BC7  A$lcc1126
     00000BCA  A$lcc1126 |    00000BCB  A$lcc1126 |    00000BCD  A$lcc1126
     00000BCD  C$main.c$ |    00000BD0  A$lcc1126 |    00000BD2  A$lcc1126
     00000BD2  C$main.c$ |    00000BD5  A$lcc1126 |    00000BD5  C$main.c$
     00000BD8  A$lcc1126 |    00000BDA  A$lcc1126 |    00000BDC  A$lcc1126
     00000BDC  C$main.c$ |    00000BDF  A$lcc1126 |    00000BDF  C$main.c$
     00000BE2  A$lcc1126 |    00000BE2  C$main.c$ |    00000BE5  A$lcc1126
     00000BE5  C$main.c$ |    00000BE5  XG$main$0 |    00000BE8  Fmain$__s
     00000BEC  G$BKG_MAP |    00000BEC  _BKG_MAP  |    00000FEC  G$BKG_TIL
     00000FEC  _BKG_TILE |    000011AC  G$COLLISI |    000011AC  _COLLISIO
     000015AC  _get_vram |    000015B9  _get_win_ |    000015C1  _get_bkg_
     000015E8  ___move_m |    00001620  _printf   |    000016E3  ___printf
     00001A7A  _sprintf 
ASxxxx Linker V03.00 + NoICE + sdld,  page 15.
Hexadecimal  [32-Bits]

Area                       Addr        Size        Decimal Bytes (Attributes)
--------------------       ----        ----        ------- ----- ------------
_HEADER0               00000000    00000001 =           1. bytes (ABS,CON)

        Value  Global            Value  Global            Value  Global    
        -----  ------            -----  ------            -----  ------    
     00000020  .call_hl 
ASxxxx Linker V03.00 + NoICE + sdld,  page 16.
Hexadecimal  [32-Bits]

Area                       Addr        Size        Decimal Bytes (Attributes)
--------------------       ----        ----        ------- ----- ------------
_HEADER1               00000000    00000005 =           5. bytes (ABS,CON)

        Value  Global            Value  Global            Value  Global    
        -----  ------            -----  ------            -----  ------    
     00000028  .MemsetSm
ASxxxx Linker V03.00 + NoICE + sdld,  page 17.
Hexadecimal  [32-Bits]

Area                       Addr        Size        Decimal Bytes (Attributes)
--------------------       ----        ----        ------- ----- ------------
_HEADER2               00000000    00000007 =           7. bytes (ABS,CON)

        Value  Global            Value  Global            Value  Global    
        -----  ------            -----  ------            -----  ------    
     00000030  .MemcpySm
ASxxxx Linker V03.00 + NoICE + sdld,  page 18.
Hexadecimal  [32-Bits]

Area                       Addr        Size        Decimal Bytes (Attributes)
--------------------       ----        ----        ------- ----- ------------
_HEADER3               00000000    00000008 =           8. bytes (ABS,CON)

        Value  Global            Value  Global            Value  Global    
        -----  ------            -----  ------            -----  ------    
ASxxxx Linker V03.00 + NoICE + sdld,  page 19.
Hexadecimal  [32-Bits]

Area                       Addr        Size        Decimal Bytes (Attributes)
--------------------       ----        ----        ------- ----- ------------
_HEADER4               00000000    0000004F =          79. bytes (ABS,CON)

        Value  Global            Value  Global            Value  Global    
        -----  ------            -----  ------            -----  ------    
     00000080  .int      |    0000008F  _wait_int |    0000009C  __standar
     000000AC  _refresh_
ASxxxx Linker V03.00 + NoICE + sdld,  page 20.
Hexadecimal  [32-Bits]

Area                       Addr        Size        Decimal Bytes (Attributes)
--------------------       ----        ----        ------- ----- ------------
_HEADER5               00000000    00000002 =           2. bytes (ABS,CON)

        Value  Global            Value  Global            Value  Global    
        -----  ------            -----  ------            -----  ------    
ASxxxx Linker V03.00 + NoICE + sdld,  page 21.
Hexadecimal  [32-Bits]

Area                       Addr        Size        Decimal Bytes (Attributes)
--------------------       ----        ----        ------- ----- ------------
_HEADER6               00000000    00000030 =          48. bytes (ABS,CON)

        Value  Global            Value  Global            Value  Global    
        -----  ------            -----  ------            -----  ------    
ASxxxx Linker V03.00 + NoICE + sdld,  page 22.
Hexadecimal  [32-Bits]

Area                       Addr        Size        Decimal Bytes (Attributes)
--------------------       ----        ----        ------- ----- ------------
_HEADER7               00000000    00000006 =           6. bytes (ABS,CON)

        Value  Global            Value  Global            Value  Global    
        -----  ------            -----  ------            -----  ------    
ASxxxx Linker V03.00 + NoICE + sdld,  page 23.
Hexadecimal  [32-Bits]

Area                       Addr        Size        Decimal Bytes (Attributes)
--------------------       ----        ----        ------- ----- ------------
_HEADER8               00000000    00000003 =           3. bytes (ABS,CON)

        Value  Global            Value  Global            Value  Global    
        -----  ------            -----  ------            -----  ------    
ASxxxx Linker V03.00 + NoICE + sdld,  page 24.
Hexadecimal  [32-Bits]

Area                       Addr        Size        Decimal Bytes (Attributes)
--------------------       ----        ----        ------- ----- ------------
_HEADER9               00000000    00000001 =           1. bytes (ABS,CON)

        Value  Global            Value  Global            Value  Global    
        -----  ------            -----  ------            -----  ------    
ASxxxx Linker V03.00 + NoICE + sdld,  page 25.
Hexadecimal  [32-Bits]

Area                       Addr        Size        Decimal Bytes (Attributes)
--------------------       ----        ----        ------- ----- ------------
_HEADERa               00000000    00000001 =           1. bytes (ABS,CON)

        Value  Global            Value  Global            Value  Global    
        -----  ------            -----  ------            -----  ------    
ASxxxx Linker V03.00 + NoICE + sdld,  page 26.
Hexadecimal  [32-Bits]

Area                       Addr        Size        Decimal Bytes (Attributes)
--------------------       ----        ----        ------- ----- ------------
_HEADERb               00000000    00000001 =           1. bytes (ABS,CON)

        Value  Global            Value  Global            Value  Global    
        -----  ------            -----  ------            -----  ------    
ASxxxx Linker V03.00 + NoICE + sdld,  page 27.
Hexadecimal  [32-Bits]

Area                       Addr        Size        Decimal Bytes (Attributes)
--------------------       ----        ----        ------- ----- ------------
_HEADERc               00000000    00000002 =           2. bytes (ABS,CON)

        Value  Global            Value  Global            Value  Global    
        -----  ------            -----  ------            -----  ------    
ASxxxx Linker V03.00 + NoICE + sdld,  page 28.
Hexadecimal  [32-Bits]

Area                       Addr        Size        Decimal Bytes (Attributes)
--------------------       ----        ----        ------- ----- ------------
_HEADERd               00000000    00000001 =           1. bytes (ABS,CON)

        Value  Global            Value  Global            Value  Global    
        -----  ------            -----  ------            -----  ------    
ASxxxx Linker V03.00 + NoICE + sdld,  page 29.
Hexadecimal  [32-Bits]

Area                       Addr        Size        Decimal Bytes (Attributes)
--------------------       ----        ----        ------- ----- ------------
_HEADERe               00000000    00000001 =           1. bytes (ABS,CON)

        Value  Global            Value  Global            Value  Global    
        -----  ------            -----  ------            -----  ------    
ASxxxx Linker V03.00 + NoICE + sdld,  page 30.
Hexadecimal  [32-Bits]

Area                       Addr        Size        Decimal Bytes (Attributes)
--------------------       ----        ----        ------- ----- ------------
_HEADERf               00000000    00000002 =           2. bytes (ABS,CON)

        Value  Global            Value  Global            Value  Global    
        -----  ------            -----  ------            -----  ------    
ASxxxx Linker V03.00 + NoICE + sdld,  page 31.
Hexadecimal  [32-Bits]

Area                       Addr        Size        Decimal Bytes (Attributes)
--------------------       ----        ----        ------- ----- ------------
_HEADER10              00000000    00000082 =         130. bytes (ABS,CON)

        Value  Global            Value  Global            Value  Global    
        -----  ------            -----  ------            -----  ------    
     00000150  .reset    |    00000150  _reset    |    00000157  .code_sta
     000001B7  _exit     |    000001BB  _set_inte
ASxxxx Linker V03.00 + NoICE + sdld,  page 32.
Hexadecimal  [32-Bits]

Area                       Addr        Size        Decimal Bytes (Attributes)
--------------------       ----        ----        ------- ----- ------------
_HEADER11              00000000    00000001 =           1. bytes (ABS,CON)

        Value  Global            Value  Global            Value  Global    
        -----  ------            -----  ------            -----  ------    
ASxxxx Linker V03.00 + NoICE + sdld,  page 33.
Hexadecimal  [32-Bits]

Area                       Addr        Size        Decimal Bytes (Attributes)
--------------------       ----        ----        ------- ----- ------------
_HOME                  00001A9B    00000A30 =        2608. bytes (REL,CON)

        Value  Global            Value  Global            Value  Global    
        -----  ------            -----  ------            -----  ------    
     00001A9B  .memset_s |    00001AA4  .memcpy_s |    00001AC1  .remove_V
     00001AC4  .remove_i |    00001AE1  .add_VBL  |    00001AE4  .add_int 
     00001AEF  .wait_vbl |    00001AEF  _wait_vbl |    00001AFF  .display_
     00001AFF  _display_ |    00001B17  _remove_V |    00001B22  _add_VBL 
     00001B2D  _set_tile |    00001B32  _set_bkg_ |    00001B32  _set_win_
     00001B3A  _set_spri |    00001B6A  .padup    |    00001B6A  _waitpadu
     00001B7A  .jpad     |    00001B7A  _joypad   |    00001BA2  _waitpad 
     00001BA5  .wait_pad |    00001BDB  _add_LCD  |    00001BE6  .add_LCD 
     00001BEC  _remove_L |    00001BF7  .remove_L |    00001BFD  __divsuch
     00001C0A  __modsuch |    00001C14  __divusch |    00001C26  __modusch
     00001C36  __divscha |    00001C42  __modscha |    00001C4C  __divsint
     00001C5D  __modsint |    00001C6C  __divucha |    00001C78  __moducha
     00001C82  __divuint |    00001C93  __moduint |    00001CA2  .div8    
     00001CA2  .mod8     |    00001CAA  .div16    |    00001CAA  .mod16   
     00001CE0  .divu8    |    00001CE0  .modu8    |    00001CE3  .divu16  
     00001CE3  .modu16   |    00001D24  _set_bkg_ |    00001D38  _font_loa
     00001D3F  font_load |    00001D87  font_copy |    00001DBD  font_set 
     00001DCA  .put_char |    00001DE2  .out_char |    00001DE8  .del_char
     00001E3E  _putchar  |    00001E47  _setchar  |    00001E50  _font_loa
     00001E5E  _font_set |    00001E6D  _font_ini |    00001E8C  .cls     
     00001E8C  _cls      |    00001EAE  _gotoxy   |    00001EB9  _posx    
     00001ECA  _posy     |    00001EF2  .cr_curs  |    00001F07  .adv_curs
     00001F63  .tmode    |    00001F8C  .tmode_ou |    00001F95  _color   
     00001F95  _set_1bpp |    00001FA4  .drawing_ |    00001FAF  .drawing_
     00001FBC  _font_ibm |    0000236E  .set_xy_w |    00002377  .set_xy_b
     00002386  .set_xy_t |    000023C4  _uitoa    |    000023D3  _itoa    
     000023E2  .itoa     |    000023F6  .utoa     |    0000246A  _set_bkg_
     0000246A  _set_win_ |    00002472  _set_spri |    000024CA  ___sdcc_c
ASxxxx Linker V03.00 + NoICE + sdld,  page 34.
Hexadecimal  [32-Bits]

Area                       Addr        Size        Decimal Bytes (Attributes)
--------------------       ----        ----        ------- ----- ------------
_INITIALIZER           000024CB    0000002A =          42. bytes (REL,CON)

        Value  Global            Value  Global            Value  Global    
        -----  ------            -----  ------            -----  ------    
     000024CB  Fmain$__x
ASxxxx Linker V03.00 + NoICE + sdld,  page 35.
Hexadecimal  [32-Bits]

Area                       Addr        Size        Decimal Bytes (Attributes)
--------------------       ----        ----        ------- ----- ------------
_GSINIT                000024F5    0000000C =          12. bytes (REL,CON)

        Value  Global            Value  Global            Value  Global    
        -----  ------            -----  ------            -----  ------    
     000024F5  gsinit   
ASxxxx Linker V03.00 + NoICE + sdld,  page 36.
Hexadecimal  [32-Bits]

Area                       Addr        Size        Decimal Bytes (Attributes)
--------------------       ----        ----        ------- ----- ------------
_GSFINAL               00002501    00000001 =           1. bytes (REL,CON)

        Value  Global            Value  Global            Value  Global    
        -----  ------            -----  ------            -----  ------    
ASxxxx Linker V03.00 + NoICE + sdld,  page 37.
Hexadecimal  [32-Bits]

Area                       Addr        Size        Decimal Bytes (Attributes)
--------------------       ----        ----        ------- ----- ------------
_DATA                  0000C0A0    00000058 =          88. bytes (REL,CON)

        Value  Global            Value  Global            Value  Global    
        -----  ------            -----  ------            -----  ------    
     0000C0A0  __cpu     |    0000C0A1  __is_GBA  |    0000C0A2  .mode    
     0000C0A3  .sys_time |    0000C0A3  _sys_time |    0000C0A5  .int_0x40
     0000C0B9  G$scroll$ |    0000C0B9  _scroll   |    0000C0C3  G$PLAYER$
     0000C0C3  _PLAYER   |    0000C0C9  G$joy$0_0 |    0000C0C9  _joy     
     0000C0CA  G$last_jo |    0000C0CA  _last_joy |    0000C0CB  G$is_movi
     0000C0CB  _is_movin |    0000C0CC  G$move_x$ |    0000C0CC  _move_x  
     0000C0CD  G$move_y$ |    0000C0CD  _move_y   |    0000C0CE  G$scx_cou
     0000C0CE  _scx_coun |    0000C0CF  ___curren |    0000C0D1  ___curren
     0000C0D2  .int_0x48 |    0000C0E2  font_curr |    0000C0E5  font_firs
     0000C0E6  font_tabl
ASxxxx Linker V03.00 + NoICE + sdld,  page 38.
Hexadecimal  [32-Bits]

Area                       Addr        Size        Decimal Bytes (Attributes)
--------------------       ----        ----        ------- ----- ------------
_INITIALIZED           0000C0F8    0000002A =          42. bytes (REL,CON)

        Value  Global            Value  Global            Value  Global    
        -----  ------            -----  ------            -----  ------    
     0000C0F8  G$scroll_ |    0000C0F8  _scroll_r |    0000C11C  ___render
     0000C11D  .curx     |    0000C11E  .cury     |    0000C11F  .fg_colou
     0000C11F  __current |    0000C120  .bg_colou |    0000C121  .draw_mod
ASxxxx Linker V03.00 + NoICE + sdld,  page 39.
Hexadecimal  [32-Bits]

Area                       Addr        Size        Decimal Bytes (Attributes)
--------------------       ----        ----        ------- ----- ------------
_HRAM12                00000000    00000003 =           3. bytes (ABS,CON)

        Value  Global            Value  Global            Value  Global    
        -----  ------            -----  ------            -----  ------    
     0000FF90  __current |    0000FF92  __shadow_
ASxxxx Linker V03.00 + NoICE + sdld,  page 40.
Hexadecimal  [32-Bits]

Area                       Addr        Size        Decimal Bytes (Attributes)
--------------------       ----        ----        ------- ----- ------------
_CODE_1                00014000    000000AC =         172. bytes (REL,CON)

        Value  Global            Value  Global            Value  Global    
        -----  ------            -----  ------            -----  ------    
     00014000  C$frogger |    00014000  G$__func_ |    00014000  G$frogger
     00014000  ___func_f |    00014000  _frogger_ |    00014008  G$frogger
     00014008  _frogger_ |    00014048  G$frogger |    00014048  _frogger_
     00014054  G$frogger |    00014054  _frogger_ |    00014056  C$frogger
     00014056  G$__func_ |    00014056  G$frogger |    00014056  ___func_f
     00014056  _frogger_ |    0001405E  G$frogger |    0001405E  _frogger_
     0001409E  G$frogger |    0001409E  _frogger_ |    000140AA  G$frogger
     000140AA  _frogger_
ASxxxx Linker V03.00 + NoICE + sdld,  page 41.
Hexadecimal  [32-Bits]

Area                       Addr        Size        Decimal Bytes (Attributes)
--------------------       ----        ----        ------- ----- ------------
_HEADER_LCD0           00000000    00000003 =           3. bytes (ABS,CON)

        Value  Global            Value  Global            Value  Global    
        -----  ------            -----  ------            -----  ------    
ASxxxx Linker V03.00 + NoICE + sdld,  page 42.
Hexadecimal  [32-Bits]

Area                       Addr        Size        Decimal Bytes (Attributes)
--------------------       ----        ----        ------- ----- ------------
_FONT_HEADER0          00000000    00000003 =           3. bytes (ABS,CON)

        Value  Global            Value  Global            Value  Global    
        -----  ------            -----  ------            -----  ------    
ASxxxx Linker V03.00 + NoICE + sdld,  page 43.

Files Linked                              [ module(s) ]

C:\c_code\gbdk\lib/small/asxxxx/gb/crt0.o
                                          [ Runtime ]
C:\Users\User\AppData\Local\Temp/lcc112680.rel
                                          [ main ]
C:\Users\User\AppData\Local\Temp/lcc112681.rel
                                          [ bkg_map ]
C:\Users\User\AppData\Local\Temp/lcc112682.rel
                                          [ bkg_tiles ]
C:\Users\User\AppData\Local\Temp/lcc112683.rel
                                          [ collision_map ]
C:\Users\User\AppData\Local\Temp/lcc112684.rel
                                          [ frogger ]
C:\Users\User\AppData\Local\Temp/lcc112685.rel
                                          [ frogger_16 ]


Libraries Linked                          [ object file ]

C:\c_code\gbdk\lib/small/asxxxx/gb/gb.lib
                                          [ sfr.o ]
C:\c_code\gbdk\lib/small/asxxxx/gb/gb.lib
                                          [ get_tile.o ]
C:\c_code\gbdk\lib/small/asxxxx/gb/gb.lib
                                          [ set_data.o ]
C:\c_code\gbdk\lib/small/asxxxx/gb/gb.lib
                                          [ pad.o ]
C:\c_code\gbdk\lib/small/asxxxx/gb/gb.lib
                                          [ metasprites.o ]
C:\c_code\gbdk\lib/small/asxxxx/gbz80/gbz80.lib
                                          [ printf.o ]
C:\c_code\gbdk\lib/small/asxxxx/gb/gb.lib
                                          [ lcd.o ]
C:\c_code\gbdk\lib/small/asxxxx/gbz80/gbz80.lib
                                          [ div.o ]
C:\c_code\gbdk\lib/small/asxxxx/gb/gb.lib
                                          [ set_bk_t.o ]
C:\c_code\gbdk\lib/small/asxxxx/gb/gb.lib
                                          [ font.o ]
C:\c_code\gbdk\lib/small/asxxxx/gb/gb.lib
                                          [ color.o ]
C:\c_code\gbdk\lib/small/asxxxx/gb/gb.lib
                                          [ drawing_isr.o ]
C:\c_code\gbdk\lib/small/asxxxx/gb/gb.lib
                                          [ f_ibm_sh.o ]
C:\c_code\gbdk\lib/small/asxxxx/gbz80/gbz80.lib
                                          [ sprintf.o ]
C:\c_code\gbdk\lib/small/asxxxx/gb/gb.lib
                                          [ set_xy_t.o ]
C:\c_code\gbdk\lib/small/asxxxx/gbz80/gbz80.lib
                                          [ itoa.o ]
C:\c_code\gbdk\lib/small/asxxxx/gb/gb.lib
                                          [ set_1bit_data.o ]
C:\c_code\gbdk\lib/small/asxxxx/gbz80/gbz80.lib
                                          [ __sdcc_call_hl.o ]

ASxxxx Linker V03.00 + NoICE + sdld,  page 44.

User Base Address Definitions

_DATA=0xC0A0
_CODE=0x0200
ASxxxx Linker V03.00 + NoICE + sdld,  page 45.

User Global Definitions

_shadow_OAM=0xC000
.STACK=0xE000
.refresh_OAM=0xFF80

