ASxxxx Linker V03.00 + NoICE + sdld,  page 1.
Hexadecimal  [32-Bits]

Area                       Addr        Size        Decimal Bytes (Attributes)
--------------------       ----        ----        ------- ----- ------------
.  .ABS.               00000000    00000000 =           0. bytes (ABS,CON)

        Value  Global            Value  Global            Value  Global    
        -----  ------            -----  ------            -----  ------    
     00000000  .__.ABS.  |    00000000  _rRAMG    |    00000000  l__BASE  
     00000000  l__BSS    |    00000000  l__CABS   |    00000000  l__DABS  
     00000000  l__HEADER |    00000000  l__HEADER |    00000000  l__HEAP  
     00000000  l__HEAP_E |    00000000  l__HRAM   |    00000000  l__LIT   
     00000000  s__CABS   |    00000000  s__DABS   |    00000000  s__HEADER
     00000000  s__HEADER |    00000000  s__HEADER |    00000000  s__HEADER
     00000000  s__HEADER |    00000000  s__HEADER |    00000000  s__HEADER
     00000000  s__HEADER |    00000000  s__HEADER |    00000000  s__HEADER
     00000000  s__HEADER |    00000000  s__HEADER |    00000000  s__HEADER
     00000000  s__HEADER |    00000000  s__HEADER |    00000000  s__HEADER
     00000000  s__HEADER |    00000000  s__HEADER |    00000000  s__HEADER
     00000000  s__HEADER |    00000000  s__HEADER |    00000000  s__HRAM  
     00000000  s__HRAM12 |    00000001  ___bank_f |    00000001  ___bank_f
     00000001  ___bank_f |    00000001  ___bank_l |    00000001  l__GSFINA
     00000001  l__HEADER |    00000001  l__HEADER |    00000001  l__HEADER
     00000001  l__HEADER |    00000001  l__HEADER |    00000001  l__HEADER
     00000001  l__HEADER |    00000002  l__HEADER |    00000002  l__HEADER
     00000002  l__HEADER |    00000003  l__HEADER |    00000003  l__HEADER
     00000003  l__HRAM12 |    00000005  l__HEADER |    00000006  l__HEADER
     00000007  l__HEADER |    00000008  l__HEADER |    0000000C  l__GSINIT
     00000030  l__HEADER |    0000004C  l__HEADER |    0000005A  l__INITIA
     0000005A  l__INITIA |    00000084  l__HEADER |    000000EC  l__DATA  
     00000200  s__CODE   |    00000354  l__HOME   |    00000440  l__CODE_0
     00002000  _rROMB0   |    0000224E  l__CODE_1 |    00002625  l__CODE  
     00002825  s__HOME   |    00002B79  s__BASE   |    00002B79  s__CODE_0
     00002FB9  s__INITIA |    00002FB9  s__LIT    |    00003000  _rROMB1  
     00003013  s__GSINIT |    0000301F  s__GSFINA |    00004000  _rRAMB   
     00008000  __VRAM    |    00008000  __VRAM800 |    00008800  __VRAM880
     00009000  __VRAM900 |    00009800  __SCRN0   |    00009C00  __SCRN1  
     0000A000  __SRAM    |    0000C000  __RAM     |    0000C000  _shadow_O
     0000C0A0  s__DATA   |    0000C18C  s__BSS    |    0000C18C  s__INITIA
     0000C1E6  s__HEAP   |    0000C1E6  s__HEAP_E |    0000D000  __RAMBANK
     0000E000  .STACK    |    0000FE00  __OAMRAM  |    0000FF00  _P1_REG  
     0000FF00  __IO      |    0000FF01  _SB_REG   |    0000FF02  _SC_REG  
     0000FF04  _DIV_REG  |    0000FF05  _TIMA_REG |    0000FF06  _TMA_REG 
     0000FF07  _TAC_REG  |    0000FF0F  _IF_REG   |    0000FF10  _NR10_REG
     0000FF11  _NR11_REG |    0000FF12  _NR12_REG |    0000FF13  _NR13_REG
     0000FF14  _NR14_REG |    0000FF16  _NR21_REG |    0000FF17  _NR22_REG
     0000FF18  _NR23_REG |    0000FF19  _NR24_REG |    0000FF1A  _NR30_REG
     0000FF1B  _NR31_REG |    0000FF1C  _NR32_REG |    0000FF1D  _NR33_REG
     0000FF1E  _NR34_REG |    0000FF20  _NR41_REG |    0000FF21  _NR42_REG
     0000FF22  _NR43_REG |    0000FF23  _NR44_REG |    0000FF24  _NR50_REG
     0000FF25  _NR51_REG |    0000FF26  _NR52_REG |    0000FF30  _AUD3WAVE
     0000FF30  _PCM_SAMP |    0000FF30  __AUD3WAV |    0000FF40  _LCDC_REG
     0000FF41  _STAT_REG |    0000FF42  _SCY_REG  |    0000FF43  _SCX_REG 
     0000FF44  _LY_REG   |    0000FF45  _LYC_REG  |    0000FF46  _DMA_REG 
     0000FF47  _BGP_REG  |    0000FF48  _OBP0_REG |    0000FF49  _OBP1_REG
     0000FF4A  _WY_REG   |    0000FF4B  _WX_REG   |    0000FF4D  _KEY1_REG
     0000FF4F  _VBK_REG  |    0000FF51  _HDMA1_RE |    0000FF52  _HDMA2_RE
     0000FF53  _HDMA3_RE |    0000FF54  _HDMA4_RE |    0000FF55  _HDMA5_RE
ASxxxx Linker V03.00 + NoICE + sdld,  page 2.
Hexadecimal  [32-Bits]

Area                       Addr        Size        Decimal Bytes (Attributes)
--------------------       ----        ----        ------- ----- ------------
.  .ABS.               00000000    00000000 =           0. bytes (ABS,CON)

        Value  Global            Value  Global            Value  Global    
        -----  ------            -----  ------            -----  ------    
     0000FF56  _RP_REG   |    0000FF68  _BCPS_REG |    0000FF69  _BCPD_REG
     0000FF6A  _OCPS_REG |    0000FF6B  _OCPD_REG |    0000FF70  _SVBK_REG
     0000FF76  _PCM12_RE |    0000FF77  _PCM34_RE |    0000FF80  .refresh_
     0000FF80  __HRAM    |    0000FFFF  _IE_REG   |    00014000  s__CODE_1
ASxxxx Linker V03.00 + NoICE + sdld,  page 3.
Hexadecimal  [32-Bits]

Area                       Addr        Size        Decimal Bytes (Attributes)
--------------------       ----        ----        ------- ----- ------------
_CODE                  00000200    00002625 =        9765. bytes (REL,CON)

        Value  Global            Value  Global            Value  Global    
        -----  ------            -----  ------            -----  ------    
     00000200  A$lcc2242 |    00000200  C$main.c$ |    00000200  G$overlap
     00000200  _overlap  |    00000201  A$lcc2242 |    00000201  C$main.c$
     00000203  A$lcc2242 |    00000204  A$lcc2242 |    00000205  A$lcc2242
     00000207  A$lcc2242 |    00000208  A$lcc2242 |    00000209  A$lcc2242
     0000020A  A$lcc2242 |    0000020C  A$lcc2242 |    0000020E  A$lcc2242
     0000020F  A$lcc2242 |    00000211  A$lcc2242 |    00000212  A$lcc2242
     00000214  A$lcc2242 |    00000216  A$lcc2242 |    00000217  A$lcc2242
     00000219  A$lcc2242 |    0000021A  A$lcc2242 |    0000021C  A$lcc2242
     0000021E  A$lcc2242 |    0000021F  A$lcc2242 |    00000221  A$lcc2242
     00000222  A$lcc2242 |    00000224  A$lcc2242 |    00000226  A$lcc2242
     00000227  A$lcc2242 |    00000229  A$lcc2242 |    0000022A  A$lcc2242
     0000022C  A$lcc2242 |    0000022E  A$lcc2242 |    0000022F  A$lcc2242
     00000231  A$lcc2242 |    00000232  A$lcc2242 |    00000234  A$lcc2242
     00000236  A$lcc2242 |    00000237  A$lcc2242 |    00000239  A$lcc2242
     0000023A  A$lcc2242 |    0000023C  A$lcc2242 |    0000023C  C$main.c$
     0000023D  A$lcc2242 |    00000240  A$lcc2242 |    00000240  C$main.c$
     00000242  A$lcc2242 |    00000243  A$lcc2242 |    00000244  A$lcc2242
     00000246  A$lcc2242 |    00000247  A$lcc2242 |    00000248  A$lcc2242
     00000249  A$lcc2242 |    0000024A  A$lcc2242 |    0000024B  A$lcc2242
     0000024C  A$lcc2242 |    0000024D  A$lcc2242 |    0000024E  A$lcc2242
     0000024F  A$lcc2242 |    00000251  A$lcc2242 |    00000253  A$lcc2242
     00000255  A$lcc2242 |    00000257  A$lcc2242 |    00000258  A$lcc2242
     0000025A  A$lcc2242 |    0000025C  A$lcc2242 |    0000025E  A$lcc2242
     0000025F  A$lcc2242 |    00000261  A$lcc2242 |    00000263  A$lcc2242
     00000264  A$lcc2242 |    00000265  A$lcc2242 |    00000266  A$lcc2242
     00000267  A$lcc2242 |    00000268  A$lcc2242 |    00000269  A$lcc2242
     0000026A  A$lcc2242 |    0000026C  A$lcc2242 |    0000026E  A$lcc2242
     00000270  A$lcc2242 |    00000272  A$lcc2242 |    00000273  A$lcc2242
     00000275  A$lcc2242 |    00000277  A$lcc2242 |    00000279  A$lcc2242
     0000027A  A$lcc2242 |    0000027C  A$lcc2242 |    0000027C  C$main.c$
     0000027D  A$lcc2242 |    0000027F  A$lcc2242 |    0000027F  C$main.c$
     00000281  A$lcc2242 |    00000282  A$lcc2242 |    00000283  A$lcc2242
     00000285  A$lcc2242 |    00000286  A$lcc2242 |    00000287  A$lcc2242
     00000288  A$lcc2242 |    00000289  A$lcc2242 |    0000028A  A$lcc2242
     0000028B  A$lcc2242 |    0000028C  A$lcc2242 |    0000028D  A$lcc2242
     0000028E  A$lcc2242 |    00000290  A$lcc2242 |    00000292  A$lcc2242
     00000294  A$lcc2242 |    00000296  A$lcc2242 |    00000297  A$lcc2242
     00000299  A$lcc2242 |    0000029B  A$lcc2242 |    0000029D  A$lcc2242
     0000029E  A$lcc2242 |    000002A0  A$lcc2242 |    000002A2  A$lcc2242
     000002A3  A$lcc2242 |    000002A4  A$lcc2242 |    000002A6  A$lcc2242
     000002A7  A$lcc2242 |    000002A8  A$lcc2242 |    000002A9  A$lcc2242
     000002AA  A$lcc2242 |    000002AB  A$lcc2242 |    000002AC  A$lcc2242
     000002AD  A$lcc2242 |    000002AE  A$lcc2242 |    000002AF  A$lcc2242
     000002B1  A$lcc2242 |    000002B3  A$lcc2242 |    000002B5  A$lcc2242
     000002B7  A$lcc2242 |    000002B8  A$lcc2242 |    000002BA  A$lcc2242
     000002BC  A$lcc2242 |    000002BE  A$lcc2242 |    000002BF  A$lcc2242
     000002C1  A$lcc2242 |    000002C1  C$main.c$ |    000002C2  A$lcc2242
     000002C4  A$lcc2242 |    000002C4  C$main.c$ |    000002C6  A$lcc2242
     000002C6  C$main.c$ |    000002C7  A$lcc2242 |    000002C8  A$lcc2242
     000002C9  A$lcc2242 |    000002CB  A$lcc2242 |    000002CC  A$lcc2242
ASxxxx Linker V03.00 + NoICE + sdld,  page 4.
Hexadecimal  [32-Bits]

Area                       Addr        Size        Decimal Bytes (Attributes)
--------------------       ----        ----        ------- ----- ------------
_CODE                  00000200    00002625 =        9765. bytes (REL,CON)

        Value  Global            Value  Global            Value  Global    
        -----  ------            -----  ------            -----  ------    
     000002CC  C$main.c$ |    000002CC  C$main.c$ |    000002CC  G$remove_
     000002CC  _remove_f |    000002CF  A$lcc2242 |    000002D1  A$lcc2242
     000002D4  A$lcc2242 |    000002D5  A$lcc2242 |    000002D6  A$lcc2242
     000002D7  A$lcc2242 |    000002DA  A$lcc2242 |    000002DB  A$lcc2242
     000002DC  A$lcc2242 |    000002DD  A$lcc2242 |    000002DF  A$lcc2242
     000002E0  A$lcc2242 |    000002E1  A$lcc2242 |    000002E4  A$lcc2242
     000002E5  A$lcc2242 |    000002E5  C$main.c$ |    000002E6  A$lcc2242
     000002E9  A$lcc2242 |    000002EA  A$lcc2242 |    000002EB  A$lcc2242
     000002EB  C$main.c$ |    000002EC  A$lcc2242 |    000002EF  A$lcc2242
     000002F0  A$lcc2242 |    000002F1  A$lcc2242 |    000002F1  C$main.c$
     000002F1  XG$remove |    000002F2  A$lcc2242 |    000002F2  C$main.c$
     000002F2  C$main.c$ |    000002F2  G$kill_fr |    000002F2  _kill_fro
     000002F5  A$lcc2242 |    000002F7  A$lcc2242 |    000002F7  C$main.c$
     000002FA  A$lcc2242 |    000002FC  A$lcc2242 |    000002FC  C$main.c$
     000002FF  A$lcc2242 |    00000301  A$lcc2242 |    00000301  C$main.c$
     00000304  A$lcc2242 |    00000305  A$lcc2242 |    00000306  A$lcc2242
     00000307  A$lcc2242 |    00000307  C$main.c$ |    00000308  A$lcc2242
     00000309  A$lcc2242 |    00000309  C$main.c$ |    00000309  XG$kill_f
     0000030A  A$lcc2242 |    0000030A  C$main.c$ |    0000030A  G$render_
     0000030A  _render_a |    0000030B  A$lcc2242 |    0000030B  C$main.c$
     0000030E  A$lcc2242 |    0000030F  A$lcc2242 |    0000030F  C$main.c$
     00000312  A$lcc2242 |    00000313  A$lcc2242 |    00000315  A$lcc2242
     00000316  A$lcc2242 |    00000317  A$lcc2242 |    00000318  A$lcc2242
     00000319  A$lcc2242 |    0000031A  A$lcc2242 |    0000031C  A$lcc2242
     0000031F  A$lcc2242 |    00000320  A$lcc2242 |    00000320  C$main.c$
     00000320  C$main.c$ |    00000321  A$lcc2242 |    00000322  A$lcc2242
     00000324  A$lcc2242 |    00000327  A$lcc2242 |    00000329  A$lcc2242
     0000032A  A$lcc2242 |    0000032D  A$lcc2242 |    0000032F  A$lcc2242
     00000330  A$lcc2242 |    00000333  A$lcc2242 |    00000334  A$lcc2242
     00000335  A$lcc2242 |    00000336  A$lcc2242 |    00000339  A$lcc2242
     0000033A  A$lcc2242 |    0000033B  A$lcc2242 |    0000033C  A$lcc2242
     0000033F  A$lcc2242 |    00000341  A$lcc2242 |    00000343  A$lcc2242
     00000345  A$lcc2242 |    00000347  A$lcc2242 |    0000034A  A$lcc2242
     0000034C  A$lcc2242 |    0000034F  A$lcc2242 |    00000350  A$lcc2242
     00000351  A$lcc2242 |    00000352  A$lcc2242 |    00000353  A$lcc2242
     00000355  A$lcc2242 |    00000356  A$lcc2242 |    00000358  A$lcc2242
     00000359  A$lcc2242 |    0000035C  A$lcc2242 |    0000035E  A$lcc2242
     0000035E  C$main.c$ |    00000360  A$lcc2242 |    00000360  C$main.c$
     00000361  A$lcc2242 |    00000362  A$lcc2242 |    00000364  A$lcc2242
     00000367  A$lcc2242 |    00000368  A$lcc2242 |    0000036B  A$lcc2242
     0000036C  A$lcc2242 |    0000036F  A$lcc2242 |    00000370  A$lcc2242
     00000371  A$lcc2242 |    00000372  A$lcc2242 |    00000373  A$lcc2242
     00000376  A$lcc2242 |    00000377  A$lcc2242 |    00000378  A$lcc2242
     00000379  A$lcc2242 |    0000037C  A$lcc2242 |    0000037E  A$lcc2242
     0000037F  A$lcc2242 |    00000380  A$lcc2242 |    00000381  A$lcc2242
     00000382  A$lcc2242 |    00000383  A$lcc2242 |    00000384  A$lcc2242
     00000385  A$lcc2242 |    00000386  A$lcc2242 |    00000389  A$lcc2242
     0000038B  A$lcc2242 |    0000038B  C$main.c$ |    0000038B  C$main.c$
     0000038E  A$lcc2242 |    00000390  A$lcc2242 |    00000390  C$main.c$
     00000393  A$lcc2242 |    00000395  A$lcc2242 |    00000396  A$lcc2242
     00000396  C$main.c$ |    00000396  XG$render |    00000397  A$lcc2242
ASxxxx Linker V03.00 + NoICE + sdld,  page 5.
Hexadecimal  [32-Bits]

Area                       Addr        Size        Decimal Bytes (Attributes)
--------------------       ----        ----        ------- ----- ------------
_CODE                  00000200    00002625 =        9765. bytes (REL,CON)

        Value  Global            Value  Global            Value  Global    
        -----  ------            -----  ------            -----  ------    
     00000397  C$main.c$ |    00000397  C$main.c$ |    00000397  G$update_
     00000397  _update_l |    0000039A  A$lcc2242 |    0000039B  A$lcc2242
     0000039E  A$lcc2242 |    0000039F  A$lcc2242 |    000003A2  A$lcc2242
     000003A3  A$lcc2242 |    000003A4  A$lcc2242 |    000003A5  A$lcc2242
     000003A5  C$main.c$ |    000003A8  A$lcc2242 |    000003A9  A$lcc2242
     000003AC  A$lcc2242 |    000003AD  A$lcc2242 |    000003B0  A$lcc2242
     000003B1  A$lcc2242 |    000003B4  A$lcc2242 |    000003B6  A$lcc2242
     000003B6  C$main.c$ |    000003B9  A$lcc2242 |    000003BA  A$lcc2242
     000003BB  A$lcc2242 |    000003BD  A$lcc2242 |    000003BD  C$main.c$
     000003BF  A$lcc2242 |    000003C0  A$lcc2242 |    000003C1  A$lcc2242
     000003C4  A$lcc2242 |    000003C5  A$lcc2242 |    000003C6  A$lcc2242
     000003C7  A$lcc2242 |    000003C8  A$lcc2242 |    000003CB  A$lcc2242
     000003CD  A$lcc2242 |    000003CD  C$main.c$ |    000003D0  A$lcc2242
     000003D1  A$lcc2242 |    000003D3  A$lcc2242 |    000003D4  A$lcc2242
     000003D5  A$lcc2242 |    000003D5  C$main.c$ |    000003D6  A$lcc2242
     000003D8  A$lcc2242 |    000003D8  C$main.c$ |    000003DB  A$lcc2242
     000003DC  A$lcc2242 |    000003DF  A$lcc2242 |    000003E0  A$lcc2242
     000003E3  A$lcc2242 |    000003E4  A$lcc2242 |    000003E5  A$lcc2242
     000003E6  A$lcc2242 |    000003E6  C$main.c$ |    000003E9  A$lcc2242
     000003EB  A$lcc2242 |    000003EC  A$lcc2242 |    000003ED  A$lcc2242
     000003F0  A$lcc2242 |    000003F1  A$lcc2242 |    000003F2  A$lcc2242
     000003F3  A$lcc2242 |    000003F4  A$lcc2242 |    000003F7  A$lcc2242
     000003F9  A$lcc2242 |    000003F9  C$main.c$ |    000003F9  XG$update
     000003FA  Fmain$__s |    000003FD  A$lcc2242 |    000003FD  C$main.c$
     000003FD  C$main.c$ |    000003FD  G$update_ |    000003FD  _update_p
     00000400  A$lcc2242 |    00000401  A$lcc2242 |    00000404  A$lcc2242
     00000405  A$lcc2242 |    00000408  A$lcc2242 |    00000409  A$lcc2242
     0000040A  A$lcc2242 |    0000040B  A$lcc2242 |    0000040B  C$main.c$
     0000040E  A$lcc2242 |    0000040F  A$lcc2242 |    00000410  A$lcc2242
     00000411  A$lcc2242 |    00000411  C$main.c$ |    00000413  A$lcc2242
     00000414  A$lcc2242 |    00000415  A$lcc2242 |    00000418  A$lcc2242
     00000419  A$lcc2242 |    0000041A  A$lcc2242 |    0000041B  A$lcc2242
     0000041C  A$lcc2242 |    0000041F  A$lcc2242 |    00000421  A$lcc2242
     00000421  C$main.c$ |    00000424  A$lcc2242 |    00000425  A$lcc2242
     00000427  A$lcc2242 |    00000428  A$lcc2242 |    00000429  A$lcc2242
     00000429  C$main.c$ |    0000042A  A$lcc2242 |    0000042A  C$main.c$
     0000042A  XG$update |    0000042C  A$lcc2242 |    0000042C  C$main.c$
     0000042C  C$main.c$ |    0000042C  G$update_ |    0000042C  _update_s
     0000042F  A$lcc2242 |    00000430  A$lcc2242 |    00000432  A$lcc2242
     00000433  A$lcc2242 |    00000435  A$lcc2242 |    00000437  A$lcc2242
     00000438  A$lcc2242 |    00000439  A$lcc2242 |    0000043A  A$lcc2242
     0000043C  A$lcc2242 |    0000043C  C$main.c$ |    0000043F  A$lcc2242
     00000440  A$lcc2242 |    00000443  A$lcc2242 |    00000444  A$lcc2242
     00000447  A$lcc2242 |    00000448  A$lcc2242 |    00000449  A$lcc2242
     0000044A  A$lcc2242 |    0000044C  A$lcc2242 |    0000044C  C$main.c$
     0000044F  A$lcc2242 |    00000450  A$lcc2242 |    00000452  A$lcc2242
     00000453  A$lcc2242 |    00000455  A$lcc2242 |    00000457  A$lcc2242
     00000458  A$lcc2242 |    0000045A  A$lcc2242 |    0000045C  A$lcc2242
     0000045D  A$lcc2242 |    0000045F  A$lcc2242 |    0000045F  C$main.c$
     00000462  A$lcc2242 |    00000463  A$lcc2242 |    00000466  A$lcc2242
     00000467  A$lcc2242 |    0000046A  A$lcc2242 |    0000046B  A$lcc2242
ASxxxx Linker V03.00 + NoICE + sdld,  page 6.
Hexadecimal  [32-Bits]

Area                       Addr        Size        Decimal Bytes (Attributes)
--------------------       ----        ----        ------- ----- ------------
_CODE                  00000200    00002625 =        9765. bytes (REL,CON)

        Value  Global            Value  Global            Value  Global    
        -----  ------            -----  ------            -----  ------    
     0000046C  A$lcc2242 |    0000046D  A$lcc2242 |    0000046F  A$lcc2242
     0000046F  C$main.c$ |    00000471  A$lcc2242 |    00000473  A$lcc2242
     00000476  A$lcc2242 |    00000477  A$lcc2242 |    00000479  A$lcc2242
     0000047A  A$lcc2242 |    0000047C  A$lcc2242 |    0000047E  A$lcc2242
     0000047E  C$main.c$ |    00000481  A$lcc2242 |    00000482  A$lcc2242
     00000485  A$lcc2242 |    00000486  A$lcc2242 |    00000489  A$lcc2242
     0000048A  A$lcc2242 |    0000048B  A$lcc2242 |    0000048C  A$lcc2242
     0000048E  A$lcc2242 |    0000048E  C$main.c$ |    00000491  A$lcc2242
     00000493  A$lcc2242 |    00000494  A$lcc2242 |    00000495  A$lcc2242
     00000497  A$lcc2242 |    00000498  A$lcc2242 |    0000049A  A$lcc2242
     0000049A  C$main.c$ |    0000049D  A$lcc2242 |    0000049E  A$lcc2242
     000004A1  A$lcc2242 |    000004A2  A$lcc2242 |    000004A5  A$lcc2242
     000004A6  A$lcc2242 |    000004A7  A$lcc2242 |    000004A8  A$lcc2242
     000004A8  C$main.c$ |    000004AB  A$lcc2242 |    000004AC  A$lcc2242
     000004AD  A$lcc2242 |    000004AE  A$lcc2242 |    000004AF  A$lcc2242
     000004B2  A$lcc2242 |    000004B3  A$lcc2242 |    000004B6  A$lcc2242
     000004B7  A$lcc2242 |    000004BA  A$lcc2242 |    000004BC  A$lcc2242
     000004BC  C$main.c$ |    000004BF  A$lcc2242 |    000004C0  A$lcc2242
     000004C1  A$lcc2242 |    000004C2  A$lcc2242 |    000004C2  C$main.c$
     000004C4  A$lcc2242 |    000004C5  A$lcc2242 |    000004C6  A$lcc2242
     000004C9  A$lcc2242 |    000004CA  A$lcc2242 |    000004CB  A$lcc2242
     000004CC  A$lcc2242 |    000004CD  A$lcc2242 |    000004D0  A$lcc2242
     000004D2  A$lcc2242 |    000004D2  C$main.c$ |    000004D5  A$lcc2242
     000004D6  A$lcc2242 |    000004D8  A$lcc2242 |    000004D9  A$lcc2242
     000004DA  A$lcc2242 |    000004DA  C$main.c$ |    000004DB  A$lcc2242
     000004DB  C$main.c$ |    000004DB  XG$update |    000004DD  Fmain$__s
     000004E0  A$lcc2242 |    000004E0  C$main.c$ |    000004E0  C$main.c$
     000004E0  G$update_ |    000004E0  _update_f |    000004E3  A$lcc2242
     000004E4  A$lcc2242 |    000004E6  A$lcc2242 |    000004E7  A$lcc2242
     000004E8  A$lcc2242 |    000004EA  A$lcc2242 |    000004EA  C$main.c$
     000004ED  A$lcc2242 |    000004EE  A$lcc2242 |    000004EF  A$lcc2242
     000004F0  A$lcc2242 |    000004F3  A$lcc2242 |    000004F5  A$lcc2242
     000004F5  C$main.c$ |    000004F6  A$lcc2242 |    000004F6  C$main.c$
     000004F7  A$lcc2242 |    000004F9  A$lcc2242 |    000004F9  C$main.c$
     000004FA  A$lcc2242 |    000004FB  A$lcc2242 |    000004FD  A$lcc2242
     000004FE  A$lcc2242 |    00000501  A$lcc2242 |    00000502  A$lcc2242
     00000503  A$lcc2242 |    00000506  A$lcc2242 |    00000508  A$lcc2242
     00000508  C$main.c$ |    00000508  XG$update |    00000509  A$lcc2242
     00000509  C$main.c$ |    00000509  G$update_ |    00000509  _update_f
     0000050A  A$lcc2242 |    0000050D  A$lcc2242 |    0000050F  A$lcc2242
     00000510  A$lcc2242 |    00000510  C$main.c$ |    00000513  A$lcc2242
     00000513  C$main.c$ |    00000515  A$lcc2242 |    00000516  A$lcc2242
     00000517  A$lcc2242 |    00000519  A$lcc2242 |    0000051B  A$lcc2242
     0000051C  A$lcc2242 |    0000051D  A$lcc2242 |    0000051F  A$lcc2242
     00000521  A$lcc2242 |    00000522  A$lcc2242 |    00000524  A$lcc2242
     00000527  A$lcc2242 |    00000529  A$lcc2242 |    0000052A  A$lcc2242
     0000052C  A$lcc2242 |    0000052E  A$lcc2242 |    00000531  A$lcc2242
     00000531  C$main.c$ |    00000532  A$lcc2242 |    00000533  A$lcc2242
     00000536  A$lcc2242 |    00000537  A$lcc2242 |    0000053A  A$lcc2242
     0000053B  A$lcc2242 |    0000053C  A$lcc2242 |    0000053D  A$lcc2242
     00000540  A$lcc2242 |    00000541  A$lcc2242 |    00000542  A$lcc2242
ASxxxx Linker V03.00 + NoICE + sdld,  page 7.
Hexadecimal  [32-Bits]

Area                       Addr        Size        Decimal Bytes (Attributes)
--------------------       ----        ----        ------- ----- ------------
_CODE                  00000200    00002625 =        9765. bytes (REL,CON)

        Value  Global            Value  Global            Value  Global    
        -----  ------            -----  ------            -----  ------    
     00000543  A$lcc2242 |    00000546  A$lcc2242 |    00000548  A$lcc2242
     00000549  A$lcc2242 |    0000054A  A$lcc2242 |    0000054B  A$lcc2242
     0000054D  A$lcc2242 |    0000054E  A$lcc2242 |    00000551  A$lcc2242
     00000553  A$lcc2242 |    00000553  C$main.c$ |    00000556  A$lcc2242
     00000556  C$main.c$ |    00000557  A$lcc2242 |    00000559  A$lcc2242
     0000055A  A$lcc2242 |    0000055D  A$lcc2242 |    0000055F  A$lcc2242
     00000560  A$lcc2242 |    00000563  A$lcc2242 |    00000564  A$lcc2242
     00000565  A$lcc2242 |    00000566  A$lcc2242 |    00000569  A$lcc2242
     0000056A  A$lcc2242 |    0000056B  A$lcc2242 |    0000056C  A$lcc2242
     0000056F  A$lcc2242 |    00000571  A$lcc2242 |    00000573  A$lcc2242
     00000575  A$lcc2242 |    00000577  A$lcc2242 |    0000057A  A$lcc2242
     0000057C  A$lcc2242 |    0000057F  A$lcc2242 |    00000580  A$lcc2242
     00000581  A$lcc2242 |    00000582  A$lcc2242 |    00000583  A$lcc2242
     00000585  A$lcc2242 |    00000586  A$lcc2242 |    00000588  A$lcc2242
     00000589  A$lcc2242 |    0000058C  A$lcc2242 |    0000058E  A$lcc2242
     0000058E  C$main.c$ |    00000590  A$lcc2242 |    00000590  C$main.c$
     00000591  A$lcc2242 |    00000592  A$lcc2242 |    00000595  A$lcc2242
     00000596  A$lcc2242 |    00000599  A$lcc2242 |    0000059A  A$lcc2242
     0000059B  A$lcc2242 |    0000059C  A$lcc2242 |    0000059F  A$lcc2242
     000005A0  A$lcc2242 |    000005A1  A$lcc2242 |    000005A2  A$lcc2242
     000005A5  A$lcc2242 |    000005A7  A$lcc2242 |    000005A8  A$lcc2242
     000005A9  A$lcc2242 |    000005AA  A$lcc2242 |    000005AC  A$lcc2242
     000005AD  A$lcc2242 |    000005B0  A$lcc2242 |    000005B2  A$lcc2242
     000005B2  C$main.c$ |    000005B4  A$lcc2242 |    000005B4  C$main.c$
     000005B5  A$lcc2242 |    000005B6  A$lcc2242 |    000005B9  A$lcc2242
     000005BB  A$lcc2242 |    000005BC  A$lcc2242 |    000005BF  A$lcc2242
     000005C0  A$lcc2242 |    000005C1  A$lcc2242 |    000005C2  A$lcc2242
     000005C5  A$lcc2242 |    000005C6  A$lcc2242 |    000005C7  A$lcc2242
     000005C8  A$lcc2242 |    000005CB  A$lcc2242 |    000005CD  A$lcc2242
     000005CE  A$lcc2242 |    000005D0  A$lcc2242 |    000005D1  A$lcc2242
     000005D2  A$lcc2242 |    000005D3  A$lcc2242 |    000005D5  A$lcc2242
     000005D6  A$lcc2242 |    000005D9  A$lcc2242 |    000005DB  A$lcc2242
     000005DB  C$main.c$ |    000005DC  A$lcc2242 |    000005DC  C$main.c$
     000005DC  XG$update |    000005DD  A$lcc2242 |    000005DD  C$main.c$
     000005DD  C$main.c$ |    000005DD  G$reset_f |    000005DD  _reset_fr
     000005E0  A$lcc2242 |    000005E0  C$main.c$ |    000005E3  A$lcc2242
     000005E5  A$lcc2242 |    000005E5  C$main.c$ |    000005E8  A$lcc2242
     000005EA  A$lcc2242 |    000005ED  A$lcc2242 |    000005EF  A$lcc2242
     000005EF  C$main.c$ |    000005F2  A$lcc2242 |    000005F4  A$lcc2242
     000005F5  A$lcc2242 |    000005F7  A$lcc2242 |    000005F7  C$main.c$
     000005FA  A$lcc2242 |    000005FB  A$lcc2242 |    000005FC  A$lcc2242
     000005FE  A$lcc2242 |    000005FF  A$lcc2242 |    00000601  A$lcc2242
     00000601  C$main.c$ |    00000602  A$lcc2242 |    00000605  A$lcc2242
     00000605  C$main.c$ |    00000608  A$lcc2242 |    0000060A  A$lcc2242
     0000060A  C$main.c$ |    0000060D  A$lcc2242 |    0000060F  A$lcc2242
     00000610  A$lcc2242 |    00000611  A$lcc2242 |    00000614  A$lcc2242
     00000615  A$lcc2242 |    00000618  A$lcc2242 |    00000619  A$lcc2242
     0000061A  A$lcc2242 |    0000061B  A$lcc2242 |    0000061C  A$lcc2242
     0000061F  A$lcc2242 |    00000620  A$lcc2242 |    00000621  A$lcc2242
     00000622  A$lcc2242 |    00000625  A$lcc2242 |    00000627  A$lcc2242
     00000628  A$lcc2242 |    00000629  A$lcc2242 |    0000062A  A$lcc2242
ASxxxx Linker V03.00 + NoICE + sdld,  page 8.
Hexadecimal  [32-Bits]

Area                       Addr        Size        Decimal Bytes (Attributes)
--------------------       ----        ----        ------- ----- ------------
_CODE                  00000200    00002625 =        9765. bytes (REL,CON)

        Value  Global            Value  Global            Value  Global    
        -----  ------            -----  ------            -----  ------    
     0000062B  A$lcc2242 |    0000062C  A$lcc2242 |    0000062D  A$lcc2242
     0000062E  A$lcc2242 |    0000062F  A$lcc2242 |    00000632  A$lcc2242
     00000634  A$lcc2242 |    00000634  C$main.c$ |    00000634  C$main.c$
     00000634  XG$reset_ |    00000635  A$lcc2242 |    00000635  C$main.c$
     00000635  C$main.c$ |    00000635  G$reset_t |    00000635  _reset_ti
     00000638  A$lcc2242 |    0000063A  A$lcc2242 |    0000063B  A$lcc2242
     0000063D  A$lcc2242 |    0000063D  C$main.c$ |    00000640  A$lcc2242
     00000642  A$lcc2242 |    00000642  C$main.c$ |    00000645  A$lcc2242
     00000646  A$lcc2242 |    00000649  A$lcc2242 |    0000064A  A$lcc2242
     0000064D  A$lcc2242 |    0000064E  A$lcc2242 |    00000651  A$lcc2242
     00000653  A$lcc2242 |    00000653  C$main.c$ |    00000653  XG$reset_
     00000654  A$lcc2242 |    00000654  C$main.c$ |    00000654  C$main.c$
     00000654  G$frog_de |    00000654  _frog_dea |    00000657  A$lcc2242
     00000658  A$lcc2242 |    00000659  A$lcc2242 |    0000065B  A$lcc2242
     0000065B  C$main.c$ |    0000065C  A$lcc2242 |    0000065D  A$lcc2242
     0000065F  A$lcc2242 |    0000065F  C$main.c$ |    00000662  A$lcc2242
     00000664  A$lcc2242 |    00000664  C$main.c$ |    00000665  A$lcc2242
     00000665  C$main.c$ |    00000668  A$lcc2242 |    00000668  C$main.c$
     00000668  C$main.c$ |    00000668  XG$frog_d |    0000066B  A$lcc2242
     0000066B  C$main.c$ |    0000066B  C$main.c$ |    0000066B  G$init_le
     0000066B  _init_lev |    0000066E  A$lcc2242 |    0000066F  A$lcc2242
     00000672  A$lcc2242 |    00000673  A$lcc2242 |    00000676  A$lcc2242
     00000678  A$lcc2242 |    00000678  C$main.c$ |    0000067B  A$lcc2242
     0000067C  A$lcc2242 |    0000067F  A$lcc2242 |    00000680  A$lcc2242
     00000683  A$lcc2242 |    00000685  A$lcc2242 |    00000685  C$main.c$
     00000688  A$lcc2242 |    00000689  A$lcc2242 |    0000068C  A$lcc2242
     0000068D  A$lcc2242 |    00000690  A$lcc2242 |    00000692  A$lcc2242
     00000692  C$main.c$ |    00000695  A$lcc2242 |    00000696  A$lcc2242
     00000699  A$lcc2242 |    0000069A  A$lcc2242 |    0000069D  A$lcc2242
     0000069F  A$lcc2242 |    0000069F  C$main.c$ |    000006A2  A$lcc2242
     000006A3  A$lcc2242 |    000006A6  A$lcc2242 |    000006A7  A$lcc2242
     000006AA  A$lcc2242 |    000006AC  A$lcc2242 |    000006AC  C$main.c$
     000006AF  A$lcc2242 |    000006B0  A$lcc2242 |    000006B3  A$lcc2242
     000006B4  A$lcc2242 |    000006B7  A$lcc2242 |    000006B9  A$lcc2242
     000006B9  C$main.c$ |    000006BC  A$lcc2242 |    000006BD  A$lcc2242
     000006C0  A$lcc2242 |    000006C1  A$lcc2242 |    000006C2  A$lcc2242
     000006C3  A$lcc2242 |    000006C4  A$lcc2242 |    000006C7  A$lcc2242
     000006C9  A$lcc2242 |    000006C9  C$main.c$ |    000006CC  A$lcc2242
     000006CD  A$lcc2242 |    000006CF  A$lcc2242 |    000006D0  A$lcc2242
     000006D1  A$lcc2242 |    000006D4  A$lcc2242 |    000006D6  A$lcc2242
     000006D6  C$main.c$ |    000006D9  A$lcc2242 |    000006DB  A$lcc2242
     000006DB  C$main.c$ |    000006DE  A$lcc2242 |    000006E0  A$lcc2242
     000006E0  C$main.c$ |    000006E3  A$lcc2242 |    000006E5  A$lcc2242
     000006E6  A$lcc2242 |    000006E8  A$lcc2242 |    000006E8  C$main.c$
     000006EB  A$lcc2242 |    000006ED  A$lcc2242 |    000006EE  A$lcc2242
     000006F0  A$lcc2242 |    000006F0  C$main.c$ |    000006F3  A$lcc2242
     000006F5  A$lcc2242 |    000006F5  C$main.c$ |    000006F6  A$lcc2242
     000006F9  A$lcc2242 |    000006FA  A$lcc2242 |    000006FB  A$lcc2242
     000006FB  C$main.c$ |    000006FE  A$lcc2242 |    000006FE  C$main.c$
     00000701  A$lcc2242 |    00000703  A$lcc2242 |    00000703  C$main.c$
     00000706  A$lcc2242 |    00000706  C$main.c$ |    00000709  A$lcc2242
ASxxxx Linker V03.00 + NoICE + sdld,  page 9.
Hexadecimal  [32-Bits]

Area                       Addr        Size        Decimal Bytes (Attributes)
--------------------       ----        ----        ------- ----- ------------
_CODE                  00000200    00002625 =        9765. bytes (REL,CON)

        Value  Global            Value  Global            Value  Global    
        -----  ------            -----  ------            -----  ------    
     00000709  C$main.c$ |    0000070C  A$lcc2242 |    0000070C  C$main.c$
     0000070F  A$lcc2242 |    0000070F  C$main.c$ |    00000712  A$lcc2242
     00000712  C$main.c$ |    00000714  A$lcc2242 |    00000715  A$lcc2242
     00000717  A$lcc2242 |    00000719  A$lcc2242 |    00000719  C$main.c$
     0000071C  A$lcc2242 |    0000071E  A$lcc2242 |    0000071F  A$lcc2242
     00000721  A$lcc2242 |    00000721  C$main.c$ |    00000722  A$lcc2242
     00000724  A$lcc2242 |    00000724  C$main.c$ |    00000727  A$lcc2242
     00000729  A$lcc2242 |    0000072A  A$lcc2242 |    0000072C  A$lcc2242
     0000072C  C$main.c$ |    0000072F  A$lcc2242 |    00000731  A$lcc2242
     00000732  A$lcc2242 |    00000733  A$lcc2242 |    00000734  A$lcc2242
     00000734  C$main.c$ |    00000734  XG$init_l |    00000735  A$lcc2242
     00000735  C$main.c$ |    00000735  G$move_fr |    00000735  _move_fro
     00000736  A$lcc2242 |    00000737  A$lcc2242 |    00000737  C$main.c$
     0000073A  A$lcc2242 |    0000073B  A$lcc2242 |    0000073E  A$lcc2242
     0000073E  C$main.c$ |    00000741  A$lcc2242 |    00000742  A$lcc2242
     00000744  A$lcc2242 |    00000745  A$lcc2242 |    00000746  A$lcc2242
     00000747  A$lcc2242 |    00000748  A$lcc2242 |    0000074B  A$lcc2242
     0000074D  A$lcc2242 |    0000074F  A$lcc2242 |    00000752  A$lcc2242
     00000754  A$lcc2242 |    00000757  A$lcc2242 |    00000758  A$lcc2242
     00000759  A$lcc2242 |    0000075A  A$lcc2242 |    0000075B  A$lcc2242
     0000075C  A$lcc2242 |    0000075F  A$lcc2242 |    00000760  A$lcc2242
     00000761  A$lcc2242 |    00000762  A$lcc2242 |    00000765  A$lcc2242
     00000766  A$lcc2242 |    00000769  A$lcc2242 |    0000076A  A$lcc2242
     0000076D  A$lcc2242 |    0000076E  A$lcc2242 |    0000076F  A$lcc2242
     00000771  A$lcc2242 |    00000773  A$lcc2242 |    00000775  A$lcc2242
     00000775  C$main.c$ |    00000776  A$lcc2242 |    00000778  A$lcc2242
     0000077A  A$lcc2242 |    0000077B  A$lcc2242 |    0000077D  A$lcc2242
     0000077E  A$lcc2242 |    00000781  A$lcc2242 |    00000783  A$lcc2242
     00000784  A$lcc2242 |    00000787  A$lcc2242 |    00000788  A$lcc2242
     00000789  A$lcc2242 |    0000078A  A$lcc2242 |    0000078D  A$lcc2242
     0000078E  A$lcc2242 |    0000078F  A$lcc2242 |    00000792  A$lcc2242
     00000794  A$lcc2242 |    00000796  A$lcc2242 |    00000797  A$lcc2242
     00000798  A$lcc2242 |    00000799  A$lcc2242 |    0000079A  A$lcc2242
     0000079C  A$lcc2242 |    0000079D  A$lcc2242 |    000007A0  A$lcc2242
     000007A2  A$lcc2242 |    000007A2  C$main.c$ |    000007A5  A$lcc2242
     000007A5  C$main.c$ |    000007A6  A$lcc2242 |    000007A8  A$lcc2242
     000007AB  A$lcc2242 |    000007AC  A$lcc2242 |    000007AE  A$lcc2242
     000007AF  A$lcc2242 |    000007B2  A$lcc2242 |    000007B4  A$lcc2242
     000007B5  A$lcc2242 |    000007B8  A$lcc2242 |    000007B9  A$lcc2242
     000007BA  A$lcc2242 |    000007BB  A$lcc2242 |    000007BE  A$lcc2242
     000007BF  A$lcc2242 |    000007C0  A$lcc2242 |    000007C3  A$lcc2242
     000007C5  A$lcc2242 |    000007C7  A$lcc2242 |    000007C8  A$lcc2242
     000007CA  A$lcc2242 |    000007CB  A$lcc2242 |    000007CC  A$lcc2242
     000007CD  A$lcc2242 |    000007CE  A$lcc2242 |    000007D0  A$lcc2242
     000007D1  A$lcc2242 |    000007D4  A$lcc2242 |    000007D6  A$lcc2242
     000007D6  C$main.c$ |    000007D9  A$lcc2242 |    000007D9  C$main.c$
     000007DC  A$lcc2242 |    000007DD  A$lcc2242 |    000007E0  A$lcc2242
     000007E0  C$main.c$ |    000007E3  A$lcc2242 |    000007E4  A$lcc2242
     000007E5  A$lcc2242 |    000007E6  A$lcc2242 |    000007E9  A$lcc2242
     000007EB  A$lcc2242 |    000007ED  A$lcc2242 |    000007F0  A$lcc2242
     000007F2  A$lcc2242 |    000007F5  A$lcc2242 |    000007F6  A$lcc2242
ASxxxx Linker V03.00 + NoICE + sdld,  page 10.
Hexadecimal  [32-Bits]

Area                       Addr        Size        Decimal Bytes (Attributes)
--------------------       ----        ----        ------- ----- ------------
_CODE                  00000200    00002625 =        9765. bytes (REL,CON)

        Value  Global            Value  Global            Value  Global    
        -----  ------            -----  ------            -----  ------    
     000007F7  A$lcc2242 |    000007F8  A$lcc2242 |    000007FB  A$lcc2242
     000007FC  A$lcc2242 |    000007FD  A$lcc2242 |    000007FE  A$lcc2242
     00000801  A$lcc2242 |    00000802  A$lcc2242 |    00000805  A$lcc2242
     00000806  A$lcc2242 |    00000808  A$lcc2242 |    00000808  C$main.c$
     00000808  C$main.c$ |    00000809  A$lcc2242 |    0000080A  A$lcc2242
     0000080B  A$lcc2242 |    0000080B  C$main.c$ |    0000080C  A$lcc2242
     0000080D  A$lcc2242 |    0000080F  A$lcc2242 |    00000812  A$lcc2242
     00000814  A$lcc2242 |    00000815  A$lcc2242 |    00000818  A$lcc2242
     0000081A  A$lcc2242 |    0000081B  A$lcc2242 |    0000081E  A$lcc2242
     0000081F  A$lcc2242 |    00000820  A$lcc2242 |    00000821  A$lcc2242
     00000822  A$lcc2242 |    00000825  A$lcc2242 |    00000826  A$lcc2242
     00000827  A$lcc2242 |    00000828  A$lcc2242 |    0000082B  A$lcc2242
     0000082D  A$lcc2242 |    0000082F  A$lcc2242 |    00000830  A$lcc2242
     00000831  A$lcc2242 |    00000832  A$lcc2242 |    00000833  A$lcc2242
     00000835  A$lcc2242 |    00000836  A$lcc2242 |    00000839  A$lcc2242
     0000083B  A$lcc2242 |    0000083B  C$main.c$ |    0000083D  A$lcc2242
     0000083D  C$main.c$ |    0000083E  A$lcc2242 |    00000840  A$lcc2242
     00000843  A$lcc2242 |    00000845  A$lcc2242 |    00000847  A$lcc2242
     00000848  A$lcc2242 |    0000084B  A$lcc2242 |    0000084D  A$lcc2242
     0000084E  A$lcc2242 |    00000851  A$lcc2242 |    00000852  A$lcc2242
     00000853  A$lcc2242 |    00000854  A$lcc2242 |    00000855  A$lcc2242
     00000858  A$lcc2242 |    00000859  A$lcc2242 |    0000085A  A$lcc2242
     0000085B  A$lcc2242 |    0000085E  A$lcc2242 |    00000860  A$lcc2242
     00000862  A$lcc2242 |    00000864  A$lcc2242 |    00000866  A$lcc2242
     00000869  A$lcc2242 |    0000086B  A$lcc2242 |    0000086E  A$lcc2242
     00000870  A$lcc2242 |    00000871  A$lcc2242 |    00000872  A$lcc2242
     00000873  A$lcc2242 |    00000874  A$lcc2242 |    00000875  A$lcc2242
     00000877  A$lcc2242 |    00000878  A$lcc2242 |    0000087B  A$lcc2242
     0000087D  A$lcc2242 |    0000087D  C$main.c$ |    0000087E  A$lcc2242
     0000087F  A$lcc2242 |    0000087F  C$main.c$ |    0000087F  XG$move_f
     00000880  A$lcc2242 |    00000880  C$main.c$ |    00000880  C$main.c$
     00000880  G$animate |    00000880  XG$animat |    00000880  _animate_
     00000881  A$lcc2242 |    00000881  C$main.c$ |    00000881  C$main.c$
     00000881  G$update_ |    00000881  _update_m |    00000884  A$lcc2242
     00000885  A$lcc2242 |    00000887  A$lcc2242 |    00000887  C$main.c$
     0000088A  A$lcc2242 |    0000088A  C$main.c$ |    0000088D  A$lcc2242
     0000088F  A$lcc2242 |    00000891  A$lcc2242 |    00000894  A$lcc2242
     00000896  A$lcc2242 |    00000899  A$lcc2242 |    0000089A  A$lcc2242
     0000089D  A$lcc2242 |    0000089E  A$lcc2242 |    0000089F  A$lcc2242
     000008A0  A$lcc2242 |    000008A0  C$main.c$ |    000008A3  A$lcc2242
     000008A4  A$lcc2242 |    000008A6  A$lcc2242 |    000008A6  C$main.c$
     000008A9  A$lcc2242 |    000008A9  C$main.c$ |    000008AC  A$lcc2242
     000008AE  A$lcc2242 |    000008B0  A$lcc2242 |    000008B3  A$lcc2242
     000008B5  A$lcc2242 |    000008B8  A$lcc2242 |    000008B9  A$lcc2242
     000008BC  A$lcc2242 |    000008BD  A$lcc2242 |    000008BE  A$lcc2242
     000008BF  A$lcc2242 |    000008BF  C$main.c$ |    000008C2  A$lcc2242
     000008C3  A$lcc2242 |    000008C5  A$lcc2242 |    000008C8  A$lcc2242
     000008C9  A$lcc2242 |    000008CA  A$lcc2242 |    000008CA  C$main.c$
     000008CD  A$lcc2242 |    000008CF  A$lcc2242 |    000008CF  C$main.c$
     000008D2  A$lcc2242 |    000008D3  A$lcc2242 |    000008D4  A$lcc2242
     000008D5  A$lcc2242 |    000008D8  A$lcc2242 |    000008D9  A$lcc2242
ASxxxx Linker V03.00 + NoICE + sdld,  page 11.
Hexadecimal  [32-Bits]

Area                       Addr        Size        Decimal Bytes (Attributes)
--------------------       ----        ----        ------- ----- ------------
_CODE                  00000200    00002625 =        9765. bytes (REL,CON)

        Value  Global            Value  Global            Value  Global    
        -----  ------            -----  ------            -----  ------    
     000008DB  A$lcc2242 |    000008DC  A$lcc2242 |    000008DD  A$lcc2242
     000008DE  A$lcc2242 |    000008DF  A$lcc2242 |    000008E0  A$lcc2242
     000008E1  A$lcc2242 |    000008E3  A$lcc2242 |    000008E5  A$lcc2242
     000008E7  A$lcc2242 |    000008E9  A$lcc2242 |    000008EA  A$lcc2242
     000008EC  A$lcc2242 |    000008EE  A$lcc2242 |    000008F0  A$lcc2242
     000008F1  A$lcc2242 |    000008F2  A$lcc2242 |    000008F2  C$main.c$
     000008F5  A$lcc2242 |    000008F6  A$lcc2242 |    000008F8  A$lcc2242
     000008F9  A$lcc2242 |    000008FA  A$lcc2242 |    000008FC  A$lcc2242
     000008FD  A$lcc2242 |    000008FD  C$main.c$ |    00000900  A$lcc2242
     00000900  C$main.c$ |    00000903  A$lcc2242 |    00000906  A$lcc2242
     00000906  C$main.c$ |    00000906  XG$update |    00000907  A$lcc2242
     00000907  C$main.c$ |    00000907  C$main.c$ |    00000907  G$paralla
     00000907  _parallax |    00000909  A$lcc2242 |    0000090A  A$lcc2242
     0000090C  A$lcc2242 |    0000090E  A$lcc2242 |    00000910  A$lcc2242
     00000912  A$lcc2242 |    00000914  A$lcc2242 |    00000916  A$lcc2242
     00000918  A$lcc2242 |    0000091A  A$lcc2242 |    0000091C  A$lcc2242
     0000091E  A$lcc2242 |    00000920  A$lcc2242 |    00000922  A$lcc2242
     00000924  A$lcc2242 |    00000926  A$lcc2242 |    00000928  A$lcc2242
     0000092A  A$lcc2242 |    0000092C  A$lcc2242 |    0000092E  A$lcc2242
     00000931  A$lcc2242 |    00000933  A$lcc2242 |    00000936  A$lcc2242
     00000938  A$lcc2242 |    0000093B  A$lcc2242 |    0000093D  A$lcc2242
     00000940  A$lcc2242 |    00000941  A$lcc2242 |    00000941  C$main.c$
     00000942  A$lcc2242 |    00000944  A$lcc2242 |    00000945  A$lcc2242
     00000947  A$lcc2242 |    00000947  C$main.c$ |    00000949  A$lcc2242
     0000094B  A$lcc2242 |    0000094B  C$main.c$ |    0000094C  A$lcc2242
     0000094C  C$main.c$ |    0000094F  A$lcc2242 |    00000951  A$lcc2242
     00000952  A$lcc2242 |    00000954  A$lcc2242 |    00000954  C$main.c$
     00000956  A$lcc2242 |    00000958  A$lcc2242 |    00000958  C$main.c$
     00000959  A$lcc2242 |    00000959  C$main.c$ |    0000095C  A$lcc2242
     0000095E  A$lcc2242 |    0000095F  A$lcc2242 |    00000961  A$lcc2242
     00000961  C$main.c$ |    00000963  A$lcc2242 |    00000965  A$lcc2242
     00000965  C$main.c$ |    00000966  A$lcc2242 |    00000966  C$main.c$
     00000969  A$lcc2242 |    0000096B  A$lcc2242 |    0000096C  A$lcc2242
     0000096E  A$lcc2242 |    0000096E  C$main.c$ |    00000970  A$lcc2242
     00000972  A$lcc2242 |    00000972  C$main.c$ |    00000973  A$lcc2242
     00000973  C$main.c$ |    00000976  A$lcc2242 |    00000978  A$lcc2242
     00000979  A$lcc2242 |    0000097B  A$lcc2242 |    0000097B  C$main.c$
     0000097D  A$lcc2242 |    0000097F  A$lcc2242 |    0000097F  C$main.c$
     00000980  A$lcc2242 |    00000980  C$main.c$ |    00000983  A$lcc2242
     00000985  A$lcc2242 |    00000986  A$lcc2242 |    00000988  A$lcc2242
     00000988  C$main.c$ |    0000098A  A$lcc2242 |    0000098C  A$lcc2242
     0000098C  C$main.c$ |    0000098D  A$lcc2242 |    0000098D  C$main.c$
     0000098E  A$lcc2242 |    00000990  A$lcc2242 |    00000991  A$lcc2242
     00000993  A$lcc2242 |    00000993  C$main.c$ |    00000995  A$lcc2242
     00000997  A$lcc2242 |    00000997  C$main.c$ |    00000998  A$lcc2242
     00000998  C$main.c$ |    0000099B  A$lcc2242 |    0000099D  A$lcc2242
     0000099E  A$lcc2242 |    000009A0  A$lcc2242 |    000009A0  C$main.c$
     000009A2  A$lcc2242 |    000009A4  A$lcc2242 |    000009A4  C$main.c$
     000009A5  A$lcc2242 |    000009A5  C$main.c$ |    000009A8  A$lcc2242
     000009AA  A$lcc2242 |    000009AB  A$lcc2242 |    000009AD  A$lcc2242
     000009AD  C$main.c$ |    000009AF  A$lcc2242 |    000009B1  A$lcc2242
ASxxxx Linker V03.00 + NoICE + sdld,  page 12.
Hexadecimal  [32-Bits]

Area                       Addr        Size        Decimal Bytes (Attributes)
--------------------       ----        ----        ------- ----- ------------
_CODE                  00000200    00002625 =        9765. bytes (REL,CON)

        Value  Global            Value  Global            Value  Global    
        -----  ------            -----  ------            -----  ------    
     000009B1  C$main.c$ |    000009B2  A$lcc2242 |    000009B2  C$main.c$
     000009B5  A$lcc2242 |    000009B7  A$lcc2242 |    000009B8  A$lcc2242
     000009BA  A$lcc2242 |    000009BA  C$main.c$ |    000009BC  A$lcc2242
     000009BE  A$lcc2242 |    000009BE  C$main.c$ |    000009BF  A$lcc2242
     000009BF  C$main.c$ |    000009C2  A$lcc2242 |    000009C4  A$lcc2242
     000009C5  A$lcc2242 |    000009C7  A$lcc2242 |    000009C7  C$main.c$
     000009C9  A$lcc2242 |    000009CB  A$lcc2242 |    000009CB  C$main.c$
     000009CC  A$lcc2242 |    000009CC  C$main.c$ |    000009CF  A$lcc2242
     000009D1  A$lcc2242 |    000009D2  A$lcc2242 |    000009D4  A$lcc2242
     000009D4  C$main.c$ |    000009D6  A$lcc2242 |    000009D8  A$lcc2242
     000009D8  C$main.c$ |    000009D9  A$lcc2242 |    000009D9  C$main.c$
     000009DA  A$lcc2242 |    000009DC  A$lcc2242 |    000009DD  A$lcc2242
     000009DF  A$lcc2242 |    000009DF  C$main.c$ |    000009E0  A$lcc2242
     000009E2  A$lcc2242 |    000009E2  C$main.c$ |    000009E2  C$main.c$
     000009E2  XG$parall |    000009E3  A$lcc2242 |    000009E3  C$main.c$
     000009E3  G$update_ |    000009E3  _update_p |    000009E6  A$lcc2242
     000009E7  A$lcc2242 |    000009E7  C$main.c$ |    000009E8  A$lcc2242
     000009E8  C$main.c$ |    000009EB  A$lcc2242 |    000009ED  A$lcc2242
     000009EF  A$lcc2242 |    000009F0  A$lcc2242 |    000009F1  A$lcc2242
     000009F3  A$lcc2242 |    000009F3  C$main.c$ |    000009F4  A$lcc2242
     000009F6  A$lcc2242 |    000009F8  A$lcc2242 |    000009F8  C$main.c$
     000009FA  A$lcc2242 |    000009FC  A$lcc2242 |    000009FC  C$main.c$
     000009FD  A$lcc2242 |    000009FF  A$lcc2242 |    000009FF  C$main.c$
     00000A02  A$lcc2242 |    00000A03  A$lcc2242 |    00000A05  A$lcc2242
     00000A07  A$lcc2242 |    00000A07  C$main.c$ |    00000A09  A$lcc2242
     00000A09  C$main.c$ |    00000A0C  A$lcc2242 |    00000A0D  A$lcc2242
     00000A0F  A$lcc2242 |    00000A12  A$lcc2242 |    00000A13  A$lcc2242
     00000A16  A$lcc2242 |    00000A17  A$lcc2242 |    00000A17  C$main.c$
     00000A19  A$lcc2242 |    00000A19  C$main.c$ |    00000A1C  A$lcc2242
     00000A1D  A$lcc2242 |    00000A1F  A$lcc2242 |    00000A1F  C$main.c$
     00000A21  A$lcc2242 |    00000A21  C$main.c$ |    00000A23  A$lcc2242
     00000A26  A$lcc2242 |    00000A27  A$lcc2242 |    00000A2A  A$lcc2242
     00000A2B  A$lcc2242 |    00000A2B  C$main.c$ |    00000A2B  C$main.c$
     00000A2E  A$lcc2242 |    00000A2F  A$lcc2242 |    00000A2F  C$main.c$
     00000A2F  XG$update |    00000A30  A$lcc2242 |    00000A30  C$main.c$
     00000A30  G$scroll_ |    00000A30  _scroll_c |    00000A31  A$lcc2242
     00000A31  C$main.c$ |    00000A34  A$lcc2242 |    00000A35  A$lcc2242
     00000A37  A$lcc2242 |    00000A3A  A$lcc2242 |    00000A3D  A$lcc2242
     00000A3E  A$lcc2242 |    00000A3F  A$lcc2242 |    00000A41  A$lcc2242
     00000A41  C$main.c$ |    00000A44  A$lcc2242 |    00000A45  A$lcc2242
     00000A46  A$lcc2242 |    00000A47  A$lcc2242 |    00000A47  C$main.c$
     00000A48  A$lcc2242 |    00000A49  A$lcc2242 |    00000A4A  A$lcc2242
     00000A4B  A$lcc2242 |    00000A4C  A$lcc2242 |    00000A4D  A$lcc2242
     00000A4D  C$main.c$ |    00000A4E  A$lcc2242 |    00000A4F  A$lcc2242
     00000A50  A$lcc2242 |    00000A51  A$lcc2242 |    00000A52  A$lcc2242
     00000A53  A$lcc2242 |    00000A54  A$lcc2242 |    00000A54  C$main.c$
     00000A57  A$lcc2242 |    00000A58  A$lcc2242 |    00000A5A  A$lcc2242
     00000A5D  A$lcc2242 |    00000A5E  A$lcc2242 |    00000A5E  C$main.c$
     00000A5E  C$main.c$ |    00000A5F  A$lcc2242 |    00000A61  A$lcc2242
     00000A61  C$main.c$ |    00000A64  A$lcc2242 |    00000A65  A$lcc2242
     00000A66  A$lcc2242 |    00000A67  A$lcc2242 |    00000A68  A$lcc2242
ASxxxx Linker V03.00 + NoICE + sdld,  page 13.
Hexadecimal  [32-Bits]

Area                       Addr        Size        Decimal Bytes (Attributes)
--------------------       ----        ----        ------- ----- ------------
_CODE                  00000200    00002625 =        9765. bytes (REL,CON)

        Value  Global            Value  Global            Value  Global    
        -----  ------            -----  ------            -----  ------    
     00000A6B  A$lcc2242 |    00000A6C  A$lcc2242 |    00000A6D  A$lcc2242
     00000A6E  A$lcc2242 |    00000A6E  C$main.c$ |    00000A71  A$lcc2242
     00000A71  C$main.c$ |    00000A74  A$lcc2242 |    00000A76  A$lcc2242
     00000A78  A$lcc2242 |    00000A78  C$main.c$ |    00000A7B  A$lcc2242
     00000A7C  A$lcc2242 |    00000A7D  A$lcc2242 |    00000A7E  A$lcc2242
     00000A7F  A$lcc2242 |    00000A82  A$lcc2242 |    00000A83  A$lcc2242
     00000A84  A$lcc2242 |    00000A85  A$lcc2242 |    00000A85  C$main.c$
     00000A88  A$lcc2242 |    00000A88  C$main.c$ |    00000A8B  A$lcc2242
     00000A8C  A$lcc2242 |    00000A8E  A$lcc2242 |    00000A91  A$lcc2242
     00000A94  A$lcc2242 |    00000A95  A$lcc2242 |    00000A96  A$lcc2242
     00000A98  A$lcc2242 |    00000A98  C$main.c$ |    00000A9B  A$lcc2242
     00000A9C  A$lcc2242 |    00000A9D  A$lcc2242 |    00000A9E  A$lcc2242
     00000A9E  C$main.c$ |    00000AA1  A$lcc2242 |    00000AA2  A$lcc2242
     00000AA4  A$lcc2242 |    00000AA4  C$main.c$ |    00000AA7  A$lcc2242
     00000AA8  A$lcc2242 |    00000AA9  A$lcc2242 |    00000AAA  A$lcc2242
     00000AAB  A$lcc2242 |    00000AAE  A$lcc2242 |    00000AAF  A$lcc2242
     00000AB0  A$lcc2242 |    00000AB1  A$lcc2242 |    00000AB4  A$lcc2242
     00000AB6  A$lcc2242 |    00000AB7  A$lcc2242 |    00000ABA  A$lcc2242
     00000ABB  A$lcc2242 |    00000ABC  A$lcc2242 |    00000ABD  A$lcc2242
     00000AC0  A$lcc2242 |    00000AC1  A$lcc2242 |    00000AC2  A$lcc2242
     00000AC3  A$lcc2242 |    00000AC6  A$lcc2242 |    00000AC8  A$lcc2242
     00000ACA  A$lcc2242 |    00000ACB  A$lcc2242 |    00000ACC  A$lcc2242
     00000ACD  A$lcc2242 |    00000ACE  A$lcc2242 |    00000AD0  A$lcc2242
     00000AD1  A$lcc2242 |    00000AD4  A$lcc2242 |    00000AD6  A$lcc2242
     00000AD6  C$main.c$ |    00000AD9  A$lcc2242 |    00000AD9  C$main.c$
     00000ADC  A$lcc2242 |    00000ADD  A$lcc2242 |    00000ADF  A$lcc2242
     00000ADF  C$main.c$ |    00000AE2  A$lcc2242 |    00000AE4  A$lcc2242
     00000AE6  A$lcc2242 |    00000AE6  C$main.c$ |    00000AE9  A$lcc2242
     00000AEA  A$lcc2242 |    00000AEB  A$lcc2242 |    00000AEC  A$lcc2242
     00000AED  A$lcc2242 |    00000AF0  A$lcc2242 |    00000AF1  A$lcc2242
     00000AF2  A$lcc2242 |    00000AF3  A$lcc2242 |    00000AF3  C$main.c$
     00000AF6  A$lcc2242 |    00000AF6  C$main.c$ |    00000AF9  A$lcc2242
     00000AFB  A$lcc2242 |    00000AFD  A$lcc2242 |    00000AFD  C$main.c$
     00000B00  A$lcc2242 |    00000B01  A$lcc2242 |    00000B02  A$lcc2242
     00000B03  A$lcc2242 |    00000B03  C$main.c$ |    00000B06  A$lcc2242
     00000B07  A$lcc2242 |    00000B08  A$lcc2242 |    00000B09  A$lcc2242
     00000B09  C$main.c$ |    00000B0C  A$lcc2242 |    00000B0D  A$lcc2242
     00000B0E  A$lcc2242 |    00000B0F  A$lcc2242 |    00000B0F  C$main.c$
     00000B12  A$lcc2242 |    00000B13  A$lcc2242 |    00000B14  A$lcc2242
     00000B15  A$lcc2242 |    00000B15  C$main.c$ |    00000B18  A$lcc2242
     00000B19  A$lcc2242 |    00000B1B  A$lcc2242 |    00000B1B  C$main.c$
     00000B1E  A$lcc2242 |    00000B20  A$lcc2242 |    00000B22  A$lcc2242
     00000B22  C$main.c$ |    00000B25  A$lcc2242 |    00000B26  A$lcc2242
     00000B27  A$lcc2242 |    00000B28  A$lcc2242 |    00000B29  A$lcc2242
     00000B2C  A$lcc2242 |    00000B2D  A$lcc2242 |    00000B2E  A$lcc2242
     00000B2F  A$lcc2242 |    00000B2F  C$main.c$ |    00000B32  A$lcc2242
     00000B32  C$main.c$ |    00000B35  A$lcc2242 |    00000B36  A$lcc2242
     00000B38  A$lcc2242 |    00000B3B  A$lcc2242 |    00000B3E  A$lcc2242
     00000B3F  A$lcc2242 |    00000B40  A$lcc2242 |    00000B42  A$lcc2242
     00000B42  C$main.c$ |    00000B45  A$lcc2242 |    00000B46  A$lcc2242
     00000B47  A$lcc2242 |    00000B48  A$lcc2242 |    00000B48  C$main.c$
ASxxxx Linker V03.00 + NoICE + sdld,  page 14.
Hexadecimal  [32-Bits]

Area                       Addr        Size        Decimal Bytes (Attributes)
--------------------       ----        ----        ------- ----- ------------
_CODE                  00000200    00002625 =        9765. bytes (REL,CON)

        Value  Global            Value  Global            Value  Global    
        -----  ------            -----  ------            -----  ------    
     00000B4B  A$lcc2242 |    00000B4C  A$lcc2242 |    00000B4D  A$lcc2242
     00000B4E  A$lcc2242 |    00000B4E  C$main.c$ |    00000B51  A$lcc2242
     00000B52  A$lcc2242 |    00000B53  A$lcc2242 |    00000B53  C$main.c$
     00000B53  XG$scroll |    00000B54  A$lcc2242 |    00000B54  C$main.c$
     00000B54  C$main.c$ |    00000B54  G$pause_g |    00000B54  _pause_ga
     00000B57  A$lcc2242 |    00000B59  A$lcc2242 |    00000B59  C$main.c$
     00000B5C  A$lcc2242 |    00000B5D  A$lcc2242 |    00000B60  A$lcc2242
     00000B61  A$lcc2242 |    00000B64  A$lcc2242 |    00000B65  A$lcc2242
     00000B66  A$lcc2242 |    00000B67  A$lcc2242 |    00000B67  C$main.c$
     00000B6A  A$lcc2242 |    00000B6B  A$lcc2242 |    00000B6C  A$lcc2242
     00000B6D  A$lcc2242 |    00000B6D  C$main.c$ |    00000B6F  A$lcc2242
     00000B70  A$lcc2242 |    00000B71  A$lcc2242 |    00000B74  A$lcc2242
     00000B75  A$lcc2242 |    00000B76  A$lcc2242 |    00000B77  A$lcc2242
     00000B78  A$lcc2242 |    00000B7B  A$lcc2242 |    00000B7D  A$lcc2242
     00000B7D  C$main.c$ |    00000B80  A$lcc2242 |    00000B81  A$lcc2242
     00000B83  A$lcc2242 |    00000B84  A$lcc2242 |    00000B85  A$lcc2242
     00000B85  C$main.c$ |    00000B86  A$lcc2242 |    00000B86  C$main.c$
     00000B86  XG$pause_ |    00000B88  A$lcc2242 |    00000B88  C$main.c$
     00000B88  C$main.c$ |    00000B88  G$unpause |    00000B88  _unpause_
     00000B8B  A$lcc2242 |    00000B8D  A$lcc2242 |    00000B8D  C$main.c$
     00000B90  A$lcc2242 |    00000B91  A$lcc2242 |    00000B94  A$lcc2242
     00000B95  A$lcc2242 |    00000B98  A$lcc2242 |    00000B99  A$lcc2242
     00000B9A  A$lcc2242 |    00000B9B  A$lcc2242 |    00000B9B  C$main.c$
     00000B9D  A$lcc2242 |    00000B9E  A$lcc2242 |    00000B9F  A$lcc2242
     00000BA0  A$lcc2242 |    00000BA0  C$main.c$ |    00000BA1  A$lcc2242
     00000BA2  A$lcc2242 |    00000BA3  A$lcc2242 |    00000BA6  A$lcc2242
     00000BA7  A$lcc2242 |    00000BA8  A$lcc2242 |    00000BA9  A$lcc2242
     00000BAA  A$lcc2242 |    00000BAD  A$lcc2242 |    00000BAF  A$lcc2242
     00000BAF  C$main.c$ |    00000BB2  A$lcc2242 |    00000BB3  A$lcc2242
     00000BB5  A$lcc2242 |    00000BB6  A$lcc2242 |    00000BB7  A$lcc2242
     00000BB7  C$main.c$ |    00000BB8  A$lcc2242 |    00000BB8  C$main.c$
     00000BB8  XG$unpaus |    00000BBA  A$lcc2242 |    00000BBA  C$main.c$
     00000BBA  G$drain_t |    00000BBA  _drain_ti |    00000BBB  A$lcc2242
     00000BBC  A$lcc2242 |    00000BBC  C$main.c$ |    00000BBF  A$lcc2242
     00000BC0  A$lcc2242 |    00000BC2  A$lcc2242 |    00000BC3  A$lcc2242
     00000BC5  A$lcc2242 |    00000BC7  A$lcc2242 |    00000BC8  A$lcc2242
     00000BC8  C$main.c$ |    00000BC9  A$lcc2242 |    00000BCA  A$lcc2242
     00000BCC  A$lcc2242 |    00000BCE  A$lcc2242 |    00000BD1  A$lcc2242
     00000BD2  A$lcc2242 |    00000BD4  A$lcc2242 |    00000BD6  A$lcc2242
     00000BD8  A$lcc2242 |    00000BDA  A$lcc2242 |    00000BDC  A$lcc2242
     00000BDE  A$lcc2242 |    00000BDF  A$lcc2242 |    00000BDF  C$main.c$
     00000BE1  A$lcc2242 |    00000BE2  A$lcc2242 |    00000BE4  A$lcc2242
     00000BE5  A$lcc2242 |    00000BE8  A$lcc2242 |    00000BE9  A$lcc2242
     00000BEA  A$lcc2242 |    00000BEA  C$main.c$ |    00000BED  A$lcc2242
     00000BEE  A$lcc2242 |    00000BF1  A$lcc2242 |    00000BF2  A$lcc2242
     00000BF4  A$lcc2242 |    00000BF5  A$lcc2242 |    00000BF8  A$lcc2242
     00000BF9  A$lcc2242 |    00000BFA  A$lcc2242 |    00000BFB  A$lcc2242
     00000BFC  A$lcc2242 |    00000BFF  A$lcc2242 |    00000C00  A$lcc2242
     00000C01  A$lcc2242 |    00000C02  A$lcc2242 |    00000C03  A$lcc2242
     00000C04  A$lcc2242 |    00000C05  A$lcc2242 |    00000C06  A$lcc2242
     00000C09  A$lcc2242 |    00000C0A  A$lcc2242 |    00000C0B  A$lcc2242
ASxxxx Linker V03.00 + NoICE + sdld,  page 15.
Hexadecimal  [32-Bits]

Area                       Addr        Size        Decimal Bytes (Attributes)
--------------------       ----        ----        ------- ----- ------------
_CODE                  00000200    00002625 =        9765. bytes (REL,CON)

        Value  Global            Value  Global            Value  Global    
        -----  ------            -----  ------            -----  ------    
     00000C0B  C$main.c$ |    00000C0D  A$lcc2242 |    00000C0E  A$lcc2242
     00000C10  A$lcc2242 |    00000C12  A$lcc2242 |    00000C13  A$lcc2242
     00000C15  A$lcc2242 |    00000C16  A$lcc2242 |    00000C17  A$lcc2242
     00000C19  A$lcc2242 |    00000C1A  A$lcc2242 |    00000C1B  A$lcc2242
     00000C1D  A$lcc2242 |    00000C1E  A$lcc2242 |    00000C1F  A$lcc2242
     00000C21  A$lcc2242 |    00000C21  C$main.c$ |    00000C23  A$lcc2242
     00000C24  A$lcc2242 |    00000C26  A$lcc2242 |    00000C27  A$lcc2242
     00000C29  A$lcc2242 |    00000C2A  A$lcc2242 |    00000C2B  A$lcc2242
     00000C2C  A$lcc2242 |    00000C2D  A$lcc2242 |    00000C30  A$lcc2242
     00000C32  A$lcc2242 |    00000C32  C$main.c$ |    00000C35  A$lcc2242
     00000C36  A$lcc2242 |    00000C36  C$main.c$ |    00000C39  A$lcc2242
     00000C3A  A$lcc2242 |    00000C3C  A$lcc2242 |    00000C3D  A$lcc2242
     00000C3E  A$lcc2242 |    00000C40  A$lcc2242 |    00000C41  A$lcc2242
     00000C41  C$main.c$ |    00000C44  A$lcc2242 |    00000C44  C$main.c$
     00000C47  A$lcc2242 |    00000C48  A$lcc2242 |    00000C4A  A$lcc2242
     00000C4B  A$lcc2242 |    00000C4C  A$lcc2242 |    00000C4C  C$main.c$
     00000C4E  A$lcc2242 |    00000C4F  A$lcc2242 |    00000C51  A$lcc2242
     00000C53  A$lcc2242 |    00000C53  C$main.c$ |    00000C56  A$lcc2242
     00000C58  A$lcc2242 |    00000C58  C$main.c$ |    00000C5B  A$lcc2242
     00000C5D  A$lcc2242 |    00000C5E  A$lcc2242 |    00000C5F  A$lcc2242
     00000C5F  C$main.c$ |    00000C5F  XG$drain_ |    00000C60  A$lcc2242
     00000C60  C$main.c$ |    00000C60  G$reload_ |    00000C60  _reload_t
     00000C61  A$lcc2242 |    00000C62  A$lcc2242 |    00000C62  C$main.c$
     00000C65  A$lcc2242 |    00000C66  A$lcc2242 |    00000C68  A$lcc2242
     00000C69  A$lcc2242 |    00000C6B  A$lcc2242 |    00000C6D  A$lcc2242
     00000C6E  A$lcc2242 |    00000C6E  C$main.c$ |    00000C6F  A$lcc2242
     00000C70  A$lcc2242 |    00000C72  A$lcc2242 |    00000C74  A$lcc2242
     00000C77  A$lcc2242 |    00000C78  A$lcc2242 |    00000C7A  A$lcc2242
     00000C7C  A$lcc2242 |    00000C7E  A$lcc2242 |    00000C80  A$lcc2242
     00000C82  A$lcc2242 |    00000C84  A$lcc2242 |    00000C84  C$main.c$
     00000C86  A$lcc2242 |    00000C87  A$lcc2242 |    00000C88  A$lcc2242
     00000C8A  A$lcc2242 |    00000C8B  A$lcc2242 |    00000C8E  A$lcc2242
     00000C8F  A$lcc2242 |    00000C90  A$lcc2242 |    00000C90  C$main.c$
     00000C93  A$lcc2242 |    00000C94  A$lcc2242 |    00000C97  A$lcc2242
     00000C98  A$lcc2242 |    00000C9A  A$lcc2242 |    00000C9A  C$main.c$
     00000C9B  A$lcc2242 |    00000C9C  A$lcc2242 |    00000C9D  A$lcc2242
     00000C9F  A$lcc2242 |    00000CA1  A$lcc2242 |    00000CA2  A$lcc2242
     00000CA3  A$lcc2242 |    00000CA4  A$lcc2242 |    00000CA5  A$lcc2242
     00000CA6  A$lcc2242 |    00000CA7  A$lcc2242 |    00000CA9  A$lcc2242
     00000CAA  A$lcc2242 |    00000CAB  A$lcc2242 |    00000CAD  A$lcc2242
     00000CAE  A$lcc2242 |    00000CAF  A$lcc2242 |    00000CB1  A$lcc2242
     00000CB1  C$main.c$ |    00000CB3  A$lcc2242 |    00000CB4  A$lcc2242
     00000CB6  A$lcc2242 |    00000CB7  A$lcc2242 |    00000CB8  A$lcc2242
     00000CBA  A$lcc2242 |    00000CBB  A$lcc2242 |    00000CBC  A$lcc2242
     00000CBD  A$lcc2242 |    00000CBE  A$lcc2242 |    00000CC1  A$lcc2242
     00000CC3  A$lcc2242 |    00000CC3  C$main.c$ |    00000CC6  A$lcc2242
     00000CC7  A$lcc2242 |    00000CC7  C$main.c$ |    00000CC9  A$lcc2242
     00000CCA  A$lcc2242 |    00000CCC  A$lcc2242 |    00000CCE  A$lcc2242
     00000CCE  C$main.c$ |    00000CD1  A$lcc2242 |    00000CD1  C$main.c$
     00000CD4  A$lcc2242 |    00000CD4  C$main.c$ |    00000CD7  A$lcc2242
     00000CD9  A$lcc2242 |    00000CDA  A$lcc2242 |    00000CDB  A$lcc2242
ASxxxx Linker V03.00 + NoICE + sdld,  page 16.
Hexadecimal  [32-Bits]

Area                       Addr        Size        Decimal Bytes (Attributes)
--------------------       ----        ----        ------- ----- ------------
_CODE                  00000200    00002625 =        9765. bytes (REL,CON)

        Value  Global            Value  Global            Value  Global    
        -----  ------            -----  ------            -----  ------    
     00000CDB  C$main.c$ |    00000CDB  XG$reload |    00000CDC  A$lcc2242
     00000CDC  C$main.c$ |    00000CDC  C$main.c$ |    00000CDC  G$pts_200
     00000CDC  _pts_200_ |    00000CDF  A$lcc2242 |    00000CE0  A$lcc2242
     00000CE2  A$lcc2242 |    00000CE3  A$lcc2242 |    00000CE4  A$lcc2242
     00000CE6  A$lcc2242 |    00000CE7  A$lcc2242 |    00000CE7  C$main.c$
     00000CEA  A$lcc2242 |    00000CEA  C$main.c$ |    00000CED  A$lcc2242
     00000CEF  A$lcc2242 |    00000CEF  C$main.c$ |    00000CEF  XG$pts_20
     00000CF0  A$lcc2242 |    00000CF0  C$main.c$ |    00000CF0  C$main.c$
     00000CF0  G$pts_200 |    00000CF0  _pts_200_ |    00000CF3  A$lcc2242
     00000CF4  A$lcc2242 |    00000CF6  A$lcc2242 |    00000CF7  A$lcc2242
     00000CF8  A$lcc2242 |    00000CFA  A$lcc2242 |    00000CFB  A$lcc2242
     00000CFB  C$main.c$ |    00000CFE  A$lcc2242 |    00000CFE  C$main.c$
     00000CFE  C$main.c$ |    00000CFE  XG$pts_20 |    00000D01  A$lcc2242
     00000D01  C$main.c$ |    00000D01  G$collide |    00000D01  _collide_
     00000D03  A$lcc2242 |    00000D05  A$lcc2242 |    00000D06  A$lcc2242
     00000D07  A$lcc2242 |    00000D08  A$lcc2242 |    00000D08  C$main.c$
     00000D0B  A$lcc2242 |    00000D0C  A$lcc2242 |    00000D0D  A$lcc2242
     00000D0F  A$lcc2242 |    00000D11  A$lcc2242 |    00000D11  C$main.c$
     00000D12  A$lcc2242 |    00000D13  A$lcc2242 |    00000D15  A$lcc2242
     00000D15  C$main.c$ |    00000D16  A$lcc2242 |    00000D17  A$lcc2242
     00000D18  A$lcc2242 |    00000D19  A$lcc2242 |    00000D1A  A$lcc2242
     00000D1B  A$lcc2242 |    00000D1C  A$lcc2242 |    00000D1E  A$lcc2242
     00000D1F  A$lcc2242 |    00000D21  A$lcc2242 |    00000D22  A$lcc2242
     00000D23  A$lcc2242 |    00000D24  A$lcc2242 |    00000D25  A$lcc2242
     00000D25  C$main.c$ |    00000D27  A$lcc2242 |    00000D28  A$lcc2242
     00000D2A  A$lcc2242 |    00000D2B  A$lcc2242 |    00000D2C  A$lcc2242
     00000D2D  A$lcc2242 |    00000D2D  C$main.c$ |    00000D2F  A$lcc2242
     00000D30  A$lcc2242 |    00000D31  A$lcc2242 |    00000D32  A$lcc2242
     00000D35  A$lcc2242 |    00000D36  A$lcc2242 |    00000D37  A$lcc2242
     00000D38  A$lcc2242 |    00000D3A  A$lcc2242 |    00000D3B  A$lcc2242
     00000D3C  A$lcc2242 |    00000D3D  A$lcc2242 |    00000D3F  A$lcc2242
     00000D40  A$lcc2242 |    00000D41  A$lcc2242 |    00000D42  A$lcc2242
     00000D43  A$lcc2242 |    00000D44  A$lcc2242 |    00000D45  A$lcc2242
     00000D47  A$lcc2242 |    00000D47  C$main.c$ |    00000D48  A$lcc2242
     00000D49  A$lcc2242 |    00000D4A  A$lcc2242 |    00000D4B  A$lcc2242
     00000D4C  A$lcc2242 |    00000D4E  A$lcc2242 |    00000D4E  C$main.c$
     00000D4F  A$lcc2242 |    00000D50  A$lcc2242 |    00000D52  A$lcc2242
     00000D53  A$lcc2242 |    00000D55  A$lcc2242 |    00000D57  A$lcc2242
     00000D58  A$lcc2242 |    00000D5A  A$lcc2242 |    00000D5B  A$lcc2242
     00000D5D  A$lcc2242 |    00000D5F  A$lcc2242 |    00000D60  A$lcc2242
     00000D62  A$lcc2242 |    00000D63  A$lcc2242 |    00000D65  A$lcc2242
     00000D67  A$lcc2242 |    00000D68  A$lcc2242 |    00000D69  A$lcc2242
     00000D6B  A$lcc2242 |    00000D6C  A$lcc2242 |    00000D6E  A$lcc2242
     00000D6F  A$lcc2242 |    00000D70  A$lcc2242 |    00000D71  A$lcc2242
     00000D74  A$lcc2242 |    00000D75  A$lcc2242 |    00000D76  A$lcc2242
     00000D77  A$lcc2242 |    00000D78  A$lcc2242 |    00000D79  A$lcc2242
     00000D7A  A$lcc2242 |    00000D7B  A$lcc2242 |    00000D7C  A$lcc2242
     00000D7F  A$lcc2242 |    00000D80  A$lcc2242 |    00000D81  A$lcc2242
     00000D82  A$lcc2242 |    00000D84  A$lcc2242 |    00000D85  A$lcc2242
     00000D86  A$lcc2242 |    00000D88  A$lcc2242 |    00000D89  A$lcc2242
     00000D8A  A$lcc2242 |    00000D8B  A$lcc2242 |    00000D8D  A$lcc2242
ASxxxx Linker V03.00 + NoICE + sdld,  page 17.
Hexadecimal  [32-Bits]

Area                       Addr        Size        Decimal Bytes (Attributes)
--------------------       ----        ----        ------- ----- ------------
_CODE                  00000200    00002625 =        9765. bytes (REL,CON)

        Value  Global            Value  Global            Value  Global    
        -----  ------            -----  ------            -----  ------    
     00000D8E  A$lcc2242 |    00000D8F  A$lcc2242 |    00000D90  A$lcc2242
     00000D91  A$lcc2242 |    00000D93  A$lcc2242 |    00000D94  A$lcc2242
     00000D95  A$lcc2242 |    00000D96  A$lcc2242 |    00000D97  A$lcc2242
     00000D98  A$lcc2242 |    00000D9A  A$lcc2242 |    00000D9B  A$lcc2242
     00000D9C  A$lcc2242 |    00000D9D  A$lcc2242 |    00000D9E  A$lcc2242
     00000D9F  A$lcc2242 |    00000DA1  A$lcc2242 |    00000DA2  A$lcc2242
     00000DA3  A$lcc2242 |    00000DA4  A$lcc2242 |    00000DA6  A$lcc2242
     00000DA7  A$lcc2242 |    00000DA8  A$lcc2242 |    00000DA9  A$lcc2242
     00000DAC  A$lcc2242 |    00000DAD  A$lcc2242 |    00000DAF  A$lcc2242
     00000DAF  C$main.c$ |    00000DB2  A$lcc2242 |    00000DB3  A$lcc2242
     00000DB4  A$lcc2242 |    00000DB5  A$lcc2242 |    00000DB6  A$lcc2242
     00000DB8  A$lcc2242 |    00000DB9  A$lcc2242 |    00000DBB  A$lcc2242
     00000DBB  C$main.c$ |    00000DBD  A$lcc2242 |    00000DBE  A$lcc2242
     00000DBF  A$lcc2242 |    00000DC0  A$lcc2242 |    00000DC2  A$lcc2242
     00000DC2  C$main.c$ |    00000DC4  A$lcc2242 |    00000DC5  A$lcc2242
     00000DC6  A$lcc2242 |    00000DC7  A$lcc2242 |    00000DC8  A$lcc2242
     00000DC9  A$lcc2242 |    00000DCA  A$lcc2242 |    00000DCD  A$lcc2242
     00000DCE  A$lcc2242 |    00000DCF  A$lcc2242 |    00000DD0  A$lcc2242
     00000DD3  A$lcc2242 |    00000DD4  A$lcc2242 |    00000DD5  A$lcc2242
     00000DD6  A$lcc2242 |    00000DD8  A$lcc2242 |    00000DD9  A$lcc2242
     00000DDA  A$lcc2242 |    00000DDD  A$lcc2242 |    00000DDE  A$lcc2242
     00000DDE  C$main.c$ |    00000DE1  A$lcc2242 |    00000DE3  A$lcc2242
     00000DE5  A$lcc2242 |    00000DE5  C$main.c$ |    00000DE6  A$lcc2242
     00000DE8  A$lcc2242 |    00000DE9  A$lcc2242 |    00000DEB  A$lcc2242
     00000DEB  C$main.c$ |    00000DEE  A$lcc2242 |    00000DEF  A$lcc2242
     00000DF1  A$lcc2242 |    00000DF1  C$main.c$ |    00000DF4  A$lcc2242
     00000DF6  A$lcc2242 |    00000DF6  C$main.c$ |    00000DF6  XG$collid
     00000DF7  A$lcc2242 |    00000DF7  C$main.c$ |    00000DF7  G$win_che
     00000DF7  _win_chec |    00000DF9  A$lcc2242 |    00000DFB  A$lcc2242
     00000DFC  A$lcc2242 |    00000DFC  C$main.c$ |    00000DFE  A$lcc2242
     00000DFF  A$lcc2242 |    00000E00  A$lcc2242 |    00000E01  A$lcc2242
     00000E02  A$lcc2242 |    00000E03  A$lcc2242 |    00000E04  A$lcc2242
     00000E05  A$lcc2242 |    00000E08  A$lcc2242 |    00000E09  A$lcc2242
     00000E0A  A$lcc2242 |    00000E0B  A$lcc2242 |    00000E0D  A$lcc2242
     00000E0E  A$lcc2242 |    00000E0F  A$lcc2242 |    00000E10  A$lcc2242
     00000E12  A$lcc2242 |    00000E13  A$lcc2242 |    00000E14  A$lcc2242
     00000E15  A$lcc2242 |    00000E16  A$lcc2242 |    00000E18  A$lcc2242
     00000E1A  A$lcc2242 |    00000E1B  A$lcc2242 |    00000E1C  A$lcc2242
     00000E1D  A$lcc2242 |    00000E1E  A$lcc2242 |    00000E1F  A$lcc2242
     00000E20  A$lcc2242 |    00000E23  A$lcc2242 |    00000E24  A$lcc2242
     00000E25  A$lcc2242 |    00000E26  A$lcc2242 |    00000E27  A$lcc2242
     00000E28  A$lcc2242 |    00000E29  A$lcc2242 |    00000E2B  A$lcc2242
     00000E2D  A$lcc2242 |    00000E2E  A$lcc2242 |    00000E30  A$lcc2242
     00000E31  A$lcc2242 |    00000E33  A$lcc2242 |    00000E34  A$lcc2242
     00000E36  A$lcc2242 |    00000E37  A$lcc2242 |    00000E39  A$lcc2242
     00000E3A  A$lcc2242 |    00000E3C  A$lcc2242 |    00000E3C  C$main.c$
     00000E3E  A$lcc2242 |    00000E3F  A$lcc2242 |    00000E41  A$lcc2242
     00000E42  A$lcc2242 |    00000E43  A$lcc2242 |    00000E44  A$lcc2242
     00000E45  A$lcc2242 |    00000E46  A$lcc2242 |    00000E47  A$lcc2242
     00000E4A  A$lcc2242 |    00000E4B  A$lcc2242 |    00000E4C  A$lcc2242
     00000E4D  A$lcc2242 |    00000E4F  A$lcc2242 |    00000E50  A$lcc2242
ASxxxx Linker V03.00 + NoICE + sdld,  page 18.
Hexadecimal  [32-Bits]

Area                       Addr        Size        Decimal Bytes (Attributes)
--------------------       ----        ----        ------- ----- ------------
_CODE                  00000200    00002625 =        9765. bytes (REL,CON)

        Value  Global            Value  Global            Value  Global    
        -----  ------            -----  ------            -----  ------    
     00000E51  A$lcc2242 |    00000E52  A$lcc2242 |    00000E54  A$lcc2242
     00000E55  A$lcc2242 |    00000E56  A$lcc2242 |    00000E57  A$lcc2242
     00000E58  A$lcc2242 |    00000E5A  A$lcc2242 |    00000E5C  A$lcc2242
     00000E5E  A$lcc2242 |    00000E5F  A$lcc2242 |    00000E60  A$lcc2242
     00000E61  A$lcc2242 |    00000E64  A$lcc2242 |    00000E65  A$lcc2242
     00000E66  A$lcc2242 |    00000E67  A$lcc2242 |    00000E69  A$lcc2242
     00000E6B  A$lcc2242 |    00000E6D  A$lcc2242 |    00000E6F  A$lcc2242
     00000E71  A$lcc2242 |    00000E73  A$lcc2242 |    00000E73  C$main.c$
     00000E75  A$lcc2242 |    00000E76  A$lcc2242 |    00000E77  A$lcc2242
     00000E78  A$lcc2242 |    00000E7B  A$lcc2242 |    00000E7C  A$lcc2242
     00000E7D  A$lcc2242 |    00000E7E  A$lcc2242 |    00000E80  A$lcc2242
     00000E81  A$lcc2242 |    00000E82  A$lcc2242 |    00000E83  A$lcc2242
     00000E85  A$lcc2242 |    00000E86  A$lcc2242 |    00000E87  A$lcc2242
     00000E88  A$lcc2242 |    00000E89  A$lcc2242 |    00000E8A  A$lcc2242
     00000E8B  A$lcc2242 |    00000E8C  A$lcc2242 |    00000E8D  A$lcc2242
     00000E8F  A$lcc2242 |    00000E91  A$lcc2242 |    00000E92  A$lcc2242
     00000E93  A$lcc2242 |    00000E94  A$lcc2242 |    00000E95  A$lcc2242
     00000E96  A$lcc2242 |    00000E97  A$lcc2242 |    00000E9A  A$lcc2242
     00000E9B  A$lcc2242 |    00000E9C  A$lcc2242 |    00000E9D  A$lcc2242
     00000E9F  A$lcc2242 |    00000EA0  A$lcc2242 |    00000EA1  A$lcc2242
     00000EA2  A$lcc2242 |    00000EA4  A$lcc2242 |    00000EA5  A$lcc2242
     00000EA7  A$lcc2242 |    00000EA8  A$lcc2242 |    00000EA9  A$lcc2242
     00000EAA  A$lcc2242 |    00000EAC  A$lcc2242 |    00000EAE  A$lcc2242
     00000EB0  A$lcc2242 |    00000EB2  A$lcc2242 |    00000EB4  A$lcc2242
     00000EB6  A$lcc2242 |    00000EB6  C$main.c$ |    00000EB8  A$lcc2242
     00000EB9  A$lcc2242 |    00000EBB  A$lcc2242 |    00000EBC  A$lcc2242
     00000EBE  A$lcc2242 |    00000EBF  A$lcc2242 |    00000EC1  A$lcc2242
     00000EC2  A$lcc2242 |    00000EC4  A$lcc2242 |    00000EC6  A$lcc2242
     00000EC8  A$lcc2242 |    00000EC9  A$lcc2242 |    00000ECB  A$lcc2242
     00000ECC  A$lcc2242 |    00000ECE  A$lcc2242 |    00000ECF  A$lcc2242
     00000ED0  A$lcc2242 |    00000ED1  A$lcc2242 |    00000ED2  A$lcc2242
     00000ED3  A$lcc2242 |    00000ED4  A$lcc2242 |    00000ED4  C$main.c$
     00000ED6  A$lcc2242 |    00000ED7  A$lcc2242 |    00000ED8  A$lcc2242
     00000ED9  A$lcc2242 |    00000EDA  A$lcc2242 |    00000EDB  A$lcc2242
     00000EDC  A$lcc2242 |    00000EDC  C$main.c$ |    00000EDF  A$lcc2242
     00000EE0  A$lcc2242 |    00000EE1  A$lcc2242 |    00000EE3  A$lcc2242
     00000EE4  A$lcc2242 |    00000EE7  A$lcc2242 |    00000EE8  A$lcc2242
     00000EE9  A$lcc2242 |    00000EEA  A$lcc2242 |    00000EEC  A$lcc2242
     00000EED  A$lcc2242 |    00000EEE  A$lcc2242 |    00000EF0  A$lcc2242
     00000EF1  A$lcc2242 |    00000EF2  A$lcc2242 |    00000EF4  A$lcc2242
     00000EF4  C$main.c$ |    00000EF7  A$lcc2242 |    00000EF8  A$lcc2242
     00000EF9  A$lcc2242 |    00000EFB  A$lcc2242 |    00000EFB  C$main.c$
     00000EFC  A$lcc2242 |    00000EFD  A$lcc2242 |    00000EFD  C$main.c$
     00000F00  A$lcc2242 |    00000F01  A$lcc2242 |    00000F03  A$lcc2242
     00000F03  C$main.c$ |    00000F06  A$lcc2242 |    00000F06  C$main.c$
     00000F09  A$lcc2242 |    00000F0A  A$lcc2242 |    00000F0D  A$lcc2242
     00000F0E  A$lcc2242 |    00000F11  A$lcc2242 |    00000F12  A$lcc2242
     00000F15  A$lcc2242 |    00000F17  A$lcc2242 |    00000F17  C$main.c$
     00000F1A  A$lcc2242 |    00000F1C  A$lcc2242 |    00000F1F  A$lcc2242
     00000F20  A$lcc2242 |    00000F21  A$lcc2242 |    00000F22  A$lcc2242
     00000F25  A$lcc2242 |    00000F26  A$lcc2242 |    00000F27  A$lcc2242
ASxxxx Linker V03.00 + NoICE + sdld,  page 19.
Hexadecimal  [32-Bits]

Area                       Addr        Size        Decimal Bytes (Attributes)
--------------------       ----        ----        ------- ----- ------------
_CODE                  00000200    00002625 =        9765. bytes (REL,CON)

        Value  Global            Value  Global            Value  Global    
        -----  ------            -----  ------            -----  ------    
     00000F28  A$lcc2242 |    00000F29  A$lcc2242 |    00000F2A  A$lcc2242
     00000F2B  A$lcc2242 |    00000F2E  A$lcc2242 |    00000F2F  A$lcc2242
     00000F2F  C$main.c$ |    00000F32  A$lcc2242 |    00000F32  C$main.c$
     00000F35  A$lcc2242 |    00000F38  A$lcc2242 |    00000F38  C$main.c$
     00000F3A  A$lcc2242 |    00000F3B  A$lcc2242 |    00000F3D  A$lcc2242
     00000F3F  A$lcc2242 |    00000F40  A$lcc2242 |    00000F42  A$lcc2242
     00000F44  A$lcc2242 |    00000F44  C$main.c$ |    00000F47  A$lcc2242
     00000F48  A$lcc2242 |    00000F49  A$lcc2242 |    00000F4B  A$lcc2242
     00000F4B  C$main.c$ |    00000F4C  A$lcc2242 |    00000F4D  A$lcc2242
     00000F4D  C$main.c$ |    00000F50  A$lcc2242 |    00000F51  A$lcc2242
     00000F53  A$lcc2242 |    00000F53  C$main.c$ |    00000F56  A$lcc2242
     00000F56  C$main.c$ |    00000F59  A$lcc2242 |    00000F5A  A$lcc2242
     00000F5D  A$lcc2242 |    00000F5E  A$lcc2242 |    00000F61  A$lcc2242
     00000F62  A$lcc2242 |    00000F65  A$lcc2242 |    00000F67  A$lcc2242
     00000F67  C$main.c$ |    00000F6A  A$lcc2242 |    00000F6C  A$lcc2242
     00000F6F  A$lcc2242 |    00000F70  A$lcc2242 |    00000F71  A$lcc2242
     00000F72  A$lcc2242 |    00000F75  A$lcc2242 |    00000F76  A$lcc2242
     00000F77  A$lcc2242 |    00000F78  A$lcc2242 |    00000F79  A$lcc2242
     00000F7A  A$lcc2242 |    00000F7B  A$lcc2242 |    00000F7E  A$lcc2242
     00000F7F  A$lcc2242 |    00000F7F  C$main.c$ |    00000F82  A$lcc2242
     00000F82  C$main.c$ |    00000F85  A$lcc2242 |    00000F88  A$lcc2242
     00000F88  C$main.c$ |    00000F8A  A$lcc2242 |    00000F8B  A$lcc2242
     00000F8D  A$lcc2242 |    00000F8F  A$lcc2242 |    00000F90  A$lcc2242
     00000F92  A$lcc2242 |    00000F94  A$lcc2242 |    00000F94  C$main.c$
     00000F97  A$lcc2242 |    00000F98  A$lcc2242 |    00000F99  A$lcc2242
     00000F9B  A$lcc2242 |    00000F9B  C$main.c$ |    00000F9C  A$lcc2242
     00000F9D  A$lcc2242 |    00000F9D  C$main.c$ |    00000FA0  A$lcc2242
     00000FA1  A$lcc2242 |    00000FA3  A$lcc2242 |    00000FA3  C$main.c$
     00000FA6  A$lcc2242 |    00000FA6  C$main.c$ |    00000FA9  A$lcc2242
     00000FAA  A$lcc2242 |    00000FAD  A$lcc2242 |    00000FAE  A$lcc2242
     00000FB1  A$lcc2242 |    00000FB2  A$lcc2242 |    00000FB5  A$lcc2242
     00000FB7  A$lcc2242 |    00000FB7  C$main.c$ |    00000FBA  A$lcc2242
     00000FBC  A$lcc2242 |    00000FBF  A$lcc2242 |    00000FC0  A$lcc2242
     00000FC1  A$lcc2242 |    00000FC2  A$lcc2242 |    00000FC5  A$lcc2242
     00000FC6  A$lcc2242 |    00000FC7  A$lcc2242 |    00000FC8  A$lcc2242
     00000FC9  A$lcc2242 |    00000FCA  A$lcc2242 |    00000FCB  A$lcc2242
     00000FCE  A$lcc2242 |    00000FCF  A$lcc2242 |    00000FCF  C$main.c$
     00000FD2  A$lcc2242 |    00000FD2  C$main.c$ |    00000FD5  A$lcc2242
     00000FD8  A$lcc2242 |    00000FD8  C$main.c$ |    00000FDA  A$lcc2242
     00000FDB  A$lcc2242 |    00000FDD  A$lcc2242 |    00000FDF  A$lcc2242
     00000FE0  A$lcc2242 |    00000FE2  A$lcc2242 |    00000FE4  A$lcc2242
     00000FE4  C$main.c$ |    00000FE7  A$lcc2242 |    00000FE8  A$lcc2242
     00000FE9  A$lcc2242 |    00000FEB  A$lcc2242 |    00000FEB  C$main.c$
     00000FEC  A$lcc2242 |    00000FED  A$lcc2242 |    00000FED  C$main.c$
     00000FF0  A$lcc2242 |    00000FF1  A$lcc2242 |    00000FF3  A$lcc2242
     00000FF3  C$main.c$ |    00000FF6  A$lcc2242 |    00000FF6  C$main.c$
     00000FF9  A$lcc2242 |    00000FFA  A$lcc2242 |    00000FFD  A$lcc2242
     00000FFE  A$lcc2242 |    00001001  A$lcc2242 |    00001002  A$lcc2242
     00001005  A$lcc2242 |    00001007  A$lcc2242 |    00001007  C$main.c$
     0000100A  A$lcc2242 |    0000100C  A$lcc2242 |    0000100F  A$lcc2242
     00001010  A$lcc2242 |    00001011  A$lcc2242 |    00001012  A$lcc2242
ASxxxx Linker V03.00 + NoICE + sdld,  page 20.
Hexadecimal  [32-Bits]

Area                       Addr        Size        Decimal Bytes (Attributes)
--------------------       ----        ----        ------- ----- ------------
_CODE                  00000200    00002625 =        9765. bytes (REL,CON)

        Value  Global            Value  Global            Value  Global    
        -----  ------            -----  ------            -----  ------    
     00001015  A$lcc2242 |    00001016  A$lcc2242 |    00001017  A$lcc2242
     00001018  A$lcc2242 |    00001019  A$lcc2242 |    0000101A  A$lcc2242
     0000101B  A$lcc2242 |    0000101E  A$lcc2242 |    0000101F  A$lcc2242
     0000101F  C$main.c$ |    00001021  A$lcc2242 |    00001021  C$main.c$
     00001024  A$lcc2242 |    00001026  A$lcc2242 |    00001026  C$main.c$
     00001028  A$lcc2242 |    00001029  A$lcc2242 |    0000102B  A$lcc2242
     0000102D  A$lcc2242 |    0000102E  A$lcc2242 |    00001030  A$lcc2242
     00001032  A$lcc2242 |    00001032  C$main.c$ |    00001035  A$lcc2242
     00001036  A$lcc2242 |    00001037  A$lcc2242 |    00001039  A$lcc2242
     00001039  C$main.c$ |    0000103A  A$lcc2242 |    0000103B  A$lcc2242
     0000103B  C$main.c$ |    0000103E  A$lcc2242 |    0000103F  A$lcc2242
     00001041  A$lcc2242 |    00001041  C$main.c$ |    00001044  A$lcc2242
     00001044  C$main.c$ |    00001047  A$lcc2242 |    00001048  A$lcc2242
     0000104B  A$lcc2242 |    0000104C  A$lcc2242 |    0000104F  A$lcc2242
     00001050  A$lcc2242 |    00001053  A$lcc2242 |    00001055  A$lcc2242
     00001055  C$main.c$ |    00001058  A$lcc2242 |    0000105A  A$lcc2242
     0000105D  A$lcc2242 |    0000105E  A$lcc2242 |    0000105F  A$lcc2242
     00001060  A$lcc2242 |    00001063  A$lcc2242 |    00001064  A$lcc2242
     00001065  A$lcc2242 |    00001066  A$lcc2242 |    00001067  A$lcc2242
     00001068  A$lcc2242 |    00001069  A$lcc2242 |    0000106C  A$lcc2242
     0000106D  A$lcc2242 |    0000106D  C$main.c$ |    0000106F  A$lcc2242
     0000106F  C$main.c$ |    00001072  A$lcc2242 |    00001074  A$lcc2242
     00001074  C$main.c$ |    00001077  A$lcc2242 |    00001079  A$lcc2242
     00001079  C$main.c$ |    00001079  XG$win_ch |    0000107A  A$lcc2242
     0000107A  C$main.c$ |    0000107A  G$collide |    0000107A  _collide_
[...]
_HEADERe               00000000    00000001 =           1. bytes (ABS,CON)

        Value  Global            Value  Global            Value  Global    
        -----  ------            -----  ------            -----  ------    
ASxxxx Linker V03.00 + NoICE + sdld,  page 48.
Hexadecimal  [32-Bits]

Area                       Addr        Size        Decimal Bytes (Attributes)
--------------------       ----        ----        ------- ----- ------------
_HEADERf               00000000    00000002 =           2. bytes (ABS,CON)

        Value  Global            Value  Global            Value  Global    
        -----  ------            -----  ------            -----  ------    
ASxxxx Linker V03.00 + NoICE + sdld,  page 49.
Hexadecimal  [32-Bits]

Area                       Addr        Size        Decimal Bytes (Attributes)
--------------------       ----        ----        ------- ----- ------------
_HEADER10              00000000    00000084 =         132. bytes (ABS,CON)

        Value  Global            Value  Global            Value  Global    
        -----  ------            -----  ------            -----  ------    
     00000150  .reset    |    00000150  _reset    |    00000157  .code_sta
     000001B9  _exit     |    000001BD  _set_inte
ASxxxx Linker V03.00 + NoICE + sdld,  page 50.
Hexadecimal  [32-Bits]

Area                       Addr        Size        Decimal Bytes (Attributes)
--------------------       ----        ----        ------- ----- ------------
_HEADER11              00000000    00000001 =           1. bytes (ABS,CON)

        Value  Global            Value  Global            Value  Global    
        -----  ------            -----  ------            -----  ------    
ASxxxx Linker V03.00 + NoICE + sdld,  page 51.
Hexadecimal  [32-Bits]

Area                       Addr        Size        Decimal Bytes (Attributes)
--------------------       ----        ----        ------- ----- ------------
_HOME                  00002825    00000354 =         852. bytes (REL,CON)

        Value  Global            Value  Global            Value  Global    
        -----  ------            -----  ------            -----  ------    
     00002825  .memset_s |    0000282E  .memcpy_s |    0000284B  .remove_V
     0000284E  .remove_i |    0000286B  .add_VBL  |    0000286E  .add_int 
     00002879  .wait_vbl |    00002879  _wait_vbl |    00002889  .display_
     00002889  _display_ |    000028A1  _remove_V |    000028AC  _add_VBL 
     000028B7  A$lcc2242 |    000028B7  C$sound.c |    000028B7  G$hUGE_in
     000028B7  _hUGE_ini |    000028B8  A$lcc2242 |    000028B9  A$lcc2242
     000028BA  A$lcc2242 |    000028BB  A$lcc2242 |    000028BC  A$lcc2242
     000028BD  A$lcc2242 |    000028BD  C$sound.c |    000028BE  A$lcc2242
     000028BE  C$sound.c |    000028BF  A$lcc2242 |    000028C1  A$lcc2242
     000028C4  A$lcc2242 |    000028C5  A$lcc2242 |    000028C5  C$sound.c
     000028C6  A$lcc2242 |    000028C8  A$lcc2242 |    000028C9  A$lcc2242
     000028CA  A$lcc2242 |    000028CB  A$lcc2242 |    000028CE  A$lcc2242
     000028CF  A$lcc2242 |    000028CF  C$sound.c |    000028D0  A$lcc2242
     000028D2  A$lcc2242 |    000028D5  A$lcc2242 |    000028D6  A$lcc2242
     000028D7  A$lcc2242 |    000028D8  A$lcc2242 |    000028D9  A$lcc2242
     000028D9  C$sound.c |    000028D9  XG$hUGE_i |    000028DA  G$SFX_0$0
     000028DA  _SFX_0    |    000028E1  G$SFX_1$0 |    000028E1  _SFX_1   
     000028E7  G$SFX_2$0 |    000028E7  _SFX_2    |    000028EE  G$SFX_3$0
     000028EE  _SFX_3    |    000028F5  G$SFX_4$0 |    000028F5  _SFX_4   
     000028FB  G$SFX_5$0 |    000028FB  _SFX_5    |    00002902  G$SFX_6$0
     00002902  _SFX_6    |    00002909  G$SFX_7$0 |    00002909  _SFX_7   
     0000290F  A$lcc2242 |    0000290F  C$sound.c |    0000290F  C$sound.c
     0000290F  G$mute_ch |    0000290F  _mute_cha |    00002910  A$lcc2242
     00002912  A$lcc2242 |    00002913  A$lcc2242 |    00002915  A$lcc2242
     00002916  A$lcc2242 |    00002918  A$lcc2242 |    00002919  A$lcc2242
     0000291B  A$lcc2242 |    0000291B  C$sound.c |    0000291D  A$lcc2242
     0000291F  A$lcc2242 |    00002921  A$lcc2242 |    00002923  A$lcc2242
     00002925  A$lcc2242 |    00002927  A$lcc2242 |    00002927  C$sound.c
     00002929  A$lcc2242 |    0000292B  A$lcc2242 |    0000292B  C$sound.c
     0000292B  XG$mute_c |    0000292C  A$lcc2242 |    0000292C  C$sound.c
     0000292C  C$sound.c |    0000292C  G$music_p |    0000292C  _music_pl
     0000292E  A$lcc2242 |    00002930  A$lcc2242 |    00002930  C$sound.c
     00002933  A$lcc2242 |    00002935  A$lcc2242 |    00002935  C$sound.c
     00002938  A$lcc2242 |    0000293A  A$lcc2242 |    0000293A  C$sound.c
     0000293A  XG$music_ |    0000293B  A$lcc2242 |    0000293B  C$sound.c
     0000293B  C$sound.c |    0000293B  G$music_r |    0000293B  _music_re
     0000293D  A$lcc2242 |    0000293F  A$lcc2242 |    0000293F  C$sound.c
     00002942  A$lcc2242 |    00002944  A$lcc2242 |    00002944  C$sound.c
     00002947  A$lcc2242 |    00002949  A$lcc2242 |    00002949  C$sound.c
     00002949  XG$music_ |    0000294A  A$lcc2242 |    0000294A  C$sound.c
     0000294A  C$sound.c |    0000294A  G$music_p |    0000294A  _music_pa
     0000294D  A$lcc2242 |    0000294E  A$lcc2242 |    00002951  A$lcc2242
     00002952  A$lcc2242 |    00002952  C$sound.c |    00002955  A$lcc2242
     00002955  C$sound.c |    00002958  A$lcc2242 |    0000295A  A$lcc2242
     0000295A  C$sound.c |    0000295D  A$lcc2242 |    0000295F  A$lcc2242
     0000295F  C$sound.c |    0000295F  XG$music_ |    00002960  _rand    
     00002960  _randw    |    0000298B  _initrand |    0000298D  .initrand
     00002996  _set_tile |    0000299B  _set_bkg_ |    0000299B  _set_win_
     000029A3  _set_spri |    000029D3  .padup    |    000029D3  _waitpadu
     000029E3  .jpad     |    000029E3  _joypad   |    00002A0B  _waitpad 
ASxxxx Linker V03.00 + NoICE + sdld,  page 52.
Hexadecimal  [32-Bits]

Area                       Addr        Size        Decimal Bytes (Attributes)
--------------------       ----        ----        ------- ----- ------------
_HOME                  00002825    00000354 =         852. bytes (REL,CON)

        Value  Global            Value  Global            Value  Global    
        -----  ------            -----  ------            -----  ------    
     00002A0C  .wait_pad |    00002A13  ___sdcc_c |    00002A43  _add_LCD 
     00002A4E  .add_LCD  |    00002A54  _remove_L |    00002A5F  .remove_L
     00002A65  _set_bkg_ |    00002A79  _uitoa    |    00002A88  _itoa    
     00002A97  .itoa     |    00002AAB  .utoa     |    00002B1F  .set_xy_w
     00002B28  .set_xy_b |    00002B37  .set_xy_t
ASxxxx Linker V03.00 + NoICE + sdld,  page 53.
Hexadecimal  [32-Bits]

Area                       Addr        Size        Decimal Bytes (Attributes)
--------------------       ----        ----        ------- ----- ------------
_CODE_0                00002B79    00000440 =        1088. bytes (REL,CON)

        Value  Global            Value  Global            Value  Global    
        -----  ------            -----  ------            -----  ------    
     00002B79  G$FONT$0_ |    00002B79  _FONT    
ASxxxx Linker V03.00 + NoICE + sdld,  page 54.
Hexadecimal  [32-Bits]

Area                       Addr        Size        Decimal Bytes (Attributes)
--------------------       ----        ----        ------- ----- ------------
_INITIALIZER           00002FB9    0000005A =          90. bytes (REL,CON)

        Value  Global            Value  Global            Value  Global    
        -----  ------            -----  ------            -----  ------    
     00002FB9  Fmain$__x |    00002FDD  Fmain$__x |    00002FE0  Fmain$__x
     00002FE4  Fmain$__x |    00002FE8  Fmain$__x |    00002FEF  Fmain$__x
     00002FF4  Fmain$__x |    00002FF5  Fmain$__x |    00002FFA  Fmain$__x
     00002FFF  Fmain$__x |    00003006  Fmain$__x |    0000300C  Fmain$__x
     0000300D  Fsound$__
ASxxxx Linker V03.00 + NoICE + sdld,  page 55.
Hexadecimal  [32-Bits]

Area                       Addr        Size        Decimal Bytes (Attributes)
--------------------       ----        ----        ------- ----- ------------
_GSINIT                00003013    0000000C =          12. bytes (REL,CON)

        Value  Global            Value  Global            Value  Global    
        -----  ------            -----  ------            -----  ------    
     00003013  gsinit   
ASxxxx Linker V03.00 + NoICE + sdld,  page 56.
Hexadecimal  [32-Bits]

Area                       Addr        Size        Decimal Bytes (Attributes)
--------------------       ----        ----        ------- ----- ------------
_GSFINAL               0000301F    00000001 =           1. bytes (REL,CON)

        Value  Global            Value  Global            Value  Global    
        -----  ------            -----  ------            -----  ------    
ASxxxx Linker V03.00 + NoICE + sdld,  page 57.
Hexadecimal  [32-Bits]

Area                       Addr        Size        Decimal Bytes (Attributes)
--------------------       ----        ----        ------- ----- ------------
_DATA                  0000C0A0    000000EC =         236. bytes (REL,CON)

        Value  Global            Value  Global            Value  Global    
        -----  ------            -----  ------            -----  ------    
     0000C0A0  __cpu     |    0000C0A1  __is_GBA  |    0000C0A2  .mode    
     0000C0A3  .sys_time |    0000C0A3  _sys_time |    0000C0A5  .int_0x40
     0000C0B1  G$scroll$ |    0000C0B1  _scroll   |    0000C0BB  G$PLAYER$
     0000C0BB  _PLAYER   |    0000C0C3  G$LOG_FRO |    0000C0C3  _LOG_FROG
     0000C0CB  G$FLY$0_0 |    0000C0CB  _FLY      |    0000C0D3  G$joy$0_0
     0000C0D3  _joy      |    0000C0D4  G$last_jo |    0000C0D4  _last_joy
     0000C0D5  G$is_movi |    0000C0D5  _is_movin |    0000C0D6  G$is_anim
     0000C0D6  _is_anima |    0000C0D7  G$is_dyin |    0000C0D7  _is_dying
     0000C0D8  G$turtles |    0000C0D8  _turtles_ |    0000C0D9  G$move_x$
     0000C0D9  _move_x   |    0000C0DA  G$move_y$ |    0000C0DA  _move_y  
     0000C0DB  G$scx_cou |    0000C0DB  _scx_coun |    0000C0DC  G$turtle_
     0000C0DC  _turtle_c |    0000C0DD  G$dive_co |    0000C0DD  _dive_cou
     0000C0DE  G$timer$0 |    0000C0DE  _timer    |    0000C0E0  G$fly_tim
     0000C0E0  _fly_time |    0000C0E2  G$fly_res |    0000C0E2  _fly_resp
     0000C0E4  G$timer_t |    0000C0E4  _timer_ti |    0000C0E5  G$pause_t
     0000C0E5  _pause_ti |    0000C0E6  G$flash$0 |    0000C0E6  _flash   
     0000C0E7  G$GAMESTA |    0000C0E7  _GAMESTAT |    0000C0E8  G$TIMERST
     0000C0E8  _TIMERSTA |    0000C0E9  G$turtle_ |    0000C0E9  _turtle_t
     0000C0EA  G$dive_ti |    0000C0EA  _dive_til |    0000C0EB  G$cave$0_
     0000C0EB  _cave     |    0000C0F0  G$y_min$0 |    0000C0F0  _y_min   
     0000C0F1  G$vram_ad |    0000C0F1  _vram_add |    0000C0F3  G$score$0
     0000C0F3  _score    |    0000C0F5  G$score_b |    0000C0F5  _score_bu
     0000C0FA  G$current |    0000C0FA  _current_ |    0000C0FB  G$level_b
     0000C0FB  _level_bu |    0000C113  G$animati |    0000C113  _animatio
     0000C114  G$death_a |    0000C114  _death_an |    0000C115  G$seed$0_
     0000C115  _seed     |    0000C117  G$debug_r |    0000C117  _debug_rn
     0000C118  G$debug_f |    0000C118  _debug_fl |    0000C119  G$music_p
     0000C119  _music_pa |    0000C11A  G$music_p |    0000C11A  _music_pl
     0000C137  _hUGE_cur |    0000C137  hUGE_curr |    0000C138  _hUGE_mut
     0000C17F  ___rand_s |    0000C181  ___curren |    0000C183  ___curren
     0000C184  .int_0x48
ASxxxx Linker V03.00 + NoICE + sdld,  page 58.
Hexadecimal  [32-Bits]

Area                       Addr        Size        Decimal Bytes (Attributes)
--------------------       ----        ----        ------- ----- ------------
_INITIALIZED           0000C18C    0000005A =          90. bytes (REL,CON)

        Value  Global            Value  Global            Value  Global    
        -----  ------            -----  ------            -----  ------    
     0000C18C  G$scroll_ |    0000C18C  _scroll_r |    0000C1B0  G$turtle_
     0000C1B0  _turtle_d |    0000C1B3  G$turtle_ |    0000C1B3  _turtle_d
     0000C1B7  G$turtle_ |    0000C1B7  _turtle_t |    0000C1BB  G$dive_ti
     0000C1BB  _dive_til |    0000C1C2  G$cave_fl |    0000C1C2  _cave_fly
     0000C1C7  G$lives$0 |    0000C1C7  _lives    |    0000C1C8  G$PLAYER1
     0000C1C8  _PLAYER1U |    0000C1CD  G$PLAYER2 |    0000C1CD  _PLAYER2U
     0000C1D2  G$level_t |    0000C1D2  _level_te |    0000C1D9  G$pause_t
     0000C1D9  _pause_te |    0000C1DF  G$death_a |    0000C1DF  _death_an
     0000C1E0  G$Sound_C |    0000C1E0  _Sound_Ch |    0000C1E4  ___render
     0000C1E5  __map_til
ASxxxx Linker V03.00 + NoICE + sdld,  page 59.
Hexadecimal  [32-Bits]

Area                       Addr        Size        Decimal Bytes (Attributes)
--------------------       ----        ----        ------- ----- ------------
_HRAM12                00000000    00000003 =           3. bytes (ABS,CON)

        Value  Global            Value  Global            Value  Global    
        -----  ------            -----  ------            -----  ------    
     0000FF90  __current |    0000FF92  __shadow_
ASxxxx Linker V03.00 + NoICE + sdld,  page 60.
Hexadecimal  [32-Bits]

Area                       Addr        Size        Decimal Bytes (Attributes)
--------------------       ----        ----        ------- ----- ------------
_CODE_1                00014000    0000224E =        8782. bytes (REL,CON)

        Value  Global            Value  Global            Value  Global    
        -----  ------            -----  ------            -----  ------    
     00014000  G$BKG_MAP |    00014000  _BKG_MAP  |    00014400  G$BKG_TIL
     00014400  _BKG_TILE |    000146F0  G$COLLISI |    000146F0  _COLLISIO
     00014AF0  C$fly.c$9 |    00014AF0  G$__func_ |    00014AF0  G$fly_pal
     00014AF0  ___func_f |    00014AF0  _fly_pale |    00014AF8  G$fly_til
     00014AF8  _fly_tile |    00014B38  G$fly_met |    00014B38  _fly_meta
     00014B44  G$fly_met |    00014B44  _fly_meta |    00014B46  G$FROG_LI
     00014B46  _FROG_LIV |    00014B56  C$frogger |    00014B56  G$__func_
     00014B56  G$frogger |    00014B56  ___func_f |    00014B56  _frogger_
     00014B60  G$frogger |    00014B60  _frogger_ |    00014DA0  G$frogger
     00014DA0  _frogger_ |    00014DAC  G$frogger |    00014DAC  _frogger_
     00014DB8  G$frogger |    00014DB8  _frogger_ |    00014DC4  G$frogger
     00014DC4  _frogger_ |    00014DD0  G$frogger |    00014DD0  _frogger_
     00014DDC  G$frogger |    00014DDC  _frogger_ |    00014DE8  G$frogger
     00014DE8  _frogger_ |    00014DF4  G$frogger |    00014DF4  _frogger_
     00014E00  G$frogger |    00014E00  _frogger_ |    00014E0C  G$frogger
     00014E0C  _frogger_ |    00014E1E  G$frogger |    00014E1E  _frogger_
     00014E32  G$frogger |    00014E32  _frogger_ |    00014E46  G$frogger
     00014E46  _frogger_ |    00014E78  C$frogger |    00014E78  G$__func_
     00014E78  G$frogger |    00014E78  ___func_f |    00014E78  _frogger_
     00014E80  G$frogger |    00014E80  _frogger_ |    00014EC0  G$frogger
     00014EC0  _frogger_ |    00014ECC  G$frogger |    00014ECC  _frogger_
     00014ECE  C$log_fro |    00014ECE  G$__func_ |    00014ECE  G$log_fro
     00014ECE  ___func_l |    00014ECE  _log_frog |    00014ED8  G$log_fro
     00014ED8  _log_frog |    00014F18  G$log_fro |    00014F18  _log_frog
     00014F24  G$log_fro |    00014F24  _log_frog |    00014F26  G$WIN_FRO
     00014F26  _WIN_FROG |    00014F2A  Fsample_s |    00014F2B  Fsample_s
     00014FEB  Fsample_s |    000150AB  Fsample_s |    0001516B  Fsample_s
     0001522B  Fsample_s |    000152EB  Fsample_s |    000153AB  Fsample_s
     0001546B  Fsample_s |    0001552B  Fsample_s |    000155EB  Fsample_s
     000156AB  Fsample_s |    0001576B  Fsample_s |    0001582B  Fsample_s
     000158EB  Fsample_s |    000159AB  Fsample_s |    00015A6B  Fsample_s
     00015B2B  Fsample_s |    00015BEB  Fsample_s |    00015CAB  Fsample_s
     00015D6B  Fsample_s |    00015E2B  Fsample_s |    00015EEB  Fsample_s
     00015FAB  Fsample_s |    00015FCB  Fsample_s |    00015FEB  Fsample_s
     0001600B  Fsample_s |    0001602B  Fsample_s |    00016085  Fsample_s
     000160DF  Fsample_s |    00016139  Fsample_s |    00016239  G$sample_
     00016239  _sample_s
ASxxxx Linker V03.00 + NoICE + sdld,  page 61.
Hexadecimal  [32-Bits]

Area                       Addr        Size        Decimal Bytes (Attributes)
--------------------       ----        ----        ------- ----- ------------
_HEADER_LCD0           00000000    00000003 =           3. bytes (ABS,CON)

        Value  Global            Value  Global            Value  Global    
        -----  ------            -----  ------            -----  ------    
ASxxxx Linker V03.00 + NoICE + sdld,  page 62.

Files Linked                              [ module(s) ]

C:\c_code\gbdk\lib/gb/crt0.o              [ Runtime ]
C:\Users\EMART~1\AppData\Local\Temp/lcc224280.rel
                                          [ main ]
C:\Users\EMART~1\AppData\Local\Temp/lcc224281.rel
                                          [ bkg_map ]
C:\Users\EMART~1\AppData\Local\Temp/lcc224282.rel
                                          [ bkg_tiles ]
C:\Users\EMART~1\AppData\Local\Temp/lcc224283.rel
                                          [ collision_map ]
C:\Users\EMART~1\AppData\Local\Temp/lcc224284.rel
                                          [ fly ]
C:\Users\EMART~1\AppData\Local\Temp/lcc224285.rel
                                          [ font ]
C:\Users\EMART~1\AppData\Local\Temp/lcc224286.rel
                                          [ frog_lives ]
C:\Users\EMART~1\AppData\Local\Temp/lcc224287.rel
                                          [ frogger ]
C:\Users\EMART~1\AppData\Local\Temp/lcc224288.rel
                                          [ frogger_16 ]
C:\Users\EMART~1\AppData\Local\Temp/lcc224289.rel
                                          [ log_frog ]
C:\Users\EMART~1\AppData\Local\Temp/lcc2242810.rel
                                          [ reset_timer ]
C:\Users\EMART~1\AppData\Local\Temp/lcc2242811.rel
                                          [ win_frog ]
C:\Users\EMART~1\AppData\Local\Temp/lcc2242812.rel
                                          [ sample_song ]
C:\Users\EMART~1\AppData\Local\Temp/lcc2242813.rel
                                          [ sound ]


Libraries Linked                          [ object file ]

lib/hUGEDriver.lib                        [ hUGEDriver.o ]
C:\c_code\gbdk\lib/sm83/sm83.lib          [ rand.o ]
C:\c_code\gbdk\lib/gb/gb.lib              [ sfr.o ]
C:\c_code\gbdk\lib/gb/gb.lib              [ get_tile.o ]
C:\c_code\gbdk\lib/gb/gb.lib              [ set_tile.o ]
C:\c_code\gbdk\lib/gb/gb.lib              [ metasprites_hide.o ]
C:\c_code\gbdk\lib/gb/gb.lib              [ set_data.o ]
C:\c_code\gbdk\lib/gb/gb.lib              [ metasprites_flip.o ]
C:\c_code\gbdk\lib/sm83/sm83.lib          [ sprintf.o ]
C:\c_code\gbdk\lib/gb/gb.lib              [ pad.o ]
C:\c_code\gbdk\lib/gb/gb.lib              [ metasprites.o ]
C:\c_code\gbdk\lib/sm83/sm83.lib          [ __sdcc_call_hl.o ]
C:\c_code\gbdk\lib/gb/gb.lib              [ lcd.o ]
C:\c_code\gbdk\lib/gb/gb.lib              [ get_addr.o ]
C:\c_code\gbdk\lib/sm83/sm83.lib          [ div.o ]
C:\c_code\gbdk\lib/gb/gb.lib              [ set_bk_t.o ]
C:\c_code\gbdk\lib/sm83/sm83.lib          [ itoa.o ]
C:\c_code\gbdk\lib/gb/gb.lib              [ set_xy_t.o ]

ASxxxx Linker V03.00 + NoICE + sdld,  page 63.

User Base Address Definitions

_DATA=0xC0A0
_CODE=0x0200
ASxxxx Linker V03.00 + NoICE + sdld,  page 64.

User Global Definitions

_shadow_OAM=0xC000
.STACK=0xE000
.refresh_OAM=0xFF80

