ASxxxx Linker V03.00 + NoICE + sdld,  page 1.
Hexadecimal  [32-Bits]

Area                       Addr        Size        Decimal Bytes (Attributes)
--------------------       ----        ----        ------- ----- ------------
.  .ABS.               00000000    00000000 =           0. bytes (ABS,CON)

        Value  Global            Value  Global            Value  Global    
        -----  ------            -----  ------            -----  ------    
     00000000  .__.ABS.  |    00000000  _rRAMG    |    00000000  l__BASE  
     00000000  l__BSS    |    00000000  l__CABS   |    00000000  l__DABS  
     00000000  l__HEADER |    00000000  l__HEADER |    00000000  l__HEAP  
     00000000  l__HRAM   |    00000000  l__LIT    |    00000000  s__CABS  
     00000000  s__DABS   |    00000000  s__HEADER |    00000000  s__HEADER
     00000000  s__HEADER |    00000000  s__HEADER |    00000000  s__HEADER
     00000000  s__HEADER |    00000000  s__HEADER |    00000000  s__HEADER
     00000000  s__HEADER |    00000000  s__HEADER |    00000000  s__HEADER
     00000000  s__HEADER |    00000000  s__HEADER |    00000000  s__HEADER
     00000000  s__HEADER |    00000000  s__HEADER |    00000000  s__HEADER
     00000000  s__HEADER |    00000000  s__HEADER |    00000000  s__HEADER
     00000000  s__HEADER |    00000000  s__HRAM   |    00000000  s__HRAM12
     00000001  ___bank_f |    00000001  ___bank_f |    00000001  l__GSFINA
     00000001  l__HEADER |    00000001  l__HEADER |    00000001  l__HEADER
     00000001  l__HEADER |    00000001  l__HEADER |    00000001  l__HEADER
     00000001  l__HEADER |    00000002  l__HEADER |    00000002  l__HEADER
     00000002  l__HEADER |    00000003  l__HEADER |    00000003  l__HEADER
     00000003  l__HRAM12 |    00000005  l__HEADER |    00000006  l__HEADER
     00000007  l__HEADER |    00000008  l__HEADER |    0000000C  l__GSINIT
     00000030  l__HEADER |    00000037  l__INITIA |    00000037  l__INITIA
     0000004F  l__HEADER |    0000005B  l__DATA   |    00000082  l__HEADER
     000000AC  l__CODE_1 |    00000200  s__CODE   |    0000039A  l__HOME  
     00000440  l__CODE_0 |    000019D7  l__CODE   |    00001BD7  s__HOME  
     00001F71  s__BASE   |    00001F71  s__CODE_0 |    00002000  _rROMB0  
     000023B1  s__INITIA |    000023B1  s__LIT    |    000023E8  s__GSINIT
     000023F4  s__GSFINA |    00003000  _rROMB1   |    00004000  _rRAMB   
     00008000  __VRAM    |    00008000  __VRAM800 |    00008800  __VRAM880
     00009000  __VRAM900 |    00009800  __SCRN0   |    00009C00  __SCRN1  
     0000A000  __SRAM    |    0000C000  __RAM     |    0000C000  _shadow_O
     0000C0A0  s__DATA   |    0000C0FB  s__BSS    |    0000C0FB  s__INITIA
     0000C132  s__HEAP   |    0000D000  __RAMBANK |    0000E000  .STACK   
     0000FE00  __OAMRAM  |    0000FF00  _P1_REG   |    0000FF00  __IO     
     0000FF01  _SB_REG   |    0000FF02  _SC_REG   |    0000FF04  _DIV_REG 
     0000FF05  _TIMA_REG |    0000FF06  _TMA_REG  |    0000FF07  _TAC_REG 
     0000FF0F  _IF_REG   |    0000FF10  _NR10_REG |    0000FF11  _NR11_REG
     0000FF12  _NR12_REG |    0000FF13  _NR13_REG |    0000FF14  _NR14_REG
     0000FF16  _NR21_REG |    0000FF17  _NR22_REG |    0000FF18  _NR23_REG
     0000FF19  _NR24_REG |    0000FF1A  _NR30_REG |    0000FF1B  _NR31_REG
     0000FF1C  _NR32_REG |    0000FF1D  _NR33_REG |    0000FF1E  _NR34_REG
     0000FF20  _NR41_REG |    0000FF21  _NR42_REG |    0000FF22  _NR43_REG
     0000FF23  _NR44_REG |    0000FF24  _NR50_REG |    0000FF25  _NR51_REG
     0000FF26  _NR52_REG |    0000FF30  _PCM_SAMP |    0000FF30  __AUD3WAV
     0000FF40  _LCDC_REG |    0000FF41  _STAT_REG |    0000FF42  _SCY_REG 
     0000FF43  _SCX_REG  |    0000FF44  _LY_REG   |    0000FF45  _LYC_REG 
     0000FF46  _DMA_REG  |    0000FF47  _BGP_REG  |    0000FF48  _OBP0_REG
     0000FF49  _OBP1_REG |    0000FF4A  _WY_REG   |    0000FF4B  _WX_REG  
     0000FF4D  _KEY1_REG |    0000FF4F  _VBK_REG  |    0000FF51  _HDMA1_RE
     0000FF52  _HDMA2_RE |    0000FF53  _HDMA3_RE |    0000FF54  _HDMA4_RE
     0000FF55  _HDMA5_RE |    0000FF56  _RP_REG   |    0000FF68  _BCPS_REG
     0000FF69  _BCPD_REG |    0000FF6A  _OCPS_REG |    0000FF6B  _OCPD_REG
ASxxxx Linker V03.00 + NoICE + sdld,  page 2.
Hexadecimal  [32-Bits]

Area                       Addr        Size        Decimal Bytes (Attributes)
--------------------       ----        ----        ------- ----- ------------
.  .ABS.               00000000    00000000 =           0. bytes (ABS,CON)

        Value  Global            Value  Global            Value  Global    
        -----  ------            -----  ------            -----  ------    
     0000FF70  _SVBK_REG |    0000FF76  _PCM12_RE |    0000FF77  _PCM34_RE
     0000FF80  .refresh_ |    0000FF80  __HRAM    |    0000FFFF  _IE_REG  
     00014000  s__CODE_1
ASxxxx Linker V03.00 + NoICE + sdld,  page 3.
Hexadecimal  [32-Bits]

Area                       Addr        Size        Decimal Bytes (Attributes)
--------------------       ----        ----        ------- ----- ------------
_CODE                  00000200    000019D7 =        6615. bytes (REL,CON)

        Value  Global            Value  Global            Value  Global    
        -----  ------            -----  ------            -----  ------    
     00000200  A$lcc1602 |    00000200  C$main.c$ |    00000200  C$main.c$
     00000200  G$update_ |    00000200  _update_s |    00000203  A$lcc1602
     00000204  A$lcc1602 |    00000207  A$lcc1602 |    00000208  A$lcc1602
     0000020B  A$lcc1602 |    0000020C  A$lcc1602 |    0000020D  A$lcc1602
     0000020E  A$lcc1602 |    0000020E  C$main.c$ |    00000211  A$lcc1602
     00000212  A$lcc1602 |    00000213  A$lcc1602 |    00000214  A$lcc1602
     00000215  A$lcc1602 |    00000218  A$lcc1602 |    00000219  A$lcc1602
     0000021C  A$lcc1602 |    0000021D  A$lcc1602 |    00000220  A$lcc1602
     00000222  A$lcc1602 |    00000222  C$main.c$ |    00000225  A$lcc1602
     00000226  A$lcc1602 |    00000227  A$lcc1602 |    00000228  A$lcc1602
     00000228  C$main.c$ |    0000022A  A$lcc1602 |    0000022B  A$lcc1602
     0000022C  A$lcc1602 |    0000022F  A$lcc1602 |    00000230  A$lcc1602
     00000231  A$lcc1602 |    00000232  A$lcc1602 |    00000233  A$lcc1602
     00000236  A$lcc1602 |    00000238  A$lcc1602 |    00000238  C$main.c$
     0000023B  A$lcc1602 |    0000023C  A$lcc1602 |    0000023E  A$lcc1602
     0000023F  A$lcc1602 |    00000240  A$lcc1602 |    00000240  C$main.c$
     00000241  A$lcc1602 |    00000241  C$main.c$ |    00000241  XG$update
     00000243  Fmain$__s |    00000246  A$lcc1602 |    00000246  C$main.c$
     00000246  C$main.c$ |    00000246  G$reset_f |    00000246  _reset_fr
     00000249  A$lcc1602 |    0000024B  A$lcc1602 |    0000024B  C$main.c$
     0000024E  A$lcc1602 |    00000250  A$lcc1602 |    00000253  A$lcc1602
     00000255  A$lcc1602 |    00000255  C$main.c$ |    00000258  A$lcc1602
     0000025A  A$lcc1602 |    0000025B  A$lcc1602 |    0000025D  A$lcc1602
     0000025D  C$main.c$ |    00000260  A$lcc1602 |    00000262  A$lcc1602
     00000263  A$lcc1602 |    00000265  A$lcc1602 |    00000265  C$main.c$
     00000268  A$lcc1602 |    0000026A  A$lcc1602 |    0000026D  A$lcc1602
     0000026E  A$lcc1602 |    00000271  A$lcc1602 |    00000272  A$lcc1602
     00000275  A$lcc1602 |    00000276  A$lcc1602 |    00000277  A$lcc1602
     00000278  A$lcc1602 |    00000279  A$lcc1602 |    0000027C  A$lcc1602
     0000027D  A$lcc1602 |    0000027E  A$lcc1602 |    0000027F  A$lcc1602
     00000282  A$lcc1602 |    00000284  A$lcc1602 |    00000285  A$lcc1602
     00000286  A$lcc1602 |    00000287  A$lcc1602 |    00000288  A$lcc1602
     00000289  A$lcc1602 |    0000028A  A$lcc1602 |    0000028B  A$lcc1602
     0000028C  A$lcc1602 |    0000028F  A$lcc1602 |    00000291  A$lcc1602
     00000291  C$main.c$ |    00000291  C$main.c$ |    00000291  XG$reset_
     00000292  A$lcc1602 |    00000292  C$main.c$ |    00000292  C$main.c$
     00000292  G$init_le |    00000292  _init_lev |    00000295  A$lcc1602
     00000296  A$lcc1602 |    00000299  A$lcc1602 |    0000029A  A$lcc1602
     0000029D  A$lcc1602 |    0000029F  A$lcc1602 |    0000029F  C$main.c$
     000002A2  A$lcc1602 |    000002A3  A$lcc1602 |    000002A6  A$lcc1602
     000002A7  A$lcc1602 |    000002AA  A$lcc1602 |    000002AC  A$lcc1602
     000002AC  C$main.c$ |    000002AF  A$lcc1602 |    000002B0  A$lcc1602
     000002B3  A$lcc1602 |    000002B4  A$lcc1602 |    000002B7  A$lcc1602
     000002B9  A$lcc1602 |    000002B9  C$main.c$ |    000002BC  A$lcc1602
     000002BD  A$lcc1602 |    000002C0  A$lcc1602 |    000002C1  A$lcc1602
     000002C2  A$lcc1602 |    000002C3  A$lcc1602 |    000002C4  A$lcc1602
     000002C7  A$lcc1602 |    000002C9  A$lcc1602 |    000002C9  C$main.c$
     000002CC  A$lcc1602 |    000002CE  A$lcc1602 |    000002CE  C$main.c$
     000002CF  A$lcc1602 |    000002D2  A$lcc1602 |    000002D3  A$lcc1602
     000002D4  A$lcc1602 |    000002D4  C$main.c$ |    000002D7  A$lcc1602
ASxxxx Linker V03.00 + NoICE + sdld,  page 4.
Hexadecimal  [32-Bits]

Area                       Addr        Size        Decimal Bytes (Attributes)
--------------------       ----        ----        ------- ----- ------------
_CODE                  00000200    000019D7 =        6615. bytes (REL,CON)

        Value  Global            Value  Global            Value  Global    
        -----  ------            -----  ------            -----  ------    
     000002D7  C$main.c$ |    000002D7  C$main.c$ |    000002D7  XG$init_l
     000002DA  A$lcc1602 |    000002DA  C$main.c$ |    000002DA  G$move_fr
     000002DA  _move_fro |    000002DB  A$lcc1602 |    000002DC  A$lcc1602
     000002DC  C$main.c$ |    000002DF  A$lcc1602 |    000002E0  A$lcc1602
     000002E2  A$lcc1602 |    000002E2  C$main.c$ |    000002E5  A$lcc1602
     000002E6  A$lcc1602 |    000002E8  A$lcc1602 |    000002E9  A$lcc1602
     000002EA  A$lcc1602 |    000002EB  A$lcc1602 |    000002EC  A$lcc1602
     000002EF  A$lcc1602 |    000002F1  A$lcc1602 |    000002F3  A$lcc1602
     000002F6  A$lcc1602 |    000002F8  A$lcc1602 |    000002FB  A$lcc1602
     000002FC  A$lcc1602 |    000002FD  A$lcc1602 |    000002FE  A$lcc1602
     000002FF  A$lcc1602 |    00000300  A$lcc1602 |    00000303  A$lcc1602
     00000304  A$lcc1602 |    00000305  A$lcc1602 |    00000306  A$lcc1602
     00000309  A$lcc1602 |    0000030B  A$lcc1602 |    0000030C  A$lcc1602
     0000030F  A$lcc1602 |    00000310  A$lcc1602 |    00000311  A$lcc1602
     00000312  A$lcc1602 |    00000315  A$lcc1602 |    00000316  A$lcc1602
     00000317  A$lcc1602 |    00000318  A$lcc1602 |    0000031B  A$lcc1602
     0000031D  A$lcc1602 |    0000031F  A$lcc1602 |    00000320  A$lcc1602
     00000321  A$lcc1602 |    00000322  A$lcc1602 |    00000323  A$lcc1602
     00000325  A$lcc1602 |    00000326  A$lcc1602 |    00000329  A$lcc1602
     0000032B  A$lcc1602 |    0000032B  C$main.c$ |    0000032D  A$lcc1602
     0000032D  C$main.c$ |    00000330  A$lcc1602 |    00000331  A$lcc1602
     00000333  A$lcc1602 |    00000333  C$main.c$ |    00000336  A$lcc1602
     00000337  A$lcc1602 |    00000338  A$lcc1602 |    00000339  A$lcc1602
     0000033C  A$lcc1602 |    0000033E  A$lcc1602 |    00000340  A$lcc1602
     00000343  A$lcc1602 |    00000345  A$lcc1602 |    00000348  A$lcc1602
     00000349  A$lcc1602 |    0000034A  A$lcc1602 |    0000034B  A$lcc1602
     0000034E  A$lcc1602 |    0000034F  A$lcc1602 |    00000350  A$lcc1602
     00000351  A$lcc1602 |    00000354  A$lcc1602 |    00000355  A$lcc1602
     00000358  A$lcc1602 |    00000359  A$lcc1602 |    0000035A  A$lcc1602
     0000035B  A$lcc1602 |    0000035C  A$lcc1602 |    0000035F  A$lcc1602
     00000360  A$lcc1602 |    00000361  A$lcc1602 |    00000362  A$lcc1602
     00000365  A$lcc1602 |    00000367  A$lcc1602 |    00000368  A$lcc1602
     00000369  A$lcc1602 |    0000036A  A$lcc1602 |    0000036B  A$lcc1602
     0000036C  A$lcc1602 |    0000036D  A$lcc1602 |    0000036E  A$lcc1602
     0000036F  A$lcc1602 |    00000372  A$lcc1602 |    00000374  A$lcc1602
     00000374  C$main.c$ |    00000375  A$lcc1602 |    00000376  A$lcc1602
     00000376  C$main.c$ |    00000376  XG$move_f |    00000377  A$lcc1602
     00000377  C$main.c$ |    00000377  C$main.c$ |    00000377  G$update_
     00000377  _update_m |    0000037A  A$lcc1602 |    0000037B  A$lcc1602
     0000037D  A$lcc1602 |    0000037D  C$main.c$ |    00000380  A$lcc1602
     00000380  C$main.c$ |    00000383  A$lcc1602 |    00000385  A$lcc1602
     00000387  A$lcc1602 |    0000038A  A$lcc1602 |    0000038C  A$lcc1602
     0000038F  A$lcc1602 |    00000390  A$lcc1602 |    00000393  A$lcc1602
     00000394  A$lcc1602 |    00000395  A$lcc1602 |    00000396  A$lcc1602
     00000396  C$main.c$ |    00000399  A$lcc1602 |    0000039A  A$lcc1602
     0000039C  A$lcc1602 |    0000039C  C$main.c$ |    0000039F  A$lcc1602
     0000039F  C$main.c$ |    000003A2  A$lcc1602 |    000003A4  A$lcc1602
     000003A6  A$lcc1602 |    000003A9  A$lcc1602 |    000003AB  A$lcc1602
     000003AE  A$lcc1602 |    000003AF  A$lcc1602 |    000003B2  A$lcc1602
     000003B3  A$lcc1602 |    000003B4  A$lcc1602 |    000003B5  A$lcc1602
     000003B5  C$main.c$ |    000003B8  A$lcc1602 |    000003B9  A$lcc1602
ASxxxx Linker V03.00 + NoICE + sdld,  page 5.
Hexadecimal  [32-Bits]

Area                       Addr        Size        Decimal Bytes (Attributes)
--------------------       ----        ----        ------- ----- ------------
_CODE                  00000200    000019D7 =        6615. bytes (REL,CON)

        Value  Global            Value  Global            Value  Global    
        -----  ------            -----  ------            -----  ------    
     000003BB  A$lcc1602 |    000003BE  A$lcc1602 |    000003BF  A$lcc1602
     000003C0  A$lcc1602 |    000003C0  C$main.c$ |    000003C3  A$lcc1602
     000003C5  A$lcc1602 |    000003C5  C$main.c$ |    000003C5  XG$update
     000003C6  A$lcc1602 |    000003C6  C$main.c$ |    000003C6  C$main.c$
     000003C6  G$paralla |    000003C6  _parallax |    000003C8  A$lcc1602
     000003C9  A$lcc1602 |    000003CB  A$lcc1602 |    000003CD  A$lcc1602
     000003CF  A$lcc1602 |    000003D1  A$lcc1602 |    000003D3  A$lcc1602
     000003D5  A$lcc1602 |    000003D7  A$lcc1602 |    000003D9  A$lcc1602
     000003DB  A$lcc1602 |    000003DD  A$lcc1602 |    000003DF  A$lcc1602
     000003E1  A$lcc1602 |    000003E3  A$lcc1602 |    000003E5  A$lcc1602
     000003E7  A$lcc1602 |    000003E9  A$lcc1602 |    000003EB  A$lcc1602
     000003ED  A$lcc1602 |    000003F0  A$lcc1602 |    000003F2  A$lcc1602
     000003F5  A$lcc1602 |    000003F7  A$lcc1602 |    000003FA  A$lcc1602
     000003FC  A$lcc1602 |    000003FF  A$lcc1602 |    00000400  A$lcc1602
     00000400  C$main.c$ |    00000401  A$lcc1602 |    00000403  A$lcc1602
     00000404  A$lcc1602 |    00000406  A$lcc1602 |    00000406  C$main.c$
     00000408  A$lcc1602 |    0000040A  A$lcc1602 |    0000040A  C$main.c$
     0000040B  A$lcc1602 |    0000040B  C$main.c$ |    0000040E  A$lcc1602
     00000410  A$lcc1602 |    00000411  A$lcc1602 |    00000413  A$lcc1602
     00000413  C$main.c$ |    00000415  A$lcc1602 |    00000417  A$lcc1602
     00000417  C$main.c$ |    00000418  A$lcc1602 |    00000418  C$main.c$
     0000041B  A$lcc1602 |    0000041D  A$lcc1602 |    0000041E  A$lcc1602
     00000420  A$lcc1602 |    00000420  C$main.c$ |    00000422  A$lcc1602
     00000424  A$lcc1602 |    00000424  C$main.c$ |    00000425  A$lcc1602
     00000425  C$main.c$ |    00000428  A$lcc1602 |    0000042A  A$lcc1602
     0000042B  A$lcc1602 |    0000042D  A$lcc1602 |    0000042D  C$main.c$
     0000042F  A$lcc1602 |    00000431  A$lcc1602 |    00000431  C$main.c$
     00000432  A$lcc1602 |    00000432  C$main.c$ |    00000435  A$lcc1602
     00000437  A$lcc1602 |    00000438  A$lcc1602 |    0000043A  A$lcc1602
     0000043A  C$main.c$ |    0000043C  A$lcc1602 |    0000043E  A$lcc1602
     0000043E  C$main.c$ |    0000043F  A$lcc1602 |    0000043F  C$main.c$
     00000442  A$lcc1602 |    00000444  A$lcc1602 |    00000445  A$lcc1602
     00000447  A$lcc1602 |    00000447  C$main.c$ |    00000449  A$lcc1602
     0000044B  A$lcc1602 |    0000044B  C$main.c$ |    0000044C  A$lcc1602
     0000044C  C$main.c$ |    0000044D  A$lcc1602 |    0000044F  A$lcc1602
     00000450  A$lcc1602 |    00000452  A$lcc1602 |    00000452  C$main.c$
     00000454  A$lcc1602 |    00000456  A$lcc1602 |    00000456  C$main.c$
     00000457  A$lcc1602 |    00000457  C$main.c$ |    0000045A  A$lcc1602
     0000045C  A$lcc1602 |    0000045D  A$lcc1602 |    0000045F  A$lcc1602
     0000045F  C$main.c$ |    00000461  A$lcc1602 |    00000463  A$lcc1602
     00000463  C$main.c$ |    00000464  A$lcc1602 |    00000464  C$main.c$
     00000467  A$lcc1602 |    00000469  A$lcc1602 |    0000046A  A$lcc1602
     0000046C  A$lcc1602 |    0000046C  C$main.c$ |    0000046E  A$lcc1602
     00000470  A$lcc1602 |    00000470  C$main.c$ |    00000471  A$lcc1602
     00000471  C$main.c$ |    00000474  A$lcc1602 |    00000476  A$lcc1602
     00000477  A$lcc1602 |    00000479  A$lcc1602 |    00000479  C$main.c$
     0000047B  A$lcc1602 |    0000047D  A$lcc1602 |    0000047D  C$main.c$
     0000047E  A$lcc1602 |    0000047E  C$main.c$ |    00000481  A$lcc1602
     00000483  A$lcc1602 |    00000484  A$lcc1602 |    00000486  A$lcc1602
     00000486  C$main.c$ |    00000488  A$lcc1602 |    0000048A  A$lcc1602
     0000048A  C$main.c$ |    0000048B  A$lcc1602 |    0000048B  C$main.c$
ASxxxx Linker V03.00 + NoICE + sdld,  page 6.
Hexadecimal  [32-Bits]

Area                       Addr        Size        Decimal Bytes (Attributes)
--------------------       ----        ----        ------- ----- ------------
_CODE                  00000200    000019D7 =        6615. bytes (REL,CON)

        Value  Global            Value  Global            Value  Global    
        -----  ------            -----  ------            -----  ------    
     0000048E  A$lcc1602 |    00000490  A$lcc1602 |    00000491  A$lcc1602
     00000493  A$lcc1602 |    00000493  C$main.c$ |    00000495  A$lcc1602
     00000497  A$lcc1602 |    00000497  C$main.c$ |    00000498  A$lcc1602
     00000498  C$main.c$ |    00000499  A$lcc1602 |    0000049B  A$lcc1602
     0000049C  A$lcc1602 |    0000049E  A$lcc1602 |    0000049E  C$main.c$
     0000049F  A$lcc1602 |    000004A1  A$lcc1602 |    000004A1  C$main.c$
     000004A1  C$main.c$ |    000004A1  XG$parall |    000004A2  A$lcc1602
     000004A2  C$main.c$ |    000004A2  G$scroll_ |    000004A2  _scroll_c
     000004A3  A$lcc1602 |    000004A3  C$main.c$ |    000004A6  A$lcc1602
     000004A7  A$lcc1602 |    000004A9  A$lcc1602 |    000004AC  A$lcc1602
     000004AD  A$lcc1602 |    000004AE  A$lcc1602 |    000004B1  A$lcc1602
     000004B3  A$lcc1602 |    000004B4  A$lcc1602 |    000004B5  A$lcc1602
     000004B8  A$lcc1602 |    000004B8  C$main.c$ |    000004BB  A$lcc1602
     000004BC  A$lcc1602 |    000004BD  A$lcc1602 |    000004BE  A$lcc1602
     000004BE  C$main.c$ |    000004BF  A$lcc1602 |    000004C0  A$lcc1602
     000004C1  A$lcc1602 |    000004C2  A$lcc1602 |    000004C3  A$lcc1602
     000004C4  A$lcc1602 |    000004C4  C$main.c$ |    000004C5  A$lcc1602
     000004C6  A$lcc1602 |    000004C7  A$lcc1602 |    000004C8  A$lcc1602
     000004C9  A$lcc1602 |    000004CA  A$lcc1602 |    000004CB  A$lcc1602
     000004CE  A$lcc1602 |    000004CF  A$lcc1602 |    000004CF  C$main.c$
     000004CF  C$main.c$ |    000004CF  C$main.c$ |    000004D0  A$lcc1602
     000004D2  A$lcc1602 |    000004D2  C$main.c$ |    000004D5  A$lcc1602
     000004D6  A$lcc1602 |    000004D7  A$lcc1602 |    000004D8  A$lcc1602
     000004D9  A$lcc1602 |    000004DC  A$lcc1602 |    000004DD  A$lcc1602
     000004DE  A$lcc1602 |    000004DF  A$lcc1602 |    000004E2  A$lcc1602
     000004E4  A$lcc1602 |    000004E5  A$lcc1602 |    000004E8  A$lcc1602
     000004E9  A$lcc1602 |    000004EA  A$lcc1602 |    000004EB  A$lcc1602
     000004EC  A$lcc1602 |    000004EF  A$lcc1602 |    000004F0  A$lcc1602
     000004F1  A$lcc1602 |    000004F2  A$lcc1602 |    000004F5  A$lcc1602
     000004F7  A$lcc1602 |    000004F9  A$lcc1602 |    000004FA  A$lcc1602
     000004FB  A$lcc1602 |    000004FC  A$lcc1602 |    000004FD  A$lcc1602
     000004FF  A$lcc1602 |    00000500  A$lcc1602 |    00000503  A$lcc1602
     00000505  A$lcc1602 |    00000505  C$main.c$ |    00000505  C$main.c$
     00000508  A$lcc1602 |    0000050A  A$lcc1602 |    0000050C  A$lcc1602
     0000050C  C$main.c$ |    0000050F  A$lcc1602 |    00000510  A$lcc1602
     00000511  A$lcc1602 |    00000512  A$lcc1602 |    00000513  A$lcc1602
     00000516  A$lcc1602 |    00000517  A$lcc1602 |    00000518  A$lcc1602
     00000519  A$lcc1602 |    0000051C  A$lcc1602 |    0000051E  A$lcc1602
     0000051F  A$lcc1602 |    00000522  A$lcc1602 |    00000523  A$lcc1602
     00000524  A$lcc1602 |    00000525  A$lcc1602 |    00000526  A$lcc1602
     00000529  A$lcc1602 |    0000052A  A$lcc1602 |    0000052B  A$lcc1602
     0000052C  A$lcc1602 |    0000052F  A$lcc1602 |    00000531  A$lcc1602
     00000533  A$lcc1602 |    00000534  A$lcc1602 |    00000535  A$lcc1602
     00000536  A$lcc1602 |    00000537  A$lcc1602 |    00000539  A$lcc1602
     0000053A  A$lcc1602 |    0000053D  A$lcc1602 |    0000053F  A$lcc1602
     0000053F  C$main.c$ |    0000053F  C$main.c$ |    00000542  A$lcc1602
     00000543  A$lcc1602 |    00000545  A$lcc1602 |    00000548  A$lcc1602
     00000549  A$lcc1602 |    0000054A  A$lcc1602 |    0000054D  A$lcc1602
     0000054F  A$lcc1602 |    00000550  A$lcc1602 |    00000551  A$lcc1602
     00000553  A$lcc1602 |    00000553  C$main.c$ |    00000556  A$lcc1602
     00000557  A$lcc1602 |    00000558  A$lcc1602 |    00000559  A$lcc1602
ASxxxx Linker V03.00 + NoICE + sdld,  page 7.
Hexadecimal  [32-Bits]

Area                       Addr        Size        Decimal Bytes (Attributes)
--------------------       ----        ----        ------- ----- ------------
_CODE                  00000200    000019D7 =        6615. bytes (REL,CON)

        Value  Global            Value  Global            Value  Global    
        -----  ------            -----  ------            -----  ------    
     00000559  C$main.c$ |    0000055C  A$lcc1602 |    0000055E  A$lcc1602
     00000560  A$lcc1602 |    00000560  C$main.c$ |    00000563  A$lcc1602
     00000564  A$lcc1602 |    00000565  A$lcc1602 |    00000566  A$lcc1602
     00000567  A$lcc1602 |    0000056A  A$lcc1602 |    0000056B  A$lcc1602
     0000056C  A$lcc1602 |    0000056D  A$lcc1602 |    00000570  A$lcc1602
     00000572  A$lcc1602 |    00000573  A$lcc1602 |    00000576  A$lcc1602
     00000577  A$lcc1602 |    00000578  A$lcc1602 |    00000579  A$lcc1602
     0000057A  A$lcc1602 |    0000057D  A$lcc1602 |    0000057E  A$lcc1602
     0000057F  A$lcc1602 |    00000580  A$lcc1602 |    00000583  A$lcc1602
     00000585  A$lcc1602 |    00000587  A$lcc1602 |    00000588  A$lcc1602
     00000589  A$lcc1602 |    0000058A  A$lcc1602 |    0000058B  A$lcc1602
     0000058D  A$lcc1602 |    0000058E  A$lcc1602 |    00000591  A$lcc1602
     00000593  A$lcc1602 |    00000593  C$main.c$ |    00000593  C$main.c$
     00000596  A$lcc1602 |    00000598  A$lcc1602 |    0000059A  A$lcc1602
     0000059A  C$main.c$ |    0000059D  A$lcc1602 |    0000059E  A$lcc1602
     0000059F  A$lcc1602 |    000005A0  A$lcc1602 |    000005A0  C$main.c$
     000005A3  A$lcc1602 |    000005A4  A$lcc1602 |    000005A5  A$lcc1602
     000005A6  A$lcc1602 |    000005A6  C$main.c$ |    000005A9  A$lcc1602
     000005AA  A$lcc1602 |    000005AB  A$lcc1602 |    000005AC  A$lcc1602
     000005AC  C$main.c$ |    000005AF  A$lcc1602 |    000005B0  A$lcc1602
     000005B1  A$lcc1602 |    000005B2  A$lcc1602 |    000005B2  C$main.c$
     000005B5  A$lcc1602 |    000005B7  A$lcc1602 |    000005B9  A$lcc1602
     000005B9  C$main.c$ |    000005BC  A$lcc1602 |    000005BD  A$lcc1602
     000005BE  A$lcc1602 |    000005BF  A$lcc1602 |    000005C0  A$lcc1602
     000005C1  A$lcc1602 |    000005C2  A$lcc1602 |    000005C3  A$lcc1602
     000005C4  A$lcc1602 |    000005C5  A$lcc1602 |    000005C6  A$lcc1602
     000005C7  A$lcc1602 |    000005C8  A$lcc1602 |    000005CB  A$lcc1602
     000005CC  A$lcc1602 |    000005CD  A$lcc1602 |    000005D0  A$lcc1602
     000005D1  A$lcc1602 |    000005D2  A$lcc1602 |    000005D3  A$lcc1602
     000005D4  A$lcc1602 |    000005D7  A$lcc1602 |    000005D8  A$lcc1602
     000005D9  A$lcc1602 |    000005DA  A$lcc1602 |    000005DD  A$lcc1602
     000005DF  A$lcc1602 |    000005E0  A$lcc1602 |    000005E1  A$lcc1602
     000005E2  A$lcc1602 |    000005E3  A$lcc1602 |    000005E4  A$lcc1602
     000005E5  A$lcc1602 |    000005E6  A$lcc1602 |    000005E7  A$lcc1602
     000005EA  A$lcc1602 |    000005EC  A$lcc1602 |    000005EC  C$main.c$
     000005EC  C$main.c$ |    000005EF  A$lcc1602 |    000005F0  A$lcc1602
     000005F2  A$lcc1602 |    000005F5  A$lcc1602 |    000005F6  A$lcc1602
     000005F7  A$lcc1602 |    000005FA  A$lcc1602 |    000005FC  A$lcc1602
     000005FD  A$lcc1602 |    000005FE  A$lcc1602 |    00000600  A$lcc1602
     00000600  C$main.c$ |    00000603  A$lcc1602 |    00000604  A$lcc1602
     00000605  A$lcc1602 |    00000606  A$lcc1602 |    00000606  C$main.c$
     00000609  A$lcc1602 |    0000060A  A$lcc1602 |    0000060B  A$lcc1602
     0000060C  A$lcc1602 |    0000060C  C$main.c$ |    0000060F  A$lcc1602
     00000610  A$lcc1602 |    00000611  A$lcc1602 |    00000611  C$main.c$
     00000611  XG$scroll |    00000612  A$lcc1602 |    00000612  C$main.c$
     00000612  G$win_che |    00000612  _win_chec |    00000614  A$lcc1602
     00000614  C$main.c$ |    00000616  A$lcc1602 |    00000617  A$lcc1602
     00000619  A$lcc1602 |    0000061A  A$lcc1602 |    0000061B  A$lcc1602
     0000061C  A$lcc1602 |    0000061D  A$lcc1602 |    0000061E  A$lcc1602
     0000061F  A$lcc1602 |    00000622  A$lcc1602 |    00000623  A$lcc1602
     00000624  A$lcc1602 |    00000625  A$lcc1602 |    00000627  A$lcc1602
ASxxxx Linker V03.00 + NoICE + sdld,  page 8.
Hexadecimal  [32-Bits]

Area                       Addr        Size        Decimal Bytes (Attributes)
--------------------       ----        ----        ------- ----- ------------
_CODE                  00000200    000019D7 =        6615. bytes (REL,CON)

        Value  Global            Value  Global            Value  Global    
        -----  ------            -----  ------            -----  ------    
     00000628  A$lcc1602 |    00000629  A$lcc1602 |    0000062A  A$lcc1602
     0000062C  A$lcc1602 |    0000062D  A$lcc1602 |    0000062E  A$lcc1602
     0000062F  A$lcc1602 |    00000630  A$lcc1602 |    00000632  A$lcc1602
     00000634  A$lcc1602 |    00000635  A$lcc1602 |    00000636  A$lcc1602
     00000637  A$lcc1602 |    00000638  A$lcc1602 |    00000639  A$lcc1602
     0000063A  A$lcc1602 |    0000063D  A$lcc1602 |    0000063E  A$lcc1602
     0000063F  A$lcc1602 |    00000640  A$lcc1602 |    00000641  A$lcc1602
     00000642  A$lcc1602 |    00000643  A$lcc1602 |    00000645  A$lcc1602
     00000647  A$lcc1602 |    00000648  A$lcc1602 |    0000064A  A$lcc1602
     0000064B  A$lcc1602 |    0000064D  A$lcc1602 |    0000064E  A$lcc1602
     00000650  A$lcc1602 |    00000651  A$lcc1602 |    00000653  A$lcc1602
     00000654  A$lcc1602 |    00000656  A$lcc1602 |    00000656  C$main.c$
     00000658  A$lcc1602 |    00000659  A$lcc1602 |    0000065B  A$lcc1602
     0000065C  A$lcc1602 |    0000065D  A$lcc1602 |    0000065E  A$lcc1602
     0000065F  A$lcc1602 |    00000660  A$lcc1602 |    00000661  A$lcc1602
     00000664  A$lcc1602 |    00000665  A$lcc1602 |    00000666  A$lcc1602
     00000667  A$lcc1602 |    00000669  A$lcc1602 |    0000066A  A$lcc1602
     0000066B  A$lcc1602 |    0000066C  A$lcc1602 |    0000066E  A$lcc1602
     0000066F  A$lcc1602 |    00000670  A$lcc1602 |    00000671  A$lcc1602
     00000672  A$lcc1602 |    00000674  A$lcc1602 |    00000676  A$lcc1602
     00000678  A$lcc1602 |    00000679  A$lcc1602 |    0000067A  A$lcc1602
     0000067B  A$lcc1602 |    0000067E  A$lcc1602 |    0000067F  A$lcc1602
     00000680  A$lcc1602 |    00000681  A$lcc1602 |    00000683  A$lcc1602
     00000685  A$lcc1602 |    00000687  A$lcc1602 |    00000689  A$lcc1602
     0000068B  A$lcc1602 |    0000068D  A$lcc1602 |    0000068D  C$main.c$
     0000068F  A$lcc1602 |    00000690  A$lcc1602 |    00000691  A$lcc1602
     00000692  A$lcc1602 |    00000695  A$lcc1602 |    00000696  A$lcc1602
     00000697  A$lcc1602 |    00000698  A$lcc1602 |    0000069A  A$lcc1602
     0000069B  A$lcc1602 |    0000069C  A$lcc1602 |    0000069D  A$lcc1602
     0000069F  A$lcc1602 |    000006A0  A$lcc1602 |    000006A1  A$lcc1602
     000006A2  A$lcc1602 |    000006A3  A$lcc1602 |    000006A4  A$lcc1602
     000006A5  A$lcc1602 |    000006A6  A$lcc1602 |    000006A7  A$lcc1602
     000006A9  A$lcc1602 |    000006AB  A$lcc1602 |    000006AC  A$lcc1602
     000006AD  A$lcc1602 |    000006AE  A$lcc1602 |    000006AF  A$lcc1602
     000006B0  A$lcc1602 |    000006B1  A$lcc1602 |    000006B4  A$lcc1602
     000006B5  A$lcc1602 |    000006B6  A$lcc1602 |    000006B7  A$lcc1602
     000006B9  A$lcc1602 |    000006BA  A$lcc1602 |    000006BB  A$lcc1602
     000006BC  A$lcc1602 |    000006BE  A$lcc1602 |    000006BF  A$lcc1602
     000006C1  A$lcc1602 |    000006C2  A$lcc1602 |    000006C3  A$lcc1602
     000006C4  A$lcc1602 |    000006C6  A$lcc1602 |    000006C8  A$lcc1602
     000006CA  A$lcc1602 |    000006CC  A$lcc1602 |    000006CE  A$lcc1602
     000006D0  A$lcc1602 |    000006D0  C$main.c$ |    000006D2  A$lcc1602
     000006D3  A$lcc1602 |    000006D5  A$lcc1602 |    000006D6  A$lcc1602
     000006D8  A$lcc1602 |    000006D9  A$lcc1602 |    000006DB  A$lcc1602
     000006DC  A$lcc1602 |    000006DE  A$lcc1602 |    000006E0  A$lcc1602
     000006E2  A$lcc1602 |    000006E3  A$lcc1602 |    000006E5  A$lcc1602
     000006E6  A$lcc1602 |    000006E8  A$lcc1602 |    000006E9  A$lcc1602
     000006EA  A$lcc1602 |    000006EB  A$lcc1602 |    000006EC  A$lcc1602
     000006ED  A$lcc1602 |    000006EE  A$lcc1602 |    000006EE  C$main.c$
     000006F0  A$lcc1602 |    000006F1  A$lcc1602 |    000006F2  A$lcc1602
     000006F3  A$lcc1602 |    000006F4  A$lcc1602 |    000006F5  A$lcc1602
ASxxxx Linker V03.00 + NoICE + sdld,  page 9.
Hexadecimal  [32-Bits]

Area                       Addr        Size        Decimal Bytes (Attributes)
--------------------       ----        ----        ------- ----- ------------
_CODE                  00000200    000019D7 =        6615. bytes (REL,CON)

        Value  Global            Value  Global            Value  Global    
        -----  ------            -----  ------            -----  ------    
     000006F6  A$lcc1602 |    000006F6  C$main.c$ |    000006F9  A$lcc1602
     000006FA  A$lcc1602 |    000006FB  A$lcc1602 |    000006FE  A$lcc1602
     000006FF  A$lcc1602 |    00000700  A$lcc1602 |    00000701  A$lcc1602
     00000703  A$lcc1602 |    00000704  A$lcc1602 |    00000705  A$lcc1602
     00000707  A$lcc1602 |    00000707  C$main.c$ |    0000070A  A$lcc1602
     0000070B  A$lcc1602 |    0000070E  A$lcc1602 |    0000070F  A$lcc1602
     00000712  A$lcc1602 |    00000713  A$lcc1602 |    00000716  A$lcc1602
     00000718  A$lcc1602 |    00000718  C$main.c$ |    0000071B  A$lcc1602
     0000071E  A$lcc1602 |    0000071E  C$main.c$ |    0000071F  A$lcc1602
     00000721  A$lcc1602 |    00000723  A$lcc1602 |    00000724  A$lcc1602
     00000726  A$lcc1602 |    00000728  A$lcc1602 |    00000728  C$main.c$
     0000072B  A$lcc1602 |    0000072C  A$lcc1602 |    0000072F  A$lcc1602
     00000730  A$lcc1602 |    00000733  A$lcc1602 |    00000734  A$lcc1602
     00000737  A$lcc1602 |    00000739  A$lcc1602 |    00000739  C$main.c$
     0000073C  A$lcc1602 |    0000073E  A$lcc1602 |    0000073E  C$main.c$
     0000073F  A$lcc1602 |    00000741  A$lcc1602 |    00000743  A$lcc1602
     00000744  A$lcc1602 |    00000746  A$lcc1602 |    00000748  A$lcc1602
     00000748  C$main.c$ |    0000074B  A$lcc1602 |    0000074C  A$lcc1602
     0000074F  A$lcc1602 |    00000750  A$lcc1602 |    00000753  A$lcc1602
     00000754  A$lcc1602 |    00000757  A$lcc1602 |    00000759  A$lcc1602
     00000759  C$main.c$ |    0000075C  A$lcc1602 |    0000075E  A$lcc1602
     0000075E  C$main.c$ |    0000075F  A$lcc1602 |    00000761  A$lcc1602
     00000763  A$lcc1602 |    00000764  A$lcc1602 |    00000766  A$lcc1602
     00000768  A$lcc1602 |    00000768  C$main.c$ |    0000076B  A$lcc1602
     0000076C  A$lcc1602 |    0000076F  A$lcc1602 |    00000770  A$lcc1602
     00000773  A$lcc1602 |    00000774  A$lcc1602 |    00000777  A$lcc1602
     00000779  A$lcc1602 |    00000779  C$main.c$ |    0000077C  A$lcc1602
     0000077E  A$lcc1602 |    0000077E  C$main.c$ |    0000077F  A$lcc1602
     00000781  A$lcc1602 |    00000783  A$lcc1602 |    00000784  A$lcc1602
     00000786  A$lcc1602 |    00000788  A$lcc1602 |    00000788  C$main.c$
     0000078B  A$lcc1602 |    0000078C  A$lcc1602 |    0000078F  A$lcc1602
     00000790  A$lcc1602 |    00000793  A$lcc1602 |    00000794  A$lcc1602
     00000797  A$lcc1602 |    00000799  A$lcc1602 |    00000799  C$main.c$
     0000079C  A$lcc1602 |    0000079E  A$lcc1602 |    0000079E  C$main.c$
     000007A1  A$lcc1602 |    000007A3  A$lcc1602 |    000007A3  C$main.c$
     000007A3  XG$win_ch |    000007A4  A$lcc1602 |    000007A4  C$main.c$
     000007A4  G$collide |    000007A4  _collide_ |    000007A6  A$lcc1602
     000007A6  C$main.c$ |    000007A9  A$lcc1602 |    000007AA  A$lcc1602
     000007AB  A$lcc1602 |    000007AC  A$lcc1602 |    000007AD  A$lcc1602
     000007AF  A$lcc1602 |    000007B0  A$lcc1602 |    000007B1  A$lcc1602
     000007B2  A$lcc1602 |    000007B3  A$lcc1602 |    000007B5  A$lcc1602
     000007B7  A$lcc1602 |    000007B7  C$main.c$ |    000007B9  A$lcc1602
     000007BB  A$lcc1602 |    000007BB  C$main.c$ |    000007BD  A$lcc1602
     000007BF  A$lcc1602 |    000007C1  A$lcc1602 |    000007C1  C$main.c$
     000007C3  A$lcc1602 |    000007C5  A$lcc1602 |    000007C5  C$main.c$
     000007C7  A$lcc1602 |    000007C9  A$lcc1602 |    000007C9  C$main.c$
     000007CB  A$lcc1602 |    000007CC  A$lcc1602 |    000007CE  A$lcc1602
     000007CF  A$lcc1602 |    000007D0  A$lcc1602 |    000007D1  A$lcc1602
     000007D2  A$lcc1602 |    000007D3  A$lcc1602 |    000007D4  A$lcc1602
     000007D7  A$lcc1602 |    000007D8  A$lcc1602 |    000007D9  A$lcc1602
     000007DA  A$lcc1602 |    000007DC  A$lcc1602 |    000007DD  A$lcc1602
ASxxxx Linker V03.00 + NoICE + sdld,  page 10.
Hexadecimal  [32-Bits]

Area                       Addr        Size        Decimal Bytes (Attributes)
--------------------       ----        ----        ------- ----- ------------
_CODE                  00000200    000019D7 =        6615. bytes (REL,CON)

        Value  Global            Value  Global            Value  Global    
        -----  ------            -----  ------            -----  ------    
     000007DE  A$lcc1602 |    000007DF  A$lcc1602 |    000007E1  A$lcc1602
     000007E2  A$lcc1602 |    000007E3  A$lcc1602 |    000007E4  A$lcc1602
     000007E5  A$lcc1602 |    000007E7  A$lcc1602 |    000007E9  A$lcc1602
     000007EA  A$lcc1602 |    000007EB  A$lcc1602 |    000007EC  A$lcc1602
     000007ED  A$lcc1602 |    000007EE  A$lcc1602 |    000007EF  A$lcc1602
     000007F2  A$lcc1602 |    000007F3  A$lcc1602 |    000007F4  A$lcc1602
     000007F5  A$lcc1602 |    000007F7  A$lcc1602 |    000007F9  A$lcc1602
     000007FB  A$lcc1602 |    000007FD  A$lcc1602 |    000007FF  A$lcc1602
     00000801  A$lcc1602 |    00000801  C$main.c$ |    00000804  A$lcc1602
     00000805  A$lcc1602 |    00000806  A$lcc1602 |    00000807  A$lcc1602
     00000808  A$lcc1602 |    00000809  A$lcc1602 |    0000080A  A$lcc1602
     0000080B  A$lcc1602 |    0000080C  A$lcc1602 |    0000080C  C$main.c$
     0000080D  A$lcc1602 |    0000080F  A$lcc1602 |    00000810  A$lcc1602
     00000811  A$lcc1602 |    00000813  A$lcc1602 |    00000816  A$lcc1602
     00000818  A$lcc1602 |    00000819  A$lcc1602 |    00000819  C$main.c$
     0000081B  A$lcc1602 |    0000081C  A$lcc1602 |    0000081E  A$lcc1602
     0000081F  A$lcc1602 |    00000821  A$lcc1602 |    00000823  A$lcc1602
     00000824  A$lcc1602 |    00000826  A$lcc1602 |    00000828  A$lcc1602
     00000829  A$lcc1602 |    0000082A  A$lcc1602 |    0000082B  A$lcc1602
     0000082C  A$lcc1602 |    0000082D  A$lcc1602 |    0000082E  A$lcc1602
     00000830  A$lcc1602 |    00000831  A$lcc1602 |    00000833  A$lcc1602
     00000834  A$lcc1602 |    00000835  A$lcc1602 |    00000836  A$lcc1602
     00000837  A$lcc1602 |    00000838  A$lcc1602 |    00000839  A$lcc1602
     0000083A  A$lcc1602 |    0000083B  A$lcc1602 |    0000083C  A$lcc1602
     0000083D  A$lcc1602 |    0000083F  A$lcc1602 |    00000840  A$lcc1602
     00000842  A$lcc1602 |    00000843  A$lcc1602 |    00000845  A$lcc1602
     00000846  A$lcc1602 |    00000848  A$lcc1602 |    00000849  A$lcc1602
     0000084B  A$lcc1602 |    0000084D  A$lcc1602 |    0000084F  A$lcc1602
     00000850  A$lcc1602 |    00000851  A$lcc1602 |    00000854  A$lcc1602
     00000855  A$lcc1602 |    00000856  A$lcc1602 |    00000857  A$lcc1602
     00000859  A$lcc1602 |    0000085A  A$lcc1602 |    0000085B  A$lcc1602
     0000085C  A$lcc1602 |    0000085E  A$lcc1602 |    0000085F  A$lcc1602
     00000861  A$lcc1602 |    00000863  A$lcc1602 |    00000864  A$lcc1602
     00000866  A$lcc1602 |    00000867  A$lcc1602 |    00000869  A$lcc1602
     0000086A  A$lcc1602 |    0000086C  A$lcc1602 |    0000086D  A$lcc1602
     0000086F  A$lcc1602 |    00000870  A$lcc1602 |    00000872  A$lcc1602
     00000872  C$main.c$ |    00000874  A$lcc1602 |    00000875  A$lcc1602
     00000876  A$lcc1602 |    00000878  A$lcc1602 |    00000879  A$lcc1602
     0000087A  A$lcc1602 |    0000087B  A$lcc1602 |    0000087C  A$lcc1602
     0000087D  A$lcc1602 |    0000087E  A$lcc1602 |    00000880  A$lcc1602
     00000881  A$lcc1602 |    00000882  A$lcc1602 |    00000883  A$lcc1602
     00000884  A$lcc1602 |    00000885  A$lcc1602 |    00000886  A$lcc1602
     00000888  A$lcc1602 |    00000889  A$lcc1602 |    0000088A  A$lcc1602
     0000088B  A$lcc1602 |    0000088D  A$lcc1602 |    0000088E  A$lcc1602
     0000088F  A$lcc1602 |    00000890  A$lcc1602 |    00000891  A$lcc1602
     00000892  A$lcc1602 |    00000893  A$lcc1602 |    00000894  A$lcc1602
     00000895  A$lcc1602 |    00000897  A$lcc1602 |    00000899  A$lcc1602
     0000089A  A$lcc1602 |    0000089B  A$lcc1602 |    0000089C  A$lcc1602
     0000089D  A$lcc1602 |    000008A0  A$lcc1602 |    000008A1  A$lcc1602
     000008A2  A$lcc1602 |    000008A3  A$lcc1602 |    000008A5  A$lcc1602
     000008A6  A$lcc1602 |    000008A7  A$lcc1602 |    000008A8  A$lcc1602
ASxxxx Linker V03.00 + NoICE + sdld,  page 11.
Hexadecimal  [32-Bits]

Area                       Addr        Size        Decimal Bytes (Attributes)
--------------------       ----        ----        ------- ----- ------------
_CODE                  00000200    000019D7 =        6615. bytes (REL,CON)

        Value  Global            Value  Global            Value  Global    
        -----  ------            -----  ------            -----  ------    
     000008AA  A$lcc1602 |    000008AB  A$lcc1602 |    000008AD  A$lcc1602
     000008AE  A$lcc1602 |    000008AF  A$lcc1602 |    000008AF  C$main.c$
     000008B0  A$lcc1602 |    000008B1  A$lcc1602 |    000008B3  A$lcc1602
     000008B5  A$lcc1602 |    000008B7  A$lcc1602 |    000008B9  A$lcc1602
     000008BB  A$lcc1602 |    000008BD  A$lcc1602 |    000008BE  A$lcc1602
     000008BF  A$lcc1602 |    000008C1  A$lcc1602 |    000008C2  A$lcc1602
     000008C3  A$lcc1602 |    000008C4  A$lcc1602 |    000008C5  A$lcc1602
     000008C6  A$lcc1602 |    000008C9  A$lcc1602 |    000008CA  A$lcc1602
     000008CB  A$lcc1602 |    000008CC  A$lcc1602 |    000008CE  A$lcc1602
     000008CF  A$lcc1602 |    000008D1  A$lcc1602 |    000008D1  C$main.c$
     000008D2  A$lcc1602 |    000008D4  A$lcc1602 |    000008D5  A$lcc1602
     000008D6  A$lcc1602 |    000008D7  A$lcc1602 |    000008D8  A$lcc1602
     000008DB  A$lcc1602 |    000008DC  A$lcc1602 |    000008DE  A$lcc1602
     000008DF  A$lcc1602 |    000008E0  A$lcc1602 |    000008E2  A$lcc1602
     000008E2  C$main.c$ |    000008E5  A$lcc1602 |    000008E6  A$lcc1602
     000008E7  A$lcc1602 |    000008E8  A$lcc1602 |    000008E9  A$lcc1602
     000008EB  A$lcc1602 |    000008EC  A$lcc1602 |    000008ED  A$lcc1602
     000008EE  A$lcc1602 |    000008EF  A$lcc1602 |    000008F1  A$lcc1602
     000008F3  A$lcc1602 |    000008F3  C$main.c$ |    000008F5  A$lcc1602
     000008F6  A$lcc1602 |    000008F8  A$lcc1602 |    000008F9  A$lcc1602
     000008FB  A$lcc1602 |    000008FD  A$lcc1602 |    000008FE  A$lcc1602
     00000900  A$lcc1602 |    00000901  A$lcc1602 |    00000902  A$lcc1602
     00000904  A$lcc1602 |    00000905  A$lcc1602 |    00000907  A$lcc1602
     00000909  A$lcc1602 |    0000090A  A$lcc1602 |    0000090C  A$lcc1602
     0000090D  A$lcc1602 |    0000090F  A$lcc1602 |    00000912  A$lcc1602
     00000913  A$lcc1602 |    00000915  A$lcc1602 |    00000916  A$lcc1602
     00000917  A$lcc1602 |    00000919  A$lcc1602 |    0000091A  A$lcc1602
     0000091D  A$lcc1602 |    0000091D  C$main.c$ |    00000920  A$lcc1602
     00000923  A$lcc1602 |    00000923  C$main.c$ |    00000923  C$main.c$
     00000924  A$lcc1602 |    00000926  A$lcc1602 |    00000927  A$lcc1602
     00000929  A$lcc1602 |    0000092A  A$lcc1602 |    0000092C  A$lcc1602
     0000092D  A$lcc1602 |    0000092F  A$lcc1602 |    0000092F  C$main.c$
     00000931  A$lcc1602 |    00000932  A$lcc1602 |    00000934  A$lcc1602
     00000935  A$lcc1602 |    00000937  A$lcc1602 |    00000939  A$lcc1602
     0000093A  A$lcc1602 |    0000093B  A$lcc1602 |    0000093D  A$lcc1602
     0000093F  A$lcc1602 |    00000940  A$lcc1602 |    00000942  A$lcc1602
     00000943  A$lcc1602 |    00000944  A$lcc1602 |    00000946  A$lcc1602
     00000947  A$lcc1602 |    00000949  A$lcc1602 |    0000094B  A$lcc1602
     0000094D  A$lcc1602 |    0000094F  A$lcc1602 |    00000951  A$lcc1602
     00000952  A$lcc1602 |    00000953  A$lcc1602 |    00000955  A$lcc1602
     00000956  A$lcc1602 |    00000958  A$lcc1602 |    00000958  C$main.c$
     0000095B  A$lcc1602 |    0000095D  A$lcc1602 |    00000960  A$lcc1602
     00000960  C$main.c$ |    00000963  A$lcc1602 |    00000964  A$lcc1602
     00000967  A$lcc1602 |    00000967  C$main.c$ |    0000096A  A$lcc1602
     0000096D  A$lcc1602 |    0000096D  C$main.c$ |    0000096F  A$lcc1602
     00000970  A$lcc1602 |    00000972  A$lcc1602 |    00000973  A$lcc1602
     00000975  A$lcc1602 |    00000977  A$lcc1602 |    00000978  A$lcc1602
     00000979  A$lcc1602 |    0000097B  A$lcc1602 |    0000097C  A$lcc1602
     0000097D  A$lcc1602 |    0000097F  A$lcc1602 |    00000980  A$lcc1602
     00000982  A$lcc1602 |    00000983  A$lcc1602 |    00000985  A$lcc1602
     00000986  A$lcc1602 |    00000987  A$lcc1602 |    00000989  A$lcc1602
ASxxxx Linker V03.00 + NoICE + sdld,  page 12.
Hexadecimal  [32-Bits]

Area                       Addr        Size        Decimal Bytes (Attributes)
--------------------       ----        ----        ------- ----- ------------
_CODE                  00000200    000019D7 =        6615. bytes (REL,CON)

        Value  Global            Value  Global            Value  Global    
        -----  ------            -----  ------            -----  ------    
     0000098A  A$lcc1602 |    0000098B  A$lcc1602 |    0000098D  A$lcc1602
     0000098E  A$lcc1602 |    00000990  A$lcc1602 |    00000991  A$lcc1602
     00000992  A$lcc1602 |    00000992  C$main.c$ |    00000993  A$lcc1602
     00000995  A$lcc1602 |    00000996  A$lcc1602 |    00000998  A$lcc1602
     00000998  C$main.c$ |    0000099A  A$lcc1602 |    0000099C  A$lcc1602
     0000099E  A$lcc1602 |    000009A0  A$lcc1602 |    000009A2  A$lcc1602
     000009A4  A$lcc1602 |    000009A6  A$lcc1602 |    000009A8  A$lcc1602
     000009AA  A$lcc1602 |    000009AA  C$main.c$ |    000009AD  A$lcc1602
     000009AF  A$lcc1602 |    000009B1  A$lcc1602 |    000009B1  C$main.c$
     000009B4  A$lcc1602 |    000009B5  A$lcc1602 |    000009B7  A$lcc1602
     000009B7  C$main.c$ |    000009BA  A$lcc1602 |    000009BC  A$lcc1602
     000009BC  C$main.c$ |    000009BD  A$lcc1602 |    000009BF  A$lcc1602
     000009C0  A$lcc1602 |    000009C2  A$lcc1602 |    000009C2  C$main.c$
     000009C4  A$lcc1602 |    000009C6  A$lcc1602 |    000009C8  A$lcc1602
     000009CA  A$lcc1602 |    000009CC  A$lcc1602 |    000009CE  A$lcc1602
     000009D0  A$lcc1602 |    000009D2  A$lcc1602 |    000009D4  A$lcc1602
     000009D4  C$main.c$ |    000009D7  A$lcc1602 |    000009D9  A$lcc1602
     000009DB  A$lcc1602 |    000009DB  C$main.c$ |    000009DE  A$lcc1602
     000009DF  A$lcc1602 |    000009E1  A$lcc1602 |    000009E1  C$main.c$
     000009E4  A$lcc1602 |    000009E6  A$lcc1602 |    000009E6  C$main.c$
     000009E7  A$lcc1602 |    000009E9  A$lcc1602 |    000009EA  A$lcc1602
     000009EC  A$lcc1602 |    000009EC  C$main.c$ |    000009EE  A$lcc1602
     000009F0  A$lcc1602 |    000009F2  A$lcc1602 |    000009F4  A$lcc1602
     000009F6  A$lcc1602 |    000009F8  A$lcc1602 |    000009FA  A$lcc1602
     000009FC  A$lcc1602 |    000009FE  A$lcc1602 |    000009FE  C$main.c$
     00000A01  A$lcc1602 |    00000A03  A$lcc1602 |    00000A05  A$lcc1602
     00000A05  C$main.c$ |    00000A08  A$lcc1602 |    00000A09  A$lcc1602
     00000A0B  A$lcc1602 |    00000A0B  C$main.c$ |    00000A0E  A$lcc1602
     00000A10  A$lcc1602 |    00000A10  C$main.c$ |    00000A11  A$lcc1602
     00000A13  A$lcc1602 |    00000A14  A$lcc1602 |    00000A16  A$lcc1602
     00000A16  C$main.c$ |    00000A19  A$lcc1602 |    00000A1A  A$lcc1602
     00000A1B  A$lcc1602 |    00000A1C  A$lcc1602 |    00000A1D  A$lcc1602
     00000A1E  A$lcc1602 |    00000A21  A$lcc1602 |    00000A22  A$lcc1602
     00000A24  A$lcc1602 |    00000A24  C$main.c$ |    00000A24  XG$collid
     00000A25  A$lcc1602 |    00000A25  C$main.c$ |    00000A25  C$main.c$
     00000A25  G$animate |    00000A25  _animate_ |    00000A28  A$lcc1602
     00000A29  A$lcc1602 |    00000A29  C$main.c$ |    00000A2C  A$lcc1602
     00000A2D  A$lcc1602 |    00000A2D  C$main.c$ |    00000A2F  A$lcc1602
     00000A2F  C$main.c$ |    00000A32  A$lcc1602 |    00000A34  A$lcc1602
     00000A36  A$lcc1602 |    00000A36  C$main.c$ |    00000A39  A$lcc1602
     00000A3C  A$lcc1602 |    00000A3D  A$lcc1602 |    00000A3E  A$lcc1602
     00000A3F  A$lcc1602 |    00000A41  A$lcc1602 |    00000A42  A$lcc1602
     00000A44  A$lcc1602 |    00000A45  A$lcc1602 |    00000A46  A$lcc1602
     00000A46  C$main.c$ |    00000A48  A$lcc1602 |    00000A49  A$lcc1602
     00000A4B  A$lcc1602 |    00000A4D  A$lcc1602 |    00000A4D  C$main.c$
     00000A4F  A$lcc1602 |    00000A50  A$lcc1602 |    00000A51  A$lcc1602
     00000A52  A$lcc1602 |    00000A53  A$lcc1602 |    00000A56  A$lcc1602
     00000A57  A$lcc1602 |    00000A58  A$lcc1602 |    00000A59  A$lcc1602
     00000A59  C$main.c$ |    00000A5A  A$lcc1602 |    00000A5C  A$lcc1602
     00000A5D  A$lcc1602 |    00000A5E  A$lcc1602 |    00000A5F  A$lcc1602
     00000A60  A$lcc1602 |    00000A63  A$lcc1602 |    00000A64  A$lcc1602
ASxxxx Linker V03.00 + NoICE + sdld,  page 13.
Hexadecimal  [32-Bits]

Area                       Addr        Size        Decimal Bytes (Attributes)
--------------------       ----        ----        ------- ----- ------------
_CODE                  00000200    000019D7 =        6615. bytes (REL,CON)

        Value  Global            Value  Global            Value  Global    
        -----  ------            -----  ------            -----  ------    
     00000A65  A$lcc1602 |    00000A65  C$main.c$ |    00000A66  A$lcc1602
     00000A68  A$lcc1602 |    00000A6A  A$lcc1602 |    00000A6C  A$lcc1602
     00000A6D  A$lcc1602 |    00000A6F  A$lcc1602 |    00000A6F  C$main.c$
     00000A70  A$lcc1602 |    00000A71  A$lcc1602 |    00000A73  A$lcc1602
     00000A74  A$lcc1602 |    00000A75  A$lcc1602 |    00000A76  A$lcc1602
     00000A79  A$lcc1602 |    00000A7B  A$lcc1602 |    00000A7C  A$lcc1602
     00000A7C  C$main.c$ |    00000A7D  A$lcc1602 |    00000A7F  A$lcc1602
     00000A81  A$lcc1602 |    00000A83  A$lcc1602 |    00000A84  A$lcc1602
     00000A86  A$lcc1602 |    00000A86  C$main.c$ |    00000A87  A$lcc1602
     00000A89  A$lcc1602 |    00000A8A  A$lcc1602 |    00000A8B  A$lcc1602
     00000A8C  A$lcc1602 |    00000A8F  A$lcc1602 |    00000A91  A$lcc1602
     00000A91  C$main.c$ |    00000A92  A$lcc1602 |    00000A94  A$lcc1602
     00000A94  C$main.c$ |    00000A97  A$lcc1602 |    00000A99  A$lcc1602
     00000A9B  A$lcc1602 |    00000A9E  A$lcc1602 |    00000A9F  A$lcc1602
     00000AA0  A$lcc1602 |    00000AA2  A$lcc1602 |    00000AA2  C$main.c$
     00000AA4  A$lcc1602 |    00000AA4  C$main.c$ |    00000AA7  A$lcc1602
     00000AA8  A$lcc1602 |    00000AA9  A$lcc1602 |    00000AA9  C$main.c$
     00000AAC  A$lcc1602 |    00000AAE  A$lcc1602 |    00000AAF  A$lcc1602
     00000AAF  C$main.c$ |    00000AB2  A$lcc1602 |    00000AB3  A$lcc1602
     00000AB4  A$lcc1602 |    00000AB6  A$lcc1602 |    00000AB7  A$lcc1602
     00000ABA  A$lcc1602 |    00000ABB  A$lcc1602 |    00000ABC  A$lcc1602
     00000ABF  A$lcc1602 |    00000AC1  A$lcc1602 |    00000AC2  A$lcc1602
     00000AC5  A$lcc1602 |    00000AC6  A$lcc1602 |    00000AC7  A$lcc1602
     00000AC7  C$main.c$ |    00000AC8  A$lcc1602 |    00000AC9  A$lcc1602
     00000ACB  A$lcc1602 |    00000ACB  C$main.c$ |    00000ACE  A$lcc1602
     00000ACF  A$lcc1602 |    00000AD0  A$lcc1602 |    00000AD2  A$lcc1602
     00000AD2  C$main.c$ |    00000AD3  A$lcc1602 |    00000AD4  A$lcc1602
     00000AD5  A$lcc1602 |    00000AD6  A$lcc1602 |    00000AD8  A$lcc1602
     00000AD9  A$lcc1602 |    00000ADA  A$lcc1602 |    00000ADB  A$lcc1602
     00000ADC  A$lcc1602 |    00000ADF  A$lcc1602 |    00000AE1  A$lcc1602
     00000AE2  A$lcc1602 |    00000AE2  C$main.c$ |    00000AE3  A$lcc1602
     00000AE5  A$lcc1602 |    00000AE5  C$main.c$ |    00000AE8  A$lcc1602
     00000AE9  A$lcc1602 |    00000AEA  A$lcc1602 |    00000AEC  A$lcc1602
     00000AEC  C$main.c$ |    00000AED  A$lcc1602 |    00000AEE  A$lcc1602
     00000AEF  A$lcc1602 |    00000AF0  A$lcc1602 |    00000AF2  A$lcc1602
     00000AF3  A$lcc1602 |    00000AF4  A$lcc1602 |    00000AF5  A$lcc1602
     00000AF6  A$lcc1602 |    00000AF9  A$lcc1602 |    00000AFB  A$lcc1602
     00000AFC  A$lcc1602 |    00000AFC  C$main.c$ |    00000AFD  A$lcc1602
     00000AFF  A$lcc1602 |    00000AFF  C$main.c$ |    00000B02  A$lcc1602
     00000B04  A$lcc1602 |    00000B04  C$main.c$ |    00000B07  A$lcc1602
     00000B09  A$lcc1602 |    00000B0A  A$lcc1602 |    00000B0A  C$main.c$
     00000B0D  A$lcc1602 |    00000B0E  A$lcc1602 |    00000B0F  A$lcc1602
     00000B11  A$lcc1602 |    00000B11  C$main.c$ |    00000B12  A$lcc1602
     00000B13  A$lcc1602 |    00000B14  A$lcc1602 |    00000B16  A$lcc1602
     00000B17  A$lcc1602 |    00000B18  A$lcc1602 |    00000B19  A$lcc1602
     00000B1A  A$lcc1602 |    00000B1D  A$lcc1602 |    00000B1F  A$lcc1602
     00000B20  A$lcc1602 |    00000B20  C$main.c$ |    00000B21  A$lcc1602
     00000B23  A$lcc1602 |    00000B23  C$main.c$ |    00000B26  A$lcc1602
     00000B27  A$lcc1602 |    00000B28  A$lcc1602 |    00000B29  A$lcc1602
     00000B29  C$main.c$ |    00000B2A  A$lcc1602 |    00000B2B  A$lcc1602
     00000B2C  A$lcc1602 |    00000B2E  A$lcc1602 |    00000B2F  A$lcc1602
ASxxxx Linker V03.00 + NoICE + sdld,  page 14.
Hexadecimal  [32-Bits]

Area                       Addr        Size        Decimal Bytes (Attributes)
--------------------       ----        ----        ------- ----- ------------
_CODE                  00000200    000019D7 =        6615. bytes (REL,CON)

        Value  Global            Value  Global            Value  Global    
        -----  ------            -----  ------            -----  ------    
     00000B30  A$lcc1602 |    00000B31  A$lcc1602 |    00000B32  A$lcc1602
     00000B35  A$lcc1602 |    00000B37  A$lcc1602 |    00000B38  A$lcc1602
     00000B38  C$main.c$ |    00000B39  A$lcc1602 |    00000B39  C$main.c$
     00000B39  XG$animat |    00000B3B  A$lcc1602 |    00000B3B  C$main.c$
     00000B3B  C$main.c$ |    00000B3B  G$main$0$ |    00000B3B  _main    
     00000B3D  A$lcc1602 |    00000B3F  A$lcc1602 |    00000B3F  C$main.c$
     00000B40  A$lcc1602 |    00000B42  A$lcc1602 |    00000B42  C$main.c$
     00000B43  A$lcc1602 |    00000B43  C$main.c$ |    00000B46  A$lcc1602
     00000B47  A$lcc1602 |    00000B4A  A$lcc1602 |    00000B4B  A$lcc1602
     00000B4C  A$lcc1602 |    00000B4C  C$main.c$ |    00000B4E  A$lcc1602
     00000B4F  A$lcc1602 |    00000B50  A$lcc1602 |    00000B53  A$lcc1602
     00000B54  A$lcc1602 |    00000B54  C$main.c$ |    00000B55  A$lcc1602
     00000B57  A$lcc1602 |    00000B57  C$main.c$ |    00000B59  A$lcc1602
     00000B5B  A$lcc1602 |    00000B5B  C$main.c$ |    00000B5D  A$lcc1602
     00000B5F  A$lcc1602 |    00000B61  A$lcc1602 |    00000B61  C$main.c$
     00000B63  A$lcc1602 |    00000B65  A$lcc1602 |    00000B67  A$lcc1602
     00000B67  C$main.c$ |    00000B69  A$lcc1602 |    00000B6B  A$lcc1602
     00000B6D  A$lcc1602 |    00000B6D  C$main.c$ |    00000B6F  A$lcc1602
     00000B71  A$lcc1602 |    00000B73  A$lcc1602 |    00000B73  C$main.c$
     00000B76  A$lcc1602 |    00000B76  C$main.c$ |    00000B76  C$main.c$
     00000B79  A$lcc1602 |    00000B7C  A$lcc1602 |    00000B7C  C$main.c$
     00000B7F  A$lcc1602 |    00000B82  A$lcc1602 |    00000B83  A$lcc1602
     00000B83  C$main.c$ |    00000B86  A$lcc1602 |    00000B87  A$lcc1602
     00000B8A  A$lcc1602 |    00000B8B  A$lcc1602 |    00000B8C  A$lcc1602
     00000B8D  A$lcc1602 |    00000B8E  A$lcc1602 |    00000B91  A$lcc1602
     00000B92  A$lcc1602 |    00000B92  C$main.c$ |    00000B95  A$lcc1602
     00000B96  A$lcc1602 |    00000B99  A$lcc1602 |    00000B99  C$main.c$
     00000B9C  A$lcc1602 |    00000B9F  A$lcc1602 |    00000BA0  A$lcc1602
     00000BA1  A$lcc1602 |    00000BA2  A$lcc1602 |    00000BA3  A$lcc1602
     00000BA5  A$lcc1602 |    00000BA8  A$lcc1602 |    00000BAA  A$lcc1602
     00000BAC  A$lcc1602 |    00000BAC  C$main.c$ |    00000BAC  C$main.c$
     00000BAF  A$lcc1602 |    00000BB1  A$lcc1602 |    00000BB3  A$lcc1602
     00000BB6  A$lcc1602 |    00000BB8  A$lcc1602 |    00000BBA  A$lcc1602
     00000BBC  A$lcc1602 |    00000BBC  C$main.c$ |    00000BBC  C$main.c$
     00000BBE  A$lcc1602 |    00000BC0  A$lcc1602 |    00000BC0  C$main.c$
     00000BC3  A$lcc1602 |    00000BC5  A$lcc1602 |    00000BC5  C$main.c$
     00000BC8  A$lcc1602 |    00000BCA  A$lcc1602 |    00000BCA  C$main.c$
     00000BCC  A$lcc1602 |    00000BCC  C$main.c$ |    00000BCC  C$main.c$
     00000BCE  A$lcc1602 |    00000BD0  A$lcc1602 |    00000BD0  C$main.c$
     00000BD3  A$lcc1602 |    00000BD5  A$lcc1602 |    00000BD5  C$main.c$
     00000BD8  A$lcc1602 |    00000BDA  A$lcc1602 |    00000BDA  C$main.c$
     00000BDC  A$lcc1602 |    00000BDC  C$main.c$ |    00000BDC  C$main.c$
     00000BDE  A$lcc1602 |    00000BE0  A$lcc1602 |    00000BE0  C$main.c$
     00000BE3  A$lcc1602 |    00000BE5  A$lcc1602 |    00000BE5  C$main.c$
     00000BE8  A$lcc1602 |    00000BEA  A$lcc1602 |    00000BEA  C$main.c$
     00000BED  A$lcc1602 |    00000BEF  A$lcc1602 |    00000BEF  C$main.c$
     00000BF1  A$lcc1602 |    00000BF1  C$main.c$ |    00000BF1  C$main.c$
     00000BF4  A$lcc1602 |    00000BF5  A$lcc1602 |    00000BF6  A$lcc1602
     00000BF7  A$lcc1602 |    00000BF8  A$lcc1602 |    00000BFA  A$lcc1602
     00000BFC  A$lcc1602 |    00000BFD  A$lcc1602 |    00000BFF  A$lcc1602
     00000C00  A$lcc1602 |    00000C02  A$lcc1602 |    00000C04  A$lcc1602
ASxxxx Linker V03.00 + NoICE + sdld,  page 15.
Hexadecimal  [32-Bits]

Area                       Addr        Size        Decimal Bytes (Attributes)
--------------------       ----        ----        ------- ----- ------------
_CODE                  00000200    000019D7 =        6615. bytes (REL,CON)

        Value  Global            Value  Global            Value  Global    
        -----  ------            -----  ------            -----  ------    
     00000C06  A$lcc1602 |    00000C08  A$lcc1602 |    00000C09  A$lcc1602
     00000C0B  A$lcc1602 |    00000C0D  A$lcc1602 |    00000C0F  A$lcc1602
     00000C10  A$lcc1602 |    00000C12  A$lcc1602 |    00000C14  A$lcc1602
     00000C16  A$lcc1602 |    00000C16  C$main.c$ |    00000C19  A$lcc1602
     00000C1B  A$lcc1602 |    00000C1B  C$main.c$ |    00000C1E  A$lcc1602
     00000C20  A$lcc1602 |    00000C20  C$main.c$ |    00000C23  A$lcc1602
     00000C25  A$lcc1602 |    00000C25  C$main.c$ |    00000C25  C$main.c$
     00000C28  A$lcc1602 |    00000C28  C$main.c$ |    00000C2B  A$lcc1602
     00000C2B  C$main.c$ |    00000C2E  A$lcc1602 |    00000C2E  C$main.c$
     00000C31  A$lcc1602 |    00000C33  A$lcc1602 |    00000C35  A$lcc1602
     00000C35  C$main.c$ |    00000C38  A$lcc1602 |    00000C38  C$main.c$
     00000C3B  A$lcc1602 |    00000C3D  A$lcc1602 |    00000C3F  A$lcc1602
     00000C3F  C$main.c$ |    00000C42  A$lcc1602 |    00000C43  A$lcc1602
     00000C45  A$lcc1602 |    00000C46  A$lcc1602 |    00000C47  A$lcc1602
     00000C4A  A$lcc1602 |    00000C4C  A$lcc1602 |    00000C4C  C$main.c$
     00000C4F  A$lcc1602 |    00000C4F  C$main.c$ |    00000C52  A$lcc1602
     00000C52  C$main.c$ |    00000C52  XG$main$0 |    00000C55  G$BKG_MAP
     00000C55  _BKG_MAP  |    00001055  G$BKG_TIL |    00001055  _BKG_TILE
     00001295  G$COLLISI |    00001295  _COLLISIO |    00001695  G$WIN_FRO
     00001695  _WIN_FROG |    00001699  _get_vram |    000016A6  _get_win_
     000016AE  _get_bkg_ |    000016D5  _set_vram |    000016E4  _set_win_
     000016EC  _set_bkg_ |    000017C0  ___printf |    00001B57  _sprintf 
     00001B78  ___move_m |    00001BB0  _get_win_ |    00001BB8  _get_bkg_
ASxxxx Linker V03.00 + NoICE + sdld,  page 16.
Hexadecimal  [32-Bits]

Area                       Addr        Size        Decimal Bytes (Attributes)
--------------------       ----        ----        ------- ----- ------------
_HEADER0               00000000    00000001 =           1. bytes (ABS,CON)

        Value  Global            Value  Global            Value  Global    
        -----  ------            -----  ------            -----  ------    
     00000020  .call_hl 
ASxxxx Linker V03.00 + NoICE + sdld,  page 17.
Hexadecimal  [32-Bits]

Area                       Addr        Size        Decimal Bytes (Attributes)
--------------------       ----        ----        ------- ----- ------------
_HEADER1               00000000    00000005 =           5. bytes (ABS,CON)

        Value  Global            Value  Global            Value  Global    
        -----  ------            -----  ------            -----  ------    
     00000028  .MemsetSm
ASxxxx Linker V03.00 + NoICE + sdld,  page 18.
Hexadecimal  [32-Bits]

Area                       Addr        Size        Decimal Bytes (Attributes)
--------------------       ----        ----        ------- ----- ------------
_HEADER2               00000000    00000007 =           7. bytes (ABS,CON)

        Value  Global            Value  Global            Value  Global    
        -----  ------            -----  ------            -----  ------    
     00000030  .MemcpySm
ASxxxx Linker V03.00 + NoICE + sdld,  page 19.
Hexadecimal  [32-Bits]

Area                       Addr        Size        Decimal Bytes (Attributes)
--------------------       ----        ----        ------- ----- ------------
_HEADER3               00000000    00000008 =           8. bytes (ABS,CON)

        Value  Global            Value  Global            Value  Global    
        -----  ------            -----  ------            -----  ------    
ASxxxx Linker V03.00 + NoICE + sdld,  page 20.
Hexadecimal  [32-Bits]

Area                       Addr        Size        Decimal Bytes (Attributes)
--------------------       ----        ----        ------- ----- ------------
_HEADER4               00000000    0000004F =          79. bytes (ABS,CON)

        Value  Global            Value  Global            Value  Global    
        -----  ------            -----  ------            -----  ------    
     00000080  .int      |    0000008F  _wait_int |    0000009C  __standar
     000000AC  _refresh_
ASxxxx Linker V03.00 + NoICE + sdld,  page 21.
Hexadecimal  [32-Bits]

Area                       Addr        Size        Decimal Bytes (Attributes)
--------------------       ----        ----        ------- ----- ------------
_HEADER5               00000000    00000002 =           2. bytes (ABS,CON)

        Value  Global            Value  Global            Value  Global    
        -----  ------            -----  ------            -----  ------    
ASxxxx Linker V03.00 + NoICE + sdld,  page 22.
Hexadecimal  [32-Bits]

Area                       Addr        Size        Decimal Bytes (Attributes)
--------------------       ----        ----        ------- ----- ------------
_HEADER6               00000000    00000030 =          48. bytes (ABS,CON)

        Value  Global            Value  Global            Value  Global    
        -----  ------            -----  ------            -----  ------    
ASxxxx Linker V03.00 + NoICE + sdld,  page 23.
Hexadecimal  [32-Bits]

Area                       Addr        Size        Decimal Bytes (Attributes)
--------------------       ----        ----        ------- ----- ------------
_HEADER7               00000000    00000006 =           6. bytes (ABS,CON)

        Value  Global            Value  Global            Value  Global    
        -----  ------            -----  ------            -----  ------    
ASxxxx Linker V03.00 + NoICE + sdld,  page 24.
Hexadecimal  [32-Bits]

Area                       Addr        Size        Decimal Bytes (Attributes)
--------------------       ----        ----        ------- ----- ------------
_HEADER8               00000000    00000003 =           3. bytes (ABS,CON)

        Value  Global            Value  Global            Value  Global    
        -----  ------            -----  ------            -----  ------    
ASxxxx Linker V03.00 + NoICE + sdld,  page 25.
Hexadecimal  [32-Bits]

Area                       Addr        Size        Decimal Bytes (Attributes)
--------------------       ----        ----        ------- ----- ------------
_HEADER9               00000000    00000001 =           1. bytes (ABS,CON)

        Value  Global            Value  Global            Value  Global    
        -----  ------            -----  ------            -----  ------    
ASxxxx Linker V03.00 + NoICE + sdld,  page 26.
Hexadecimal  [32-Bits]

Area                       Addr        Size        Decimal Bytes (Attributes)
--------------------       ----        ----        ------- ----- ------------
_HEADERa               00000000    00000001 =           1. bytes (ABS,CON)

        Value  Global            Value  Global            Value  Global    
        -----  ------            -----  ------            -----  ------    
ASxxxx Linker V03.00 + NoICE + sdld,  page 27.
Hexadecimal  [32-Bits]

Area                       Addr        Size        Decimal Bytes (Attributes)
--------------------       ----        ----        ------- ----- ------------
_HEADERb               00000000    00000001 =           1. bytes (ABS,CON)

        Value  Global            Value  Global            Value  Global    
        -----  ------            -----  ------            -----  ------    
ASxxxx Linker V03.00 + NoICE + sdld,  page 28.
Hexadecimal  [32-Bits]

Area                       Addr        Size        Decimal Bytes (Attributes)
--------------------       ----        ----        ------- ----- ------------
_HEADERc               00000000    00000002 =           2. bytes (ABS,CON)

        Value  Global            Value  Global            Value  Global    
        -----  ------            -----  ------            -----  ------    
ASxxxx Linker V03.00 + NoICE + sdld,  page 29.
Hexadecimal  [32-Bits]

Area                       Addr        Size        Decimal Bytes (Attributes)
--------------------       ----        ----        ------- ----- ------------
_HEADERd               00000000    00000001 =           1. bytes (ABS,CON)

        Value  Global            Value  Global            Value  Global    
        -----  ------            -----  ------            -----  ------    
ASxxxx Linker V03.00 + NoICE + sdld,  page 30.
Hexadecimal  [32-Bits]

Area                       Addr        Size        Decimal Bytes (Attributes)
--------------------       ----        ----        ------- ----- ------------
_HEADERe               00000000    00000001 =           1. bytes (ABS,CON)

        Value  Global            Value  Global            Value  Global    
        -----  ------            -----  ------            -----  ------    
ASxxxx Linker V03.00 + NoICE + sdld,  page 31.
Hexadecimal  [32-Bits]

Area                       Addr        Size        Decimal Bytes (Attributes)
--------------------       ----        ----        ------- ----- ------------
_HEADERf               00000000    00000002 =           2. bytes (ABS,CON)

        Value  Global            Value  Global            Value  Global    
        -----  ------            -----  ------            -----  ------    
ASxxxx Linker V03.00 + NoICE + sdld,  page 32.
Hexadecimal  [32-Bits]

Area                       Addr        Size        Decimal Bytes (Attributes)
--------------------       ----        ----        ------- ----- ------------
_HEADER10              00000000    00000082 =         130. bytes (ABS,CON)

        Value  Global            Value  Global            Value  Global    
        -----  ------            -----  ------            -----  ------    
     00000150  .reset    |    00000150  _reset    |    00000157  .code_sta
     000001B7  _exit     |    000001BB  _set_inte
ASxxxx Linker V03.00 + NoICE + sdld,  page 33.
Hexadecimal  [32-Bits]

Area                       Addr        Size        Decimal Bytes (Attributes)
--------------------       ----        ----        ------- ----- ------------
_HEADER11              00000000    00000001 =           1. bytes (ABS,CON)

        Value  Global            Value  Global            Value  Global    
        -----  ------            -----  ------            -----  ------    
ASxxxx Linker V03.00 + NoICE + sdld,  page 34.
Hexadecimal  [32-Bits]

Area                       Addr        Size        Decimal Bytes (Attributes)
--------------------       ----        ----        ------- ----- ------------
_HOME                  00001BD7    0000039A =         922. bytes (REL,CON)

        Value  Global            Value  Global            Value  Global    
        -----  ------            -----  ------            -----  ------    
     00001BD7  .memset_s |    00001BE0  .memcpy_s |    00001BFD  .remove_V
     00001C00  .remove_i |    00001C1D  .add_VBL  |    00001C20  .add_int 
     00001C2B  .wait_vbl |    00001C2B  _wait_vbl |    00001C3B  .display_
     00001C3B  _display_ |    00001C53  _remove_V |    00001C5E  _add_VBL 
     00001C69  _set_tile |    00001C6E  _set_bkg_ |    00001C6E  _set_win_
     00001C76  _set_spri |    00001CA6  .padup    |    00001CA6  _waitpadu
     00001CB6  .jpad     |    00001CB6  _joypad   |    00001CDE  _waitpad 
     00001CE1  .wait_pad |    00001CE8  ___sdcc_c |    00001D18  _add_LCD 
     00001D23  .add_LCD  |    00001D29  _remove_L |    00001D34  .remove_L
     00001D3A  __divsuch |    00001D47  __modsuch |    00001D51  __divusch
     00001D63  __modusch |    00001D73  __divscha |    00001D7F  __modscha
     00001D89  __divsint |    00001D9A  __modsint |    00001DA9  __divucha
     00001DB5  __moducha |    00001DBF  __divuint |    00001DD0  __moduint
     00001DDF  .div8     |    00001DDF  .mod8     |    00001DE7  .div16   
     00001DE7  .mod16    |    00001E1D  .divu8    |    00001E1D  .modu8   
     00001E20  .divu16   |    00001E20  .modu16   |    00001E61  _set_bkg_
     00001E75  _uitoa    |    00001E84  _itoa     |    00001E93  .itoa    
     00001EA7  .utoa     |    00001F1B  .set_xy_w |    00001F24  .set_xy_b
     00001F33  .set_xy_t
ASxxxx Linker V03.00 + NoICE + sdld,  page 35.
Hexadecimal  [32-Bits]

Area                       Addr        Size        Decimal Bytes (Attributes)
--------------------       ----        ----        ------- ----- ------------
_CODE_0                00001F71    00000440 =        1088. bytes (REL,CON)

        Value  Global            Value  Global            Value  Global    
        -----  ------            -----  ------            -----  ------    
     00001F71  G$FONT$0_ |    00001F71  _FONT    
ASxxxx Linker V03.00 + NoICE + sdld,  page 36.
Hexadecimal  [32-Bits]

Area                       Addr        Size        Decimal Bytes (Attributes)
--------------------       ----        ----        ------- ----- ------------
_INITIALIZER           000023B1    00000037 =          55. bytes (REL,CON)

        Value  Global            Value  Global            Value  Global    
        -----  ------            -----  ------            -----  ------    
     000023B1  Fmain$__x |    000023D5  Fmain$__x |    000023D8  Fmain$__x
     000023DC  Fmain$__x |    000023E0  Fmain$__x
ASxxxx Linker V03.00 + NoICE + sdld,  page 37.
Hexadecimal  [32-Bits]

Area                       Addr        Size        Decimal Bytes (Attributes)
--------------------       ----        ----        ------- ----- ------------
_GSINIT                000023E8    0000000C =          12. bytes (REL,CON)

        Value  Global            Value  Global            Value  Global    
        -----  ------            -----  ------            -----  ------    
     000023E8  gsinit   
ASxxxx Linker V03.00 + NoICE + sdld,  page 38.
Hexadecimal  [32-Bits]

Area                       Addr        Size        Decimal Bytes (Attributes)
--------------------       ----        ----        ------- ----- ------------
_GSFINAL               000023F4    00000001 =           1. bytes (REL,CON)

        Value  Global            Value  Global            Value  Global    
        -----  ------            -----  ------            -----  ------    
ASxxxx Linker V03.00 + NoICE + sdld,  page 39.
Hexadecimal  [32-Bits]

Area                       Addr        Size        Decimal Bytes (Attributes)
--------------------       ----        ----        ------- ----- ------------
_DATA                  0000C0A0    0000005B =          91. bytes (REL,CON)

        Value  Global            Value  Global            Value  Global    
        -----  ------            -----  ------            -----  ------    
     0000C0A0  __cpu     |    0000C0A1  __is_GBA  |    0000C0A2  .mode    
     0000C0A3  .sys_time |    0000C0A3  _sys_time |    0000C0A5  .int_0x40
     0000C0B9  G$scroll$ |    0000C0B9  _scroll   |    0000C0C3  G$PLAYER$
     0000C0C3  _PLAYER   |    0000C0C9  G$joy$0_0 |    0000C0C9  _joy     
     0000C0CA  G$last_jo |    0000C0CA  _last_joy |    0000C0CB  G$is_movi
     0000C0CB  _is_movin |    0000C0CC  G$turtles |    0000C0CC  _turtles_
     0000C0CD  G$move_x$ |    0000C0CD  _move_x   |    0000C0CE  G$move_y$
     0000C0CE  _move_y   |    0000C0CF  G$scx_cou |    0000C0CF  _scx_coun
     0000C0D0  G$turtle_ |    0000C0D0  _turtle_c |    0000C0D1  G$dive_co
     0000C0D1  _dive_cou |    0000C0D2  G$turtle_ |    0000C0D2  _turtle_t
     0000C0D3  G$dive_ti |    0000C0D3  _dive_til |    0000C0D4  G$vram_ad
     0000C0D4  _vram_add |    0000C0D6  G$score$0 |    0000C0D6  _score   
     0000C0D8  G$text_bu |    0000C0D8  _text_buf |    0000C0E8  ___curren
     0000C0EA  ___curren |    0000C0EB  .int_0x48
ASxxxx Linker V03.00 + NoICE + sdld,  page 40.
Hexadecimal  [32-Bits]

Area                       Addr        Size        Decimal Bytes (Attributes)
--------------------       ----        ----        ------- ----- ------------
_INITIALIZED           0000C0FB    00000037 =          55. bytes (REL,CON)

        Value  Global            Value  Global            Value  Global    
        -----  ------            -----  ------            -----  ------    
     0000C0FB  G$scroll_ |    0000C0FB  _scroll_r |    0000C11F  G$turtle_
     0000C11F  _turtle_d |    0000C122  G$turtle_ |    0000C122  _turtle_d
     0000C126  G$turtle_ |    0000C126  _turtle_t |    0000C12A  G$dive_ti
     0000C12A  _dive_til |    0000C131  ___render
ASxxxx Linker V03.00 + NoICE + sdld,  page 41.
Hexadecimal  [32-Bits]

Area                       Addr        Size        Decimal Bytes (Attributes)
--------------------       ----        ----        ------- ----- ------------
_HRAM12                00000000    00000003 =           3. bytes (ABS,CON)

        Value  Global            Value  Global            Value  Global    
        -----  ------            -----  ------            -----  ------    
     0000FF90  __current |    0000FF92  __shadow_
ASxxxx Linker V03.00 + NoICE + sdld,  page 42.
Hexadecimal  [32-Bits]

Area                       Addr        Size        Decimal Bytes (Attributes)
--------------------       ----        ----        ------- ----- ------------
_CODE_1                00014000    000000AC =         172. bytes (REL,CON)

        Value  Global            Value  Global            Value  Global    
        -----  ------            -----  ------            -----  ------    
     00014000  C$frogger |    00014000  G$__func_ |    00014000  G$frogger
     00014000  ___func_f |    00014000  _frogger_ |    00014008  G$frogger
     00014008  _frogger_ |    00014048  G$frogger |    00014048  _frogger_
     00014054  G$frogger |    00014054  _frogger_ |    00014056  C$frogger
     00014056  G$__func_ |    00014056  G$frogger |    00014056  ___func_f
     00014056  _frogger_ |    0001405E  G$frogger |    0001405E  _frogger_
     0001409E  G$frogger |    0001409E  _frogger_ |    000140AA  G$frogger
     000140AA  _frogger_
ASxxxx Linker V03.00 + NoICE + sdld,  page 43.
Hexadecimal  [32-Bits]

Area                       Addr        Size        Decimal Bytes (Attributes)
--------------------       ----        ----        ------- ----- ------------
_HEADER_LCD0           00000000    00000003 =           3. bytes (ABS,CON)

        Value  Global            Value  Global            Value  Global    
        -----  ------            -----  ------            -----  ------    
ASxxxx Linker V03.00 + NoICE + sdld,  page 44.

Files Linked                              [ module(s) ]

C:\c_code\gbdk\lib/small/asxxxx/gb/crt0.o
                                          [ Runtime ]
C:\Users\User\AppData\Local\Temp/lcc160200.rel
                                          [ main ]
C:\Users\User\AppData\Local\Temp/lcc160201.rel
                                          [ bkg_map ]
C:\Users\User\AppData\Local\Temp/lcc160202.rel
                                          [ bkg_tiles ]
C:\Users\User\AppData\Local\Temp/lcc160203.rel
                                          [ collision_map ]
C:\Users\User\AppData\Local\Temp/lcc160204.rel
                                          [ font ]
C:\Users\User\AppData\Local\Temp/lcc160205.rel
                                          [ frogger ]
C:\Users\User\AppData\Local\Temp/lcc160206.rel
                                          [ frogger_16 ]
C:\Users\User\AppData\Local\Temp/lcc160207.rel
                                          [ win_frog ]


Libraries Linked                          [ object file ]

C:\c_code\gbdk\lib/small/asxxxx/gb/gb.lib
                                          [ sfr.o ]
C:\c_code\gbdk\lib/small/asxxxx/gb/gb.lib
                                          [ get_tile.o ]
C:\c_code\gbdk\lib/small/asxxxx/gb/gb.lib
                                          [ set_tile.o ]
C:\c_code\gbdk\lib/small/asxxxx/gb/gb.lib
                                          [ set_data.o ]
C:\c_code\gbdk\lib/small/asxxxx/gbz80/gbz80.lib
                                          [ sprintf.o ]
C:\c_code\gbdk\lib/small/asxxxx/gb/gb.lib
                                          [ pad.o ]
C:\c_code\gbdk\lib/small/asxxxx/gb/gb.lib
                                          [ metasprites.o ]
C:\c_code\gbdk\lib/small/asxxxx/gbz80/gbz80.lib
                                          [ __sdcc_call_hl.o ]
C:\c_code\gbdk\lib/small/asxxxx/gb/gb.lib
                                          [ lcd.o ]
C:\c_code\gbdk\lib/small/asxxxx/gb/gb.lib
                                          [ get_addr.o ]
C:\c_code\gbdk\lib/small/asxxxx/gbz80/gbz80.lib
                                          [ div.o ]
C:\c_code\gbdk\lib/small/asxxxx/gb/gb.lib
                                          [ set_bk_t.o ]
C:\c_code\gbdk\lib/small/asxxxx/gbz80/gbz80.lib
                                          [ itoa.o ]
C:\c_code\gbdk\lib/small/asxxxx/gb/gb.lib
                                          [ set_xy_t.o ]

ASxxxx Linker V03.00 + NoICE + sdld,  page 45.

User Base Address Definitions

_DATA=0xC0A0
_CODE=0x0200
ASxxxx Linker V03.00 + NoICE + sdld,  page 46.

User Global Definitions

_shadow_OAM=0xC000
.STACK=0xE000
.refresh_OAM=0xFF80

