ASxxxx Linker V03.00 + NoICE + sdld,  page 1.
Hexadecimal  [32-Bits]

Area                       Addr        Size        Decimal Bytes (Attributes)
--------------------       ----        ----        ------- ----- ------------
.  .ABS.               00000000    00000000 =           0. bytes (ABS,CON)

        Value  Global            Value  Global            Value  Global    
        -----  ------            -----  ------            -----  ------    
     00000000  .__.ABS.  |    00000000  _rRAMG    |    00000000  l__BASE  
     00000000  l__BSS    |    00000000  l__CABS   |    00000000  l__DABS  
     00000000  l__HEADER |    00000000  l__HEADER |    00000000  l__HEAP  
     00000000  l__HEAP_E |    00000000  l__HRAM   |    00000000  l__LIT   
     00000000  s__CABS   |    00000000  s__DABS   |    00000000  s__HEADER
     00000000  s__HEADER |    00000000  s__HEADER |    00000000  s__HEADER
     00000000  s__HEADER |    00000000  s__HEADER |    00000000  s__HEADER
     00000000  s__HEADER |    00000000  s__HEADER |    00000000  s__HEADER
     00000000  s__HEADER |    00000000  s__HEADER |    00000000  s__HEADER
     00000000  s__HEADER |    00000000  s__HEADER |    00000000  s__HEADER
     00000000  s__HEADER |    00000000  s__HEADER |    00000000  s__HEADER
     00000000  s__HEADER |    00000000  s__HEADER |    00000000  s__HRAM  
     00000000  s__HRAM12 |    00000001  ___bank_f |    00000001  ___bank_f
     00000001  ___bank_l |    00000001  l__GSFINA |    00000001  l__HEADER
     00000001  l__HEADER |    00000001  l__HEADER |    00000001  l__HEADER
     00000001  l__HEADER |    00000001  l__HEADER |    00000001  l__HEADER
     00000002  l__HEADER |    00000002  l__HEADER |    00000002  l__HEADER
     00000003  l__HEADER |    00000003  l__HEADER |    00000003  l__HRAM12
     00000005  l__HEADER |    00000006  l__HEADER |    00000007  l__HEADER
     00000008  l__HEADER |    0000000C  l__GSINIT |    00000030  l__HEADER
     0000004C  l__HEADER |    00000051  l__INITIA |    00000051  l__INITIA
     0000006F  l__DATA   |    00000084  l__HEADER |    00000200  s__CODE  
     00000275  l__HOME   |    000003D0  l__CODE_1 |    00000440  l__CODE_0
     00002000  _rROMB0   |    000025E8  l__CODE   |    000027E8  s__HOME  
     00002A5D  s__BASE   |    00002A5D  s__CODE_0 |    00002E9D  s__INITIA
     00002E9D  s__LIT    |    00002EEE  s__GSINIT |    00002EFA  s__GSFINA
     00003000  _rROMB1   |    00004000  _rRAMB    |    00008000  __VRAM   
     00008000  __VRAM800 |    00008800  __VRAM880 |    00009000  __VRAM900
     00009800  __SCRN0   |    00009C00  __SCRN1   |    0000A000  __SRAM   
     0000C000  __RAM     |    0000C000  _shadow_O |    0000C0A0  s__DATA  
     0000C10F  s__BSS    |    0000C10F  s__INITIA |    0000C160  s__HEAP  
     0000C160  s__HEAP_E |    0000D000  __RAMBANK |    0000E000  .STACK   
     0000FE00  __OAMRAM  |    0000FF00  _P1_REG   |    0000FF00  __IO     
     0000FF01  _SB_REG   |    0000FF02  _SC_REG   |    0000FF04  _DIV_REG 
     0000FF05  _TIMA_REG |    0000FF06  _TMA_REG  |    0000FF07  _TAC_REG 
     0000FF0F  _IF_REG   |    0000FF10  _NR10_REG |    0000FF11  _NR11_REG
     0000FF12  _NR12_REG |    0000FF13  _NR13_REG |    0000FF14  _NR14_REG
     0000FF16  _NR21_REG |    0000FF17  _NR22_REG |    0000FF18  _NR23_REG
     0000FF19  _NR24_REG |    0000FF1A  _NR30_REG |    0000FF1B  _NR31_REG
     0000FF1C  _NR32_REG |    0000FF1D  _NR33_REG |    0000FF1E  _NR34_REG
     0000FF20  _NR41_REG |    0000FF21  _NR42_REG |    0000FF22  _NR43_REG
     0000FF23  _NR44_REG |    0000FF24  _NR50_REG |    0000FF25  _NR51_REG
     0000FF26  _NR52_REG |    0000FF30  _AUD3WAVE |    0000FF30  _PCM_SAMP
     0000FF30  __AUD3WAV |    0000FF40  _LCDC_REG |    0000FF41  _STAT_REG
     0000FF42  _SCY_REG  |    0000FF43  _SCX_REG  |    0000FF44  _LY_REG  
     0000FF45  _LYC_REG  |    0000FF46  _DMA_REG  |    0000FF47  _BGP_REG 
     0000FF48  _OBP0_REG |    0000FF49  _OBP1_REG |    0000FF4A  _WY_REG  
     0000FF4B  _WX_REG   |    0000FF4D  _KEY1_REG |    0000FF4F  _VBK_REG 
     0000FF51  _HDMA1_RE |    0000FF52  _HDMA2_RE |    0000FF53  _HDMA3_RE
     0000FF54  _HDMA4_RE |    0000FF55  _HDMA5_RE |    0000FF56  _RP_REG  
ASxxxx Linker V03.00 + NoICE + sdld,  page 2.
Hexadecimal  [32-Bits]

Area                       Addr        Size        Decimal Bytes (Attributes)
--------------------       ----        ----        ------- ----- ------------
.  .ABS.               00000000    00000000 =           0. bytes (ABS,CON)

        Value  Global            Value  Global            Value  Global    
        -----  ------            -----  ------            -----  ------    
     0000FF68  _BCPS_REG |    0000FF69  _BCPD_REG |    0000FF6A  _OCPS_REG
     0000FF6B  _OCPD_REG |    0000FF70  _SVBK_REG |    0000FF76  _PCM12_RE
     0000FF77  _PCM34_RE |    0000FF80  .refresh_ |    0000FF80  __HRAM   
     0000FFFF  _IE_REG   |    00014000  s__CODE_1
ASxxxx Linker V03.00 + NoICE + sdld,  page 3.
Hexadecimal  [32-Bits]

Area                       Addr        Size        Decimal Bytes (Attributes)
--------------------       ----        ----        ------- ----- ------------
_CODE                  00000200    000025E8 =        9704. bytes (REL,CON)

        Value  Global            Value  Global            Value  Global    
        -----  ------            -----  ------            -----  ------    
     00000200  A$lcc1358 |    00000200  C$main.c$ |    00000200  G$overlap
     00000200  _overlap  |    00000201  A$lcc1358 |    00000201  C$main.c$
     00000203  A$lcc1358 |    00000204  A$lcc1358 |    00000205  A$lcc1358
     00000207  A$lcc1358 |    00000208  A$lcc1358 |    00000209  A$lcc1358
     0000020A  A$lcc1358 |    0000020C  A$lcc1358 |    0000020E  A$lcc1358
     0000020F  A$lcc1358 |    00000211  A$lcc1358 |    00000212  A$lcc1358
     00000214  A$lcc1358 |    00000216  A$lcc1358 |    00000217  A$lcc1358
     00000219  A$lcc1358 |    0000021A  A$lcc1358 |    0000021C  A$lcc1358
     0000021E  A$lcc1358 |    0000021F  A$lcc1358 |    00000221  A$lcc1358
     00000222  A$lcc1358 |    00000224  A$lcc1358 |    00000226  A$lcc1358
     00000227  A$lcc1358 |    00000229  A$lcc1358 |    0000022A  A$lcc1358
     0000022C  A$lcc1358 |    0000022E  A$lcc1358 |    0000022F  A$lcc1358
     00000231  A$lcc1358 |    00000232  A$lcc1358 |    00000234  A$lcc1358
     00000236  A$lcc1358 |    00000237  A$lcc1358 |    00000239  A$lcc1358
     0000023A  A$lcc1358 |    0000023C  A$lcc1358 |    0000023C  C$main.c$
     0000023D  A$lcc1358 |    00000240  A$lcc1358 |    00000240  C$main.c$
     00000242  A$lcc1358 |    00000243  A$lcc1358 |    00000244  A$lcc1358
     00000246  A$lcc1358 |    00000247  A$lcc1358 |    00000248  A$lcc1358
     00000249  A$lcc1358 |    0000024A  A$lcc1358 |    0000024B  A$lcc1358
     0000024C  A$lcc1358 |    0000024D  A$lcc1358 |    0000024E  A$lcc1358
     0000024F  A$lcc1358 |    00000251  A$lcc1358 |    00000253  A$lcc1358
     00000255  A$lcc1358 |    00000257  A$lcc1358 |    00000258  A$lcc1358
     0000025A  A$lcc1358 |    0000025C  A$lcc1358 |    0000025E  A$lcc1358
     0000025F  A$lcc1358 |    00000261  A$lcc1358 |    00000263  A$lcc1358
     00000264  A$lcc1358 |    00000265  A$lcc1358 |    00000266  A$lcc1358
     00000267  A$lcc1358 |    00000268  A$lcc1358 |    00000269  A$lcc1358
     0000026A  A$lcc1358 |    0000026C  A$lcc1358 |    0000026E  A$lcc1358
     00000270  A$lcc1358 |    00000272  A$lcc1358 |    00000273  A$lcc1358
     00000275  A$lcc1358 |    00000277  A$lcc1358 |    00000279  A$lcc1358
     0000027A  A$lcc1358 |    0000027C  A$lcc1358 |    0000027C  C$main.c$
     0000027D  A$lcc1358 |    0000027F  A$lcc1358 |    0000027F  C$main.c$
     00000281  A$lcc1358 |    00000282  A$lcc1358 |    00000283  A$lcc1358
     00000285  A$lcc1358 |    00000286  A$lcc1358 |    00000287  A$lcc1358
     00000288  A$lcc1358 |    00000289  A$lcc1358 |    0000028A  A$lcc1358
     0000028B  A$lcc1358 |    0000028C  A$lcc1358 |    0000028D  A$lcc1358
     0000028E  A$lcc1358 |    00000290  A$lcc1358 |    00000292  A$lcc1358
     00000294  A$lcc1358 |    00000296  A$lcc1358 |    00000297  A$lcc1358
     00000299  A$lcc1358 |    0000029B  A$lcc1358 |    0000029D  A$lcc1358
     0000029E  A$lcc1358 |    000002A0  A$lcc1358 |    000002A2  A$lcc1358
     000002A3  A$lcc1358 |    000002A4  A$lcc1358 |    000002A6  A$lcc1358
     000002A7  A$lcc1358 |    000002A8  A$lcc1358 |    000002A9  A$lcc1358
     000002AA  A$lcc1358 |    000002AB  A$lcc1358 |    000002AC  A$lcc1358
     000002AD  A$lcc1358 |    000002AE  A$lcc1358 |    000002AF  A$lcc1358
     000002B1  A$lcc1358 |    000002B3  A$lcc1358 |    000002B5  A$lcc1358
     000002B7  A$lcc1358 |    000002B8  A$lcc1358 |    000002BA  A$lcc1358
     000002BC  A$lcc1358 |    000002BE  A$lcc1358 |    000002BF  A$lcc1358
     000002C1  A$lcc1358 |    000002C1  C$main.c$ |    000002C2  A$lcc1358
     000002C4  A$lcc1358 |    000002C4  C$main.c$ |    000002C6  A$lcc1358
     000002C6  C$main.c$ |    000002C7  A$lcc1358 |    000002C8  A$lcc1358
     000002C9  A$lcc1358 |    000002CB  A$lcc1358 |    000002CC  A$lcc1358
ASxxxx Linker V03.00 + NoICE + sdld,  page 4.
Hexadecimal  [32-Bits]

Area                       Addr        Size        Decimal Bytes (Attributes)
--------------------       ----        ----        ------- ----- ------------
_CODE                  00000200    000025E8 =        9704. bytes (REL,CON)

        Value  Global            Value  Global            Value  Global    
        -----  ------            -----  ------            -----  ------    
     000002CC  C$main.c$ |    000002CC  C$main.c$ |    000002CC  G$kill_fr
     000002CC  _kill_fro |    000002CF  A$lcc1358 |    000002D1  A$lcc1358
     000002D1  C$main.c$ |    000002D4  A$lcc1358 |    000002D6  A$lcc1358
     000002D6  C$main.c$ |    000002D9  A$lcc1358 |    000002DB  A$lcc1358
     000002DB  C$main.c$ |    000002DE  A$lcc1358 |    000002DF  A$lcc1358
     000002E0  A$lcc1358 |    000002E1  A$lcc1358 |    000002E1  C$main.c$
     000002E2  A$lcc1358 |    000002E3  A$lcc1358 |    000002E3  C$main.c$
     000002E3  XG$kill_f |    000002E4  A$lcc1358 |    000002E4  C$main.c$
     000002E4  G$render_ |    000002E4  _render_a |    000002E5  A$lcc1358
     000002E5  C$main.c$ |    000002E8  A$lcc1358 |    000002E9  A$lcc1358
     000002E9  C$main.c$ |    000002EC  A$lcc1358 |    000002ED  A$lcc1358
     000002EF  A$lcc1358 |    000002F0  A$lcc1358 |    000002F1  A$lcc1358
     000002F2  A$lcc1358 |    000002F3  A$lcc1358 |    000002F4  A$lcc1358
     000002F6  A$lcc1358 |    000002F9  A$lcc1358 |    000002FA  A$lcc1358
     000002FA  C$main.c$ |    000002FA  C$main.c$ |    000002FB  A$lcc1358
     000002FC  A$lcc1358 |    000002FE  A$lcc1358 |    00000301  A$lcc1358
     00000303  A$lcc1358 |    00000304  A$lcc1358 |    00000307  A$lcc1358
     00000309  A$lcc1358 |    0000030A  A$lcc1358 |    0000030D  A$lcc1358
     0000030E  A$lcc1358 |    0000030F  A$lcc1358 |    00000310  A$lcc1358
     00000313  A$lcc1358 |    00000314  A$lcc1358 |    00000315  A$lcc1358
     00000316  A$lcc1358 |    00000319  A$lcc1358 |    0000031B  A$lcc1358
     0000031D  A$lcc1358 |    0000031F  A$lcc1358 |    00000321  A$lcc1358
     00000324  A$lcc1358 |    00000326  A$lcc1358 |    00000329  A$lcc1358
     0000032A  A$lcc1358 |    0000032B  A$lcc1358 |    0000032C  A$lcc1358
     0000032D  A$lcc1358 |    0000032F  A$lcc1358 |    00000330  A$lcc1358
     00000332  A$lcc1358 |    00000333  A$lcc1358 |    00000336  A$lcc1358
     00000338  A$lcc1358 |    00000338  C$main.c$ |    0000033A  A$lcc1358
     0000033A  C$main.c$ |    0000033B  A$lcc1358 |    0000033C  A$lcc1358
     0000033E  A$lcc1358 |    00000341  A$lcc1358 |    00000342  A$lcc1358
     00000345  A$lcc1358 |    00000346  A$lcc1358 |    00000349  A$lcc1358
     0000034A  A$lcc1358 |    0000034B  A$lcc1358 |    0000034C  A$lcc1358
     0000034D  A$lcc1358 |    00000350  A$lcc1358 |    00000351  A$lcc1358
     00000352  A$lcc1358 |    00000353  A$lcc1358 |    00000356  A$lcc1358
     00000358  A$lcc1358 |    00000359  A$lcc1358 |    0000035A  A$lcc1358
     0000035B  A$lcc1358 |    0000035C  A$lcc1358 |    0000035D  A$lcc1358
     0000035E  A$lcc1358 |    0000035F  A$lcc1358 |    00000360  A$lcc1358
     00000363  A$lcc1358 |    00000365  A$lcc1358 |    00000365  C$main.c$
     00000365  C$main.c$ |    00000368  A$lcc1358 |    0000036A  A$lcc1358
     0000036A  C$main.c$ |    0000036D  A$lcc1358 |    0000036F  A$lcc1358
     00000370  A$lcc1358 |    00000370  C$main.c$ |    00000370  XG$render
     00000371  A$lcc1358 |    00000371  C$main.c$ |    00000371  C$main.c$
     00000371  G$update_ |    00000371  _update_l |    00000374  A$lcc1358
     00000375  A$lcc1358 |    00000378  A$lcc1358 |    00000379  A$lcc1358
     0000037C  A$lcc1358 |    0000037D  A$lcc1358 |    0000037E  A$lcc1358
     0000037F  A$lcc1358 |    0000037F  C$main.c$ |    00000382  A$lcc1358
     00000383  A$lcc1358 |    00000386  A$lcc1358 |    00000387  A$lcc1358
     0000038A  A$lcc1358 |    0000038B  A$lcc1358 |    0000038E  A$lcc1358
     00000390  A$lcc1358 |    00000390  C$main.c$ |    00000393  A$lcc1358
     00000394  A$lcc1358 |    00000395  A$lcc1358 |    00000397  A$lcc1358
     00000397  C$main.c$ |    00000399  A$lcc1358 |    0000039A  A$lcc1358
     0000039B  A$lcc1358 |    0000039E  A$lcc1358 |    0000039F  A$lcc1358
ASxxxx Linker V03.00 + NoICE + sdld,  page 5.
Hexadecimal  [32-Bits]

Area                       Addr        Size        Decimal Bytes (Attributes)
--------------------       ----        ----        ------- ----- ------------
_CODE                  00000200    000025E8 =        9704. bytes (REL,CON)

        Value  Global            Value  Global            Value  Global    
        -----  ------            -----  ------            -----  ------    
     000003A0  A$lcc1358 |    000003A1  A$lcc1358 |    000003A2  A$lcc1358
     000003A5  A$lcc1358 |    000003A7  A$lcc1358 |    000003A7  C$main.c$
     000003AA  A$lcc1358 |    000003AB  A$lcc1358 |    000003AD  A$lcc1358
     000003AE  A$lcc1358 |    000003AF  A$lcc1358 |    000003AF  C$main.c$
     000003B0  A$lcc1358 |    000003B2  A$lcc1358 |    000003B2  C$main.c$
     000003B5  A$lcc1358 |    000003B6  A$lcc1358 |    000003B9  A$lcc1358
     000003BA  A$lcc1358 |    000003BD  A$lcc1358 |    000003BE  A$lcc1358
     000003BF  A$lcc1358 |    000003C0  A$lcc1358 |    000003C0  C$main.c$
     000003C3  A$lcc1358 |    000003C5  A$lcc1358 |    000003C6  A$lcc1358
     000003C7  A$lcc1358 |    000003CA  A$lcc1358 |    000003CB  A$lcc1358
     000003CC  A$lcc1358 |    000003CD  A$lcc1358 |    000003CE  A$lcc1358
     000003D1  A$lcc1358 |    000003D3  A$lcc1358 |    000003D3  C$main.c$
     000003D3  XG$update |    000003D4  Fmain$__s |    000003D7  A$lcc1358
     000003D7  C$main.c$ |    000003D7  C$main.c$ |    000003D7  G$update_
     000003D7  _update_p |    000003DA  A$lcc1358 |    000003DB  A$lcc1358
     000003DE  A$lcc1358 |    000003DF  A$lcc1358 |    000003E2  A$lcc1358
     000003E3  A$lcc1358 |    000003E4  A$lcc1358 |    000003E5  A$lcc1358
     000003E5  C$main.c$ |    000003E8  A$lcc1358 |    000003E9  A$lcc1358
     000003EA  A$lcc1358 |    000003EB  A$lcc1358 |    000003EB  C$main.c$
     000003ED  A$lcc1358 |    000003EE  A$lcc1358 |    000003EF  A$lcc1358
     000003F2  A$lcc1358 |    000003F3  A$lcc1358 |    000003F4  A$lcc1358
     000003F5  A$lcc1358 |    000003F6  A$lcc1358 |    000003F9  A$lcc1358
     000003FB  A$lcc1358 |    000003FB  C$main.c$ |    000003FE  A$lcc1358
     000003FF  A$lcc1358 |    00000401  A$lcc1358 |    00000402  A$lcc1358
     00000403  A$lcc1358 |    00000403  C$main.c$ |    00000404  A$lcc1358
     00000404  C$main.c$ |    00000404  XG$update |    00000406  A$lcc1358
     00000406  C$main.c$ |    00000406  C$main.c$ |    00000406  G$update_
     00000406  _update_s |    00000409  A$lcc1358 |    0000040A  A$lcc1358
     0000040C  A$lcc1358 |    0000040D  A$lcc1358 |    0000040F  A$lcc1358
     00000411  A$lcc1358 |    00000412  A$lcc1358 |    00000413  A$lcc1358
     00000414  A$lcc1358 |    00000416  A$lcc1358 |    00000416  C$main.c$
     00000419  A$lcc1358 |    0000041A  A$lcc1358 |    0000041D  A$lcc1358
     0000041E  A$lcc1358 |    00000421  A$lcc1358 |    00000422  A$lcc1358
     00000423  A$lcc1358 |    00000424  A$lcc1358 |    00000426  A$lcc1358
     00000426  C$main.c$ |    00000429  A$lcc1358 |    0000042A  A$lcc1358
     0000042C  A$lcc1358 |    0000042D  A$lcc1358 |    0000042F  A$lcc1358
     00000431  A$lcc1358 |    00000432  A$lcc1358 |    00000434  A$lcc1358
     00000436  A$lcc1358 |    00000437  A$lcc1358 |    00000439  A$lcc1358
     00000439  C$main.c$ |    0000043C  A$lcc1358 |    0000043D  A$lcc1358
     00000440  A$lcc1358 |    00000441  A$lcc1358 |    00000444  A$lcc1358
     00000445  A$lcc1358 |    00000446  A$lcc1358 |    00000447  A$lcc1358
     00000449  A$lcc1358 |    00000449  C$main.c$ |    0000044B  A$lcc1358
     0000044D  A$lcc1358 |    00000450  A$lcc1358 |    00000451  A$lcc1358
     00000453  A$lcc1358 |    00000454  A$lcc1358 |    00000456  A$lcc1358
     00000458  A$lcc1358 |    00000458  C$main.c$ |    0000045B  A$lcc1358
     0000045C  A$lcc1358 |    0000045F  A$lcc1358 |    00000460  A$lcc1358
     00000463  A$lcc1358 |    00000464  A$lcc1358 |    00000465  A$lcc1358
     00000466  A$lcc1358 |    00000468  A$lcc1358 |    00000468  C$main.c$
     0000046B  A$lcc1358 |    0000046D  A$lcc1358 |    0000046E  A$lcc1358
     0000046F  A$lcc1358 |    00000471  A$lcc1358 |    00000472  A$lcc1358
     00000474  A$lcc1358 |    00000474  C$main.c$ |    00000477  A$lcc1358
ASxxxx Linker V03.00 + NoICE + sdld,  page 6.
Hexadecimal  [32-Bits]

Area                       Addr        Size        Decimal Bytes (Attributes)
--------------------       ----        ----        ------- ----- ------------
_CODE                  00000200    000025E8 =        9704. bytes (REL,CON)

        Value  Global            Value  Global            Value  Global    
        -----  ------            -----  ------            -----  ------    
     00000478  A$lcc1358 |    0000047B  A$lcc1358 |    0000047C  A$lcc1358
     0000047F  A$lcc1358 |    00000480  A$lcc1358 |    00000481  A$lcc1358
     00000482  A$lcc1358 |    00000482  C$main.c$ |    00000485  A$lcc1358
     00000486  A$lcc1358 |    00000487  A$lcc1358 |    00000488  A$lcc1358
     00000489  A$lcc1358 |    0000048C  A$lcc1358 |    0000048D  A$lcc1358
     00000490  A$lcc1358 |    00000491  A$lcc1358 |    00000494  A$lcc1358
     00000496  A$lcc1358 |    00000496  C$main.c$ |    00000499  A$lcc1358
     0000049A  A$lcc1358 |    0000049B  A$lcc1358 |    0000049C  A$lcc1358
     0000049C  C$main.c$ |    0000049E  A$lcc1358 |    0000049F  A$lcc1358
     000004A0  A$lcc1358 |    000004A3  A$lcc1358 |    000004A4  A$lcc1358
     000004A5  A$lcc1358 |    000004A6  A$lcc1358 |    000004A7  A$lcc1358
     000004AA  A$lcc1358 |    000004AC  A$lcc1358 |    000004AC  C$main.c$
     000004AF  A$lcc1358 |    000004B0  A$lcc1358 |    000004B2  A$lcc1358
     000004B3  A$lcc1358 |    000004B4  A$lcc1358 |    000004B4  C$main.c$
     000004B5  A$lcc1358 |    000004B5  C$main.c$ |    000004B5  XG$update
     000004B7  Fmain$__s |    000004BA  A$lcc1358 |    000004BA  C$main.c$
     000004BA  C$main.c$ |    000004BA  G$update_ |    000004BA  _update_f
     000004BD  A$lcc1358 |    000004BE  A$lcc1358 |    000004C0  A$lcc1358
     000004C1  A$lcc1358 |    000004C2  A$lcc1358 |    000004C4  A$lcc1358
     000004C4  C$main.c$ |    000004C7  A$lcc1358 |    000004C8  A$lcc1358
     000004C9  A$lcc1358 |    000004CA  A$lcc1358 |    000004CD  A$lcc1358
     000004CF  A$lcc1358 |    000004CF  C$main.c$ |    000004D0  A$lcc1358
     000004D0  C$main.c$ |    000004D1  A$lcc1358 |    000004D3  A$lcc1358
     000004D3  C$main.c$ |    000004D4  A$lcc1358 |    000004D5  A$lcc1358
     000004D7  A$lcc1358 |    000004D8  A$lcc1358 |    000004DB  A$lcc1358
     000004DC  A$lcc1358 |    000004DD  A$lcc1358 |    000004E0  A$lcc1358
     000004E2  A$lcc1358 |    000004E2  C$main.c$ |    000004E2  XG$update
     000004E3  A$lcc1358 |    000004E3  C$main.c$ |    000004E3  G$update_
     000004E3  _update_f |    000004E4  A$lcc1358 |    000004E7  A$lcc1358
     000004E9  A$lcc1358 |    000004EA  A$lcc1358 |    000004EA  C$main.c$
     000004ED  A$lcc1358 |    000004ED  C$main.c$ |    000004EF  A$lcc1358
     000004F0  A$lcc1358 |    000004F1  A$lcc1358 |    000004F3  A$lcc1358
     000004F5  A$lcc1358 |    000004F6  A$lcc1358 |    000004F7  A$lcc1358
     000004F9  A$lcc1358 |    000004FB  A$lcc1358 |    000004FC  A$lcc1358
     000004FE  A$lcc1358 |    00000501  A$lcc1358 |    00000503  A$lcc1358
     00000504  A$lcc1358 |    00000506  A$lcc1358 |    00000508  A$lcc1358
     0000050B  A$lcc1358 |    0000050B  C$main.c$ |    0000050C  A$lcc1358
     0000050D  A$lcc1358 |    00000510  A$lcc1358 |    00000511  A$lcc1358
     00000514  A$lcc1358 |    00000515  A$lcc1358 |    00000516  A$lcc1358
     00000517  A$lcc1358 |    0000051A  A$lcc1358 |    0000051B  A$lcc1358
     0000051C  A$lcc1358 |    0000051D  A$lcc1358 |    00000520  A$lcc1358
     00000522  A$lcc1358 |    00000523  A$lcc1358 |    00000524  A$lcc1358
     00000525  A$lcc1358 |    00000527  A$lcc1358 |    00000528  A$lcc1358
     0000052B  A$lcc1358 |    0000052D  A$lcc1358 |    0000052D  C$main.c$
     00000530  A$lcc1358 |    00000530  C$main.c$ |    00000531  A$lcc1358
     00000533  A$lcc1358 |    00000534  A$lcc1358 |    00000537  A$lcc1358
     00000539  A$lcc1358 |    0000053A  A$lcc1358 |    0000053D  A$lcc1358
     0000053E  A$lcc1358 |    0000053F  A$lcc1358 |    00000540  A$lcc1358
     00000543  A$lcc1358 |    00000544  A$lcc1358 |    00000545  A$lcc1358
     00000546  A$lcc1358 |    00000549  A$lcc1358 |    0000054B  A$lcc1358
     0000054D  A$lcc1358 |    0000054F  A$lcc1358 |    00000551  A$lcc1358
ASxxxx Linker V03.00 + NoICE + sdld,  page 7.
Hexadecimal  [32-Bits]

Area                       Addr        Size        Decimal Bytes (Attributes)
--------------------       ----        ----        ------- ----- ------------
_CODE                  00000200    000025E8 =        9704. bytes (REL,CON)

        Value  Global            Value  Global            Value  Global    
        -----  ------            -----  ------            -----  ------    
     00000554  A$lcc1358 |    00000556  A$lcc1358 |    00000559  A$lcc1358
     0000055A  A$lcc1358 |    0000055B  A$lcc1358 |    0000055C  A$lcc1358
     0000055D  A$lcc1358 |    0000055F  A$lcc1358 |    00000560  A$lcc1358
     00000562  A$lcc1358 |    00000563  A$lcc1358 |    00000566  A$lcc1358
     00000568  A$lcc1358 |    00000568  C$main.c$ |    0000056A  A$lcc1358
     0000056A  C$main.c$ |    0000056B  A$lcc1358 |    0000056C  A$lcc1358
     0000056F  A$lcc1358 |    00000570  A$lcc1358 |    00000573  A$lcc1358
     00000574  A$lcc1358 |    00000575  A$lcc1358 |    00000576  A$lcc1358
     00000579  A$lcc1358 |    0000057A  A$lcc1358 |    0000057B  A$lcc1358
     0000057C  A$lcc1358 |    0000057F  A$lcc1358 |    00000581  A$lcc1358
     00000582  A$lcc1358 |    00000583  A$lcc1358 |    00000584  A$lcc1358
     00000586  A$lcc1358 |    00000587  A$lcc1358 |    0000058A  A$lcc1358
     0000058C  A$lcc1358 |    0000058C  C$main.c$ |    0000058E  A$lcc1358
     0000058E  C$main.c$ |    0000058F  A$lcc1358 |    00000590  A$lcc1358
     00000593  A$lcc1358 |    00000595  A$lcc1358 |    00000596  A$lcc1358
     00000599  A$lcc1358 |    0000059A  A$lcc1358 |    0000059B  A$lcc1358
     0000059C  A$lcc1358 |    0000059F  A$lcc1358 |    000005A0  A$lcc1358
     000005A1  A$lcc1358 |    000005A2  A$lcc1358 |    000005A5  A$lcc1358
     000005A7  A$lcc1358 |    000005A8  A$lcc1358 |    000005AA  A$lcc1358
     000005AB  A$lcc1358 |    000005AC  A$lcc1358 |    000005AD  A$lcc1358
     000005AF  A$lcc1358 |    000005B0  A$lcc1358 |    000005B3  A$lcc1358
     000005B5  A$lcc1358 |    000005B5  C$main.c$ |    000005B6  A$lcc1358
     000005B6  C$main.c$ |    000005B6  XG$update |    000005B7  A$lcc1358
     000005B7  C$main.c$ |    000005B7  C$main.c$ |    000005B7  G$reset_f
     000005B7  _reset_fr |    000005BA  A$lcc1358 |    000005BA  C$main.c$
     000005BD  A$lcc1358 |    000005BF  A$lcc1358 |    000005BF  C$main.c$
     000005C2  A$lcc1358 |    000005C4  A$lcc1358 |    000005C7  A$lcc1358
     000005C9  A$lcc1358 |    000005C9  C$main.c$ |    000005CC  A$lcc1358
     000005CE  A$lcc1358 |    000005CF  A$lcc1358 |    000005D1  A$lcc1358
     000005D1  C$main.c$ |    000005D4  A$lcc1358 |    000005D5  A$lcc1358
     000005D6  A$lcc1358 |    000005D8  A$lcc1358 |    000005D9  A$lcc1358
     000005DB  A$lcc1358 |    000005DB  C$main.c$ |    000005DC  A$lcc1358
     000005DF  A$lcc1358 |    000005DF  C$main.c$ |    000005E2  A$lcc1358
     000005E4  A$lcc1358 |    000005E4  C$main.c$ |    000005E7  A$lcc1358
     000005E9  A$lcc1358 |    000005EA  A$lcc1358 |    000005EB  A$lcc1358
     000005EE  A$lcc1358 |    000005EF  A$lcc1358 |    000005F2  A$lcc1358
     000005F3  A$lcc1358 |    000005F4  A$lcc1358 |    000005F5  A$lcc1358
     000005F6  A$lcc1358 |    000005F9  A$lcc1358 |    000005FA  A$lcc1358
     000005FB  A$lcc1358 |    000005FC  A$lcc1358 |    000005FF  A$lcc1358
     00000601  A$lcc1358 |    00000602  A$lcc1358 |    00000603  A$lcc1358
     00000604  A$lcc1358 |    00000605  A$lcc1358 |    00000606  A$lcc1358
     00000607  A$lcc1358 |    00000608  A$lcc1358 |    00000609  A$lcc1358
     0000060C  A$lcc1358 |    0000060E  A$lcc1358 |    0000060E  C$main.c$
     0000060E  C$main.c$ |    0000060E  XG$reset_ |    0000060F  A$lcc1358
     0000060F  C$main.c$ |    0000060F  C$main.c$ |    0000060F  G$reset_t
     0000060F  _reset_ti |    00000612  A$lcc1358 |    00000614  A$lcc1358
     00000615  A$lcc1358 |    00000617  A$lcc1358 |    00000617  C$main.c$
     0000061A  A$lcc1358 |    0000061C  A$lcc1358 |    0000061C  C$main.c$
     0000061F  A$lcc1358 |    00000620  A$lcc1358 |    00000623  A$lcc1358
     00000624  A$lcc1358 |    00000627  A$lcc1358 |    00000628  A$lcc1358
     0000062B  A$lcc1358 |    0000062D  A$lcc1358 |    0000062D  C$main.c$
ASxxxx Linker V03.00 + NoICE + sdld,  page 8.
Hexadecimal  [32-Bits]

Area                       Addr        Size        Decimal Bytes (Attributes)
--------------------       ----        ----        ------- ----- ------------
_CODE                  00000200    000025E8 =        9704. bytes (REL,CON)

        Value  Global            Value  Global            Value  Global    
        -----  ------            -----  ------            -----  ------    
     0000062D  XG$reset_ |    0000062E  A$lcc1358 |    0000062E  C$main.c$
     0000062E  C$main.c$ |    0000062E  G$frog_de |    0000062E  _frog_dea
     00000631  A$lcc1358 |    00000632  A$lcc1358 |    00000633  A$lcc1358
     00000635  A$lcc1358 |    00000635  C$main.c$ |    00000636  A$lcc1358
     00000637  A$lcc1358 |    00000639  A$lcc1358 |    00000639  C$main.c$
     0000063C  A$lcc1358 |    0000063E  A$lcc1358 |    0000063E  C$main.c$
     0000063F  A$lcc1358 |    0000063F  C$main.c$ |    00000642  A$lcc1358
     00000642  C$main.c$ |    00000642  C$main.c$ |    00000642  XG$frog_d
     00000645  A$lcc1358 |    00000645  C$main.c$ |    00000645  C$main.c$
     00000645  G$init_le |    00000645  _init_lev |    00000648  A$lcc1358
     00000649  A$lcc1358 |    0000064C  A$lcc1358 |    0000064D  A$lcc1358
     00000650  A$lcc1358 |    00000652  A$lcc1358 |    00000652  C$main.c$
     00000655  A$lcc1358 |    00000656  A$lcc1358 |    00000659  A$lcc1358
     0000065A  A$lcc1358 |    0000065D  A$lcc1358 |    0000065F  A$lcc1358
     0000065F  C$main.c$ |    00000662  A$lcc1358 |    00000663  A$lcc1358
     00000666  A$lcc1358 |    00000667  A$lcc1358 |    0000066A  A$lcc1358
     0000066C  A$lcc1358 |    0000066C  C$main.c$ |    0000066F  A$lcc1358
     00000670  A$lcc1358 |    00000673  A$lcc1358 |    00000674  A$lcc1358
     00000677  A$lcc1358 |    00000679  A$lcc1358 |    00000679  C$main.c$
     0000067C  A$lcc1358 |    0000067D  A$lcc1358 |    00000680  A$lcc1358
     00000681  A$lcc1358 |    00000684  A$lcc1358 |    00000686  A$lcc1358
     00000686  C$main.c$ |    00000689  A$lcc1358 |    0000068A  A$lcc1358
     0000068D  A$lcc1358 |    0000068E  A$lcc1358 |    0000068F  A$lcc1358
     00000690  A$lcc1358 |    00000691  A$lcc1358 |    00000694  A$lcc1358
     00000696  A$lcc1358 |    00000696  C$main.c$ |    00000699  A$lcc1358
     0000069A  A$lcc1358 |    0000069C  A$lcc1358 |    0000069D  A$lcc1358
     0000069E  A$lcc1358 |    000006A1  A$lcc1358 |    000006A3  A$lcc1358
     000006A3  C$main.c$ |    000006A6  A$lcc1358 |    000006A8  A$lcc1358
     000006A8  C$main.c$ |    000006AB  A$lcc1358 |    000006AD  A$lcc1358
     000006AD  C$main.c$ |    000006B0  A$lcc1358 |    000006B2  A$lcc1358
     000006B3  A$lcc1358 |    000006B5  A$lcc1358 |    000006B5  C$main.c$
     000006B8  A$lcc1358 |    000006BA  A$lcc1358 |    000006BB  A$lcc1358
     000006BD  A$lcc1358 |    000006BD  C$main.c$ |    000006C0  A$lcc1358
     000006C2  A$lcc1358 |    000006C2  C$main.c$ |    000006C3  A$lcc1358
     000006C6  A$lcc1358 |    000006C7  A$lcc1358 |    000006C8  A$lcc1358
     000006C8  C$main.c$ |    000006CB  A$lcc1358 |    000006CB  C$main.c$
     000006CE  A$lcc1358 |    000006D0  A$lcc1358 |    000006D0  C$main.c$
     000006D3  A$lcc1358 |    000006D3  C$main.c$ |    000006D6  A$lcc1358
     000006D6  C$main.c$ |    000006D9  A$lcc1358 |    000006D9  C$main.c$
     000006DC  A$lcc1358 |    000006DC  C$main.c$ |    000006DC  C$main.c$
     000006DC  XG$init_l |    000006DF  A$lcc1358 |    000006DF  C$main.c$
     000006DF  G$move_fr |    000006DF  _move_fro |    000006E0  A$lcc1358
     000006E1  A$lcc1358 |    000006E1  C$main.c$ |    000006E4  A$lcc1358
     000006E5  A$lcc1358 |    000006E8  A$lcc1358 |    000006E8  C$main.c$
     000006EB  A$lcc1358 |    000006EC  A$lcc1358 |    000006EE  A$lcc1358
     000006EF  A$lcc1358 |    000006F0  A$lcc1358 |    000006F1  A$lcc1358
     000006F2  A$lcc1358 |    000006F5  A$lcc1358 |    000006F7  A$lcc1358
     000006F9  A$lcc1358 |    000006FC  A$lcc1358 |    000006FE  A$lcc1358
     00000701  A$lcc1358 |    00000702  A$lcc1358 |    00000703  A$lcc1358
     00000704  A$lcc1358 |    00000705  A$lcc1358 |    00000706  A$lcc1358
     00000709  A$lcc1358 |    0000070A  A$lcc1358 |    0000070B  A$lcc1358
ASxxxx Linker V03.00 + NoICE + sdld,  page 9.
Hexadecimal  [32-Bits]

Area                       Addr        Size        Decimal Bytes (Attributes)
--------------------       ----        ----        ------- ----- ------------
_CODE                  00000200    000025E8 =        9704. bytes (REL,CON)

        Value  Global            Value  Global            Value  Global    
        -----  ------            -----  ------            -----  ------    
     0000070C  A$lcc1358 |    0000070F  A$lcc1358 |    00000710  A$lcc1358
     00000713  A$lcc1358 |    00000714  A$lcc1358 |    00000717  A$lcc1358
     00000718  A$lcc1358 |    00000719  A$lcc1358 |    0000071B  A$lcc1358
     0000071D  A$lcc1358 |    0000071F  A$lcc1358 |    0000071F  C$main.c$
     00000720  A$lcc1358 |    00000722  A$lcc1358 |    00000724  A$lcc1358
     00000725  A$lcc1358 |    00000727  A$lcc1358 |    00000728  A$lcc1358
     0000072B  A$lcc1358 |    0000072D  A$lcc1358 |    0000072E  A$lcc1358
     00000731  A$lcc1358 |    00000732  A$lcc1358 |    00000733  A$lcc1358
     00000734  A$lcc1358 |    00000737  A$lcc1358 |    00000738  A$lcc1358
     00000739  A$lcc1358 |    0000073C  A$lcc1358 |    0000073E  A$lcc1358
     00000740  A$lcc1358 |    00000741  A$lcc1358 |    00000742  A$lcc1358
     00000743  A$lcc1358 |    00000744  A$lcc1358 |    00000746  A$lcc1358
     00000747  A$lcc1358 |    0000074A  A$lcc1358 |    0000074C  A$lcc1358
     0000074C  C$main.c$ |    0000074F  A$lcc1358 |    0000074F  C$main.c$
     00000750  A$lcc1358 |    00000752  A$lcc1358 |    00000755  A$lcc1358
     00000756  A$lcc1358 |    00000758  A$lcc1358 |    00000759  A$lcc1358
     0000075C  A$lcc1358 |    0000075E  A$lcc1358 |    0000075F  A$lcc1358
     00000762  A$lcc1358 |    00000763  A$lcc1358 |    00000764  A$lcc1358
     00000765  A$lcc1358 |    00000768  A$lcc1358 |    00000769  A$lcc1358
     0000076A  A$lcc1358 |    0000076D  A$lcc1358 |    0000076F  A$lcc1358
     00000771  A$lcc1358 |    00000772  A$lcc1358 |    00000774  A$lcc1358
     00000775  A$lcc1358 |    00000776  A$lcc1358 |    00000777  A$lcc1358
     00000778  A$lcc1358 |    0000077A  A$lcc1358 |    0000077B  A$lcc1358
     0000077E  A$lcc1358 |    00000780  A$lcc1358 |    00000780  C$main.c$
     00000783  A$lcc1358 |    00000783  C$main.c$ |    00000786  A$lcc1358
     00000787  A$lcc1358 |    0000078A  A$lcc1358 |    0000078A  C$main.c$
     0000078D  A$lcc1358 |    0000078E  A$lcc1358 |    0000078F  A$lcc1358
     00000790  A$lcc1358 |    00000793  A$lcc1358 |    00000795  A$lcc1358
     00000797  A$lcc1358 |    0000079A  A$lcc1358 |    0000079C  A$lcc1358
     0000079F  A$lcc1358 |    000007A0  A$lcc1358 |    000007A1  A$lcc1358
     000007A2  A$lcc1358 |    000007A5  A$lcc1358 |    000007A6  A$lcc1358
     000007A7  A$lcc1358 |    000007A8  A$lcc1358 |    000007AB  A$lcc1358
     000007AC  A$lcc1358 |    000007AF  A$lcc1358 |    000007B0  A$lcc1358
     000007B2  A$lcc1358 |    000007B2  C$main.c$ |    000007B2  C$main.c$
     000007B3  A$lcc1358 |    000007B4  A$lcc1358 |    000007B5  A$lcc1358
     000007B5  C$main.c$ |    000007B6  A$lcc1358 |    000007B7  A$lcc1358
     000007B9  A$lcc1358 |    000007BC  A$lcc1358 |    000007BE  A$lcc1358
     000007BF  A$lcc1358 |    000007C2  A$lcc1358 |    000007C4  A$lcc1358
     000007C5  A$lcc1358 |    000007C8  A$lcc1358 |    000007C9  A$lcc1358
     000007CA  A$lcc1358 |    000007CB  A$lcc1358 |    000007CC  A$lcc1358
     000007CF  A$lcc1358 |    000007D0  A$lcc1358 |    000007D1  A$lcc1358
     000007D2  A$lcc1358 |    000007D5  A$lcc1358 |    000007D7  A$lcc1358
     000007D9  A$lcc1358 |    000007DA  A$lcc1358 |    000007DB  A$lcc1358
     000007DC  A$lcc1358 |    000007DD  A$lcc1358 |    000007DF  A$lcc1358
     000007E0  A$lcc1358 |    000007E3  A$lcc1358 |    000007E5  A$lcc1358
     000007E5  C$main.c$ |    000007E7  A$lcc1358 |    000007E7  C$main.c$
     000007E8  A$lcc1358 |    000007EA  A$lcc1358 |    000007ED  A$lcc1358
     000007EF  A$lcc1358 |    000007F1  A$lcc1358 |    000007F2  A$lcc1358
     000007F5  A$lcc1358 |    000007F7  A$lcc1358 |    000007F8  A$lcc1358
     000007FB  A$lcc1358 |    000007FC  A$lcc1358 |    000007FD  A$lcc1358
     000007FE  A$lcc1358 |    000007FF  A$lcc1358 |    00000802  A$lcc1358
ASxxxx Linker V03.00 + NoICE + sdld,  page 10.
Hexadecimal  [32-Bits]

Area                       Addr        Size        Decimal Bytes (Attributes)
--------------------       ----        ----        ------- ----- ------------
_CODE                  00000200    000025E8 =        9704. bytes (REL,CON)

        Value  Global            Value  Global            Value  Global    
        -----  ------            -----  ------            -----  ------    
     00000803  A$lcc1358 |    00000804  A$lcc1358 |    00000805  A$lcc1358
     00000808  A$lcc1358 |    0000080A  A$lcc1358 |    0000080C  A$lcc1358
     0000080E  A$lcc1358 |    00000810  A$lcc1358 |    00000813  A$lcc1358
     00000815  A$lcc1358 |    00000818  A$lcc1358 |    0000081A  A$lcc1358
     0000081B  A$lcc1358 |    0000081C  A$lcc1358 |    0000081D  A$lcc1358
     0000081E  A$lcc1358 |    0000081F  A$lcc1358 |    00000821  A$lcc1358
     00000822  A$lcc1358 |    00000825  A$lcc1358 |    00000827  A$lcc1358
     00000827  C$main.c$ |    00000828  A$lcc1358 |    00000829  A$lcc1358
     00000829  C$main.c$ |    00000829  XG$move_f |    0000082A  A$lcc1358
     0000082A  C$main.c$ |    0000082A  C$main.c$ |    0000082A  G$animate
     0000082A  XG$animat |    0000082A  _animate_ |    0000082B  A$lcc1358
     0000082B  C$main.c$ |    0000082B  C$main.c$ |    0000082B  G$update_
     0000082B  _update_m |    0000082E  A$lcc1358 |    0000082F  A$lcc1358
     00000831  A$lcc1358 |    00000831  C$main.c$ |    00000834  A$lcc1358
     00000834  C$main.c$ |    00000837  A$lcc1358 |    00000839  A$lcc1358
     0000083B  A$lcc1358 |    0000083E  A$lcc1358 |    00000840  A$lcc1358
     00000843  A$lcc1358 |    00000844  A$lcc1358 |    00000847  A$lcc1358
     00000848  A$lcc1358 |    00000849  A$lcc1358 |    0000084A  A$lcc1358
     0000084A  C$main.c$ |    0000084D  A$lcc1358 |    0000084E  A$lcc1358
     00000850  A$lcc1358 |    00000850  C$main.c$ |    00000853  A$lcc1358
     00000853  C$main.c$ |    00000856  A$lcc1358 |    00000858  A$lcc1358
     0000085A  A$lcc1358 |    0000085D  A$lcc1358 |    0000085F  A$lcc1358
     00000862  A$lcc1358 |    00000863  A$lcc1358 |    00000866  A$lcc1358
     00000867  A$lcc1358 |    00000868  A$lcc1358 |    00000869  A$lcc1358
     00000869  C$main.c$ |    0000086C  A$lcc1358 |    0000086D  A$lcc1358
     0000086F  A$lcc1358 |    00000872  A$lcc1358 |    00000873  A$lcc1358
     00000874  A$lcc1358 |    00000874  C$main.c$ |    00000877  A$lcc1358
     00000879  A$lcc1358 |    00000879  C$main.c$ |    0000087C  A$lcc1358
     0000087D  A$lcc1358 |    0000087E  A$lcc1358 |    0000087F  A$lcc1358
     00000882  A$lcc1358 |    00000883  A$lcc1358 |    00000885  A$lcc1358
     00000886  A$lcc1358 |    00000887  A$lcc1358 |    00000888  A$lcc1358
     00000889  A$lcc1358 |    0000088A  A$lcc1358 |    0000088B  A$lcc1358
     0000088D  A$lcc1358 |    0000088F  A$lcc1358 |    00000891  A$lcc1358
     00000893  A$lcc1358 |    00000894  A$lcc1358 |    00000896  A$lcc1358
     00000898  A$lcc1358 |    0000089A  A$lcc1358 |    0000089B  A$lcc1358
     0000089C  A$lcc1358 |    0000089C  C$main.c$ |    0000089F  A$lcc1358
     000008A0  A$lcc1358 |    000008A2  A$lcc1358 |    000008A3  A$lcc1358
     000008A4  A$lcc1358 |    000008A6  A$lcc1358 |    000008A7  A$lcc1358
     000008A7  C$main.c$ |    000008AA  A$lcc1358 |    000008AA  C$main.c$
     000008AD  A$lcc1358 |    000008B0  A$lcc1358 |    000008B0  C$main.c$
     000008B0  XG$update |    000008B1  A$lcc1358 |    000008B1  C$main.c$
     000008B1  C$main.c$ |    000008B1  G$paralla |    000008B1  _parallax
     000008B3  A$lcc1358 |    000008B4  A$lcc1358 |    000008B6  A$lcc1358
     000008B8  A$lcc1358 |    000008BA  A$lcc1358 |    000008BC  A$lcc1358
     000008BE  A$lcc1358 |    000008C0  A$lcc1358 |    000008C2  A$lcc1358
     000008C4  A$lcc1358 |    000008C6  A$lcc1358 |    000008C8  A$lcc1358
     000008CA  A$lcc1358 |    000008CC  A$lcc1358 |    000008CE  A$lcc1358
     000008D0  A$lcc1358 |    000008D2  A$lcc1358 |    000008D4  A$lcc1358
     000008D6  A$lcc1358 |    000008D8  A$lcc1358 |    000008DB  A$lcc1358
     000008DD  A$lcc1358 |    000008E0  A$lcc1358 |    000008E2  A$lcc1358
     000008E5  A$lcc1358 |    000008E7  A$lcc1358 |    000008EA  A$lcc1358
ASxxxx Linker V03.00 + NoICE + sdld,  page 11.
Hexadecimal  [32-Bits]

Area                       Addr        Size        Decimal Bytes (Attributes)
--------------------       ----        ----        ------- ----- ------------
_CODE                  00000200    000025E8 =        9704. bytes (REL,CON)

        Value  Global            Value  Global            Value  Global    
        -----  ------            -----  ------            -----  ------    
     000008EB  A$lcc1358 |    000008EB  C$main.c$ |    000008EC  A$lcc1358
     000008EE  A$lcc1358 |    000008EF  A$lcc1358 |    000008F1  A$lcc1358
     000008F1  C$main.c$ |    000008F3  A$lcc1358 |    000008F5  A$lcc1358
     000008F5  C$main.c$ |    000008F6  A$lcc1358 |    000008F6  C$main.c$
     000008F9  A$lcc1358 |    000008FB  A$lcc1358 |    000008FC  A$lcc1358
     000008FE  A$lcc1358 |    000008FE  C$main.c$ |    00000900  A$lcc1358
     00000902  A$lcc1358 |    00000902  C$main.c$ |    00000903  A$lcc1358
     00000903  C$main.c$ |    00000906  A$lcc1358 |    00000908  A$lcc1358
     00000909  A$lcc1358 |    0000090B  A$lcc1358 |    0000090B  C$main.c$
     0000090D  A$lcc1358 |    0000090F  A$lcc1358 |    0000090F  C$main.c$
     00000910  A$lcc1358 |    00000910  C$main.c$ |    00000913  A$lcc1358
     00000915  A$lcc1358 |    00000916  A$lcc1358 |    00000918  A$lcc1358
     00000918  C$main.c$ |    0000091A  A$lcc1358 |    0000091C  A$lcc1358
     0000091C  C$main.c$ |    0000091D  A$lcc1358 |    0000091D  C$main.c$
     00000920  A$lcc1358 |    00000922  A$lcc1358 |    00000923  A$lcc1358
     00000925  A$lcc1358 |    00000925  C$main.c$ |    00000927  A$lcc1358
     00000929  A$lcc1358 |    00000929  C$main.c$ |    0000092A  A$lcc1358
     0000092A  C$main.c$ |    0000092D  A$lcc1358 |    0000092F  A$lcc1358
     00000930  A$lcc1358 |    00000932  A$lcc1358 |    00000932  C$main.c$
     00000934  A$lcc1358 |    00000936  A$lcc1358 |    00000936  C$main.c$
     00000937  A$lcc1358 |    00000937  C$main.c$ |    00000938  A$lcc1358
     0000093A  A$lcc1358 |    0000093B  A$lcc1358 |    0000093D  A$lcc1358
     0000093D  C$main.c$ |    0000093F  A$lcc1358 |    00000941  A$lcc1358
     00000941  C$main.c$ |    00000942  A$lcc1358 |    00000942  C$main.c$
     00000945  A$lcc1358 |    00000947  A$lcc1358 |    00000948  A$lcc1358
     0000094A  A$lcc1358 |    0000094A  C$main.c$ |    0000094C  A$lcc1358
     0000094E  A$lcc1358 |    0000094E  C$main.c$ |    0000094F  A$lcc1358
     0000094F  C$main.c$ |    00000952  A$lcc1358 |    00000954  A$lcc1358
     00000955  A$lcc1358 |    00000957  A$lcc1358 |    00000957  C$main.c$
     00000959  A$lcc1358 |    0000095B  A$lcc1358 |    0000095B  C$main.c$
     0000095C  A$lcc1358 |    0000095C  C$main.c$ |    0000095F  A$lcc1358
     00000961  A$lcc1358 |    00000962  A$lcc1358 |    00000964  A$lcc1358
     00000964  C$main.c$ |    00000966  A$lcc1358 |    00000968  A$lcc1358
     00000968  C$main.c$ |    00000969  A$lcc1358 |    00000969  C$main.c$
     0000096C  A$lcc1358 |    0000096E  A$lcc1358 |    0000096F  A$lcc1358
     00000971  A$lcc1358 |    00000971  C$main.c$ |    00000973  A$lcc1358
     00000975  A$lcc1358 |    00000975  C$main.c$ |    00000976  A$lcc1358
     00000976  C$main.c$ |    00000979  A$lcc1358 |    0000097B  A$lcc1358
     0000097C  A$lcc1358 |    0000097E  A$lcc1358 |    0000097E  C$main.c$
     00000980  A$lcc1358 |    00000982  A$lcc1358 |    00000982  C$main.c$
     00000983  A$lcc1358 |    00000983  C$main.c$ |    00000984  A$lcc1358
     00000986  A$lcc1358 |    00000987  A$lcc1358 |    00000989  A$lcc1358
     00000989  C$main.c$ |    0000098A  A$lcc1358 |    0000098C  A$lcc1358
     0000098C  C$main.c$ |    0000098C  C$main.c$ |    0000098C  XG$parall
     0000098D  A$lcc1358 |    0000098D  C$main.c$ |    0000098D  G$update_
     0000098D  _update_p |    00000990  A$lcc1358 |    00000991  A$lcc1358
     00000991  C$main.c$ |    00000992  A$lcc1358 |    00000992  C$main.c$
     00000995  A$lcc1358 |    00000997  A$lcc1358 |    00000999  A$lcc1358
     0000099A  A$lcc1358 |    0000099B  A$lcc1358 |    0000099D  A$lcc1358
     0000099D  C$main.c$ |    0000099E  A$lcc1358 |    000009A0  A$lcc1358
     000009A2  A$lcc1358 |    000009A2  C$main.c$ |    000009A4  A$lcc1358
ASxxxx Linker V03.00 + NoICE + sdld,  page 12.
Hexadecimal  [32-Bits]

Area                       Addr        Size        Decimal Bytes (Attributes)
--------------------       ----        ----        ------- ----- ------------
_CODE                  00000200    000025E8 =        9704. bytes (REL,CON)

        Value  Global            Value  Global            Value  Global    
        -----  ------            -----  ------            -----  ------    
     000009A6  A$lcc1358 |    000009A6  C$main.c$ |    000009A7  A$lcc1358
     000009A9  A$lcc1358 |    000009A9  C$main.c$ |    000009AC  A$lcc1358
     000009AD  A$lcc1358 |    000009AF  A$lcc1358 |    000009B1  A$lcc1358
     000009B1  C$main.c$ |    000009B3  A$lcc1358 |    000009B3  C$main.c$
     000009B6  A$lcc1358 |    000009B7  A$lcc1358 |    000009B9  A$lcc1358
     000009BC  A$lcc1358 |    000009BD  A$lcc1358 |    000009C0  A$lcc1358
     000009C1  A$lcc1358 |    000009C1  C$main.c$ |    000009C3  A$lcc1358
     000009C3  C$main.c$ |    000009C6  A$lcc1358 |    000009C7  A$lcc1358
     000009C9  A$lcc1358 |    000009CC  A$lcc1358 |    000009CD  A$lcc1358
     000009D0  A$lcc1358 |    000009D1  A$lcc1358 |    000009D1  C$main.c$
     000009D1  C$main.c$ |    000009D4  A$lcc1358 |    000009D5  A$lcc1358
     000009D5  C$main.c$ |    000009D5  XG$update |    000009D6  A$lcc1358
     000009D6  C$main.c$ |    000009D6  G$scroll_ |    000009D6  _scroll_c
     000009D7  A$lcc1358 |    000009D7  C$main.c$ |    000009DA  A$lcc1358
     000009DB  A$lcc1358 |    000009DD  A$lcc1358 |    000009E0  A$lcc1358
     000009E3  A$lcc1358 |    000009E4  A$lcc1358 |    000009E5  A$lcc1358
     000009E7  A$lcc1358 |    000009E7  C$main.c$ |    000009EA  A$lcc1358
     000009EB  A$lcc1358 |    000009EC  A$lcc1358 |    000009ED  A$lcc1358
     000009ED  C$main.c$ |    000009EE  A$lcc1358 |    000009EF  A$lcc1358
     000009F0  A$lcc1358 |    000009F1  A$lcc1358 |    000009F2  A$lcc1358
     000009F3  A$lcc1358 |    000009F3  C$main.c$ |    000009F4  A$lcc1358
     000009F5  A$lcc1358 |    000009F6  A$lcc1358 |    000009F7  A$lcc1358
     000009F8  A$lcc1358 |    000009F9  A$lcc1358 |    000009FA  A$lcc1358
     000009FA  C$main.c$ |    000009FD  A$lcc1358 |    000009FE  A$lcc1358
     00000A00  A$lcc1358 |    00000A03  A$lcc1358 |    00000A04  A$lcc1358
     00000A04  C$main.c$ |    00000A04  C$main.c$ |    00000A05  A$lcc1358
     00000A07  A$lcc1358 |    00000A07  C$main.c$ |    00000A0A  A$lcc1358
     00000A0B  A$lcc1358 |    00000A0C  A$lcc1358 |    00000A0D  A$lcc1358
     00000A0E  A$lcc1358 |    00000A11  A$lcc1358 |    00000A12  A$lcc1358
     00000A13  A$lcc1358 |    00000A14  A$lcc1358 |    00000A14  C$main.c$
     00000A17  A$lcc1358 |    00000A17  C$main.c$ |    00000A1A  A$lcc1358
     00000A1C  A$lcc1358 |    00000A1E  A$lcc1358 |    00000A1E  C$main.c$
     00000A21  A$lcc1358 |    00000A22  A$lcc1358 |    00000A23  A$lcc1358
     00000A24  A$lcc1358 |    00000A25  A$lcc1358 |    00000A28  A$lcc1358
     00000A29  A$lcc1358 |    00000A2A  A$lcc1358 |    00000A2B  A$lcc1358
     00000A2B  C$main.c$ |    00000A2E  A$lcc1358 |    00000A2E  C$main.c$
     00000A31  A$lcc1358 |    00000A32  A$lcc1358 |    00000A34  A$lcc1358
     00000A37  A$lcc1358 |    00000A3A  A$lcc1358 |    00000A3B  A$lcc1358
     00000A3C  A$lcc1358 |    00000A3E  A$lcc1358 |    00000A3E  C$main.c$
     00000A41  A$lcc1358 |    00000A42  A$lcc1358 |    00000A43  A$lcc1358
     00000A44  A$lcc1358 |    00000A44  C$main.c$ |    00000A47  A$lcc1358
     00000A48  A$lcc1358 |    00000A4A  A$lcc1358 |    00000A4A  C$main.c$
     00000A4D  A$lcc1358 |    00000A4E  A$lcc1358 |    00000A4F  A$lcc1358
     00000A50  A$lcc1358 |    00000A51  A$lcc1358 |    00000A54  A$lcc1358
     00000A55  A$lcc1358 |    00000A56  A$lcc1358 |    00000A57  A$lcc1358
     00000A5A  A$lcc1358 |    00000A5C  A$lcc1358 |    00000A5D  A$lcc1358
     00000A60  A$lcc1358 |    00000A61  A$lcc1358 |    00000A62  A$lcc1358
     00000A63  A$lcc1358 |    00000A66  A$lcc1358 |    00000A67  A$lcc1358
     00000A68  A$lcc1358 |    00000A69  A$lcc1358 |    00000A6C  A$lcc1358
     00000A6E  A$lcc1358 |    00000A70  A$lcc1358 |    00000A71  A$lcc1358
     00000A72  A$lcc1358 |    00000A73  A$lcc1358 |    00000A74  A$lcc1358
ASxxxx Linker V03.00 + NoICE + sdld,  page 13.
Hexadecimal  [32-Bits]

Area                       Addr        Size        Decimal Bytes (Attributes)
--------------------       ----        ----        ------- ----- ------------
_CODE                  00000200    000025E8 =        9704. bytes (REL,CON)

        Value  Global            Value  Global            Value  Global    
        -----  ------            -----  ------            -----  ------    
     00000A76  A$lcc1358 |    00000A77  A$lcc1358 |    00000A7A  A$lcc1358
     00000A7C  A$lcc1358 |    00000A7C  C$main.c$ |    00000A7F  A$lcc1358
     00000A7F  C$main.c$ |    00000A82  A$lcc1358 |    00000A83  A$lcc1358
     00000A85  A$lcc1358 |    00000A85  C$main.c$ |    00000A88  A$lcc1358
     00000A8A  A$lcc1358 |    00000A8C  A$lcc1358 |    00000A8C  C$main.c$
     00000A8F  A$lcc1358 |    00000A90  A$lcc1358 |    00000A91  A$lcc1358
     00000A92  A$lcc1358 |    00000A93  A$lcc1358 |    00000A96  A$lcc1358
     00000A97  A$lcc1358 |    00000A98  A$lcc1358 |    00000A99  A$lcc1358
     00000A99  C$main.c$ |    00000A9C  A$lcc1358 |    00000A9C  C$main.c$
     00000A9F  A$lcc1358 |    00000AA1  A$lcc1358 |    00000AA3  A$lcc1358
     00000AA3  C$main.c$ |    00000AA6  A$lcc1358 |    00000AA7  A$lcc1358
     00000AA8  A$lcc1358 |    00000AA9  A$lcc1358 |    00000AA9  C$main.c$
     00000AAC  A$lcc1358 |    00000AAD  A$lcc1358 |    00000AAE  A$lcc1358
     00000AAF  A$lcc1358 |    00000AAF  C$main.c$ |    00000AB2  A$lcc1358
     00000AB3  A$lcc1358 |    00000AB4  A$lcc1358 |    00000AB5  A$lcc1358
     00000AB5  C$main.c$ |    00000AB8  A$lcc1358 |    00000AB9  A$lcc1358
     00000ABA  A$lcc1358 |    00000ABB  A$lcc1358 |    00000ABB  C$main.c$
     00000ABE  A$lcc1358 |    00000ABF  A$lcc1358 |    00000AC1  A$lcc1358
     00000AC1  C$main.c$ |    00000AC4  A$lcc1358 |    00000AC6  A$lcc1358
     00000AC8  A$lcc1358 |    00000AC8  C$main.c$ |    00000ACB  A$lcc1358
     00000ACC  A$lcc1358 |    00000ACD  A$lcc1358 |    00000ACE  A$lcc1358
     00000ACF  A$lcc1358 |    00000AD2  A$lcc1358 |    00000AD3  A$lcc1358
     00000AD4  A$lcc1358 |    00000AD5  A$lcc1358 |    00000AD5  C$main.c$
     00000AD8  A$lcc1358 |    00000AD8  C$main.c$ |    00000ADB  A$lcc1358
     00000ADC  A$lcc1358 |    00000ADE  A$lcc1358 |    00000AE1  A$lcc1358
     00000AE4  A$lcc1358 |    00000AE5  A$lcc1358 |    00000AE6  A$lcc1358
     00000AE8  A$lcc1358 |    00000AE8  C$main.c$ |    00000AEB  A$lcc1358
     00000AEC  A$lcc1358 |    00000AED  A$lcc1358 |    00000AEE  A$lcc1358
     00000AEE  C$main.c$ |    00000AF1  A$lcc1358 |    00000AF2  A$lcc1358
     00000AF3  A$lcc1358 |    00000AF4  A$lcc1358 |    00000AF4  C$main.c$
     00000AF7  A$lcc1358 |    00000AF8  A$lcc1358 |    00000AF9  A$lcc1358
     00000AF9  C$main.c$ |    00000AF9  XG$scroll |    00000AFA  A$lcc1358
     00000AFA  C$main.c$ |    00000AFA  C$main.c$ |    00000AFA  G$pause_g
     00000AFA  _pause_ga |    00000AFD  A$lcc1358 |    00000AFF  A$lcc1358
     00000AFF  C$main.c$ |    00000B02  A$lcc1358 |    00000B03  A$lcc1358
     00000B06  A$lcc1358 |    00000B07  A$lcc1358 |    00000B0A  A$lcc1358
     00000B0B  A$lcc1358 |    00000B0C  A$lcc1358 |    00000B0D  A$lcc1358
     00000B0D  C$main.c$ |    00000B10  A$lcc1358 |    00000B11  A$lcc1358
     00000B12  A$lcc1358 |    00000B13  A$lcc1358 |    00000B13  C$main.c$
     00000B15  A$lcc1358 |    00000B16  A$lcc1358 |    00000B17  A$lcc1358
     00000B1A  A$lcc1358 |    00000B1B  A$lcc1358 |    00000B1C  A$lcc1358
     00000B1D  A$lcc1358 |    00000B1E  A$lcc1358 |    00000B21  A$lcc1358
     00000B23  A$lcc1358 |    00000B23  C$main.c$ |    00000B26  A$lcc1358
     00000B27  A$lcc1358 |    00000B29  A$lcc1358 |    00000B2A  A$lcc1358
     00000B2B  A$lcc1358 |    00000B2B  C$main.c$ |    00000B2C  A$lcc1358
     00000B2C  C$main.c$ |    00000B2C  XG$pause_ |    00000B2E  A$lcc1358
     00000B2E  C$main.c$ |    00000B2E  C$main.c$ |    00000B2E  G$unpause
     00000B2E  _unpause_ |    00000B31  A$lcc1358 |    00000B33  A$lcc1358
     00000B33  C$main.c$ |    00000B36  A$lcc1358 |    00000B37  A$lcc1358
     00000B3A  A$lcc1358 |    00000B3B  A$lcc1358 |    00000B3E  A$lcc1358
     00000B3F  A$lcc1358 |    00000B40  A$lcc1358 |    00000B41  A$lcc1358
ASxxxx Linker V03.00 + NoICE + sdld,  page 14.
Hexadecimal  [32-Bits]

Area                       Addr        Size        Decimal Bytes (Attributes)
--------------------       ----        ----        ------- ----- ------------
_CODE                  00000200    000025E8 =        9704. bytes (REL,CON)

        Value  Global            Value  Global            Value  Global    
        -----  ------            -----  ------            -----  ------    
     00000B41  C$main.c$ |    00000B43  A$lcc1358 |    00000B44  A$lcc1358
     00000B45  A$lcc1358 |    00000B46  A$lcc1358 |    00000B46  C$main.c$
     00000B47  A$lcc1358 |    00000B48  A$lcc1358 |    00000B49  A$lcc1358
     00000B4C  A$lcc1358 |    00000B4D  A$lcc1358 |    00000B4E  A$lcc1358
     00000B4F  A$lcc1358 |    00000B50  A$lcc1358 |    00000B53  A$lcc1358
     00000B55  A$lcc1358 |    00000B55  C$main.c$ |    00000B58  A$lcc1358
     00000B59  A$lcc1358 |    00000B5B  A$lcc1358 |    00000B5C  A$lcc1358
     00000B5D  A$lcc1358 |    00000B5D  C$main.c$ |    00000B5E  A$lcc1358
     00000B5E  C$main.c$ |    00000B5E  XG$unpaus |    00000B60  A$lcc1358
     00000B60  C$main.c$ |    00000B60  G$drain_t |    00000B60  _drain_ti
     00000B61  A$lcc1358 |    00000B62  A$lcc1358 |    00000B62  C$main.c$
     00000B65  A$lcc1358 |    00000B66  A$lcc1358 |    00000B68  A$lcc1358
     00000B69  A$lcc1358 |    00000B6B  A$lcc1358 |    00000B6D  A$lcc1358
     00000B6E  A$lcc1358 |    00000B6E  C$main.c$ |    00000B6F  A$lcc1358
     00000B70  A$lcc1358 |    00000B72  A$lcc1358 |    00000B74  A$lcc1358
     00000B77  A$lcc1358 |    00000B78  A$lcc1358 |    00000B7A  A$lcc1358
     00000B7C  A$lcc1358 |    00000B7E  A$lcc1358 |    00000B80  A$lcc1358
     00000B82  A$lcc1358 |    00000B84  A$lcc1358 |    00000B85  A$lcc1358
     00000B85  C$main.c$ |    00000B87  A$lcc1358 |    00000B88  A$lcc1358
     00000B8A  A$lcc1358 |    00000B8B  A$lcc1358 |    00000B8E  A$lcc1358
     00000B8F  A$lcc1358 |    00000B90  A$lcc1358 |    00000B90  C$main.c$
     00000B93  A$lcc1358 |    00000B94  A$lcc1358 |    00000B97  A$lcc1358
     00000B98  A$lcc1358 |    00000B9A  A$lcc1358 |    00000B9B  A$lcc1358
     00000B9E  A$lcc1358 |    00000B9F  A$lcc1358 |    00000BA0  A$lcc1358
     00000BA1  A$lcc1358 |    00000BA2  A$lcc1358 |    00000BA5  A$lcc1358
     00000BA6  A$lcc1358 |    00000BA7  A$lcc1358 |    00000BA8  A$lcc1358
     00000BA9  A$lcc1358 |    00000BAA  A$lcc1358 |    00000BAB  A$lcc1358
     00000BAC  A$lcc1358 |    00000BAF  A$lcc1358 |    00000BB0  A$lcc1358
     00000BB1  A$lcc1358 |    00000BB1  C$main.c$ |    00000BB3  A$lcc1358
     00000BB4  A$lcc1358 |    00000BB6  A$lcc1358 |    00000BB8  A$lcc1358
     00000BB9  A$lcc1358 |    00000BBB  A$lcc1358 |    00000BBC  A$lcc1358
     00000BBD  A$lcc1358 |    00000BBF  A$lcc1358 |    00000BC0  A$lcc1358
     00000BC1  A$lcc1358 |    00000BC3  A$lcc1358 |    00000BC4  A$lcc1358
     00000BC5  A$lcc1358 |    00000BC7  A$lcc1358 |    00000BC7  C$main.c$
     00000BC9  A$lcc1358 |    00000BCA  A$lcc1358 |    00000BCC  A$lcc1358
     00000BCD  A$lcc1358 |    00000BCF  A$lcc1358 |    00000BD0  A$lcc1358
     00000BD1  A$lcc1358 |    00000BD2  A$lcc1358 |    00000BD3  A$lcc1358
     00000BD6  A$lcc1358 |    00000BD8  A$lcc1358 |    00000BD8  C$main.c$
     00000BDB  A$lcc1358 |    00000BDC  A$lcc1358 |    00000BDC  C$main.c$
     00000BDF  A$lcc1358 |    00000BE0  A$lcc1358 |    00000BE2  A$lcc1358
     00000BE3  A$lcc1358 |    00000BE4  A$lcc1358 |    00000BE6  A$lcc1358
     00000BE7  A$lcc1358 |    00000BE7  C$main.c$ |    00000BEA  A$lcc1358
     00000BEA  C$main.c$ |    00000BED  A$lcc1358 |    00000BEE  A$lcc1358
     00000BF0  A$lcc1358 |    00000BF1  A$lcc1358 |    00000BF2  A$lcc1358
     00000BF2  C$main.c$ |    00000BF4  A$lcc1358 |    00000BF5  A$lcc1358
     00000BF7  A$lcc1358 |    00000BF9  A$lcc1358 |    00000BF9  C$main.c$
     00000BFC  A$lcc1358 |    00000BFE  A$lcc1358 |    00000BFE  C$main.c$
     00000C01  A$lcc1358 |    00000C03  A$lcc1358 |    00000C04  A$lcc1358
     00000C05  A$lcc1358 |    00000C05  C$main.c$ |    00000C05  XG$drain_
     00000C06  A$lcc1358 |    00000C06  C$main.c$ |    00000C06  G$reload_
     00000C06  _reload_t |    00000C07  A$lcc1358 |    00000C08  A$lcc1358
ASxxxx Linker V03.00 + NoICE + sdld,  page 15.
Hexadecimal  [32-Bits]

Area                       Addr        Size        Decimal Bytes (Attributes)
--------------------       ----        ----        ------- ----- ------------
_CODE                  00000200    000025E8 =        9704. bytes (REL,CON)

        Value  Global            Value  Global            Value  Global    
        -----  ------            -----  ------            -----  ------    
     00000C08  C$main.c$ |    00000C0B  A$lcc1358 |    00000C0C  A$lcc1358
     00000C0E  A$lcc1358 |    00000C0F  A$lcc1358 |    00000C11  A$lcc1358
     00000C13  A$lcc1358 |    00000C14  A$lcc1358 |    00000C14  C$main.c$
     00000C15  A$lcc1358 |    00000C16  A$lcc1358 |    00000C18  A$lcc1358
     00000C1A  A$lcc1358 |    00000C1D  A$lcc1358 |    00000C1E  A$lcc1358
     00000C20  A$lcc1358 |    00000C22  A$lcc1358 |    00000C24  A$lcc1358
     00000C26  A$lcc1358 |    00000C28  A$lcc1358 |    00000C2A  A$lcc1358
     00000C2A  C$main.c$ |    00000C2C  A$lcc1358 |    00000C2D  A$lcc1358
     00000C2E  A$lcc1358 |    00000C30  A$lcc1358 |    00000C31  A$lcc1358
     00000C34  A$lcc1358 |    00000C35  A$lcc1358 |    00000C36  A$lcc1358
     00000C36  C$main.c$ |    00000C39  A$lcc1358 |    00000C3A  A$lcc1358
     00000C3D  A$lcc1358 |    00000C3E  A$lcc1358 |    00000C40  A$lcc1358
     00000C40  C$main.c$ |    00000C41  A$lcc1358 |    00000C42  A$lcc1358
     00000C43  A$lcc1358 |    00000C45  A$lcc1358 |    00000C47  A$lcc1358
     00000C48  A$lcc1358 |    00000C49  A$lcc1358 |    00000C4A  A$lcc1358
     00000C4B  A$lcc1358 |    00000C4C  A$lcc1358 |    00000C4D  A$lcc1358
     00000C4F  A$lcc1358 |    00000C50  A$lcc1358 |    00000C51  A$lcc1358
     00000C53  A$lcc1358 |    00000C54  A$lcc1358 |    00000C55  A$lcc1358
     00000C57  A$lcc1358 |    00000C57  C$main.c$ |    00000C59  A$lcc1358
     00000C5A  A$lcc1358 |    00000C5C  A$lcc1358 |    00000C5D  A$lcc1358
     00000C5E  A$lcc1358 |    00000C60  A$lcc1358 |    00000C61  A$lcc1358
     00000C62  A$lcc1358 |    00000C63  A$lcc1358 |    00000C64  A$lcc1358
     00000C67  A$lcc1358 |    00000C69  A$lcc1358 |    00000C69  C$main.c$
     00000C6C  A$lcc1358 |    00000C6D  A$lcc1358 |    00000C6D  C$main.c$
     00000C6F  A$lcc1358 |    00000C70  A$lcc1358 |    00000C72  A$lcc1358
     00000C74  A$lcc1358 |    00000C74  C$main.c$ |    00000C77  A$lcc1358
     00000C77  C$main.c$ |    00000C7A  A$lcc1358 |    00000C7A  C$main.c$
     00000C7D  A$lcc1358 |    00000C7F  A$lcc1358 |    00000C80  A$lcc1358
     00000C81  A$lcc1358 |    00000C81  C$main.c$ |    00000C81  XG$reload
     00000C82  A$lcc1358 |    00000C82  C$main.c$ |    00000C82  C$main.c$
     00000C82  G$pts_200 |    00000C82  _pts_200_ |    00000C85  A$lcc1358
     00000C86  A$lcc1358 |    00000C88  A$lcc1358 |    00000C89  A$lcc1358
     00000C8A  A$lcc1358 |    00000C8C  A$lcc1358 |    00000C8D  A$lcc1358
     00000C8D  C$main.c$ |    00000C90  A$lcc1358 |    00000C90  C$main.c$
     00000C93  A$lcc1358 |    00000C95  A$lcc1358 |    00000C95  C$main.c$
     00000C95  XG$pts_20 |    00000C96  A$lcc1358 |    00000C96  C$main.c$
     00000C96  G$win_che |    00000C96  _win_chec |    00000C98  A$lcc1358
     00000C9A  A$lcc1358 |    00000C9B  A$lcc1358 |    00000C9B  C$main.c$
     00000C9D  A$lcc1358 |    00000C9E  A$lcc1358 |    00000C9F  A$lcc1358
     00000CA0  A$lcc1358 |    00000CA1  A$lcc1358 |    00000CA2  A$lcc1358
     00000CA3  A$lcc1358 |    00000CA4  A$lcc1358 |    00000CA7  A$lcc1358
     00000CA8  A$lcc1358 |    00000CA9  A$lcc1358 |    00000CAA  A$lcc1358
     00000CAC  A$lcc1358 |    00000CAD  A$lcc1358 |    00000CAE  A$lcc1358
     00000CAF  A$lcc1358 |    00000CB1  A$lcc1358 |    00000CB2  A$lcc1358
     00000CB3  A$lcc1358 |    00000CB4  A$lcc1358 |    00000CB5  A$lcc1358
     00000CB7  A$lcc1358 |    00000CB9  A$lcc1358 |    00000CBA  A$lcc1358
     00000CBB  A$lcc1358 |    00000CBC  A$lcc1358 |    00000CBD  A$lcc1358
     00000CBE  A$lcc1358 |    00000CBF  A$lcc1358 |    00000CC2  A$lcc1358
     00000CC3  A$lcc1358 |    00000CC4  A$lcc1358 |    00000CC5  A$lcc1358
     00000CC6  A$lcc1358 |    00000CC7  A$lcc1358 |    00000CC8  A$lcc1358
     00000CCA  A$lcc1358 |    00000CCC  A$lcc1358 |    00000CCD  A$lcc1358
ASxxxx Linker V03.00 + NoICE + sdld,  page 16.
Hexadecimal  [32-Bits]

Area                       Addr        Size        Decimal Bytes (Attributes)
--------------------       ----        ----        ------- ----- ------------
_CODE                  00000200    000025E8 =        9704. bytes (REL,CON)

        Value  Global            Value  Global            Value  Global    
        -----  ------            -----  ------            -----  ------    
     00000CCF  A$lcc1358 |    00000CD0  A$lcc1358 |    00000CD2  A$lcc1358
     00000CD3  A$lcc1358 |    00000CD5  A$lcc1358 |    00000CD6  A$lcc1358
     00000CD8  A$lcc1358 |    00000CD9  A$lcc1358 |    00000CDB  A$lcc1358
     00000CDB  C$main.c$ |    00000CDD  A$lcc1358 |    00000CDE  A$lcc1358
     00000CE0  A$lcc1358 |    00000CE1  A$lcc1358 |    00000CE2  A$lcc1358
     00000CE3  A$lcc1358 |    00000CE4  A$lcc1358 |    00000CE5  A$lcc1358
     00000CE6  A$lcc1358 |    00000CE9  A$lcc1358 |    00000CEA  A$lcc1358
     00000CEB  A$lcc1358 |    00000CEC  A$lcc1358 |    00000CEE  A$lcc1358
     00000CEF  A$lcc1358 |    00000CF0  A$lcc1358 |    00000CF1  A$lcc1358
     00000CF3  A$lcc1358 |    00000CF4  A$lcc1358 |    00000CF5  A$lcc1358
     00000CF6  A$lcc1358 |    00000CF7  A$lcc1358 |    00000CF9  A$lcc1358
     00000CFB  A$lcc1358 |    00000CFD  A$lcc1358 |    00000CFE  A$lcc1358
     00000CFF  A$lcc1358 |    00000D00  A$lcc1358 |    00000D03  A$lcc1358
     00000D04  A$lcc1358 |    00000D05  A$lcc1358 |    00000D06  A$lcc1358
     00000D08  A$lcc1358 |    00000D0A  A$lcc1358 |    00000D0C  A$lcc1358
     00000D0E  A$lcc1358 |    00000D10  A$lcc1358 |    00000D12  A$lcc1358
     00000D12  C$main.c$ |    00000D14  A$lcc1358 |    00000D15  A$lcc1358
     00000D16  A$lcc1358 |    00000D17  A$lcc1358 |    00000D1A  A$lcc1358
     00000D1B  A$lcc1358 |    00000D1C  A$lcc1358 |    00000D1D  A$lcc1358
     00000D1F  A$lcc1358 |    00000D20  A$lcc1358 |    00000D21  A$lcc1358
     00000D22  A$lcc1358 |    00000D24  A$lcc1358 |    00000D25  A$lcc1358
     00000D26  A$lcc1358 |    00000D27  A$lcc1358 |    00000D28  A$lcc1358
     00000D29  A$lcc1358 |    00000D2A  A$lcc1358 |    00000D2B  A$lcc1358
     00000D2C  A$lcc1358 |    00000D2E  A$lcc1358 |    00000D30  A$lcc1358
     00000D31  A$lcc1358 |    00000D32  A$lcc1358 |    00000D33  A$lcc1358
     00000D34  A$lcc1358 |    00000D35  A$lcc1358 |    00000D36  A$lcc1358
     00000D39  A$lcc1358 |    00000D3A  A$lcc1358 |    00000D3B  A$lcc1358
     00000D3C  A$lcc1358 |    00000D3E  A$lcc1358 |    00000D3F  A$lcc1358
     00000D40  A$lcc1358 |    00000D41  A$lcc1358 |    00000D43  A$lcc1358
     00000D44  A$lcc1358 |    00000D46  A$lcc1358 |    00000D47  A$lcc1358
     00000D48  A$lcc1358 |    00000D49  A$lcc1358 |    00000D4B  A$lcc1358
     00000D4D  A$lcc1358 |    00000D4F  A$lcc1358 |    00000D51  A$lcc1358
     00000D53  A$lcc1358 |    00000D55  A$lcc1358 |    00000D55  C$main.c$
     00000D57  A$lcc1358 |    00000D58  A$lcc1358 |    00000D5A  A$lcc1358
     00000D5B  A$lcc1358 |    00000D5D  A$lcc1358 |    00000D5E  A$lcc1358
     00000D60  A$lcc1358 |    00000D61  A$lcc1358 |    00000D63  A$lcc1358
     00000D65  A$lcc1358 |    00000D67  A$lcc1358 |    00000D68  A$lcc1358
     00000D6A  A$lcc1358 |    00000D6B  A$lcc1358 |    00000D6D  A$lcc1358
     00000D6E  A$lcc1358 |    00000D6F  A$lcc1358 |    00000D70  A$lcc1358
     00000D71  A$lcc1358 |    00000D72  A$lcc1358 |    00000D73  A$lcc1358
     00000D73  C$main.c$ |    00000D75  A$lcc1358 |    00000D76  A$lcc1358
     00000D77  A$lcc1358 |    00000D78  A$lcc1358 |    00000D79  A$lcc1358
     00000D7A  A$lcc1358 |    00000D7B  A$lcc1358 |    00000D7B  C$main.c$
     00000D7E  A$lcc1358 |    00000D7F  A$lcc1358 |    00000D80  A$lcc1358
     00000D82  A$lcc1358 |    00000D83  A$lcc1358 |    00000D86  A$lcc1358
     00000D87  A$lcc1358 |    00000D88  A$lcc1358 |    00000D89  A$lcc1358
     00000D8B  A$lcc1358 |    00000D8C  A$lcc1358 |    00000D8D  A$lcc1358
     00000D8F  A$lcc1358 |    00000D90  A$lcc1358 |    00000D91  A$lcc1358
     00000D93  A$lcc1358 |    00000D93  C$main.c$ |    00000D96  A$lcc1358
     00000D97  A$lcc1358 |    00000D99  A$lcc1358 |    00000D99  C$main.c$
     00000D9C  A$lcc1358 |    00000D9C  C$main.c$ |    00000D9F  A$lcc1358
ASxxxx Linker V03.00 + NoICE + sdld,  page 17.
Hexadecimal  [32-Bits]

Area                       Addr        Size        Decimal Bytes (Attributes)
--------------------       ----        ----        ------- ----- ------------
_CODE                  00000200    000025E8 =        9704. bytes (REL,CON)

        Value  Global            Value  Global            Value  Global    
        -----  ------            -----  ------            -----  ------    
     00000DA0  A$lcc1358 |    00000DA3  A$lcc1358 |    00000DA4  A$lcc1358
     00000DA7  A$lcc1358 |    00000DA8  A$lcc1358 |    00000DAB  A$lcc1358
     00000DAD  A$lcc1358 |    00000DAD  C$main.c$ |    00000DB0  A$lcc1358
     00000DB2  A$lcc1358 |    00000DB5  A$lcc1358 |    00000DB6  A$lcc1358
     00000DB7  A$lcc1358 |    00000DB8  A$lcc1358 |    00000DBB  A$lcc1358
     00000DBC  A$lcc1358 |    00000DBD  A$lcc1358 |    00000DBE  A$lcc1358
     00000DBF  A$lcc1358 |    00000DC0  A$lcc1358 |    00000DC1  A$lcc1358
     00000DC4  A$lcc1358 |    00000DC5  A$lcc1358 |    00000DC5  C$main.c$
     00000DC8  A$lcc1358 |    00000DC8  C$main.c$ |    00000DCA  A$lcc1358
     00000DCB  A$lcc1358 |    00000DCD  A$lcc1358 |    00000DCF  A$lcc1358
     00000DD0  A$lcc1358 |    00000DD2  A$lcc1358 |    00000DD4  A$lcc1358
     00000DD4  C$main.c$ |    00000DD7  A$lcc1358 |    00000DD8  A$lcc1358
     00000DDA  A$lcc1358 |    00000DDA  C$main.c$ |    00000DDD  A$lcc1358
     00000DDD  C$main.c$ |    00000DE0  A$lcc1358 |    00000DE1  A$lcc1358
     00000DE4  A$lcc1358 |    00000DE5  A$lcc1358 |    00000DE8  A$lcc1358
     00000DE9  A$lcc1358 |    00000DEC  A$lcc1358 |    00000DEE  A$lcc1358
     00000DEE  C$main.c$ |    00000DF1  A$lcc1358 |    00000DF3  A$lcc1358
     00000DF6  A$lcc1358 |    00000DF7  A$lcc1358 |    00000DF8  A$lcc1358
     00000DF9  A$lcc1358 |    00000DFC  A$lcc1358 |    00000DFD  A$lcc1358
     00000DFE  A$lcc1358 |    00000DFF  A$lcc1358 |    00000E00  A$lcc1358
     00000E01  A$lcc1358 |    00000E02  A$lcc1358 |    00000E05  A$lcc1358
     00000E06  A$lcc1358 |    00000E06  C$main.c$ |    00000E09  A$lcc1358
     00000E09  C$main.c$ |    00000E0B  A$lcc1358 |    00000E0C  A$lcc1358
     00000E0E  A$lcc1358 |    00000E10  A$lcc1358 |    00000E11  A$lcc1358
     00000E13  A$lcc1358 |    00000E15  A$lcc1358 |    00000E15  C$main.c$
     00000E18  A$lcc1358 |    00000E19  A$lcc1358 |    00000E1B  A$lcc1358
     00000E1B  C$main.c$ |    00000E1E  A$lcc1358 |    00000E1E  C$main.c$
     00000E21  A$lcc1358 |    00000E22  A$lcc1358 |    00000E25  A$lcc1358
     00000E26  A$lcc1358 |    00000E29  A$lcc1358 |    00000E2A  A$lcc1358
     00000E2D  A$lcc1358 |    00000E2F  A$lcc1358 |    00000E2F  C$main.c$
     00000E32  A$lcc1358 |    00000E34  A$lcc1358 |    00000E37  A$lcc1358
     00000E38  A$lcc1358 |    00000E39  A$lcc1358 |    00000E3A  A$lcc1358
     00000E3D  A$lcc1358 |    00000E3E  A$lcc1358 |    00000E3F  A$lcc1358
     00000E40  A$lcc1358 |    00000E41  A$lcc1358 |    00000E42  A$lcc1358
     00000E43  A$lcc1358 |    00000E46  A$lcc1358 |    00000E47  A$lcc1358
     00000E47  C$main.c$ |    00000E4A  A$lcc1358 |    00000E4A  C$main.c$
     00000E4C  A$lcc1358 |    00000E4D  A$lcc1358 |    00000E4F  A$lcc1358
     00000E51  A$lcc1358 |    00000E52  A$lcc1358 |    00000E54  A$lcc1358
     00000E56  A$lcc1358 |    00000E56  C$main.c$ |    00000E59  A$lcc1358
     00000E5A  A$lcc1358 |    00000E5C  A$lcc1358 |    00000E5C  C$main.c$
     00000E5F  A$lcc1358 |    00000E5F  C$main.c$ |    00000E62  A$lcc1358
     00000E63  A$lcc1358 |    00000E66  A$lcc1358 |    00000E67  A$lcc1358
     00000E6A  A$lcc1358 |    00000E6B  A$lcc1358 |    00000E6E  A$lcc1358
     00000E70  A$lcc1358 |    00000E70  C$main.c$ |    00000E73  A$lcc1358
     00000E75  A$lcc1358 |    00000E78  A$lcc1358 |    00000E79  A$lcc1358
     00000E7A  A$lcc1358 |    00000E7B  A$lcc1358 |    00000E7E  A$lcc1358
     00000E7F  A$lcc1358 |    00000E80  A$lcc1358 |    00000E81  A$lcc1358
     00000E82  A$lcc1358 |    00000E83  A$lcc1358 |    00000E84  A$lcc1358
     00000E87  A$lcc1358 |    00000E88  A$lcc1358 |    00000E88  C$main.c$
     00000E8A  A$lcc1358 |    00000E8A  C$main.c$ |    00000E8C  A$lcc1358
     00000E8D  A$lcc1358 |    00000E8F  A$lcc1358 |    00000E91  A$lcc1358
ASxxxx Linker V03.00 + NoICE + sdld,  page 18.
Hexadecimal  [32-Bits]

Area                       Addr        Size        Decimal Bytes (Attributes)
--------------------       ----        ----        ------- ----- ------------
_CODE                  00000200    000025E8 =        9704. bytes (REL,CON)

        Value  Global            Value  Global            Value  Global    
        -----  ------            -----  ------            -----  ------    
     00000E92  A$lcc1358 |    00000E94  A$lcc1358 |    00000E96  A$lcc1358
     00000E96  C$main.c$ |    00000E99  A$lcc1358 |    00000E9A  A$lcc1358
     00000E9C  A$lcc1358 |    00000E9C  C$main.c$ |    00000E9F  A$lcc1358
     00000E9F  C$main.c$ |    00000EA2  A$lcc1358 |    00000EA3  A$lcc1358
     00000EA6  A$lcc1358 |    00000EA7  A$lcc1358 |    00000EAA  A$lcc1358
     00000EAB  A$lcc1358 |    00000EAE  A$lcc1358 |    00000EB0  A$lcc1358
     00000EB0  C$main.c$ |    00000EB3  A$lcc1358 |    00000EB5  A$lcc1358
     00000EB8  A$lcc1358 |    00000EB9  A$lcc1358 |    00000EBA  A$lcc1358
     00000EBB  A$lcc1358 |    00000EBE  A$lcc1358 |    00000EBF  A$lcc1358
     00000EC0  A$lcc1358 |    00000EC1  A$lcc1358 |    00000EC2  A$lcc1358
     00000EC3  A$lcc1358 |    00000EC4  A$lcc1358 |    00000EC7  A$lcc1358
     00000EC8  A$lcc1358 |    00000EC8  C$main.c$ |    00000ECA  A$lcc1358
     00000ECA  C$main.c$ |    00000ECD  A$lcc1358 |    00000ECF  A$lcc1358
     00000ECF  C$main.c$ |    00000ECF  XG$win_ch |    00000ED0  A$lcc1358
     00000ED0  C$main.c$ |    00000ED0  G$collide |    00000ED0  _collide_
     00000ED2  A$lcc1358 |    00000ED2  C$main.c$ |    00000ED5  A$lcc1358
     00000ED6  A$lcc1358 |    00000ED7  A$lcc1358 |    00000ED9  A$lcc1358
     00000EDB  A$lcc1358 |    00000EDB  C$main.c$ |    00000EDC  A$lcc1358
     00000EDD  A$lcc1358 |    00000EDF  A$lcc1358 |    00000EDF  C$main.c$
     00000EDF  C$main.c$ |    00000EE0  A$lcc1358 |    00000EE1  A$lcc1358
     00000EE4  A$lcc1358 |    00000EE6  A$lcc1358 |    00000EE7  A$lcc1358
     00000EE9  A$lcc1358 |    00000EEA  A$lcc1358 |    00000EEA  C$main.c$
     00000EEC  A$lcc1358 |    00000EED  A$lcc1358 |    00000EEE  A$lcc1358
     00000EF0  A$lcc1358 |    00000EF3  A$lcc1358 |    00000EF4  A$lcc1358
     00000EF5  A$lcc1358 |    00000EF6  A$lcc1358 |    00000EF9  A$lcc1358
     00000EFA  A$lcc1358 |    00000EFB  A$lcc1358 |    00000EFC  A$lcc1358
     00000EFE  A$lcc1358 |    00000EFF  A$lcc1358 |    00000F00  A$lcc1358
     00000F01  A$lcc1358 |    00000F03  A$lcc1358 |    00000F04  A$lcc1358
     00000F06  A$lcc1358 |    00000F07  A$lcc1358 |    00000F09  A$lcc1358
     00000F0A  A$lcc1358 |    00000F0C  A$lcc1358 |    00000F0E  A$lcc1358
     00000F0F  A$lcc1358 |    00000F11  A$lcc1358 |    00000F12  A$lcc1358
     00000F13  A$lcc1358 |    00000F14  A$lcc1358 |    00000F17  A$lcc1358
     00000F18  A$lcc1358 |    00000F19  A$lcc1358 |    00000F1A  A$lcc1358
     00000F1B  A$lcc1358 |    00000F1C  A$lcc1358 |    00000F1D  A$lcc1358
     00000F1E  A$lcc1358 |    00000F1F  A$lcc1358 |    00000F22  A$lcc1358
     00000F23  A$lcc1358 |    00000F24  A$lcc1358 |    00000F25  A$lcc1358
     00000F27  A$lcc1358 |    00000F28  A$lcc1358 |    00000F29  A$lcc1358
     00000F2B  A$lcc1358 |    00000F2C  A$lcc1358 |    00000F2D  A$lcc1358
     00000F2E  A$lcc1358 |    00000F30  A$lcc1358 |    00000F31  A$lcc1358
     00000F32  A$lcc1358 |    00000F33  A$lcc1358 |    00000F34  A$lcc1358
     00000F36  A$lcc1358 |    00000F37  A$lcc1358 |    00000F38  A$lcc1358
     00000F39  A$lcc1358 |    00000F3A  A$lcc1358 |    00000F3B  A$lcc1358
     00000F3D  A$lcc1358 |    00000F3E  A$lcc1358 |    00000F3F  A$lcc1358
     00000F40  A$lcc1358 |    00000F41  A$lcc1358 |    00000F42  A$lcc1358
     00000F44  A$lcc1358 |    00000F45  A$lcc1358 |    00000F46  A$lcc1358
     00000F47  A$lcc1358 |    00000F49  A$lcc1358 |    00000F4A  A$lcc1358
     00000F4B  A$lcc1358 |    00000F4C  A$lcc1358 |    00000F4F  A$lcc1358
     00000F50  A$lcc1358 |    00000F52  A$lcc1358 |    00000F52  C$main.c$
     00000F55  A$lcc1358 |    00000F57  A$lcc1358 |    00000F57  C$main.c$
     00000F5A  A$lcc1358 |    00000F5C  A$lcc1358 |    00000F5C  C$main.c$
     00000F5F  A$lcc1358 |    00000F61  A$lcc1358 |    00000F64  A$lcc1358
ASxxxx Linker V03.00 + NoICE + sdld,  page 19.
Hexadecimal  [32-Bits]

Area                       Addr        Size        Decimal Bytes (Attributes)
--------------------       ----        ----        ------- ----- ------------
_CODE                  00000200    000025E8 =        9704. bytes (REL,CON)

        Value  Global            Value  Global            Value  Global    
        -----  ------            -----  ------            -----  ------    
     00000F65  A$lcc1358 |    00000F66  A$lcc1358 |    00000F67  A$lcc1358
     00000F6A  A$lcc1358 |    00000F6B  A$lcc1358 |    00000F6C  A$lcc1358
     00000F6D  A$lcc1358 |    00000F6F  A$lcc1358 |    00000F70  A$lcc1358
     00000F71  A$lcc1358 |    00000F74  A$lcc1358 |    00000F75  A$lcc1358
     00000F75  C$main.c$ |    00000F77  A$lcc1358 |    00000F77  C$main.c$
     00000F77  XG$collid |    00000F78  A$lcc1358 |    00000F78  C$main.c$
     00000F78  G$collide |    00000F78  _collide_ |    00000F7A  A$lcc1358
     00000F7C  A$lcc1358 |    00000F7D  A$lcc1358 |    00000F7E  A$lcc1358
     00000F7E  C$main.c$ |    00000F81  A$lcc1358 |    00000F82  A$lcc1358
     00000F83  A$lcc1358 |    00000F85  A$lcc1358 |    00000F86  A$lcc1358
     00000F87  A$lcc1358 |    00000F88  A$lcc1358 |    00000F89  A$lcc1358
     00000F8B  A$lcc1358 |    00000F8D  A$lcc1358 |    00000F8D  C$main.c$
     00000F8F  A$lcc1358 |    00000F91  A$lcc1358 |    00000F91  C$main.c$
     00000F93  A$lcc1358 |    00000F95  A$lcc1358 |    00000F97  A$lcc1358
     00000F97  C$main.c$ |    00000F99  A$lcc1358 |    00000F9B  A$lcc1358
     00000F9B  C$main.c$ |    00000F9D  A$lcc1358 |    00000F9F  A$lcc1358
     00000F9F  C$main.c$ |    00000FA1  A$lcc1358 |    00000FA2  A$lcc1358
     00000FA3  A$lcc1358 |    00000FA4  A$lcc1358 |    00000FA5  A$lcc1358
     00000FA6  A$lcc1358 |    00000FA7  A$lcc1358 |    00000FA8  A$lcc1358
     00000FAB  A$lcc1358 |    00000FAC  A$lcc1358 |    00000FAD  A$lcc1358
     00000FAE  A$lcc1358 |    00000FB0  A$lcc1358 |    00000FB1  A$lcc1358
     00000FB2  A$lcc1358 |    00000FB3  A$lcc1358 |    00000FB5  A$lcc1358
     00000FB6  A$lcc1358 |    00000FB7  A$lcc1358 |    00000FB8  A$lcc1358
     00000FB9  A$lcc1358 |    00000FBB  A$lcc1358 |    00000FBD  A$lcc1358
     00000FBE  A$lcc1358 |    00000FBF  A$lcc1358 |    00000FC0  A$lcc1358
     00000FC1  A$lcc1358 |    00000FC2  A$lcc1358 |    00000FC3  A$lcc1358
     00000FC6  A$lcc1358 |    00000FC7  A$lcc1358 |    00000FC8  A$lcc1358
     00000FC9  A$lcc1358 |    00000FCB  A$lcc1358 |    00000FCD  A$lcc1358
     00000FCF  A$lcc1358 |    00000FD1  A$lcc1358 |    00000FD3  A$lcc1358
     00000FD5  A$lcc1358 |    00000FD5  C$main.c$ |    00000FD8  A$lcc1358
     00000FD9  A$lcc1358 |    00000FDA  A$lcc1358 |    00000FDB  A$lcc1358
     00000FDC  A$lcc1358 |    00000FDD  A$lcc1358 |    00000FDE  A$lcc1358
     00000FDF  A$lcc1358 |    00000FE0  A$lcc1358 |    00000FE0  C$main.c$
     00000FE1  A$lcc1358 |    00000FE3  A$lcc1358 |    00000FE4  A$lcc1358
     00000FE6  A$lcc1358 |    00000FE7  A$lcc1358 |    00000FE9  A$lcc1358
     00000FE9  C$main.c$ |    00000FEA  A$lcc1358 |    00000FEB  A$lcc1358
     00000FED  A$lcc1358 |    00000FEE  A$lcc1358 |    00000FF0  A$lcc1358
     00000FF2  A$lcc1358 |    00000FF3  A$lcc1358 |    00000FF5  A$lcc1358
     00000FF7  A$lcc1358 |    00000FF8  A$lcc1358 |    00000FF9  A$lcc1358
     00000FFA  A$lcc1358 |    00000FFB  A$lcc1358 |    00000FFC  A$lcc1358
     00000FFD  A$lcc1358 |    00000FFF  A$lcc1358 |    00001000  A$lcc1358
     00001002  A$lcc1358 |    00001003  A$lcc1358 |    00001004  A$lcc1358
     00001005  A$lcc1358 |    00001006  A$lcc1358 |    00001007  A$lcc1358
     00001008  A$lcc1358 |    00001009  A$lcc1358 |    0000100A  A$lcc1358
     0000100B  A$lcc1358 |    0000100C  A$lcc1358 |    0000100E  A$lcc1358
     0000100F  A$lcc1358 |    00001011  A$lcc1358 |    00001012  A$lcc1358
     00001014  A$lcc1358 |    00001015  A$lcc1358 |    00001017  A$lcc1358
     00001018  A$lcc1358 |    0000101A  A$lcc1358 |    0000101C  A$lcc1358
     0000101E  A$lcc1358 |    0000101F  A$lcc1358 |    00001020  A$lcc1358
     00001023  A$lcc1358 |    00001024  A$lcc1358 |    00001025  A$lcc1358
     00001026  A$lcc1358 |    00001028  A$lcc1358 |    00001029  A$lcc1358
ASxxxx Linker V03.00 + NoICE + sdld,  page 20.
Hexadecimal  [32-Bits]

Area                       Addr        Size        Decimal Bytes (Attributes)
--------------------       ----        ----        ------- ----- ------------
_CODE                  00000200    000025E8 =        9704. bytes (REL,CON)

        Value  Global            Value  Global            Value  Global    
        -----  ------            -----  ------            -----  ------    
     0000102A  A$lcc1358 |    0000102B  A$lcc1358 |    0000102D  A$lcc1358
     0000102E  A$lcc1358 |    00001030  A$lcc1358 |    00001032  A$lcc1358
     00001033  A$lcc1358 |    00001035  A$lcc1358 |    00001036  A$lcc1358
     00001038  A$lcc1358 |    00001039  A$lcc1358 |    0000103B  A$lcc1358
     0000103C  A$lcc1358 |    0000103E  A$lcc1358 |    0000103F  A$lcc1358
     00001041  A$lcc1358 |    00001041  C$main.c$ |    00001043  A$lcc1358
     00001044  A$lcc1358 |    00001045  A$lcc1358 |    00001047  A$lcc1358
     00001048  A$lcc1358 |    00001049  A$lcc1358 |    0000104A  A$lcc1358
     0000104B  A$lcc1358 |    0000104C  A$lcc1358 |    0000104D  A$lcc1358
     0000104F  A$lcc1358 |    00001050  A$lcc1358 |    00001051  A$lcc1358
     00001052  A$lcc1358 |    00001053  A$lcc1358 |    00001054  A$lcc1358
     00001055  A$lcc1358 |    00001057  A$lcc1358 |    00001058  A$lcc1358
     00001059  A$lcc1358 |    0000105A  A$lcc1358 |    0000105C  A$lcc1358
     0000105D  A$lcc1358 |    0000105E  A$lcc1358 |    0000105F  A$lcc1358
     00001060  A$lcc1358 |    00001061  A$lcc1358 |    00001062  A$lcc1358
     00001063  A$lcc1358 |    00001064  A$lcc1358 |    00001066  A$lcc1358
     00001068  A$lcc1358 |    00001069  A$lcc1358 |    0000106A  A$lcc1358
     0000106B  A$lcc1358 |    0000106C  A$lcc1358 |    0000106F  A$lcc1358
     00001070  A$lcc1358 |    00001071  A$lcc1358 |    00001072  A$lcc1358
     00001074  A$lcc1358 |    00001075  A$lcc1358 |    00001076  A$lcc1358
     00001077  A$lcc1358 |    00001079  A$lcc1358 |    0000107A  A$lcc1358
     0000107C  A$lcc1358 |    0000107D  A$lcc1358 |    0000107E  A$lcc1358
     0000107E  C$main.c$ |    0000107F  A$lcc1358 |    00001080  A$lcc1358
     00001082  A$lcc1358 |    00001084  A$lcc1358 |    00001086  A$lcc1358
     00001088  A$lcc1358 |    0000108A  A$lcc1358 |    0000108C  A$lcc1358
[...]
--------------------       ----        ----        ------- ----- ------------
_HEADER1               00000000    00000005 =           5. bytes (ABS,CON)

        Value  Global            Value  Global            Value  Global    
        -----  ------            -----  ------            -----  ------    
     00000028  .MemsetSm
ASxxxx Linker V03.00 + NoICE + sdld,  page 30.
Hexadecimal  [32-Bits]

Area                       Addr        Size        Decimal Bytes (Attributes)
--------------------       ----        ----        ------- ----- ------------
_HEADER2               00000000    00000007 =           7. bytes (ABS,CON)

        Value  Global            Value  Global            Value  Global    
        -----  ------            -----  ------            -----  ------    
     00000030  .MemcpySm
ASxxxx Linker V03.00 + NoICE + sdld,  page 31.
Hexadecimal  [32-Bits]

Area                       Addr        Size        Decimal Bytes (Attributes)
--------------------       ----        ----        ------- ----- ------------
_HEADER3               00000000    00000008 =           8. bytes (ABS,CON)

        Value  Global            Value  Global            Value  Global    
        -----  ------            -----  ------            -----  ------    
ASxxxx Linker V03.00 + NoICE + sdld,  page 32.
Hexadecimal  [32-Bits]

Area                       Addr        Size        Decimal Bytes (Attributes)
--------------------       ----        ----        ------- ----- ------------
_HEADER4               00000000    0000004C =          76. bytes (ABS,CON)

        Value  Global            Value  Global            Value  Global    
        -----  ------            -----  ------            -----  ------    
     00000080  .int      |    0000008F  _wait_int |    0000009C  __standar
     000000AC  _refresh_
ASxxxx Linker V03.00 + NoICE + sdld,  page 33.
Hexadecimal  [32-Bits]

Area                       Addr        Size        Decimal Bytes (Attributes)
--------------------       ----        ----        ------- ----- ------------
_HEADER5               00000000    00000002 =           2. bytes (ABS,CON)

        Value  Global            Value  Global            Value  Global    
        -----  ------            -----  ------            -----  ------    
ASxxxx Linker V03.00 + NoICE + sdld,  page 34.
Hexadecimal  [32-Bits]

Area                       Addr        Size        Decimal Bytes (Attributes)
--------------------       ----        ----        ------- ----- ------------
_HEADER6               00000000    00000030 =          48. bytes (ABS,CON)

        Value  Global            Value  Global            Value  Global    
        -----  ------            -----  ------            -----  ------    
ASxxxx Linker V03.00 + NoICE + sdld,  page 35.
Hexadecimal  [32-Bits]

Area                       Addr        Size        Decimal Bytes (Attributes)
--------------------       ----        ----        ------- ----- ------------
_HEADER7               00000000    00000006 =           6. bytes (ABS,CON)

        Value  Global            Value  Global            Value  Global    
        -----  ------            -----  ------            -----  ------    
ASxxxx Linker V03.00 + NoICE + sdld,  page 36.
Hexadecimal  [32-Bits]

Area                       Addr        Size        Decimal Bytes (Attributes)
--------------------       ----        ----        ------- ----- ------------
_HEADER8               00000000    00000003 =           3. bytes (ABS,CON)

        Value  Global            Value  Global            Value  Global    
        -----  ------            -----  ------            -----  ------    
ASxxxx Linker V03.00 + NoICE + sdld,  page 37.
Hexadecimal  [32-Bits]

Area                       Addr        Size        Decimal Bytes (Attributes)
--------------------       ----        ----        ------- ----- ------------
_HEADER9               00000000    00000001 =           1. bytes (ABS,CON)

        Value  Global            Value  Global            Value  Global    
        -----  ------            -----  ------            -----  ------    
ASxxxx Linker V03.00 + NoICE + sdld,  page 38.
Hexadecimal  [32-Bits]

Area                       Addr        Size        Decimal Bytes (Attributes)
--------------------       ----        ----        ------- ----- ------------
_HEADERa               00000000    00000001 =           1. bytes (ABS,CON)

        Value  Global            Value  Global            Value  Global    
        -----  ------            -----  ------            -----  ------    
ASxxxx Linker V03.00 + NoICE + sdld,  page 39.
Hexadecimal  [32-Bits]

Area                       Addr        Size        Decimal Bytes (Attributes)
--------------------       ----        ----        ------- ----- ------------
_HEADERb               00000000    00000001 =           1. bytes (ABS,CON)

        Value  Global            Value  Global            Value  Global    
        -----  ------            -----  ------            -----  ------    
ASxxxx Linker V03.00 + NoICE + sdld,  page 40.
Hexadecimal  [32-Bits]

Area                       Addr        Size        Decimal Bytes (Attributes)
--------------------       ----        ----        ------- ----- ------------
_HEADERc               00000000    00000002 =           2. bytes (ABS,CON)

        Value  Global            Value  Global            Value  Global    
        -----  ------            -----  ------            -----  ------    
ASxxxx Linker V03.00 + NoICE + sdld,  page 41.
Hexadecimal  [32-Bits]

Area                       Addr        Size        Decimal Bytes (Attributes)
--------------------       ----        ----        ------- ----- ------------
_HEADERd               00000000    00000001 =           1. bytes (ABS,CON)

        Value  Global            Value  Global            Value  Global    
        -----  ------            -----  ------            -----  ------    
ASxxxx Linker V03.00 + NoICE + sdld,  page 42.
Hexadecimal  [32-Bits]

Area                       Addr        Size        Decimal Bytes (Attributes)
--------------------       ----        ----        ------- ----- ------------
_HEADERe               00000000    00000001 =           1. bytes (ABS,CON)

        Value  Global            Value  Global            Value  Global    
        -----  ------            -----  ------            -----  ------    
ASxxxx Linker V03.00 + NoICE + sdld,  page 43.
Hexadecimal  [32-Bits]

Area                       Addr        Size        Decimal Bytes (Attributes)
--------------------       ----        ----        ------- ----- ------------
_HEADERf               00000000    00000002 =           2. bytes (ABS,CON)

        Value  Global            Value  Global            Value  Global    
        -----  ------            -----  ------            -----  ------    
ASxxxx Linker V03.00 + NoICE + sdld,  page 44.
Hexadecimal  [32-Bits]

Area                       Addr        Size        Decimal Bytes (Attributes)
--------------------       ----        ----        ------- ----- ------------
_HEADER10              00000000    00000084 =         132. bytes (ABS,CON)

        Value  Global            Value  Global            Value  Global    
        -----  ------            -----  ------            -----  ------    
     00000150  .reset    |    00000150  _reset    |    00000157  .code_sta
     000001B9  _exit     |    000001BD  _set_inte
ASxxxx Linker V03.00 + NoICE + sdld,  page 45.
Hexadecimal  [32-Bits]

Area                       Addr        Size        Decimal Bytes (Attributes)
--------------------       ----        ----        ------- ----- ------------
_HEADER11              00000000    00000001 =           1. bytes (ABS,CON)

        Value  Global            Value  Global            Value  Global    
        -----  ------            -----  ------            -----  ------    
ASxxxx Linker V03.00 + NoICE + sdld,  page 46.
Hexadecimal  [32-Bits]

Area                       Addr        Size        Decimal Bytes (Attributes)
--------------------       ----        ----        ------- ----- ------------
_HOME                  000027E8    00000275 =         629. bytes (REL,CON)

        Value  Global            Value  Global            Value  Global    
        -----  ------            -----  ------            -----  ------    
     000027E8  .memset_s |    000027F1  .memcpy_s |    0000280E  .remove_V
     00002811  .remove_i |    0000282E  .add_VBL  |    00002831  .add_int 
     0000283C  .wait_vbl |    0000283C  _wait_vbl |    0000284C  .display_
     0000284C  _display_ |    00002864  _remove_V |    0000286F  _add_VBL 
     0000287A  _set_tile |    0000287F  _set_bkg_ |    0000287F  _set_win_
     00002887  _set_spri |    000028B7  .padup    |    000028B7  _waitpadu
     000028C7  .jpad     |    000028C7  _joypad   |    000028EF  _waitpad 
     000028F0  .wait_pad |    000028F7  ___sdcc_c |    00002927  _add_LCD 
     00002932  .add_LCD  |    00002938  _remove_L |    00002943  .remove_L
     00002949  _set_bkg_ |    0000295D  _uitoa    |    0000296C  _itoa    
     0000297B  .itoa     |    0000298F  .utoa     |    00002A03  .set_xy_w
     00002A0C  .set_xy_b |    00002A1B  .set_xy_t
ASxxxx Linker V03.00 + NoICE + sdld,  page 47.
Hexadecimal  [32-Bits]

Area                       Addr        Size        Decimal Bytes (Attributes)
--------------------       ----        ----        ------- ----- ------------
_CODE_0                00002A5D    00000440 =        1088. bytes (REL,CON)

        Value  Global            Value  Global            Value  Global    
        -----  ------            -----  ------            -----  ------    
     00002A5D  G$FONT$0_ |    00002A5D  _FONT    
ASxxxx Linker V03.00 + NoICE + sdld,  page 48.
Hexadecimal  [32-Bits]

Area                       Addr        Size        Decimal Bytes (Attributes)
--------------------       ----        ----        ------- ----- ------------
_INITIALIZER           00002E9D    00000051 =          81. bytes (REL,CON)

        Value  Global            Value  Global            Value  Global    
        -----  ------            -----  ------            -----  ------    
     00002E9D  Fmain$__x |    00002EC1  Fmain$__x |    00002EC4  Fmain$__x
     00002EC8  Fmain$__x |    00002ECC  Fmain$__x |    00002ED3  Fmain$__x
     00002ED4  Fmain$__x |    00002ED9  Fmain$__x |    00002EDE  Fmain$__x
     00002EE5  Fmain$__x |    00002EEB  Fmain$__x
ASxxxx Linker V03.00 + NoICE + sdld,  page 49.
Hexadecimal  [32-Bits]

Area                       Addr        Size        Decimal Bytes (Attributes)
--------------------       ----        ----        ------- ----- ------------
_GSINIT                00002EEE    0000000C =          12. bytes (REL,CON)

        Value  Global            Value  Global            Value  Global    
        -----  ------            -----  ------            -----  ------    
     00002EEE  gsinit   
ASxxxx Linker V03.00 + NoICE + sdld,  page 50.
Hexadecimal  [32-Bits]

Area                       Addr        Size        Decimal Bytes (Attributes)
--------------------       ----        ----        ------- ----- ------------
_GSFINAL               00002EFA    00000001 =           1. bytes (REL,CON)

        Value  Global            Value  Global            Value  Global    
        -----  ------            -----  ------            -----  ------    
ASxxxx Linker V03.00 + NoICE + sdld,  page 51.
Hexadecimal  [32-Bits]

Area                       Addr        Size        Decimal Bytes (Attributes)
--------------------       ----        ----        ------- ----- ------------
_DATA                  0000C0A0    0000006F =         111. bytes (REL,CON)

        Value  Global            Value  Global            Value  Global    
        -----  ------            -----  ------            -----  ------    
     0000C0A0  __cpu     |    0000C0A1  __is_GBA  |    0000C0A2  .mode    
     0000C0A3  .sys_time |    0000C0A3  _sys_time |    0000C0A5  .int_0x40
     0000C0B1  G$scroll$ |    0000C0B1  _scroll   |    0000C0BB  G$PLAYER$
     0000C0BB  _PLAYER   |    0000C0C3  G$LOG_FRO |    0000C0C3  _LOG_FROG
     0000C0CB  G$joy$0_0 |    0000C0CB  _joy      |    0000C0CC  G$last_jo
     0000C0CC  _last_joy |    0000C0CD  G$is_movi |    0000C0CD  _is_movin
     0000C0CE  G$is_anim |    0000C0CE  _is_anima |    0000C0CF  G$is_dyin
     0000C0CF  _is_dying |    0000C0D0  G$turtles |    0000C0D0  _turtles_
     0000C0D1  G$move_x$ |    0000C0D1  _move_x   |    0000C0D2  G$move_y$
     0000C0D2  _move_y   |    0000C0D3  G$scx_cou |    0000C0D3  _scx_coun
     0000C0D4  G$turtle_ |    0000C0D4  _turtle_c |    0000C0D5  G$dive_co
     0000C0D5  _dive_cou |    0000C0D6  G$timer$0 |    0000C0D6  _timer   
     0000C0D8  G$timer_t |    0000C0D8  _timer_ti |    0000C0D9  G$pause_t
     0000C0D9  _pause_ti |    0000C0DA  G$flash$0 |    0000C0DA  _flash   
     0000C0DB  G$GAMESTA |    0000C0DB  _GAMESTAT |    0000C0DC  G$TIMERST
     0000C0DC  _TIMERSTA |    0000C0DD  G$turtle_ |    0000C0DD  _turtle_t
     0000C0DE  G$dive_ti |    0000C0DE  _dive_til |    0000C0DF  G$y_min$0
     0000C0DF  _y_min    |    0000C0E0  G$vram_ad |    0000C0E0  _vram_add
     0000C0E2  G$score$0 |    0000C0E2  _score    |    0000C0E4  G$score_b
     0000C0E4  _score_bu |    0000C0E9  G$current |    0000C0E9  _current_
     0000C0EA  G$level_b |    0000C0EA  _level_bu |    0000C102  G$animati
     0000C102  _animatio |    0000C103  G$death_a |    0000C103  _death_an
     0000C104  ___curren |    0000C106  ___curren |    0000C107  .int_0x48
ASxxxx Linker V03.00 + NoICE + sdld,  page 52.
Hexadecimal  [32-Bits]

Area                       Addr        Size        Decimal Bytes (Attributes)
--------------------       ----        ----        ------- ----- ------------
_INITIALIZED           0000C10F    00000051 =          81. bytes (REL,CON)

        Value  Global            Value  Global            Value  Global    
        -----  ------            -----  ------            -----  ------    
     0000C10F  G$scroll_ |    0000C10F  _scroll_r |    0000C133  G$turtle_
     0000C133  _turtle_d |    0000C136  G$turtle_ |    0000C136  _turtle_d
     0000C13A  G$turtle_ |    0000C13A  _turtle_t |    0000C13E  G$dive_ti
     0000C13E  _dive_til |    0000C145  G$lives$0 |    0000C145  _lives   
     0000C146  G$PLAYER1 |    0000C146  _PLAYER1U |    0000C14B  G$PLAYER2
     0000C14B  _PLAYER2U |    0000C150  G$level_t |    0000C150  _level_te
     0000C157  G$pause_t |    0000C157  _pause_te |    0000C15D  G$death_a
     0000C15D  _death_an |    0000C15E  ___render |    0000C15F  __map_til
ASxxxx Linker V03.00 + NoICE + sdld,  page 53.
Hexadecimal  [32-Bits]

Area                       Addr        Size        Decimal Bytes (Attributes)
--------------------       ----        ----        ------- ----- ------------
_HRAM12                00000000    00000003 =           3. bytes (ABS,CON)

        Value  Global            Value  Global            Value  Global    
        -----  ------            -----  ------            -----  ------    
     0000FF90  __current |    0000FF92  __shadow_
ASxxxx Linker V03.00 + NoICE + sdld,  page 54.
Hexadecimal  [32-Bits]

Area                       Addr        Size        Decimal Bytes (Attributes)
--------------------       ----        ----        ------- ----- ------------
_CODE_1                00014000    000003D0 =         976. bytes (REL,CON)

        Value  Global            Value  Global            Value  Global    
        -----  ------            -----  ------            -----  ------    
     00014000  C$frogger |    00014000  G$__func_ |    00014000  G$frogger
     00014000  ___func_f |    00014000  _frogger_ |    0001400A  G$frogger
     0001400A  _frogger_ |    0001424A  G$frogger |    0001424A  _frogger_
     00014256  G$frogger |    00014256  _frogger_ |    00014262  G$frogger
     00014262  _frogger_ |    0001426E  G$frogger |    0001426E  _frogger_
     0001427A  G$frogger |    0001427A  _frogger_ |    00014286  G$frogger
     00014286  _frogger_ |    00014292  G$frogger |    00014292  _frogger_
     0001429E  G$frogger |    0001429E  _frogger_ |    000142AA  G$frogger
     000142AA  _frogger_ |    000142B6  G$frogger |    000142B6  _frogger_
     000142C8  G$frogger |    000142C8  _frogger_ |    000142DC  G$frogger
     000142DC  _frogger_ |    000142F0  G$frogger |    000142F0  _frogger_
     00014322  C$frogger |    00014322  G$__func_ |    00014322  G$frogger
     00014322  ___func_f |    00014322  _frogger_ |    0001432A  G$frogger
     0001432A  _frogger_ |    0001436A  G$frogger |    0001436A  _frogger_
     00014376  G$frogger |    00014376  _frogger_ |    00014378  C$log_fro
     00014378  G$__func_ |    00014378  G$log_fro |    00014378  ___func_l
     00014378  _log_frog |    00014382  G$log_fro |    00014382  _log_frog
     000143C2  G$log_fro |    000143C2  _log_frog |    000143CE  G$log_fro
     000143CE  _log_frog
ASxxxx Linker V03.00 + NoICE + sdld,  page 55.
Hexadecimal  [32-Bits]

Area                       Addr        Size        Decimal Bytes (Attributes)
--------------------       ----        ----        ------- ----- ------------
_HEADER_LCD0           00000000    00000003 =           3. bytes (ABS,CON)

        Value  Global            Value  Global            Value  Global    
        -----  ------            -----  ------            -----  ------    
ASxxxx Linker V03.00 + NoICE + sdld,  page 56.

Files Linked                              [ module(s) ]

C:\c_code\gbdk\lib/gb/crt0.o              [ Runtime ]
C:\Users\EMART~1\AppData\Local\Temp/lcc135840.rel
                                          [ main ]
C:\Users\EMART~1\AppData\Local\Temp/lcc135841.rel
                                          [ bkg_map ]
C:\Users\EMART~1\AppData\Local\Temp/lcc135842.rel
                                          [ bkg_tiles ]
C:\Users\EMART~1\AppData\Local\Temp/lcc135843.rel
                                          [ collision_map ]
C:\Users\EMART~1\AppData\Local\Temp/lcc135844.rel
                                          [ font ]
C:\Users\EMART~1\AppData\Local\Temp/lcc135845.rel
                                          [ frog_lives ]
C:\Users\EMART~1\AppData\Local\Temp/lcc135846.rel
                                          [ frogger ]
C:\Users\EMART~1\AppData\Local\Temp/lcc135847.rel
                                          [ frogger_16 ]
C:\Users\EMART~1\AppData\Local\Temp/lcc135848.rel
                                          [ log_frog ]
C:\Users\EMART~1\AppData\Local\Temp/lcc135849.rel
                                          [ reset_timer ]
C:\Users\EMART~1\AppData\Local\Temp/lcc1358410.rel
                                          [ win_frog ]


Libraries Linked                          [ object file ]

C:\c_code\gbdk\lib/gb/gb.lib              [ sfr.o ]
C:\c_code\gbdk\lib/gb/gb.lib              [ get_tile.o ]
C:\c_code\gbdk\lib/gb/gb.lib              [ set_tile.o ]
C:\c_code\gbdk\lib/gb/gb.lib              [ metasprites_hide.o ]
C:\c_code\gbdk\lib/gb/gb.lib              [ set_data.o ]
C:\c_code\gbdk\lib/gb/gb.lib              [ metasprites_flip.o ]
C:\c_code\gbdk\lib/sm83/sm83.lib          [ sprintf.o ]
C:\c_code\gbdk\lib/gb/gb.lib              [ pad.o ]
C:\c_code\gbdk\lib/gb/gb.lib              [ metasprites.o ]
C:\c_code\gbdk\lib/sm83/sm83.lib          [ __sdcc_call_hl.o ]
C:\c_code\gbdk\lib/gb/gb.lib              [ lcd.o ]
C:\c_code\gbdk\lib/gb/gb.lib              [ get_addr.o ]
C:\c_code\gbdk\lib/sm83/sm83.lib          [ div.o ]
C:\c_code\gbdk\lib/gb/gb.lib              [ set_bk_t.o ]
C:\c_code\gbdk\lib/sm83/sm83.lib          [ itoa.o ]
C:\c_code\gbdk\lib/gb/gb.lib              [ set_xy_t.o ]

ASxxxx Linker V03.00 + NoICE + sdld,  page 57.

User Base Address Definitions

_DATA=0xC0A0
_CODE=0x0200
ASxxxx Linker V03.00 + NoICE + sdld,  page 58.

User Global Definitions

_shadow_OAM=0xC000
.STACK=0xE000
.refresh_OAM=0xFF80

