ASxxxx Linker V03.00 + NoICE + sdld,  page 1.
Hexadecimal  [32-Bits]

Area                       Addr        Size        Decimal Bytes (Attributes)
--------------------       ----        ----        ------- ----- ------------
.  .ABS.               00000000    00000000 =           0. bytes (ABS,CON)

        Value  Global            Value  Global            Value  Global    
        -----  ------            -----  ------            -----  ------    
     00000000  .__.ABS.  |    00000000  _rRAMG    |    00000000  l__BASE  
     00000000  l__BSS    |    00000000  l__CABS   |    00000000  l__DABS  
     00000000  l__HEADER |    00000000  l__HEADER |    00000000  l__HEAP  
     00000000  l__HRAM   |    00000000  l__LIT    |    00000000  s__CABS  
     00000000  s__DABS   |    00000000  s__HEADER |    00000000  s__HEADER
     00000000  s__HEADER |    00000000  s__HEADER |    00000000  s__HEADER
     00000000  s__HEADER |    00000000  s__HEADER |    00000000  s__HEADER
     00000000  s__HEADER |    00000000  s__HEADER |    00000000  s__HEADER
     00000000  s__HEADER |    00000000  s__HEADER |    00000000  s__HEADER
     00000000  s__HEADER |    00000000  s__HEADER |    00000000  s__HEADER
     00000000  s__HEADER |    00000000  s__HEADER |    00000000  s__HEADER
     00000000  s__HEADER |    00000000  s__HRAM   |    00000000  s__HRAM12
     00000001  ___bank_f |    00000001  ___bank_f |    00000001  ___bank_f
     00000001  ___bank_l |    00000001  l__GSFINA |    00000001  l__HEADER
     00000001  l__HEADER |    00000001  l__HEADER |    00000001  l__HEADER
     00000001  l__HEADER |    00000001  l__HEADER |    00000001  l__HEADER
     00000002  l__HEADER |    00000002  l__HEADER |    00000002  l__HEADER
     00000003  l__HEADER |    00000003  l__HEADER |    00000003  l__HRAM12
     00000005  l__HEADER |    00000006  l__HEADER |    00000007  l__HEADER
     00000008  l__HEADER |    0000000C  l__GSINIT |    00000030  l__HEADER
     0000004F  l__HEADER |    00000059  l__INITIA |    00000059  l__INITIA
     00000082  l__HEADER |    000000DB  l__DATA   |    00000200  s__CODE  
     000003D0  l__HOME   |    00000426  l__CODE_1 |    00000440  l__CODE_0
     00002000  _rROMB0   |    00003000  _rROMB1   |    000030D4  l__CODE  
     000032D4  s__HOME   |    000036A4  s__BASE   |    000036A4  s__CODE_0
     00003AE4  s__INITIA |    00003AE4  s__LIT    |    00003B3D  s__GSINIT
     00003B49  s__GSFINA |    00004000  _rRAMB    |    00008000  __VRAM   
     00008000  __VRAM800 |    00008800  __VRAM880 |    00009000  __VRAM900
     00009800  __SCRN0   |    00009C00  __SCRN1   |    0000A000  __SRAM   
     0000C000  __RAM     |    0000C000  _shadow_O |    0000C0A0  s__DATA  
     0000C17B  s__BSS    |    0000C17B  s__INITIA |    0000C1D4  s__HEAP  
     0000D000  __RAMBANK |    0000E000  .STACK    |    0000FE00  __OAMRAM 
     0000FF00  _P1_REG   |    0000FF00  __IO      |    0000FF01  _SB_REG  
     0000FF02  _SC_REG   |    0000FF04  _DIV_REG  |    0000FF05  _TIMA_REG
     0000FF06  _TMA_REG  |    0000FF07  _TAC_REG  |    0000FF0F  _IF_REG  
     0000FF10  _NR10_REG |    0000FF11  _NR11_REG |    0000FF12  _NR12_REG
     0000FF13  _NR13_REG |    0000FF14  _NR14_REG |    0000FF16  _NR21_REG
     0000FF17  _NR22_REG |    0000FF18  _NR23_REG |    0000FF19  _NR24_REG
     0000FF1A  _NR30_REG |    0000FF1B  _NR31_REG |    0000FF1C  _NR32_REG
     0000FF1D  _NR33_REG |    0000FF1E  _NR34_REG |    0000FF20  _NR41_REG
     0000FF21  _NR42_REG |    0000FF22  _NR43_REG |    0000FF23  _NR44_REG
     0000FF24  _NR50_REG |    0000FF25  _NR51_REG |    0000FF26  _NR52_REG
     0000FF30  _PCM_SAMP |    0000FF30  __AUD3WAV |    0000FF40  _LCDC_REG
     0000FF41  _STAT_REG |    0000FF42  _SCY_REG  |    0000FF43  _SCX_REG 
     0000FF44  _LY_REG   |    0000FF45  _LYC_REG  |    0000FF46  _DMA_REG 
     0000FF47  _BGP_REG  |    0000FF48  _OBP0_REG |    0000FF49  _OBP1_REG
     0000FF4A  _WY_REG   |    0000FF4B  _WX_REG   |    0000FF4D  _KEY1_REG
     0000FF4F  _VBK_REG  |    0000FF51  _HDMA1_RE |    0000FF52  _HDMA2_RE
     0000FF53  _HDMA3_RE |    0000FF54  _HDMA4_RE |    0000FF55  _HDMA5_RE
     0000FF56  _RP_REG   |    0000FF68  _BCPS_REG |    0000FF69  _BCPD_REG
ASxxxx Linker V03.00 + NoICE + sdld,  page 2.
Hexadecimal  [32-Bits]

Area                       Addr        Size        Decimal Bytes (Attributes)
--------------------       ----        ----        ------- ----- ------------
.  .ABS.               00000000    00000000 =           0. bytes (ABS,CON)

        Value  Global            Value  Global            Value  Global    
        -----  ------            -----  ------            -----  ------    
     0000FF6A  _OCPS_REG |    0000FF6B  _OCPD_REG |    0000FF70  _SVBK_REG
     0000FF76  _PCM12_RE |    0000FF77  _PCM34_RE |    0000FF80  .refresh_
     0000FF80  __HRAM    |    0000FFFF  _IE_REG   |    00014000  s__CODE_1
ASxxxx Linker V03.00 + NoICE + sdld,  page 3.
Hexadecimal  [32-Bits]

Area                       Addr        Size        Decimal Bytes (Attributes)
--------------------       ----        ----        ------- ----- ------------
_CODE                  00000200    000030D4 =       12500. bytes (REL,CON)

        Value  Global            Value  Global            Value  Global    
        -----  ------            -----  ------            -----  ------    
     00000200  A$lcc8844 |    00000200  C$main.c$ |    00000200  C$main.c$
     00000200  G$overlap |    00000200  _overlap  |    00000202  A$lcc8844
     00000203  A$lcc8844 |    00000205  A$lcc8844 |    00000206  A$lcc8844
     00000208  A$lcc8844 |    0000020A  A$lcc8844 |    0000020B  A$lcc8844
     0000020D  A$lcc8844 |    0000020E  A$lcc8844 |    00000210  A$lcc8844
     00000212  A$lcc8844 |    00000213  A$lcc8844 |    00000215  A$lcc8844
     00000216  A$lcc8844 |    00000218  A$lcc8844 |    0000021A  A$lcc8844
     0000021B  A$lcc8844 |    0000021D  A$lcc8844 |    0000021E  A$lcc8844
     00000220  A$lcc8844 |    00000222  A$lcc8844 |    00000223  A$lcc8844
     00000225  A$lcc8844 |    00000226  A$lcc8844 |    00000228  A$lcc8844
     0000022A  A$lcc8844 |    0000022B  A$lcc8844 |    0000022D  A$lcc8844
     0000022E  A$lcc8844 |    00000230  A$lcc8844 |    00000232  A$lcc8844
     00000233  A$lcc8844 |    00000235  A$lcc8844 |    00000236  A$lcc8844
     00000238  A$lcc8844 |    0000023A  A$lcc8844 |    0000023B  A$lcc8844
     0000023D  A$lcc8844 |    0000023E  A$lcc8844 |    00000240  A$lcc8844
     00000240  C$main.c$ |    00000242  A$lcc8844 |    00000243  A$lcc8844
     00000243  C$main.c$ |    00000245  A$lcc8844 |    00000246  A$lcc8844
     00000247  A$lcc8844 |    00000249  A$lcc8844 |    0000024A  A$lcc8844
     0000024B  A$lcc8844 |    0000024C  A$lcc8844 |    0000024D  A$lcc8844
     0000024E  A$lcc8844 |    0000024F  A$lcc8844 |    00000250  A$lcc8844
     00000251  A$lcc8844 |    00000253  A$lcc8844 |    00000255  A$lcc8844
     00000257  A$lcc8844 |    00000259  A$lcc8844 |    0000025A  A$lcc8844
     0000025C  A$lcc8844 |    0000025E  A$lcc8844 |    00000260  A$lcc8844
     00000261  A$lcc8844 |    00000263  A$lcc8844 |    00000265  A$lcc8844
     00000266  A$lcc8844 |    00000267  A$lcc8844 |    00000269  A$lcc8844
     0000026A  A$lcc8844 |    0000026B  A$lcc8844 |    0000026C  A$lcc8844
     0000026D  A$lcc8844 |    0000026E  A$lcc8844 |    0000026F  A$lcc8844
     00000270  A$lcc8844 |    00000271  A$lcc8844 |    00000273  A$lcc8844
     00000275  A$lcc8844 |    00000277  A$lcc8844 |    00000279  A$lcc8844
     0000027A  A$lcc8844 |    0000027C  A$lcc8844 |    0000027E  A$lcc8844
     00000280  A$lcc8844 |    00000281  A$lcc8844 |    00000283  A$lcc8844
     00000283  C$main.c$ |    00000285  A$lcc8844 |    00000286  A$lcc8844
     00000286  C$main.c$ |    00000288  A$lcc8844 |    00000289  A$lcc8844
     0000028A  A$lcc8844 |    0000028C  A$lcc8844 |    0000028D  A$lcc8844
     0000028E  A$lcc8844 |    0000028F  A$lcc8844 |    00000290  A$lcc8844
     00000291  A$lcc8844 |    00000292  A$lcc8844 |    00000293  A$lcc8844
     00000294  A$lcc8844 |    00000296  A$lcc8844 |    00000298  A$lcc8844
     0000029A  A$lcc8844 |    0000029C  A$lcc8844 |    0000029D  A$lcc8844
     0000029F  A$lcc8844 |    000002A1  A$lcc8844 |    000002A3  A$lcc8844
     000002A4  A$lcc8844 |    000002A6  A$lcc8844 |    000002A8  A$lcc8844
     000002A9  A$lcc8844 |    000002AA  A$lcc8844 |    000002AC  A$lcc8844
     000002AD  A$lcc8844 |    000002AE  A$lcc8844 |    000002AF  A$lcc8844
     000002B0  A$lcc8844 |    000002B1  A$lcc8844 |    000002B2  A$lcc8844
     000002B3  A$lcc8844 |    000002B4  A$lcc8844 |    000002B6  A$lcc8844
     000002B8  A$lcc8844 |    000002BA  A$lcc8844 |    000002BC  A$lcc8844
     000002BD  A$lcc8844 |    000002BF  A$lcc8844 |    000002C1  A$lcc8844
     000002C3  A$lcc8844 |    000002C4  A$lcc8844 |    000002C6  A$lcc8844
     000002C6  C$main.c$ |    000002C8  A$lcc8844 |    000002C9  A$lcc8844
     000002C9  C$main.c$ |    000002CB  A$lcc8844 |    000002CB  C$main.c$
     000002CB  XG$overla |    000002CC  A$lcc8844 |    000002CC  C$main.c$
ASxxxx Linker V03.00 + NoICE + sdld,  page 4.
Hexadecimal  [32-Bits]

Area                       Addr        Size        Decimal Bytes (Attributes)
--------------------       ----        ----        ------- ----- ------------
_CODE                  00000200    000030D4 =       12500. bytes (REL,CON)

        Value  Global            Value  Global            Value  Global    
        -----  ------            -----  ------            -----  ------    
     000002CC  C$main.c$ |    000002CC  G$remove_ |    000002CC  _remove_f
     000002CF  A$lcc8844 |    000002D1  A$lcc8844 |    000002D4  A$lcc8844
     000002D5  A$lcc8844 |    000002D6  A$lcc8844 |    000002D7  A$lcc8844
     000002DA  A$lcc8844 |    000002DB  A$lcc8844 |    000002DC  A$lcc8844
     000002DD  A$lcc8844 |    000002DF  A$lcc8844 |    000002E0  A$lcc8844
     000002E1  A$lcc8844 |    000002E4  A$lcc8844 |    000002E5  A$lcc8844
     000002E5  C$main.c$ |    000002E6  A$lcc8844 |    000002E9  A$lcc8844
     000002EA  A$lcc8844 |    000002EB  A$lcc8844 |    000002EB  C$main.c$
     000002EC  A$lcc8844 |    000002EF  A$lcc8844 |    000002F0  A$lcc8844
     000002F1  A$lcc8844 |    000002F1  C$main.c$ |    000002F1  XG$remove
     000002F2  A$lcc8844 |    000002F2  C$main.c$ |    000002F2  C$main.c$
     000002F2  G$kill_fr |    000002F2  _kill_fro |    000002F5  A$lcc8844
     000002F7  A$lcc8844 |    000002F7  C$main.c$ |    000002FA  A$lcc8844
     000002FC  A$lcc8844 |    000002FC  C$main.c$ |    000002FF  A$lcc8844
     00000301  A$lcc8844 |    00000301  C$main.c$ |    00000304  A$lcc8844
     00000305  A$lcc8844 |    00000306  A$lcc8844 |    00000307  A$lcc8844
     00000307  C$main.c$ |    00000308  A$lcc8844 |    00000309  A$lcc8844
     00000309  C$main.c$ |    00000309  XG$kill_f |    0000030A  A$lcc8844
     0000030A  C$main.c$ |    0000030A  G$render_ |    0000030A  _render_a
     0000030B  A$lcc8844 |    0000030B  C$main.c$ |    0000030E  A$lcc8844
     0000030F  A$lcc8844 |    0000030F  C$main.c$ |    00000312  A$lcc8844
     00000313  A$lcc8844 |    00000315  A$lcc8844 |    00000316  A$lcc8844
     00000317  A$lcc8844 |    00000318  A$lcc8844 |    00000319  A$lcc8844
     0000031A  A$lcc8844 |    0000031C  A$lcc8844 |    0000031F  A$lcc8844
     00000320  A$lcc8844 |    00000320  C$main.c$ |    00000320  C$main.c$
     00000321  A$lcc8844 |    00000322  A$lcc8844 |    00000324  A$lcc8844
     00000327  A$lcc8844 |    00000329  A$lcc8844 |    0000032A  A$lcc8844
     0000032D  A$lcc8844 |    0000032F  A$lcc8844 |    00000330  A$lcc8844
     00000333  A$lcc8844 |    00000334  A$lcc8844 |    00000335  A$lcc8844
     00000336  A$lcc8844 |    00000339  A$lcc8844 |    0000033A  A$lcc8844
     0000033B  A$lcc8844 |    0000033C  A$lcc8844 |    0000033F  A$lcc8844
     00000341  A$lcc8844 |    00000343  A$lcc8844 |    00000345  A$lcc8844
     00000347  A$lcc8844 |    0000034A  A$lcc8844 |    0000034C  A$lcc8844
     0000034F  A$lcc8844 |    00000350  A$lcc8844 |    00000351  A$lcc8844
     00000352  A$lcc8844 |    00000353  A$lcc8844 |    00000355  A$lcc8844
     00000356  A$lcc8844 |    00000358  A$lcc8844 |    00000359  A$lcc8844
     0000035C  A$lcc8844 |    0000035E  A$lcc8844 |    0000035E  C$main.c$
     00000360  A$lcc8844 |    00000360  C$main.c$ |    00000361  A$lcc8844
     00000362  A$lcc8844 |    00000364  A$lcc8844 |    00000367  A$lcc8844
     00000368  A$lcc8844 |    0000036B  A$lcc8844 |    0000036C  A$lcc8844
     0000036F  A$lcc8844 |    00000370  A$lcc8844 |    00000371  A$lcc8844
     00000372  A$lcc8844 |    00000373  A$lcc8844 |    00000376  A$lcc8844
     00000377  A$lcc8844 |    00000378  A$lcc8844 |    00000379  A$lcc8844
     0000037C  A$lcc8844 |    0000037E  A$lcc8844 |    0000037F  A$lcc8844
     00000380  A$lcc8844 |    00000381  A$lcc8844 |    00000382  A$lcc8844
     00000383  A$lcc8844 |    00000384  A$lcc8844 |    00000385  A$lcc8844
     00000386  A$lcc8844 |    00000389  A$lcc8844 |    0000038B  A$lcc8844
     0000038B  C$main.c$ |    0000038B  C$main.c$ |    0000038E  A$lcc8844
     00000390  A$lcc8844 |    00000390  C$main.c$ |    00000393  A$lcc8844
     00000395  A$lcc8844 |    00000396  A$lcc8844 |    00000396  C$main.c$
     00000396  XG$render |    00000397  A$lcc8844 |    00000397  C$main.c$
ASxxxx Linker V03.00 + NoICE + sdld,  page 5.
Hexadecimal  [32-Bits]

Area                       Addr        Size        Decimal Bytes (Attributes)
--------------------       ----        ----        ------- ----- ------------
_CODE                  00000200    000030D4 =       12500. bytes (REL,CON)

        Value  Global            Value  Global            Value  Global    
        -----  ------            -----  ------            -----  ------    
     00000397  C$main.c$ |    00000397  G$update_ |    00000397  _update_l
     0000039A  A$lcc8844 |    0000039B  A$lcc8844 |    0000039E  A$lcc8844
     0000039F  A$lcc8844 |    000003A2  A$lcc8844 |    000003A3  A$lcc8844
     000003A4  A$lcc8844 |    000003A5  A$lcc8844 |    000003A5  C$main.c$
     000003A8  A$lcc8844 |    000003A9  A$lcc8844 |    000003AC  A$lcc8844
     000003AD  A$lcc8844 |    000003B0  A$lcc8844 |    000003B1  A$lcc8844
     000003B4  A$lcc8844 |    000003B6  A$lcc8844 |    000003B6  C$main.c$
     000003B9  A$lcc8844 |    000003BA  A$lcc8844 |    000003BB  A$lcc8844
     000003BD  A$lcc8844 |    000003BD  C$main.c$ |    000003BF  A$lcc8844
     000003C0  A$lcc8844 |    000003C1  A$lcc8844 |    000003C4  A$lcc8844
     000003C5  A$lcc8844 |    000003C6  A$lcc8844 |    000003C7  A$lcc8844
     000003C8  A$lcc8844 |    000003CB  A$lcc8844 |    000003CD  A$lcc8844
     000003CD  C$main.c$ |    000003D0  A$lcc8844 |    000003D1  A$lcc8844
     000003D3  A$lcc8844 |    000003D4  A$lcc8844 |    000003D5  A$lcc8844
     000003D5  C$main.c$ |    000003D6  A$lcc8844 |    000003D8  A$lcc8844
     000003D8  C$main.c$ |    000003DB  A$lcc8844 |    000003DC  A$lcc8844
     000003DF  A$lcc8844 |    000003E0  A$lcc8844 |    000003E3  A$lcc8844
     000003E4  A$lcc8844 |    000003E5  A$lcc8844 |    000003E6  A$lcc8844
     000003E6  C$main.c$ |    000003E9  A$lcc8844 |    000003EB  A$lcc8844
     000003EC  A$lcc8844 |    000003ED  A$lcc8844 |    000003F0  A$lcc8844
     000003F1  A$lcc8844 |    000003F2  A$lcc8844 |    000003F3  A$lcc8844
     000003F4  A$lcc8844 |    000003F7  A$lcc8844 |    000003F9  A$lcc8844
     000003F9  C$main.c$ |    000003F9  XG$update |    000003FA  Fmain$__s
     000003FD  A$lcc8844 |    000003FD  C$main.c$ |    000003FD  C$main.c$
     000003FD  G$update_ |    000003FD  _update_p |    00000400  A$lcc8844
     00000401  A$lcc8844 |    00000404  A$lcc8844 |    00000405  A$lcc8844
     00000408  A$lcc8844 |    00000409  A$lcc8844 |    0000040A  A$lcc8844
     0000040B  A$lcc8844 |    0000040B  C$main.c$ |    0000040E  A$lcc8844
     0000040F  A$lcc8844 |    00000410  A$lcc8844 |    00000411  A$lcc8844
     00000411  C$main.c$ |    00000413  A$lcc8844 |    00000414  A$lcc8844
     00000415  A$lcc8844 |    00000418  A$lcc8844 |    00000419  A$lcc8844
     0000041A  A$lcc8844 |    0000041B  A$lcc8844 |    0000041C  A$lcc8844
     0000041F  A$lcc8844 |    00000421  A$lcc8844 |    00000421  C$main.c$
     00000424  A$lcc8844 |    00000425  A$lcc8844 |    00000427  A$lcc8844
     00000428  A$lcc8844 |    00000429  A$lcc8844 |    00000429  C$main.c$
     0000042A  A$lcc8844 |    0000042A  C$main.c$ |    0000042A  XG$update
     0000042C  A$lcc8844 |    0000042C  C$main.c$ |    0000042C  C$main.c$
     0000042C  G$update_ |    0000042C  _update_s |    0000042F  A$lcc8844
     00000430  A$lcc8844 |    00000432  A$lcc8844 |    00000433  A$lcc8844
     00000435  A$lcc8844 |    00000437  A$lcc8844 |    00000438  A$lcc8844
     00000439  A$lcc8844 |    0000043A  A$lcc8844 |    0000043C  A$lcc8844
     0000043C  C$main.c$ |    0000043F  A$lcc8844 |    00000440  A$lcc8844
     00000443  A$lcc8844 |    00000444  A$lcc8844 |    00000447  A$lcc8844
     00000448  A$lcc8844 |    00000449  A$lcc8844 |    0000044A  A$lcc8844
     0000044C  A$lcc8844 |    0000044C  C$main.c$ |    0000044F  A$lcc8844
     00000450  A$lcc8844 |    00000452  A$lcc8844 |    00000453  A$lcc8844
     00000455  A$lcc8844 |    00000457  A$lcc8844 |    00000458  A$lcc8844
     0000045A  A$lcc8844 |    0000045C  A$lcc8844 |    0000045D  A$lcc8844
     0000045F  A$lcc8844 |    0000045F  C$main.c$ |    00000462  A$lcc8844
     00000463  A$lcc8844 |    00000466  A$lcc8844 |    00000467  A$lcc8844
     0000046A  A$lcc8844 |    0000046B  A$lcc8844 |    0000046C  A$lcc8844
ASxxxx Linker V03.00 + NoICE + sdld,  page 6.
Hexadecimal  [32-Bits]

Area                       Addr        Size        Decimal Bytes (Attributes)
--------------------       ----        ----        ------- ----- ------------
_CODE                  00000200    000030D4 =       12500. bytes (REL,CON)

        Value  Global            Value  Global            Value  Global    
        -----  ------            -----  ------            -----  ------    
     0000046D  A$lcc8844 |    0000046F  A$lcc8844 |    0000046F  C$main.c$
     00000471  A$lcc8844 |    00000473  A$lcc8844 |    00000476  A$lcc8844
     00000477  A$lcc8844 |    00000479  A$lcc8844 |    0000047A  A$lcc8844
     0000047C  A$lcc8844 |    0000047E  A$lcc8844 |    0000047E  C$main.c$
     00000481  A$lcc8844 |    00000482  A$lcc8844 |    00000485  A$lcc8844
     00000486  A$lcc8844 |    00000489  A$lcc8844 |    0000048A  A$lcc8844
     0000048B  A$lcc8844 |    0000048C  A$lcc8844 |    0000048E  A$lcc8844
     0000048E  C$main.c$ |    00000491  A$lcc8844 |    00000493  A$lcc8844
     00000494  A$lcc8844 |    00000495  A$lcc8844 |    00000497  A$lcc8844
     00000498  A$lcc8844 |    0000049A  A$lcc8844 |    0000049A  C$main.c$
     0000049D  A$lcc8844 |    0000049E  A$lcc8844 |    000004A1  A$lcc8844
     000004A2  A$lcc8844 |    000004A5  A$lcc8844 |    000004A6  A$lcc8844
     000004A7  A$lcc8844 |    000004A8  A$lcc8844 |    000004A8  C$main.c$
     000004AB  A$lcc8844 |    000004AC  A$lcc8844 |    000004AD  A$lcc8844
     000004AE  A$lcc8844 |    000004AF  A$lcc8844 |    000004B2  A$lcc8844
     000004B3  A$lcc8844 |    000004B6  A$lcc8844 |    000004B7  A$lcc8844
     000004BA  A$lcc8844 |    000004BC  A$lcc8844 |    000004BC  C$main.c$
     000004BF  A$lcc8844 |    000004C0  A$lcc8844 |    000004C1  A$lcc8844
     000004C2  A$lcc8844 |    000004C2  C$main.c$ |    000004C4  A$lcc8844
     000004C5  A$lcc8844 |    000004C6  A$lcc8844 |    000004C9  A$lcc8844
     000004CA  A$lcc8844 |    000004CB  A$lcc8844 |    000004CC  A$lcc8844
     000004CD  A$lcc8844 |    000004D0  A$lcc8844 |    000004D2  A$lcc8844
     000004D2  C$main.c$ |    000004D5  A$lcc8844 |    000004D6  A$lcc8844
     000004D8  A$lcc8844 |    000004D9  A$lcc8844 |    000004DA  A$lcc8844
     000004DA  C$main.c$ |    000004DB  A$lcc8844 |    000004DB  C$main.c$
     000004DB  XG$update |    000004DD  Fmain$__s |    000004E0  A$lcc8844
     000004E0  C$main.c$ |    000004E0  C$main.c$ |    000004E0  G$update_
     000004E0  _update_f |    000004E3  A$lcc8844 |    000004E4  A$lcc8844
     000004E6  A$lcc8844 |    000004E7  A$lcc8844 |    000004E8  A$lcc8844
     000004EA  A$lcc8844 |    000004EA  C$main.c$ |    000004ED  A$lcc8844
     000004EE  A$lcc8844 |    000004EF  A$lcc8844 |    000004F0  A$lcc8844
     000004F3  A$lcc8844 |    000004F5  A$lcc8844 |    000004F5  C$main.c$
     000004F6  A$lcc8844 |    000004F6  C$main.c$ |    000004F7  A$lcc8844
     000004F9  A$lcc8844 |    000004F9  C$main.c$ |    000004FA  A$lcc8844
     000004FB  A$lcc8844 |    000004FD  A$lcc8844 |    000004FE  A$lcc8844
     00000501  A$lcc8844 |    00000502  A$lcc8844 |    00000503  A$lcc8844
     00000506  A$lcc8844 |    00000508  A$lcc8844 |    00000508  C$main.c$
     00000508  XG$update |    00000509  A$lcc8844 |    00000509  C$main.c$
     00000509  G$update_ |    00000509  _update_f |    0000050A  A$lcc8844
     0000050D  A$lcc8844 |    0000050F  A$lcc8844 |    00000510  A$lcc8844
     00000510  C$main.c$ |    00000513  A$lcc8844 |    00000513  C$main.c$
     00000515  A$lcc8844 |    00000516  A$lcc8844 |    00000517  A$lcc8844
     00000519  A$lcc8844 |    0000051B  A$lcc8844 |    0000051C  A$lcc8844
     0000051D  A$lcc8844 |    0000051F  A$lcc8844 |    00000521  A$lcc8844
     00000522  A$lcc8844 |    00000524  A$lcc8844 |    00000527  A$lcc8844
     00000529  A$lcc8844 |    0000052A  A$lcc8844 |    0000052C  A$lcc8844
     0000052E  A$lcc8844 |    00000531  A$lcc8844 |    00000531  C$main.c$
     00000532  A$lcc8844 |    00000533  A$lcc8844 |    00000536  A$lcc8844
     00000537  A$lcc8844 |    0000053A  A$lcc8844 |    0000053B  A$lcc8844
     0000053C  A$lcc8844 |    0000053D  A$lcc8844 |    00000540  A$lcc8844
     00000541  A$lcc8844 |    00000542  A$lcc8844 |    00000543  A$lcc8844
ASxxxx Linker V03.00 + NoICE + sdld,  page 7.
Hexadecimal  [32-Bits]

Area                       Addr        Size        Decimal Bytes (Attributes)
--------------------       ----        ----        ------- ----- ------------
_CODE                  00000200    000030D4 =       12500. bytes (REL,CON)

        Value  Global            Value  Global            Value  Global    
        -----  ------            -----  ------            -----  ------    
     00000546  A$lcc8844 |    00000548  A$lcc8844 |    00000549  A$lcc8844
     0000054A  A$lcc8844 |    0000054B  A$lcc8844 |    0000054D  A$lcc8844
     0000054E  A$lcc8844 |    00000551  A$lcc8844 |    00000553  A$lcc8844
     00000553  C$main.c$ |    00000556  A$lcc8844 |    00000556  C$main.c$
     00000557  A$lcc8844 |    00000559  A$lcc8844 |    0000055A  A$lcc8844
     0000055D  A$lcc8844 |    0000055F  A$lcc8844 |    00000560  A$lcc8844
     00000563  A$lcc8844 |    00000564  A$lcc8844 |    00000565  A$lcc8844
     00000566  A$lcc8844 |    00000569  A$lcc8844 |    0000056A  A$lcc8844
     0000056B  A$lcc8844 |    0000056C  A$lcc8844 |    0000056F  A$lcc8844
     00000571  A$lcc8844 |    00000573  A$lcc8844 |    00000575  A$lcc8844
     00000577  A$lcc8844 |    0000057A  A$lcc8844 |    0000057C  A$lcc8844
     0000057F  A$lcc8844 |    00000580  A$lcc8844 |    00000581  A$lcc8844
     00000582  A$lcc8844 |    00000583  A$lcc8844 |    00000585  A$lcc8844
     00000586  A$lcc8844 |    00000588  A$lcc8844 |    00000589  A$lcc8844
     0000058C  A$lcc8844 |    0000058E  A$lcc8844 |    0000058E  C$main.c$
     00000590  A$lcc8844 |    00000590  C$main.c$ |    00000591  A$lcc8844
     00000592  A$lcc8844 |    00000595  A$lcc8844 |    00000596  A$lcc8844
     00000599  A$lcc8844 |    0000059A  A$lcc8844 |    0000059B  A$lcc8844
     0000059C  A$lcc8844 |    0000059F  A$lcc8844 |    000005A0  A$lcc8844
     000005A1  A$lcc8844 |    000005A2  A$lcc8844 |    000005A5  A$lcc8844
     000005A7  A$lcc8844 |    000005A8  A$lcc8844 |    000005A9  A$lcc8844
     000005AA  A$lcc8844 |    000005AC  A$lcc8844 |    000005AD  A$lcc8844
     000005B0  A$lcc8844 |    000005B2  A$lcc8844 |    000005B2  C$main.c$
     000005B4  A$lcc8844 |    000005B4  C$main.c$ |    000005B5  A$lcc8844
     000005B6  A$lcc8844 |    000005B9  A$lcc8844 |    000005BB  A$lcc8844
     000005BC  A$lcc8844 |    000005BF  A$lcc8844 |    000005C0  A$lcc8844
     000005C1  A$lcc8844 |    000005C2  A$lcc8844 |    000005C5  A$lcc8844
     000005C6  A$lcc8844 |    000005C7  A$lcc8844 |    000005C8  A$lcc8844
     000005CB  A$lcc8844 |    000005CD  A$lcc8844 |    000005CE  A$lcc8844
     000005D0  A$lcc8844 |    000005D1  A$lcc8844 |    000005D2  A$lcc8844
     000005D3  A$lcc8844 |    000005D5  A$lcc8844 |    000005D6  A$lcc8844
     000005D9  A$lcc8844 |    000005DB  A$lcc8844 |    000005DB  C$main.c$
     000005DC  A$lcc8844 |    000005DC  C$main.c$ |    000005DC  XG$update
     000005DD  A$lcc8844 |    000005DD  C$main.c$ |    000005DD  C$main.c$
     000005DD  G$reset_f |    000005DD  _reset_fr |    000005E0  A$lcc8844
     000005E0  C$main.c$ |    000005E3  A$lcc8844 |    000005E5  A$lcc8844
     000005E5  C$main.c$ |    000005E8  A$lcc8844 |    000005EA  A$lcc8844
     000005ED  A$lcc8844 |    000005EF  A$lcc8844 |    000005EF  C$main.c$
     000005F2  A$lcc8844 |    000005F4  A$lcc8844 |    000005F5  A$lcc8844
     000005F7  A$lcc8844 |    000005F7  C$main.c$ |    000005FA  A$lcc8844
     000005FB  A$lcc8844 |    000005FC  A$lcc8844 |    000005FE  A$lcc8844
     000005FF  A$lcc8844 |    00000601  A$lcc8844 |    00000601  C$main.c$
     00000602  A$lcc8844 |    00000605  A$lcc8844 |    00000605  C$main.c$
     00000608  A$lcc8844 |    0000060A  A$lcc8844 |    0000060A  C$main.c$
     0000060D  A$lcc8844 |    0000060F  A$lcc8844 |    00000610  A$lcc8844
     00000611  A$lcc8844 |    00000614  A$lcc8844 |    00000615  A$lcc8844
     00000618  A$lcc8844 |    00000619  A$lcc8844 |    0000061A  A$lcc8844
     0000061B  A$lcc8844 |    0000061C  A$lcc8844 |    0000061F  A$lcc8844
     00000620  A$lcc8844 |    00000621  A$lcc8844 |    00000622  A$lcc8844
     00000625  A$lcc8844 |    00000627  A$lcc8844 |    00000628  A$lcc8844
     00000629  A$lcc8844 |    0000062A  A$lcc8844 |    0000062B  A$lcc8844
ASxxxx Linker V03.00 + NoICE + sdld,  page 8.
Hexadecimal  [32-Bits]

Area                       Addr        Size        Decimal Bytes (Attributes)
--------------------       ----        ----        ------- ----- ------------
_CODE                  00000200    000030D4 =       12500. bytes (REL,CON)

        Value  Global            Value  Global            Value  Global    
        -----  ------            -----  ------            -----  ------    
     0000062C  A$lcc8844 |    0000062D  A$lcc8844 |    0000062E  A$lcc8844
     0000062F  A$lcc8844 |    00000632  A$lcc8844 |    00000634  A$lcc8844
     00000634  C$main.c$ |    00000634  C$main.c$ |    00000634  XG$reset_
     00000635  A$lcc8844 |    00000635  C$main.c$ |    00000635  C$main.c$
     00000635  G$reset_t |    00000635  _reset_ti |    00000638  A$lcc8844
     0000063A  A$lcc8844 |    0000063B  A$lcc8844 |    0000063D  A$lcc8844
     0000063D  C$main.c$ |    00000640  A$lcc8844 |    00000642  A$lcc8844
     00000642  C$main.c$ |    00000645  A$lcc8844 |    00000646  A$lcc8844
     00000649  A$lcc8844 |    0000064A  A$lcc8844 |    0000064D  A$lcc8844
     0000064E  A$lcc8844 |    00000651  A$lcc8844 |    00000653  A$lcc8844
     00000653  C$main.c$ |    00000653  XG$reset_ |    00000654  A$lcc8844
     00000654  C$main.c$ |    00000654  C$main.c$ |    00000654  G$frog_de
     00000654  _frog_dea |    00000657  A$lcc8844 |    00000658  A$lcc8844
     00000659  A$lcc8844 |    0000065B  A$lcc8844 |    0000065B  C$main.c$
     0000065C  A$lcc8844 |    0000065D  A$lcc8844 |    0000065F  A$lcc8844
     0000065F  C$main.c$ |    00000662  A$lcc8844 |    00000664  A$lcc8844
     00000664  C$main.c$ |    00000665  A$lcc8844 |    00000665  C$main.c$
     00000668  A$lcc8844 |    00000668  C$main.c$ |    00000668  C$main.c$
     00000668  XG$frog_d |    0000066B  A$lcc8844 |    0000066B  C$main.c$
     0000066B  C$main.c$ |    0000066B  G$init_le |    0000066B  _init_lev
     0000066E  A$lcc8844 |    0000066F  A$lcc8844 |    00000672  A$lcc8844
     00000673  A$lcc8844 |    00000676  A$lcc8844 |    00000678  A$lcc8844
     00000678  C$main.c$ |    0000067B  A$lcc8844 |    0000067C  A$lcc8844
     0000067F  A$lcc8844 |    00000680  A$lcc8844 |    00000683  A$lcc8844
     00000685  A$lcc8844 |    00000685  C$main.c$ |    00000688  A$lcc8844
     00000689  A$lcc8844 |    0000068C  A$lcc8844 |    0000068D  A$lcc8844
     00000690  A$lcc8844 |    00000692  A$lcc8844 |    00000692  C$main.c$
     00000695  A$lcc8844 |    00000696  A$lcc8844 |    00000699  A$lcc8844
     0000069A  A$lcc8844 |    0000069D  A$lcc8844 |    0000069F  A$lcc8844
     0000069F  C$main.c$ |    000006A2  A$lcc8844 |    000006A3  A$lcc8844
     000006A6  A$lcc8844 |    000006A7  A$lcc8844 |    000006AA  A$lcc8844
     000006AC  A$lcc8844 |    000006AC  C$main.c$ |    000006AF  A$lcc8844
     000006B0  A$lcc8844 |    000006B3  A$lcc8844 |    000006B4  A$lcc8844
     000006B7  A$lcc8844 |    000006B9  A$lcc8844 |    000006B9  C$main.c$
     000006BC  A$lcc8844 |    000006BD  A$lcc8844 |    000006C0  A$lcc8844
     000006C1  A$lcc8844 |    000006C2  A$lcc8844 |    000006C3  A$lcc8844
     000006C4  A$lcc8844 |    000006C7  A$lcc8844 |    000006C9  A$lcc8844
     000006C9  C$main.c$ |    000006CC  A$lcc8844 |    000006CD  A$lcc8844
     000006CF  A$lcc8844 |    000006D0  A$lcc8844 |    000006D1  A$lcc8844
     000006D4  A$lcc8844 |    000006D6  A$lcc8844 |    000006D6  C$main.c$
     000006D9  A$lcc8844 |    000006DB  A$lcc8844 |    000006DB  C$main.c$
     000006DE  A$lcc8844 |    000006E0  A$lcc8844 |    000006E0  C$main.c$
     000006E3  A$lcc8844 |    000006E5  A$lcc8844 |    000006E6  A$lcc8844
     000006E8  A$lcc8844 |    000006E8  C$main.c$ |    000006EB  A$lcc8844
     000006ED  A$lcc8844 |    000006EE  A$lcc8844 |    000006F0  A$lcc8844
     000006F0  C$main.c$ |    000006F3  A$lcc8844 |    000006F5  A$lcc8844
     000006F5  C$main.c$ |    000006F6  A$lcc8844 |    000006F9  A$lcc8844
     000006FA  A$lcc8844 |    000006FB  A$lcc8844 |    000006FB  C$main.c$
     000006FE  A$lcc8844 |    000006FE  C$main.c$ |    00000701  A$lcc8844
     00000703  A$lcc8844 |    00000703  C$main.c$ |    00000706  A$lcc8844
     00000706  C$main.c$ |    00000709  A$lcc8844 |    00000709  C$main.c$
ASxxxx Linker V03.00 + NoICE + sdld,  page 9.
Hexadecimal  [32-Bits]

Area                       Addr        Size        Decimal Bytes (Attributes)
--------------------       ----        ----        ------- ----- ------------
_CODE                  00000200    000030D4 =       12500. bytes (REL,CON)

        Value  Global            Value  Global            Value  Global    
        -----  ------            -----  ------            -----  ------    
     0000070C  A$lcc8844 |    0000070C  C$main.c$ |    0000070F  A$lcc8844
     0000070F  C$main.c$ |    00000712  A$lcc8844 |    00000712  C$main.c$
     00000714  A$lcc8844 |    00000715  A$lcc8844 |    00000717  A$lcc8844
     00000719  A$lcc8844 |    00000719  C$main.c$ |    0000071C  A$lcc8844
     0000071E  A$lcc8844 |    0000071F  A$lcc8844 |    00000721  A$lcc8844
     00000721  C$main.c$ |    00000722  A$lcc8844 |    00000724  A$lcc8844
     00000724  C$main.c$ |    00000727  A$lcc8844 |    00000729  A$lcc8844
     0000072A  A$lcc8844 |    0000072C  A$lcc8844 |    0000072C  C$main.c$
     0000072F  A$lcc8844 |    00000731  A$lcc8844 |    00000732  A$lcc8844
     00000733  A$lcc8844 |    00000734  A$lcc8844 |    00000734  C$main.c$
     00000734  XG$init_l |    00000735  A$lcc8844 |    00000735  C$main.c$
     00000735  G$move_fr |    00000735  _move_fro |    00000736  A$lcc8844
     00000737  A$lcc8844 |    00000737  C$main.c$ |    0000073A  A$lcc8844
     0000073B  A$lcc8844 |    0000073E  A$lcc8844 |    0000073E  C$main.c$
     00000741  A$lcc8844 |    00000742  A$lcc8844 |    00000744  A$lcc8844
     00000745  A$lcc8844 |    00000746  A$lcc8844 |    00000747  A$lcc8844
     00000748  A$lcc8844 |    0000074B  A$lcc8844 |    0000074D  A$lcc8844
     0000074F  A$lcc8844 |    00000752  A$lcc8844 |    00000754  A$lcc8844
     00000757  A$lcc8844 |    00000758  A$lcc8844 |    00000759  A$lcc8844
     0000075A  A$lcc8844 |    0000075B  A$lcc8844 |    0000075C  A$lcc8844
     0000075F  A$lcc8844 |    00000760  A$lcc8844 |    00000761  A$lcc8844
     00000762  A$lcc8844 |    00000765  A$lcc8844 |    00000766  A$lcc8844
     00000769  A$lcc8844 |    0000076A  A$lcc8844 |    0000076D  A$lcc8844
     0000076E  A$lcc8844 |    0000076F  A$lcc8844 |    00000771  A$lcc8844
     00000773  A$lcc8844 |    00000775  A$lcc8844 |    00000775  C$main.c$
     00000776  A$lcc8844 |    00000778  A$lcc8844 |    0000077A  A$lcc8844
     0000077B  A$lcc8844 |    0000077D  A$lcc8844 |    0000077E  A$lcc8844
     00000781  A$lcc8844 |    00000783  A$lcc8844 |    00000784  A$lcc8844
     00000787  A$lcc8844 |    00000788  A$lcc8844 |    00000789  A$lcc8844
     0000078A  A$lcc8844 |    0000078D  A$lcc8844 |    0000078E  A$lcc8844
     0000078F  A$lcc8844 |    00000792  A$lcc8844 |    00000794  A$lcc8844
     00000796  A$lcc8844 |    00000797  A$lcc8844 |    00000798  A$lcc8844
     00000799  A$lcc8844 |    0000079A  A$lcc8844 |    0000079C  A$lcc8844
     0000079D  A$lcc8844 |    000007A0  A$lcc8844 |    000007A2  A$lcc8844
     000007A2  C$main.c$ |    000007A5  A$lcc8844 |    000007A5  C$main.c$
     000007A6  A$lcc8844 |    000007A8  A$lcc8844 |    000007AB  A$lcc8844
     000007AC  A$lcc8844 |    000007AE  A$lcc8844 |    000007AF  A$lcc8844
     000007B2  A$lcc8844 |    000007B4  A$lcc8844 |    000007B5  A$lcc8844
     000007B8  A$lcc8844 |    000007B9  A$lcc8844 |    000007BA  A$lcc8844
     000007BB  A$lcc8844 |    000007BE  A$lcc8844 |    000007BF  A$lcc8844
     000007C0  A$lcc8844 |    000007C3  A$lcc8844 |    000007C5  A$lcc8844
     000007C7  A$lcc8844 |    000007C8  A$lcc8844 |    000007CA  A$lcc8844
     000007CB  A$lcc8844 |    000007CC  A$lcc8844 |    000007CD  A$lcc8844
     000007CE  A$lcc8844 |    000007D0  A$lcc8844 |    000007D1  A$lcc8844
     000007D4  A$lcc8844 |    000007D6  A$lcc8844 |    000007D6  C$main.c$
     000007D9  A$lcc8844 |    000007D9  C$main.c$ |    000007DC  A$lcc8844
     000007DD  A$lcc8844 |    000007E0  A$lcc8844 |    000007E0  C$main.c$
     000007E3  A$lcc8844 |    000007E4  A$lcc8844 |    000007E5  A$lcc8844
     000007E6  A$lcc8844 |    000007E9  A$lcc8844 |    000007EB  A$lcc8844
     000007ED  A$lcc8844 |    000007F0  A$lcc8844 |    000007F2  A$lcc8844
     000007F5  A$lcc8844 |    000007F6  A$lcc8844 |    000007F7  A$lcc8844
ASxxxx Linker V03.00 + NoICE + sdld,  page 10.
Hexadecimal  [32-Bits]

Area                       Addr        Size        Decimal Bytes (Attributes)
--------------------       ----        ----        ------- ----- ------------
_CODE                  00000200    000030D4 =       12500. bytes (REL,CON)

        Value  Global            Value  Global            Value  Global    
        -----  ------            -----  ------            -----  ------    
     000007F8  A$lcc8844 |    000007FB  A$lcc8844 |    000007FC  A$lcc8844
     000007FD  A$lcc8844 |    000007FE  A$lcc8844 |    00000801  A$lcc8844
     00000802  A$lcc8844 |    00000805  A$lcc8844 |    00000806  A$lcc8844
     00000808  A$lcc8844 |    00000808  C$main.c$ |    00000808  C$main.c$
     00000809  A$lcc8844 |    0000080A  A$lcc8844 |    0000080B  A$lcc8844
     0000080B  C$main.c$ |    0000080C  A$lcc8844 |    0000080D  A$lcc8844
     0000080F  A$lcc8844 |    00000812  A$lcc8844 |    00000814  A$lcc8844
     00000815  A$lcc8844 |    00000818  A$lcc8844 |    0000081A  A$lcc8844
     0000081B  A$lcc8844 |    0000081E  A$lcc8844 |    0000081F  A$lcc8844
     00000820  A$lcc8844 |    00000821  A$lcc8844 |    00000822  A$lcc8844
     00000825  A$lcc8844 |    00000826  A$lcc8844 |    00000827  A$lcc8844
     00000828  A$lcc8844 |    0000082B  A$lcc8844 |    0000082D  A$lcc8844
     0000082F  A$lcc8844 |    00000830  A$lcc8844 |    00000831  A$lcc8844
     00000832  A$lcc8844 |    00000833  A$lcc8844 |    00000835  A$lcc8844
     00000836  A$lcc8844 |    00000839  A$lcc8844 |    0000083B  A$lcc8844
     0000083B  C$main.c$ |    0000083D  A$lcc8844 |    0000083D  C$main.c$
     0000083E  A$lcc8844 |    00000840  A$lcc8844 |    00000843  A$lcc8844
     00000845  A$lcc8844 |    00000847  A$lcc8844 |    00000848  A$lcc8844
     0000084B  A$lcc8844 |    0000084D  A$lcc8844 |    0000084E  A$lcc8844
     00000851  A$lcc8844 |    00000852  A$lcc8844 |    00000853  A$lcc8844
     00000854  A$lcc8844 |    00000855  A$lcc8844 |    00000858  A$lcc8844
     00000859  A$lcc8844 |    0000085A  A$lcc8844 |    0000085B  A$lcc8844
     0000085E  A$lcc8844 |    00000860  A$lcc8844 |    00000862  A$lcc8844
     00000864  A$lcc8844 |    00000866  A$lcc8844 |    00000869  A$lcc8844
     0000086B  A$lcc8844 |    0000086E  A$lcc8844 |    00000870  A$lcc8844
     00000871  A$lcc8844 |    00000872  A$lcc8844 |    00000873  A$lcc8844
     00000874  A$lcc8844 |    00000875  A$lcc8844 |    00000877  A$lcc8844
     00000878  A$lcc8844 |    0000087B  A$lcc8844 |    0000087D  A$lcc8844
     0000087D  C$main.c$ |    0000087E  A$lcc8844 |    0000087F  A$lcc8844
     0000087F  C$main.c$ |    0000087F  XG$move_f |    00000880  A$lcc8844
     00000880  C$main.c$ |    00000880  C$main.c$ |    00000880  G$update_
     00000880  _update_m |    00000883  A$lcc8844 |    00000884  A$lcc8844
     00000886  A$lcc8844 |    00000886  C$main.c$ |    00000889  A$lcc8844
     00000889  C$main.c$ |    0000088C  A$lcc8844 |    0000088E  A$lcc8844
     00000890  A$lcc8844 |    00000893  A$lcc8844 |    00000895  A$lcc8844
     00000898  A$lcc8844 |    00000899  A$lcc8844 |    0000089C  A$lcc8844
     0000089D  A$lcc8844 |    0000089E  A$lcc8844 |    0000089F  A$lcc8844
     0000089F  C$main.c$ |    000008A2  A$lcc8844 |    000008A3  A$lcc8844
     000008A5  A$lcc8844 |    000008A5  C$main.c$ |    000008A8  A$lcc8844
     000008A8  C$main.c$ |    000008AB  A$lcc8844 |    000008AD  A$lcc8844
     000008AF  A$lcc8844 |    000008B2  A$lcc8844 |    000008B4  A$lcc8844
     000008B7  A$lcc8844 |    000008B8  A$lcc8844 |    000008BB  A$lcc8844
     000008BC  A$lcc8844 |    000008BD  A$lcc8844 |    000008BE  A$lcc8844
     000008BE  C$main.c$ |    000008C1  A$lcc8844 |    000008C2  A$lcc8844
     000008C4  A$lcc8844 |    000008C7  A$lcc8844 |    000008C8  A$lcc8844
     000008C9  A$lcc8844 |    000008C9  C$main.c$ |    000008CC  A$lcc8844
     000008CE  A$lcc8844 |    000008CE  C$main.c$ |    000008D1  A$lcc8844
     000008D2  A$lcc8844 |    000008D3  A$lcc8844 |    000008D4  A$lcc8844
     000008D7  A$lcc8844 |    000008D8  A$lcc8844 |    000008DA  A$lcc8844
     000008DB  A$lcc8844 |    000008DC  A$lcc8844 |    000008DD  A$lcc8844
     000008DE  A$lcc8844 |    000008DF  A$lcc8844 |    000008E0  A$lcc8844
ASxxxx Linker V03.00 + NoICE + sdld,  page 11.
Hexadecimal  [32-Bits]

Area                       Addr        Size        Decimal Bytes (Attributes)
--------------------       ----        ----        ------- ----- ------------
_CODE                  00000200    000030D4 =       12500. bytes (REL,CON)

        Value  Global            Value  Global            Value  Global    
        -----  ------            -----  ------            -----  ------    
     000008E2  A$lcc8844 |    000008E4  A$lcc8844 |    000008E6  A$lcc8844
     000008E8  A$lcc8844 |    000008E9  A$lcc8844 |    000008EB  A$lcc8844
     000008ED  A$lcc8844 |    000008EF  A$lcc8844 |    000008F0  A$lcc8844
     000008F1  A$lcc8844 |    000008F1  C$main.c$ |    000008F4  A$lcc8844
     000008F5  A$lcc8844 |    000008F7  A$lcc8844 |    000008F8  A$lcc8844
     000008F9  A$lcc8844 |    000008FB  A$lcc8844 |    000008FC  A$lcc8844
     000008FC  C$main.c$ |    000008FF  A$lcc8844 |    000008FF  C$main.c$
     00000902  A$lcc8844 |    00000905  A$lcc8844 |    00000905  C$main.c$
     00000905  XG$update |    00000906  A$lcc8844 |    00000906  C$main.c$
     00000906  C$main.c$ |    00000906  G$paralla |    00000906  _parallax
     00000908  A$lcc8844 |    00000909  A$lcc8844 |    0000090B  A$lcc8844
     0000090D  A$lcc8844 |    0000090F  A$lcc8844 |    00000911  A$lcc8844
     00000913  A$lcc8844 |    00000915  A$lcc8844 |    00000917  A$lcc8844
     00000919  A$lcc8844 |    0000091B  A$lcc8844 |    0000091D  A$lcc8844
     0000091F  A$lcc8844 |    00000921  A$lcc8844 |    00000923  A$lcc8844
     00000925  A$lcc8844 |    00000927  A$lcc8844 |    00000929  A$lcc8844
     0000092B  A$lcc8844 |    0000092D  A$lcc8844 |    00000930  A$lcc8844
     00000932  A$lcc8844 |    00000935  A$lcc8844 |    00000937  A$lcc8844
     0000093A  A$lcc8844 |    0000093C  A$lcc8844 |    0000093F  A$lcc8844
     00000940  A$lcc8844 |    00000940  C$main.c$ |    00000941  A$lcc8844
     00000943  A$lcc8844 |    00000944  A$lcc8844 |    00000946  A$lcc8844
     00000946  C$main.c$ |    00000948  A$lcc8844 |    0000094A  A$lcc8844
     0000094A  C$main.c$ |    0000094B  A$lcc8844 |    0000094B  C$main.c$
     0000094E  A$lcc8844 |    00000950  A$lcc8844 |    00000951  A$lcc8844
     00000953  A$lcc8844 |    00000953  C$main.c$ |    00000955  A$lcc8844
     00000957  A$lcc8844 |    00000957  C$main.c$ |    00000958  A$lcc8844
     00000958  C$main.c$ |    0000095B  A$lcc8844 |    0000095D  A$lcc8844
     0000095E  A$lcc8844 |    00000960  A$lcc8844 |    00000960  C$main.c$
     00000962  A$lcc8844 |    00000964  A$lcc8844 |    00000964  C$main.c$
     00000965  A$lcc8844 |    00000965  C$main.c$ |    00000968  A$lcc8844
     0000096A  A$lcc8844 |    0000096B  A$lcc8844 |    0000096D  A$lcc8844
     0000096D  C$main.c$ |    0000096F  A$lcc8844 |    00000971  A$lcc8844
     00000971  C$main.c$ |    00000972  A$lcc8844 |    00000972  C$main.c$
     00000975  A$lcc8844 |    00000977  A$lcc8844 |    00000978  A$lcc8844
     0000097A  A$lcc8844 |    0000097A  C$main.c$ |    0000097C  A$lcc8844
     0000097E  A$lcc8844 |    0000097E  C$main.c$ |    0000097F  A$lcc8844
     0000097F  C$main.c$ |    00000982  A$lcc8844 |    00000984  A$lcc8844
     00000985  A$lcc8844 |    00000987  A$lcc8844 |    00000987  C$main.c$
     00000989  A$lcc8844 |    0000098B  A$lcc8844 |    0000098B  C$main.c$
     0000098C  A$lcc8844 |    0000098C  C$main.c$ |    0000098D  A$lcc8844
     0000098F  A$lcc8844 |    00000990  A$lcc8844 |    00000992  A$lcc8844
     00000992  C$main.c$ |    00000994  A$lcc8844 |    00000996  A$lcc8844
     00000996  C$main.c$ |    00000997  A$lcc8844 |    00000997  C$main.c$
     0000099A  A$lcc8844 |    0000099C  A$lcc8844 |    0000099D  A$lcc8844
     0000099F  A$lcc8844 |    0000099F  C$main.c$ |    000009A1  A$lcc8844
     000009A3  A$lcc8844 |    000009A3  C$main.c$ |    000009A4  A$lcc8844
     000009A4  C$main.c$ |    000009A7  A$lcc8844 |    000009A9  A$lcc8844
     000009AA  A$lcc8844 |    000009AC  A$lcc8844 |    000009AC  C$main.c$
     000009AE  A$lcc8844 |    000009B0  A$lcc8844 |    000009B0  C$main.c$
     000009B1  A$lcc8844 |    000009B1  C$main.c$ |    000009B4  A$lcc8844
     000009B6  A$lcc8844 |    000009B7  A$lcc8844 |    000009B9  A$lcc8844
ASxxxx Linker V03.00 + NoICE + sdld,  page 12.
Hexadecimal  [32-Bits]

Area                       Addr        Size        Decimal Bytes (Attributes)
--------------------       ----        ----        ------- ----- ------------
_CODE                  00000200    000030D4 =       12500. bytes (REL,CON)

        Value  Global            Value  Global            Value  Global    
        -----  ------            -----  ------            -----  ------    
     000009B9  C$main.c$ |    000009BB  A$lcc8844 |    000009BD  A$lcc8844
     000009BD  C$main.c$ |    000009BE  A$lcc8844 |    000009BE  C$main.c$
     000009C1  A$lcc8844 |    000009C3  A$lcc8844 |    000009C4  A$lcc8844
     000009C6  A$lcc8844 |    000009C6  C$main.c$ |    000009C8  A$lcc8844
     000009CA  A$lcc8844 |    000009CA  C$main.c$ |    000009CB  A$lcc8844
     000009CB  C$main.c$ |    000009CE  A$lcc8844 |    000009D0  A$lcc8844
     000009D1  A$lcc8844 |    000009D3  A$lcc8844 |    000009D3  C$main.c$
     000009D5  A$lcc8844 |    000009D7  A$lcc8844 |    000009D7  C$main.c$
     000009D8  A$lcc8844 |    000009D8  C$main.c$ |    000009D9  A$lcc8844
     000009DB  A$lcc8844 |    000009DC  A$lcc8844 |    000009DE  A$lcc8844
     000009DE  C$main.c$ |    000009DF  A$lcc8844 |    000009E1  A$lcc8844
     000009E1  C$main.c$ |    000009E1  C$main.c$ |    000009E1  XG$parall
     000009E2  A$lcc8844 |    000009E2  C$main.c$ |    000009E2  G$update_
     000009E2  _update_p |    000009E5  A$lcc8844 |    000009E6  A$lcc8844
     000009E6  C$main.c$ |    000009E7  A$lcc8844 |    000009E7  C$main.c$
     000009EA  A$lcc8844 |    000009EC  A$lcc8844 |    000009EE  A$lcc8844
     000009EF  A$lcc8844 |    000009F0  A$lcc8844 |    000009F2  A$lcc8844
     000009F2  C$main.c$ |    000009F3  A$lcc8844 |    000009F5  A$lcc8844
     000009F7  A$lcc8844 |    000009F7  C$main.c$ |    000009F9  A$lcc8844
     000009FB  A$lcc8844 |    000009FB  C$main.c$ |    000009FC  A$lcc8844
     000009FE  A$lcc8844 |    000009FE  C$main.c$ |    00000A01  A$lcc8844
     00000A02  A$lcc8844 |    00000A04  A$lcc8844 |    00000A06  A$lcc8844
     00000A06  C$main.c$ |    00000A08  A$lcc8844 |    00000A08  C$main.c$
     00000A0B  A$lcc8844 |    00000A0C  A$lcc8844 |    00000A0E  A$lcc8844
     00000A11  A$lcc8844 |    00000A12  A$lcc8844 |    00000A15  A$lcc8844
     00000A16  A$lcc8844 |    00000A16  C$main.c$ |    00000A18  A$lcc8844
     00000A18  C$main.c$ |    00000A1B  A$lcc8844 |    00000A1C  A$lcc8844
     00000A1E  A$lcc8844 |    00000A1E  C$main.c$ |    00000A20  A$lcc8844
     00000A20  C$main.c$ |    00000A22  A$lcc8844 |    00000A25  A$lcc8844
     00000A26  A$lcc8844 |    00000A29  A$lcc8844 |    00000A2A  A$lcc8844
     00000A2A  C$main.c$ |    00000A2A  C$main.c$ |    00000A2D  A$lcc8844
     00000A2E  A$lcc8844 |    00000A2E  C$main.c$ |    00000A2E  XG$update
     00000A2F  A$lcc8844 |    00000A2F  C$main.c$ |    00000A2F  G$scroll_
     00000A2F  _scroll_c |    00000A30  A$lcc8844 |    00000A30  C$main.c$
     00000A33  A$lcc8844 |    00000A34  A$lcc8844 |    00000A36  A$lcc8844
     00000A39  A$lcc8844 |    00000A3A  A$lcc8844 |    00000A3B  A$lcc8844
     00000A3E  A$lcc8844 |    00000A40  A$lcc8844 |    00000A41  A$lcc8844
     00000A42  A$lcc8844 |    00000A43  A$lcc8844 |    00000A45  A$lcc8844
     00000A45  C$main.c$ |    00000A48  A$lcc8844 |    00000A49  A$lcc8844
     00000A4A  A$lcc8844 |    00000A4B  A$lcc8844 |    00000A4B  C$main.c$
     00000A4C  A$lcc8844 |    00000A4D  A$lcc8844 |    00000A4E  A$lcc8844
     00000A4F  A$lcc8844 |    00000A50  A$lcc8844 |    00000A51  A$lcc8844
     00000A51  C$main.c$ |    00000A52  A$lcc8844 |    00000A53  A$lcc8844
     00000A54  A$lcc8844 |    00000A55  A$lcc8844 |    00000A56  A$lcc8844
     00000A57  A$lcc8844 |    00000A58  A$lcc8844 |    00000A58  C$main.c$
     00000A5B  A$lcc8844 |    00000A5C  A$lcc8844 |    00000A5E  A$lcc8844
     00000A61  A$lcc8844 |    00000A62  A$lcc8844 |    00000A62  C$main.c$
     00000A62  C$main.c$ |    00000A63  A$lcc8844 |    00000A65  A$lcc8844
     00000A65  C$main.c$ |    00000A68  A$lcc8844 |    00000A69  A$lcc8844
     00000A6A  A$lcc8844 |    00000A6B  A$lcc8844 |    00000A6C  A$lcc8844
     00000A6F  A$lcc8844 |    00000A70  A$lcc8844 |    00000A71  A$lcc8844
ASxxxx Linker V03.00 + NoICE + sdld,  page 13.
Hexadecimal  [32-Bits]

Area                       Addr        Size        Decimal Bytes (Attributes)
--------------------       ----        ----        ------- ----- ------------
_CODE                  00000200    000030D4 =       12500. bytes (REL,CON)

        Value  Global            Value  Global            Value  Global    
        -----  ------            -----  ------            -----  ------    
     00000A72  A$lcc8844 |    00000A72  C$main.c$ |    00000A75  A$lcc8844
     00000A75  C$main.c$ |    00000A78  A$lcc8844 |    00000A7A  A$lcc8844
     00000A7C  A$lcc8844 |    00000A7C  C$main.c$ |    00000A7F  A$lcc8844
     00000A80  A$lcc8844 |    00000A81  A$lcc8844 |    00000A82  A$lcc8844
     00000A83  A$lcc8844 |    00000A86  A$lcc8844 |    00000A87  A$lcc8844
     00000A88  A$lcc8844 |    00000A89  A$lcc8844 |    00000A89  C$main.c$
     00000A8C  A$lcc8844 |    00000A8C  C$main.c$ |    00000A8F  A$lcc8844
     00000A90  A$lcc8844 |    00000A92  A$lcc8844 |    00000A95  A$lcc8844
     00000A96  A$lcc8844 |    00000A97  A$lcc8844 |    00000A9A  A$lcc8844
     00000A9C  A$lcc8844 |    00000A9D  A$lcc8844 |    00000A9E  A$lcc8844
     00000A9F  A$lcc8844 |    00000AA1  A$lcc8844 |    00000AA1  C$main.c$
     00000AA4  A$lcc8844 |    00000AA5  A$lcc8844 |    00000AA6  A$lcc8844
     00000AA7  A$lcc8844 |    00000AA7  C$main.c$ |    00000AAA  A$lcc8844
     00000AAB  A$lcc8844 |    00000AAD  A$lcc8844 |    00000AAD  C$main.c$
     00000AB0  A$lcc8844 |    00000AB1  A$lcc8844 |    00000AB2  A$lcc8844
     00000AB3  A$lcc8844 |    00000AB4  A$lcc8844 |    00000AB7  A$lcc8844
     00000AB8  A$lcc8844 |    00000AB9  A$lcc8844 |    00000ABA  A$lcc8844
     00000ABD  A$lcc8844 |    00000ABF  A$lcc8844 |    00000AC0  A$lcc8844
     00000AC3  A$lcc8844 |    00000AC4  A$lcc8844 |    00000AC5  A$lcc8844
     00000AC6  A$lcc8844 |    00000AC9  A$lcc8844 |    00000ACA  A$lcc8844
     00000ACB  A$lcc8844 |    00000ACC  A$lcc8844 |    00000ACF  A$lcc8844
     00000AD1  A$lcc8844 |    00000AD3  A$lcc8844 |    00000AD4  A$lcc8844
     00000AD5  A$lcc8844 |    00000AD6  A$lcc8844 |    00000AD7  A$lcc8844
     00000AD9  A$lcc8844 |    00000ADA  A$lcc8844 |    00000ADD  A$lcc8844
     00000ADF  A$lcc8844 |    00000ADF  C$main.c$ |    00000AE2  A$lcc8844
     00000AE2  C$main.c$ |    00000AE5  A$lcc8844 |    00000AE6  A$lcc8844
     00000AE8  A$lcc8844 |    00000AE8  C$main.c$ |    00000AEB  A$lcc8844
     00000AED  A$lcc8844 |    00000AEF  A$lcc8844 |    00000AEF  C$main.c$
     00000AF2  A$lcc8844 |    00000AF3  A$lcc8844 |    00000AF4  A$lcc8844
     00000AF5  A$lcc8844 |    00000AF6  A$lcc8844 |    00000AF9  A$lcc8844
     00000AFA  A$lcc8844 |    00000AFB  A$lcc8844 |    00000AFC  A$lcc8844
     00000AFC  C$main.c$ |    00000AFF  A$lcc8844 |    00000AFF  C$main.c$
     00000B02  A$lcc8844 |    00000B04  A$lcc8844 |    00000B06  A$lcc8844
     00000B06  C$main.c$ |    00000B09  A$lcc8844 |    00000B0A  A$lcc8844
     00000B0B  A$lcc8844 |    00000B0C  A$lcc8844 |    00000B0C  C$main.c$
     00000B0F  A$lcc8844 |    00000B10  A$lcc8844 |    00000B11  A$lcc8844
     00000B12  A$lcc8844 |    00000B12  C$main.c$ |    00000B15  A$lcc8844
     00000B16  A$lcc8844 |    00000B17  A$lcc8844 |    00000B18  A$lcc8844
     00000B18  C$main.c$ |    00000B1B  A$lcc8844 |    00000B1C  A$lcc8844
     00000B1D  A$lcc8844 |    00000B1E  A$lcc8844 |    00000B1E  C$main.c$
     00000B21  A$lcc8844 |    00000B22  A$lcc8844 |    00000B24  A$lcc8844
     00000B24  C$main.c$ |    00000B27  A$lcc8844 |    00000B29  A$lcc8844
     00000B2B  A$lcc8844 |    00000B2B  C$main.c$ |    00000B2E  A$lcc8844
     00000B2F  A$lcc8844 |    00000B30  A$lcc8844 |    00000B31  A$lcc8844
     00000B32  A$lcc8844 |    00000B35  A$lcc8844 |    00000B36  A$lcc8844
     00000B37  A$lcc8844 |    00000B38  A$lcc8844 |    00000B38  C$main.c$
     00000B3B  A$lcc8844 |    00000B3B  C$main.c$ |    00000B3E  A$lcc8844
     00000B3F  A$lcc8844 |    00000B41  A$lcc8844 |    00000B44  A$lcc8844
     00000B45  A$lcc8844 |    00000B46  A$lcc8844 |    00000B49  A$lcc8844
     00000B4B  A$lcc8844 |    00000B4C  A$lcc8844 |    00000B4D  A$lcc8844
     00000B4F  A$lcc8844 |    00000B4F  C$main.c$ |    00000B52  A$lcc8844
ASxxxx Linker V03.00 + NoICE + sdld,  page 14.
Hexadecimal  [32-Bits]

Area                       Addr        Size        Decimal Bytes (Attributes)
--------------------       ----        ----        ------- ----- ------------
_CODE                  00000200    000030D4 =       12500. bytes (REL,CON)

        Value  Global            Value  Global            Value  Global    
        -----  ------            -----  ------            -----  ------    
     00000B53  A$lcc8844 |    00000B54  A$lcc8844 |    00000B55  A$lcc8844
     00000B55  C$main.c$ |    00000B58  A$lcc8844 |    00000B59  A$lcc8844
     00000B5A  A$lcc8844 |    00000B5B  A$lcc8844 |    00000B5B  C$main.c$
     00000B5E  A$lcc8844 |    00000B5F  A$lcc8844 |    00000B60  A$lcc8844
     00000B60  C$main.c$ |    00000B60  XG$scroll |    00000B61  A$lcc8844
     00000B61  C$main.c$ |    00000B61  C$main.c$ |    00000B61  G$pause_g
     00000B61  _pause_ga |    00000B64  A$lcc8844 |    00000B66  A$lcc8844
     00000B66  C$main.c$ |    00000B69  A$lcc8844 |    00000B6A  A$lcc8844
     00000B6D  A$lcc8844 |    00000B6E  A$lcc8844 |    00000B71  A$lcc8844
     00000B72  A$lcc8844 |    00000B73  A$lcc8844 |    00000B74  A$lcc8844
     00000B74  C$main.c$ |    00000B77  A$lcc8844 |    00000B78  A$lcc8844
     00000B79  A$lcc8844 |    00000B7A  A$lcc8844 |    00000B7A  C$main.c$
     00000B7C  A$lcc8844 |    00000B7D  A$lcc8844 |    00000B7E  A$lcc8844
     00000B81  A$lcc8844 |    00000B82  A$lcc8844 |    00000B83  A$lcc8844
     00000B84  A$lcc8844 |    00000B85  A$lcc8844 |    00000B88  A$lcc8844
     00000B8A  A$lcc8844 |    00000B8A  C$main.c$ |    00000B8D  A$lcc8844
     00000B8E  A$lcc8844 |    00000B90  A$lcc8844 |    00000B91  A$lcc8844
     00000B92  A$lcc8844 |    00000B92  C$main.c$ |    00000B93  A$lcc8844
     00000B93  C$main.c$ |    00000B93  XG$pause_ |    00000B95  A$lcc8844
     00000B95  C$main.c$ |    00000B95  C$main.c$ |    00000B95  G$unpause
     00000B95  _unpause_ |    00000B98  A$lcc8844 |    00000B9A  A$lcc8844
     00000B9A  C$main.c$ |    00000B9D  A$lcc8844 |    00000B9E  A$lcc8844
     00000BA1  A$lcc8844 |    00000BA2  A$lcc8844 |    00000BA5  A$lcc8844
     00000BA6  A$lcc8844 |    00000BA7  A$lcc8844 |    00000BA8  A$lcc8844
     00000BA8  C$main.c$ |    00000BAA  A$lcc8844 |    00000BAB  A$lcc8844
     00000BAC  A$lcc8844 |    00000BAD  A$lcc8844 |    00000BAD  C$main.c$
     00000BAE  A$lcc8844 |    00000BAF  A$lcc8844 |    00000BB0  A$lcc8844
     00000BB3  A$lcc8844 |    00000BB4  A$lcc8844 |    00000BB5  A$lcc8844
     00000BB6  A$lcc8844 |    00000BB7  A$lcc8844 |    00000BBA  A$lcc8844
     00000BBC  A$lcc8844 |    00000BBC  C$main.c$ |    00000BBF  A$lcc8844
     00000BC0  A$lcc8844 |    00000BC2  A$lcc8844 |    00000BC3  A$lcc8844
     00000BC4  A$lcc8844 |    00000BC4  C$main.c$ |    00000BC5  A$lcc8844
     00000BC5  C$main.c$ |    00000BC5  XG$unpaus |    00000BC7  A$lcc8844
     00000BC7  C$main.c$ |    00000BC7  G$drain_t |    00000BC7  _drain_ti
     00000BC8  A$lcc8844 |    00000BC9  A$lcc8844 |    00000BC9  C$main.c$
     00000BCC  A$lcc8844 |    00000BCD  A$lcc8844 |    00000BCF  A$lcc8844
     00000BD0  A$lcc8844 |    00000BD2  A$lcc8844 |    00000BD4  A$lcc8844
     00000BD5  A$lcc8844 |    00000BD5  C$main.c$ |    00000BD6  A$lcc8844
     00000BD7  A$lcc8844 |    00000BD9  A$lcc8844 |    00000BDB  A$lcc8844
     00000BDE  A$lcc8844 |    00000BDF  A$lcc8844 |    00000BE1  A$lcc8844
     00000BE3  A$lcc8844 |    00000BE5  A$lcc8844 |    00000BE7  A$lcc8844
     00000BE9  A$lcc8844 |    00000BEB  A$lcc8844 |    00000BEC  A$lcc8844
     00000BEC  C$main.c$ |    00000BEE  A$lcc8844 |    00000BEF  A$lcc8844
     00000BF1  A$lcc8844 |    00000BF2  A$lcc8844 |    00000BF5  A$lcc8844
     00000BF6  A$lcc8844 |    00000BF7  A$lcc8844 |    00000BF7  C$main.c$
     00000BFA  A$lcc8844 |    00000BFB  A$lcc8844 |    00000BFE  A$lcc8844
     00000BFF  A$lcc8844 |    00000C01  A$lcc8844 |    00000C02  A$lcc8844
     00000C05  A$lcc8844 |    00000C06  A$lcc8844 |    00000C07  A$lcc8844
     00000C08  A$lcc8844 |    00000C09  A$lcc8844 |    00000C0C  A$lcc8844
     00000C0D  A$lcc8844 |    00000C0E  A$lcc8844 |    00000C0F  A$lcc8844
     00000C10  A$lcc8844 |    00000C11  A$lcc8844 |    00000C12  A$lcc8844
ASxxxx Linker V03.00 + NoICE + sdld,  page 15.
Hexadecimal  [32-Bits]

Area                       Addr        Size        Decimal Bytes (Attributes)
--------------------       ----        ----        ------- ----- ------------
_CODE                  00000200    000030D4 =       12500. bytes (REL,CON)

        Value  Global            Value  Global            Value  Global    
        -----  ------            -----  ------            -----  ------    
     00000C13  A$lcc8844 |    00000C16  A$lcc8844 |    00000C17  A$lcc8844
     00000C18  A$lcc8844 |    00000C18  C$main.c$ |    00000C1A  A$lcc8844
     00000C1B  A$lcc8844 |    00000C1D  A$lcc8844 |    00000C1F  A$lcc8844
     00000C20  A$lcc8844 |    00000C22  A$lcc8844 |    00000C23  A$lcc8844
     00000C24  A$lcc8844 |    00000C26  A$lcc8844 |    00000C27  A$lcc8844
     00000C28  A$lcc8844 |    00000C2A  A$lcc8844 |    00000C2B  A$lcc8844
     00000C2C  A$lcc8844 |    00000C2E  A$lcc8844 |    00000C2E  C$main.c$
     00000C30  A$lcc8844 |    00000C31  A$lcc8844 |    00000C33  A$lcc8844
     00000C34  A$lcc8844 |    00000C36  A$lcc8844 |    00000C37  A$lcc8844
     00000C38  A$lcc8844 |    00000C39  A$lcc8844 |    00000C3A  A$lcc8844
     00000C3D  A$lcc8844 |    00000C3F  A$lcc8844 |    00000C3F  C$main.c$
     00000C42  A$lcc8844 |    00000C43  A$lcc8844 |    00000C43  C$main.c$
     00000C46  A$lcc8844 |    00000C47  A$lcc8844 |    00000C49  A$lcc8844
     00000C4A  A$lcc8844 |    00000C4B  A$lcc8844 |    00000C4D  A$lcc8844
     00000C4E  A$lcc8844 |    00000C4E  C$main.c$ |    00000C51  A$lcc8844
     00000C51  C$main.c$ |    00000C54  A$lcc8844 |    00000C55  A$lcc8844
     00000C57  A$lcc8844 |    00000C58  A$lcc8844 |    00000C59  A$lcc8844
     00000C59  C$main.c$ |    00000C5B  A$lcc8844 |    00000C5C  A$lcc8844
     00000C5E  A$lcc8844 |    00000C60  A$lcc8844 |    00000C60  C$main.c$
     00000C63  A$lcc8844 |    00000C65  A$lcc8844 |    00000C65  C$main.c$
     00000C68  A$lcc8844 |    00000C6A  A$lcc8844 |    00000C6B  A$lcc8844
     00000C6C  A$lcc8844 |    00000C6C  C$main.c$ |    00000C6C  XG$drain_
     00000C6D  A$lcc8844 |    00000C6D  C$main.c$ |    00000C6D  G$reload_
     00000C6D  _reload_t |    00000C6E  A$lcc8844 |    00000C6F  A$lcc8844
     00000C6F  C$main.c$ |    00000C72  A$lcc8844 |    00000C73  A$lcc8844
     00000C75  A$lcc8844 |    00000C76  A$lcc8844 |    00000C78  A$lcc8844
     00000C7A  A$lcc8844 |    00000C7B  A$lcc8844 |    00000C7B  C$main.c$
     00000C7C  A$lcc8844 |    00000C7D  A$lcc8844 |    00000C7F  A$lcc8844
     00000C81  A$lcc8844 |    00000C84  A$lcc8844 |    00000C85  A$lcc8844
     00000C87  A$lcc8844 |    00000C89  A$lcc8844 |    00000C8B  A$lcc8844
     00000C8D  A$lcc8844 |    00000C8F  A$lcc8844 |    00000C91  A$lcc8844
     00000C91  C$main.c$ |    00000C93  A$lcc8844 |    00000C94  A$lcc8844
     00000C95  A$lcc8844 |    00000C97  A$lcc8844 |    00000C98  A$lcc8844
     00000C9B  A$lcc8844 |    00000C9C  A$lcc8844 |    00000C9D  A$lcc8844
     00000C9D  C$main.c$ |    00000CA0  A$lcc8844 |    00000CA1  A$lcc8844
     00000CA4  A$lcc8844 |    00000CA5  A$lcc8844 |    00000CA7  A$lcc8844
     00000CA7  C$main.c$ |    00000CA8  A$lcc8844 |    00000CA9  A$lcc8844
     00000CAA  A$lcc8844 |    00000CAC  A$lcc8844 |    00000CAE  A$lcc8844
     00000CAF  A$lcc8844 |    00000CB0  A$lcc8844 |    00000CB1  A$lcc8844
     00000CB2  A$lcc8844 |    00000CB3  A$lcc8844 |    00000CB4  A$lcc8844
     00000CB6  A$lcc8844 |    00000CB7  A$lcc8844 |    00000CB8  A$lcc8844
     00000CBA  A$lcc8844 |    00000CBB  A$lcc8844 |    00000CBC  A$lcc8844
     00000CBE  A$lcc8844 |    00000CBE  C$main.c$ |    00000CC0  A$lcc8844
     00000CC1  A$lcc8844 |    00000CC3  A$lcc8844 |    00000CC4  A$lcc8844
     00000CC5  A$lcc8844 |    00000CC7  A$lcc8844 |    00000CC8  A$lcc8844
     00000CC9  A$lcc8844 |    00000CCA  A$lcc8844 |    00000CCB  A$lcc8844
     00000CCE  A$lcc8844 |    00000CD0  A$lcc8844 |    00000CD0  C$main.c$
     00000CD3  A$lcc8844 |    00000CD4  A$lcc8844 |    00000CD4  C$main.c$
     00000CD6  A$lcc8844 |    00000CD7  A$lcc8844 |    00000CD9  A$lcc8844
     00000CDB  A$lcc8844 |    00000CDB  C$main.c$ |    00000CDE  A$lcc8844
     00000CDE  C$main.c$ |    00000CE1  A$lcc8844 |    00000CE1  C$main.c$
ASxxxx Linker V03.00 + NoICE + sdld,  page 16.
Hexadecimal  [32-Bits]

Area                       Addr        Size        Decimal Bytes (Attributes)
--------------------       ----        ----        ------- ----- ------------
_CODE                  00000200    000030D4 =       12500. bytes (REL,CON)

        Value  Global            Value  Global            Value  Global    
        -----  ------            -----  ------            -----  ------    
     00000CE4  A$lcc8844 |    00000CE6  A$lcc8844 |    00000CE7  A$lcc8844
     00000CE8  A$lcc8844 |    00000CE8  C$main.c$ |    00000CE8  XG$reload
     00000CE9  A$lcc8844 |    00000CE9  C$main.c$ |    00000CE9  C$main.c$
     00000CE9  G$pts_200 |    00000CE9  _pts_200_ |    00000CEC  A$lcc8844
     00000CED  A$lcc8844 |    00000CEF  A$lcc8844 |    00000CF0  A$lcc8844
     00000CF1  A$lcc8844 |    00000CF3  A$lcc8844 |    00000CF4  A$lcc8844
     00000CF4  C$main.c$ |    00000CF7  A$lcc8844 |    00000CF7  C$main.c$
     00000CFA  A$lcc8844 |    00000CFC  A$lcc8844 |    00000CFC  C$main.c$
     00000CFC  XG$pts_20 |    00000CFD  A$lcc8844 |    00000CFD  C$main.c$
     00000CFD  C$main.c$ |    00000CFD  G$pts_200 |    00000CFD  _pts_200_
     00000D00  A$lcc8844 |    00000D01  A$lcc8844 |    00000D03  A$lcc8844
     00000D04  A$lcc8844 |    00000D05  A$lcc8844 |    00000D07  A$lcc8844
     00000D08  A$lcc8844 |    00000D08  C$main.c$ |    00000D0B  A$lcc8844
     00000D0B  C$main.c$ |    00000D0B  C$main.c$ |    00000D0B  XG$pts_20
     00000D0E  A$lcc8844 |    00000D0E  C$main.c$ |    00000D0E  G$collide
     00000D0E  _collide_ |    00000D10  A$lcc8844 |    00000D10  C$main.c$
     00000D13  A$lcc8844 |    00000D14  A$lcc8844 |    00000D15  A$lcc8844
     00000D17  A$lcc8844 |    00000D19  A$lcc8844 |    00000D19  C$main.c$
     00000D1A  A$lcc8844 |    00000D1B  A$lcc8844 |    00000D1D  A$lcc8844
     00000D1E  A$lcc8844 |    00000D1E  C$main.c$ |    00000D20  A$lcc8844
     00000D21  A$lcc8844 |    00000D22  A$lcc8844 |    00000D23  A$lcc8844
     00000D24  A$lcc8844 |    00000D25  A$lcc8844 |    00000D26  A$lcc8844
     00000D27  A$lcc8844 |    00000D28  A$lcc8844 |    00000D2A  A$lcc8844
     00000D2B  A$lcc8844 |    00000D2D  A$lcc8844 |    00000D2E  A$lcc8844
     00000D2E  C$main.c$ |    00000D2F  A$lcc8844 |    00000D31  A$lcc8844
     00000D32  A$lcc8844 |    00000D32  C$main.c$ |    00000D35  A$lcc8844
     00000D36  A$lcc8844 |    00000D37  A$lcc8844 |    00000D38  A$lcc8844
     00000D38  C$main.c$ |    00000D3A  A$lcc8844 |    00000D3B  A$lcc8844
     00000D3B  C$main.c$ |    00000D3D  A$lcc8844 |    00000D3E  A$lcc8844
     00000D40  A$lcc8844 |    00000D41  A$lcc8844 |    00000D42  A$lcc8844
     00000D43  A$lcc8844 |    00000D44  A$lcc8844 |    00000D45  A$lcc8844
     00000D47  A$lcc8844 |    00000D49  A$lcc8844 |    00000D4A  A$lcc8844
     00000D4C  A$lcc8844 |    00000D4D  A$lcc8844 |    00000D4E  A$lcc8844
     00000D4F  A$lcc8844 |    00000D50  A$lcc8844 |    00000D51  A$lcc8844
     00000D53  A$lcc8844 |    00000D55  A$lcc8844 |    00000D56  A$lcc8844
     00000D58  A$lcc8844 |    00000D59  A$lcc8844 |    00000D5A  A$lcc8844
     00000D5B  A$lcc8844 |    00000D5E  A$lcc8844 |    00000D5F  A$lcc8844
     00000D60  A$lcc8844 |    00000D61  A$lcc8844 |    00000D62  A$lcc8844
     00000D63  A$lcc8844 |    00000D64  A$lcc8844 |    00000D65  A$lcc8844
     00000D66  A$lcc8844 |    00000D69  A$lcc8844 |    00000D6A  A$lcc8844
     00000D6B  A$lcc8844 |    00000D6C  A$lcc8844 |    00000D6E  A$lcc8844
     00000D6F  A$lcc8844 |    00000D70  A$lcc8844 |    00000D72  A$lcc8844
     00000D73  A$lcc8844 |    00000D75  A$lcc8844 |    00000D76  A$lcc8844
     00000D77  A$lcc8844 |    00000D78  A$lcc8844 |    00000D79  A$lcc8844
     00000D7B  A$lcc8844 |    00000D7C  A$lcc8844 |    00000D7D  A$lcc8844
     00000D7E  A$lcc8844 |    00000D7F  A$lcc8844 |    00000D81  A$lcc8844
     00000D82  A$lcc8844 |    00000D83  A$lcc8844 |    00000D84  A$lcc8844
     00000D85  A$lcc8844 |    00000D87  A$lcc8844 |    00000D88  A$lcc8844
     00000D89  A$lcc8844 |    00000D8A  A$lcc8844 |    00000D8B  A$lcc8844
     00000D8D  A$lcc8844 |    00000D8E  A$lcc8844 |    00000D8F  A$lcc8844
     00000D90  A$lcc8844 |    00000D91  A$lcc8844 |    00000D92  A$lcc8844
ASxxxx Linker V03.00 + NoICE + sdld,  page 17.
Hexadecimal  [32-Bits]

Area                       Addr        Size        Decimal Bytes (Attributes)
--------------------       ----        ----        ------- ----- ------------
_CODE                  00000200    000030D4 =       12500. bytes (REL,CON)

        Value  Global            Value  Global            Value  Global    
        -----  ------            -----  ------            -----  ------    
     00000D94  A$lcc8844 |    00000D95  A$lcc8844 |    00000D96  A$lcc8844
     00000D97  A$lcc8844 |    00000D98  A$lcc8844 |    00000D9A  A$lcc8844
     00000D9B  A$lcc8844 |    00000D9C  A$lcc8844 |    00000D9D  A$lcc8844
     00000D9E  A$lcc8844 |    00000DA1  A$lcc8844 |    00000DA3  A$lcc8844
     00000DA4  A$lcc8844 |    00000DA5  A$lcc8844 |    00000DA7  A$lcc8844
     00000DA7  C$main.c$ |    00000DAA  A$lcc8844 |    00000DAB  A$lcc8844
     00000DAC  A$lcc8844 |    00000DAD  A$lcc8844 |    00000DAF  A$lcc8844
     00000DAF  C$main.c$ |    00000DB0  A$lcc8844 |    00000DB2  A$lcc8844
     00000DB3  A$lcc8844 |    00000DB3  C$main.c$ |    00000DB4  A$lcc8844
     00000DB5  A$lcc8844 |    00000DB6  A$lcc8844 |    00000DB9  A$lcc8844
     00000DBA  A$lcc8844 |    00000DBB  A$lcc8844 |    00000DBC  A$lcc8844
     00000DBF  A$lcc8844 |    00000DC0  A$lcc8844 |    00000DC1  A$lcc8844
     00000DC2  A$lcc8844 |    00000DC4  A$lcc8844 |    00000DC5  A$lcc8844
     00000DC6  A$lcc8844 |    00000DC9  A$lcc8844 |    00000DCA  A$lcc8844
     00000DCA  C$main.c$ |    00000DCD  A$lcc8844 |    00000DCF  A$lcc8844
     00000DD1  A$lcc8844 |    00000DD1  C$main.c$ |    00000DD2  A$lcc8844
     00000DD4  A$lcc8844 |    00000DD5  A$lcc8844 |    00000DD7  A$lcc8844
     00000DD7  C$main.c$ |    00000DDA  A$lcc8844 |    00000DDB  A$lcc8844
     00000DDD  A$lcc8844 |    00000DDD  C$main.c$ |    00000DE0  A$lcc8844
     00000DE2  A$lcc8844 |    00000DE2  C$main.c$ |    00000DE2  XG$collid
     00000DE3  A$lcc8844 |    00000DE3  C$main.c$ |    00000DE3  G$win_che
     00000DE3  _win_chec |    00000DE5  A$lcc8844 |    00000DE5  C$main.c$
     00000DE7  A$lcc8844 |    00000DE8  A$lcc8844 |    00000DEA  A$lcc8844
     00000DEB  A$lcc8844 |    00000DEC  A$lcc8844 |    00000DED  A$lcc8844
     00000DEE  A$lcc8844 |    00000DEF  A$lcc8844 |    00000DF0  A$lcc8844
     00000DF3  A$lcc8844 |    00000DF4  A$lcc8844 |    00000DF5  A$lcc8844
     00000DF6  A$lcc8844 |    00000DF8  A$lcc8844 |    00000DF9  A$lcc8844
     00000DFA  A$lcc8844 |    00000DFB  A$lcc8844 |    00000DFD  A$lcc8844
     00000DFE  A$lcc8844 |    00000DFF  A$lcc8844 |    00000E00  A$lcc8844
     00000E01  A$lcc8844 |    00000E03  A$lcc8844 |    00000E05  A$lcc8844
     00000E06  A$lcc8844 |    00000E07  A$lcc8844 |    00000E08  A$lcc8844
     00000E09  A$lcc8844 |    00000E0A  A$lcc8844 |    00000E0B  A$lcc8844
     00000E0E  A$lcc8844 |    00000E0F  A$lcc8844 |    00000E10  A$lcc8844
     00000E11  A$lcc8844 |    00000E12  A$lcc8844 |    00000E13  A$lcc8844
     00000E14  A$lcc8844 |    00000E16  A$lcc8844 |    00000E18  A$lcc8844
     00000E19  A$lcc8844 |    00000E1B  A$lcc8844 |    00000E1C  A$lcc8844
     00000E1E  A$lcc8844 |    00000E1F  A$lcc8844 |    00000E21  A$lcc8844
     00000E22  A$lcc8844 |    00000E24  A$lcc8844 |    00000E25  A$lcc8844
     00000E27  A$lcc8844 |    00000E27  C$main.c$ |    00000E29  A$lcc8844
     00000E2A  A$lcc8844 |    00000E2C  A$lcc8844 |    00000E2D  A$lcc8844
     00000E2E  A$lcc8844 |    00000E2F  A$lcc8844 |    00000E30  A$lcc8844
     00000E31  A$lcc8844 |    00000E32  A$lcc8844 |    00000E35  A$lcc8844
     00000E36  A$lcc8844 |    00000E37  A$lcc8844 |    00000E38  A$lcc8844
     00000E3A  A$lcc8844 |    00000E3B  A$lcc8844 |    00000E3C  A$lcc8844
     00000E3D  A$lcc8844 |    00000E3F  A$lcc8844 |    00000E40  A$lcc8844
     00000E41  A$lcc8844 |    00000E42  A$lcc8844 |    00000E43  A$lcc8844
     00000E45  A$lcc8844 |    00000E47  A$lcc8844 |    00000E49  A$lcc8844
     00000E4A  A$lcc8844 |    00000E4B  A$lcc8844 |    00000E4C  A$lcc8844
     00000E4F  A$lcc8844 |    00000E50  A$lcc8844 |    00000E51  A$lcc8844
     00000E52  A$lcc8844 |    00000E54  A$lcc8844 |    00000E56  A$lcc8844
     00000E58  A$lcc8844 |    00000E5A  A$lcc8844 |    00000E5C  A$lcc8844
ASxxxx Linker V03.00 + NoICE + sdld,  page 18.
Hexadecimal  [32-Bits]

Area                       Addr        Size        Decimal Bytes (Attributes)
--------------------       ----        ----        ------- ----- ------------
_CODE                  00000200    000030D4 =       12500. bytes (REL,CON)

        Value  Global            Value  Global            Value  Global    
        -----  ------            -----  ------            -----  ------    
     00000E5E  A$lcc8844 |    00000E5E  C$main.c$ |    00000E60  A$lcc8844
     00000E61  A$lcc8844 |    00000E62  A$lcc8844 |    00000E63  A$lcc8844
     00000E66  A$lcc8844 |    00000E67  A$lcc8844 |    00000E68  A$lcc8844
     00000E69  A$lcc8844 |    00000E6B  A$lcc8844 |    00000E6C  A$lcc8844
     00000E6D  A$lcc8844 |    00000E6E  A$lcc8844 |    00000E70  A$lcc8844
     00000E71  A$lcc8844 |    00000E72  A$lcc8844 |    00000E73  A$lcc8844
     00000E74  A$lcc8844 |    00000E75  A$lcc8844 |    00000E76  A$lcc8844
     00000E77  A$lcc8844 |    00000E78  A$lcc8844 |    00000E7A  A$lcc8844
     00000E7C  A$lcc8844 |    00000E7D  A$lcc8844 |    00000E7E  A$lcc8844
     00000E7F  A$lcc8844 |    00000E80  A$lcc8844 |    00000E81  A$lcc8844
     00000E82  A$lcc8844 |    00000E85  A$lcc8844 |    00000E86  A$lcc8844
     00000E87  A$lcc8844 |    00000E88  A$lcc8844 |    00000E8A  A$lcc8844
     00000E8B  A$lcc8844 |    00000E8C  A$lcc8844 |    00000E8D  A$lcc8844
     00000E8F  A$lcc8844 |    00000E90  A$lcc8844 |    00000E92  A$lcc8844
     00000E93  A$lcc8844 |    00000E94  A$lcc8844 |    00000E95  A$lcc8844
     00000E97  A$lcc8844 |    00000E99  A$lcc8844 |    00000E9B  A$lcc8844
     00000E9D  A$lcc8844 |    00000E9F  A$lcc8844 |    00000EA1  A$lcc8844
     00000EA1  C$main.c$ |    00000EA3  A$lcc8844 |    00000EA4  A$lcc8844
     00000EA6  A$lcc8844 |    00000EA7  A$lcc8844 |    00000EA9  A$lcc8844
     00000EAA  A$lcc8844 |    00000EAC  A$lcc8844 |    00000EAD  A$lcc8844
     00000EAF  A$lcc8844 |    00000EB1  A$lcc8844 |    00000EB3  A$lcc8844
     00000EB4  A$lcc8844 |    00000EB6  A$lcc8844 |    00000EB7  A$lcc8844
     00000EB9  A$lcc8844 |    00000EBA  A$lcc8844 |    00000EBB  A$lcc8844
     00000EBC  A$lcc8844 |    00000EBD  A$lcc8844 |    00000EBE  A$lcc8844
     00000EBF  A$lcc8844 |    00000EBF  C$main.c$ |    00000EC1  A$lcc8844
     00000EC2  A$lcc8844 |    00000EC3  A$lcc8844 |    00000EC4  A$lcc8844
     00000EC5  A$lcc8844 |    00000EC6  A$lcc8844 |    00000EC7  A$lcc8844
     00000EC7  C$main.c$ |    00000ECA  A$lcc8844 |    00000ECB  A$lcc8844
     00000ECC  A$lcc8844 |    00000ECE  A$lcc8844 |    00000ECF  A$lcc8844
     00000ED2  A$lcc8844 |    00000ED3  A$lcc8844 |    00000ED4  A$lcc8844
     00000ED5  A$lcc8844 |    00000ED7  A$lcc8844 |    00000ED8  A$lcc8844
     00000ED9  A$lcc8844 |    00000EDB  A$lcc8844 |    00000EDC  A$lcc8844
     00000EDD  A$lcc8844 |    00000EDF  A$lcc8844 |    00000EDF  C$main.c$
     00000EE2  A$lcc8844 |    00000EE3  A$lcc8844 |    00000EE4  A$lcc8844
     00000EE6  A$lcc8844 |    00000EE6  C$main.c$ |    00000EE7  A$lcc8844
     00000EE8  A$lcc8844 |    00000EE8  C$main.c$ |    00000EEB  A$lcc8844
     00000EEC  A$lcc8844 |    00000EEE  A$lcc8844 |    00000EEE  C$main.c$
     00000EF1  A$lcc8844 |    00000EF1  C$main.c$ |    00000EF4  A$lcc8844
     00000EF5  A$lcc8844 |    00000EF8  A$lcc8844 |    00000EF9  A$lcc8844
     00000EFC  A$lcc8844 |    00000EFD  A$lcc8844 |    00000F00  A$lcc8844
     00000F02  A$lcc8844 |    00000F02  C$main.c$ |    00000F05  A$lcc8844
     00000F07  A$lcc8844 |    00000F0A  A$lcc8844 |    00000F0B  A$lcc8844
     00000F0C  A$lcc8844 |    00000F0D  A$lcc8844 |    00000F10  A$lcc8844
     00000F11  A$lcc8844 |    00000F12  A$lcc8844 |    00000F13  A$lcc8844
     00000F14  A$lcc8844 |    00000F15  A$lcc8844 |    00000F16  A$lcc8844
     00000F19  A$lcc8844 |    00000F1A  A$lcc8844 |    00000F1A  C$main.c$
     00000F1D  A$lcc8844 |    00000F1D  C$main.c$ |    00000F20  A$lcc8844
     00000F23  A$lcc8844 |    00000F23  C$main.c$ |    00000F25  A$lcc8844
     00000F26  A$lcc8844 |    00000F28  A$lcc8844 |    00000F2A  A$lcc8844
     00000F2B  A$lcc8844 |    00000F2D  A$lcc8844 |    00000F2F  A$lcc8844
     00000F2F  C$main.c$ |    00000F32  A$lcc8844 |    00000F33  A$lcc8844
ASxxxx Linker V03.00 + NoICE + sdld,  page 19.
Hexadecimal  [32-Bits]

Area                       Addr        Size        Decimal Bytes (Attributes)
--------------------       ----        ----        ------- ----- ------------
_CODE                  00000200    000030D4 =       12500. bytes (REL,CON)

        Value  Global            Value  Global            Value  Global    
        -----  ------            -----  ------            -----  ------    
     00000F34  A$lcc8844 |    00000F36  A$lcc8844 |    00000F36  C$main.c$
     00000F37  A$lcc8844 |    00000F38  A$lcc8844 |    00000F38  C$main.c$
     00000F3B  A$lcc8844 |    00000F3C  A$lcc8844 |    00000F3E  A$lcc8844
     00000F3E  C$main.c$ |    00000F41  A$lcc8844 |    00000F41  C$main.c$
     00000F44  A$lcc8844 |    00000F45  A$lcc8844 |    00000F48  A$lcc8844
     00000F49  A$lcc8844 |    00000F4C  A$lcc8844 |    00000F4D  A$lcc8844
     00000F50  A$lcc8844 |    00000F52  A$lcc8844 |    00000F52  C$main.c$
     00000F55  A$lcc8844 |    00000F57  A$lcc8844 |    00000F5A  A$lcc8844
     00000F5B  A$lcc8844 |    00000F5C  A$lcc8844 |    00000F5D  A$lcc8844
     00000F60  A$lcc8844 |    00000F61  A$lcc8844 |    00000F62  A$lcc8844
     00000F63  A$lcc8844 |    00000F64  A$lcc8844 |    00000F65  A$lcc8844
     00000F66  A$lcc8844 |    00000F69  A$lcc8844 |    00000F6A  A$lcc8844
     00000F6A  C$main.c$ |    00000F6D  A$lcc8844 |    00000F6D  C$main.c$
     00000F70  A$lcc8844 |    00000F73  A$lcc8844 |    00000F73  C$main.c$
     00000F75  A$lcc8844 |    00000F76  A$lcc8844 |    00000F78  A$lcc8844
     00000F7A  A$lcc8844 |    00000F7B  A$lcc8844 |    00000F7D  A$lcc8844
     00000F7F  A$lcc8844 |    00000F7F  C$main.c$ |    00000F82  A$lcc8844
     00000F83  A$lcc8844 |    00000F84  A$lcc8844 |    00000F86  A$lcc8844
     00000F86  C$main.c$ |    00000F87  A$lcc8844 |    00000F88  A$lcc8844
     00000F88  C$main.c$ |    00000F8B  A$lcc8844 |    00000F8C  A$lcc8844
     00000F8E  A$lcc8844 |    00000F8E  C$main.c$ |    00000F91  A$lcc8844
     00000F91  C$main.c$ |    00000F94  A$lcc8844 |    00000F95  A$lcc8844
     00000F98  A$lcc8844 |    00000F99  A$lcc8844 |    00000F9C  A$lcc8844
     00000F9D  A$lcc8844 |    00000FA0  A$lcc8844 |    00000FA2  A$lcc8844
     00000FA2  C$main.c$ |    00000FA5  A$lcc8844 |    00000FA7  A$lcc8844
     00000FAA  A$lcc8844 |    00000FAB  A$lcc8844 |    00000FAC  A$lcc8844
     00000FAD  A$lcc8844 |    00000FB0  A$lcc8844 |    00000FB1  A$lcc8844
     00000FB2  A$lcc8844 |    00000FB3  A$lcc8844 |    00000FB4  A$lcc8844
     00000FB5  A$lcc8844 |    00000FB6  A$lcc8844 |    00000FB9  A$lcc8844
     00000FBA  A$lcc8844 |    00000FBA  C$main.c$ |    00000FBD  A$lcc8844
     00000FBD  C$main.c$ |    00000FC0  A$lcc8844 |    00000FC3  A$lcc8844
     00000FC3  C$main.c$ |    00000FC5  A$lcc8844 |    00000FC6  A$lcc8844
     00000FC8  A$lcc8844 |    00000FCA  A$lcc8844 |    00000FCB  A$lcc8844
     00000FCD  A$lcc8844 |    00000FCF  A$lcc8844 |    00000FCF  C$main.c$
     00000FD2  A$lcc8844 |    00000FD3  A$lcc8844 |    00000FD4  A$lcc8844
     00000FD6  A$lcc8844 |    00000FD6  C$main.c$ |    00000FD7  A$lcc8844
     00000FD8  A$lcc8844 |    00000FD8  C$main.c$ |    00000FDB  A$lcc8844
     00000FDC  A$lcc8844 |    00000FDE  A$lcc8844 |    00000FDE  C$main.c$
     00000FE1  A$lcc8844 |    00000FE1  C$main.c$ |    00000FE4  A$lcc8844
     00000FE5  A$lcc8844 |    00000FE8  A$lcc8844 |    00000FE9  A$lcc8844
     00000FEC  A$lcc8844 |    00000FED  A$lcc8844 |    00000FF0  A$lcc8844
     00000FF2  A$lcc8844 |    00000FF2  C$main.c$ |    00000FF5  A$lcc8844
     00000FF7  A$lcc8844 |    00000FFA  A$lcc8844 |    00000FFB  A$lcc8844
     00000FFC  A$lcc8844 |    00000FFD  A$lcc8844 |    00001000  A$lcc8844
     00001001  A$lcc8844 |    00001002  A$lcc8844 |    00001003  A$lcc8844
     00001004  A$lcc8844 |    00001005  A$lcc8844 |    00001006  A$lcc8844
     00001009  A$lcc8844 |    0000100A  A$lcc8844 |    0000100A  C$main.c$
     0000100C  A$lcc8844 |    0000100C  C$main.c$ |    0000100F  A$lcc8844
     00001011  A$lcc8844 |    00001011  C$main.c$ |    00001013  A$lcc8844
     00001014  A$lcc8844 |    00001016  A$lcc8844 |    00001018  A$lcc8844
     00001019  A$lcc8844 |    0000101B  A$lcc8844 |    0000101D  A$lcc8844
ASxxxx Linker V03.00 + NoICE + sdld,  page 20.
Hexadecimal  [32-Bits]

Area                       Addr        Size        Decimal Bytes (Attributes)
--------------------       ----        ----        ------- ----- ------------
_CODE                  00000200    000030D4 =       12500. bytes (REL,CON)

        Value  Global            Value  Global            Value  Global    
        -----  ------            -----  ------            -----  ------    
     0000101D  C$main.c$ |    00001020  A$lcc8844 |    00001021  A$lcc8844
     00001022  A$lcc8844 |    00001024  A$lcc8844 |    00001024  C$main.c$
     00001025  A$lcc8844 |    00001026  A$lcc8844 |    00001026  C$main.c$
     00001029  A$lcc8844 |    0000102A  A$lcc8844 |    0000102C  A$lcc8844
     0000102C  C$main.c$ |    0000102F  A$lcc8844 |    0000102F  C$main.c$
     00001032  A$lcc8844 |    00001033  A$lcc8844 |    00001036  A$lcc8844
     00001037  A$lcc8844 |    0000103A  A$lcc8844 |    0000103B  A$lcc8844
     0000103E  A$lcc8844 |    00001040  A$lcc8844 |    00001040  C$main.c$
     00001043  A$lcc8844 |    00001045  A$lcc8844 |    00001048  A$lcc8844
     00001049  A$lcc8844 |    0000104A  A$lcc8844 |    0000104B  A$lcc8844
     0000104E  A$lcc8844 |    0000104F  A$lcc8844 |    00001050  A$lcc8844
     00001051  A$lcc8844 |    00001052  A$lcc8844 |    00001053  A$lcc8844
     00001054  A$lcc8844 |    00001057  A$lcc8844 |    00001058  A$lcc8844
     00001058  C$main.c$ |    0000105A  A$lcc8844 |    0000105A  C$main.c$
     0000105D  A$lcc8844 |    0000105F  A$lcc8844 |    0000105F  C$main.c$
     00001062  A$lcc8844 |    00001064  A$lcc8844 |    00001064  C$main.c$
     00001064  XG$win_ch |    00001065  A$lcc8844 |    00001065  C$main.c$
     00001065  G$collide |    00001065  _collide_ |    00001067  A$lcc8844
     00001067  C$main.c$ |    0000106A  A$lcc8844 |    0000106B  A$lcc8844
     0000106C  A$lcc8844 |    0000106D  A$lcc8844 |    0000106E  A$lcc8844
     00001070  A$lcc8844 |    00001071  A$lcc8844 |    00001072  A$lcc8844
     00001073  A$lcc8844 |    00001074  A$lcc8844 |    00001076  A$lcc8844
     00001078  A$lcc8844 |    00001078  C$main.c$ |    0000107A  A$lcc8844
     0000107C  A$lcc8844 |    0000107C  C$main.c$ |    0000107E  A$lcc8844
     00001080  A$lcc8844 |    00001082  A$lcc8844 |    00001082  C$main.c$
     00001084  A$lcc8844 |    00001086  A$lcc8844 |    00001086  C$main.c$
[...]
--------------------       ----        ----        ------- ----- ------------
_HEADER6               00000000    00000030 =          48. bytes (ABS,CON)

        Value  Global            Value  Global            Value  Global    
        -----  ------            -----  ------            -----  ------    
ASxxxx Linker V03.00 + NoICE + sdld,  page 40.
Hexadecimal  [32-Bits]

Area                       Addr        Size        Decimal Bytes (Attributes)
--------------------       ----        ----        ------- ----- ------------
_HEADER7               00000000    00000006 =           6. bytes (ABS,CON)

        Value  Global            Value  Global            Value  Global    
        -----  ------            -----  ------            -----  ------    
ASxxxx Linker V03.00 + NoICE + sdld,  page 41.
Hexadecimal  [32-Bits]

Area                       Addr        Size        Decimal Bytes (Attributes)
--------------------       ----        ----        ------- ----- ------------
_HEADER8               00000000    00000003 =           3. bytes (ABS,CON)

        Value  Global            Value  Global            Value  Global    
        -----  ------            -----  ------            -----  ------    
ASxxxx Linker V03.00 + NoICE + sdld,  page 42.
Hexadecimal  [32-Bits]

Area                       Addr        Size        Decimal Bytes (Attributes)
--------------------       ----        ----        ------- ----- ------------
_HEADER9               00000000    00000001 =           1. bytes (ABS,CON)

        Value  Global            Value  Global            Value  Global    
        -----  ------            -----  ------            -----  ------    
ASxxxx Linker V03.00 + NoICE + sdld,  page 43.
Hexadecimal  [32-Bits]

Area                       Addr        Size        Decimal Bytes (Attributes)
--------------------       ----        ----        ------- ----- ------------
_HEADERa               00000000    00000001 =           1. bytes (ABS,CON)

        Value  Global            Value  Global            Value  Global    
        -----  ------            -----  ------            -----  ------    
ASxxxx Linker V03.00 + NoICE + sdld,  page 44.
Hexadecimal  [32-Bits]

Area                       Addr        Size        Decimal Bytes (Attributes)
--------------------       ----        ----        ------- ----- ------------
_HEADERb               00000000    00000001 =           1. bytes (ABS,CON)

        Value  Global            Value  Global            Value  Global    
        -----  ------            -----  ------            -----  ------    
ASxxxx Linker V03.00 + NoICE + sdld,  page 45.
Hexadecimal  [32-Bits]

Area                       Addr        Size        Decimal Bytes (Attributes)
--------------------       ----        ----        ------- ----- ------------
_HEADERc               00000000    00000002 =           2. bytes (ABS,CON)

        Value  Global            Value  Global            Value  Global    
        -----  ------            -----  ------            -----  ------    
ASxxxx Linker V03.00 + NoICE + sdld,  page 46.
Hexadecimal  [32-Bits]

Area                       Addr        Size        Decimal Bytes (Attributes)
--------------------       ----        ----        ------- ----- ------------
_HEADERd               00000000    00000001 =           1. bytes (ABS,CON)

        Value  Global            Value  Global            Value  Global    
        -----  ------            -----  ------            -----  ------    
ASxxxx Linker V03.00 + NoICE + sdld,  page 47.
Hexadecimal  [32-Bits]

Area                       Addr        Size        Decimal Bytes (Attributes)
--------------------       ----        ----        ------- ----- ------------
_HEADERe               00000000    00000001 =           1. bytes (ABS,CON)

        Value  Global            Value  Global            Value  Global    
        -----  ------            -----  ------            -----  ------    
ASxxxx Linker V03.00 + NoICE + sdld,  page 48.
Hexadecimal  [32-Bits]

Area                       Addr        Size        Decimal Bytes (Attributes)
--------------------       ----        ----        ------- ----- ------------
_HEADERf               00000000    00000002 =           2. bytes (ABS,CON)

        Value  Global            Value  Global            Value  Global    
        -----  ------            -----  ------            -----  ------    
ASxxxx Linker V03.00 + NoICE + sdld,  page 49.
Hexadecimal  [32-Bits]

Area                       Addr        Size        Decimal Bytes (Attributes)
--------------------       ----        ----        ------- ----- ------------
_HEADER10              00000000    00000082 =         130. bytes (ABS,CON)

        Value  Global            Value  Global            Value  Global    
        -----  ------            -----  ------            -----  ------    
     00000150  .reset    |    00000150  _reset    |    00000157  .code_sta
     000001B7  _exit     |    000001BB  _set_inte
ASxxxx Linker V03.00 + NoICE + sdld,  page 50.
Hexadecimal  [32-Bits]

Area                       Addr        Size        Decimal Bytes (Attributes)
--------------------       ----        ----        ------- ----- ------------
_HEADER11              00000000    00000001 =           1. bytes (ABS,CON)

        Value  Global            Value  Global            Value  Global    
        -----  ------            -----  ------            -----  ------    
ASxxxx Linker V03.00 + NoICE + sdld,  page 51.
Hexadecimal  [32-Bits]

Area                       Addr        Size        Decimal Bytes (Attributes)
--------------------       ----        ----        ------- ----- ------------
_HOME                  000032D4    000003D0 =         976. bytes (REL,CON)

        Value  Global            Value  Global            Value  Global    
        -----  ------            -----  ------            -----  ------    
     000032D4  .memset_s |    000032DD  .memcpy_s |    000032FA  .remove_V
     000032FD  .remove_i |    0000331A  .add_VBL  |    0000331D  .add_int 
     00003328  .wait_vbl |    00003328  _wait_vbl |    00003338  .display_
     00003338  _display_ |    00003350  _remove_V |    0000335B  _add_VBL 
     00003366  _rand     |    00003366  _randw    |    00003391  _initrand
     00003393  .initrand |    0000339C  _set_tile |    000033A1  _set_bkg_
     000033A1  _set_win_ |    000033A9  _set_spri |    000033D9  .padup   
     000033D9  _waitpadu |    000033E9  .jpad     |    000033E9  _joypad  
     00003411  _waitpad  |    00003414  .wait_pad |    0000341B  ___sdcc_c
     0000344B  _add_LCD  |    00003456  .add_LCD  |    0000345C  _remove_L
     00003467  .remove_L |    0000346D  __divsuch |    0000347A  __modsuch
     00003484  __divusch |    00003496  __modusch |    000034A6  __divscha
     000034B2  __modscha |    000034BC  __divsint |    000034CD  __modsint
     000034DC  __divucha |    000034E8  __moducha |    000034F2  __divuint
     00003503  __moduint |    00003512  .div8     |    00003512  .mod8    
     0000351A  .div16    |    0000351A  .mod16    |    00003550  .divu8   
     00003550  .modu8    |    00003553  .divu16   |    00003553  .modu16  
     00003594  _set_bkg_ |    000035A8  _uitoa    |    000035B7  _itoa    
     000035C6  .itoa     |    000035DA  .utoa     |    0000364E  .set_xy_w
     00003657  .set_xy_b |    00003666  .set_xy_t
ASxxxx Linker V03.00 + NoICE + sdld,  page 52.
Hexadecimal  [32-Bits]

Area                       Addr        Size        Decimal Bytes (Attributes)
--------------------       ----        ----        ------- ----- ------------
_CODE_0                000036A4    00000440 =        1088. bytes (REL,CON)

        Value  Global            Value  Global            Value  Global    
        -----  ------            -----  ------            -----  ------    
     000036A4  G$FONT$0_ |    000036A4  _FONT    
ASxxxx Linker V03.00 + NoICE + sdld,  page 53.
Hexadecimal  [32-Bits]

Area                       Addr        Size        Decimal Bytes (Attributes)
--------------------       ----        ----        ------- ----- ------------
_INITIALIZER           00003AE4    00000059 =          89. bytes (REL,CON)

        Value  Global            Value  Global            Value  Global    
        -----  ------            -----  ------            -----  ------    
     00003AE4  Fmain$__x |    00003B08  Fmain$__x |    00003B0B  Fmain$__x
     00003B0F  Fmain$__x |    00003B13  Fmain$__x |    00003B1A  Fmain$__x
     00003B1F  Fmain$__x |    00003B20  Fmain$__x |    00003B25  Fmain$__x
     00003B2A  Fmain$__x |    00003B31  Fmain$__x |    00003B37  Fmain$__x
     00003B38  Fsound$__
ASxxxx Linker V03.00 + NoICE + sdld,  page 54.
Hexadecimal  [32-Bits]

Area                       Addr        Size        Decimal Bytes (Attributes)
--------------------       ----        ----        ------- ----- ------------
_GSINIT                00003B3D    0000000C =          12. bytes (REL,CON)

        Value  Global            Value  Global            Value  Global    
        -----  ------            -----  ------            -----  ------    
     00003B3D  gsinit   
ASxxxx Linker V03.00 + NoICE + sdld,  page 55.
Hexadecimal  [32-Bits]

Area                       Addr        Size        Decimal Bytes (Attributes)
--------------------       ----        ----        ------- ----- ------------
_GSFINAL               00003B49    00000001 =           1. bytes (REL,CON)

        Value  Global            Value  Global            Value  Global    
        -----  ------            -----  ------            -----  ------    
ASxxxx Linker V03.00 + NoICE + sdld,  page 56.
Hexadecimal  [32-Bits]

Area                       Addr        Size        Decimal Bytes (Attributes)
--------------------       ----        ----        ------- ----- ------------
_DATA                  0000C0A0    000000DB =         219. bytes (REL,CON)

        Value  Global            Value  Global            Value  Global    
        -----  ------            -----  ------            -----  ------    
     0000C0A0  __cpu     |    0000C0A1  __is_GBA  |    0000C0A2  .mode    
     0000C0A3  .sys_time |    0000C0A3  _sys_time |    0000C0A5  .int_0x40
     0000C0B9  G$scroll$ |    0000C0B9  _scroll   |    0000C0C3  G$PLAYER$
     0000C0C3  _PLAYER   |    0000C0CB  G$LOG_FRO |    0000C0CB  _LOG_FROG
     0000C0D3  G$FLY$0_0 |    0000C0D3  _FLY      |    0000C0DB  G$joy$0_0
     0000C0DB  _joy      |    0000C0DC  G$last_jo |    0000C0DC  _last_joy
     0000C0DD  G$is_movi |    0000C0DD  _is_movin |    0000C0DE  G$is_anim
     0000C0DE  _is_anima |    0000C0DF  G$is_dyin |    0000C0DF  _is_dying
     0000C0E0  G$turtles |    0000C0E0  _turtles_ |    0000C0E1  G$move_x$
     0000C0E1  _move_x   |    0000C0E2  G$move_y$ |    0000C0E2  _move_y  
     0000C0E3  G$scx_cou |    0000C0E3  _scx_coun |    0000C0E4  G$turtle_
     0000C0E4  _turtle_c |    0000C0E5  G$dive_co |    0000C0E5  _dive_cou
     0000C0E6  G$timer$0 |    0000C0E6  _timer    |    0000C0E8  G$fly_tim
     0000C0E8  _fly_time |    0000C0EA  G$fly_res |    0000C0EA  _fly_resp
     0000C0EC  G$timer_t |    0000C0EC  _timer_ti |    0000C0ED  G$flash_p
     0000C0ED  _flash_ph |    0000C0EE  G$GAMESTA |    0000C0EE  _GAMESTAT
     0000C0EF  G$TIMERST |    0000C0EF  _TIMERSTA |    0000C0F0  G$turtle_
     0000C0F0  _turtle_t |    0000C0F1  G$dive_ti |    0000C0F1  _dive_til
     0000C0F2  G$cave$0_ |    0000C0F2  _cave     |    0000C0F7  G$y_min$0
     0000C0F7  _y_min    |    0000C0F8  G$vram_ad |    0000C0F8  _vram_add
     0000C0FA  G$score$0 |    0000C0FA  _score    |    0000C0FC  G$score_b
     0000C0FC  _score_bu |    0000C101  G$current |    0000C101  _current_
     0000C102  G$level_b |    0000C102  _level_bu |    0000C11A  G$animati
     0000C11A  _animatio |    0000C11B  G$death_a |    0000C11B  _death_an
     0000C11C  G$seed$0_ |    0000C11C  _seed     |    0000C11E  G$debug_r
     0000C11E  _debug_rn |    0000C11F  G$debug_f |    0000C11F  _debug_fl
     0000C145  _hUGE_cur |    0000C166  .randhi   |    0000C167  .randlo  
     0000C168  ___curren |    0000C16A  ___curren |    0000C16B  .int_0x48
ASxxxx Linker V03.00 + NoICE + sdld,  page 57.
Hexadecimal  [32-Bits]

Area                       Addr        Size        Decimal Bytes (Attributes)
--------------------       ----        ----        ------- ----- ------------
_INITIALIZED           0000C17B    00000059 =          89. bytes (REL,CON)

        Value  Global            Value  Global            Value  Global    
        -----  ------            -----  ------            -----  ------    
     0000C17B  G$scroll_ |    0000C17B  _scroll_r |    0000C19F  G$turtle_
     0000C19F  _turtle_d |    0000C1A2  G$turtle_ |    0000C1A2  _turtle_d
     0000C1A6  G$turtle_ |    0000C1A6  _turtle_t |    0000C1AA  G$dive_ti
     0000C1AA  _dive_til |    0000C1B1  G$cave_fl |    0000C1B1  _cave_fly
     0000C1B6  G$lives$0 |    0000C1B6  _lives    |    0000C1B7  G$PLAYER1
     0000C1B7  _PLAYER1U |    0000C1BC  G$PLAYER2 |    0000C1BC  _PLAYER2U
     0000C1C1  G$level_t |    0000C1C1  _level_te |    0000C1C8  G$pause_t
     0000C1C8  _pause_te |    0000C1CE  G$death_a |    0000C1CE  _death_an
     0000C1CF  G$Sound_C |    0000C1CF  _Sound_Ch |    0000C1D3  ___render
ASxxxx Linker V03.00 + NoICE + sdld,  page 58.
Hexadecimal  [32-Bits]

Area                       Addr        Size        Decimal Bytes (Attributes)
--------------------       ----        ----        ------- ----- ------------
_HRAM12                00000000    00000003 =           3. bytes (ABS,CON)

        Value  Global            Value  Global            Value  Global    
        -----  ------            -----  ------            -----  ------    
     0000FF90  __current |    0000FF92  __shadow_
ASxxxx Linker V03.00 + NoICE + sdld,  page 59.
Hexadecimal  [32-Bits]

Area                       Addr        Size        Decimal Bytes (Attributes)
--------------------       ----        ----        ------- ----- ------------
_CODE_1                00014000    00000426 =        1062. bytes (REL,CON)

        Value  Global            Value  Global            Value  Global    
        -----  ------            -----  ------            -----  ------    
     00014000  C$fly.c$9 |    00014000  G$__func_ |    00014000  G$fly_pal
     00014000  ___func_f |    00014000  _fly_pale |    00014008  G$fly_til
     00014008  _fly_tile |    00014048  G$fly_met |    00014048  _fly_meta
     00014054  G$fly_met |    00014054  _fly_meta |    00014056  C$frogger
     00014056  G$__func_ |    00014056  G$frogger |    00014056  ___func_f
     00014056  _frogger_ |    00014060  G$frogger |    00014060  _frogger_
     000142A0  G$frogger |    000142A0  _frogger_ |    000142AC  G$frogger
     000142AC  _frogger_ |    000142B8  G$frogger |    000142B8  _frogger_
     000142C4  G$frogger |    000142C4  _frogger_ |    000142D0  G$frogger
     000142D0  _frogger_ |    000142DC  G$frogger |    000142DC  _frogger_
     000142E8  G$frogger |    000142E8  _frogger_ |    000142F4  G$frogger
     000142F4  _frogger_ |    00014300  G$frogger |    00014300  _frogger_
     0001430C  G$frogger |    0001430C  _frogger_ |    0001431E  G$frogger
     0001431E  _frogger_ |    00014332  G$frogger |    00014332  _frogger_
     00014346  G$frogger |    00014346  _frogger_ |    00014378  C$frogger
     00014378  G$__func_ |    00014378  G$frogger |    00014378  ___func_f
     00014378  _frogger_ |    00014380  G$frogger |    00014380  _frogger_
     000143C0  G$frogger |    000143C0  _frogger_ |    000143CC  G$frogger
     000143CC  _frogger_ |    000143CE  C$log_fro |    000143CE  G$__func_
     000143CE  G$log_fro |    000143CE  ___func_l |    000143CE  _log_frog
     000143D8  G$log_fro |    000143D8  _log_frog |    00014418  G$log_fro
     00014418  _log_frog |    00014424  G$log_fro |    00014424  _log_frog
ASxxxx Linker V03.00 + NoICE + sdld,  page 60.
Hexadecimal  [32-Bits]

Area                       Addr        Size        Decimal Bytes (Attributes)
--------------------       ----        ----        ------- ----- ------------
_HEADER_LCD0           00000000    00000003 =           3. bytes (ABS,CON)

        Value  Global            Value  Global            Value  Global    
        -----  ------            -----  ------            -----  ------    
ASxxxx Linker V03.00 + NoICE + sdld,  page 61.

Files Linked                              [ module(s) ]

C:\c_code\gbdk\lib/small/asxxxx/gb/crt0.o
                                          [ Runtime ]
C:\Users\User\AppData\Local\Temp/lcc88440.rel
                                          [ main ]
C:\Users\User\AppData\Local\Temp/lcc88441.rel
                                          [ sound ]
C:\Users\User\AppData\Local\Temp/lcc88442.rel
                                          [ bkg_map ]
C:\Users\User\AppData\Local\Temp/lcc88443.rel
                                          [ bkg_tiles ]
C:\Users\User\AppData\Local\Temp/lcc88444.rel
                                          [ collision_map ]
C:\Users\User\AppData\Local\Temp/lcc88445.rel
                                          [ fly ]
C:\Users\User\AppData\Local\Temp/lcc88446.rel
                                          [ font ]
C:\Users\User\AppData\Local\Temp/lcc88447.rel
                                          [ frog_lives ]
C:\Users\User\AppData\Local\Temp/lcc88448.rel
                                          [ frogger ]
C:\Users\User\AppData\Local\Temp/lcc88449.rel
                                          [ frogger_16 ]
C:\Users\User\AppData\Local\Temp/lcc884410.rel
                                          [ log_frog ]
C:\Users\User\AppData\Local\Temp/lcc884411.rel
                                          [ reset_timer ]
C:\Users\User\AppData\Local\Temp/lcc884412.rel
                                          [ win_frog ]
sound\hUGEDriver.obj.rel                  [ hUGEDriver_obj ]


Libraries Linked                          [ object file ]

C:\c_code\gbdk\lib/small/asxxxx/gbz80/gbz80.lib
                                          [ rand.o ]
C:\c_code\gbdk\lib/small/asxxxx/gb/gb.lib
                                          [ sfr.o ]
C:\c_code\gbdk\lib/small/asxxxx/gb/gb.lib
                                          [ get_tile.o ]
C:\c_code\gbdk\lib/small/asxxxx/gb/gb.lib
                                          [ set_tile.o ]
C:\c_code\gbdk\lib/small/asxxxx/gb/gb.lib
                                          [ metasprites_hide.o ]
C:\c_code\gbdk\lib/small/asxxxx/gb/gb.lib
                                          [ set_data.o ]
C:\c_code\gbdk\lib/small/asxxxx/gb/gb.lib
                                          [ metasprites_flip.o ]
C:\c_code\gbdk\lib/small/asxxxx/gbz80/gbz80.lib
                                          [ sprintf.o ]
C:\c_code\gbdk\lib/small/asxxxx/gb/gb.lib
                                          [ pad.o ]
C:\c_code\gbdk\lib/small/asxxxx/gb/gb.lib
                                          [ metasprites.o ]
C:\c_code\gbdk\lib/small/asxxxx/gbz80/gbz80.lib
                                          [ __sdcc_call_hl.o ]
C:\c_code\gbdk\lib/small/asxxxx/gb/gb.lib
                                          [ lcd.o ]
C:\c_code\gbdk\lib/small/asxxxx/gb/gb.lib
                                          [ get_addr.o ]
C:\c_code\gbdk\lib/small/asxxxx/gbz80/gbz80.lib
                                          [ div.o ]
C:\c_code\gbdk\lib/small/asxxxx/gb/gb.lib
                                          [ set_bk_t.o ]
C:\c_code\gbdk\lib/small/asxxxx/gbz80/gbz80.lib
                                          [ itoa.o ]
C:\c_code\gbdk\lib/small/asxxxx/gb/gb.lib
                                          [ set_xy_t.o ]

ASxxxx Linker V03.00 + NoICE + sdld,  page 62.

User Base Address Definitions

_DATA=0xC0A0
_CODE=0x0200
ASxxxx Linker V03.00 + NoICE + sdld,  page 63.

User Global Definitions

_shadow_OAM=0xC000
.STACK=0xE000
.refresh_OAM=0xFF80

