ASxxxx Linker V03.00 + NoICE + sdld,  page 1.
Hexadecimal  [32-Bits]

Area                       Addr        Size        Decimal Bytes (Attributes)
--------------------       ----        ----        ------- ----- ------------
.  .ABS.               00000000    00000000 =           0. bytes (ABS,CON)

        Value  Global            Value  Global            Value  Global    
        -----  ------            -----  ------            -----  ------    
     00000000  .__.ABS.  |    00000000  _rRAMG    |    00000000  l__BASE  
     00000000  l__BSS    |    00000000  l__CABS   |    00000000  l__CODE_0
     00000000  l__DABS   |    00000000  l__HEADER |    00000000  l__HEADER
     00000000  l__HEAP   |    00000000  l__HRAM   |    00000000  l__LIT   
     00000000  s__CABS   |    00000000  s__DABS   |    00000000  s__HEADER
     00000000  s__HEADER |    00000000  s__HEADER |    00000000  s__HEADER
     00000000  s__HEADER |    00000000  s__HEADER |    00000000  s__HEADER
     00000000  s__HEADER |    00000000  s__HEADER |    00000000  s__HEADER
     00000000  s__HEADER |    00000000  s__HEADER |    00000000  s__HEADER
     00000000  s__HEADER |    00000000  s__HEADER |    00000000  s__HEADER
     00000000  s__HEADER |    00000000  s__HEADER |    00000000  s__HEADER
     00000000  s__HEADER |    00000000  s__HEADER |    00000000  s__HRAM  
     00000000  s__HRAM12 |    00000001  ___bank_f |    00000001  ___bank_f
     00000001  l__GSFINA |    00000001  l__HEADER |    00000001  l__HEADER
     00000001  l__HEADER |    00000001  l__HEADER |    00000001  l__HEADER
     00000001  l__HEADER |    00000001  l__HEADER |    00000002  l__HEADER
     00000002  l__HEADER |    00000002  l__HEADER |    00000003  l__HEADER
     00000003  l__HEADER |    00000003  l__HRAM12 |    00000005  l__HEADER
     00000006  l__HEADER |    00000007  l__HEADER |    00000008  l__HEADER
     0000000C  l__GSINIT |    00000030  l__HEADER |    00000030  l__INITIA
     00000030  l__INITIA |    00000047  l__DATA   |    0000004F  l__HEADER
     00000082  l__HEADER |    000000AC  l__CODE_1 |    00000200  s__CODE  
     000002F3  l__HOME   |    000014A5  l__CODE   |    000016A5  s__HOME  
     00001998  s__BASE   |    00001998  s__CODE_0 |    00001998  s__INITIA
     00001998  s__LIT    |    000019C8  s__GSINIT |    000019D4  s__GSFINA
     00002000  _rROMB0   |    00003000  _rROMB1   |    00004000  _rRAMB   
     00008000  __VRAM    |    00008000  __VRAM800 |    00008800  __VRAM880
     00009000  __VRAM900 |    00009800  __SCRN0   |    00009C00  __SCRN1  
     0000A000  __SRAM    |    0000C000  __RAM     |    0000C000  _shadow_O
     0000C0A0  s__DATA   |    0000C0E7  s__BSS    |    0000C0E7  s__INITIA
     0000C117  s__HEAP   |    0000D000  __RAMBANK |    0000E000  .STACK   
     0000FE00  __OAMRAM  |    0000FF00  _P1_REG   |    0000FF00  __IO     
     0000FF01  _SB_REG   |    0000FF02  _SC_REG   |    0000FF04  _DIV_REG 
     0000FF05  _TIMA_REG |    0000FF06  _TMA_REG  |    0000FF07  _TAC_REG 
     0000FF0F  _IF_REG   |    0000FF10  _NR10_REG |    0000FF11  _NR11_REG
     0000FF12  _NR12_REG |    0000FF13  _NR13_REG |    0000FF14  _NR14_REG
     0000FF16  _NR21_REG |    0000FF17  _NR22_REG |    0000FF18  _NR23_REG
     0000FF19  _NR24_REG |    0000FF1A  _NR30_REG |    0000FF1B  _NR31_REG
     0000FF1C  _NR32_REG |    0000FF1D  _NR33_REG |    0000FF1E  _NR34_REG
     0000FF20  _NR41_REG |    0000FF21  _NR42_REG |    0000FF22  _NR43_REG
     0000FF23  _NR44_REG |    0000FF24  _NR50_REG |    0000FF25  _NR51_REG
     0000FF26  _NR52_REG |    0000FF30  _PCM_SAMP |    0000FF30  __AUD3WAV
     0000FF40  _LCDC_REG |    0000FF41  _STAT_REG |    0000FF42  _SCY_REG 
     0000FF43  _SCX_REG  |    0000FF44  _LY_REG   |    0000FF45  _LYC_REG 
     0000FF46  _DMA_REG  |    0000FF47  _BGP_REG  |    0000FF48  _OBP0_REG
     0000FF49  _OBP1_REG |    0000FF4A  _WY_REG   |    0000FF4B  _WX_REG  
     0000FF4D  _KEY1_REG |    0000FF4F  _VBK_REG  |    0000FF51  _HDMA1_RE
     0000FF52  _HDMA2_RE |    0000FF53  _HDMA3_RE |    0000FF54  _HDMA4_RE
     0000FF55  _HDMA5_RE |    0000FF56  _RP_REG   |    0000FF68  _BCPS_REG
     0000FF69  _BCPD_REG |    0000FF6A  _OCPS_REG |    0000FF6B  _OCPD_REG
ASxxxx Linker V03.00 + NoICE + sdld,  page 2.
Hexadecimal  [32-Bits]

Area                       Addr        Size        Decimal Bytes (Attributes)
--------------------       ----        ----        ------- ----- ------------
.  .ABS.               00000000    00000000 =           0. bytes (ABS,CON)

        Value  Global            Value  Global            Value  Global    
        -----  ------            -----  ------            -----  ------    
     0000FF70  _SVBK_REG |    0000FF76  _PCM12_RE |    0000FF77  _PCM34_RE
     0000FF80  .refresh_ |    0000FF80  __HRAM    |    0000FFFF  _IE_REG  
     00014000  s__CODE_1
ASxxxx Linker V03.00 + NoICE + sdld,  page 3.
Hexadecimal  [32-Bits]

Area                       Addr        Size        Decimal Bytes (Attributes)
--------------------       ----        ----        ------- ----- ------------
_CODE                  00000200    000014A5 =        5285. bytes (REL,CON)

        Value  Global            Value  Global            Value  Global    
        -----  ------            -----  ------            -----  ------    
     00000200  A$lcc8036 |    00000200  C$main.c$ |    00000200  C$main.c$
     00000200  G$reset_f |    00000200  _reset_fr |    00000203  A$lcc8036
     00000205  A$lcc8036 |    00000205  C$main.c$ |    00000208  A$lcc8036
     0000020A  A$lcc8036 |    0000020D  A$lcc8036 |    0000020F  A$lcc8036
     0000020F  C$main.c$ |    00000212  A$lcc8036 |    00000214  A$lcc8036
     00000215  A$lcc8036 |    00000217  A$lcc8036 |    00000217  C$main.c$
     0000021A  A$lcc8036 |    0000021C  A$lcc8036 |    0000021D  A$lcc8036
     0000021F  A$lcc8036 |    0000021F  C$main.c$ |    00000222  A$lcc8036
     00000224  A$lcc8036 |    00000227  A$lcc8036 |    00000228  A$lcc8036
     0000022B  A$lcc8036 |    0000022C  A$lcc8036 |    0000022F  A$lcc8036
     00000230  A$lcc8036 |    00000231  A$lcc8036 |    00000232  A$lcc8036
     00000233  A$lcc8036 |    00000236  A$lcc8036 |    00000237  A$lcc8036
     00000238  A$lcc8036 |    00000239  A$lcc8036 |    0000023C  A$lcc8036
     0000023E  A$lcc8036 |    0000023F  A$lcc8036 |    00000240  A$lcc8036
     00000241  A$lcc8036 |    00000242  A$lcc8036 |    00000243  A$lcc8036
     00000244  A$lcc8036 |    00000245  A$lcc8036 |    00000246  A$lcc8036
     00000249  A$lcc8036 |    0000024B  A$lcc8036 |    0000024B  C$main.c$
     0000024B  C$main.c$ |    0000024B  XG$reset_ |    0000024C  A$lcc8036
     0000024C  C$main.c$ |    0000024C  C$main.c$ |    0000024C  G$init_le
     0000024C  _init_lev |    0000024F  A$lcc8036 |    00000250  A$lcc8036
     00000253  A$lcc8036 |    00000254  A$lcc8036 |    00000257  A$lcc8036
     00000259  A$lcc8036 |    00000259  C$main.c$ |    0000025C  A$lcc8036
     0000025D  A$lcc8036 |    00000260  A$lcc8036 |    00000261  A$lcc8036
     00000264  A$lcc8036 |    00000266  A$lcc8036 |    00000266  C$main.c$
     00000269  A$lcc8036 |    0000026A  A$lcc8036 |    0000026D  A$lcc8036
     0000026E  A$lcc8036 |    0000026F  A$lcc8036 |    00000270  A$lcc8036
     00000271  A$lcc8036 |    00000272  A$lcc8036 |    00000275  A$lcc8036
     00000277  A$lcc8036 |    00000277  C$main.c$ |    0000027A  A$lcc8036
     0000027C  A$lcc8036 |    0000027C  C$main.c$ |    0000027C  C$main.c$
     0000027C  XG$init_l |    0000027F  A$lcc8036 |    0000027F  C$main.c$
     0000027F  G$move_fr |    0000027F  _move_fro |    00000280  A$lcc8036
     00000281  A$lcc8036 |    00000281  C$main.c$ |    00000284  A$lcc8036
     00000285  A$lcc8036 |    00000287  A$lcc8036 |    00000287  C$main.c$
     0000028A  A$lcc8036 |    0000028B  A$lcc8036 |    0000028D  A$lcc8036
     0000028E  A$lcc8036 |    0000028F  A$lcc8036 |    00000290  A$lcc8036
     00000291  A$lcc8036 |    00000294  A$lcc8036 |    00000296  A$lcc8036
     00000298  A$lcc8036 |    0000029B  A$lcc8036 |    0000029D  A$lcc8036
     000002A0  A$lcc8036 |    000002A1  A$lcc8036 |    000002A2  A$lcc8036
     000002A3  A$lcc8036 |    000002A4  A$lcc8036 |    000002A5  A$lcc8036
     000002A8  A$lcc8036 |    000002A9  A$lcc8036 |    000002AA  A$lcc8036
     000002AB  A$lcc8036 |    000002AE  A$lcc8036 |    000002B0  A$lcc8036
     000002B1  A$lcc8036 |    000002B4  A$lcc8036 |    000002B5  A$lcc8036
     000002B6  A$lcc8036 |    000002B7  A$lcc8036 |    000002BA  A$lcc8036
     000002BB  A$lcc8036 |    000002BC  A$lcc8036 |    000002BD  A$lcc8036
     000002C0  A$lcc8036 |    000002C2  A$lcc8036 |    000002C4  A$lcc8036
     000002C5  A$lcc8036 |    000002C6  A$lcc8036 |    000002C7  A$lcc8036
     000002C8  A$lcc8036 |    000002CA  A$lcc8036 |    000002CB  A$lcc8036
     000002CE  A$lcc8036 |    000002D0  A$lcc8036 |    000002D0  C$main.c$
     000002D2  A$lcc8036 |    000002D2  C$main.c$ |    000002D5  A$lcc8036
     000002D6  A$lcc8036 |    000002D8  A$lcc8036 |    000002D8  C$main.c$
ASxxxx Linker V03.00 + NoICE + sdld,  page 4.
Hexadecimal  [32-Bits]

Area                       Addr        Size        Decimal Bytes (Attributes)
--------------------       ----        ----        ------- ----- ------------
_CODE                  00000200    000014A5 =        5285. bytes (REL,CON)

        Value  Global            Value  Global            Value  Global    
        -----  ------            -----  ------            -----  ------    
     000002DB  A$lcc8036 |    000002DC  A$lcc8036 |    000002DD  A$lcc8036
     000002DE  A$lcc8036 |    000002E1  A$lcc8036 |    000002E3  A$lcc8036
     000002E5  A$lcc8036 |    000002E8  A$lcc8036 |    000002EA  A$lcc8036
     000002ED  A$lcc8036 |    000002EE  A$lcc8036 |    000002EF  A$lcc8036
     000002F0  A$lcc8036 |    000002F3  A$lcc8036 |    000002F4  A$lcc8036
     000002F5  A$lcc8036 |    000002F6  A$lcc8036 |    000002F9  A$lcc8036
     000002FA  A$lcc8036 |    000002FD  A$lcc8036 |    000002FE  A$lcc8036
     000002FF  A$lcc8036 |    00000300  A$lcc8036 |    00000301  A$lcc8036
     00000304  A$lcc8036 |    00000305  A$lcc8036 |    00000306  A$lcc8036
     00000307  A$lcc8036 |    0000030A  A$lcc8036 |    0000030C  A$lcc8036
     0000030D  A$lcc8036 |    0000030E  A$lcc8036 |    0000030F  A$lcc8036
     00000310  A$lcc8036 |    00000311  A$lcc8036 |    00000312  A$lcc8036
     00000313  A$lcc8036 |    00000314  A$lcc8036 |    00000317  A$lcc8036
     00000319  A$lcc8036 |    00000319  C$main.c$ |    0000031A  A$lcc8036
     0000031B  A$lcc8036 |    0000031B  C$main.c$ |    0000031B  XG$move_f
     0000031C  A$lcc8036 |    0000031C  C$main.c$ |    0000031C  C$main.c$
     0000031C  G$paralla |    0000031C  _parallax |    0000031E  A$lcc8036
     0000031F  A$lcc8036 |    00000321  A$lcc8036 |    00000323  A$lcc8036
     00000325  A$lcc8036 |    00000327  A$lcc8036 |    00000329  A$lcc8036
     0000032B  A$lcc8036 |    0000032D  A$lcc8036 |    0000032F  A$lcc8036
     00000331  A$lcc8036 |    00000333  A$lcc8036 |    00000335  A$lcc8036
     00000337  A$lcc8036 |    00000339  A$lcc8036 |    0000033B  A$lcc8036
     0000033D  A$lcc8036 |    0000033F  A$lcc8036 |    00000341  A$lcc8036
     00000343  A$lcc8036 |    00000346  A$lcc8036 |    00000348  A$lcc8036
     0000034B  A$lcc8036 |    0000034D  A$lcc8036 |    00000350  A$lcc8036
     00000352  A$lcc8036 |    00000355  A$lcc8036 |    00000356  A$lcc8036
     00000356  C$main.c$ |    00000357  A$lcc8036 |    00000359  A$lcc8036
     0000035A  A$lcc8036 |    0000035C  A$lcc8036 |    0000035C  C$main.c$
     0000035E  A$lcc8036 |    00000360  A$lcc8036 |    00000360  C$main.c$
     00000361  A$lcc8036 |    00000361  C$main.c$ |    00000364  A$lcc8036
     00000366  A$lcc8036 |    00000367  A$lcc8036 |    00000369  A$lcc8036
     00000369  C$main.c$ |    0000036B  A$lcc8036 |    0000036D  A$lcc8036
     0000036D  C$main.c$ |    0000036E  A$lcc8036 |    0000036E  C$main.c$
     00000371  A$lcc8036 |    00000373  A$lcc8036 |    00000374  A$lcc8036
     00000376  A$lcc8036 |    00000376  C$main.c$ |    00000378  A$lcc8036
     0000037A  A$lcc8036 |    0000037A  C$main.c$ |    0000037B  A$lcc8036
     0000037B  C$main.c$ |    0000037E  A$lcc8036 |    00000380  A$lcc8036
     00000381  A$lcc8036 |    00000383  A$lcc8036 |    00000383  C$main.c$
     00000385  A$lcc8036 |    00000387  A$lcc8036 |    00000387  C$main.c$
     00000388  A$lcc8036 |    00000388  C$main.c$ |    0000038B  A$lcc8036
     0000038D  A$lcc8036 |    0000038E  A$lcc8036 |    00000390  A$lcc8036
     00000390  C$main.c$ |    00000392  A$lcc8036 |    00000394  A$lcc8036
     00000394  C$main.c$ |    00000395  A$lcc8036 |    00000395  C$main.c$
     00000398  A$lcc8036 |    0000039A  A$lcc8036 |    0000039B  A$lcc8036
     0000039D  A$lcc8036 |    0000039D  C$main.c$ |    0000039F  A$lcc8036
     000003A1  A$lcc8036 |    000003A1  C$main.c$ |    000003A2  A$lcc8036
     000003A2  C$main.c$ |    000003A3  A$lcc8036 |    000003A5  A$lcc8036
     000003A6  A$lcc8036 |    000003A8  A$lcc8036 |    000003A8  C$main.c$
     000003AA  A$lcc8036 |    000003AC  A$lcc8036 |    000003AC  C$main.c$
     000003AD  A$lcc8036 |    000003AD  C$main.c$ |    000003B0  A$lcc8036
     000003B2  A$lcc8036 |    000003B3  A$lcc8036 |    000003B5  A$lcc8036
ASxxxx Linker V03.00 + NoICE + sdld,  page 5.
Hexadecimal  [32-Bits]

Area                       Addr        Size        Decimal Bytes (Attributes)
--------------------       ----        ----        ------- ----- ------------
_CODE                  00000200    000014A5 =        5285. bytes (REL,CON)

        Value  Global            Value  Global            Value  Global    
        -----  ------            -----  ------            -----  ------    
     000003B5  C$main.c$ |    000003B7  A$lcc8036 |    000003B9  A$lcc8036
     000003B9  C$main.c$ |    000003BA  A$lcc8036 |    000003BA  C$main.c$
     000003BD  A$lcc8036 |    000003BF  A$lcc8036 |    000003C0  A$lcc8036
     000003C2  A$lcc8036 |    000003C2  C$main.c$ |    000003C4  A$lcc8036
     000003C6  A$lcc8036 |    000003C6  C$main.c$ |    000003C7  A$lcc8036
     000003C7  C$main.c$ |    000003CA  A$lcc8036 |    000003CC  A$lcc8036
     000003CD  A$lcc8036 |    000003CF  A$lcc8036 |    000003CF  C$main.c$
     000003D1  A$lcc8036 |    000003D3  A$lcc8036 |    000003D3  C$main.c$
     000003D4  A$lcc8036 |    000003D4  C$main.c$ |    000003D7  A$lcc8036
     000003D9  A$lcc8036 |    000003DA  A$lcc8036 |    000003DC  A$lcc8036
     000003DC  C$main.c$ |    000003DE  A$lcc8036 |    000003E0  A$lcc8036
     000003E0  C$main.c$ |    000003E1  A$lcc8036 |    000003E1  C$main.c$
     000003E4  A$lcc8036 |    000003E6  A$lcc8036 |    000003E7  A$lcc8036
     000003E9  A$lcc8036 |    000003E9  C$main.c$ |    000003EB  A$lcc8036
     000003ED  A$lcc8036 |    000003ED  C$main.c$ |    000003EE  A$lcc8036
     000003EE  C$main.c$ |    000003EF  A$lcc8036 |    000003F1  A$lcc8036
     000003F2  A$lcc8036 |    000003F4  A$lcc8036 |    000003F4  C$main.c$
     000003F5  A$lcc8036 |    000003F7  A$lcc8036 |    000003F7  C$main.c$
     000003F7  C$main.c$ |    000003F7  XG$parall |    000003F8  A$lcc8036
     000003F8  C$main.c$ |    000003F8  G$scroll_ |    000003F8  _scroll_c
     000003F9  A$lcc8036 |    000003F9  C$main.c$ |    000003FC  A$lcc8036
     000003FD  A$lcc8036 |    000003FF  A$lcc8036 |    00000402  A$lcc8036
     00000403  A$lcc8036 |    00000404  A$lcc8036 |    00000407  A$lcc8036
     00000409  A$lcc8036 |    0000040A  A$lcc8036 |    0000040B  A$lcc8036
     0000040E  A$lcc8036 |    0000040E  C$main.c$ |    00000411  A$lcc8036
     00000412  A$lcc8036 |    00000413  A$lcc8036 |    00000414  A$lcc8036
     00000414  C$main.c$ |    00000415  A$lcc8036 |    00000416  A$lcc8036
     00000417  A$lcc8036 |    00000418  A$lcc8036 |    00000419  A$lcc8036
     0000041A  A$lcc8036 |    0000041A  C$main.c$ |    0000041B  A$lcc8036
     0000041C  A$lcc8036 |    0000041D  A$lcc8036 |    0000041E  A$lcc8036
     0000041F  A$lcc8036 |    00000420  A$lcc8036 |    00000421  A$lcc8036
     00000424  A$lcc8036 |    00000425  A$lcc8036 |    00000425  C$main.c$
     00000425  C$main.c$ |    00000425  C$main.c$ |    00000426  A$lcc8036
     00000428  A$lcc8036 |    00000428  C$main.c$ |    0000042B  A$lcc8036
     0000042C  A$lcc8036 |    0000042D  A$lcc8036 |    0000042E  A$lcc8036
     0000042F  A$lcc8036 |    00000432  A$lcc8036 |    00000433  A$lcc8036
     00000434  A$lcc8036 |    00000435  A$lcc8036 |    00000438  A$lcc8036
     0000043A  A$lcc8036 |    0000043B  A$lcc8036 |    0000043E  A$lcc8036
     0000043F  A$lcc8036 |    00000440  A$lcc8036 |    00000441  A$lcc8036
     00000442  A$lcc8036 |    00000445  A$lcc8036 |    00000446  A$lcc8036
     00000447  A$lcc8036 |    00000448  A$lcc8036 |    0000044B  A$lcc8036
     0000044D  A$lcc8036 |    0000044F  A$lcc8036 |    00000450  A$lcc8036
     00000451  A$lcc8036 |    00000452  A$lcc8036 |    00000453  A$lcc8036
     00000455  A$lcc8036 |    00000456  A$lcc8036 |    00000459  A$lcc8036
     0000045B  A$lcc8036 |    0000045B  C$main.c$ |    0000045B  C$main.c$
     0000045E  A$lcc8036 |    00000460  A$lcc8036 |    00000462  A$lcc8036
     00000462  C$main.c$ |    00000465  A$lcc8036 |    00000466  A$lcc8036
     00000467  A$lcc8036 |    00000468  A$lcc8036 |    00000469  A$lcc8036
     0000046C  A$lcc8036 |    0000046D  A$lcc8036 |    0000046E  A$lcc8036
     0000046F  A$lcc8036 |    00000472  A$lcc8036 |    00000474  A$lcc8036
     00000475  A$lcc8036 |    00000478  A$lcc8036 |    00000479  A$lcc8036
ASxxxx Linker V03.00 + NoICE + sdld,  page 6.
Hexadecimal  [32-Bits]

Area                       Addr        Size        Decimal Bytes (Attributes)
--------------------       ----        ----        ------- ----- ------------
_CODE                  00000200    000014A5 =        5285. bytes (REL,CON)

        Value  Global            Value  Global            Value  Global    
        -----  ------            -----  ------            -----  ------    
     0000047A  A$lcc8036 |    0000047B  A$lcc8036 |    0000047C  A$lcc8036
     0000047F  A$lcc8036 |    00000480  A$lcc8036 |    00000481  A$lcc8036
     00000482  A$lcc8036 |    00000485  A$lcc8036 |    00000487  A$lcc8036
     00000489  A$lcc8036 |    0000048A  A$lcc8036 |    0000048B  A$lcc8036
     0000048C  A$lcc8036 |    0000048D  A$lcc8036 |    0000048F  A$lcc8036
     00000490  A$lcc8036 |    00000493  A$lcc8036 |    00000495  A$lcc8036
     00000495  C$main.c$ |    00000495  C$main.c$ |    00000498  A$lcc8036
     00000499  A$lcc8036 |    0000049B  A$lcc8036 |    0000049E  A$lcc8036
     0000049F  A$lcc8036 |    000004A0  A$lcc8036 |    000004A3  A$lcc8036
     000004A5  A$lcc8036 |    000004A6  A$lcc8036 |    000004A7  A$lcc8036
     000004A9  A$lcc8036 |    000004A9  C$main.c$ |    000004AC  A$lcc8036
     000004AD  A$lcc8036 |    000004AE  A$lcc8036 |    000004AF  A$lcc8036
     000004AF  C$main.c$ |    000004B2  A$lcc8036 |    000004B4  A$lcc8036
     000004B6  A$lcc8036 |    000004B6  C$main.c$ |    000004B9  A$lcc8036
     000004BA  A$lcc8036 |    000004BB  A$lcc8036 |    000004BC  A$lcc8036
     000004BD  A$lcc8036 |    000004C0  A$lcc8036 |    000004C1  A$lcc8036
     000004C2  A$lcc8036 |    000004C3  A$lcc8036 |    000004C6  A$lcc8036
     000004C8  A$lcc8036 |    000004C9  A$lcc8036 |    000004CC  A$lcc8036
     000004CD  A$lcc8036 |    000004CE  A$lcc8036 |    000004CF  A$lcc8036
     000004D0  A$lcc8036 |    000004D3  A$lcc8036 |    000004D4  A$lcc8036
     000004D5  A$lcc8036 |    000004D6  A$lcc8036 |    000004D9  A$lcc8036
     000004DB  A$lcc8036 |    000004DD  A$lcc8036 |    000004DE  A$lcc8036
     000004DF  A$lcc8036 |    000004E0  A$lcc8036 |    000004E1  A$lcc8036
     000004E3  A$lcc8036 |    000004E4  A$lcc8036 |    000004E7  A$lcc8036
     000004E9  A$lcc8036 |    000004E9  C$main.c$ |    000004E9  C$main.c$
     000004EC  A$lcc8036 |    000004EE  A$lcc8036 |    000004F0  A$lcc8036
     000004F0  C$main.c$ |    000004F3  A$lcc8036 |    000004F4  A$lcc8036
     000004F5  A$lcc8036 |    000004F6  A$lcc8036 |    000004F6  C$main.c$
     000004F9  A$lcc8036 |    000004FA  A$lcc8036 |    000004FB  A$lcc8036
     000004FC  A$lcc8036 |    000004FC  C$main.c$ |    000004FF  A$lcc8036
     00000500  A$lcc8036 |    00000501  A$lcc8036 |    00000502  A$lcc8036
     00000502  C$main.c$ |    00000505  A$lcc8036 |    00000506  A$lcc8036
     00000507  A$lcc8036 |    00000508  A$lcc8036 |    00000508  C$main.c$
     0000050B  A$lcc8036 |    0000050D  A$lcc8036 |    0000050F  A$lcc8036
     0000050F  C$main.c$ |    00000512  A$lcc8036 |    00000513  A$lcc8036
     00000514  A$lcc8036 |    00000515  A$lcc8036 |    00000516  A$lcc8036
     00000517  A$lcc8036 |    00000518  A$lcc8036 |    00000519  A$lcc8036
     0000051A  A$lcc8036 |    0000051B  A$lcc8036 |    0000051C  A$lcc8036
     0000051D  A$lcc8036 |    0000051E  A$lcc8036 |    00000521  A$lcc8036
     00000522  A$lcc8036 |    00000523  A$lcc8036 |    00000526  A$lcc8036
     00000527  A$lcc8036 |    00000528  A$lcc8036 |    00000529  A$lcc8036
     0000052A  A$lcc8036 |    0000052D  A$lcc8036 |    0000052E  A$lcc8036
     0000052F  A$lcc8036 |    00000530  A$lcc8036 |    00000533  A$lcc8036
     00000535  A$lcc8036 |    00000536  A$lcc8036 |    00000537  A$lcc8036
     00000538  A$lcc8036 |    00000539  A$lcc8036 |    0000053A  A$lcc8036
     0000053B  A$lcc8036 |    0000053C  A$lcc8036 |    0000053D  A$lcc8036
     00000540  A$lcc8036 |    00000542  A$lcc8036 |    00000542  C$main.c$
     00000542  C$main.c$ |    00000545  A$lcc8036 |    00000546  A$lcc8036
     00000548  A$lcc8036 |    0000054B  A$lcc8036 |    0000054C  A$lcc8036
     0000054D  A$lcc8036 |    00000550  A$lcc8036 |    00000552  A$lcc8036
     00000553  A$lcc8036 |    00000554  A$lcc8036 |    00000556  A$lcc8036
ASxxxx Linker V03.00 + NoICE + sdld,  page 7.
Hexadecimal  [32-Bits]

Area                       Addr        Size        Decimal Bytes (Attributes)
--------------------       ----        ----        ------- ----- ------------
_CODE                  00000200    000014A5 =        5285. bytes (REL,CON)

        Value  Global            Value  Global            Value  Global    
        -----  ------            -----  ------            -----  ------    
     00000556  C$main.c$ |    00000559  A$lcc8036 |    0000055A  A$lcc8036
     0000055B  A$lcc8036 |    0000055C  A$lcc8036 |    0000055C  C$main.c$
     0000055F  A$lcc8036 |    00000560  A$lcc8036 |    00000561  A$lcc8036
     00000562  A$lcc8036 |    00000562  C$main.c$ |    00000565  A$lcc8036
     00000566  A$lcc8036 |    00000567  A$lcc8036 |    00000567  C$main.c$
     00000567  XG$scroll |    00000568  A$lcc8036 |    00000568  C$main.c$
     00000568  G$win_che |    00000568  _win_chec |    0000056A  A$lcc8036
     0000056A  C$main.c$ |    0000056C  A$lcc8036 |    0000056D  A$lcc8036
     0000056F  A$lcc8036 |    00000570  A$lcc8036 |    00000571  A$lcc8036
     00000572  A$lcc8036 |    00000573  A$lcc8036 |    00000574  A$lcc8036
     00000575  A$lcc8036 |    00000578  A$lcc8036 |    00000579  A$lcc8036
     0000057A  A$lcc8036 |    0000057B  A$lcc8036 |    0000057D  A$lcc8036
     0000057E  A$lcc8036 |    0000057F  A$lcc8036 |    00000580  A$lcc8036
     00000582  A$lcc8036 |    00000583  A$lcc8036 |    00000584  A$lcc8036
     00000585  A$lcc8036 |    00000586  A$lcc8036 |    00000588  A$lcc8036
     0000058A  A$lcc8036 |    0000058B  A$lcc8036 |    0000058C  A$lcc8036
     0000058D  A$lcc8036 |    0000058E  A$lcc8036 |    0000058F  A$lcc8036
     00000590  A$lcc8036 |    00000593  A$lcc8036 |    00000594  A$lcc8036
     00000595  A$lcc8036 |    00000596  A$lcc8036 |    00000597  A$lcc8036
     00000598  A$lcc8036 |    00000599  A$lcc8036 |    0000059B  A$lcc8036
     0000059D  A$lcc8036 |    0000059E  A$lcc8036 |    000005A0  A$lcc8036
     000005A1  A$lcc8036 |    000005A3  A$lcc8036 |    000005A4  A$lcc8036
     000005A6  A$lcc8036 |    000005A7  A$lcc8036 |    000005A9  A$lcc8036
     000005AA  A$lcc8036 |    000005AC  A$lcc8036 |    000005AC  C$main.c$
     000005AE  A$lcc8036 |    000005AF  A$lcc8036 |    000005B1  A$lcc8036
     000005B2  A$lcc8036 |    000005B3  A$lcc8036 |    000005B4  A$lcc8036
     000005B5  A$lcc8036 |    000005B6  A$lcc8036 |    000005B7  A$lcc8036
     000005BA  A$lcc8036 |    000005BB  A$lcc8036 |    000005BC  A$lcc8036
     000005BD  A$lcc8036 |    000005BF  A$lcc8036 |    000005C0  A$lcc8036
     000005C1  A$lcc8036 |    000005C2  A$lcc8036 |    000005C4  A$lcc8036
     000005C5  A$lcc8036 |    000005C6  A$lcc8036 |    000005C7  A$lcc8036
     000005C8  A$lcc8036 |    000005CA  A$lcc8036 |    000005CC  A$lcc8036
     000005CE  A$lcc8036 |    000005CF  A$lcc8036 |    000005D0  A$lcc8036
     000005D1  A$lcc8036 |    000005D4  A$lcc8036 |    000005D5  A$lcc8036
     000005D6  A$lcc8036 |    000005D7  A$lcc8036 |    000005D9  A$lcc8036
     000005DB  A$lcc8036 |    000005DD  A$lcc8036 |    000005DF  A$lcc8036
     000005E1  A$lcc8036 |    000005E3  A$lcc8036 |    000005E3  C$main.c$
     000005E5  A$lcc8036 |    000005E6  A$lcc8036 |    000005E7  A$lcc8036
     000005E8  A$lcc8036 |    000005EB  A$lcc8036 |    000005EC  A$lcc8036
     000005ED  A$lcc8036 |    000005EE  A$lcc8036 |    000005F0  A$lcc8036
     000005F1  A$lcc8036 |    000005F2  A$lcc8036 |    000005F3  A$lcc8036
     000005F5  A$lcc8036 |    000005F6  A$lcc8036 |    000005F7  A$lcc8036
     000005F8  A$lcc8036 |    000005F9  A$lcc8036 |    000005FA  A$lcc8036
     000005FB  A$lcc8036 |    000005FC  A$lcc8036 |    000005FD  A$lcc8036
     000005FF  A$lcc8036 |    00000601  A$lcc8036 |    00000602  A$lcc8036
     00000603  A$lcc8036 |    00000604  A$lcc8036 |    00000605  A$lcc8036
     00000606  A$lcc8036 |    00000607  A$lcc8036 |    0000060A  A$lcc8036
     0000060B  A$lcc8036 |    0000060C  A$lcc8036 |    0000060D  A$lcc8036
     0000060F  A$lcc8036 |    00000610  A$lcc8036 |    00000611  A$lcc8036
     00000612  A$lcc8036 |    00000614  A$lcc8036 |    00000615  A$lcc8036
     00000617  A$lcc8036 |    00000618  A$lcc8036 |    00000619  A$lcc8036
ASxxxx Linker V03.00 + NoICE + sdld,  page 8.
Hexadecimal  [32-Bits]

Area                       Addr        Size        Decimal Bytes (Attributes)
--------------------       ----        ----        ------- ----- ------------
_CODE                  00000200    000014A5 =        5285. bytes (REL,CON)

        Value  Global            Value  Global            Value  Global    
        -----  ------            -----  ------            -----  ------    
     0000061A  A$lcc8036 |    0000061C  A$lcc8036 |    0000061E  A$lcc8036
     00000620  A$lcc8036 |    00000622  A$lcc8036 |    00000624  A$lcc8036
     00000626  A$lcc8036 |    00000626  C$main.c$ |    00000628  A$lcc8036
     00000629  A$lcc8036 |    0000062B  A$lcc8036 |    0000062C  A$lcc8036
     0000062E  A$lcc8036 |    0000062F  A$lcc8036 |    00000631  A$lcc8036
     00000632  A$lcc8036 |    00000634  A$lcc8036 |    00000636  A$lcc8036
     00000638  A$lcc8036 |    00000639  A$lcc8036 |    0000063B  A$lcc8036
     0000063C  A$lcc8036 |    0000063E  A$lcc8036 |    0000063F  A$lcc8036
     00000640  A$lcc8036 |    00000641  A$lcc8036 |    00000642  A$lcc8036
     00000643  A$lcc8036 |    00000644  A$lcc8036 |    00000644  C$main.c$
     00000646  A$lcc8036 |    00000647  A$lcc8036 |    00000648  A$lcc8036
     00000649  A$lcc8036 |    0000064A  A$lcc8036 |    0000064B  A$lcc8036
     0000064C  A$lcc8036 |    0000064C  C$main.c$ |    0000064F  A$lcc8036
     00000650  A$lcc8036 |    00000651  A$lcc8036 |    00000654  A$lcc8036
     00000655  A$lcc8036 |    00000656  A$lcc8036 |    00000657  A$lcc8036
     00000659  A$lcc8036 |    0000065A  A$lcc8036 |    0000065B  A$lcc8036
     0000065D  A$lcc8036 |    0000065D  C$main.c$ |    00000660  A$lcc8036
     00000661  A$lcc8036 |    00000664  A$lcc8036 |    00000665  A$lcc8036
     00000668  A$lcc8036 |    00000669  A$lcc8036 |    0000066C  A$lcc8036
     0000066E  A$lcc8036 |    0000066E  C$main.c$ |    00000671  A$lcc8036
     00000674  A$lcc8036 |    00000674  C$main.c$ |    00000675  A$lcc8036
     00000677  A$lcc8036 |    00000679  A$lcc8036 |    0000067A  A$lcc8036
     0000067C  A$lcc8036 |    0000067E  A$lcc8036 |    0000067E  C$main.c$
     00000681  A$lcc8036 |    00000682  A$lcc8036 |    00000685  A$lcc8036
     00000686  A$lcc8036 |    00000689  A$lcc8036 |    0000068A  A$lcc8036
     0000068D  A$lcc8036 |    0000068F  A$lcc8036 |    0000068F  C$main.c$
     00000692  A$lcc8036 |    00000694  A$lcc8036 |    00000694  C$main.c$
     00000695  A$lcc8036 |    00000697  A$lcc8036 |    00000699  A$lcc8036
     0000069A  A$lcc8036 |    0000069C  A$lcc8036 |    0000069E  A$lcc8036
     0000069E  C$main.c$ |    000006A1  A$lcc8036 |    000006A2  A$lcc8036
     000006A5  A$lcc8036 |    000006A6  A$lcc8036 |    000006A9  A$lcc8036
     000006AA  A$lcc8036 |    000006AD  A$lcc8036 |    000006AF  A$lcc8036
     000006AF  C$main.c$ |    000006B2  A$lcc8036 |    000006B4  A$lcc8036
     000006B4  C$main.c$ |    000006B5  A$lcc8036 |    000006B7  A$lcc8036
     000006B9  A$lcc8036 |    000006BA  A$lcc8036 |    000006BC  A$lcc8036
     000006BE  A$lcc8036 |    000006BE  C$main.c$ |    000006C1  A$lcc8036
     000006C2  A$lcc8036 |    000006C5  A$lcc8036 |    000006C6  A$lcc8036
     000006C9  A$lcc8036 |    000006CA  A$lcc8036 |    000006CD  A$lcc8036
     000006CF  A$lcc8036 |    000006CF  C$main.c$ |    000006D2  A$lcc8036
     000006D4  A$lcc8036 |    000006D4  C$main.c$ |    000006D5  A$lcc8036
     000006D7  A$lcc8036 |    000006D9  A$lcc8036 |    000006DA  A$lcc8036
     000006DC  A$lcc8036 |    000006DE  A$lcc8036 |    000006DE  C$main.c$
     000006E1  A$lcc8036 |    000006E2  A$lcc8036 |    000006E5  A$lcc8036
     000006E6  A$lcc8036 |    000006E9  A$lcc8036 |    000006EA  A$lcc8036
     000006ED  A$lcc8036 |    000006EF  A$lcc8036 |    000006EF  C$main.c$
     000006F2  A$lcc8036 |    000006F4  A$lcc8036 |    000006F4  C$main.c$
     000006F7  A$lcc8036 |    000006F9  A$lcc8036 |    000006F9  C$main.c$
     000006F9  XG$win_ch |    000006FA  A$lcc8036 |    000006FA  C$main.c$
     000006FA  G$collide |    000006FA  _collide_ |    000006FC  A$lcc8036
     000006FC  C$main.c$ |    000006FF  A$lcc8036 |    00000700  A$lcc8036
     00000701  A$lcc8036 |    00000702  A$lcc8036 |    00000703  A$lcc8036
ASxxxx Linker V03.00 + NoICE + sdld,  page 9.
Hexadecimal  [32-Bits]

Area                       Addr        Size        Decimal Bytes (Attributes)
--------------------       ----        ----        ------- ----- ------------
_CODE                  00000200    000014A5 =        5285. bytes (REL,CON)

        Value  Global            Value  Global            Value  Global    
        -----  ------            -----  ------            -----  ------    
     00000705  A$lcc8036 |    00000706  A$lcc8036 |    00000707  A$lcc8036
     00000708  A$lcc8036 |    00000709  A$lcc8036 |    0000070B  A$lcc8036
     0000070D  A$lcc8036 |    0000070D  C$main.c$ |    0000070F  A$lcc8036
     00000711  A$lcc8036 |    00000711  C$main.c$ |    00000713  A$lcc8036
     00000715  A$lcc8036 |    00000717  A$lcc8036 |    00000717  C$main.c$
     00000719  A$lcc8036 |    0000071B  A$lcc8036 |    0000071B  C$main.c$
     0000071D  A$lcc8036 |    0000071F  A$lcc8036 |    0000071F  C$main.c$
     00000721  A$lcc8036 |    00000722  A$lcc8036 |    00000724  A$lcc8036
     00000725  A$lcc8036 |    00000726  A$lcc8036 |    00000727  A$lcc8036
     00000728  A$lcc8036 |    00000729  A$lcc8036 |    0000072A  A$lcc8036
     0000072D  A$lcc8036 |    0000072E  A$lcc8036 |    0000072F  A$lcc8036
     00000730  A$lcc8036 |    00000732  A$lcc8036 |    00000733  A$lcc8036
     00000734  A$lcc8036 |    00000735  A$lcc8036 |    00000737  A$lcc8036
     00000738  A$lcc8036 |    00000739  A$lcc8036 |    0000073A  A$lcc8036
     0000073B  A$lcc8036 |    0000073D  A$lcc8036 |    0000073F  A$lcc8036
     00000740  A$lcc8036 |    00000741  A$lcc8036 |    00000742  A$lcc8036
     00000743  A$lcc8036 |    00000744  A$lcc8036 |    00000745  A$lcc8036
     00000748  A$lcc8036 |    00000749  A$lcc8036 |    0000074A  A$lcc8036
     0000074B  A$lcc8036 |    0000074D  A$lcc8036 |    0000074F  A$lcc8036
     00000751  A$lcc8036 |    00000753  A$lcc8036 |    00000755  A$lcc8036
     00000757  A$lcc8036 |    00000757  C$main.c$ |    0000075A  A$lcc8036
     0000075B  A$lcc8036 |    0000075C  A$lcc8036 |    0000075D  A$lcc8036
     0000075E  A$lcc8036 |    0000075F  A$lcc8036 |    00000760  A$lcc8036
     00000761  A$lcc8036 |    00000762  A$lcc8036 |    00000762  C$main.c$
     00000763  A$lcc8036 |    00000765  A$lcc8036 |    00000766  A$lcc8036
     00000767  A$lcc8036 |    00000769  A$lcc8036 |    0000076C  A$lcc8036
     0000076E  A$lcc8036 |    0000076F  A$lcc8036 |    0000076F  C$main.c$
     00000771  A$lcc8036 |    00000772  A$lcc8036 |    00000774  A$lcc8036
     00000775  A$lcc8036 |    00000777  A$lcc8036 |    00000779  A$lcc8036
     0000077A  A$lcc8036 |    0000077C  A$lcc8036 |    0000077E  A$lcc8036
     0000077F  A$lcc8036 |    00000780  A$lcc8036 |    00000781  A$lcc8036
     00000782  A$lcc8036 |    00000783  A$lcc8036 |    00000784  A$lcc8036
     00000786  A$lcc8036 |    00000787  A$lcc8036 |    00000789  A$lcc8036
     0000078A  A$lcc8036 |    0000078B  A$lcc8036 |    0000078C  A$lcc8036
     0000078D  A$lcc8036 |    0000078E  A$lcc8036 |    0000078F  A$lcc8036
     00000790  A$lcc8036 |    00000791  A$lcc8036 |    00000792  A$lcc8036
     00000793  A$lcc8036 |    00000795  A$lcc8036 |    00000796  A$lcc8036
     00000798  A$lcc8036 |    00000799  A$lcc8036 |    0000079B  A$lcc8036
     0000079C  A$lcc8036 |    0000079E  A$lcc8036 |    0000079F  A$lcc8036
     000007A1  A$lcc8036 |    000007A3  A$lcc8036 |    000007A5  A$lcc8036
     000007A6  A$lcc8036 |    000007A7  A$lcc8036 |    000007AA  A$lcc8036
     000007AB  A$lcc8036 |    000007AC  A$lcc8036 |    000007AD  A$lcc8036
     000007AF  A$lcc8036 |    000007B0  A$lcc8036 |    000007B1  A$lcc8036
     000007B2  A$lcc8036 |    000007B4  A$lcc8036 |    000007B5  A$lcc8036
     000007B7  A$lcc8036 |    000007B9  A$lcc8036 |    000007BA  A$lcc8036
     000007BC  A$lcc8036 |    000007BD  A$lcc8036 |    000007BF  A$lcc8036
     000007C0  A$lcc8036 |    000007C2  A$lcc8036 |    000007C3  A$lcc8036
     000007C5  A$lcc8036 |    000007C6  A$lcc8036 |    000007C8  A$lcc8036
     000007C8  C$main.c$ |    000007CA  A$lcc8036 |    000007CB  A$lcc8036
     000007CC  A$lcc8036 |    000007CE  A$lcc8036 |    000007CF  A$lcc8036
     000007D0  A$lcc8036 |    000007D1  A$lcc8036 |    000007D2  A$lcc8036
ASxxxx Linker V03.00 + NoICE + sdld,  page 10.
Hexadecimal  [32-Bits]

Area                       Addr        Size        Decimal Bytes (Attributes)
--------------------       ----        ----        ------- ----- ------------
_CODE                  00000200    000014A5 =        5285. bytes (REL,CON)

        Value  Global            Value  Global            Value  Global    
        -----  ------            -----  ------            -----  ------    
     000007D3  A$lcc8036 |    000007D4  A$lcc8036 |    000007D6  A$lcc8036
     000007D7  A$lcc8036 |    000007D8  A$lcc8036 |    000007D9  A$lcc8036
     000007DA  A$lcc8036 |    000007DB  A$lcc8036 |    000007DC  A$lcc8036
     000007DE  A$lcc8036 |    000007DF  A$lcc8036 |    000007E0  A$lcc8036
     000007E1  A$lcc8036 |    000007E3  A$lcc8036 |    000007E4  A$lcc8036
     000007E5  A$lcc8036 |    000007E6  A$lcc8036 |    000007E7  A$lcc8036
     000007E8  A$lcc8036 |    000007E9  A$lcc8036 |    000007EA  A$lcc8036
     000007EB  A$lcc8036 |    000007ED  A$lcc8036 |    000007EF  A$lcc8036
     000007F0  A$lcc8036 |    000007F1  A$lcc8036 |    000007F2  A$lcc8036
     000007F3  A$lcc8036 |    000007F6  A$lcc8036 |    000007F7  A$lcc8036
     000007F8  A$lcc8036 |    000007F9  A$lcc8036 |    000007FB  A$lcc8036
     000007FC  A$lcc8036 |    000007FD  A$lcc8036 |    000007FE  A$lcc8036
     00000800  A$lcc8036 |    00000801  A$lcc8036 |    00000803  A$lcc8036
     00000804  A$lcc8036 |    00000805  A$lcc8036 |    00000805  C$main.c$
     00000806  A$lcc8036 |    00000807  A$lcc8036 |    00000809  A$lcc8036
     0000080B  A$lcc8036 |    0000080D  A$lcc8036 |    0000080F  A$lcc8036
     00000811  A$lcc8036 |    00000813  A$lcc8036 |    00000814  A$lcc8036
     00000815  A$lcc8036 |    00000817  A$lcc8036 |    00000818  A$lcc8036
     00000819  A$lcc8036 |    0000081A  A$lcc8036 |    0000081B  A$lcc8036
     0000081C  A$lcc8036 |    0000081F  A$lcc8036 |    00000820  A$lcc8036
     00000821  A$lcc8036 |    00000822  A$lcc8036 |    00000824  A$lcc8036
     00000825  A$lcc8036 |    00000827  A$lcc8036 |    00000827  C$main.c$
     00000828  A$lcc8036 |    0000082A  A$lcc8036 |    0000082B  A$lcc8036
     0000082C  A$lcc8036 |    0000082D  A$lcc8036 |    0000082E  A$lcc8036
     00000831  A$lcc8036 |    00000832  A$lcc8036 |    00000834  A$lcc8036
     00000835  A$lcc8036 |    00000836  A$lcc8036 |    00000838  A$lcc8036
     00000838  C$main.c$ |    0000083B  A$lcc8036 |    0000083C  A$lcc8036
     0000083D  A$lcc8036 |    0000083E  A$lcc8036 |    0000083F  A$lcc8036
     00000841  A$lcc8036 |    00000842  A$lcc8036 |    00000843  A$lcc8036
     00000844  A$lcc8036 |    00000845  A$lcc8036 |    00000847  A$lcc8036
     00000849  A$lcc8036 |    00000849  C$main.c$ |    0000084B  A$lcc8036
     0000084C  A$lcc8036 |    0000084E  A$lcc8036 |    0000084F  A$lcc8036
     00000851  A$lcc8036 |    00000853  A$lcc8036 |    00000854  A$lcc8036
     00000856  A$lcc8036 |    00000857  A$lcc8036 |    00000858  A$lcc8036
     0000085A  A$lcc8036 |    0000085B  A$lcc8036 |    0000085D  A$lcc8036
     0000085F  A$lcc8036 |    00000860  A$lcc8036 |    00000862  A$lcc8036
     00000863  A$lcc8036 |    00000865  A$lcc8036 |    00000868  A$lcc8036
     00000869  A$lcc8036 |    0000086B  A$lcc8036 |    0000086C  A$lcc8036
     0000086D  A$lcc8036 |    0000086F  A$lcc8036 |    00000870  A$lcc8036
     00000873  A$lcc8036 |    00000873  C$main.c$ |    00000876  A$lcc8036
     00000879  A$lcc8036 |    00000879  C$main.c$ |    00000879  C$main.c$
     0000087A  A$lcc8036 |    0000087C  A$lcc8036 |    0000087D  A$lcc8036
     0000087F  A$lcc8036 |    00000880  A$lcc8036 |    00000882  A$lcc8036
     00000883  A$lcc8036 |    00000885  A$lcc8036 |    00000885  C$main.c$
     00000887  A$lcc8036 |    00000888  A$lcc8036 |    0000088A  A$lcc8036
     0000088B  A$lcc8036 |    0000088D  A$lcc8036 |    0000088F  A$lcc8036
     00000890  A$lcc8036 |    00000892  A$lcc8036 |    00000893  A$lcc8036
     00000894  A$lcc8036 |    00000896  A$lcc8036 |    00000897  A$lcc8036
     00000899  A$lcc8036 |    0000089B  A$lcc8036 |    0000089C  A$lcc8036
     0000089E  A$lcc8036 |    0000089F  A$lcc8036 |    000008A1  A$lcc8036
     000008A3  A$lcc8036 |    000008A4  A$lcc8036 |    000008A6  A$lcc8036
ASxxxx Linker V03.00 + NoICE + sdld,  page 11.
Hexadecimal  [32-Bits]

Area                       Addr        Size        Decimal Bytes (Attributes)
--------------------       ----        ----        ------- ----- ------------
_CODE                  00000200    000014A5 =        5285. bytes (REL,CON)

        Value  Global            Value  Global            Value  Global    
        -----  ------            -----  ------            -----  ------    
     000008A7  A$lcc8036 |    000008A8  A$lcc8036 |    000008AA  A$lcc8036
     000008AB  A$lcc8036 |    000008AD  A$lcc8036 |    000008AD  C$main.c$
     000008B0  A$lcc8036 |    000008B2  A$lcc8036 |    000008B5  A$lcc8036
     000008B5  C$main.c$ |    000008B8  A$lcc8036 |    000008B9  A$lcc8036
     000008BC  A$lcc8036 |    000008BC  C$main.c$ |    000008BF  A$lcc8036
     000008C2  A$lcc8036 |    000008C2  C$main.c$ |    000008C4  A$lcc8036
     000008C5  A$lcc8036 |    000008C7  A$lcc8036 |    000008C8  A$lcc8036
     000008CA  A$lcc8036 |    000008CC  A$lcc8036 |    000008CD  A$lcc8036
     000008CE  A$lcc8036 |    000008D0  A$lcc8036 |    000008D1  A$lcc8036
     000008D2  A$lcc8036 |    000008D4  A$lcc8036 |    000008D5  A$lcc8036
     000008D7  A$lcc8036 |    000008D8  A$lcc8036 |    000008DA  A$lcc8036
     000008DB  A$lcc8036 |    000008DC  A$lcc8036 |    000008DE  A$lcc8036
     000008DF  A$lcc8036 |    000008E0  A$lcc8036 |    000008E2  A$lcc8036
     000008E3  A$lcc8036 |    000008E5  A$lcc8036 |    000008E6  A$lcc8036
     000008E7  A$lcc8036 |    000008E7  C$main.c$ |    000008E8  A$lcc8036
     000008EA  A$lcc8036 |    000008EB  A$lcc8036 |    000008ED  A$lcc8036
     000008ED  C$main.c$ |    000008EF  A$lcc8036 |    000008F1  A$lcc8036
     000008F3  A$lcc8036 |    000008F5  A$lcc8036 |    000008F7  A$lcc8036
     000008F9  A$lcc8036 |    000008FB  A$lcc8036 |    000008FD  A$lcc8036
     000008FF  A$lcc8036 |    000008FF  C$main.c$ |    00000902  A$lcc8036
     00000904  A$lcc8036 |    00000906  A$lcc8036 |    00000906  C$main.c$
     00000909  A$lcc8036 |    0000090A  A$lcc8036 |    0000090C  A$lcc8036
     0000090C  C$main.c$ |    0000090F  A$lcc8036 |    00000911  A$lcc8036
     00000911  C$main.c$ |    00000912  A$lcc8036 |    00000914  A$lcc8036
     00000915  A$lcc8036 |    00000917  A$lcc8036 |    00000917  C$main.c$
     00000919  A$lcc8036 |    0000091B  A$lcc8036 |    0000091D  A$lcc8036
     0000091F  A$lcc8036 |    00000921  A$lcc8036 |    00000923  A$lcc8036
     00000925  A$lcc8036 |    00000927  A$lcc8036 |    00000929  A$lcc8036
     00000929  C$main.c$ |    0000092C  A$lcc8036 |    0000092E  A$lcc8036
     00000930  A$lcc8036 |    00000930  C$main.c$ |    00000933  A$lcc8036
     00000934  A$lcc8036 |    00000936  A$lcc8036 |    00000936  C$main.c$
     00000939  A$lcc8036 |    0000093B  A$lcc8036 |    0000093B  C$main.c$
     0000093C  A$lcc8036 |    0000093E  A$lcc8036 |    0000093F  A$lcc8036
     00000941  A$lcc8036 |    00000941  C$main.c$ |    00000943  A$lcc8036
     00000945  A$lcc8036 |    00000947  A$lcc8036 |    00000949  A$lcc8036
     0000094B  A$lcc8036 |    0000094D  A$lcc8036 |    0000094F  A$lcc8036
     00000951  A$lcc8036 |    00000953  A$lcc8036 |    00000953  C$main.c$
     00000956  A$lcc8036 |    00000958  A$lcc8036 |    0000095A  A$lcc8036
     0000095A  C$main.c$ |    0000095D  A$lcc8036 |    0000095E  A$lcc8036
     00000960  A$lcc8036 |    00000960  C$main.c$ |    00000963  A$lcc8036
     00000965  A$lcc8036 |    00000965  C$main.c$ |    00000966  A$lcc8036
     00000968  A$lcc8036 |    00000969  A$lcc8036 |    0000096B  A$lcc8036
     0000096B  C$main.c$ |    0000096E  A$lcc8036 |    0000096F  A$lcc8036
     00000970  A$lcc8036 |    00000971  A$lcc8036 |    00000972  A$lcc8036
     00000973  A$lcc8036 |    00000976  A$lcc8036 |    00000977  A$lcc8036
     00000979  A$lcc8036 |    00000979  C$main.c$ |    00000979  XG$collid
     0000097A  A$lcc8036 |    0000097A  C$main.c$ |    0000097A  C$main.c$
     0000097A  G$animate |    0000097A  _animate_ |    0000097D  A$lcc8036
     0000097E  A$lcc8036 |    0000097E  C$main.c$ |    00000981  A$lcc8036
     00000982  A$lcc8036 |    00000982  C$main.c$ |    00000984  A$lcc8036
     00000984  C$main.c$ |    00000987  A$lcc8036 |    00000989  A$lcc8036
ASxxxx Linker V03.00 + NoICE + sdld,  page 12.
Hexadecimal  [32-Bits]

Area                       Addr        Size        Decimal Bytes (Attributes)
--------------------       ----        ----        ------- ----- ------------
_CODE                  00000200    000014A5 =        5285. bytes (REL,CON)

        Value  Global            Value  Global            Value  Global    
        -----  ------            -----  ------            -----  ------    
     0000098B  A$lcc8036 |    0000098B  C$main.c$ |    0000098E  A$lcc8036
     00000991  A$lcc8036 |    00000992  A$lcc8036 |    00000993  A$lcc8036
     00000994  A$lcc8036 |    00000996  A$lcc8036 |    00000997  A$lcc8036
     00000999  A$lcc8036 |    0000099A  A$lcc8036 |    0000099B  A$lcc8036
     0000099B  C$main.c$ |    0000099D  A$lcc8036 |    0000099E  A$lcc8036
     000009A0  A$lcc8036 |    000009A2  A$lcc8036 |    000009A2  C$main.c$
     000009A4  A$lcc8036 |    000009A5  A$lcc8036 |    000009A6  A$lcc8036
     000009A7  A$lcc8036 |    000009A8  A$lcc8036 |    000009AB  A$lcc8036
     000009AC  A$lcc8036 |    000009AD  A$lcc8036 |    000009AE  A$lcc8036
     000009AE  C$main.c$ |    000009AF  A$lcc8036 |    000009B1  A$lcc8036
     000009B2  A$lcc8036 |    000009B3  A$lcc8036 |    000009B4  A$lcc8036
     000009B5  A$lcc8036 |    000009B8  A$lcc8036 |    000009B9  A$lcc8036
     000009BA  A$lcc8036 |    000009BA  C$main.c$ |    000009BB  A$lcc8036
     000009BD  A$lcc8036 |    000009BF  A$lcc8036 |    000009C1  A$lcc8036
     000009C2  A$lcc8036 |    000009C4  A$lcc8036 |    000009C4  C$main.c$
     000009C5  A$lcc8036 |    000009C6  A$lcc8036 |    000009C8  A$lcc8036
     000009C9  A$lcc8036 |    000009CA  A$lcc8036 |    000009CB  A$lcc8036
     000009CE  A$lcc8036 |    000009D0  A$lcc8036 |    000009D1  A$lcc8036
     000009D1  C$main.c$ |    000009D2  A$lcc8036 |    000009D4  A$lcc8036
     000009D6  A$lcc8036 |    000009D8  A$lcc8036 |    000009D9  A$lcc8036
     000009DB  A$lcc8036 |    000009DB  C$main.c$ |    000009DC  A$lcc8036
     000009DE  A$lcc8036 |    000009DF  A$lcc8036 |    000009E0  A$lcc8036
     000009E1  A$lcc8036 |    000009E4  A$lcc8036 |    000009E6  A$lcc8036
     000009E6  C$main.c$ |    000009E7  A$lcc8036 |    000009E9  A$lcc8036
     000009E9  C$main.c$ |    000009EC  A$lcc8036 |    000009EE  A$lcc8036
     000009F0  A$lcc8036 |    000009F3  A$lcc8036 |    000009F4  A$lcc8036
     000009F5  A$lcc8036 |    000009F7  A$lcc8036 |    000009F7  C$main.c$
     000009F9  A$lcc8036 |    000009F9  C$main.c$ |    000009FC  A$lcc8036
     000009FD  A$lcc8036 |    000009FE  A$lcc8036 |    000009FE  C$main.c$
     00000A01  A$lcc8036 |    00000A03  A$lcc8036 |    00000A04  A$lcc8036
     00000A04  C$main.c$ |    00000A07  A$lcc8036 |    00000A08  A$lcc8036
     00000A09  A$lcc8036 |    00000A0B  A$lcc8036 |    00000A0C  A$lcc8036
     00000A0F  A$lcc8036 |    00000A10  A$lcc8036 |    00000A11  A$lcc8036
     00000A14  A$lcc8036 |    00000A16  A$lcc8036 |    00000A17  A$lcc8036
     00000A1A  A$lcc8036 |    00000A1B  A$lcc8036 |    00000A1C  A$lcc8036
     00000A1D  A$lcc8036 |    00000A1D  C$main.c$ |    00000A1E  A$lcc8036
     00000A20  A$lcc8036 |    00000A20  C$main.c$ |    00000A21  A$lcc8036
     00000A23  A$lcc8036 |    00000A24  A$lcc8036 |    00000A26  A$lcc8036
     00000A27  A$lcc8036 |    00000A28  A$lcc8036 |    00000A2B  A$lcc8036
     00000A2D  A$lcc8036 |    00000A2D  C$main.c$ |    00000A30  A$lcc8036
     00000A32  A$lcc8036 |    00000A32  C$main.c$ |    00000A35  A$lcc8036
     00000A37  A$lcc8036 |    00000A38  A$lcc8036 |    00000A38  C$main.c$
     00000A39  A$lcc8036 |    00000A3A  A$lcc8036 |    00000A3D  A$lcc8036
     00000A3E  A$lcc8036 |    00000A41  A$lcc8036 |    00000A43  A$lcc8036
     00000A43  C$main.c$ |    00000A43  XG$animat |    00000A44  A$lcc8036
     00000A44  C$main.c$ |    00000A44  C$main.c$ |    00000A44  G$main$0$
     00000A44  _main     |    00000A46  A$lcc8036 |    00000A48  A$lcc8036
     00000A48  C$main.c$ |    00000A49  A$lcc8036 |    00000A4B  A$lcc8036
     00000A4B  C$main.c$ |    00000A4C  A$lcc8036 |    00000A4C  C$main.c$
     00000A4F  A$lcc8036 |    00000A50  A$lcc8036 |    00000A53  A$lcc8036
     00000A54  A$lcc8036 |    00000A55  A$lcc8036 |    00000A55  C$main.c$
ASxxxx Linker V03.00 + NoICE + sdld,  page 13.
Hexadecimal  [32-Bits]

Area                       Addr        Size        Decimal Bytes (Attributes)
--------------------       ----        ----        ------- ----- ------------
_CODE                  00000200    000014A5 =        5285. bytes (REL,CON)

        Value  Global            Value  Global            Value  Global    
        -----  ------            -----  ------            -----  ------    
     00000A57  A$lcc8036 |    00000A58  A$lcc8036 |    00000A59  A$lcc8036
     00000A5C  A$lcc8036 |    00000A5D  A$lcc8036 |    00000A5D  C$main.c$
     00000A5E  A$lcc8036 |    00000A60  A$lcc8036 |    00000A60  C$main.c$
     00000A62  A$lcc8036 |    00000A64  A$lcc8036 |    00000A64  C$main.c$
     00000A66  A$lcc8036 |    00000A68  A$lcc8036 |    00000A6A  A$lcc8036
     00000A6A  C$main.c$ |    00000A6C  A$lcc8036 |    00000A6E  A$lcc8036
     00000A70  A$lcc8036 |    00000A70  C$main.c$ |    00000A72  A$lcc8036
     00000A74  A$lcc8036 |    00000A76  A$lcc8036 |    00000A76  C$main.c$
     00000A78  A$lcc8036 |    00000A7A  A$lcc8036 |    00000A7C  A$lcc8036
     00000A7C  C$main.c$ |    00000A7F  A$lcc8036 |    00000A7F  C$main.c$
     00000A7F  C$main.c$ |    00000A82  A$lcc8036 |    00000A85  A$lcc8036
     00000A85  C$main.c$ |    00000A88  A$lcc8036 |    00000A8B  A$lcc8036
     00000A8C  A$lcc8036 |    00000A8C  C$main.c$ |    00000A8F  A$lcc8036
     00000A90  A$lcc8036 |    00000A93  A$lcc8036 |    00000A94  A$lcc8036
     00000A95  A$lcc8036 |    00000A96  A$lcc8036 |    00000A97  A$lcc8036
     00000A9A  A$lcc8036 |    00000A9B  A$lcc8036 |    00000A9B  C$main.c$
     00000A9E  A$lcc8036 |    00000A9F  A$lcc8036 |    00000AA2  A$lcc8036
     00000AA2  C$main.c$ |    00000AA5  A$lcc8036 |    00000AA8  A$lcc8036
     00000AA9  A$lcc8036 |    00000AAA  A$lcc8036 |    00000AAB  A$lcc8036
     00000AAC  A$lcc8036 |    00000AAE  A$lcc8036 |    00000AB1  A$lcc8036
     00000AB3  A$lcc8036 |    00000AB5  A$lcc8036 |    00000AB5  C$main.c$
     00000AB5  C$main.c$ |    00000AB8  A$lcc8036 |    00000ABA  A$lcc8036
     00000ABC  A$lcc8036 |    00000ABF  A$lcc8036 |    00000AC1  A$lcc8036
     00000AC3  A$lcc8036 |    00000AC5  A$lcc8036 |    00000AC5  C$main.c$
     00000AC5  C$main.c$ |    00000AC7  A$lcc8036 |    00000AC9  A$lcc8036
     00000AC9  C$main.c$ |    00000ACC  A$lcc8036 |    00000ACE  A$lcc8036
     00000ACE  C$main.c$ |    00000AD1  A$lcc8036 |    00000AD3  A$lcc8036
     00000AD3  C$main.c$ |    00000AD5  A$lcc8036 |    00000AD5  C$main.c$
     00000AD5  C$main.c$ |    00000AD7  A$lcc8036 |    00000AD9  A$lcc8036
     00000AD9  C$main.c$ |    00000ADC  A$lcc8036 |    00000ADE  A$lcc8036
     00000ADE  C$main.c$ |    00000AE1  A$lcc8036 |    00000AE3  A$lcc8036
     00000AE3  C$main.c$ |    00000AE5  A$lcc8036 |    00000AE5  C$main.c$
     00000AE5  C$main.c$ |    00000AE7  A$lcc8036 |    00000AE9  A$lcc8036
     00000AE9  C$main.c$ |    00000AEC  A$lcc8036 |    00000AEE  A$lcc8036
     00000AEE  C$main.c$ |    00000AF1  A$lcc8036 |    00000AF3  A$lcc8036
     00000AF3  C$main.c$ |    00000AF6  A$lcc8036 |    00000AF8  A$lcc8036
     00000AF8  C$main.c$ |    00000AFA  A$lcc8036 |    00000AFA  C$main.c$
     00000AFA  C$main.c$ |    00000AFD  A$lcc8036 |    00000AFE  A$lcc8036
     00000AFF  A$lcc8036 |    00000B00  A$lcc8036 |    00000B01  A$lcc8036
     00000B03  A$lcc8036 |    00000B05  A$lcc8036 |    00000B06  A$lcc8036
     00000B08  A$lcc8036 |    00000B09  A$lcc8036 |    00000B0B  A$lcc8036
     00000B0D  A$lcc8036 |    00000B0F  A$lcc8036 |    00000B11  A$lcc8036
     00000B12  A$lcc8036 |    00000B14  A$lcc8036 |    00000B16  A$lcc8036
     00000B18  A$lcc8036 |    00000B19  A$lcc8036 |    00000B1B  A$lcc8036
     00000B1D  A$lcc8036 |    00000B1F  A$lcc8036 |    00000B1F  C$main.c$
     00000B22  A$lcc8036 |    00000B24  A$lcc8036 |    00000B24  C$main.c$
     00000B27  A$lcc8036 |    00000B29  A$lcc8036 |    00000B29  C$main.c$
     00000B2C  A$lcc8036 |    00000B2E  A$lcc8036 |    00000B2E  C$main.c$
     00000B2E  C$main.c$ |    00000B31  A$lcc8036 |    00000B32  A$lcc8036
     00000B34  A$lcc8036 |    00000B34  C$main.c$ |    00000B37  A$lcc8036
     00000B37  C$main.c$ |    00000B3A  A$lcc8036 |    00000B3C  A$lcc8036
ASxxxx Linker V03.00 + NoICE + sdld,  page 14.
Hexadecimal  [32-Bits]

Area                       Addr        Size        Decimal Bytes (Attributes)
--------------------       ----        ----        ------- ----- ------------
_CODE                  00000200    000014A5 =        5285. bytes (REL,CON)

        Value  Global            Value  Global            Value  Global    
        -----  ------            -----  ------            -----  ------    
     00000B3E  A$lcc8036 |    00000B41  A$lcc8036 |    00000B43  A$lcc8036
     00000B46  A$lcc8036 |    00000B47  A$lcc8036 |    00000B4A  A$lcc8036
     00000B4B  A$lcc8036 |    00000B4C  A$lcc8036 |    00000B4E  A$lcc8036
     00000B4E  C$main.c$ |    00000B51  A$lcc8036 |    00000B52  A$lcc8036
     00000B54  A$lcc8036 |    00000B54  C$main.c$ |    00000B57  A$lcc8036
     00000B57  C$main.c$ |    00000B5A  A$lcc8036 |    00000B5C  A$lcc8036
     00000B5E  A$lcc8036 |    00000B61  A$lcc8036 |    00000B63  A$lcc8036
     00000B66  A$lcc8036 |    00000B67  A$lcc8036 |    00000B6A  A$lcc8036
     00000B6B  A$lcc8036 |    00000B6C  A$lcc8036 |    00000B6E  A$lcc8036
     00000B6E  C$main.c$ |    00000B71  A$lcc8036 |    00000B72  A$lcc8036
     00000B74  A$lcc8036 |    00000B77  A$lcc8036 |    00000B78  A$lcc8036
     00000B7A  A$lcc8036 |    00000B7A  C$main.c$ |    00000B7D  A$lcc8036
     00000B7F  A$lcc8036 |    00000B7F  C$main.c$ |    00000B82  A$lcc8036
     00000B82  C$main.c$ |    00000B85  A$lcc8036 |    00000B85  C$main.c$
     00000B88  A$lcc8036 |    00000B8A  A$lcc8036 |    00000B8C  A$lcc8036
     00000B8C  C$main.c$ |    00000B8F  A$lcc8036 |    00000B8F  C$main.c$
     00000B92  A$lcc8036 |    00000B94  A$lcc8036 |    00000B96  A$lcc8036
     00000B96  C$main.c$ |    00000B99  A$lcc8036 |    00000B9A  A$lcc8036
     00000B9C  A$lcc8036 |    00000B9D  A$lcc8036 |    00000B9E  A$lcc8036
     00000BA1  A$lcc8036 |    00000BA3  A$lcc8036 |    00000BA3  C$main.c$
     00000BA6  A$lcc8036 |    00000BA6  C$main.c$ |    00000BA9  A$lcc8036
     00000BA9  C$main.c$ |    00000BA9  XG$main$0 |    00000BAC  G$BKG_MAP
     00000BAC  _BKG_MAP  |    00000FAC  G$BKG_TIL |    00000FAC  _BKG_TILE
     000011EC  G$COLLISI |    000011EC  _COLLISIO |    000015EC  G$WIN_FRO
     000015EC  _WIN_FROG |    000015F0  _get_vram |    000015FD  _get_win_
     00001605  _get_bkg_ |    0000162C  _set_vram |    0000163B  _set_win_
     00001643  _set_bkg_ |    0000166D  ___move_m
ASxxxx Linker V03.00 + NoICE + sdld,  page 15.
Hexadecimal  [32-Bits]

Area                       Addr        Size        Decimal Bytes (Attributes)
--------------------       ----        ----        ------- ----- ------------
_HEADER0               00000000    00000001 =           1. bytes (ABS,CON)

        Value  Global            Value  Global            Value  Global    
        -----  ------            -----  ------            -----  ------    
     00000020  .call_hl 
ASxxxx Linker V03.00 + NoICE + sdld,  page 16.
Hexadecimal  [32-Bits]

Area                       Addr        Size        Decimal Bytes (Attributes)
--------------------       ----        ----        ------- ----- ------------
_HEADER1               00000000    00000005 =           5. bytes (ABS,CON)

        Value  Global            Value  Global            Value  Global    
        -----  ------            -----  ------            -----  ------    
     00000028  .MemsetSm
ASxxxx Linker V03.00 + NoICE + sdld,  page 17.
Hexadecimal  [32-Bits]

Area                       Addr        Size        Decimal Bytes (Attributes)
--------------------       ----        ----        ------- ----- ------------
_HEADER2               00000000    00000007 =           7. bytes (ABS,CON)

        Value  Global            Value  Global            Value  Global    
        -----  ------            -----  ------            -----  ------    
     00000030  .MemcpySm
ASxxxx Linker V03.00 + NoICE + sdld,  page 18.
Hexadecimal  [32-Bits]

Area                       Addr        Size        Decimal Bytes (Attributes)
--------------------       ----        ----        ------- ----- ------------
_HEADER3               00000000    00000008 =           8. bytes (ABS,CON)

        Value  Global            Value  Global            Value  Global    
        -----  ------            -----  ------            -----  ------    
ASxxxx Linker V03.00 + NoICE + sdld,  page 19.
Hexadecimal  [32-Bits]

Area                       Addr        Size        Decimal Bytes (Attributes)
--------------------       ----        ----        ------- ----- ------------
_HEADER4               00000000    0000004F =          79. bytes (ABS,CON)

        Value  Global            Value  Global            Value  Global    
        -----  ------            -----  ------            -----  ------    
     00000080  .int      |    0000008F  _wait_int |    0000009C  __standar
     000000AC  _refresh_
ASxxxx Linker V03.00 + NoICE + sdld,  page 20.
Hexadecimal  [32-Bits]

Area                       Addr        Size        Decimal Bytes (Attributes)
--------------------       ----        ----        ------- ----- ------------
_HEADER5               00000000    00000002 =           2. bytes (ABS,CON)

        Value  Global            Value  Global            Value  Global    
        -----  ------            -----  ------            -----  ------    
ASxxxx Linker V03.00 + NoICE + sdld,  page 21.
Hexadecimal  [32-Bits]

Area                       Addr        Size        Decimal Bytes (Attributes)
--------------------       ----        ----        ------- ----- ------------
_HEADER6               00000000    00000030 =          48. bytes (ABS,CON)

        Value  Global            Value  Global            Value  Global    
        -----  ------            -----  ------            -----  ------    
ASxxxx Linker V03.00 + NoICE + sdld,  page 22.
Hexadecimal  [32-Bits]

Area                       Addr        Size        Decimal Bytes (Attributes)
--------------------       ----        ----        ------- ----- ------------
_HEADER7               00000000    00000006 =           6. bytes (ABS,CON)

        Value  Global            Value  Global            Value  Global    
        -----  ------            -----  ------            -----  ------    
ASxxxx Linker V03.00 + NoICE + sdld,  page 23.
Hexadecimal  [32-Bits]

Area                       Addr        Size        Decimal Bytes (Attributes)
--------------------       ----        ----        ------- ----- ------------
_HEADER8               00000000    00000003 =           3. bytes (ABS,CON)

        Value  Global            Value  Global            Value  Global    
        -----  ------            -----  ------            -----  ------    
ASxxxx Linker V03.00 + NoICE + sdld,  page 24.
Hexadecimal  [32-Bits]

Area                       Addr        Size        Decimal Bytes (Attributes)
--------------------       ----        ----        ------- ----- ------------
_HEADER9               00000000    00000001 =           1. bytes (ABS,CON)

        Value  Global            Value  Global            Value  Global    
        -----  ------            -----  ------            -----  ------    
ASxxxx Linker V03.00 + NoICE + sdld,  page 25.
Hexadecimal  [32-Bits]

Area                       Addr        Size        Decimal Bytes (Attributes)
--------------------       ----        ----        ------- ----- ------------
_HEADERa               00000000    00000001 =           1. bytes (ABS,CON)

        Value  Global            Value  Global            Value  Global    
        -----  ------            -----  ------            -----  ------    
ASxxxx Linker V03.00 + NoICE + sdld,  page 26.
Hexadecimal  [32-Bits]

Area                       Addr        Size        Decimal Bytes (Attributes)
--------------------       ----        ----        ------- ----- ------------
_HEADERb               00000000    00000001 =           1. bytes (ABS,CON)

        Value  Global            Value  Global            Value  Global    
        -----  ------            -----  ------            -----  ------    
ASxxxx Linker V03.00 + NoICE + sdld,  page 27.
Hexadecimal  [32-Bits]

Area                       Addr        Size        Decimal Bytes (Attributes)
--------------------       ----        ----        ------- ----- ------------
_HEADERc               00000000    00000002 =           2. bytes (ABS,CON)

        Value  Global            Value  Global            Value  Global    
        -----  ------            -----  ------            -----  ------    
ASxxxx Linker V03.00 + NoICE + sdld,  page 28.
Hexadecimal  [32-Bits]

Area                       Addr        Size        Decimal Bytes (Attributes)
--------------------       ----        ----        ------- ----- ------------
_HEADERd               00000000    00000001 =           1. bytes (ABS,CON)

        Value  Global            Value  Global            Value  Global    
        -----  ------            -----  ------            -----  ------    
ASxxxx Linker V03.00 + NoICE + sdld,  page 29.
Hexadecimal  [32-Bits]

Area                       Addr        Size        Decimal Bytes (Attributes)
--------------------       ----        ----        ------- ----- ------------
_HEADERe               00000000    00000001 =           1. bytes (ABS,CON)

        Value  Global            Value  Global            Value  Global    
        -----  ------            -----  ------            -----  ------    
ASxxxx Linker V03.00 + NoICE + sdld,  page 30.
Hexadecimal  [32-Bits]

Area                       Addr        Size        Decimal Bytes (Attributes)
--------------------       ----        ----        ------- ----- ------------
_HEADERf               00000000    00000002 =           2. bytes (ABS,CON)

        Value  Global            Value  Global            Value  Global    
        -----  ------            -----  ------            -----  ------    
ASxxxx Linker V03.00 + NoICE + sdld,  page 31.
Hexadecimal  [32-Bits]

Area                       Addr        Size        Decimal Bytes (Attributes)
--------------------       ----        ----        ------- ----- ------------
_HEADER10              00000000    00000082 =         130. bytes (ABS,CON)

        Value  Global            Value  Global            Value  Global    
        -----  ------            -----  ------            -----  ------    
     00000150  .reset    |    00000150  _reset    |    00000157  .code_sta
     000001B7  _exit     |    000001BB  _set_inte
ASxxxx Linker V03.00 + NoICE + sdld,  page 32.
Hexadecimal  [32-Bits]

Area                       Addr        Size        Decimal Bytes (Attributes)
--------------------       ----        ----        ------- ----- ------------
_HEADER11              00000000    00000001 =           1. bytes (ABS,CON)

        Value  Global            Value  Global            Value  Global    
        -----  ------            -----  ------            -----  ------    
ASxxxx Linker V03.00 + NoICE + sdld,  page 33.
Hexadecimal  [32-Bits]

Area                       Addr        Size        Decimal Bytes (Attributes)
--------------------       ----        ----        ------- ----- ------------
_HOME                  000016A5    000002F3 =         755. bytes (REL,CON)

        Value  Global            Value  Global            Value  Global    
        -----  ------            -----  ------            -----  ------    
     000016A5  .memset_s |    000016AE  .memcpy_s |    000016CB  .remove_V
     000016CE  .remove_i |    000016EB  .add_VBL  |    000016EE  .add_int 
     000016F9  .wait_vbl |    000016F9  _wait_vbl |    00001709  .display_
     00001709  _display_ |    00001721  _remove_V |    0000172C  _add_VBL 
     00001737  _set_tile |    0000173C  _set_bkg_ |    0000173C  _set_win_
     00001744  _set_spri |    00001774  .padup    |    00001774  _waitpadu
     00001784  .jpad     |    00001784  _joypad   |    000017AC  _waitpad 
     000017AF  .wait_pad |    000017E5  _add_LCD  |    000017F0  .add_LCD 
     000017F6  _remove_L |    00001801  .remove_L |    00001807  __divsuch
     00001814  __modsuch |    0000181E  __divusch |    00001830  __modusch
     00001840  __divscha |    0000184C  __modscha |    00001856  __divsint
     00001867  __modsint |    00001876  __divucha |    00001882  __moducha
     0000188C  __divuint |    0000189D  __moduint |    000018AC  .div8    
     000018AC  .mod8     |    000018B4  .div16    |    000018B4  .mod16   
     000018EA  .divu8    |    000018EA  .modu8    |    000018ED  .divu16  
     000018ED  .modu16   |    0000192E  _set_bkg_ |    00001942  .set_xy_w
     0000194B  .set_xy_b |    0000195A  .set_xy_t
ASxxxx Linker V03.00 + NoICE + sdld,  page 34.
Hexadecimal  [32-Bits]

Area                       Addr        Size        Decimal Bytes (Attributes)
--------------------       ----        ----        ------- ----- ------------
_INITIALIZER           00001998    00000030 =          48. bytes (REL,CON)

        Value  Global            Value  Global            Value  Global    
        -----  ------            -----  ------            -----  ------    
     00001998  Fmain$__x |    000019BC  Fmain$__x |    000019C0  Fmain$__x
ASxxxx Linker V03.00 + NoICE + sdld,  page 35.
Hexadecimal  [32-Bits]

Area                       Addr        Size        Decimal Bytes (Attributes)
--------------------       ----        ----        ------- ----- ------------
_GSINIT                000019C8    0000000C =          12. bytes (REL,CON)

        Value  Global            Value  Global            Value  Global    
        -----  ------            -----  ------            -----  ------    
     000019C8  gsinit   
ASxxxx Linker V03.00 + NoICE + sdld,  page 36.
Hexadecimal  [32-Bits]

Area                       Addr        Size        Decimal Bytes (Attributes)
--------------------       ----        ----        ------- ----- ------------
_GSFINAL               000019D4    00000001 =           1. bytes (REL,CON)

        Value  Global            Value  Global            Value  Global    
        -----  ------            -----  ------            -----  ------    
ASxxxx Linker V03.00 + NoICE + sdld,  page 37.
Hexadecimal  [32-Bits]

Area                       Addr        Size        Decimal Bytes (Attributes)
--------------------       ----        ----        ------- ----- ------------
_DATA                  0000C0A0    00000047 =          71. bytes (REL,CON)

        Value  Global            Value  Global            Value  Global    
        -----  ------            -----  ------            -----  ------    
     0000C0A0  __cpu     |    0000C0A1  __is_GBA  |    0000C0A2  .mode    
     0000C0A3  .sys_time |    0000C0A3  _sys_time |    0000C0A5  .int_0x40
     0000C0B9  G$scroll$ |    0000C0B9  _scroll   |    0000C0C3  G$PLAYER$
     0000C0C3  _PLAYER   |    0000C0C9  G$joy$0_0 |    0000C0C9  _joy     
     0000C0CA  G$last_jo |    0000C0CA  _last_joy |    0000C0CB  G$is_movi
     0000C0CB  _is_movin |    0000C0CC  G$turtles |    0000C0CC  _turtles_
     0000C0CD  G$move_x$ |    0000C0CD  _move_x   |    0000C0CE  G$move_y$
     0000C0CE  _move_y   |    0000C0CF  G$scx_cou |    0000C0CF  _scx_coun
     0000C0D0  G$turtle_ |    0000C0D0  _turtle_c |    0000C0D1  G$turtle_
     0000C0D1  _turtle_d |    0000C0D2  G$turtle_ |    0000C0D2  _turtle_t
     0000C0D3  G$dive_ti |    0000C0D3  _dive_til |    0000C0D4  ___curren
     0000C0D6  ___curren |    0000C0D7  .int_0x48
ASxxxx Linker V03.00 + NoICE + sdld,  page 38.
Hexadecimal  [32-Bits]

Area                       Addr        Size        Decimal Bytes (Attributes)
--------------------       ----        ----        ------- ----- ------------
_INITIALIZED           0000C0E7    00000030 =          48. bytes (REL,CON)

        Value  Global            Value  Global            Value  Global    
        -----  ------            -----  ------            -----  ------    
     0000C0E7  G$scroll_ |    0000C0E7  _scroll_r |    0000C10B  G$turtle_
     0000C10B  _turtle_t |    0000C10F  G$dive_ti |    0000C10F  _dive_til
     0000C116  ___render
ASxxxx Linker V03.00 + NoICE + sdld,  page 39.
Hexadecimal  [32-Bits]

Area                       Addr        Size        Decimal Bytes (Attributes)
--------------------       ----        ----        ------- ----- ------------
_HRAM12                00000000    00000003 =           3. bytes (ABS,CON)

        Value  Global            Value  Global            Value  Global    
        -----  ------            -----  ------            -----  ------    
     0000FF90  __current |    0000FF92  __shadow_
ASxxxx Linker V03.00 + NoICE + sdld,  page 40.
Hexadecimal  [32-Bits]

Area                       Addr        Size        Decimal Bytes (Attributes)
--------------------       ----        ----        ------- ----- ------------
_CODE_1                00014000    000000AC =         172. bytes (REL,CON)

        Value  Global            Value  Global            Value  Global    
        -----  ------            -----  ------            -----  ------    
     00014000  C$frogger |    00014000  G$__func_ |    00014000  G$frogger
     00014000  ___func_f |    00014000  _frogger_ |    00014008  G$frogger
     00014008  _frogger_ |    00014048  G$frogger |    00014048  _frogger_
     00014054  G$frogger |    00014054  _frogger_ |    00014056  C$frogger
     00014056  G$__func_ |    00014056  G$frogger |    00014056  ___func_f
     00014056  _frogger_ |    0001405E  G$frogger |    0001405E  _frogger_
     0001409E  G$frogger |    0001409E  _frogger_ |    000140AA  G$frogger
     000140AA  _frogger_
ASxxxx Linker V03.00 + NoICE + sdld,  page 41.
Hexadecimal  [32-Bits]

Area                       Addr        Size        Decimal Bytes (Attributes)
--------------------       ----        ----        ------- ----- ------------
_HEADER_LCD0           00000000    00000003 =           3. bytes (ABS,CON)

        Value  Global            Value  Global            Value  Global    
        -----  ------            -----  ------            -----  ------    
ASxxxx Linker V03.00 + NoICE + sdld,  page 42.

Files Linked                              [ module(s) ]

C:\c_code\gbdk\lib/small/asxxxx/gb/crt0.o
                                          [ Runtime ]
C:\Users\User\AppData\Local\Temp/lcc80360.rel
                                          [ main ]
C:\Users\User\AppData\Local\Temp/lcc80361.rel
                                          [ bkg_map ]
C:\Users\User\AppData\Local\Temp/lcc80362.rel
                                          [ bkg_tiles ]
C:\Users\User\AppData\Local\Temp/lcc80363.rel
                                          [ collision_map ]
C:\Users\User\AppData\Local\Temp/lcc80364.rel
                                          [ frogger ]
C:\Users\User\AppData\Local\Temp/lcc80365.rel
                                          [ frogger_16 ]
C:\Users\User\AppData\Local\Temp/lcc80366.rel
                                          [ win_frog ]


Libraries Linked                          [ object file ]

C:\c_code\gbdk\lib/small/asxxxx/gb/gb.lib
                                          [ sfr.o ]
C:\c_code\gbdk\lib/small/asxxxx/gb/gb.lib
                                          [ get_tile.o ]
C:\c_code\gbdk\lib/small/asxxxx/gb/gb.lib
                                          [ set_data.o ]
C:\c_code\gbdk\lib/small/asxxxx/gb/gb.lib
                                          [ set_tile.o ]
C:\c_code\gbdk\lib/small/asxxxx/gb/gb.lib
                                          [ pad.o ]
C:\c_code\gbdk\lib/small/asxxxx/gb/gb.lib
                                          [ metasprites.o ]
C:\c_code\gbdk\lib/small/asxxxx/gb/gb.lib
                                          [ lcd.o ]
C:\c_code\gbdk\lib/small/asxxxx/gbz80/gbz80.lib
                                          [ div.o ]
C:\c_code\gbdk\lib/small/asxxxx/gb/gb.lib
                                          [ set_bk_t.o ]
C:\c_code\gbdk\lib/small/asxxxx/gb/gb.lib
                                          [ set_xy_t.o ]

ASxxxx Linker V03.00 + NoICE + sdld,  page 43.

User Base Address Definitions

_DATA=0xC0A0
_CODE=0x0200
ASxxxx Linker V03.00 + NoICE + sdld,  page 44.

User Global Definitions

_shadow_OAM=0xC000
.STACK=0xE000
.refresh_OAM=0xFF80

