ASxxxx Linker V03.00 + NoICE + sdld,  page 1.
Hexadecimal  [32-Bits]

Area                       Addr        Size        Decimal Bytes (Attributes)
--------------------       ----        ----        ------- ----- ------------
.  .ABS.               00000000    00000000 =           0. bytes (ABS,CON)

        Value  Global            Value  Global            Value  Global    
        -----  ------            -----  ------            -----  ------    
     00000000  .__.ABS.  |    00000000  _rRAMG    |    00000000  l__BASE  
     00000000  l__BSS    |    00000000  l__CABS   |    00000000  l__DABS  
     00000000  l__HEADER |    00000000  l__HEADER |    00000000  l__HEAP  
     00000000  l__HRAM   |    00000000  l__LIT    |    00000000  s__CABS  
     00000000  s__DABS   |    00000000  s__HEADER |    00000000  s__HEADER
     00000000  s__HEADER |    00000000  s__HEADER |    00000000  s__HEADER
     00000000  s__HEADER |    00000000  s__HEADER |    00000000  s__HEADER
     00000000  s__HEADER |    00000000  s__HEADER |    00000000  s__HEADER
     00000000  s__HEADER |    00000000  s__HEADER |    00000000  s__HEADER
     00000000  s__HEADER |    00000000  s__HEADER |    00000000  s__HEADER
     00000000  s__HEADER |    00000000  s__HEADER |    00000000  s__HEADER
     00000000  s__HEADER |    00000000  s__HRAM   |    00000000  s__HRAM12
     00000001  ___bank_f |    00000001  ___bank_f |    00000001  ___bank_t
     00000001  l__GSFINA |    00000001  l__HEADER |    00000001  l__HEADER
     00000001  l__HEADER |    00000001  l__HEADER |    00000001  l__HEADER
     00000001  l__HEADER |    00000001  l__HEADER |    00000002  l__HEADER
     00000002  l__HEADER |    00000002  l__HEADER |    00000003  l__HEADER
     00000003  l__HEADER |    00000003  l__HRAM12 |    00000005  l__HEADER
     00000006  l__HEADER |    00000007  l__HEADER |    00000008  l__HEADER
     0000000C  l__GSINIT |    00000030  l__HEADER |    0000004B  l__INITIA
     0000004B  l__INITIA |    0000004E  l__HEADER |    00000073  l__DATA  
     00000082  l__HEADER |    00000200  s__CODE   |    0000039E  l__HOME  
     000003D0  l__CODE_1 |    00000440  l__CODE_0 |    00002000  _rROMB0  
     0000223D  l__CODE   |    0000243D  s__HOME   |    000027DB  s__BASE  
     000027DB  s__CODE_0 |    00002C1B  s__INITIA |    00002C1B  s__LIT   
     00002C66  s__GSINIT |    00002C72  s__GSFINA |    00003000  _rROMB1  
     00004000  _rRAMB    |    00008000  __VRAM    |    00008000  __VRAM800
     00008800  __VRAM880 |    00009000  __VRAM900 |    00009800  __SCRN0  
     00009C00  __SCRN1   |    0000A000  __SRAM    |    0000C000  __RAM    
     0000C000  _shadow_O |    0000C0A0  s__DATA   |    0000C113  s__BSS   
     0000C113  s__INITIA |    0000C15E  s__HEAP   |    0000D000  __RAMBANK
     0000E000  .STACK    |    0000FE00  __OAMRAM  |    0000FF00  _P1_REG  
     0000FF00  __IO      |    0000FF01  _SB_REG   |    0000FF02  _SC_REG  
     0000FF04  _DIV_REG  |    0000FF05  _TIMA_REG |    0000FF06  _TMA_REG 
     0000FF07  _TAC_REG  |    0000FF0F  _IF_REG   |    0000FF10  _NR10_REG
     0000FF11  _NR11_REG |    0000FF12  _NR12_REG |    0000FF13  _NR13_REG
     0000FF14  _NR14_REG |    0000FF16  _NR21_REG |    0000FF17  _NR22_REG
     0000FF18  _NR23_REG |    0000FF19  _NR24_REG |    0000FF1A  _NR30_REG
     0000FF1B  _NR31_REG |    0000FF1C  _NR32_REG |    0000FF1D  _NR33_REG
     0000FF1E  _NR34_REG |    0000FF20  _NR41_REG |    0000FF21  _NR42_REG
     0000FF22  _NR43_REG |    0000FF23  _NR44_REG |    0000FF24  _NR50_REG
     0000FF25  _NR51_REG |    0000FF26  _NR52_REG |    0000FF30  _AUD3WAVE
     0000FF30  _PCM_SAMP |    0000FF30  __AUD3WAV |    0000FF40  _LCDC_REG
     0000FF41  _STAT_REG |    0000FF42  _SCY_REG  |    0000FF43  _SCX_REG 
     0000FF44  _LY_REG   |    0000FF45  _LYC_REG  |    0000FF46  _DMA_REG 
     0000FF47  _BGP_REG  |    0000FF48  _OBP0_REG |    0000FF49  _OBP1_REG
     0000FF4A  _WY_REG   |    0000FF4B  _WX_REG   |    0000FF4D  _KEY1_REG
     0000FF4F  _VBK_REG  |    0000FF51  _HDMA1_RE |    0000FF52  _HDMA2_RE
     0000FF53  _HDMA3_RE |    0000FF54  _HDMA4_RE |    0000FF55  _HDMA5_RE
     0000FF56  _RP_REG   |    0000FF68  _BCPS_REG |    0000FF69  _BCPD_REG
ASxxxx Linker V03.00 + NoICE + sdld,  page 2.
Hexadecimal  [32-Bits]

Area                       Addr        Size        Decimal Bytes (Attributes)
--------------------       ----        ----        ------- ----- ------------
.  .ABS.               00000000    00000000 =           0. bytes (ABS,CON)

        Value  Global            Value  Global            Value  Global    
        -----  ------            -----  ------            -----  ------    
     0000FF6A  _OCPS_REG |    0000FF6B  _OCPD_REG |    0000FF70  _SVBK_REG
     0000FF76  _PCM12_RE |    0000FF77  _PCM34_RE |    0000FF80  .refresh_
     0000FF80  __HRAM    |    0000FFFF  _IE_REG   |    00014000  s__CODE_1
ASxxxx Linker V03.00 + NoICE + sdld,  page 3.
Hexadecimal  [32-Bits]

Area                       Addr        Size        Decimal Bytes (Attributes)
--------------------       ----        ----        ------- ----- ------------
_CODE                  00000200    0000223D =        8765. bytes (REL,CON)

        Value  Global            Value  Global            Value  Global    
        -----  ------            -----  ------            -----  ------    
     00000200  A$lcc6060 |    00000200  C$main.c$ |    00000200  C$main.c$
     00000200  G$kill_fr |    00000200  _kill_fro |    00000203  A$lcc6060
     00000205  A$lcc6060 |    00000205  C$main.c$ |    00000208  A$lcc6060
     0000020A  A$lcc6060 |    0000020A  C$main.c$ |    0000020D  A$lcc6060
     0000020F  A$lcc6060 |    0000020F  C$main.c$ |    0000020F  XG$kill_f
     00000210  A$lcc6060 |    00000210  C$main.c$ |    00000210  G$render_
     00000210  _render_a |    00000211  A$lcc6060 |    00000211  C$main.c$
     00000214  A$lcc6060 |    00000215  A$lcc6060 |    00000215  C$main.c$
     00000218  A$lcc6060 |    00000219  A$lcc6060 |    0000021B  A$lcc6060
     0000021C  A$lcc6060 |    0000021D  A$lcc6060 |    0000021E  A$lcc6060
     0000021F  A$lcc6060 |    00000220  A$lcc6060 |    00000222  A$lcc6060
     00000225  A$lcc6060 |    00000226  A$lcc6060 |    00000226  C$main.c$
     00000226  C$main.c$ |    00000227  A$lcc6060 |    00000228  A$lcc6060
     0000022A  A$lcc6060 |    0000022D  A$lcc6060 |    0000022F  A$lcc6060
     00000230  A$lcc6060 |    00000233  A$lcc6060 |    00000235  A$lcc6060
     00000236  A$lcc6060 |    00000239  A$lcc6060 |    0000023A  A$lcc6060
     0000023B  A$lcc6060 |    0000023C  A$lcc6060 |    0000023F  A$lcc6060
     00000240  A$lcc6060 |    00000241  A$lcc6060 |    00000242  A$lcc6060
     00000245  A$lcc6060 |    00000247  A$lcc6060 |    00000249  A$lcc6060
     0000024B  A$lcc6060 |    0000024D  A$lcc6060 |    00000250  A$lcc6060
     00000252  A$lcc6060 |    00000255  A$lcc6060 |    00000256  A$lcc6060
     00000257  A$lcc6060 |    00000258  A$lcc6060 |    00000259  A$lcc6060
     0000025B  A$lcc6060 |    0000025C  A$lcc6060 |    0000025E  A$lcc6060
     0000025F  A$lcc6060 |    00000262  A$lcc6060 |    00000264  A$lcc6060
     00000264  C$main.c$ |    00000266  A$lcc6060 |    00000266  C$main.c$
     00000267  A$lcc6060 |    00000268  A$lcc6060 |    0000026A  A$lcc6060
     0000026D  A$lcc6060 |    0000026E  A$lcc6060 |    00000271  A$lcc6060
     00000272  A$lcc6060 |    00000275  A$lcc6060 |    00000276  A$lcc6060
     00000277  A$lcc6060 |    00000278  A$lcc6060 |    00000279  A$lcc6060
     0000027C  A$lcc6060 |    0000027D  A$lcc6060 |    0000027E  A$lcc6060
     0000027F  A$lcc6060 |    00000282  A$lcc6060 |    00000284  A$lcc6060
     00000285  A$lcc6060 |    00000286  A$lcc6060 |    00000287  A$lcc6060
     00000288  A$lcc6060 |    00000289  A$lcc6060 |    0000028A  A$lcc6060
     0000028B  A$lcc6060 |    0000028C  A$lcc6060 |    0000028F  A$lcc6060
     00000291  A$lcc6060 |    00000291  C$main.c$ |    00000291  C$main.c$
     00000294  A$lcc6060 |    00000296  A$lcc6060 |    00000296  C$main.c$
     00000299  A$lcc6060 |    0000029B  A$lcc6060 |    0000029C  A$lcc6060
     0000029C  C$main.c$ |    0000029C  XG$render |    0000029D  A$lcc6060
     0000029D  C$main.c$ |    0000029D  C$main.c$ |    0000029D  G$update_
     0000029D  _update_l |    000002A0  A$lcc6060 |    000002A1  A$lcc6060
     000002A4  A$lcc6060 |    000002A5  A$lcc6060 |    000002A8  A$lcc6060
     000002A9  A$lcc6060 |    000002AA  A$lcc6060 |    000002AB  A$lcc6060
     000002AB  C$main.c$ |    000002AE  A$lcc6060 |    000002AF  A$lcc6060
     000002B2  A$lcc6060 |    000002B3  A$lcc6060 |    000002B6  A$lcc6060
     000002B7  A$lcc6060 |    000002BA  A$lcc6060 |    000002BC  A$lcc6060
     000002BC  C$main.c$ |    000002BF  A$lcc6060 |    000002C0  A$lcc6060
     000002C1  A$lcc6060 |    000002C3  A$lcc6060 |    000002C3  C$main.c$
     000002C5  A$lcc6060 |    000002C6  A$lcc6060 |    000002C7  A$lcc6060
     000002CA  A$lcc6060 |    000002CB  A$lcc6060 |    000002CC  A$lcc6060
     000002CD  A$lcc6060 |    000002CE  A$lcc6060 |    000002D1  A$lcc6060
ASxxxx Linker V03.00 + NoICE + sdld,  page 4.
Hexadecimal  [32-Bits]

Area                       Addr        Size        Decimal Bytes (Attributes)
--------------------       ----        ----        ------- ----- ------------
_CODE                  00000200    0000223D =        8765. bytes (REL,CON)

        Value  Global            Value  Global            Value  Global    
        -----  ------            -----  ------            -----  ------    
     000002D3  A$lcc6060 |    000002D3  C$main.c$ |    000002D6  A$lcc6060
     000002D7  A$lcc6060 |    000002D9  A$lcc6060 |    000002DA  A$lcc6060
     000002DB  A$lcc6060 |    000002DB  C$main.c$ |    000002DC  A$lcc6060
     000002DE  A$lcc6060 |    000002DE  C$main.c$ |    000002E1  A$lcc6060
     000002E2  A$lcc6060 |    000002E5  A$lcc6060 |    000002E6  A$lcc6060
     000002E9  A$lcc6060 |    000002EA  A$lcc6060 |    000002EB  A$lcc6060
     000002EC  A$lcc6060 |    000002EC  C$main.c$ |    000002EF  A$lcc6060
     000002F1  A$lcc6060 |    000002F2  A$lcc6060 |    000002F3  A$lcc6060
     000002F6  A$lcc6060 |    000002F7  A$lcc6060 |    000002F8  A$lcc6060
     000002F9  A$lcc6060 |    000002FA  A$lcc6060 |    000002FD  A$lcc6060
     000002FF  A$lcc6060 |    000002FF  C$main.c$ |    000002FF  XG$update
     00000300  Fmain$__s |    00000303  A$lcc6060 |    00000303  C$main.c$
     00000303  C$main.c$ |    00000303  G$update_ |    00000303  _update_p
     00000306  A$lcc6060 |    00000307  A$lcc6060 |    0000030A  A$lcc6060
     0000030B  A$lcc6060 |    0000030E  A$lcc6060 |    0000030F  A$lcc6060
     00000310  A$lcc6060 |    00000311  A$lcc6060 |    00000311  C$main.c$
     00000314  A$lcc6060 |    00000315  A$lcc6060 |    00000316  A$lcc6060
     00000317  A$lcc6060 |    00000317  C$main.c$ |    00000319  A$lcc6060
     0000031A  A$lcc6060 |    0000031B  A$lcc6060 |    0000031E  A$lcc6060
     0000031F  A$lcc6060 |    00000320  A$lcc6060 |    00000321  A$lcc6060
     00000322  A$lcc6060 |    00000325  A$lcc6060 |    00000327  A$lcc6060
     00000327  C$main.c$ |    0000032A  A$lcc6060 |    0000032B  A$lcc6060
     0000032D  A$lcc6060 |    0000032E  A$lcc6060 |    0000032F  A$lcc6060
     0000032F  C$main.c$ |    00000330  A$lcc6060 |    00000330  C$main.c$
     00000330  XG$update |    00000332  A$lcc6060 |    00000332  C$main.c$
     00000332  C$main.c$ |    00000332  G$update_ |    00000332  _update_s
     00000335  A$lcc6060 |    00000336  A$lcc6060 |    00000338  A$lcc6060
     00000339  A$lcc6060 |    0000033B  A$lcc6060 |    0000033D  A$lcc6060
     0000033E  A$lcc6060 |    0000033F  A$lcc6060 |    00000340  A$lcc6060
     00000342  A$lcc6060 |    00000342  C$main.c$ |    00000345  A$lcc6060
     00000346  A$lcc6060 |    00000349  A$lcc6060 |    0000034A  A$lcc6060
     0000034D  A$lcc6060 |    0000034E  A$lcc6060 |    0000034F  A$lcc6060
     00000350  A$lcc6060 |    00000352  A$lcc6060 |    00000352  C$main.c$
     00000355  A$lcc6060 |    00000356  A$lcc6060 |    00000358  A$lcc6060
     00000359  A$lcc6060 |    0000035B  A$lcc6060 |    0000035D  A$lcc6060
     0000035E  A$lcc6060 |    00000360  A$lcc6060 |    00000362  A$lcc6060
     00000363  A$lcc6060 |    00000365  A$lcc6060 |    00000365  C$main.c$
     00000368  A$lcc6060 |    00000369  A$lcc6060 |    0000036C  A$lcc6060
     0000036D  A$lcc6060 |    00000370  A$lcc6060 |    00000371  A$lcc6060
     00000372  A$lcc6060 |    00000373  A$lcc6060 |    00000375  A$lcc6060
     00000375  C$main.c$ |    00000377  A$lcc6060 |    00000379  A$lcc6060
     0000037C  A$lcc6060 |    0000037D  A$lcc6060 |    0000037F  A$lcc6060
     00000380  A$lcc6060 |    00000382  A$lcc6060 |    00000384  A$lcc6060
     00000384  C$main.c$ |    00000387  A$lcc6060 |    00000388  A$lcc6060
     0000038B  A$lcc6060 |    0000038C  A$lcc6060 |    0000038F  A$lcc6060
     00000390  A$lcc6060 |    00000391  A$lcc6060 |    00000392  A$lcc6060
     00000394  A$lcc6060 |    00000394  C$main.c$ |    00000397  A$lcc6060
     00000399  A$lcc6060 |    0000039A  A$lcc6060 |    0000039B  A$lcc6060
     0000039D  A$lcc6060 |    0000039E  A$lcc6060 |    000003A0  A$lcc6060
     000003A0  C$main.c$ |    000003A3  A$lcc6060 |    000003A4  A$lcc6060
     000003A7  A$lcc6060 |    000003A8  A$lcc6060 |    000003AB  A$lcc6060
ASxxxx Linker V03.00 + NoICE + sdld,  page 5.
Hexadecimal  [32-Bits]

Area                       Addr        Size        Decimal Bytes (Attributes)
--------------------       ----        ----        ------- ----- ------------
_CODE                  00000200    0000223D =        8765. bytes (REL,CON)

        Value  Global            Value  Global            Value  Global    
        -----  ------            -----  ------            -----  ------    
     000003AC  A$lcc6060 |    000003AD  A$lcc6060 |    000003AE  A$lcc6060
     000003AE  C$main.c$ |    000003B1  A$lcc6060 |    000003B2  A$lcc6060
     000003B3  A$lcc6060 |    000003B4  A$lcc6060 |    000003B5  A$lcc6060
     000003B8  A$lcc6060 |    000003B9  A$lcc6060 |    000003BC  A$lcc6060
     000003BD  A$lcc6060 |    000003C0  A$lcc6060 |    000003C2  A$lcc6060
     000003C2  C$main.c$ |    000003C5  A$lcc6060 |    000003C6  A$lcc6060
     000003C7  A$lcc6060 |    000003C8  A$lcc6060 |    000003C8  C$main.c$
     000003CA  A$lcc6060 |    000003CB  A$lcc6060 |    000003CC  A$lcc6060
     000003CF  A$lcc6060 |    000003D0  A$lcc6060 |    000003D1  A$lcc6060
     000003D2  A$lcc6060 |    000003D3  A$lcc6060 |    000003D6  A$lcc6060
     000003D8  A$lcc6060 |    000003D8  C$main.c$ |    000003DB  A$lcc6060
     000003DC  A$lcc6060 |    000003DE  A$lcc6060 |    000003DF  A$lcc6060
     000003E0  A$lcc6060 |    000003E0  C$main.c$ |    000003E1  A$lcc6060
     000003E1  C$main.c$ |    000003E1  XG$update |    000003E3  Fmain$__s
     000003E6  A$lcc6060 |    000003E6  C$main.c$ |    000003E6  C$main.c$
     000003E6  G$update_ |    000003E6  _update_f |    000003E9  A$lcc6060
     000003EA  A$lcc6060 |    000003EC  A$lcc6060 |    000003ED  A$lcc6060
     000003EE  A$lcc6060 |    000003F0  A$lcc6060 |    000003F0  C$main.c$
     000003F3  A$lcc6060 |    000003F4  A$lcc6060 |    000003F5  A$lcc6060
     000003F6  A$lcc6060 |    000003F9  A$lcc6060 |    000003FB  A$lcc6060
     000003FB  C$main.c$ |    000003FC  A$lcc6060 |    000003FC  C$main.c$
     000003FD  A$lcc6060 |    000003FF  A$lcc6060 |    000003FF  C$main.c$
     00000400  A$lcc6060 |    00000401  A$lcc6060 |    00000403  A$lcc6060
     00000404  A$lcc6060 |    00000407  A$lcc6060 |    00000408  A$lcc6060
     00000409  A$lcc6060 |    0000040C  A$lcc6060 |    0000040E  A$lcc6060
     0000040E  C$main.c$ |    0000040E  XG$update |    0000040F  A$lcc6060
     0000040F  C$main.c$ |    0000040F  G$update_ |    0000040F  _update_f
     00000410  A$lcc6060 |    00000413  A$lcc6060 |    00000415  A$lcc6060
     00000416  A$lcc6060 |    00000416  C$main.c$ |    00000419  A$lcc6060
     00000419  C$main.c$ |    0000041B  A$lcc6060 |    0000041C  A$lcc6060
     0000041D  A$lcc6060 |    0000041F  A$lcc6060 |    00000421  A$lcc6060
     00000422  A$lcc6060 |    00000423  A$lcc6060 |    00000425  A$lcc6060
     00000427  A$lcc6060 |    00000428  A$lcc6060 |    0000042A  A$lcc6060
     0000042D  A$lcc6060 |    0000042F  A$lcc6060 |    00000430  A$lcc6060
     00000432  A$lcc6060 |    00000434  A$lcc6060 |    00000437  A$lcc6060
     00000437  C$main.c$ |    00000438  A$lcc6060 |    00000439  A$lcc6060
     0000043C  A$lcc6060 |    0000043D  A$lcc6060 |    00000440  A$lcc6060
     00000441  A$lcc6060 |    00000442  A$lcc6060 |    00000443  A$lcc6060
     00000446  A$lcc6060 |    00000447  A$lcc6060 |    00000448  A$lcc6060
     00000449  A$lcc6060 |    0000044C  A$lcc6060 |    0000044E  A$lcc6060
     0000044F  A$lcc6060 |    00000450  A$lcc6060 |    00000451  A$lcc6060
     00000453  A$lcc6060 |    00000454  A$lcc6060 |    00000457  A$lcc6060
     00000459  A$lcc6060 |    00000459  C$main.c$ |    0000045C  A$lcc6060
     0000045C  C$main.c$ |    0000045D  A$lcc6060 |    0000045F  A$lcc6060
     00000460  A$lcc6060 |    00000463  A$lcc6060 |    00000465  A$lcc6060
     00000466  A$lcc6060 |    00000469  A$lcc6060 |    0000046A  A$lcc6060
     0000046B  A$lcc6060 |    0000046C  A$lcc6060 |    0000046F  A$lcc6060
     00000470  A$lcc6060 |    00000471  A$lcc6060 |    00000472  A$lcc6060
     00000475  A$lcc6060 |    00000477  A$lcc6060 |    00000479  A$lcc6060
     0000047B  A$lcc6060 |    0000047D  A$lcc6060 |    00000480  A$lcc6060
     00000482  A$lcc6060 |    00000485  A$lcc6060 |    00000486  A$lcc6060
ASxxxx Linker V03.00 + NoICE + sdld,  page 6.
Hexadecimal  [32-Bits]

Area                       Addr        Size        Decimal Bytes (Attributes)
--------------------       ----        ----        ------- ----- ------------
_CODE                  00000200    0000223D =        8765. bytes (REL,CON)

        Value  Global            Value  Global            Value  Global    
        -----  ------            -----  ------            -----  ------    
     00000487  A$lcc6060 |    00000488  A$lcc6060 |    00000489  A$lcc6060
     0000048B  A$lcc6060 |    0000048C  A$lcc6060 |    0000048E  A$lcc6060
     0000048F  A$lcc6060 |    00000492  A$lcc6060 |    00000494  A$lcc6060
     00000494  C$main.c$ |    00000496  A$lcc6060 |    00000496  C$main.c$
     00000497  A$lcc6060 |    00000498  A$lcc6060 |    0000049B  A$lcc6060
     0000049C  A$lcc6060 |    0000049F  A$lcc6060 |    000004A0  A$lcc6060
     000004A1  A$lcc6060 |    000004A2  A$lcc6060 |    000004A5  A$lcc6060
     000004A6  A$lcc6060 |    000004A7  A$lcc6060 |    000004A8  A$lcc6060
     000004AB  A$lcc6060 |    000004AD  A$lcc6060 |    000004AE  A$lcc6060
     000004AF  A$lcc6060 |    000004B0  A$lcc6060 |    000004B2  A$lcc6060
     000004B3  A$lcc6060 |    000004B6  A$lcc6060 |    000004B8  A$lcc6060
     000004B8  C$main.c$ |    000004BA  A$lcc6060 |    000004BA  C$main.c$
     000004BB  A$lcc6060 |    000004BC  A$lcc6060 |    000004BF  A$lcc6060
     000004C1  A$lcc6060 |    000004C2  A$lcc6060 |    000004C5  A$lcc6060
     000004C6  A$lcc6060 |    000004C7  A$lcc6060 |    000004C8  A$lcc6060
     000004CB  A$lcc6060 |    000004CC  A$lcc6060 |    000004CD  A$lcc6060
     000004CE  A$lcc6060 |    000004D1  A$lcc6060 |    000004D3  A$lcc6060
     000004D4  A$lcc6060 |    000004D6  A$lcc6060 |    000004D7  A$lcc6060
     000004D8  A$lcc6060 |    000004D9  A$lcc6060 |    000004DB  A$lcc6060
     000004DC  A$lcc6060 |    000004DF  A$lcc6060 |    000004E1  A$lcc6060
     000004E1  C$main.c$ |    000004E2  A$lcc6060 |    000004E2  C$main.c$
     000004E2  XG$update |    000004E3  A$lcc6060 |    000004E3  C$main.c$
     000004E3  C$main.c$ |    000004E3  G$reset_f |    000004E3  _reset_fr
     000004E6  A$lcc6060 |    000004E6  C$main.c$ |    000004E9  A$lcc6060
     000004EB  A$lcc6060 |    000004EB  C$main.c$ |    000004EE  A$lcc6060
     000004F0  A$lcc6060 |    000004F3  A$lcc6060 |    000004F5  A$lcc6060
     000004F5  C$main.c$ |    000004F8  A$lcc6060 |    000004FA  A$lcc6060
     000004FB  A$lcc6060 |    000004FD  A$lcc6060 |    000004FD  C$main.c$
     00000500  A$lcc6060 |    00000501  A$lcc6060 |    00000502  A$lcc6060
     00000504  A$lcc6060 |    00000505  A$lcc6060 |    00000507  A$lcc6060
     00000507  C$main.c$ |    00000508  A$lcc6060 |    0000050B  A$lcc6060
     0000050B  C$main.c$ |    0000050E  A$lcc6060 |    00000510  A$lcc6060
     00000510  C$main.c$ |    00000513  A$lcc6060 |    00000515  A$lcc6060
     00000516  A$lcc6060 |    00000517  A$lcc6060 |    0000051A  A$lcc6060
     0000051B  A$lcc6060 |    0000051E  A$lcc6060 |    0000051F  A$lcc6060
     00000520  A$lcc6060 |    00000521  A$lcc6060 |    00000522  A$lcc6060
     00000525  A$lcc6060 |    00000526  A$lcc6060 |    00000527  A$lcc6060
     00000528  A$lcc6060 |    0000052B  A$lcc6060 |    0000052D  A$lcc6060
     0000052E  A$lcc6060 |    0000052F  A$lcc6060 |    00000530  A$lcc6060
     00000531  A$lcc6060 |    00000532  A$lcc6060 |    00000533  A$lcc6060
     00000534  A$lcc6060 |    00000535  A$lcc6060 |    00000538  A$lcc6060
     0000053A  A$lcc6060 |    0000053A  C$main.c$ |    0000053A  C$main.c$
     0000053A  XG$reset_ |    0000053B  A$lcc6060 |    0000053B  C$main.c$
     0000053B  C$main.c$ |    0000053B  G$reset_t |    0000053B  _reset_ti
     0000053E  A$lcc6060 |    00000540  A$lcc6060 |    00000541  A$lcc6060
     00000543  A$lcc6060 |    00000543  C$main.c$ |    00000546  A$lcc6060
     00000548  A$lcc6060 |    00000548  C$main.c$ |    0000054B  A$lcc6060
     0000054C  A$lcc6060 |    0000054F  A$lcc6060 |    00000550  A$lcc6060
     00000553  A$lcc6060 |    00000554  A$lcc6060 |    00000557  A$lcc6060
     00000559  A$lcc6060 |    00000559  C$main.c$ |    00000559  XG$reset_
     0000055A  A$lcc6060 |    0000055A  C$main.c$ |    0000055A  C$main.c$
ASxxxx Linker V03.00 + NoICE + sdld,  page 7.
Hexadecimal  [32-Bits]

Area                       Addr        Size        Decimal Bytes (Attributes)
--------------------       ----        ----        ------- ----- ------------
_CODE                  00000200    0000223D =        8765. bytes (REL,CON)

        Value  Global            Value  Global            Value  Global    
        -----  ------            -----  ------            -----  ------    
     0000055A  G$frog_de |    0000055A  _frog_dea |    0000055D  A$lcc6060
     0000055E  A$lcc6060 |    0000055F  A$lcc6060 |    00000561  A$lcc6060
     00000561  C$main.c$ |    00000562  A$lcc6060 |    00000563  A$lcc6060
     00000565  A$lcc6060 |    00000565  C$main.c$ |    00000568  A$lcc6060
     0000056A  A$lcc6060 |    0000056A  C$main.c$ |    0000056B  A$lcc6060
     0000056B  C$main.c$ |    0000056E  A$lcc6060 |    0000056E  C$main.c$
     0000056E  C$main.c$ |    0000056E  XG$frog_d |    00000571  A$lcc6060
     00000571  C$main.c$ |    00000571  C$main.c$ |    00000571  G$init_le
     00000571  _init_lev |    00000574  A$lcc6060 |    00000575  A$lcc6060
     00000578  A$lcc6060 |    00000579  A$lcc6060 |    0000057C  A$lcc6060
     0000057E  A$lcc6060 |    0000057E  C$main.c$ |    00000581  A$lcc6060
     00000582  A$lcc6060 |    00000585  A$lcc6060 |    00000586  A$lcc6060
     00000589  A$lcc6060 |    0000058B  A$lcc6060 |    0000058B  C$main.c$
     0000058E  A$lcc6060 |    0000058F  A$lcc6060 |    00000592  A$lcc6060
     00000593  A$lcc6060 |    00000596  A$lcc6060 |    00000598  A$lcc6060
     00000598  C$main.c$ |    0000059B  A$lcc6060 |    0000059C  A$lcc6060
     0000059F  A$lcc6060 |    000005A0  A$lcc6060 |    000005A3  A$lcc6060
     000005A5  A$lcc6060 |    000005A5  C$main.c$ |    000005A8  A$lcc6060
     000005A9  A$lcc6060 |    000005AC  A$lcc6060 |    000005AD  A$lcc6060
     000005AE  A$lcc6060 |    000005AF  A$lcc6060 |    000005B0  A$lcc6060
     000005B3  A$lcc6060 |    000005B5  A$lcc6060 |    000005B5  C$main.c$
     000005B8  A$lcc6060 |    000005B9  A$lcc6060 |    000005BB  A$lcc6060
     000005BC  A$lcc6060 |    000005BD  A$lcc6060 |    000005C0  A$lcc6060
     000005C2  A$lcc6060 |    000005C2  C$main.c$ |    000005C5  A$lcc6060
     000005C7  A$lcc6060 |    000005C7  C$main.c$ |    000005C8  A$lcc6060
     000005CB  A$lcc6060 |    000005CC  A$lcc6060 |    000005CD  A$lcc6060
     000005CD  C$main.c$ |    000005D0  A$lcc6060 |    000005D0  C$main.c$
     000005D3  A$lcc6060 |    000005D5  A$lcc6060 |    000005D5  C$main.c$
     000005D8  A$lcc6060 |    000005D8  C$main.c$ |    000005DB  A$lcc6060
     000005DB  C$main.c$ |    000005DE  A$lcc6060 |    000005DE  C$main.c$
     000005E1  A$lcc6060 |    000005E1  C$main.c$ |    000005E1  C$main.c$
     000005E1  XG$init_l |    000005E4  A$lcc6060 |    000005E4  C$main.c$
     000005E4  G$move_fr |    000005E4  _move_fro |    000005E5  A$lcc6060
     000005E6  A$lcc6060 |    000005E6  C$main.c$ |    000005E9  A$lcc6060
     000005EA  A$lcc6060 |    000005ED  A$lcc6060 |    000005ED  C$main.c$
     000005F0  A$lcc6060 |    000005F1  A$lcc6060 |    000005F3  A$lcc6060
     000005F4  A$lcc6060 |    000005F5  A$lcc6060 |    000005F6  A$lcc6060
     000005F7  A$lcc6060 |    000005FA  A$lcc6060 |    000005FC  A$lcc6060
     000005FE  A$lcc6060 |    00000601  A$lcc6060 |    00000603  A$lcc6060
     00000606  A$lcc6060 |    00000607  A$lcc6060 |    00000608  A$lcc6060
     00000609  A$lcc6060 |    0000060A  A$lcc6060 |    0000060B  A$lcc6060
     0000060E  A$lcc6060 |    0000060F  A$lcc6060 |    00000610  A$lcc6060
     00000611  A$lcc6060 |    00000614  A$lcc6060 |    00000615  A$lcc6060
     00000618  A$lcc6060 |    00000619  A$lcc6060 |    0000061C  A$lcc6060
     0000061D  A$lcc6060 |    0000061E  A$lcc6060 |    00000620  A$lcc6060
     00000622  A$lcc6060 |    00000624  A$lcc6060 |    00000624  C$main.c$
     00000625  A$lcc6060 |    00000627  A$lcc6060 |    00000629  A$lcc6060
     0000062A  A$lcc6060 |    0000062C  A$lcc6060 |    0000062D  A$lcc6060
     00000630  A$lcc6060 |    00000632  A$lcc6060 |    00000633  A$lcc6060
     00000636  A$lcc6060 |    00000637  A$lcc6060 |    00000638  A$lcc6060
     00000639  A$lcc6060 |    0000063C  A$lcc6060 |    0000063D  A$lcc6060
ASxxxx Linker V03.00 + NoICE + sdld,  page 8.
Hexadecimal  [32-Bits]

Area                       Addr        Size        Decimal Bytes (Attributes)
--------------------       ----        ----        ------- ----- ------------
_CODE                  00000200    0000223D =        8765. bytes (REL,CON)

        Value  Global            Value  Global            Value  Global    
        -----  ------            -----  ------            -----  ------    
     0000063E  A$lcc6060 |    00000641  A$lcc6060 |    00000643  A$lcc6060
     00000645  A$lcc6060 |    00000646  A$lcc6060 |    00000647  A$lcc6060
     00000648  A$lcc6060 |    00000649  A$lcc6060 |    0000064B  A$lcc6060
     0000064C  A$lcc6060 |    0000064F  A$lcc6060 |    00000651  A$lcc6060
     00000651  C$main.c$ |    00000654  A$lcc6060 |    00000654  C$main.c$
     00000655  A$lcc6060 |    00000657  A$lcc6060 |    0000065A  A$lcc6060
     0000065B  A$lcc6060 |    0000065D  A$lcc6060 |    0000065E  A$lcc6060
     00000661  A$lcc6060 |    00000663  A$lcc6060 |    00000664  A$lcc6060
     00000667  A$lcc6060 |    00000668  A$lcc6060 |    00000669  A$lcc6060
     0000066A  A$lcc6060 |    0000066D  A$lcc6060 |    0000066E  A$lcc6060
     0000066F  A$lcc6060 |    00000672  A$lcc6060 |    00000674  A$lcc6060
     00000676  A$lcc6060 |    00000677  A$lcc6060 |    00000679  A$lcc6060
     0000067A  A$lcc6060 |    0000067B  A$lcc6060 |    0000067C  A$lcc6060
     0000067D  A$lcc6060 |    0000067F  A$lcc6060 |    00000680  A$lcc6060
     00000683  A$lcc6060 |    00000685  A$lcc6060 |    00000685  C$main.c$
     00000688  A$lcc6060 |    00000688  C$main.c$ |    0000068B  A$lcc6060
     0000068C  A$lcc6060 |    0000068F  A$lcc6060 |    0000068F  C$main.c$
     00000692  A$lcc6060 |    00000693  A$lcc6060 |    00000694  A$lcc6060
     00000695  A$lcc6060 |    00000698  A$lcc6060 |    0000069A  A$lcc6060
     0000069C  A$lcc6060 |    0000069F  A$lcc6060 |    000006A1  A$lcc6060
     000006A4  A$lcc6060 |    000006A5  A$lcc6060 |    000006A6  A$lcc6060
     000006A7  A$lcc6060 |    000006AA  A$lcc6060 |    000006AB  A$lcc6060
     000006AC  A$lcc6060 |    000006AD  A$lcc6060 |    000006B0  A$lcc6060
     000006B1  A$lcc6060 |    000006B4  A$lcc6060 |    000006B5  A$lcc6060
     000006B7  A$lcc6060 |    000006B7  C$main.c$ |    000006B7  C$main.c$
     000006B8  A$lcc6060 |    000006B9  A$lcc6060 |    000006BA  A$lcc6060
     000006BA  C$main.c$ |    000006BB  A$lcc6060 |    000006BC  A$lcc6060
     000006BE  A$lcc6060 |    000006C1  A$lcc6060 |    000006C3  A$lcc6060
     000006C4  A$lcc6060 |    000006C7  A$lcc6060 |    000006C9  A$lcc6060
     000006CA  A$lcc6060 |    000006CD  A$lcc6060 |    000006CE  A$lcc6060
     000006CF  A$lcc6060 |    000006D0  A$lcc6060 |    000006D1  A$lcc6060
     000006D4  A$lcc6060 |    000006D5  A$lcc6060 |    000006D6  A$lcc6060
     000006D7  A$lcc6060 |    000006DA  A$lcc6060 |    000006DC  A$lcc6060
     000006DE  A$lcc6060 |    000006DF  A$lcc6060 |    000006E0  A$lcc6060
     000006E1  A$lcc6060 |    000006E2  A$lcc6060 |    000006E4  A$lcc6060
     000006E5  A$lcc6060 |    000006E8  A$lcc6060 |    000006EA  A$lcc6060
     000006EA  C$main.c$ |    000006EC  A$lcc6060 |    000006EC  C$main.c$
     000006ED  A$lcc6060 |    000006EF  A$lcc6060 |    000006F2  A$lcc6060
     000006F4  A$lcc6060 |    000006F6  A$lcc6060 |    000006F7  A$lcc6060
     000006FA  A$lcc6060 |    000006FC  A$lcc6060 |    000006FD  A$lcc6060
     00000700  A$lcc6060 |    00000701  A$lcc6060 |    00000702  A$lcc6060
     00000703  A$lcc6060 |    00000704  A$lcc6060 |    00000707  A$lcc6060
     00000708  A$lcc6060 |    00000709  A$lcc6060 |    0000070A  A$lcc6060
     0000070D  A$lcc6060 |    0000070F  A$lcc6060 |    00000711  A$lcc6060
     00000713  A$lcc6060 |    00000715  A$lcc6060 |    00000718  A$lcc6060
     0000071A  A$lcc6060 |    0000071D  A$lcc6060 |    0000071F  A$lcc6060
     00000720  A$lcc6060 |    00000721  A$lcc6060 |    00000722  A$lcc6060
     00000723  A$lcc6060 |    00000724  A$lcc6060 |    00000726  A$lcc6060
     00000727  A$lcc6060 |    0000072A  A$lcc6060 |    0000072C  A$lcc6060
     0000072C  C$main.c$ |    0000072D  A$lcc6060 |    0000072E  A$lcc6060
     0000072E  C$main.c$ |    0000072E  XG$move_f |    0000072F  A$lcc6060
ASxxxx Linker V03.00 + NoICE + sdld,  page 9.
Hexadecimal  [32-Bits]

Area                       Addr        Size        Decimal Bytes (Attributes)
--------------------       ----        ----        ------- ----- ------------
_CODE                  00000200    0000223D =        8765. bytes (REL,CON)

        Value  Global            Value  Global            Value  Global    
        -----  ------            -----  ------            -----  ------    
     0000072F  C$main.c$ |    0000072F  C$main.c$ |    0000072F  G$update_
     0000072F  _update_m |    00000732  A$lcc6060 |    00000733  A$lcc6060
     00000735  A$lcc6060 |    00000735  C$main.c$ |    00000738  A$lcc6060
     00000738  C$main.c$ |    0000073B  A$lcc6060 |    0000073D  A$lcc6060
     0000073F  A$lcc6060 |    00000742  A$lcc6060 |    00000744  A$lcc6060
     00000747  A$lcc6060 |    00000748  A$lcc6060 |    0000074B  A$lcc6060
     0000074C  A$lcc6060 |    0000074D  A$lcc6060 |    0000074E  A$lcc6060
     0000074E  C$main.c$ |    00000751  A$lcc6060 |    00000752  A$lcc6060
     00000754  A$lcc6060 |    00000754  C$main.c$ |    00000757  A$lcc6060
     00000757  C$main.c$ |    0000075A  A$lcc6060 |    0000075C  A$lcc6060
     0000075E  A$lcc6060 |    00000761  A$lcc6060 |    00000763  A$lcc6060
     00000766  A$lcc6060 |    00000767  A$lcc6060 |    0000076A  A$lcc6060
     0000076B  A$lcc6060 |    0000076C  A$lcc6060 |    0000076D  A$lcc6060
     0000076D  C$main.c$ |    00000770  A$lcc6060 |    00000771  A$lcc6060
     00000773  A$lcc6060 |    00000776  A$lcc6060 |    00000777  A$lcc6060
     00000778  A$lcc6060 |    00000778  C$main.c$ |    0000077B  A$lcc6060
     0000077D  A$lcc6060 |    0000077D  C$main.c$ |    00000780  A$lcc6060
     00000781  A$lcc6060 |    00000782  A$lcc6060 |    00000783  A$lcc6060
     00000786  A$lcc6060 |    00000787  A$lcc6060 |    00000789  A$lcc6060
     0000078A  A$lcc6060 |    0000078B  A$lcc6060 |    0000078C  A$lcc6060
     0000078D  A$lcc6060 |    0000078E  A$lcc6060 |    0000078F  A$lcc6060
     00000791  A$lcc6060 |    00000793  A$lcc6060 |    00000795  A$lcc6060
     00000797  A$lcc6060 |    00000798  A$lcc6060 |    0000079A  A$lcc6060
     0000079C  A$lcc6060 |    0000079E  A$lcc6060 |    0000079F  A$lcc6060
     000007A0  A$lcc6060 |    000007A0  C$main.c$ |    000007A3  A$lcc6060
     000007A4  A$lcc6060 |    000007A6  A$lcc6060 |    000007A7  A$lcc6060
     000007A8  A$lcc6060 |    000007AA  A$lcc6060 |    000007AB  A$lcc6060
     000007AB  C$main.c$ |    000007AE  A$lcc6060 |    000007AE  C$main.c$
     000007B1  A$lcc6060 |    000007B4  A$lcc6060 |    000007B4  C$main.c$
     000007B4  XG$update |    000007B5  A$lcc6060 |    000007B5  C$main.c$
     000007B5  C$main.c$ |    000007B5  G$paralla |    000007B5  _parallax
     000007B7  A$lcc6060 |    000007B8  A$lcc6060 |    000007BA  A$lcc6060
     000007BC  A$lcc6060 |    000007BE  A$lcc6060 |    000007C0  A$lcc6060
     000007C2  A$lcc6060 |    000007C4  A$lcc6060 |    000007C6  A$lcc6060
     000007C8  A$lcc6060 |    000007CA  A$lcc6060 |    000007CC  A$lcc6060
     000007CE  A$lcc6060 |    000007D0  A$lcc6060 |    000007D2  A$lcc6060
     000007D4  A$lcc6060 |    000007D6  A$lcc6060 |    000007D8  A$lcc6060
     000007DA  A$lcc6060 |    000007DC  A$lcc6060 |    000007DF  A$lcc6060
     000007E1  A$lcc6060 |    000007E4  A$lcc6060 |    000007E6  A$lcc6060
     000007E9  A$lcc6060 |    000007EB  A$lcc6060 |    000007EE  A$lcc6060
     000007EF  A$lcc6060 |    000007EF  C$main.c$ |    000007F0  A$lcc6060
     000007F2  A$lcc6060 |    000007F3  A$lcc6060 |    000007F5  A$lcc6060
     000007F5  C$main.c$ |    000007F7  A$lcc6060 |    000007F9  A$lcc6060
     000007F9  C$main.c$ |    000007FA  A$lcc6060 |    000007FA  C$main.c$
     000007FD  A$lcc6060 |    000007FF  A$lcc6060 |    00000800  A$lcc6060
     00000802  A$lcc6060 |    00000802  C$main.c$ |    00000804  A$lcc6060
     00000806  A$lcc6060 |    00000806  C$main.c$ |    00000807  A$lcc6060
     00000807  C$main.c$ |    0000080A  A$lcc6060 |    0000080C  A$lcc6060
     0000080D  A$lcc6060 |    0000080F  A$lcc6060 |    0000080F  C$main.c$
     00000811  A$lcc6060 |    00000813  A$lcc6060 |    00000813  C$main.c$
     00000814  A$lcc6060 |    00000814  C$main.c$ |    00000817  A$lcc6060
ASxxxx Linker V03.00 + NoICE + sdld,  page 10.
Hexadecimal  [32-Bits]

Area                       Addr        Size        Decimal Bytes (Attributes)
--------------------       ----        ----        ------- ----- ------------
_CODE                  00000200    0000223D =        8765. bytes (REL,CON)

        Value  Global            Value  Global            Value  Global    
        -----  ------            -----  ------            -----  ------    
     00000819  A$lcc6060 |    0000081A  A$lcc6060 |    0000081C  A$lcc6060
     0000081C  C$main.c$ |    0000081E  A$lcc6060 |    00000820  A$lcc6060
     00000820  C$main.c$ |    00000821  A$lcc6060 |    00000821  C$main.c$
     00000824  A$lcc6060 |    00000826  A$lcc6060 |    00000827  A$lcc6060
     00000829  A$lcc6060 |    00000829  C$main.c$ |    0000082B  A$lcc6060
     0000082D  A$lcc6060 |    0000082D  C$main.c$ |    0000082E  A$lcc6060
     0000082E  C$main.c$ |    00000831  A$lcc6060 |    00000833  A$lcc6060
     00000834  A$lcc6060 |    00000836  A$lcc6060 |    00000836  C$main.c$
     00000838  A$lcc6060 |    0000083A  A$lcc6060 |    0000083A  C$main.c$
     0000083B  A$lcc6060 |    0000083B  C$main.c$ |    0000083C  A$lcc6060
     0000083E  A$lcc6060 |    0000083F  A$lcc6060 |    00000841  A$lcc6060
     00000841  C$main.c$ |    00000843  A$lcc6060 |    00000845  A$lcc6060
     00000845  C$main.c$ |    00000846  A$lcc6060 |    00000846  C$main.c$
     00000849  A$lcc6060 |    0000084B  A$lcc6060 |    0000084C  A$lcc6060
     0000084E  A$lcc6060 |    0000084E  C$main.c$ |    00000850  A$lcc6060
     00000852  A$lcc6060 |    00000852  C$main.c$ |    00000853  A$lcc6060
     00000853  C$main.c$ |    00000856  A$lcc6060 |    00000858  A$lcc6060
     00000859  A$lcc6060 |    0000085B  A$lcc6060 |    0000085B  C$main.c$
     0000085D  A$lcc6060 |    0000085F  A$lcc6060 |    0000085F  C$main.c$
     00000860  A$lcc6060 |    00000860  C$main.c$ |    00000863  A$lcc6060
     00000865  A$lcc6060 |    00000866  A$lcc6060 |    00000868  A$lcc6060
     00000868  C$main.c$ |    0000086A  A$lcc6060 |    0000086C  A$lcc6060
     0000086C  C$main.c$ |    0000086D  A$lcc6060 |    0000086D  C$main.c$
     00000870  A$lcc6060 |    00000872  A$lcc6060 |    00000873  A$lcc6060
     00000875  A$lcc6060 |    00000875  C$main.c$ |    00000877  A$lcc6060
     00000879  A$lcc6060 |    00000879  C$main.c$ |    0000087A  A$lcc6060
     0000087A  C$main.c$ |    0000087D  A$lcc6060 |    0000087F  A$lcc6060
     00000880  A$lcc6060 |    00000882  A$lcc6060 |    00000882  C$main.c$
     00000884  A$lcc6060 |    00000886  A$lcc6060 |    00000886  C$main.c$
     00000887  A$lcc6060 |    00000887  C$main.c$ |    00000888  A$lcc6060
     0000088A  A$lcc6060 |    0000088B  A$lcc6060 |    0000088D  A$lcc6060
     0000088D  C$main.c$ |    0000088E  A$lcc6060 |    00000890  A$lcc6060
     00000890  C$main.c$ |    00000890  C$main.c$ |    00000890  XG$parall
     00000891  A$lcc6060 |    00000891  C$main.c$ |    00000891  C$main.c$
     00000891  G$scroll_ |    00000891  _scroll_c |    00000894  A$lcc6060
     00000895  A$lcc6060 |    00000897  A$lcc6060 |    0000089A  A$lcc6060
     0000089B  A$lcc6060 |    0000089C  A$lcc6060 |    0000089F  A$lcc6060
     000008A1  A$lcc6060 |    000008A2  A$lcc6060 |    000008A3  A$lcc6060
     000008A5  A$lcc6060 |    000008A5  C$main.c$ |    000008A8  A$lcc6060
     000008A9  A$lcc6060 |    000008AA  A$lcc6060 |    000008AB  A$lcc6060
     000008AB  C$main.c$ |    000008AC  A$lcc6060 |    000008AD  A$lcc6060
     000008AE  A$lcc6060 |    000008AF  A$lcc6060 |    000008B0  A$lcc6060
     000008B1  A$lcc6060 |    000008B1  C$main.c$ |    000008B2  A$lcc6060
     000008B3  A$lcc6060 |    000008B4  A$lcc6060 |    000008B5  A$lcc6060
     000008B6  A$lcc6060 |    000008B7  A$lcc6060 |    000008B8  A$lcc6060
     000008B8  C$main.c$ |    000008BB  A$lcc6060 |    000008BC  A$lcc6060
     000008BE  A$lcc6060 |    000008C1  A$lcc6060 |    000008C2  A$lcc6060
     000008C2  C$main.c$ |    000008C2  C$main.c$ |    000008C3  A$lcc6060
     000008C5  A$lcc6060 |    000008C5  C$main.c$ |    000008C8  A$lcc6060
     000008C9  A$lcc6060 |    000008CA  A$lcc6060 |    000008CB  A$lcc6060
     000008CC  A$lcc6060 |    000008CF  A$lcc6060 |    000008D0  A$lcc6060
ASxxxx Linker V03.00 + NoICE + sdld,  page 11.
Hexadecimal  [32-Bits]

Area                       Addr        Size        Decimal Bytes (Attributes)
--------------------       ----        ----        ------- ----- ------------
_CODE                  00000200    0000223D =        8765. bytes (REL,CON)

        Value  Global            Value  Global            Value  Global    
        -----  ------            -----  ------            -----  ------    
     000008D1  A$lcc6060 |    000008D2  A$lcc6060 |    000008D2  C$main.c$
     000008D5  A$lcc6060 |    000008D5  C$main.c$ |    000008D8  A$lcc6060
     000008DA  A$lcc6060 |    000008DC  A$lcc6060 |    000008DC  C$main.c$
     000008DF  A$lcc6060 |    000008E0  A$lcc6060 |    000008E1  A$lcc6060
     000008E2  A$lcc6060 |    000008E3  A$lcc6060 |    000008E6  A$lcc6060
     000008E7  A$lcc6060 |    000008E8  A$lcc6060 |    000008E9  A$lcc6060
     000008E9  C$main.c$ |    000008EC  A$lcc6060 |    000008EC  C$main.c$
     000008EF  A$lcc6060 |    000008F0  A$lcc6060 |    000008F2  A$lcc6060
     000008F5  A$lcc6060 |    000008F6  A$lcc6060 |    000008F7  A$lcc6060
     000008FA  A$lcc6060 |    000008FC  A$lcc6060 |    000008FD  A$lcc6060
     000008FE  A$lcc6060 |    00000900  A$lcc6060 |    00000900  C$main.c$
     00000903  A$lcc6060 |    00000904  A$lcc6060 |    00000905  A$lcc6060
     00000906  A$lcc6060 |    00000906  C$main.c$ |    00000909  A$lcc6060
     0000090A  A$lcc6060 |    0000090C  A$lcc6060 |    0000090C  C$main.c$
     0000090F  A$lcc6060 |    00000911  A$lcc6060 |    00000913  A$lcc6060
     00000913  C$main.c$ |    00000916  A$lcc6060 |    00000917  A$lcc6060
     00000918  A$lcc6060 |    00000919  A$lcc6060 |    0000091A  A$lcc6060
     0000091D  A$lcc6060 |    0000091E  A$lcc6060 |    0000091F  A$lcc6060
     00000920  A$lcc6060 |    00000920  C$main.c$ |    00000923  A$lcc6060
     00000923  C$main.c$ |    00000926  A$lcc6060 |    00000928  A$lcc6060
     0000092A  A$lcc6060 |    0000092A  C$main.c$ |    0000092D  A$lcc6060
     0000092E  A$lcc6060 |    0000092F  A$lcc6060 |    00000930  A$lcc6060
     00000930  C$main.c$ |    00000933  A$lcc6060 |    00000934  A$lcc6060
     00000935  A$lcc6060 |    00000936  A$lcc6060 |    00000936  C$main.c$
     00000939  A$lcc6060 |    0000093A  A$lcc6060 |    0000093B  A$lcc6060
     0000093C  A$lcc6060 |    0000093C  C$main.c$ |    0000093F  A$lcc6060
     00000940  A$lcc6060 |    00000941  A$lcc6060 |    00000942  A$lcc6060
     00000942  C$main.c$ |    00000945  A$lcc6060 |    00000946  A$lcc6060
     00000948  A$lcc6060 |    00000948  C$main.c$ |    0000094B  A$lcc6060
     0000094D  A$lcc6060 |    0000094F  A$lcc6060 |    0000094F  C$main.c$
     00000952  A$lcc6060 |    00000953  A$lcc6060 |    00000954  A$lcc6060
     00000955  A$lcc6060 |    00000956  A$lcc6060 |    00000959  A$lcc6060
     0000095A  A$lcc6060 |    0000095B  A$lcc6060 |    0000095C  A$lcc6060
     0000095C  C$main.c$ |    0000095F  A$lcc6060 |    0000095F  C$main.c$
     00000962  A$lcc6060 |    00000963  A$lcc6060 |    00000965  A$lcc6060
     00000968  A$lcc6060 |    00000969  A$lcc6060 |    0000096A  A$lcc6060
     0000096D  A$lcc6060 |    0000096F  A$lcc6060 |    00000970  A$lcc6060
     00000971  A$lcc6060 |    00000973  A$lcc6060 |    00000973  C$main.c$
     00000976  A$lcc6060 |    00000977  A$lcc6060 |    00000978  A$lcc6060
     00000979  A$lcc6060 |    00000979  C$main.c$ |    0000097C  A$lcc6060
     0000097D  A$lcc6060 |    0000097E  A$lcc6060 |    0000097F  A$lcc6060
     0000097F  C$main.c$ |    00000982  A$lcc6060 |    00000983  A$lcc6060
     00000983  C$main.c$ |    00000983  XG$scroll |    00000984  A$lcc6060
     00000984  C$main.c$ |    00000984  G$drain_t |    00000984  _drain_ti
     00000985  A$lcc6060 |    00000986  A$lcc6060 |    00000986  C$main.c$
     00000989  A$lcc6060 |    0000098A  A$lcc6060 |    0000098C  A$lcc6060
     0000098D  A$lcc6060 |    0000098F  A$lcc6060 |    00000991  A$lcc6060
     00000992  A$lcc6060 |    00000992  C$main.c$ |    00000993  A$lcc6060
     00000994  A$lcc6060 |    00000996  A$lcc6060 |    00000998  A$lcc6060
     0000099B  A$lcc6060 |    0000099C  A$lcc6060 |    0000099E  A$lcc6060
     000009A0  A$lcc6060 |    000009A2  A$lcc6060 |    000009A4  A$lcc6060
ASxxxx Linker V03.00 + NoICE + sdld,  page 12.
Hexadecimal  [32-Bits]

Area                       Addr        Size        Decimal Bytes (Attributes)
--------------------       ----        ----        ------- ----- ------------
_CODE                  00000200    0000223D =        8765. bytes (REL,CON)

        Value  Global            Value  Global            Value  Global    
        -----  ------            -----  ------            -----  ------    
     000009A6  A$lcc6060 |    000009A8  A$lcc6060 |    000009A9  A$lcc6060
     000009A9  C$main.c$ |    000009AB  A$lcc6060 |    000009AC  A$lcc6060
     000009AE  A$lcc6060 |    000009AF  A$lcc6060 |    000009B2  A$lcc6060
     000009B3  A$lcc6060 |    000009B4  A$lcc6060 |    000009B4  C$main.c$
     000009B7  A$lcc6060 |    000009B8  A$lcc6060 |    000009BB  A$lcc6060
     000009BC  A$lcc6060 |    000009BE  A$lcc6060 |    000009BF  A$lcc6060
     000009C2  A$lcc6060 |    000009C3  A$lcc6060 |    000009C4  A$lcc6060
     000009C5  A$lcc6060 |    000009C6  A$lcc6060 |    000009C9  A$lcc6060
     000009CA  A$lcc6060 |    000009CB  A$lcc6060 |    000009CC  A$lcc6060
     000009CD  A$lcc6060 |    000009CE  A$lcc6060 |    000009CF  A$lcc6060
     000009D0  A$lcc6060 |    000009D3  A$lcc6060 |    000009D4  A$lcc6060
     000009D5  A$lcc6060 |    000009D5  C$main.c$ |    000009D7  A$lcc6060
     000009D8  A$lcc6060 |    000009DA  A$lcc6060 |    000009DC  A$lcc6060
     000009DD  A$lcc6060 |    000009DF  A$lcc6060 |    000009E0  A$lcc6060
     000009E1  A$lcc6060 |    000009E3  A$lcc6060 |    000009E4  A$lcc6060
     000009E5  A$lcc6060 |    000009E7  A$lcc6060 |    000009E8  A$lcc6060
     000009E9  A$lcc6060 |    000009EB  A$lcc6060 |    000009EB  C$main.c$
     000009ED  A$lcc6060 |    000009EE  A$lcc6060 |    000009F0  A$lcc6060
     000009F1  A$lcc6060 |    000009F3  A$lcc6060 |    000009F4  A$lcc6060
     000009F5  A$lcc6060 |    000009F6  A$lcc6060 |    000009F7  A$lcc6060
     000009FA  A$lcc6060 |    000009FC  A$lcc6060 |    000009FC  C$main.c$
     000009FF  A$lcc6060 |    00000A00  A$lcc6060 |    00000A00  C$main.c$
     00000A03  A$lcc6060 |    00000A04  A$lcc6060 |    00000A06  A$lcc6060
     00000A07  A$lcc6060 |    00000A08  A$lcc6060 |    00000A0A  A$lcc6060
     00000A0B  A$lcc6060 |    00000A0B  C$main.c$ |    00000A0E  A$lcc6060
     00000A0E  C$main.c$ |    00000A11  A$lcc6060 |    00000A12  A$lcc6060
     00000A14  A$lcc6060 |    00000A15  A$lcc6060 |    00000A16  A$lcc6060
     00000A16  C$main.c$ |    00000A18  A$lcc6060 |    00000A19  A$lcc6060
     00000A1B  A$lcc6060 |    00000A1D  A$lcc6060 |    00000A1D  C$main.c$
     00000A20  A$lcc6060 |    00000A22  A$lcc6060 |    00000A22  C$main.c$
     00000A25  A$lcc6060 |    00000A27  A$lcc6060 |    00000A28  A$lcc6060
     00000A29  A$lcc6060 |    00000A29  C$main.c$ |    00000A29  XG$drain_
     00000A2A  A$lcc6060 |    00000A2A  C$main.c$ |    00000A2A  G$reload_
     00000A2A  _reload_t |    00000A2B  A$lcc6060 |    00000A2C  A$lcc6060
     00000A2C  C$main.c$ |    00000A2F  A$lcc6060 |    00000A30  A$lcc6060
     00000A32  A$lcc6060 |    00000A33  A$lcc6060 |    00000A35  A$lcc6060
     00000A37  A$lcc6060 |    00000A38  A$lcc6060 |    00000A38  C$main.c$
     00000A39  A$lcc6060 |    00000A3A  A$lcc6060 |    00000A3C  A$lcc6060
     00000A3E  A$lcc6060 |    00000A41  A$lcc6060 |    00000A42  A$lcc6060
     00000A44  A$lcc6060 |    00000A46  A$lcc6060 |    00000A48  A$lcc6060
     00000A4A  A$lcc6060 |    00000A4C  A$lcc6060 |    00000A4E  A$lcc6060
     00000A4E  C$main.c$ |    00000A50  A$lcc6060 |    00000A51  A$lcc6060
     00000A52  A$lcc6060 |    00000A54  A$lcc6060 |    00000A55  A$lcc6060
     00000A58  A$lcc6060 |    00000A59  A$lcc6060 |    00000A5A  A$lcc6060
     00000A5A  C$main.c$ |    00000A5D  A$lcc6060 |    00000A5E  A$lcc6060
     00000A61  A$lcc6060 |    00000A62  A$lcc6060 |    00000A64  A$lcc6060
     00000A64  C$main.c$ |    00000A65  A$lcc6060 |    00000A66  A$lcc6060
     00000A67  A$lcc6060 |    00000A69  A$lcc6060 |    00000A6B  A$lcc6060
     00000A6C  A$lcc6060 |    00000A6D  A$lcc6060 |    00000A6E  A$lcc6060
     00000A6F  A$lcc6060 |    00000A70  A$lcc6060 |    00000A71  A$lcc6060
     00000A73  A$lcc6060 |    00000A74  A$lcc6060 |    00000A75  A$lcc6060
ASxxxx Linker V03.00 + NoICE + sdld,  page 13.
Hexadecimal  [32-Bits]

Area                       Addr        Size        Decimal Bytes (Attributes)
--------------------       ----        ----        ------- ----- ------------
_CODE                  00000200    0000223D =        8765. bytes (REL,CON)

        Value  Global            Value  Global            Value  Global    
        -----  ------            -----  ------            -----  ------    
     00000A77  A$lcc6060 |    00000A78  A$lcc6060 |    00000A79  A$lcc6060
     00000A7B  A$lcc6060 |    00000A7B  C$main.c$ |    00000A7D  A$lcc6060
     00000A7E  A$lcc6060 |    00000A80  A$lcc6060 |    00000A81  A$lcc6060
     00000A82  A$lcc6060 |    00000A84  A$lcc6060 |    00000A85  A$lcc6060
     00000A86  A$lcc6060 |    00000A87  A$lcc6060 |    00000A88  A$lcc6060
     00000A8B  A$lcc6060 |    00000A8D  A$lcc6060 |    00000A8D  C$main.c$
     00000A90  A$lcc6060 |    00000A91  A$lcc6060 |    00000A91  C$main.c$
     00000A93  A$lcc6060 |    00000A94  A$lcc6060 |    00000A96  A$lcc6060
     00000A98  A$lcc6060 |    00000A98  C$main.c$ |    00000A9B  A$lcc6060
     00000A9B  C$main.c$ |    00000A9E  A$lcc6060 |    00000A9E  C$main.c$
     00000AA1  A$lcc6060 |    00000AA3  A$lcc6060 |    00000AA4  A$lcc6060
     00000AA5  A$lcc6060 |    00000AA5  C$main.c$ |    00000AA5  XG$reload
     00000AA6  A$lcc6060 |    00000AA6  C$main.c$ |    00000AA6  G$win_che
     00000AA6  _win_chec |    00000AA8  A$lcc6060 |    00000AA8  C$main.c$
     00000AAA  A$lcc6060 |    00000AAB  A$lcc6060 |    00000AAD  A$lcc6060
     00000AAE  A$lcc6060 |    00000AAF  A$lcc6060 |    00000AB0  A$lcc6060
     00000AB1  A$lcc6060 |    00000AB2  A$lcc6060 |    00000AB3  A$lcc6060
     00000AB6  A$lcc6060 |    00000AB7  A$lcc6060 |    00000AB8  A$lcc6060
     00000AB9  A$lcc6060 |    00000ABB  A$lcc6060 |    00000ABC  A$lcc6060
     00000ABD  A$lcc6060 |    00000ABE  A$lcc6060 |    00000AC0  A$lcc6060
     00000AC1  A$lcc6060 |    00000AC2  A$lcc6060 |    00000AC3  A$lcc6060
     00000AC4  A$lcc6060 |    00000AC6  A$lcc6060 |    00000AC8  A$lcc6060
     00000AC9  A$lcc6060 |    00000ACA  A$lcc6060 |    00000ACB  A$lcc6060
     00000ACC  A$lcc6060 |    00000ACD  A$lcc6060 |    00000ACE  A$lcc6060
     00000AD1  A$lcc6060 |    00000AD2  A$lcc6060 |    00000AD3  A$lcc6060
     00000AD4  A$lcc6060 |    00000AD5  A$lcc6060 |    00000AD6  A$lcc6060
     00000AD7  A$lcc6060 |    00000AD9  A$lcc6060 |    00000ADB  A$lcc6060
     00000ADC  A$lcc6060 |    00000ADE  A$lcc6060 |    00000ADF  A$lcc6060
     00000AE1  A$lcc6060 |    00000AE2  A$lcc6060 |    00000AE4  A$lcc6060
     00000AE5  A$lcc6060 |    00000AE7  A$lcc6060 |    00000AE8  A$lcc6060
     00000AEA  A$lcc6060 |    00000AEA  C$main.c$ |    00000AEC  A$lcc6060
     00000AED  A$lcc6060 |    00000AEF  A$lcc6060 |    00000AF0  A$lcc6060
     00000AF1  A$lcc6060 |    00000AF2  A$lcc6060 |    00000AF3  A$lcc6060
     00000AF4  A$lcc6060 |    00000AF5  A$lcc6060 |    00000AF8  A$lcc6060
     00000AF9  A$lcc6060 |    00000AFA  A$lcc6060 |    00000AFB  A$lcc6060
     00000AFD  A$lcc6060 |    00000AFE  A$lcc6060 |    00000AFF  A$lcc6060
     00000B00  A$lcc6060 |    00000B02  A$lcc6060 |    00000B03  A$lcc6060
     00000B04  A$lcc6060 |    00000B05  A$lcc6060 |    00000B06  A$lcc6060
     00000B08  A$lcc6060 |    00000B0A  A$lcc6060 |    00000B0C  A$lcc6060
     00000B0D  A$lcc6060 |    00000B0E  A$lcc6060 |    00000B0F  A$lcc6060
     00000B12  A$lcc6060 |    00000B13  A$lcc6060 |    00000B14  A$lcc6060
     00000B15  A$lcc6060 |    00000B17  A$lcc6060 |    00000B19  A$lcc6060
     00000B1B  A$lcc6060 |    00000B1D  A$lcc6060 |    00000B1F  A$lcc6060
     00000B21  A$lcc6060 |    00000B21  C$main.c$ |    00000B23  A$lcc6060
     00000B24  A$lcc6060 |    00000B25  A$lcc6060 |    00000B26  A$lcc6060
     00000B29  A$lcc6060 |    00000B2A  A$lcc6060 |    00000B2B  A$lcc6060
     00000B2C  A$lcc6060 |    00000B2E  A$lcc6060 |    00000B2F  A$lcc6060
     00000B30  A$lcc6060 |    00000B31  A$lcc6060 |    00000B33  A$lcc6060
     00000B34  A$lcc6060 |    00000B35  A$lcc6060 |    00000B36  A$lcc6060
     00000B37  A$lcc6060 |    00000B38  A$lcc6060 |    00000B39  A$lcc6060
     00000B3A  A$lcc6060 |    00000B3B  A$lcc6060 |    00000B3D  A$lcc6060
ASxxxx Linker V03.00 + NoICE + sdld,  page 14.
Hexadecimal  [32-Bits]

Area                       Addr        Size        Decimal Bytes (Attributes)
--------------------       ----        ----        ------- ----- ------------
_CODE                  00000200    0000223D =        8765. bytes (REL,CON)

        Value  Global            Value  Global            Value  Global    
        -----  ------            -----  ------            -----  ------    
     00000B3F  A$lcc6060 |    00000B40  A$lcc6060 |    00000B41  A$lcc6060
     00000B42  A$lcc6060 |    00000B43  A$lcc6060 |    00000B44  A$lcc6060
     00000B45  A$lcc6060 |    00000B48  A$lcc6060 |    00000B49  A$lcc6060
     00000B4A  A$lcc6060 |    00000B4B  A$lcc6060 |    00000B4D  A$lcc6060
     00000B4E  A$lcc6060 |    00000B4F  A$lcc6060 |    00000B50  A$lcc6060
     00000B52  A$lcc6060 |    00000B53  A$lcc6060 |    00000B55  A$lcc6060
     00000B56  A$lcc6060 |    00000B57  A$lcc6060 |    00000B58  A$lcc6060
     00000B5A  A$lcc6060 |    00000B5C  A$lcc6060 |    00000B5E  A$lcc6060
     00000B60  A$lcc6060 |    00000B62  A$lcc6060 |    00000B64  A$lcc6060
     00000B64  C$main.c$ |    00000B66  A$lcc6060 |    00000B67  A$lcc6060
     00000B69  A$lcc6060 |    00000B6A  A$lcc6060 |    00000B6C  A$lcc6060
     00000B6D  A$lcc6060 |    00000B6F  A$lcc6060 |    00000B70  A$lcc6060
     00000B72  A$lcc6060 |    00000B74  A$lcc6060 |    00000B76  A$lcc6060
     00000B77  A$lcc6060 |    00000B79  A$lcc6060 |    00000B7A  A$lcc6060
     00000B7C  A$lcc6060 |    00000B7D  A$lcc6060 |    00000B7E  A$lcc6060
     00000B7F  A$lcc6060 |    00000B80  A$lcc6060 |    00000B81  A$lcc6060
     00000B82  A$lcc6060 |    00000B82  C$main.c$ |    00000B84  A$lcc6060
     00000B85  A$lcc6060 |    00000B86  A$lcc6060 |    00000B87  A$lcc6060
     00000B88  A$lcc6060 |    00000B89  A$lcc6060 |    00000B8A  A$lcc6060
     00000B8A  C$main.c$ |    00000B8D  A$lcc6060 |    00000B8E  A$lcc6060
     00000B8F  A$lcc6060 |    00000B92  A$lcc6060 |    00000B93  A$lcc6060
     00000B94  A$lcc6060 |    00000B95  A$lcc6060 |    00000B97  A$lcc6060
     00000B98  A$lcc6060 |    00000B99  A$lcc6060 |    00000B9B  A$lcc6060
     00000B9B  C$main.c$ |    00000B9E  A$lcc6060 |    00000B9F  A$lcc6060
     00000BA2  A$lcc6060 |    00000BA3  A$lcc6060 |    00000BA6  A$lcc6060
     00000BA7  A$lcc6060 |    00000BAA  A$lcc6060 |    00000BAC  A$lcc6060
     00000BAC  C$main.c$ |    00000BAF  A$lcc6060 |    00000BB1  A$lcc6060
     00000BB4  A$lcc6060 |    00000BB5  A$lcc6060 |    00000BB6  A$lcc6060
     00000BB7  A$lcc6060 |    00000BBA  A$lcc6060 |    00000BBB  A$lcc6060
     00000BBC  A$lcc6060 |    00000BBD  A$lcc6060 |    00000BBE  A$lcc6060
     00000BBF  A$lcc6060 |    00000BC0  A$lcc6060 |    00000BC3  A$lcc6060
     00000BC4  A$lcc6060 |    00000BC4  C$main.c$ |    00000BC7  A$lcc6060
     00000BC7  C$main.c$ |    00000BC8  A$lcc6060 |    00000BCA  A$lcc6060
     00000BCC  A$lcc6060 |    00000BCD  A$lcc6060 |    00000BCF  A$lcc6060
     00000BD1  A$lcc6060 |    00000BD1  C$main.c$ |    00000BD4  A$lcc6060
     00000BD5  A$lcc6060 |    00000BD8  A$lcc6060 |    00000BD9  A$lcc6060
     00000BDC  A$lcc6060 |    00000BDD  A$lcc6060 |    00000BE0  A$lcc6060
     00000BE2  A$lcc6060 |    00000BE2  C$main.c$ |    00000BE5  A$lcc6060
     00000BE7  A$lcc6060 |    00000BEA  A$lcc6060 |    00000BEB  A$lcc6060
     00000BEC  A$lcc6060 |    00000BED  A$lcc6060 |    00000BF0  A$lcc6060
     00000BF1  A$lcc6060 |    00000BF2  A$lcc6060 |    00000BF3  A$lcc6060
     00000BF4  A$lcc6060 |    00000BF5  A$lcc6060 |    00000BF6  A$lcc6060
     00000BF9  A$lcc6060 |    00000BFA  A$lcc6060 |    00000BFA  C$main.c$
     00000BFD  A$lcc6060 |    00000BFD  C$main.c$ |    00000BFE  A$lcc6060
     00000C00  A$lcc6060 |    00000C02  A$lcc6060 |    00000C03  A$lcc6060
     00000C05  A$lcc6060 |    00000C07  A$lcc6060 |    00000C07  C$main.c$
     00000C0A  A$lcc6060 |    00000C0B  A$lcc6060 |    00000C0E  A$lcc6060
     00000C0F  A$lcc6060 |    00000C12  A$lcc6060 |    00000C13  A$lcc6060
     00000C16  A$lcc6060 |    00000C18  A$lcc6060 |    00000C18  C$main.c$
     00000C1B  A$lcc6060 |    00000C1D  A$lcc6060 |    00000C20  A$lcc6060
     00000C21  A$lcc6060 |    00000C22  A$lcc6060 |    00000C23  A$lcc6060
ASxxxx Linker V03.00 + NoICE + sdld,  page 15.
Hexadecimal  [32-Bits]

Area                       Addr        Size        Decimal Bytes (Attributes)
--------------------       ----        ----        ------- ----- ------------
_CODE                  00000200    0000223D =        8765. bytes (REL,CON)

        Value  Global            Value  Global            Value  Global    
        -----  ------            -----  ------            -----  ------    
     00000C26  A$lcc6060 |    00000C27  A$lcc6060 |    00000C28  A$lcc6060
     00000C29  A$lcc6060 |    00000C2A  A$lcc6060 |    00000C2B  A$lcc6060
     00000C2C  A$lcc6060 |    00000C2F  A$lcc6060 |    00000C30  A$lcc6060
     00000C30  C$main.c$ |    00000C32  A$lcc6060 |    00000C32  C$main.c$
     00000C33  A$lcc6060 |    00000C35  A$lcc6060 |    00000C37  A$lcc6060
     00000C38  A$lcc6060 |    00000C3A  A$lcc6060 |    00000C3C  A$lcc6060
     00000C3C  C$main.c$ |    00000C3F  A$lcc6060 |    00000C40  A$lcc6060
     00000C43  A$lcc6060 |    00000C44  A$lcc6060 |    00000C47  A$lcc6060
     00000C48  A$lcc6060 |    00000C4B  A$lcc6060 |    00000C4D  A$lcc6060
     00000C4D  C$main.c$ |    00000C50  A$lcc6060 |    00000C52  A$lcc6060
     00000C55  A$lcc6060 |    00000C56  A$lcc6060 |    00000C57  A$lcc6060
     00000C58  A$lcc6060 |    00000C5B  A$lcc6060 |    00000C5C  A$lcc6060
     00000C5D  A$lcc6060 |    00000C5E  A$lcc6060 |    00000C5F  A$lcc6060
     00000C60  A$lcc6060 |    00000C61  A$lcc6060 |    00000C64  A$lcc6060
     00000C65  A$lcc6060 |    00000C65  C$main.c$ |    00000C67  A$lcc6060
     00000C67  C$main.c$ |    00000C68  A$lcc6060 |    00000C6A  A$lcc6060
     00000C6C  A$lcc6060 |    00000C6D  A$lcc6060 |    00000C6F  A$lcc6060
     00000C71  A$lcc6060 |    00000C71  C$main.c$ |    00000C74  A$lcc6060
     00000C75  A$lcc6060 |    00000C78  A$lcc6060 |    00000C79  A$lcc6060
     00000C7C  A$lcc6060 |    00000C7D  A$lcc6060 |    00000C80  A$lcc6060
     00000C82  A$lcc6060 |    00000C82  C$main.c$ |    00000C85  A$lcc6060
     00000C87  A$lcc6060 |    00000C8A  A$lcc6060 |    00000C8B  A$lcc6060
     00000C8C  A$lcc6060 |    00000C8D  A$lcc6060 |    00000C90  A$lcc6060
     00000C91  A$lcc6060 |    00000C92  A$lcc6060 |    00000C93  A$lcc6060
     00000C94  A$lcc6060 |    00000C95  A$lcc6060 |    00000C96  A$lcc6060
     00000C99  A$lcc6060 |    00000C9A  A$lcc6060 |    00000C9A  C$main.c$
     00000C9C  A$lcc6060 |    00000C9C  C$main.c$ |    00000C9F  A$lcc6060
     00000CA1  A$lcc6060 |    00000CA1  C$main.c$ |    00000CA1  XG$win_ch
     00000CA2  A$lcc6060 |    00000CA2  C$main.c$ |    00000CA2  G$collide
     00000CA2  _collide_ |    00000CA4  A$lcc6060 |    00000CA4  C$main.c$
     00000CA7  A$lcc6060 |    00000CA8  A$lcc6060 |    00000CA9  A$lcc6060
     00000CAA  A$lcc6060 |    00000CAB  A$lcc6060 |    00000CAD  A$lcc6060
     00000CAE  A$lcc6060 |    00000CAF  A$lcc6060 |    00000CB0  A$lcc6060
     00000CB1  A$lcc6060 |    00000CB3  A$lcc6060 |    00000CB5  A$lcc6060
     00000CB5  C$main.c$ |    00000CB7  A$lcc6060 |    00000CB9  A$lcc6060
     00000CB9  C$main.c$ |    00000CBB  A$lcc6060 |    00000CBD  A$lcc6060
     00000CBF  A$lcc6060 |    00000CBF  C$main.c$ |    00000CC1  A$lcc6060
     00000CC3  A$lcc6060 |    00000CC3  C$main.c$ |    00000CC5  A$lcc6060
     00000CC7  A$lcc6060 |    00000CC7  C$main.c$ |    00000CC9  A$lcc6060
     00000CCA  A$lcc6060 |    00000CCC  A$lcc6060 |    00000CCD  A$lcc6060
     00000CCE  A$lcc6060 |    00000CCF  A$lcc6060 |    00000CD0  A$lcc6060
     00000CD1  A$lcc6060 |    00000CD2  A$lcc6060 |    00000CD5  A$lcc6060
     00000CD6  A$lcc6060 |    00000CD7  A$lcc6060 |    00000CD8  A$lcc6060
     00000CDA  A$lcc6060 |    00000CDB  A$lcc6060 |    00000CDC  A$lcc6060
     00000CDD  A$lcc6060 |    00000CDF  A$lcc6060 |    00000CE0  A$lcc6060
     00000CE1  A$lcc6060 |    00000CE2  A$lcc6060 |    00000CE3  A$lcc6060
     00000CE5  A$lcc6060 |    00000CE7  A$lcc6060 |    00000CE8  A$lcc6060
     00000CE9  A$lcc6060 |    00000CEA  A$lcc6060 |    00000CEB  A$lcc6060
     00000CEC  A$lcc6060 |    00000CED  A$lcc6060 |    00000CF0  A$lcc6060
     00000CF1  A$lcc6060 |    00000CF2  A$lcc6060 |    00000CF3  A$lcc6060
     00000CF5  A$lcc6060 |    00000CF7  A$lcc6060 |    00000CF9  A$lcc6060
ASxxxx Linker V03.00 + NoICE + sdld,  page 16.
Hexadecimal  [32-Bits]

Area                       Addr        Size        Decimal Bytes (Attributes)
--------------------       ----        ----        ------- ----- ------------
_CODE                  00000200    0000223D =        8765. bytes (REL,CON)

        Value  Global            Value  Global            Value  Global    
        -----  ------            -----  ------            -----  ------    
     00000CFB  A$lcc6060 |    00000CFD  A$lcc6060 |    00000CFF  A$lcc6060
     00000CFF  C$main.c$ |    00000D02  A$lcc6060 |    00000D03  A$lcc6060
     00000D04  A$lcc6060 |    00000D05  A$lcc6060 |    00000D06  A$lcc6060
     00000D07  A$lcc6060 |    00000D08  A$lcc6060 |    00000D09  A$lcc6060
     00000D0A  A$lcc6060 |    00000D0A  C$main.c$ |    00000D0B  A$lcc6060
     00000D0D  A$lcc6060 |    00000D0E  A$lcc6060 |    00000D0F  A$lcc6060
     00000D11  A$lcc6060 |    00000D14  A$lcc6060 |    00000D16  A$lcc6060
     00000D17  A$lcc6060 |    00000D17  C$main.c$ |    00000D19  A$lcc6060
     00000D1A  A$lcc6060 |    00000D1C  A$lcc6060 |    00000D1D  A$lcc6060
     00000D1F  A$lcc6060 |    00000D21  A$lcc6060 |    00000D22  A$lcc6060
     00000D24  A$lcc6060 |    00000D26  A$lcc6060 |    00000D27  A$lcc6060
     00000D28  A$lcc6060 |    00000D29  A$lcc6060 |    00000D2A  A$lcc6060
     00000D2B  A$lcc6060 |    00000D2C  A$lcc6060 |    00000D2E  A$lcc6060
     00000D2F  A$lcc6060 |    00000D31  A$lcc6060 |    00000D32  A$lcc6060
     00000D33  A$lcc6060 |    00000D34  A$lcc6060 |    00000D35  A$lcc6060
     00000D36  A$lcc6060 |    00000D37  A$lcc6060 |    00000D38  A$lcc6060
     00000D39  A$lcc6060 |    00000D3A  A$lcc6060 |    00000D3B  A$lcc6060
     00000D3D  A$lcc6060 |    00000D3E  A$lcc6060 |    00000D40  A$lcc6060
     00000D41  A$lcc6060 |    00000D43  A$lcc6060 |    00000D44  A$lcc6060
     00000D46  A$lcc6060 |    00000D47  A$lcc6060 |    00000D49  A$lcc6060
     00000D4B  A$lcc6060 |    00000D4D  A$lcc6060 |    00000D4E  A$lcc6060
     00000D4F  A$lcc6060 |    00000D52  A$lcc6060 |    00000D53  A$lcc6060
     00000D54  A$lcc6060 |    00000D55  A$lcc6060 |    00000D57  A$lcc6060
     00000D58  A$lcc6060 |    00000D59  A$lcc6060 |    00000D5A  A$lcc6060
     00000D5C  A$lcc6060 |    00000D5D  A$lcc6060 |    00000D5F  A$lcc6060
     00000D61  A$lcc6060 |    00000D62  A$lcc6060 |    00000D64  A$lcc6060
     00000D65  A$lcc6060 |    00000D67  A$lcc6060 |    00000D68  A$lcc6060
     00000D6A  A$lcc6060 |    00000D6B  A$lcc6060 |    00000D6D  A$lcc6060
     00000D6E  A$lcc6060 |    00000D70  A$lcc6060 |    00000D70  C$main.c$
     00000D72  A$lcc6060 |    00000D73  A$lcc6060 |    00000D74  A$lcc6060
     00000D76  A$lcc6060 |    00000D77  A$lcc6060 |    00000D78  A$lcc6060
     00000D79  A$lcc6060 |    00000D7A  A$lcc6060 |    00000D7B  A$lcc6060
     00000D7C  A$lcc6060 |    00000D7E  A$lcc6060 |    00000D7F  A$lcc6060
     00000D80  A$lcc6060 |    00000D81  A$lcc6060 |    00000D82  A$lcc6060
     00000D83  A$lcc6060 |    00000D84  A$lcc6060 |    00000D86  A$lcc6060
     00000D87  A$lcc6060 |    00000D88  A$lcc6060 |    00000D89  A$lcc6060
     00000D8B  A$lcc6060 |    00000D8C  A$lcc6060 |    00000D8D  A$lcc6060
     00000D8E  A$lcc6060 |    00000D8F  A$lcc6060 |    00000D90  A$lcc6060
     00000D91  A$lcc6060 |    00000D92  A$lcc6060 |    00000D93  A$lcc6060
     00000D95  A$lcc6060 |    00000D97  A$lcc6060 |    00000D98  A$lcc6060
     00000D99  A$lcc6060 |    00000D9A  A$lcc6060 |    00000D9B  A$lcc6060
     00000D9E  A$lcc6060 |    00000D9F  A$lcc6060 |    00000DA0  A$lcc6060
     00000DA1  A$lcc6060 |    00000DA3  A$lcc6060 |    00000DA4  A$lcc6060
     00000DA5  A$lcc6060 |    00000DA6  A$lcc6060 |    00000DA8  A$lcc6060
     00000DA9  A$lcc6060 |    00000DAB  A$lcc6060 |    00000DAC  A$lcc6060
     00000DAD  A$lcc6060 |    00000DAD  C$main.c$ |    00000DAE  A$lcc6060
     00000DAF  A$lcc6060 |    00000DB1  A$lcc6060 |    00000DB3  A$lcc6060
     00000DB5  A$lcc6060 |    00000DB7  A$lcc6060 |    00000DB9  A$lcc6060
     00000DBB  A$lcc6060 |    00000DBC  A$lcc6060 |    00000DBD  A$lcc6060
     00000DBF  A$lcc6060 |    00000DC0  A$lcc6060 |    00000DC1  A$lcc6060
     00000DC2  A$lcc6060 |    00000DC3  A$lcc6060 |    00000DC4  A$lcc6060
ASxxxx Linker V03.00 + NoICE + sdld,  page 17.
Hexadecimal  [32-Bits]

Area                       Addr        Size        Decimal Bytes (Attributes)
--------------------       ----        ----        ------- ----- ------------
_CODE                  00000200    0000223D =        8765. bytes (REL,CON)

        Value  Global            Value  Global            Value  Global    
        -----  ------            -----  ------            -----  ------    
     00000DC7  A$lcc6060 |    00000DC8  A$lcc6060 |    00000DC9  A$lcc6060
     00000DCA  A$lcc6060 |    00000DCC  A$lcc6060 |    00000DCD  A$lcc6060
     00000DCF  A$lcc6060 |    00000DCF  C$main.c$ |    00000DD0  A$lcc6060
     00000DD2  A$lcc6060 |    00000DD3  A$lcc6060 |    00000DD4  A$lcc6060
     00000DD5  A$lcc6060 |    00000DD6  A$lcc6060 |    00000DD9  A$lcc6060
     00000DDA  A$lcc6060 |    00000DDC  A$lcc6060 |    00000DDD  A$lcc6060
     00000DDE  A$lcc6060 |    00000DE0  A$lcc6060 |    00000DE0  C$main.c$
     00000DE3  A$lcc6060 |    00000DE4  A$lcc6060 |    00000DE5  A$lcc6060
     00000DE6  A$lcc6060 |    00000DE7  A$lcc6060 |    00000DE9  A$lcc6060
     00000DEA  A$lcc6060 |    00000DEB  A$lcc6060 |    00000DEC  A$lcc6060
     00000DED  A$lcc6060 |    00000DEF  A$lcc6060 |    00000DF1  A$lcc6060
     00000DF1  C$main.c$ |    00000DF3  A$lcc6060 |    00000DF4  A$lcc6060
     00000DF6  A$lcc6060 |    00000DF7  A$lcc6060 |    00000DF9  A$lcc6060
     00000DFB  A$lcc6060 |    00000DFC  A$lcc6060 |    00000DFE  A$lcc6060
     00000DFF  A$lcc6060 |    00000E00  A$lcc6060 |    00000E02  A$lcc6060
     00000E03  A$lcc6060 |    00000E05  A$lcc6060 |    00000E07  A$lcc6060
     00000E08  A$lcc6060 |    00000E0A  A$lcc6060 |    00000E0B  A$lcc6060
     00000E0D  A$lcc6060 |    00000E10  A$lcc6060 |    00000E11  A$lcc6060
     00000E13  A$lcc6060 |    00000E14  A$lcc6060 |    00000E15  A$lcc6060
     00000E17  A$lcc6060 |    00000E18  A$lcc6060 |    00000E1B  A$lcc6060
     00000E1B  C$main.c$ |    00000E1E  A$lcc6060 |    00000E20  A$lcc6060
     00000E23  A$lcc6060 |    00000E23  C$main.c$ |    00000E23  C$main.c$
     00000E24  A$lcc6060 |    00000E26  A$lcc6060 |    00000E27  A$lcc6060
     00000E29  A$lcc6060 |    00000E2A  A$lcc6060 |    00000E2C  A$lcc6060
     00000E2D  A$lcc6060 |    00000E2F  A$lcc6060 |    00000E2F  C$main.c$
     00000E31  A$lcc6060 |    00000E32  A$lcc6060 |    00000E34  A$lcc6060
     00000E35  A$lcc6060 |    00000E37  A$lcc6060 |    00000E39  A$lcc6060
     00000E3A  A$lcc6060 |    00000E3B  A$lcc6060 |    00000E3D  A$lcc6060
     00000E3F  A$lcc6060 |    00000E40  A$lcc6060 |    00000E42  A$lcc6060
     00000E43  A$lcc6060 |    00000E44  A$lcc6060 |    00000E46  A$lcc6060
     00000E47  A$lcc6060 |    00000E49  A$lcc6060 |    00000E4B  A$lcc6060
     00000E4D  A$lcc6060 |    00000E4F  A$lcc6060 |    00000E51  A$lcc6060
     00000E52  A$lcc6060 |    00000E53  A$lcc6060 |    00000E55  A$lcc6060
     00000E56  A$lcc6060 |    00000E58  A$lcc6060 |    00000E58  C$main.c$
     00000E5B  A$lcc6060 |    00000E5D  A$lcc6060 |    00000E60  A$lcc6060
     00000E60  C$main.c$ |    00000E63  A$lcc6060 |    00000E64  A$lcc6060
     00000E67  A$lcc6060 |    00000E67  C$main.c$ |    00000E6A  A$lcc6060
     00000E6C  A$lcc6060 |    00000E6F  A$lcc6060 |    00000E6F  C$main.c$
     00000E71  A$lcc6060 |    00000E72  A$lcc6060 |    00000E74  A$lcc6060
     00000E75  A$lcc6060 |    00000E77  A$lcc6060 |    00000E79  A$lcc6060
     00000E7A  A$lcc6060 |    00000E7B  A$lcc6060 |    00000E7D  A$lcc6060
     00000E7E  A$lcc6060 |    00000E7F  A$lcc6060 |    00000E81  A$lcc6060
     00000E82  A$lcc6060 |    00000E84  A$lcc6060 |    00000E85  A$lcc6060
     00000E87  A$lcc6060 |    00000E88  A$lcc6060 |    00000E89  A$lcc6060
     00000E8B  A$lcc6060 |    00000E8C  A$lcc6060 |    00000E8D  A$lcc6060
     00000E8F  A$lcc6060 |    00000E90  A$lcc6060 |    00000E92  A$lcc6060
     00000E93  A$lcc6060 |    00000E94  A$lcc6060 |    00000E94  C$main.c$
     00000E95  A$lcc6060 |    00000E97  A$lcc6060 |    00000E98  A$lcc6060
     00000E9A  A$lcc6060 |    00000E9A  C$main.c$ |    00000E9C  A$lcc6060
     00000E9E  A$lcc6060 |    00000EA0  A$lcc6060 |    00000EA2  A$lcc6060
     00000EA4  A$lcc6060 |    00000EA6  A$lcc6060 |    00000EA8  A$lcc6060
ASxxxx Linker V03.00 + NoICE + sdld,  page 18.
Hexadecimal  [32-Bits]

Area                       Addr        Size        Decimal Bytes (Attributes)
--------------------       ----        ----        ------- ----- ------------
_CODE                  00000200    0000223D =        8765. bytes (REL,CON)

        Value  Global            Value  Global            Value  Global    
        -----  ------            -----  ------            -----  ------    
     00000EAA  A$lcc6060 |    00000EAC  A$lcc6060 |    00000EAC  C$main.c$
     00000EAF  A$lcc6060 |    00000EB1  A$lcc6060 |    00000EB3  A$lcc6060
     00000EB3  C$main.c$ |    00000EB6  A$lcc6060 |    00000EB7  A$lcc6060
     00000EB9  A$lcc6060 |    00000EB9  C$main.c$ |    00000EBC  A$lcc6060
     00000EBE  A$lcc6060 |    00000EC0  A$lcc6060 |    00000EC0  C$main.c$
     00000EC1  A$lcc6060 |    00000EC3  A$lcc6060 |    00000EC4  A$lcc6060
     00000EC6  A$lcc6060 |    00000EC6  C$main.c$ |    00000EC8  A$lcc6060
     00000ECA  A$lcc6060 |    00000ECC  A$lcc6060 |    00000ECE  A$lcc6060
     00000ED0  A$lcc6060 |    00000ED2  A$lcc6060 |    00000ED4  A$lcc6060
     00000ED6  A$lcc6060 |    00000ED8  A$lcc6060 |    00000ED8  C$main.c$
     00000EDB  A$lcc6060 |    00000EDD  A$lcc6060 |    00000EDF  A$lcc6060
     00000EDF  C$main.c$ |    00000EE2  A$lcc6060 |    00000EE3  A$lcc6060
     00000EE5  A$lcc6060 |    00000EE5  C$main.c$ |    00000EE8  A$lcc6060
     00000EEA  A$lcc6060 |    00000EEC  A$lcc6060 |    00000EEC  C$main.c$
     00000EED  A$lcc6060 |    00000EEF  A$lcc6060 |    00000EF0  A$lcc6060
     00000EF2  A$lcc6060 |    00000EF2  C$main.c$ |    00000EF4  A$lcc6060
     00000EF6  A$lcc6060 |    00000EF8  A$lcc6060 |    00000EFA  A$lcc6060
     00000EFC  A$lcc6060 |    00000EFE  A$lcc6060 |    00000F00  A$lcc6060
     00000F02  A$lcc6060 |    00000F04  A$lcc6060 |    00000F04  C$main.c$
     00000F07  A$lcc6060 |    00000F09  A$lcc6060 |    00000F0B  A$lcc6060
     00000F0B  C$main.c$ |    00000F0E  A$lcc6060 |    00000F0F  A$lcc6060
     00000F11  A$lcc6060 |    00000F11  C$main.c$ |    00000F14  A$lcc6060
     00000F16  A$lcc6060 |    00000F18  A$lcc6060 |    00000F18  C$main.c$
     00000F19  A$lcc6060 |    00000F1B  A$lcc6060 |    00000F1C  A$lcc6060
     00000F1E  A$lcc6060 |    00000F1E  C$main.c$ |    00000F21  A$lcc6060
     00000F22  A$lcc6060 |    00000F23  A$lcc6060 |    00000F24  A$lcc6060
     00000F25  A$lcc6060 |    00000F26  A$lcc6060 |    00000F29  A$lcc6060
     00000F2A  A$lcc6060 |    00000F2C  A$lcc6060 |    00000F2C  C$main.c$
     00000F2C  XG$collid |    00000F2D  A$lcc6060 |    00000F2D  C$main.c$
     00000F2D  C$main.c$ |    00000F2D  G$animate |    00000F2D  _animate_
     00000F30  A$lcc6060 |    00000F31  A$lcc6060 |    00000F31  C$main.c$
     00000F34  A$lcc6060 |    00000F35  A$lcc6060 |    00000F35  C$main.c$
     00000F37  A$lcc6060 |    00000F37  C$main.c$ |    00000F3A  A$lcc6060
     00000F3C  A$lcc6060 |    00000F3E  A$lcc6060 |    00000F3E  C$main.c$
     00000F41  A$lcc6060 |    00000F44  A$lcc6060 |    00000F45  A$lcc6060
     00000F46  A$lcc6060 |    00000F47  A$lcc6060 |    00000F49  A$lcc6060
     00000F4A  A$lcc6060 |    00000F4C  A$lcc6060 |    00000F4D  A$lcc6060
     00000F4E  A$lcc6060 |    00000F4E  C$main.c$ |    00000F50  A$lcc6060
     00000F51  A$lcc6060 |    00000F53  A$lcc6060 |    00000F55  A$lcc6060
     00000F55  C$main.c$ |    00000F57  A$lcc6060 |    00000F58  A$lcc6060
     00000F59  A$lcc6060 |    00000F5A  A$lcc6060 |    00000F5B  A$lcc6060
     00000F5E  A$lcc6060 |    00000F5F  A$lcc6060 |    00000F60  A$lcc6060
     00000F61  A$lcc6060 |    00000F61  C$main.c$ |    00000F62  A$lcc6060
     00000F64  A$lcc6060 |    00000F65  A$lcc6060 |    00000F66  A$lcc6060
     00000F67  A$lcc6060 |    00000F68  A$lcc6060 |    00000F6B  A$lcc6060
     00000F6C  A$lcc6060 |    00000F6D  A$lcc6060 |    00000F6D  C$main.c$
     00000F6E  A$lcc6060 |    00000F70  A$lcc6060 |    00000F72  A$lcc6060
     00000F74  A$lcc6060 |    00000F75  A$lcc6060 |    00000F77  A$lcc6060
     00000F77  C$main.c$ |    00000F78  A$lcc6060 |    00000F79  A$lcc6060
     00000F7B  A$lcc6060 |    00000F7C  A$lcc6060 |    00000F7D  A$lcc6060
     00000F7E  A$lcc6060 |    00000F81  A$lcc6060 |    00000F83  A$lcc6060
ASxxxx Linker V03.00 + NoICE + sdld,  page 19.
Hexadecimal  [32-Bits]

Area                       Addr        Size        Decimal Bytes (Attributes)
--------------------       ----        ----        ------- ----- ------------
_CODE                  00000200    0000223D =        8765. bytes (REL,CON)

        Value  Global            Value  Global            Value  Global    
        -----  ------            -----  ------            -----  ------    
     00000F84  A$lcc6060 |    00000F84  C$main.c$ |    00000F85  A$lcc6060
     00000F87  A$lcc6060 |    00000F89  A$lcc6060 |    00000F8B  A$lcc6060
     00000F8C  A$lcc6060 |    00000F8E  A$lcc6060 |    00000F8E  C$main.c$
     00000F8F  A$lcc6060 |    00000F91  A$lcc6060 |    00000F92  A$lcc6060
     00000F93  A$lcc6060 |    00000F94  A$lcc6060 |    00000F97  A$lcc6060
     00000F99  A$lcc6060 |    00000F99  C$main.c$ |    00000F9A  A$lcc6060
     00000F9C  A$lcc6060 |    00000F9C  C$main.c$ |    00000F9F  A$lcc6060
     00000FA1  A$lcc6060 |    00000FA3  A$lcc6060 |    00000FA6  A$lcc6060
     00000FA7  A$lcc6060 |    00000FA8  A$lcc6060 |    00000FAA  A$lcc6060
     00000FAA  C$main.c$ |    00000FAC  A$lcc6060 |    00000FAC  C$main.c$
     00000FAF  A$lcc6060 |    00000FB0  A$lcc6060 |    00000FB1  A$lcc6060
     00000FB1  C$main.c$ |    00000FB4  A$lcc6060 |    00000FB6  A$lcc6060
     00000FB7  A$lcc6060 |    00000FB7  C$main.c$ |    00000FBA  A$lcc6060
     00000FBB  A$lcc6060 |    00000FBC  A$lcc6060 |    00000FBE  A$lcc6060
     00000FBF  A$lcc6060 |    00000FC2  A$lcc6060 |    00000FC3  A$lcc6060
     00000FC4  A$lcc6060 |    00000FC7  A$lcc6060 |    00000FC9  A$lcc6060
     00000FCA  A$lcc6060 |    00000FCD  A$lcc6060 |    00000FCE  A$lcc6060
     00000FCF  A$lcc6060 |    00000FCF  C$main.c$ |    00000FD0  A$lcc6060
     00000FD1  A$lcc6060 |    00000FD3  A$lcc6060 |    00000FD3  C$main.c$
     00000FD6  A$lcc6060 |    00000FD7  A$lcc6060 |    00000FD8  A$lcc6060
     00000FDA  A$lcc6060 |    00000FDA  C$main.c$ |    00000FDB  A$lcc6060
     00000FDC  A$lcc6060 |    00000FDD  A$lcc6060 |    00000FDE  A$lcc6060
     00000FE0  A$lcc6060 |    00000FE1  A$lcc6060 |    00000FE2  A$lcc6060
     00000FE3  A$lcc6060 |    00000FE4  A$lcc6060 |    00000FE7  A$lcc6060
     00000FE9  A$lcc6060 |    00000FEA  A$lcc6060 |    00000FEA  C$main.c$
     00000FEB  A$lcc6060 |    00000FED  A$lcc6060 |    00000FED  C$main.c$
     00000FF0  A$lcc6060 |    00000FF1  A$lcc6060 |    00000FF2  A$lcc6060
     00000FF4  A$lcc6060 |    00000FF4  C$main.c$ |    00000FF5  A$lcc6060
     00000FF6  A$lcc6060 |    00000FF7  A$lcc6060 |    00000FF8  A$lcc6060
     00000FFA  A$lcc6060 |    00000FFB  A$lcc6060 |    00000FFC  A$lcc6060
     00000FFD  A$lcc6060 |    00000FFE  A$lcc6060 |    00001001  A$lcc6060
     00001003  A$lcc6060 |    00001004  A$lcc6060 |    00001004  C$main.c$
     00001005  A$lcc6060 |    00001007  A$lcc6060 |    00001007  C$main.c$
     0000100A  A$lcc6060 |    0000100C  A$lcc6060 |    0000100C  C$main.c$
     0000100F  A$lcc6060 |    00001011  A$lcc6060 |    00001012  A$lcc6060
     00001012  C$main.c$ |    00001015  A$lcc6060 |    00001016  A$lcc6060
     00001017  A$lcc6060 |    00001019  A$lcc6060 |    00001019  C$main.c$
     0000101A  A$lcc6060 |    0000101B  A$lcc6060 |    0000101C  A$lcc6060
     0000101E  A$lcc6060 |    0000101F  A$lcc6060 |    00001020  A$lcc6060
     00001021  A$lcc6060 |    00001022  A$lcc6060 |    00001025  A$lcc6060
     00001027  A$lcc6060 |    00001028  A$lcc6060 |    00001028  C$main.c$
     00001029  A$lcc6060 |    0000102B  A$lcc6060 |    0000102B  C$main.c$
     0000102E  A$lcc6060 |    0000102F  A$lcc6060 |    00001030  A$lcc6060
     00001031  A$lcc6060 |    00001031  C$main.c$ |    00001032  A$lcc6060
     00001033  A$lcc6060 |    00001034  A$lcc6060 |    00001036  A$lcc6060
     00001037  A$lcc6060 |    00001038  A$lcc6060 |    00001039  A$lcc6060
     0000103A  A$lcc6060 |    0000103D  A$lcc6060 |    0000103F  A$lcc6060
     00001040  A$lcc6060 |    00001040  C$main.c$ |    00001041  A$lcc6060
     00001041  C$main.c$ |    00001041  XG$animat |    00001043  A$lcc6060
     00001043  C$main.c$ |    00001043  C$main.c$ |    00001043  G$stage_t
     00001043  _stage_ti |    00001046  A$lcc6060 |    00001047  A$lcc6060
ASxxxx Linker V03.00 + NoICE + sdld,  page 20.
Hexadecimal  [32-Bits]

Area                       Addr        Size        Decimal Bytes (Attributes)
--------------------       ----        ----        ------- ----- ------------
_CODE                  00000200    0000223D =        8765. bytes (REL,CON)

        Value  Global            Value  Global            Value  Global    
        -----  ------            -----  ------            -----  ------    
     00001049  A$lcc6060 |    0000104B  A$lcc6060 |    0000104C  A$lcc6060
     0000104D  A$lcc6060 |    0000104E  A$lcc6060 |    00001050  A$lcc6060
     00001053  A$lcc6060 |    00001055  A$lcc6060 |    00001057  A$lcc6060
     00001057  C$main.c$ |    0000105A  A$lcc6060 |    0000105B  A$lcc6060
     0000105C  A$lcc6060 |    0000105D  A$lcc6060 |    0000105F  A$lcc6060
     00001061  A$lcc6060 |    00001063  A$lcc6060 |    00001065  A$lcc6060
     00001067  A$lcc6060 |    00001069  A$lcc6060 |    0000106B  A$lcc6060
     0000106D  A$lcc6060 |    0000106F  A$lcc6060 |    00001071  A$lcc6060
     00001072  A$lcc6060 |    00001074  A$lcc6060 |    00001075  A$lcc6060
     00001075  C$main.c$ |    00001076  A$lcc6060 |    00001076  C$main.c$
     00001078  A$lcc6060 |    00001079  A$lcc6060 |    0000107B  A$lcc6060
     0000107C  A$lcc6060 |    0000107D  A$lcc6060 |    0000107E  A$lcc6060
     0000107F  A$lcc6060 |    00001082  A$lcc6060 |    00001083  A$lcc6060
     00001083  C$main.c$ |    00001084  A$lcc6060 |    00001086  A$lcc6060
     00001087  A$lcc6060 |    0000108A  A$lcc6060 |    0000108B  A$lcc6060
     0000108C  A$lcc6060 |    0000108E  A$lcc6060 |    0000108F  A$lcc6060
     00001090  A$lcc6060 |    00001092  A$lcc6060 |    00001093  A$lcc6060
     00001094  A$lcc6060 |    00001096  A$lcc6060 |    00001096  C$main.c$
     00001097  A$lcc6060 |    00001099  A$lcc6060 |    0000109A  A$lcc6060
     0000109C  A$lcc6060 |    0000109D  A$lcc6060 |    0000109E  A$lcc6060
     0000109F  A$lcc6060 |    000010A2  A$lcc6060 |    000010A4  A$lcc6060
     000010A4  C$main.c$ |    000010A7  A$lcc6060 |    000010A8  A$lcc6060
     000010A8  C$main.c$ |    000010AB  A$lcc6060 |    000010AC  A$lcc6060
     000010AE  A$lcc6060 |    000010AF  A$lcc6060 |    000010B0  A$lcc6060
     000010B0  C$main.c$ |    000010B3  A$lcc6060 |    000010B4  A$lcc6060
     000010B6  A$lcc6060 |    000010B9  A$lcc6060 |    000010B9  C$main.c$
[...]
--------------------       ----        ----        ------- ----- ------------
_HEADER3               00000000    00000008 =           8. bytes (ABS,CON)

        Value  Global            Value  Global            Value  Global    
        -----  ------            -----  ------            -----  ------    
ASxxxx Linker V03.00 + NoICE + sdld,  page 28.
Hexadecimal  [32-Bits]

Area                       Addr        Size        Decimal Bytes (Attributes)
--------------------       ----        ----        ------- ----- ------------
_HEADER4               00000000    0000004E =          78. bytes (ABS,CON)

        Value  Global            Value  Global            Value  Global    
        -----  ------            -----  ------            -----  ------    
     00000080  .int      |    0000008F  _wait_int |    0000009C  __standar
     000000AC  _refresh_
ASxxxx Linker V03.00 + NoICE + sdld,  page 29.
Hexadecimal  [32-Bits]

Area                       Addr        Size        Decimal Bytes (Attributes)
--------------------       ----        ----        ------- ----- ------------
_HEADER5               00000000    00000002 =           2. bytes (ABS,CON)

        Value  Global            Value  Global            Value  Global    
        -----  ------            -----  ------            -----  ------    
ASxxxx Linker V03.00 + NoICE + sdld,  page 30.
Hexadecimal  [32-Bits]

Area                       Addr        Size        Decimal Bytes (Attributes)
--------------------       ----        ----        ------- ----- ------------
_HEADER6               00000000    00000030 =          48. bytes (ABS,CON)

        Value  Global            Value  Global            Value  Global    
        -----  ------            -----  ------            -----  ------    
ASxxxx Linker V03.00 + NoICE + sdld,  page 31.
Hexadecimal  [32-Bits]

Area                       Addr        Size        Decimal Bytes (Attributes)
--------------------       ----        ----        ------- ----- ------------
_HEADER7               00000000    00000006 =           6. bytes (ABS,CON)

        Value  Global            Value  Global            Value  Global    
        -----  ------            -----  ------            -----  ------    
ASxxxx Linker V03.00 + NoICE + sdld,  page 32.
Hexadecimal  [32-Bits]

Area                       Addr        Size        Decimal Bytes (Attributes)
--------------------       ----        ----        ------- ----- ------------
_HEADER8               00000000    00000003 =           3. bytes (ABS,CON)

        Value  Global            Value  Global            Value  Global    
        -----  ------            -----  ------            -----  ------    
ASxxxx Linker V03.00 + NoICE + sdld,  page 33.
Hexadecimal  [32-Bits]

Area                       Addr        Size        Decimal Bytes (Attributes)
--------------------       ----        ----        ------- ----- ------------
_HEADER9               00000000    00000001 =           1. bytes (ABS,CON)

        Value  Global            Value  Global            Value  Global    
        -----  ------            -----  ------            -----  ------    
ASxxxx Linker V03.00 + NoICE + sdld,  page 34.
Hexadecimal  [32-Bits]

Area                       Addr        Size        Decimal Bytes (Attributes)
--------------------       ----        ----        ------- ----- ------------
_HEADERa               00000000    00000001 =           1. bytes (ABS,CON)

        Value  Global            Value  Global            Value  Global    
        -----  ------            -----  ------            -----  ------    
ASxxxx Linker V03.00 + NoICE + sdld,  page 35.
Hexadecimal  [32-Bits]

Area                       Addr        Size        Decimal Bytes (Attributes)
--------------------       ----        ----        ------- ----- ------------
_HEADERb               00000000    00000001 =           1. bytes (ABS,CON)

        Value  Global            Value  Global            Value  Global    
        -----  ------            -----  ------            -----  ------    
ASxxxx Linker V03.00 + NoICE + sdld,  page 36.
Hexadecimal  [32-Bits]

Area                       Addr        Size        Decimal Bytes (Attributes)
--------------------       ----        ----        ------- ----- ------------
_HEADERc               00000000    00000002 =           2. bytes (ABS,CON)

        Value  Global            Value  Global            Value  Global    
        -----  ------            -----  ------            -----  ------    
ASxxxx Linker V03.00 + NoICE + sdld,  page 37.
Hexadecimal  [32-Bits]

Area                       Addr        Size        Decimal Bytes (Attributes)
--------------------       ----        ----        ------- ----- ------------
_HEADERd               00000000    00000001 =           1. bytes (ABS,CON)

        Value  Global            Value  Global            Value  Global    
        -----  ------            -----  ------            -----  ------    
ASxxxx Linker V03.00 + NoICE + sdld,  page 38.
Hexadecimal  [32-Bits]

Area                       Addr        Size        Decimal Bytes (Attributes)
--------------------       ----        ----        ------- ----- ------------
_HEADERe               00000000    00000001 =           1. bytes (ABS,CON)

        Value  Global            Value  Global            Value  Global    
        -----  ------            -----  ------            -----  ------    
ASxxxx Linker V03.00 + NoICE + sdld,  page 39.
Hexadecimal  [32-Bits]

Area                       Addr        Size        Decimal Bytes (Attributes)
--------------------       ----        ----        ------- ----- ------------
_HEADERf               00000000    00000002 =           2. bytes (ABS,CON)

        Value  Global            Value  Global            Value  Global    
        -----  ------            -----  ------            -----  ------    
ASxxxx Linker V03.00 + NoICE + sdld,  page 40.
Hexadecimal  [32-Bits]

Area                       Addr        Size        Decimal Bytes (Attributes)
--------------------       ----        ----        ------- ----- ------------
_HEADER10              00000000    00000082 =         130. bytes (ABS,CON)

        Value  Global            Value  Global            Value  Global    
        -----  ------            -----  ------            -----  ------    
     00000150  .reset    |    00000150  _reset    |    00000157  .code_sta
     000001B7  _exit     |    000001BB  _set_inte
ASxxxx Linker V03.00 + NoICE + sdld,  page 41.
Hexadecimal  [32-Bits]

Area                       Addr        Size        Decimal Bytes (Attributes)
--------------------       ----        ----        ------- ----- ------------
_HEADER11              00000000    00000001 =           1. bytes (ABS,CON)

        Value  Global            Value  Global            Value  Global    
        -----  ------            -----  ------            -----  ------    
ASxxxx Linker V03.00 + NoICE + sdld,  page 42.
Hexadecimal  [32-Bits]

Area                       Addr        Size        Decimal Bytes (Attributes)
--------------------       ----        ----        ------- ----- ------------
_HOME                  0000243D    0000039E =         926. bytes (REL,CON)

        Value  Global            Value  Global            Value  Global    
        -----  ------            -----  ------            -----  ------    
     0000243D  .memset_s |    00002446  .memcpy_s |    00002463  .remove_V
     00002466  .remove_i |    00002483  .add_VBL  |    00002486  .add_int 
     00002491  .wait_vbl |    00002491  _wait_vbl |    000024A1  .display_
     000024A1  _display_ |    000024B9  _remove_V |    000024C4  _add_VBL 
     000024CF  _set_tile |    000024D4  _set_bkg_ |    000024D4  _set_win_
     000024DC  _set_spri |    0000250C  .padup    |    0000250C  _waitpadu
     0000251C  .jpad     |    0000251C  _joypad   |    00002544  _waitpad 
     00002547  .wait_pad |    0000254E  ___sdcc_c |    0000257E  _add_LCD 
     00002589  .add_LCD  |    0000258F  _remove_L |    0000259A  .remove_L
     000025A0  __divsuch |    000025AD  __modsuch |    000025B7  __divusch
     000025C9  __modusch |    000025D9  __divscha |    000025E5  __modscha
     000025EF  __divsint |    00002600  __modsint |    0000260F  __divucha
     0000261B  __moducha |    00002625  __divuint |    00002636  __moduint
     00002645  .div8     |    00002645  .mod8     |    0000264D  .div16   
     0000264D  .mod16    |    00002683  .divu8    |    00002683  .modu8   
     00002686  .divu16   |    00002686  .modu16   |    000026C7  _set_bkg_
     000026DB  _uitoa    |    000026EA  _itoa     |    000026F9  .itoa    
     0000270D  .utoa     |    00002781  .set_xy_w |    0000278A  .set_xy_b
     00002799  .set_xy_t
ASxxxx Linker V03.00 + NoICE + sdld,  page 43.
Hexadecimal  [32-Bits]

Area                       Addr        Size        Decimal Bytes (Attributes)
--------------------       ----        ----        ------- ----- ------------
_CODE_0                000027DB    00000440 =        1088. bytes (REL,CON)

        Value  Global            Value  Global            Value  Global    
        -----  ------            -----  ------            -----  ------    
     000027DB  G$FONT$0_ |    000027DB  _FONT    
ASxxxx Linker V03.00 + NoICE + sdld,  page 44.
Hexadecimal  [32-Bits]

Area                       Addr        Size        Decimal Bytes (Attributes)
--------------------       ----        ----        ------- ----- ------------
_INITIALIZER           00002C1B    0000004B =          75. bytes (REL,CON)

        Value  Global            Value  Global            Value  Global    
        -----  ------            -----  ------            -----  ------    
     00002C1B  Fmain$__x |    00002C3F  Fmain$__x |    00002C42  Fmain$__x
     00002C46  Fmain$__x |    00002C4A  Fmain$__x |    00002C51  Fmain$__x
     00002C52  Fmain$__x |    00002C57  Fmain$__x |    00002C5C  Fmain$__x
     00002C63  Fmain$__x
ASxxxx Linker V03.00 + NoICE + sdld,  page 45.
Hexadecimal  [32-Bits]

Area                       Addr        Size        Decimal Bytes (Attributes)
--------------------       ----        ----        ------- ----- ------------
_GSINIT                00002C66    0000000C =          12. bytes (REL,CON)

        Value  Global            Value  Global            Value  Global    
        -----  ------            -----  ------            -----  ------    
     00002C66  gsinit   
ASxxxx Linker V03.00 + NoICE + sdld,  page 46.
Hexadecimal  [32-Bits]

Area                       Addr        Size        Decimal Bytes (Attributes)
--------------------       ----        ----        ------- ----- ------------
_GSFINAL               00002C72    00000001 =           1. bytes (REL,CON)

        Value  Global            Value  Global            Value  Global    
        -----  ------            -----  ------            -----  ------    
ASxxxx Linker V03.00 + NoICE + sdld,  page 47.
Hexadecimal  [32-Bits]

Area                       Addr        Size        Decimal Bytes (Attributes)
--------------------       ----        ----        ------- ----- ------------
_DATA                  0000C0A0    00000073 =         115. bytes (REL,CON)

        Value  Global            Value  Global            Value  Global    
        -----  ------            -----  ------            -----  ------    
     0000C0A0  __cpu     |    0000C0A1  __is_GBA  |    0000C0A2  .mode    
     0000C0A3  .sys_time |    0000C0A3  _sys_time |    0000C0A5  .int_0x40
     0000C0B9  G$scroll$ |    0000C0B9  _scroll   |    0000C0C3  G$PLAYER$
     0000C0C3  _PLAYER   |    0000C0CA  G$joy$0_0 |    0000C0CA  _joy     
     0000C0CB  G$last_jo |    0000C0CB  _last_joy |    0000C0CC  G$is_movi
     0000C0CC  _is_movin |    0000C0CD  G$is_anim |    0000C0CD  _is_anima
     0000C0CE  G$is_dyin |    0000C0CE  _is_dying |    0000C0CF  G$turtles
     0000C0CF  _turtles_ |    0000C0D0  G$move_x$ |    0000C0D0  _move_x  
     0000C0D1  G$move_y$ |    0000C0D1  _move_y   |    0000C0D2  G$scx_cou
     0000C0D2  _scx_coun |    0000C0D3  G$turtle_ |    0000C0D3  _turtle_c
     0000C0D4  G$dive_co |    0000C0D4  _dive_cou |    0000C0D5  G$timer$0
     0000C0D5  _timer    |    0000C0D7  G$timer_t |    0000C0D7  _timer_ti
     0000C0D8  G$GAMESTA |    0000C0D8  _GAMESTAT |    0000C0D9  G$turtle_
     0000C0D9  _turtle_t |    0000C0DA  G$dive_ti |    0000C0DA  _dive_til
     0000C0DB  G$y_min$0 |    0000C0DB  _y_min    |    0000C0DC  G$vram_ad
     0000C0DC  _vram_add |    0000C0DE  G$score$0 |    0000C0DE  _score   
     0000C0E0  G$score_b |    0000C0E0  _score_bu |    0000C0E5  G$current
     0000C0E5  _current_ |    0000C0E6  G$level_b |    0000C0E6  _level_bu
     0000C0FE  G$animati |    0000C0FE  _animatio |    0000C0FF  G$death_a
     0000C0FF  _death_an |    0000C100  ___curren |    0000C102  ___curren
     0000C103  .int_0x48
ASxxxx Linker V03.00 + NoICE + sdld,  page 48.
Hexadecimal  [32-Bits]

Area                       Addr        Size        Decimal Bytes (Attributes)
--------------------       ----        ----        ------- ----- ------------
_INITIALIZED           0000C113    0000004B =          75. bytes (REL,CON)

        Value  Global            Value  Global            Value  Global    
        -----  ------            -----  ------            -----  ------    
     0000C113  G$scroll_ |    0000C113  _scroll_r |    0000C137  G$turtle_
     0000C137  _turtle_d |    0000C13A  G$turtle_ |    0000C13A  _turtle_d
     0000C13E  G$turtle_ |    0000C13E  _turtle_t |    0000C142  G$dive_ti
     0000C142  _dive_til |    0000C149  G$lives$0 |    0000C149  _lives   
     0000C14A  G$PLAYER1 |    0000C14A  _PLAYER1U |    0000C14F  G$PLAYER2
     0000C14F  _PLAYER2U |    0000C154  G$level_t |    0000C154  _level_te
     0000C15B  G$death_a |    0000C15B  _death_an |    0000C15C  ___render
     0000C15D  __map_til
ASxxxx Linker V03.00 + NoICE + sdld,  page 49.
Hexadecimal  [32-Bits]

Area                       Addr        Size        Decimal Bytes (Attributes)
--------------------       ----        ----        ------- ----- ------------
_HRAM12                00000000    00000003 =           3. bytes (ABS,CON)

        Value  Global            Value  Global            Value  Global    
        -----  ------            -----  ------            -----  ------    
     0000FF90  __current |    0000FF92  __shadow_
ASxxxx Linker V03.00 + NoICE + sdld,  page 50.
Hexadecimal  [32-Bits]

Area                       Addr        Size        Decimal Bytes (Attributes)
--------------------       ----        ----        ------- ----- ------------
_CODE_1                00014000    000003D0 =         976. bytes (REL,CON)

        Value  Global            Value  Global            Value  Global    
        -----  ------            -----  ------            -----  ------    
     00014000  C$frogger |    00014000  G$__func_ |    00014000  G$frogger
     00014000  ___func_f |    00014000  _frogger_ |    0001400A  G$frogger
     0001400A  _frogger_ |    0001424A  G$frogger |    0001424A  _frogger_
     00014256  G$frogger |    00014256  _frogger_ |    00014262  G$frogger
     00014262  _frogger_ |    0001426E  G$frogger |    0001426E  _frogger_
     0001427A  G$frogger |    0001427A  _frogger_ |    00014286  G$frogger
     00014286  _frogger_ |    00014292  G$frogger |    00014292  _frogger_
     0001429E  G$frogger |    0001429E  _frogger_ |    000142AA  G$frogger
     000142AA  _frogger_ |    000142B6  G$frogger |    000142B6  _frogger_
     000142C8  G$frogger |    000142C8  _frogger_ |    000142DC  G$frogger
     000142DC  _frogger_ |    000142F0  G$frogger |    000142F0  _frogger_
     00014322  C$frogger |    00014322  G$__func_ |    00014322  G$frogger
     00014322  ___func_f |    00014322  _frogger_ |    0001432A  G$frogger
     0001432A  _frogger_ |    0001436A  G$frogger |    0001436A  _frogger_
     00014376  G$frogger |    00014376  _frogger_ |    00014378  C$tophat_
     00014378  G$__func_ |    00014378  G$tophat_ |    00014378  ___func_t
     00014378  _tophat_f |    00014382  G$tophat_ |    00014382  _tophat_f
     000143C2  G$tophat_ |    000143C2  _tophat_f |    000143CE  G$tophat_
     000143CE  _tophat_f
ASxxxx Linker V03.00 + NoICE + sdld,  page 51.
Hexadecimal  [32-Bits]

Area                       Addr        Size        Decimal Bytes (Attributes)
--------------------       ----        ----        ------- ----- ------------
_HEADER_LCD0           00000000    00000003 =           3. bytes (ABS,CON)

        Value  Global            Value  Global            Value  Global    
        -----  ------            -----  ------            -----  ------    
ASxxxx Linker V03.00 + NoICE + sdld,  page 52.

Files Linked                              [ module(s) ]

C:\c_code\gbdk\lib/small/asxxxx/gb/crt0.o
                                          [ Runtime ]
C:\Users\EMART~1\AppData\Local\Temp/lcc60600.rel
                                          [ main ]
C:\Users\EMART~1\AppData\Local\Temp/lcc60601.rel
                                          [ bkg_map ]
C:\Users\EMART~1\AppData\Local\Temp/lcc60602.rel
                                          [ bkg_tiles ]
C:\Users\EMART~1\AppData\Local\Temp/lcc60603.rel
                                          [ collision_map ]
C:\Users\EMART~1\AppData\Local\Temp/lcc60604.rel
                                          [ font ]
C:\Users\EMART~1\AppData\Local\Temp/lcc60605.rel
                                          [ frog_lives ]
C:\Users\EMART~1\AppData\Local\Temp/lcc60606.rel
                                          [ frogger ]
C:\Users\EMART~1\AppData\Local\Temp/lcc60607.rel
                                          [ frogger_16 ]
C:\Users\EMART~1\AppData\Local\Temp/lcc60608.rel
                                          [ reset_timer ]
C:\Users\EMART~1\AppData\Local\Temp/lcc60609.rel
                                          [ tophat_frog ]
C:\Users\EMART~1\AppData\Local\Temp/lcc606010.rel
                                          [ win_frog ]


Libraries Linked                          [ object file ]

C:\c_code\gbdk\lib/small/asxxxx/gb/gb.lib
                                          [ sfr.o ]
C:\c_code\gbdk\lib/small/asxxxx/gb/gb.lib
                                          [ get_tile.o ]
C:\c_code\gbdk\lib/small/asxxxx/gb/gb.lib
                                          [ set_tile.o ]
C:\c_code\gbdk\lib/small/asxxxx/gb/gb.lib
                                          [ metasprites_hide.o ]
C:\c_code\gbdk\lib/small/asxxxx/gb/gb.lib
                                          [ set_data.o ]
C:\c_code\gbdk\lib/small/asxxxx/gb/gb.lib
                                          [ metasprites_flip.o ]
C:\c_code\gbdk\lib/small/asxxxx/gbz80/gbz80.lib
                                          [ sprintf.o ]
C:\c_code\gbdk\lib/small/asxxxx/gb/gb.lib
                                          [ pad.o ]
C:\c_code\gbdk\lib/small/asxxxx/gb/gb.lib
                                          [ metasprites.o ]
C:\c_code\gbdk\lib/small/asxxxx/gbz80/gbz80.lib
                                          [ __sdcc_call_hl.o ]
C:\c_code\gbdk\lib/small/asxxxx/gb/gb.lib
                                          [ lcd.o ]
C:\c_code\gbdk\lib/small/asxxxx/gb/gb.lib
                                          [ get_addr.o ]
C:\c_code\gbdk\lib/small/asxxxx/gbz80/gbz80.lib
                                          [ div.o ]
C:\c_code\gbdk\lib/small/asxxxx/gb/gb.lib
                                          [ set_bk_t.o ]
C:\c_code\gbdk\lib/small/asxxxx/gbz80/gbz80.lib
                                          [ itoa.o ]
C:\c_code\gbdk\lib/small/asxxxx/gb/gb.lib
                                          [ set_xy_t.o ]

ASxxxx Linker V03.00 + NoICE + sdld,  page 53.

User Base Address Definitions

_DATA=0xC0A0
_CODE=0x0200
ASxxxx Linker V03.00 + NoICE + sdld,  page 54.

User Global Definitions

_shadow_OAM=0xC000
.STACK=0xE000
.refresh_OAM=0xFF80

