ASxxxx Linker V03.00 + NoICE + sdld,  page 1.
Hexadecimal  [32-Bits]

Area                       Addr        Size        Decimal Bytes (Attributes)
--------------------       ----        ----        ------- ----- ------------
.  .ABS.               00000000    00000000 =           0. bytes (ABS,CON)

        Value  Global            Value  Global            Value  Global    
        -----  ------            -----  ------            -----  ------    
     00000000  .__.ABS.  |    00000000  _rRAMG    |    00000000  l__BASE  
     00000000  l__BSS    |    00000000  l__CABS   |    00000000  l__DABS  
     00000000  l__HEADER |    00000000  l__HEADER |    00000000  l__HEAP  
     00000000  l__HRAM   |    00000000  l__LIT    |    00000000  s__CABS  
     00000000  s__DABS   |    00000000  s__HEADER |    00000000  s__HEADER
     00000000  s__HEADER |    00000000  s__HEADER |    00000000  s__HEADER
     00000000  s__HEADER |    00000000  s__HEADER |    00000000  s__HEADER
     00000000  s__HEADER |    00000000  s__HEADER |    00000000  s__HEADER
     00000000  s__HEADER |    00000000  s__HEADER |    00000000  s__HEADER
     00000000  s__HEADER |    00000000  s__HEADER |    00000000  s__HEADER
     00000000  s__HEADER |    00000000  s__HEADER |    00000000  s__HEADER
     00000000  s__HEADER |    00000000  s__HRAM   |    00000000  s__HRAM12
     00000001  ___bank_f |    00000001  ___bank_f |    00000001  l__GSFINA
     00000001  l__HEADER |    00000001  l__HEADER |    00000001  l__HEADER
     00000001  l__HEADER |    00000001  l__HEADER |    00000001  l__HEADER
     00000001  l__HEADER |    00000002  l__HEADER |    00000002  l__HEADER
     00000002  l__HEADER |    00000003  l__HEADER |    00000003  l__HEADER
     00000003  l__HRAM12 |    00000005  l__HEADER |    00000006  l__HEADER
     00000007  l__HEADER |    00000008  l__HEADER |    0000000C  l__GSINIT
     00000030  l__HEADER |    0000004B  l__INITIA |    0000004B  l__INITIA
     0000004E  l__HEADER |    00000071  l__DATA   |    00000082  l__HEADER
     00000200  s__CODE   |    0000023E  l__CODE_1 |    0000039E  l__HOME  
     00000440  l__CODE_0 |    00002000  _rROMB0   |    0000200D  l__CODE  
     0000220D  s__HOME   |    000025AB  s__BASE   |    000025AB  s__CODE_0
     000029EB  s__INITIA |    000029EB  s__LIT    |    00002A36  s__GSINIT
     00002A42  s__GSFINA |    00003000  _rROMB1   |    00004000  _rRAMB   
     00008000  __VRAM    |    00008000  __VRAM800 |    00008800  __VRAM880
     00009000  __VRAM900 |    00009800  __SCRN0   |    00009C00  __SCRN1  
     0000A000  __SRAM    |    0000C000  __RAM     |    0000C000  _shadow_O
     0000C0A0  s__DATA   |    0000C111  s__BSS    |    0000C111  s__INITIA
     0000C15C  s__HEAP   |    0000D000  __RAMBANK |    0000E000  .STACK   
     0000FE00  __OAMRAM  |    0000FF00  _P1_REG   |    0000FF00  __IO     
     0000FF01  _SB_REG   |    0000FF02  _SC_REG   |    0000FF04  _DIV_REG 
     0000FF05  _TIMA_REG |    0000FF06  _TMA_REG  |    0000FF07  _TAC_REG 
     0000FF0F  _IF_REG   |    0000FF10  _NR10_REG |    0000FF11  _NR11_REG
     0000FF12  _NR12_REG |    0000FF13  _NR13_REG |    0000FF14  _NR14_REG
     0000FF16  _NR21_REG |    0000FF17  _NR22_REG |    0000FF18  _NR23_REG
     0000FF19  _NR24_REG |    0000FF1A  _NR30_REG |    0000FF1B  _NR31_REG
     0000FF1C  _NR32_REG |    0000FF1D  _NR33_REG |    0000FF1E  _NR34_REG
     0000FF20  _NR41_REG |    0000FF21  _NR42_REG |    0000FF22  _NR43_REG
     0000FF23  _NR44_REG |    0000FF24  _NR50_REG |    0000FF25  _NR51_REG
     0000FF26  _NR52_REG |    0000FF30  _AUD3WAVE |    0000FF30  _PCM_SAMP
     0000FF30  __AUD3WAV |    0000FF40  _LCDC_REG |    0000FF41  _STAT_REG
     0000FF42  _SCY_REG  |    0000FF43  _SCX_REG  |    0000FF44  _LY_REG  
     0000FF45  _LYC_REG  |    0000FF46  _DMA_REG  |    0000FF47  _BGP_REG 
     0000FF48  _OBP0_REG |    0000FF49  _OBP1_REG |    0000FF4A  _WY_REG  
     0000FF4B  _WX_REG   |    0000FF4D  _KEY1_REG |    0000FF4F  _VBK_REG 
     0000FF51  _HDMA1_RE |    0000FF52  _HDMA2_RE |    0000FF53  _HDMA3_RE
     0000FF54  _HDMA4_RE |    0000FF55  _HDMA5_RE |    0000FF56  _RP_REG  
     0000FF68  _BCPS_REG |    0000FF69  _BCPD_REG |    0000FF6A  _OCPS_REG
ASxxxx Linker V03.00 + NoICE + sdld,  page 2.
Hexadecimal  [32-Bits]

Area                       Addr        Size        Decimal Bytes (Attributes)
--------------------       ----        ----        ------- ----- ------------
.  .ABS.               00000000    00000000 =           0. bytes (ABS,CON)

        Value  Global            Value  Global            Value  Global    
        -----  ------            -----  ------            -----  ------    
     0000FF6B  _OCPD_REG |    0000FF70  _SVBK_REG |    0000FF76  _PCM12_RE
     0000FF77  _PCM34_RE |    0000FF80  .refresh_ |    0000FF80  __HRAM   
     0000FFFF  _IE_REG   |    00014000  s__CODE_1
ASxxxx Linker V03.00 + NoICE + sdld,  page 3.
Hexadecimal  [32-Bits]

Area                       Addr        Size        Decimal Bytes (Attributes)
--------------------       ----        ----        ------- ----- ------------
_CODE                  00000200    0000200D =        8205. bytes (REL,CON)

        Value  Global            Value  Global            Value  Global    
        -----  ------            -----  ------            -----  ------    
     00000200  A$lcc2460 |    00000200  C$main.c$ |    00000200  G$render_
     00000200  _render_a |    00000201  A$lcc2460 |    00000201  C$main.c$
     00000202  A$lcc2460 |    00000205  A$lcc2460 |    00000207  A$lcc2460
     00000208  A$lcc2460 |    0000020B  A$lcc2460 |    0000020B  C$main.c$
     0000020E  A$lcc2460 |    0000020F  A$lcc2460 |    0000020F  C$main.c$
     00000212  A$lcc2460 |    00000213  A$lcc2460 |    00000215  A$lcc2460
     00000216  A$lcc2460 |    00000217  A$lcc2460 |    00000218  A$lcc2460
     00000219  A$lcc2460 |    0000021A  A$lcc2460 |    0000021C  A$lcc2460
     0000021F  A$lcc2460 |    00000220  A$lcc2460 |    00000220  C$main.c$
     00000220  C$main.c$ |    00000221  A$lcc2460 |    00000222  A$lcc2460
     00000224  A$lcc2460 |    00000227  A$lcc2460 |    00000229  A$lcc2460
     0000022A  A$lcc2460 |    0000022D  A$lcc2460 |    0000022F  A$lcc2460
     00000230  A$lcc2460 |    00000233  A$lcc2460 |    00000234  A$lcc2460
     00000235  A$lcc2460 |    00000236  A$lcc2460 |    00000239  A$lcc2460
     0000023A  A$lcc2460 |    0000023B  A$lcc2460 |    0000023C  A$lcc2460
     0000023F  A$lcc2460 |    00000241  A$lcc2460 |    00000243  A$lcc2460
     00000245  A$lcc2460 |    00000247  A$lcc2460 |    0000024A  A$lcc2460
     0000024C  A$lcc2460 |    0000024F  A$lcc2460 |    00000250  A$lcc2460
     00000251  A$lcc2460 |    00000252  A$lcc2460 |    00000253  A$lcc2460
     00000255  A$lcc2460 |    00000256  A$lcc2460 |    00000258  A$lcc2460
     00000259  A$lcc2460 |    0000025C  A$lcc2460 |    0000025E  A$lcc2460
     0000025E  C$main.c$ |    00000260  A$lcc2460 |    00000260  C$main.c$
     00000261  A$lcc2460 |    00000262  A$lcc2460 |    00000264  A$lcc2460
     00000267  A$lcc2460 |    00000268  A$lcc2460 |    0000026B  A$lcc2460
     0000026C  A$lcc2460 |    0000026F  A$lcc2460 |    00000270  A$lcc2460
     00000271  A$lcc2460 |    00000272  A$lcc2460 |    00000275  A$lcc2460
     00000276  A$lcc2460 |    00000277  A$lcc2460 |    00000278  A$lcc2460
     0000027B  A$lcc2460 |    0000027D  A$lcc2460 |    0000027E  A$lcc2460
     0000027F  A$lcc2460 |    00000280  A$lcc2460 |    00000282  A$lcc2460
     00000283  A$lcc2460 |    00000286  A$lcc2460 |    00000288  A$lcc2460
     00000288  C$main.c$ |    00000288  C$main.c$ |    0000028B  A$lcc2460
     0000028D  A$lcc2460 |    0000028D  C$main.c$ |    00000290  A$lcc2460
     00000292  A$lcc2460 |    00000292  C$main.c$ |    00000295  A$lcc2460
     00000296  A$lcc2460 |    00000297  A$lcc2460 |    00000297  C$main.c$
     00000297  XG$render |    00000298  A$lcc2460 |    00000298  C$main.c$
     00000298  C$main.c$ |    00000298  G$update_ |    00000298  _update_l
     0000029B  A$lcc2460 |    0000029C  A$lcc2460 |    0000029F  A$lcc2460
     000002A0  A$lcc2460 |    000002A3  A$lcc2460 |    000002A4  A$lcc2460
     000002A5  A$lcc2460 |    000002A6  A$lcc2460 |    000002A6  C$main.c$
     000002A9  A$lcc2460 |    000002AA  A$lcc2460 |    000002AD  A$lcc2460
     000002AE  A$lcc2460 |    000002B1  A$lcc2460 |    000002B2  A$lcc2460
     000002B5  A$lcc2460 |    000002B7  A$lcc2460 |    000002B7  C$main.c$
     000002BA  A$lcc2460 |    000002BB  A$lcc2460 |    000002BC  A$lcc2460
     000002BE  A$lcc2460 |    000002BE  C$main.c$ |    000002C0  A$lcc2460
     000002C1  A$lcc2460 |    000002C2  A$lcc2460 |    000002C5  A$lcc2460
     000002C6  A$lcc2460 |    000002C7  A$lcc2460 |    000002C8  A$lcc2460
     000002C9  A$lcc2460 |    000002CC  A$lcc2460 |    000002CE  A$lcc2460
     000002CE  C$main.c$ |    000002D1  A$lcc2460 |    000002D2  A$lcc2460
     000002D4  A$lcc2460 |    000002D5  A$lcc2460 |    000002D6  A$lcc2460
     000002D6  C$main.c$ |    000002D7  A$lcc2460 |    000002D9  A$lcc2460
ASxxxx Linker V03.00 + NoICE + sdld,  page 4.
Hexadecimal  [32-Bits]

Area                       Addr        Size        Decimal Bytes (Attributes)
--------------------       ----        ----        ------- ----- ------------
_CODE                  00000200    0000200D =        8205. bytes (REL,CON)

        Value  Global            Value  Global            Value  Global    
        -----  ------            -----  ------            -----  ------    
     000002D9  C$main.c$ |    000002DC  A$lcc2460 |    000002DD  A$lcc2460
     000002E0  A$lcc2460 |    000002E1  A$lcc2460 |    000002E4  A$lcc2460
     000002E5  A$lcc2460 |    000002E6  A$lcc2460 |    000002E7  A$lcc2460
     000002E7  C$main.c$ |    000002EA  A$lcc2460 |    000002EC  A$lcc2460
     000002ED  A$lcc2460 |    000002EE  A$lcc2460 |    000002F1  A$lcc2460
     000002F2  A$lcc2460 |    000002F3  A$lcc2460 |    000002F4  A$lcc2460
     000002F5  A$lcc2460 |    000002F8  A$lcc2460 |    000002FA  A$lcc2460
     000002FA  C$main.c$ |    000002FA  XG$update |    000002FB  Fmain$__s
     000002FE  A$lcc2460 |    000002FE  C$main.c$ |    000002FE  C$main.c$
     000002FE  G$update_ |    000002FE  _update_p |    00000301  A$lcc2460
     00000302  A$lcc2460 |    00000305  A$lcc2460 |    00000306  A$lcc2460
     00000309  A$lcc2460 |    0000030A  A$lcc2460 |    0000030B  A$lcc2460
     0000030C  A$lcc2460 |    0000030C  C$main.c$ |    0000030F  A$lcc2460
     00000310  A$lcc2460 |    00000311  A$lcc2460 |    00000312  A$lcc2460
     00000312  C$main.c$ |    00000314  A$lcc2460 |    00000315  A$lcc2460
     00000316  A$lcc2460 |    00000319  A$lcc2460 |    0000031A  A$lcc2460
     0000031B  A$lcc2460 |    0000031C  A$lcc2460 |    0000031D  A$lcc2460
     00000320  A$lcc2460 |    00000322  A$lcc2460 |    00000322  C$main.c$
     00000325  A$lcc2460 |    00000326  A$lcc2460 |    00000328  A$lcc2460
     00000329  A$lcc2460 |    0000032A  A$lcc2460 |    0000032A  C$main.c$
     0000032B  A$lcc2460 |    0000032B  C$main.c$ |    0000032B  XG$update
     0000032D  A$lcc2460 |    0000032D  C$main.c$ |    0000032D  C$main.c$
     0000032D  G$update_ |    0000032D  _update_s |    00000330  A$lcc2460
     00000331  A$lcc2460 |    00000333  A$lcc2460 |    00000334  A$lcc2460
     00000336  A$lcc2460 |    00000338  A$lcc2460 |    00000339  A$lcc2460
     0000033A  A$lcc2460 |    0000033B  A$lcc2460 |    0000033D  A$lcc2460
     0000033D  C$main.c$ |    00000340  A$lcc2460 |    00000341  A$lcc2460
     00000344  A$lcc2460 |    00000345  A$lcc2460 |    00000348  A$lcc2460
     00000349  A$lcc2460 |    0000034A  A$lcc2460 |    0000034B  A$lcc2460
     0000034D  A$lcc2460 |    0000034D  C$main.c$ |    00000350  A$lcc2460
     00000351  A$lcc2460 |    00000353  A$lcc2460 |    00000354  A$lcc2460
     00000356  A$lcc2460 |    00000358  A$lcc2460 |    00000359  A$lcc2460
     0000035B  A$lcc2460 |    0000035D  A$lcc2460 |    0000035E  A$lcc2460
     00000360  A$lcc2460 |    00000360  C$main.c$ |    00000363  A$lcc2460
     00000364  A$lcc2460 |    00000367  A$lcc2460 |    00000368  A$lcc2460
     0000036B  A$lcc2460 |    0000036C  A$lcc2460 |    0000036D  A$lcc2460
     0000036E  A$lcc2460 |    00000370  A$lcc2460 |    00000370  C$main.c$
     00000372  A$lcc2460 |    00000374  A$lcc2460 |    00000377  A$lcc2460
     00000378  A$lcc2460 |    0000037A  A$lcc2460 |    0000037B  A$lcc2460
     0000037D  A$lcc2460 |    0000037F  A$lcc2460 |    0000037F  C$main.c$
     00000382  A$lcc2460 |    00000383  A$lcc2460 |    00000386  A$lcc2460
     00000387  A$lcc2460 |    0000038A  A$lcc2460 |    0000038B  A$lcc2460
     0000038C  A$lcc2460 |    0000038D  A$lcc2460 |    0000038F  A$lcc2460
     0000038F  C$main.c$ |    00000392  A$lcc2460 |    00000394  A$lcc2460
     00000395  A$lcc2460 |    00000396  A$lcc2460 |    00000398  A$lcc2460
     00000399  A$lcc2460 |    0000039B  A$lcc2460 |    0000039B  C$main.c$
     0000039E  A$lcc2460 |    0000039F  A$lcc2460 |    000003A2  A$lcc2460
     000003A3  A$lcc2460 |    000003A6  A$lcc2460 |    000003A7  A$lcc2460
     000003A8  A$lcc2460 |    000003A9  A$lcc2460 |    000003A9  C$main.c$
     000003AC  A$lcc2460 |    000003AD  A$lcc2460 |    000003AE  A$lcc2460
     000003AF  A$lcc2460 |    000003B0  A$lcc2460 |    000003B3  A$lcc2460
ASxxxx Linker V03.00 + NoICE + sdld,  page 5.
Hexadecimal  [32-Bits]

Area                       Addr        Size        Decimal Bytes (Attributes)
--------------------       ----        ----        ------- ----- ------------
_CODE                  00000200    0000200D =        8205. bytes (REL,CON)

        Value  Global            Value  Global            Value  Global    
        -----  ------            -----  ------            -----  ------    
     000003B4  A$lcc2460 |    000003B7  A$lcc2460 |    000003B8  A$lcc2460
     000003BB  A$lcc2460 |    000003BD  A$lcc2460 |    000003BD  C$main.c$
     000003C0  A$lcc2460 |    000003C1  A$lcc2460 |    000003C2  A$lcc2460
     000003C3  A$lcc2460 |    000003C3  C$main.c$ |    000003C5  A$lcc2460
     000003C6  A$lcc2460 |    000003C7  A$lcc2460 |    000003CA  A$lcc2460
     000003CB  A$lcc2460 |    000003CC  A$lcc2460 |    000003CD  A$lcc2460
     000003CE  A$lcc2460 |    000003D1  A$lcc2460 |    000003D3  A$lcc2460
     000003D3  C$main.c$ |    000003D6  A$lcc2460 |    000003D7  A$lcc2460
     000003D9  A$lcc2460 |    000003DA  A$lcc2460 |    000003DB  A$lcc2460
     000003DB  C$main.c$ |    000003DC  A$lcc2460 |    000003DC  C$main.c$
     000003DC  XG$update |    000003DE  Fmain$__s |    000003E1  A$lcc2460
     000003E1  C$main.c$ |    000003E1  C$main.c$ |    000003E1  G$update_
     000003E1  _update_f |    000003E4  A$lcc2460 |    000003E5  A$lcc2460
     000003E7  A$lcc2460 |    000003E8  A$lcc2460 |    000003E9  A$lcc2460
     000003EB  A$lcc2460 |    000003EB  C$main.c$ |    000003EE  A$lcc2460
     000003EF  A$lcc2460 |    000003F0  A$lcc2460 |    000003F1  A$lcc2460
     000003F4  A$lcc2460 |    000003F6  A$lcc2460 |    000003F6  C$main.c$
     000003F7  A$lcc2460 |    000003F7  C$main.c$ |    000003F8  A$lcc2460
     000003FA  A$lcc2460 |    000003FA  C$main.c$ |    000003FB  A$lcc2460
     000003FC  A$lcc2460 |    000003FE  A$lcc2460 |    000003FF  A$lcc2460
     00000402  A$lcc2460 |    00000403  A$lcc2460 |    00000404  A$lcc2460
     00000407  A$lcc2460 |    00000409  A$lcc2460 |    00000409  C$main.c$
     00000409  XG$update |    0000040A  A$lcc2460 |    0000040A  C$main.c$
     0000040A  C$main.c$ |    0000040A  G$reset_f |    0000040A  _reset_fr
     0000040D  A$lcc2460 |    0000040D  C$main.c$ |    00000410  A$lcc2460
     00000412  A$lcc2460 |    00000412  C$main.c$ |    00000415  A$lcc2460
     00000417  A$lcc2460 |    0000041A  A$lcc2460 |    0000041C  A$lcc2460
     0000041C  C$main.c$ |    0000041F  A$lcc2460 |    00000421  A$lcc2460
     00000422  A$lcc2460 |    00000424  A$lcc2460 |    00000424  C$main.c$
     00000427  A$lcc2460 |    00000428  A$lcc2460 |    00000429  A$lcc2460
     0000042B  A$lcc2460 |    0000042C  A$lcc2460 |    0000042E  A$lcc2460
     0000042E  C$main.c$ |    0000042F  A$lcc2460 |    00000432  A$lcc2460
     00000432  C$main.c$ |    00000435  A$lcc2460 |    00000437  A$lcc2460
     00000437  C$main.c$ |    0000043A  A$lcc2460 |    0000043C  A$lcc2460
     0000043D  A$lcc2460 |    0000043E  A$lcc2460 |    00000441  A$lcc2460
     00000442  A$lcc2460 |    00000445  A$lcc2460 |    00000446  A$lcc2460
     00000447  A$lcc2460 |    00000448  A$lcc2460 |    00000449  A$lcc2460
     0000044C  A$lcc2460 |    0000044D  A$lcc2460 |    0000044E  A$lcc2460
     0000044F  A$lcc2460 |    00000452  A$lcc2460 |    00000454  A$lcc2460
     00000455  A$lcc2460 |    00000456  A$lcc2460 |    00000457  A$lcc2460
     00000458  A$lcc2460 |    00000459  A$lcc2460 |    0000045A  A$lcc2460
     0000045B  A$lcc2460 |    0000045C  A$lcc2460 |    0000045F  A$lcc2460
     00000461  A$lcc2460 |    00000461  C$main.c$ |    00000461  C$main.c$
     00000461  XG$reset_ |    00000462  A$lcc2460 |    00000462  C$main.c$
     00000462  C$main.c$ |    00000462  G$kill_fr |    00000462  _kill_fro
     00000465  A$lcc2460 |    00000466  A$lcc2460 |    00000467  A$lcc2460
     00000469  A$lcc2460 |    00000469  C$main.c$ |    0000046A  A$lcc2460
     0000046C  A$lcc2460 |    0000046D  A$lcc2460 |    00000470  A$lcc2460
     00000470  C$main.c$ |    00000473  A$lcc2460 |    00000473  C$main.c$
     00000473  C$main.c$ |    00000475  A$lcc2460 |    00000475  C$main.c$
     00000475  XG$kill_f |    00000476  A$lcc2460 |    00000476  C$main.c$
ASxxxx Linker V03.00 + NoICE + sdld,  page 6.
Hexadecimal  [32-Bits]

Area                       Addr        Size        Decimal Bytes (Attributes)
--------------------       ----        ----        ------- ----- ------------
_CODE                  00000200    0000200D =        8205. bytes (REL,CON)

        Value  Global            Value  Global            Value  Global    
        -----  ------            -----  ------            -----  ------    
     00000476  C$main.c$ |    00000476  G$reset_t |    00000476  _reset_ti
     00000479  A$lcc2460 |    0000047B  A$lcc2460 |    0000047C  A$lcc2460
     0000047E  A$lcc2460 |    0000047E  C$main.c$ |    00000481  A$lcc2460
     00000483  A$lcc2460 |    00000483  C$main.c$ |    00000486  A$lcc2460
     00000487  A$lcc2460 |    0000048A  A$lcc2460 |    0000048B  A$lcc2460
     0000048E  A$lcc2460 |    0000048F  A$lcc2460 |    00000492  A$lcc2460
     00000494  A$lcc2460 |    00000494  C$main.c$ |    00000494  XG$reset_
     00000495  A$lcc2460 |    00000495  C$main.c$ |    00000495  C$main.c$
     00000495  G$init_le |    00000495  _init_lev |    00000498  A$lcc2460
     00000499  A$lcc2460 |    0000049C  A$lcc2460 |    0000049D  A$lcc2460
     000004A0  A$lcc2460 |    000004A2  A$lcc2460 |    000004A2  C$main.c$
     000004A5  A$lcc2460 |    000004A6  A$lcc2460 |    000004A9  A$lcc2460
     000004AA  A$lcc2460 |    000004AD  A$lcc2460 |    000004AF  A$lcc2460
     000004AF  C$main.c$ |    000004B2  A$lcc2460 |    000004B3  A$lcc2460
     000004B6  A$lcc2460 |    000004B7  A$lcc2460 |    000004BA  A$lcc2460
     000004BC  A$lcc2460 |    000004BC  C$main.c$ |    000004BF  A$lcc2460
     000004C0  A$lcc2460 |    000004C3  A$lcc2460 |    000004C4  A$lcc2460
     000004C7  A$lcc2460 |    000004C9  A$lcc2460 |    000004C9  C$main.c$
     000004CC  A$lcc2460 |    000004CD  A$lcc2460 |    000004D0  A$lcc2460
     000004D1  A$lcc2460 |    000004D2  A$lcc2460 |    000004D3  A$lcc2460
     000004D4  A$lcc2460 |    000004D7  A$lcc2460 |    000004D9  A$lcc2460
     000004D9  C$main.c$ |    000004DC  A$lcc2460 |    000004DD  A$lcc2460
     000004DF  A$lcc2460 |    000004E0  A$lcc2460 |    000004E1  A$lcc2460
     000004E4  A$lcc2460 |    000004E6  A$lcc2460 |    000004E6  C$main.c$
     000004E9  A$lcc2460 |    000004EB  A$lcc2460 |    000004EB  C$main.c$
     000004EC  A$lcc2460 |    000004EF  A$lcc2460 |    000004F0  A$lcc2460
     000004F1  A$lcc2460 |    000004F1  C$main.c$ |    000004F4  A$lcc2460
     000004F4  C$main.c$ |    000004F7  A$lcc2460 |    000004F9  A$lcc2460
     000004F9  C$main.c$ |    000004FC  A$lcc2460 |    000004FC  C$main.c$
     000004FF  A$lcc2460 |    000004FF  C$main.c$ |    00000502  A$lcc2460
     00000502  C$main.c$ |    00000505  A$lcc2460 |    00000505  C$main.c$
     00000505  C$main.c$ |    00000505  XG$init_l |    00000508  A$lcc2460
     00000508  C$main.c$ |    00000508  G$move_fr |    00000508  _move_fro
     00000509  A$lcc2460 |    0000050A  A$lcc2460 |    0000050A  C$main.c$
     0000050D  A$lcc2460 |    0000050E  A$lcc2460 |    00000510  A$lcc2460
     00000510  C$main.c$ |    00000513  A$lcc2460 |    00000514  A$lcc2460
     00000516  A$lcc2460 |    00000517  A$lcc2460 |    00000518  A$lcc2460
     00000519  A$lcc2460 |    0000051A  A$lcc2460 |    0000051D  A$lcc2460
     0000051F  A$lcc2460 |    00000521  A$lcc2460 |    00000524  A$lcc2460
     00000526  A$lcc2460 |    00000529  A$lcc2460 |    0000052A  A$lcc2460
     0000052B  A$lcc2460 |    0000052C  A$lcc2460 |    0000052D  A$lcc2460
     0000052E  A$lcc2460 |    00000531  A$lcc2460 |    00000532  A$lcc2460
     00000533  A$lcc2460 |    00000534  A$lcc2460 |    00000537  A$lcc2460
     00000539  A$lcc2460 |    0000053A  A$lcc2460 |    0000053D  A$lcc2460
     00000540  A$lcc2460 |    00000541  A$lcc2460 |    00000543  A$lcc2460
     00000544  A$lcc2460 |    00000545  A$lcc2460 |    00000546  A$lcc2460
     00000547  A$lcc2460 |    0000054A  A$lcc2460 |    0000054B  A$lcc2460
     0000054C  A$lcc2460 |    0000054F  A$lcc2460 |    00000551  A$lcc2460
     00000553  A$lcc2460 |    00000554  A$lcc2460 |    00000555  A$lcc2460
     00000556  A$lcc2460 |    00000557  A$lcc2460 |    00000559  A$lcc2460
     0000055A  A$lcc2460 |    0000055D  A$lcc2460 |    0000055F  A$lcc2460
ASxxxx Linker V03.00 + NoICE + sdld,  page 7.
Hexadecimal  [32-Bits]

Area                       Addr        Size        Decimal Bytes (Attributes)
--------------------       ----        ----        ------- ----- ------------
_CODE                  00000200    0000200D =        8205. bytes (REL,CON)

        Value  Global            Value  Global            Value  Global    
        -----  ------            -----  ------            -----  ------    
     00000562  A$lcc2460 |    00000562  C$main.c$ |    00000565  A$lcc2460
     00000566  A$lcc2460 |    00000569  A$lcc2460 |    00000569  C$main.c$
     0000056C  A$lcc2460 |    0000056D  A$lcc2460 |    0000056E  A$lcc2460
     0000056F  A$lcc2460 |    00000572  A$lcc2460 |    00000574  A$lcc2460
     00000576  A$lcc2460 |    00000579  A$lcc2460 |    0000057B  A$lcc2460
     0000057E  A$lcc2460 |    0000057F  A$lcc2460 |    00000580  A$lcc2460
     00000581  A$lcc2460 |    00000584  A$lcc2460 |    00000585  A$lcc2460
     00000586  A$lcc2460 |    00000587  A$lcc2460 |    0000058A  A$lcc2460
     0000058B  A$lcc2460 |    0000058B  C$main.c$ |    0000058E  A$lcc2460
     0000058F  A$lcc2460 |    00000591  A$lcc2460 |    00000591  C$main.c$
     00000592  A$lcc2460 |    00000593  A$lcc2460 |    00000594  A$lcc2460
     00000594  C$main.c$ |    00000595  A$lcc2460 |    00000596  A$lcc2460
     00000598  A$lcc2460 |    0000059B  A$lcc2460 |    0000059D  A$lcc2460
     0000059E  A$lcc2460 |    000005A1  A$lcc2460 |    000005A3  A$lcc2460
     000005A4  A$lcc2460 |    000005A7  A$lcc2460 |    000005A8  A$lcc2460
     000005A9  A$lcc2460 |    000005AA  A$lcc2460 |    000005AB  A$lcc2460
     000005AE  A$lcc2460 |    000005AF  A$lcc2460 |    000005B0  A$lcc2460
     000005B1  A$lcc2460 |    000005B4  A$lcc2460 |    000005B6  A$lcc2460
     000005B8  A$lcc2460 |    000005B9  A$lcc2460 |    000005BA  A$lcc2460
     000005BB  A$lcc2460 |    000005BC  A$lcc2460 |    000005BE  A$lcc2460
     000005BF  A$lcc2460 |    000005C2  A$lcc2460 |    000005C4  A$lcc2460
     000005C4  C$main.c$ |    000005C6  A$lcc2460 |    000005C6  C$main.c$
     000005C7  A$lcc2460 |    000005C9  A$lcc2460 |    000005CC  A$lcc2460
     000005CE  A$lcc2460 |    000005D0  A$lcc2460 |    000005D1  A$lcc2460
     000005D4  A$lcc2460 |    000005D6  A$lcc2460 |    000005D7  A$lcc2460
     000005DA  A$lcc2460 |    000005DB  A$lcc2460 |    000005DC  A$lcc2460
     000005DD  A$lcc2460 |    000005DE  A$lcc2460 |    000005E1  A$lcc2460
     000005E2  A$lcc2460 |    000005E3  A$lcc2460 |    000005E4  A$lcc2460
     000005E7  A$lcc2460 |    000005E9  A$lcc2460 |    000005EB  A$lcc2460
     000005ED  A$lcc2460 |    000005EF  A$lcc2460 |    000005F2  A$lcc2460
     000005F4  A$lcc2460 |    000005F7  A$lcc2460 |    000005F9  A$lcc2460
     000005FA  A$lcc2460 |    000005FB  A$lcc2460 |    000005FC  A$lcc2460
     000005FD  A$lcc2460 |    000005FE  A$lcc2460 |    00000600  A$lcc2460
     00000601  A$lcc2460 |    00000604  A$lcc2460 |    00000606  A$lcc2460
     00000606  C$main.c$ |    00000607  A$lcc2460 |    00000608  A$lcc2460
     00000608  C$main.c$ |    00000608  XG$move_f |    00000609  A$lcc2460
     00000609  C$main.c$ |    00000609  C$main.c$ |    00000609  G$update_
     00000609  _update_m |    0000060C  A$lcc2460 |    0000060D  A$lcc2460
     0000060F  A$lcc2460 |    0000060F  C$main.c$ |    00000612  A$lcc2460
     00000612  C$main.c$ |    00000615  A$lcc2460 |    00000617  A$lcc2460
     00000619  A$lcc2460 |    0000061C  A$lcc2460 |    0000061E  A$lcc2460
     00000621  A$lcc2460 |    00000622  A$lcc2460 |    00000625  A$lcc2460
     00000626  A$lcc2460 |    00000627  A$lcc2460 |    00000628  A$lcc2460
     00000628  C$main.c$ |    0000062B  A$lcc2460 |    0000062C  A$lcc2460
     0000062E  A$lcc2460 |    0000062E  C$main.c$ |    00000631  A$lcc2460
     00000631  C$main.c$ |    00000634  A$lcc2460 |    00000636  A$lcc2460
     00000638  A$lcc2460 |    0000063B  A$lcc2460 |    0000063D  A$lcc2460
     00000640  A$lcc2460 |    00000641  A$lcc2460 |    00000644  A$lcc2460
     00000645  A$lcc2460 |    00000646  A$lcc2460 |    00000647  A$lcc2460
     00000647  C$main.c$ |    0000064A  A$lcc2460 |    0000064B  A$lcc2460
     0000064D  A$lcc2460 |    00000650  A$lcc2460 |    00000651  A$lcc2460
ASxxxx Linker V03.00 + NoICE + sdld,  page 8.
Hexadecimal  [32-Bits]

Area                       Addr        Size        Decimal Bytes (Attributes)
--------------------       ----        ----        ------- ----- ------------
_CODE                  00000200    0000200D =        8205. bytes (REL,CON)

        Value  Global            Value  Global            Value  Global    
        -----  ------            -----  ------            -----  ------    
     00000652  A$lcc2460 |    00000652  C$main.c$ |    00000655  A$lcc2460
     00000657  A$lcc2460 |    00000657  C$main.c$ |    0000065A  A$lcc2460
     0000065B  A$lcc2460 |    0000065C  A$lcc2460 |    0000065D  A$lcc2460
     00000660  A$lcc2460 |    00000661  A$lcc2460 |    00000663  A$lcc2460
     00000664  A$lcc2460 |    00000665  A$lcc2460 |    00000666  A$lcc2460
     00000667  A$lcc2460 |    00000668  A$lcc2460 |    00000669  A$lcc2460
     0000066B  A$lcc2460 |    0000066D  A$lcc2460 |    0000066F  A$lcc2460
     00000671  A$lcc2460 |    00000672  A$lcc2460 |    00000674  A$lcc2460
     00000676  A$lcc2460 |    00000678  A$lcc2460 |    00000679  A$lcc2460
     0000067A  A$lcc2460 |    0000067A  C$main.c$ |    0000067D  A$lcc2460
     0000067E  A$lcc2460 |    00000680  A$lcc2460 |    00000681  A$lcc2460
     00000682  A$lcc2460 |    00000684  A$lcc2460 |    00000685  A$lcc2460
     00000685  C$main.c$ |    00000688  A$lcc2460 |    00000688  C$main.c$
     0000068B  A$lcc2460 |    0000068E  A$lcc2460 |    0000068E  C$main.c$
     0000068E  XG$update |    0000068F  A$lcc2460 |    0000068F  C$main.c$
     0000068F  C$main.c$ |    0000068F  G$paralla |    0000068F  _parallax
     00000691  A$lcc2460 |    00000692  A$lcc2460 |    00000694  A$lcc2460
     00000696  A$lcc2460 |    00000698  A$lcc2460 |    0000069A  A$lcc2460
     0000069C  A$lcc2460 |    0000069E  A$lcc2460 |    000006A0  A$lcc2460
     000006A2  A$lcc2460 |    000006A4  A$lcc2460 |    000006A6  A$lcc2460
     000006A8  A$lcc2460 |    000006AA  A$lcc2460 |    000006AC  A$lcc2460
     000006AE  A$lcc2460 |    000006B0  A$lcc2460 |    000006B2  A$lcc2460
     000006B4  A$lcc2460 |    000006B6  A$lcc2460 |    000006B9  A$lcc2460
     000006BB  A$lcc2460 |    000006BE  A$lcc2460 |    000006C0  A$lcc2460
     000006C3  A$lcc2460 |    000006C5  A$lcc2460 |    000006C8  A$lcc2460
     000006C9  A$lcc2460 |    000006C9  C$main.c$ |    000006CA  A$lcc2460
     000006CC  A$lcc2460 |    000006CD  A$lcc2460 |    000006CF  A$lcc2460
     000006CF  C$main.c$ |    000006D1  A$lcc2460 |    000006D3  A$lcc2460
     000006D3  C$main.c$ |    000006D4  A$lcc2460 |    000006D4  C$main.c$
     000006D7  A$lcc2460 |    000006D9  A$lcc2460 |    000006DA  A$lcc2460
     000006DC  A$lcc2460 |    000006DC  C$main.c$ |    000006DE  A$lcc2460
     000006E0  A$lcc2460 |    000006E0  C$main.c$ |    000006E1  A$lcc2460
     000006E1  C$main.c$ |    000006E4  A$lcc2460 |    000006E6  A$lcc2460
     000006E7  A$lcc2460 |    000006E9  A$lcc2460 |    000006E9  C$main.c$
     000006EB  A$lcc2460 |    000006ED  A$lcc2460 |    000006ED  C$main.c$
     000006EE  A$lcc2460 |    000006EE  C$main.c$ |    000006F1  A$lcc2460
     000006F3  A$lcc2460 |    000006F4  A$lcc2460 |    000006F6  A$lcc2460
     000006F6  C$main.c$ |    000006F8  A$lcc2460 |    000006FA  A$lcc2460
     000006FA  C$main.c$ |    000006FB  A$lcc2460 |    000006FB  C$main.c$
     000006FE  A$lcc2460 |    00000700  A$lcc2460 |    00000701  A$lcc2460
     00000703  A$lcc2460 |    00000703  C$main.c$ |    00000705  A$lcc2460
     00000707  A$lcc2460 |    00000707  C$main.c$ |    00000708  A$lcc2460
     00000708  C$main.c$ |    0000070B  A$lcc2460 |    0000070D  A$lcc2460
     0000070E  A$lcc2460 |    00000710  A$lcc2460 |    00000710  C$main.c$
     00000712  A$lcc2460 |    00000714  A$lcc2460 |    00000714  C$main.c$
     00000715  A$lcc2460 |    00000715  C$main.c$ |    00000716  A$lcc2460
     00000718  A$lcc2460 |    00000719  A$lcc2460 |    0000071B  A$lcc2460
     0000071B  C$main.c$ |    0000071D  A$lcc2460 |    0000071F  A$lcc2460
     0000071F  C$main.c$ |    00000720  A$lcc2460 |    00000720  C$main.c$
     00000723  A$lcc2460 |    00000725  A$lcc2460 |    00000726  A$lcc2460
     00000728  A$lcc2460 |    00000728  C$main.c$ |    0000072A  A$lcc2460
ASxxxx Linker V03.00 + NoICE + sdld,  page 9.
Hexadecimal  [32-Bits]

Area                       Addr        Size        Decimal Bytes (Attributes)
--------------------       ----        ----        ------- ----- ------------
_CODE                  00000200    0000200D =        8205. bytes (REL,CON)

        Value  Global            Value  Global            Value  Global    
        -----  ------            -----  ------            -----  ------    
     0000072C  A$lcc2460 |    0000072C  C$main.c$ |    0000072D  A$lcc2460
     0000072D  C$main.c$ |    00000730  A$lcc2460 |    00000732  A$lcc2460
     00000733  A$lcc2460 |    00000735  A$lcc2460 |    00000735  C$main.c$
     00000737  A$lcc2460 |    00000739  A$lcc2460 |    00000739  C$main.c$
     0000073A  A$lcc2460 |    0000073A  C$main.c$ |    0000073D  A$lcc2460
     0000073F  A$lcc2460 |    00000740  A$lcc2460 |    00000742  A$lcc2460
     00000742  C$main.c$ |    00000744  A$lcc2460 |    00000746  A$lcc2460
     00000746  C$main.c$ |    00000747  A$lcc2460 |    00000747  C$main.c$
     0000074A  A$lcc2460 |    0000074C  A$lcc2460 |    0000074D  A$lcc2460
     0000074F  A$lcc2460 |    0000074F  C$main.c$ |    00000751  A$lcc2460
     00000753  A$lcc2460 |    00000753  C$main.c$ |    00000754  A$lcc2460
     00000754  C$main.c$ |    00000757  A$lcc2460 |    00000759  A$lcc2460
     0000075A  A$lcc2460 |    0000075C  A$lcc2460 |    0000075C  C$main.c$
     0000075E  A$lcc2460 |    00000760  A$lcc2460 |    00000760  C$main.c$
     00000761  A$lcc2460 |    00000761  C$main.c$ |    00000762  A$lcc2460
     00000764  A$lcc2460 |    00000765  A$lcc2460 |    00000767  A$lcc2460
     00000767  C$main.c$ |    00000768  A$lcc2460 |    0000076A  A$lcc2460
     0000076A  C$main.c$ |    0000076A  C$main.c$ |    0000076A  XG$parall
     0000076B  A$lcc2460 |    0000076B  C$main.c$ |    0000076B  G$scroll_
     0000076B  _scroll_c |    0000076C  A$lcc2460 |    0000076C  C$main.c$
     0000076F  A$lcc2460 |    00000770  A$lcc2460 |    00000772  A$lcc2460
     00000775  A$lcc2460 |    00000776  A$lcc2460 |    00000777  A$lcc2460
     0000077A  A$lcc2460 |    0000077C  A$lcc2460 |    0000077D  A$lcc2460
     0000077E  A$lcc2460 |    00000781  A$lcc2460 |    00000781  C$main.c$
     00000784  A$lcc2460 |    00000785  A$lcc2460 |    00000786  A$lcc2460
     00000787  A$lcc2460 |    00000787  C$main.c$ |    00000788  A$lcc2460
     00000789  A$lcc2460 |    0000078A  A$lcc2460 |    0000078B  A$lcc2460
     0000078C  A$lcc2460 |    0000078D  A$lcc2460 |    0000078D  C$main.c$
     0000078E  A$lcc2460 |    0000078F  A$lcc2460 |    00000790  A$lcc2460
     00000791  A$lcc2460 |    00000792  A$lcc2460 |    00000793  A$lcc2460
     00000794  A$lcc2460 |    00000797  A$lcc2460 |    00000798  A$lcc2460
     00000798  C$main.c$ |    00000798  C$main.c$ |    00000798  C$main.c$
     00000799  A$lcc2460 |    0000079B  A$lcc2460 |    0000079B  C$main.c$
     0000079E  A$lcc2460 |    0000079F  A$lcc2460 |    000007A0  A$lcc2460
     000007A1  A$lcc2460 |    000007A2  A$lcc2460 |    000007A5  A$lcc2460
     000007A6  A$lcc2460 |    000007A7  A$lcc2460 |    000007A8  A$lcc2460
     000007AB  A$lcc2460 |    000007AD  A$lcc2460 |    000007AE  A$lcc2460
     000007B1  A$lcc2460 |    000007B2  A$lcc2460 |    000007B3  A$lcc2460
     000007B4  A$lcc2460 |    000007B5  A$lcc2460 |    000007B8  A$lcc2460
     000007B9  A$lcc2460 |    000007BA  A$lcc2460 |    000007BB  A$lcc2460
     000007BE  A$lcc2460 |    000007C0  A$lcc2460 |    000007C2  A$lcc2460
     000007C3  A$lcc2460 |    000007C4  A$lcc2460 |    000007C5  A$lcc2460
     000007C6  A$lcc2460 |    000007C8  A$lcc2460 |    000007C9  A$lcc2460
     000007CC  A$lcc2460 |    000007CE  A$lcc2460 |    000007CE  C$main.c$
     000007CE  C$main.c$ |    000007D1  A$lcc2460 |    000007D3  A$lcc2460
     000007D5  A$lcc2460 |    000007D5  C$main.c$ |    000007D8  A$lcc2460
     000007D9  A$lcc2460 |    000007DA  A$lcc2460 |    000007DB  A$lcc2460
     000007DC  A$lcc2460 |    000007DF  A$lcc2460 |    000007E0  A$lcc2460
     000007E1  A$lcc2460 |    000007E2  A$lcc2460 |    000007E5  A$lcc2460
     000007E7  A$lcc2460 |    000007E8  A$lcc2460 |    000007EB  A$lcc2460
     000007EC  A$lcc2460 |    000007ED  A$lcc2460 |    000007EE  A$lcc2460
ASxxxx Linker V03.00 + NoICE + sdld,  page 10.
Hexadecimal  [32-Bits]

Area                       Addr        Size        Decimal Bytes (Attributes)
--------------------       ----        ----        ------- ----- ------------
_CODE                  00000200    0000200D =        8205. bytes (REL,CON)

        Value  Global            Value  Global            Value  Global    
        -----  ------            -----  ------            -----  ------    
     000007EF  A$lcc2460 |    000007F2  A$lcc2460 |    000007F3  A$lcc2460
     000007F4  A$lcc2460 |    000007F5  A$lcc2460 |    000007F8  A$lcc2460
     000007FA  A$lcc2460 |    000007FC  A$lcc2460 |    000007FD  A$lcc2460
     000007FE  A$lcc2460 |    000007FF  A$lcc2460 |    00000800  A$lcc2460
     00000802  A$lcc2460 |    00000803  A$lcc2460 |    00000806  A$lcc2460
     00000808  A$lcc2460 |    00000808  C$main.c$ |    00000808  C$main.c$
     0000080B  A$lcc2460 |    0000080C  A$lcc2460 |    0000080E  A$lcc2460
     00000811  A$lcc2460 |    00000812  A$lcc2460 |    00000813  A$lcc2460
     00000816  A$lcc2460 |    00000818  A$lcc2460 |    00000819  A$lcc2460
     0000081A  A$lcc2460 |    0000081C  A$lcc2460 |    0000081C  C$main.c$
     0000081F  A$lcc2460 |    00000820  A$lcc2460 |    00000821  A$lcc2460
     00000822  A$lcc2460 |    00000822  C$main.c$ |    00000825  A$lcc2460
     00000827  A$lcc2460 |    00000829  A$lcc2460 |    00000829  C$main.c$
     0000082C  A$lcc2460 |    0000082D  A$lcc2460 |    0000082E  A$lcc2460
     0000082F  A$lcc2460 |    00000830  A$lcc2460 |    00000833  A$lcc2460
     00000834  A$lcc2460 |    00000835  A$lcc2460 |    00000836  A$lcc2460
     00000839  A$lcc2460 |    0000083B  A$lcc2460 |    0000083C  A$lcc2460
     0000083F  A$lcc2460 |    00000840  A$lcc2460 |    00000841  A$lcc2460
     00000842  A$lcc2460 |    00000843  A$lcc2460 |    00000846  A$lcc2460
     00000847  A$lcc2460 |    00000848  A$lcc2460 |    00000849  A$lcc2460
     0000084C  A$lcc2460 |    0000084E  A$lcc2460 |    00000850  A$lcc2460
     00000851  A$lcc2460 |    00000852  A$lcc2460 |    00000853  A$lcc2460
     00000854  A$lcc2460 |    00000856  A$lcc2460 |    00000857  A$lcc2460
     0000085A  A$lcc2460 |    0000085C  A$lcc2460 |    0000085C  C$main.c$
     0000085C  C$main.c$ |    0000085F  A$lcc2460 |    00000861  A$lcc2460
     00000863  A$lcc2460 |    00000863  C$main.c$ |    00000866  A$lcc2460
     00000867  A$lcc2460 |    00000868  A$lcc2460 |    00000869  A$lcc2460
     00000869  C$main.c$ |    0000086C  A$lcc2460 |    0000086D  A$lcc2460
     0000086E  A$lcc2460 |    0000086F  A$lcc2460 |    0000086F  C$main.c$
     00000872  A$lcc2460 |    00000873  A$lcc2460 |    00000874  A$lcc2460
     00000875  A$lcc2460 |    00000875  C$main.c$ |    00000878  A$lcc2460
     00000879  A$lcc2460 |    0000087A  A$lcc2460 |    0000087B  A$lcc2460
     0000087B  C$main.c$ |    0000087E  A$lcc2460 |    00000880  A$lcc2460
     00000882  A$lcc2460 |    00000882  C$main.c$ |    00000885  A$lcc2460
     00000886  A$lcc2460 |    00000887  A$lcc2460 |    00000888  A$lcc2460
     00000889  A$lcc2460 |    0000088A  A$lcc2460 |    0000088B  A$lcc2460
     0000088C  A$lcc2460 |    0000088D  A$lcc2460 |    0000088E  A$lcc2460
     0000088F  A$lcc2460 |    00000890  A$lcc2460 |    00000891  A$lcc2460
     00000894  A$lcc2460 |    00000895  A$lcc2460 |    00000896  A$lcc2460
     00000899  A$lcc2460 |    0000089A  A$lcc2460 |    0000089B  A$lcc2460
     0000089C  A$lcc2460 |    0000089D  A$lcc2460 |    000008A0  A$lcc2460
     000008A1  A$lcc2460 |    000008A2  A$lcc2460 |    000008A3  A$lcc2460
     000008A6  A$lcc2460 |    000008A8  A$lcc2460 |    000008A9  A$lcc2460
     000008AA  A$lcc2460 |    000008AB  A$lcc2460 |    000008AC  A$lcc2460
     000008AD  A$lcc2460 |    000008AE  A$lcc2460 |    000008AF  A$lcc2460
     000008B0  A$lcc2460 |    000008B3  A$lcc2460 |    000008B5  A$lcc2460
     000008B5  C$main.c$ |    000008B5  C$main.c$ |    000008B8  A$lcc2460
     000008B9  A$lcc2460 |    000008BB  A$lcc2460 |    000008BE  A$lcc2460
     000008BF  A$lcc2460 |    000008C0  A$lcc2460 |    000008C3  A$lcc2460
     000008C5  A$lcc2460 |    000008C6  A$lcc2460 |    000008C7  A$lcc2460
     000008C9  A$lcc2460 |    000008C9  C$main.c$ |    000008CC  A$lcc2460
ASxxxx Linker V03.00 + NoICE + sdld,  page 11.
Hexadecimal  [32-Bits]

Area                       Addr        Size        Decimal Bytes (Attributes)
--------------------       ----        ----        ------- ----- ------------
_CODE                  00000200    0000200D =        8205. bytes (REL,CON)

        Value  Global            Value  Global            Value  Global    
        -----  ------            -----  ------            -----  ------    
     000008CD  A$lcc2460 |    000008CE  A$lcc2460 |    000008CF  A$lcc2460
     000008CF  C$main.c$ |    000008D2  A$lcc2460 |    000008D3  A$lcc2460
     000008D4  A$lcc2460 |    000008D5  A$lcc2460 |    000008D5  C$main.c$
     000008D8  A$lcc2460 |    000008D9  A$lcc2460 |    000008DA  A$lcc2460
     000008DA  C$main.c$ |    000008DA  XG$scroll |    000008DB  A$lcc2460
     000008DB  C$main.c$ |    000008DB  G$drain_t |    000008DB  _drain_ti
     000008DC  A$lcc2460 |    000008DC  C$main.c$ |    000008DF  A$lcc2460
     000008E0  A$lcc2460 |    000008E2  A$lcc2460 |    000008E3  A$lcc2460
     000008E5  A$lcc2460 |    000008E6  A$lcc2460 |    000008E8  A$lcc2460
     000008E9  A$lcc2460 |    000008E9  C$main.c$ |    000008EA  A$lcc2460
     000008EB  A$lcc2460 |    000008ED  A$lcc2460 |    000008EF  A$lcc2460
     000008F2  A$lcc2460 |    000008F3  A$lcc2460 |    000008F5  A$lcc2460
     000008F7  A$lcc2460 |    000008F9  A$lcc2460 |    000008FB  A$lcc2460
     000008FD  A$lcc2460 |    000008FF  A$lcc2460 |    00000900  A$lcc2460
     00000900  C$main.c$ |    00000902  A$lcc2460 |    00000903  A$lcc2460
     00000905  A$lcc2460 |    00000906  A$lcc2460 |    00000907  A$lcc2460
     00000908  A$lcc2460 |    00000909  A$lcc2460 |    0000090C  A$lcc2460
     0000090D  A$lcc2460 |    0000090E  A$lcc2460 |    0000090E  C$main.c$
     00000910  A$lcc2460 |    00000911  A$lcc2460 |    00000913  A$lcc2460
     00000916  A$lcc2460 |    00000917  A$lcc2460 |    00000919  A$lcc2460
     0000091A  A$lcc2460 |    0000091B  A$lcc2460 |    0000091D  A$lcc2460
     0000091E  A$lcc2460 |    0000091F  A$lcc2460 |    00000921  A$lcc2460
     00000921  C$main.c$ |    00000923  A$lcc2460 |    00000924  A$lcc2460
     00000926  A$lcc2460 |    00000927  A$lcc2460 |    00000929  A$lcc2460
     0000092A  A$lcc2460 |    0000092B  A$lcc2460 |    0000092C  A$lcc2460
     0000092F  A$lcc2460 |    00000931  A$lcc2460 |    00000931  C$main.c$
     00000934  A$lcc2460 |    00000935  A$lcc2460 |    00000935  C$main.c$
     00000938  A$lcc2460 |    00000939  A$lcc2460 |    0000093B  A$lcc2460
     0000093C  A$lcc2460 |    0000093D  A$lcc2460 |    0000093F  A$lcc2460
     00000940  A$lcc2460 |    00000940  C$main.c$ |    00000943  A$lcc2460
     00000943  C$main.c$ |    00000946  A$lcc2460 |    00000947  A$lcc2460
     00000949  A$lcc2460 |    0000094A  A$lcc2460 |    0000094B  A$lcc2460
     0000094B  C$main.c$ |    0000094E  A$lcc2460 |    00000950  A$lcc2460
     00000952  A$lcc2460 |    00000952  C$main.c$ |    00000955  A$lcc2460
     00000955  C$main.c$ |    00000958  A$lcc2460 |    00000958  C$main.c$
     0000095B  A$lcc2460 |    0000095D  A$lcc2460 |    0000095E  A$lcc2460
     0000095E  C$main.c$ |    0000095E  XG$drain_ |    0000095F  A$lcc2460
     0000095F  C$main.c$ |    0000095F  G$win_che |    0000095F  _win_chec
     00000961  A$lcc2460 |    00000961  C$main.c$ |    00000963  A$lcc2460
     00000964  A$lcc2460 |    00000966  A$lcc2460 |    00000967  A$lcc2460
     00000968  A$lcc2460 |    00000969  A$lcc2460 |    0000096A  A$lcc2460
     0000096B  A$lcc2460 |    0000096C  A$lcc2460 |    0000096F  A$lcc2460
     00000970  A$lcc2460 |    00000971  A$lcc2460 |    00000972  A$lcc2460
     00000974  A$lcc2460 |    00000975  A$lcc2460 |    00000976  A$lcc2460
     00000977  A$lcc2460 |    00000979  A$lcc2460 |    0000097A  A$lcc2460
     0000097B  A$lcc2460 |    0000097C  A$lcc2460 |    0000097D  A$lcc2460
     0000097F  A$lcc2460 |    00000981  A$lcc2460 |    00000982  A$lcc2460
     00000983  A$lcc2460 |    00000984  A$lcc2460 |    00000985  A$lcc2460
     00000986  A$lcc2460 |    00000987  A$lcc2460 |    0000098A  A$lcc2460
     0000098B  A$lcc2460 |    0000098C  A$lcc2460 |    0000098D  A$lcc2460
     0000098E  A$lcc2460 |    0000098F  A$lcc2460 |    00000990  A$lcc2460
ASxxxx Linker V03.00 + NoICE + sdld,  page 12.
Hexadecimal  [32-Bits]

Area                       Addr        Size        Decimal Bytes (Attributes)
--------------------       ----        ----        ------- ----- ------------
_CODE                  00000200    0000200D =        8205. bytes (REL,CON)

        Value  Global            Value  Global            Value  Global    
        -----  ------            -----  ------            -----  ------    
     00000992  A$lcc2460 |    00000994  A$lcc2460 |    00000995  A$lcc2460
     00000997  A$lcc2460 |    00000998  A$lcc2460 |    0000099A  A$lcc2460
     0000099B  A$lcc2460 |    0000099D  A$lcc2460 |    0000099E  A$lcc2460
     000009A0  A$lcc2460 |    000009A1  A$lcc2460 |    000009A3  A$lcc2460
     000009A3  C$main.c$ |    000009A5  A$lcc2460 |    000009A6  A$lcc2460
     000009A8  A$lcc2460 |    000009A9  A$lcc2460 |    000009AA  A$lcc2460
     000009AB  A$lcc2460 |    000009AC  A$lcc2460 |    000009AD  A$lcc2460
     000009AE  A$lcc2460 |    000009B1  A$lcc2460 |    000009B2  A$lcc2460
     000009B3  A$lcc2460 |    000009B4  A$lcc2460 |    000009B6  A$lcc2460
     000009B7  A$lcc2460 |    000009B8  A$lcc2460 |    000009B9  A$lcc2460
     000009BB  A$lcc2460 |    000009BC  A$lcc2460 |    000009BD  A$lcc2460
     000009BE  A$lcc2460 |    000009BF  A$lcc2460 |    000009C1  A$lcc2460
     000009C3  A$lcc2460 |    000009C5  A$lcc2460 |    000009C6  A$lcc2460
     000009C7  A$lcc2460 |    000009C8  A$lcc2460 |    000009CB  A$lcc2460
     000009CC  A$lcc2460 |    000009CD  A$lcc2460 |    000009CE  A$lcc2460
     000009D0  A$lcc2460 |    000009D2  A$lcc2460 |    000009D4  A$lcc2460
     000009D6  A$lcc2460 |    000009D8  A$lcc2460 |    000009DA  A$lcc2460
     000009DA  C$main.c$ |    000009DC  A$lcc2460 |    000009DD  A$lcc2460
     000009DE  A$lcc2460 |    000009DF  A$lcc2460 |    000009E2  A$lcc2460
     000009E3  A$lcc2460 |    000009E4  A$lcc2460 |    000009E5  A$lcc2460
     000009E7  A$lcc2460 |    000009E8  A$lcc2460 |    000009E9  A$lcc2460
     000009EA  A$lcc2460 |    000009EC  A$lcc2460 |    000009ED  A$lcc2460
     000009EE  A$lcc2460 |    000009EF  A$lcc2460 |    000009F0  A$lcc2460
     000009F1  A$lcc2460 |    000009F2  A$lcc2460 |    000009F3  A$lcc2460
     000009F4  A$lcc2460 |    000009F6  A$lcc2460 |    000009F8  A$lcc2460
     000009F9  A$lcc2460 |    000009FA  A$lcc2460 |    000009FB  A$lcc2460
     000009FC  A$lcc2460 |    000009FD  A$lcc2460 |    000009FE  A$lcc2460
     00000A01  A$lcc2460 |    00000A02  A$lcc2460 |    00000A03  A$lcc2460
     00000A04  A$lcc2460 |    00000A06  A$lcc2460 |    00000A07  A$lcc2460
     00000A08  A$lcc2460 |    00000A09  A$lcc2460 |    00000A0B  A$lcc2460
     00000A0C  A$lcc2460 |    00000A0E  A$lcc2460 |    00000A0F  A$lcc2460
     00000A10  A$lcc2460 |    00000A11  A$lcc2460 |    00000A13  A$lcc2460
     00000A15  A$lcc2460 |    00000A17  A$lcc2460 |    00000A19  A$lcc2460
     00000A1B  A$lcc2460 |    00000A1D  A$lcc2460 |    00000A1D  C$main.c$
     00000A1F  A$lcc2460 |    00000A20  A$lcc2460 |    00000A22  A$lcc2460
     00000A23  A$lcc2460 |    00000A25  A$lcc2460 |    00000A26  A$lcc2460
     00000A28  A$lcc2460 |    00000A29  A$lcc2460 |    00000A2B  A$lcc2460
     00000A2D  A$lcc2460 |    00000A2F  A$lcc2460 |    00000A30  A$lcc2460
     00000A32  A$lcc2460 |    00000A33  A$lcc2460 |    00000A35  A$lcc2460
     00000A36  A$lcc2460 |    00000A37  A$lcc2460 |    00000A38  A$lcc2460
     00000A39  A$lcc2460 |    00000A3A  A$lcc2460 |    00000A3B  A$lcc2460
     00000A3B  C$main.c$ |    00000A3D  A$lcc2460 |    00000A3E  A$lcc2460
     00000A3F  A$lcc2460 |    00000A40  A$lcc2460 |    00000A41  A$lcc2460
     00000A42  A$lcc2460 |    00000A43  A$lcc2460 |    00000A43  C$main.c$
     00000A46  A$lcc2460 |    00000A47  A$lcc2460 |    00000A48  A$lcc2460
     00000A4B  A$lcc2460 |    00000A4C  A$lcc2460 |    00000A4D  A$lcc2460
     00000A4E  A$lcc2460 |    00000A50  A$lcc2460 |    00000A51  A$lcc2460
     00000A52  A$lcc2460 |    00000A54  A$lcc2460 |    00000A54  C$main.c$
     00000A57  A$lcc2460 |    00000A58  A$lcc2460 |    00000A5B  A$lcc2460
     00000A5C  A$lcc2460 |    00000A5F  A$lcc2460 |    00000A60  A$lcc2460
     00000A63  A$lcc2460 |    00000A65  A$lcc2460 |    00000A65  C$main.c$
ASxxxx Linker V03.00 + NoICE + sdld,  page 13.
Hexadecimal  [32-Bits]

Area                       Addr        Size        Decimal Bytes (Attributes)
--------------------       ----        ----        ------- ----- ------------
_CODE                  00000200    0000200D =        8205. bytes (REL,CON)

        Value  Global            Value  Global            Value  Global    
        -----  ------            -----  ------            -----  ------    
     00000A68  A$lcc2460 |    00000A6A  A$lcc2460 |    00000A6D  A$lcc2460
     00000A6E  A$lcc2460 |    00000A6F  A$lcc2460 |    00000A70  A$lcc2460
     00000A73  A$lcc2460 |    00000A74  A$lcc2460 |    00000A75  A$lcc2460
     00000A76  A$lcc2460 |    00000A77  A$lcc2460 |    00000A78  A$lcc2460
     00000A79  A$lcc2460 |    00000A7C  A$lcc2460 |    00000A7D  A$lcc2460
     00000A7D  C$main.c$ |    00000A80  A$lcc2460 |    00000A80  C$main.c$
     00000A81  A$lcc2460 |    00000A83  A$lcc2460 |    00000A85  A$lcc2460
     00000A86  A$lcc2460 |    00000A88  A$lcc2460 |    00000A8A  A$lcc2460
     00000A8A  C$main.c$ |    00000A8D  A$lcc2460 |    00000A8E  A$lcc2460
     00000A91  A$lcc2460 |    00000A92  A$lcc2460 |    00000A95  A$lcc2460
     00000A96  A$lcc2460 |    00000A99  A$lcc2460 |    00000A9B  A$lcc2460
     00000A9B  C$main.c$ |    00000A9E  A$lcc2460 |    00000AA0  A$lcc2460
     00000AA3  A$lcc2460 |    00000AA4  A$lcc2460 |    00000AA5  A$lcc2460
     00000AA6  A$lcc2460 |    00000AA9  A$lcc2460 |    00000AAA  A$lcc2460
     00000AAB  A$lcc2460 |    00000AAC  A$lcc2460 |    00000AAD  A$lcc2460
     00000AAE  A$lcc2460 |    00000AAF  A$lcc2460 |    00000AB2  A$lcc2460
     00000AB3  A$lcc2460 |    00000AB3  C$main.c$ |    00000AB6  A$lcc2460
     00000AB6  C$main.c$ |    00000AB7  A$lcc2460 |    00000AB9  A$lcc2460
     00000ABB  A$lcc2460 |    00000ABC  A$lcc2460 |    00000ABE  A$lcc2460
     00000AC0  A$lcc2460 |    00000AC0  C$main.c$ |    00000AC3  A$lcc2460
     00000AC4  A$lcc2460 |    00000AC7  A$lcc2460 |    00000AC8  A$lcc2460
     00000ACB  A$lcc2460 |    00000ACC  A$lcc2460 |    00000ACF  A$lcc2460
     00000AD1  A$lcc2460 |    00000AD1  C$main.c$ |    00000AD4  A$lcc2460
     00000AD6  A$lcc2460 |    00000AD9  A$lcc2460 |    00000ADA  A$lcc2460
     00000ADB  A$lcc2460 |    00000ADC  A$lcc2460 |    00000ADF  A$lcc2460
     00000AE0  A$lcc2460 |    00000AE1  A$lcc2460 |    00000AE2  A$lcc2460
     00000AE3  A$lcc2460 |    00000AE4  A$lcc2460 |    00000AE5  A$lcc2460
     00000AE8  A$lcc2460 |    00000AE9  A$lcc2460 |    00000AE9  C$main.c$
     00000AEB  A$lcc2460 |    00000AEB  C$main.c$ |    00000AEC  A$lcc2460
     00000AEE  A$lcc2460 |    00000AF0  A$lcc2460 |    00000AF1  A$lcc2460
     00000AF3  A$lcc2460 |    00000AF5  A$lcc2460 |    00000AF5  C$main.c$
     00000AF8  A$lcc2460 |    00000AF9  A$lcc2460 |    00000AFC  A$lcc2460
     00000AFD  A$lcc2460 |    00000B00  A$lcc2460 |    00000B01  A$lcc2460
     00000B04  A$lcc2460 |    00000B06  A$lcc2460 |    00000B06  C$main.c$
     00000B09  A$lcc2460 |    00000B0B  A$lcc2460 |    00000B0E  A$lcc2460
     00000B0F  A$lcc2460 |    00000B10  A$lcc2460 |    00000B11  A$lcc2460
     00000B14  A$lcc2460 |    00000B15  A$lcc2460 |    00000B16  A$lcc2460
     00000B17  A$lcc2460 |    00000B18  A$lcc2460 |    00000B19  A$lcc2460
     00000B1A  A$lcc2460 |    00000B1D  A$lcc2460 |    00000B1E  A$lcc2460
     00000B1E  C$main.c$ |    00000B20  A$lcc2460 |    00000B20  C$main.c$
     00000B21  A$lcc2460 |    00000B23  A$lcc2460 |    00000B25  A$lcc2460
     00000B26  A$lcc2460 |    00000B28  A$lcc2460 |    00000B2A  A$lcc2460
     00000B2A  C$main.c$ |    00000B2D  A$lcc2460 |    00000B2E  A$lcc2460
     00000B31  A$lcc2460 |    00000B32  A$lcc2460 |    00000B35  A$lcc2460
     00000B36  A$lcc2460 |    00000B39  A$lcc2460 |    00000B3B  A$lcc2460
     00000B3B  C$main.c$ |    00000B3E  A$lcc2460 |    00000B40  A$lcc2460
     00000B43  A$lcc2460 |    00000B44  A$lcc2460 |    00000B45  A$lcc2460
     00000B46  A$lcc2460 |    00000B49  A$lcc2460 |    00000B4A  A$lcc2460
     00000B4B  A$lcc2460 |    00000B4C  A$lcc2460 |    00000B4D  A$lcc2460
     00000B4E  A$lcc2460 |    00000B4F  A$lcc2460 |    00000B52  A$lcc2460
     00000B53  A$lcc2460 |    00000B53  C$main.c$ |    00000B55  A$lcc2460
ASxxxx Linker V03.00 + NoICE + sdld,  page 14.
Hexadecimal  [32-Bits]

Area                       Addr        Size        Decimal Bytes (Attributes)
--------------------       ----        ----        ------- ----- ------------
_CODE                  00000200    0000200D =        8205. bytes (REL,CON)

        Value  Global            Value  Global            Value  Global    
        -----  ------            -----  ------            -----  ------    
     00000B55  C$main.c$ |    00000B58  A$lcc2460 |    00000B5A  A$lcc2460
     00000B5A  C$main.c$ |    00000B5A  XG$win_ch |    00000B5B  A$lcc2460
     00000B5B  C$main.c$ |    00000B5B  G$collide |    00000B5B  _collide_
     00000B5D  A$lcc2460 |    00000B5D  C$main.c$ |    00000B60  A$lcc2460
     00000B61  A$lcc2460 |    00000B62  A$lcc2460 |    00000B63  A$lcc2460
     00000B64  A$lcc2460 |    00000B66  A$lcc2460 |    00000B67  A$lcc2460
     00000B68  A$lcc2460 |    00000B69  A$lcc2460 |    00000B6A  A$lcc2460
     00000B6C  A$lcc2460 |    00000B6E  A$lcc2460 |    00000B6E  C$main.c$
     00000B70  A$lcc2460 |    00000B72  A$lcc2460 |    00000B72  C$main.c$
     00000B74  A$lcc2460 |    00000B76  A$lcc2460 |    00000B78  A$lcc2460
     00000B78  C$main.c$ |    00000B7A  A$lcc2460 |    00000B7C  A$lcc2460
     00000B7C  C$main.c$ |    00000B7E  A$lcc2460 |    00000B80  A$lcc2460
     00000B80  C$main.c$ |    00000B82  A$lcc2460 |    00000B83  A$lcc2460
     00000B85  A$lcc2460 |    00000B86  A$lcc2460 |    00000B87  A$lcc2460
     00000B88  A$lcc2460 |    00000B89  A$lcc2460 |    00000B8A  A$lcc2460
     00000B8B  A$lcc2460 |    00000B8E  A$lcc2460 |    00000B8F  A$lcc2460
     00000B90  A$lcc2460 |    00000B91  A$lcc2460 |    00000B93  A$lcc2460
     00000B94  A$lcc2460 |    00000B95  A$lcc2460 |    00000B96  A$lcc2460
     00000B98  A$lcc2460 |    00000B99  A$lcc2460 |    00000B9A  A$lcc2460
     00000B9B  A$lcc2460 |    00000B9C  A$lcc2460 |    00000B9E  A$lcc2460
     00000BA0  A$lcc2460 |    00000BA1  A$lcc2460 |    00000BA2  A$lcc2460
     00000BA3  A$lcc2460 |    00000BA4  A$lcc2460 |    00000BA5  A$lcc2460
     00000BA6  A$lcc2460 |    00000BA9  A$lcc2460 |    00000BAA  A$lcc2460
     00000BAB  A$lcc2460 |    00000BAC  A$lcc2460 |    00000BAE  A$lcc2460
     00000BB0  A$lcc2460 |    00000BB2  A$lcc2460 |    00000BB4  A$lcc2460
     00000BB6  A$lcc2460 |    00000BB8  A$lcc2460 |    00000BB8  C$main.c$
     00000BBB  A$lcc2460 |    00000BBC  A$lcc2460 |    00000BBD  A$lcc2460
     00000BBE  A$lcc2460 |    00000BBF  A$lcc2460 |    00000BC0  A$lcc2460
     00000BC1  A$lcc2460 |    00000BC2  A$lcc2460 |    00000BC3  A$lcc2460
     00000BC3  C$main.c$ |    00000BC4  A$lcc2460 |    00000BC6  A$lcc2460
     00000BC7  A$lcc2460 |    00000BC8  A$lcc2460 |    00000BCA  A$lcc2460
     00000BCD  A$lcc2460 |    00000BCF  A$lcc2460 |    00000BD0  A$lcc2460
     00000BD0  C$main.c$ |    00000BD2  A$lcc2460 |    00000BD3  A$lcc2460
     00000BD5  A$lcc2460 |    00000BD6  A$lcc2460 |    00000BD8  A$lcc2460
     00000BDA  A$lcc2460 |    00000BDB  A$lcc2460 |    00000BDD  A$lcc2460
     00000BDF  A$lcc2460 |    00000BE0  A$lcc2460 |    00000BE1  A$lcc2460
     00000BE2  A$lcc2460 |    00000BE3  A$lcc2460 |    00000BE4  A$lcc2460
     00000BE5  A$lcc2460 |    00000BE7  A$lcc2460 |    00000BE8  A$lcc2460
     00000BEA  A$lcc2460 |    00000BEB  A$lcc2460 |    00000BEC  A$lcc2460
     00000BED  A$lcc2460 |    00000BEE  A$lcc2460 |    00000BEF  A$lcc2460
     00000BF0  A$lcc2460 |    00000BF1  A$lcc2460 |    00000BF2  A$lcc2460
     00000BF3  A$lcc2460 |    00000BF4  A$lcc2460 |    00000BF6  A$lcc2460
     00000BF7  A$lcc2460 |    00000BF9  A$lcc2460 |    00000BFA  A$lcc2460
     00000BFC  A$lcc2460 |    00000BFD  A$lcc2460 |    00000BFF  A$lcc2460
     00000C00  A$lcc2460 |    00000C02  A$lcc2460 |    00000C04  A$lcc2460
     00000C06  A$lcc2460 |    00000C07  A$lcc2460 |    00000C08  A$lcc2460
     00000C0B  A$lcc2460 |    00000C0C  A$lcc2460 |    00000C0D  A$lcc2460
     00000C0E  A$lcc2460 |    00000C10  A$lcc2460 |    00000C11  A$lcc2460
     00000C12  A$lcc2460 |    00000C13  A$lcc2460 |    00000C15  A$lcc2460
     00000C16  A$lcc2460 |    00000C18  A$lcc2460 |    00000C1A  A$lcc2460
     00000C1B  A$lcc2460 |    00000C1D  A$lcc2460 |    00000C1E  A$lcc2460
ASxxxx Linker V03.00 + NoICE + sdld,  page 15.
Hexadecimal  [32-Bits]

Area                       Addr        Size        Decimal Bytes (Attributes)
--------------------       ----        ----        ------- ----- ------------
_CODE                  00000200    0000200D =        8205. bytes (REL,CON)

        Value  Global            Value  Global            Value  Global    
        -----  ------            -----  ------            -----  ------    
     00000C20  A$lcc2460 |    00000C21  A$lcc2460 |    00000C23  A$lcc2460
     00000C24  A$lcc2460 |    00000C26  A$lcc2460 |    00000C27  A$lcc2460
     00000C29  A$lcc2460 |    00000C29  C$main.c$ |    00000C2B  A$lcc2460
     00000C2C  A$lcc2460 |    00000C2D  A$lcc2460 |    00000C2F  A$lcc2460
     00000C30  A$lcc2460 |    00000C31  A$lcc2460 |    00000C32  A$lcc2460
     00000C33  A$lcc2460 |    00000C34  A$lcc2460 |    00000C35  A$lcc2460
     00000C37  A$lcc2460 |    00000C38  A$lcc2460 |    00000C39  A$lcc2460
     00000C3A  A$lcc2460 |    00000C3B  A$lcc2460 |    00000C3C  A$lcc2460
     00000C3D  A$lcc2460 |    00000C3F  A$lcc2460 |    00000C40  A$lcc2460
     00000C41  A$lcc2460 |    00000C42  A$lcc2460 |    00000C44  A$lcc2460
     00000C45  A$lcc2460 |    00000C46  A$lcc2460 |    00000C47  A$lcc2460
     00000C48  A$lcc2460 |    00000C49  A$lcc2460 |    00000C4A  A$lcc2460
     00000C4B  A$lcc2460 |    00000C4C  A$lcc2460 |    00000C4E  A$lcc2460
     00000C50  A$lcc2460 |    00000C51  A$lcc2460 |    00000C52  A$lcc2460
     00000C53  A$lcc2460 |    00000C54  A$lcc2460 |    00000C57  A$lcc2460
     00000C58  A$lcc2460 |    00000C59  A$lcc2460 |    00000C5A  A$lcc2460
     00000C5C  A$lcc2460 |    00000C5D  A$lcc2460 |    00000C5E  A$lcc2460
     00000C5F  A$lcc2460 |    00000C61  A$lcc2460 |    00000C62  A$lcc2460
     00000C64  A$lcc2460 |    00000C65  A$lcc2460 |    00000C66  A$lcc2460
     00000C66  C$main.c$ |    00000C67  A$lcc2460 |    00000C68  A$lcc2460
     00000C6A  A$lcc2460 |    00000C6C  A$lcc2460 |    00000C6E  A$lcc2460
     00000C70  A$lcc2460 |    00000C72  A$lcc2460 |    00000C74  A$lcc2460
     00000C75  A$lcc2460 |    00000C76  A$lcc2460 |    00000C78  A$lcc2460
     00000C79  A$lcc2460 |    00000C7A  A$lcc2460 |    00000C7B  A$lcc2460
     00000C7C  A$lcc2460 |    00000C7D  A$lcc2460 |    00000C80  A$lcc2460
     00000C81  A$lcc2460 |    00000C82  A$lcc2460 |    00000C83  A$lcc2460
     00000C85  A$lcc2460 |    00000C86  A$lcc2460 |    00000C88  A$lcc2460
     00000C88  C$main.c$ |    00000C89  A$lcc2460 |    00000C8B  A$lcc2460
     00000C8C  A$lcc2460 |    00000C8D  A$lcc2460 |    00000C8E  A$lcc2460
     00000C8F  A$lcc2460 |    00000C92  A$lcc2460 |    00000C93  A$lcc2460
     00000C95  A$lcc2460 |    00000C96  A$lcc2460 |    00000C97  A$lcc2460
     00000C99  A$lcc2460 |    00000C99  C$main.c$ |    00000C9C  A$lcc2460
     00000C9D  A$lcc2460 |    00000C9E  A$lcc2460 |    00000C9F  A$lcc2460
     00000CA0  A$lcc2460 |    00000CA2  A$lcc2460 |    00000CA3  A$lcc2460
     00000CA4  A$lcc2460 |    00000CA5  A$lcc2460 |    00000CA6  A$lcc2460
     00000CA8  A$lcc2460 |    00000CAA  A$lcc2460 |    00000CAA  C$main.c$
     00000CAC  A$lcc2460 |    00000CAD  A$lcc2460 |    00000CAF  A$lcc2460
     00000CB0  A$lcc2460 |    00000CB2  A$lcc2460 |    00000CB4  A$lcc2460
     00000CB5  A$lcc2460 |    00000CB7  A$lcc2460 |    00000CB8  A$lcc2460
     00000CB9  A$lcc2460 |    00000CBB  A$lcc2460 |    00000CBC  A$lcc2460
     00000CBE  A$lcc2460 |    00000CC0  A$lcc2460 |    00000CC1  A$lcc2460
     00000CC3  A$lcc2460 |    00000CC4  A$lcc2460 |    00000CC6  A$lcc2460
     00000CC9  A$lcc2460 |    00000CCA  A$lcc2460 |    00000CCC  A$lcc2460
     00000CCD  A$lcc2460 |    00000CCE  A$lcc2460 |    00000CD0  A$lcc2460
     00000CD1  A$lcc2460 |    00000CD4  A$lcc2460 |    00000CD4  C$main.c$
     00000CD7  A$lcc2460 |    00000CDA  A$lcc2460 |    00000CDA  C$main.c$
     00000CDA  C$main.c$ |    00000CDB  A$lcc2460 |    00000CDD  A$lcc2460
     00000CDE  A$lcc2460 |    00000CE0  A$lcc2460 |    00000CE1  A$lcc2460
     00000CE3  A$lcc2460 |    00000CE4  A$lcc2460 |    00000CE6  A$lcc2460
     00000CE6  C$main.c$ |    00000CE8  A$lcc2460 |    00000CE9  A$lcc2460
     00000CEB  A$lcc2460 |    00000CEC  A$lcc2460 |    00000CEE  A$lcc2460
ASxxxx Linker V03.00 + NoICE + sdld,  page 16.
Hexadecimal  [32-Bits]

Area                       Addr        Size        Decimal Bytes (Attributes)
--------------------       ----        ----        ------- ----- ------------
_CODE                  00000200    0000200D =        8205. bytes (REL,CON)

        Value  Global            Value  Global            Value  Global    
        -----  ------            -----  ------            -----  ------    
     00000CF0  A$lcc2460 |    00000CF1  A$lcc2460 |    00000CF2  A$lcc2460
     00000CF4  A$lcc2460 |    00000CF6  A$lcc2460 |    00000CF7  A$lcc2460
     00000CF9  A$lcc2460 |    00000CFA  A$lcc2460 |    00000CFB  A$lcc2460
     00000CFD  A$lcc2460 |    00000CFE  A$lcc2460 |    00000D00  A$lcc2460
     00000D02  A$lcc2460 |    00000D04  A$lcc2460 |    00000D06  A$lcc2460
     00000D08  A$lcc2460 |    00000D09  A$lcc2460 |    00000D0A  A$lcc2460
     00000D0C  A$lcc2460 |    00000D0D  A$lcc2460 |    00000D0F  A$lcc2460
     00000D0F  C$main.c$ |    00000D12  A$lcc2460 |    00000D14  A$lcc2460
     00000D17  A$lcc2460 |    00000D17  C$main.c$ |    00000D1A  A$lcc2460
     00000D1B  A$lcc2460 |    00000D1E  A$lcc2460 |    00000D1E  C$main.c$
     00000D21  A$lcc2460 |    00000D24  A$lcc2460 |    00000D24  C$main.c$
     00000D26  A$lcc2460 |    00000D27  A$lcc2460 |    00000D29  A$lcc2460
     00000D2A  A$lcc2460 |    00000D2C  A$lcc2460 |    00000D2E  A$lcc2460
     00000D2F  A$lcc2460 |    00000D30  A$lcc2460 |    00000D32  A$lcc2460
     00000D33  A$lcc2460 |    00000D34  A$lcc2460 |    00000D36  A$lcc2460
     00000D37  A$lcc2460 |    00000D39  A$lcc2460 |    00000D3A  A$lcc2460
     00000D3C  A$lcc2460 |    00000D3D  A$lcc2460 |    00000D3E  A$lcc2460
     00000D40  A$lcc2460 |    00000D41  A$lcc2460 |    00000D42  A$lcc2460
     00000D44  A$lcc2460 |    00000D45  A$lcc2460 |    00000D47  A$lcc2460
     00000D48  A$lcc2460 |    00000D49  A$lcc2460 |    00000D49  C$main.c$
     00000D4A  A$lcc2460 |    00000D4C  A$lcc2460 |    00000D4D  A$lcc2460
     00000D4F  A$lcc2460 |    00000D4F  C$main.c$ |    00000D51  A$lcc2460
     00000D53  A$lcc2460 |    00000D55  A$lcc2460 |    00000D57  A$lcc2460
     00000D59  A$lcc2460 |    00000D5B  A$lcc2460 |    00000D5D  A$lcc2460
     00000D5F  A$lcc2460 |    00000D61  A$lcc2460 |    00000D61  C$main.c$
     00000D64  A$lcc2460 |    00000D66  A$lcc2460 |    00000D68  A$lcc2460
     00000D68  C$main.c$ |    00000D6B  A$lcc2460 |    00000D6C  A$lcc2460
     00000D6E  A$lcc2460 |    00000D6E  C$main.c$ |    00000D71  A$lcc2460
     00000D73  A$lcc2460 |    00000D73  C$main.c$ |    00000D74  A$lcc2460
     00000D76  A$lcc2460 |    00000D77  A$lcc2460 |    00000D79  A$lcc2460
     00000D79  C$main.c$ |    00000D7B  A$lcc2460 |    00000D7D  A$lcc2460
     00000D7F  A$lcc2460 |    00000D81  A$lcc2460 |    00000D83  A$lcc2460
     00000D85  A$lcc2460 |    00000D87  A$lcc2460 |    00000D89  A$lcc2460
     00000D8B  A$lcc2460 |    00000D8B  C$main.c$ |    00000D8E  A$lcc2460
     00000D90  A$lcc2460 |    00000D92  A$lcc2460 |    00000D92  C$main.c$
     00000D95  A$lcc2460 |    00000D96  A$lcc2460 |    00000D98  A$lcc2460
     00000D98  C$main.c$ |    00000D9B  A$lcc2460 |    00000D9D  A$lcc2460
     00000D9D  C$main.c$ |    00000D9E  A$lcc2460 |    00000DA0  A$lcc2460
     00000DA1  A$lcc2460 |    00000DA3  A$lcc2460 |    00000DA3  C$main.c$
     00000DA5  A$lcc2460 |    00000DA7  A$lcc2460 |    00000DA9  A$lcc2460
     00000DAB  A$lcc2460 |    00000DAD  A$lcc2460 |    00000DAF  A$lcc2460
     00000DB1  A$lcc2460 |    00000DB3  A$lcc2460 |    00000DB5  A$lcc2460
     00000DB5  C$main.c$ |    00000DB8  A$lcc2460 |    00000DBA  A$lcc2460
     00000DBC  A$lcc2460 |    00000DBC  C$main.c$ |    00000DBF  A$lcc2460
     00000DC0  A$lcc2460 |    00000DC2  A$lcc2460 |    00000DC2  C$main.c$
     00000DC5  A$lcc2460 |    00000DC7  A$lcc2460 |    00000DC7  C$main.c$
     00000DC8  A$lcc2460 |    00000DCA  A$lcc2460 |    00000DCB  A$lcc2460
     00000DCD  A$lcc2460 |    00000DCD  C$main.c$ |    00000DD0  A$lcc2460
     00000DD1  A$lcc2460 |    00000DD2  A$lcc2460 |    00000DD3  A$lcc2460
     00000DD4  A$lcc2460 |    00000DD5  A$lcc2460 |    00000DD8  A$lcc2460
     00000DD9  A$lcc2460 |    00000DDB  A$lcc2460 |    00000DDB  C$main.c$
ASxxxx Linker V03.00 + NoICE + sdld,  page 17.
Hexadecimal  [32-Bits]

Area                       Addr        Size        Decimal Bytes (Attributes)
--------------------       ----        ----        ------- ----- ------------
_CODE                  00000200    0000200D =        8205. bytes (REL,CON)

        Value  Global            Value  Global            Value  Global    
        -----  ------            -----  ------            -----  ------    
     00000DDB  XG$collid |    00000DDC  A$lcc2460 |    00000DDC  C$main.c$
     00000DDC  C$main.c$ |    00000DDC  G$animate |    00000DDC  _animate_
     00000DDF  A$lcc2460 |    00000DE0  A$lcc2460 |    00000DE0  C$main.c$
     00000DE3  A$lcc2460 |    00000DE4  A$lcc2460 |    00000DE4  C$main.c$
     00000DE6  A$lcc2460 |    00000DE6  C$main.c$ |    00000DE9  A$lcc2460
     00000DEB  A$lcc2460 |    00000DED  A$lcc2460 |    00000DED  C$main.c$
     00000DF0  A$lcc2460 |    00000DF3  A$lcc2460 |    00000DF4  A$lcc2460
     00000DF5  A$lcc2460 |    00000DF6  A$lcc2460 |    00000DF8  A$lcc2460
     00000DF9  A$lcc2460 |    00000DFB  A$lcc2460 |    00000DFC  A$lcc2460
     00000DFD  A$lcc2460 |    00000DFD  C$main.c$ |    00000DFF  A$lcc2460
     00000E00  A$lcc2460 |    00000E02  A$lcc2460 |    00000E04  A$lcc2460
     00000E04  C$main.c$ |    00000E06  A$lcc2460 |    00000E07  A$lcc2460
     00000E08  A$lcc2460 |    00000E09  A$lcc2460 |    00000E0A  A$lcc2460
     00000E0D  A$lcc2460 |    00000E0E  A$lcc2460 |    00000E0F  A$lcc2460
     00000E10  A$lcc2460 |    00000E10  C$main.c$ |    00000E11  A$lcc2460
     00000E13  A$lcc2460 |    00000E14  A$lcc2460 |    00000E15  A$lcc2460
     00000E16  A$lcc2460 |    00000E17  A$lcc2460 |    00000E1A  A$lcc2460
     00000E1B  A$lcc2460 |    00000E1C  A$lcc2460 |    00000E1C  C$main.c$
     00000E1D  A$lcc2460 |    00000E1F  A$lcc2460 |    00000E21  A$lcc2460
     00000E23  A$lcc2460 |    00000E24  A$lcc2460 |    00000E26  A$lcc2460
     00000E26  C$main.c$ |    00000E27  A$lcc2460 |    00000E28  A$lcc2460
     00000E2A  A$lcc2460 |    00000E2B  A$lcc2460 |    00000E2C  A$lcc2460
     00000E2D  A$lcc2460 |    00000E30  A$lcc2460 |    00000E32  A$lcc2460
     00000E33  A$lcc2460 |    00000E33  C$main.c$ |    00000E34  A$lcc2460
     00000E36  A$lcc2460 |    00000E38  A$lcc2460 |    00000E3A  A$lcc2460
     00000E3B  A$lcc2460 |    00000E3D  A$lcc2460 |    00000E3D  C$main.c$
     00000E3E  A$lcc2460 |    00000E40  A$lcc2460 |    00000E41  A$lcc2460
     00000E42  A$lcc2460 |    00000E43  A$lcc2460 |    00000E46  A$lcc2460
     00000E48  A$lcc2460 |    00000E48  C$main.c$ |    00000E49  A$lcc2460
     00000E4B  A$lcc2460 |    00000E4B  C$main.c$ |    00000E4E  A$lcc2460
     00000E50  A$lcc2460 |    00000E52  A$lcc2460 |    00000E55  A$lcc2460
     00000E56  A$lcc2460 |    00000E57  A$lcc2460 |    00000E59  A$lcc2460
     00000E59  C$main.c$ |    00000E5B  A$lcc2460 |    00000E5B  C$main.c$
     00000E5E  A$lcc2460 |    00000E5F  A$lcc2460 |    00000E60  A$lcc2460
     00000E60  C$main.c$ |    00000E63  A$lcc2460 |    00000E65  A$lcc2460
     00000E66  A$lcc2460 |    00000E66  C$main.c$ |    00000E69  A$lcc2460
     00000E6A  A$lcc2460 |    00000E6B  A$lcc2460 |    00000E6D  A$lcc2460
     00000E6E  A$lcc2460 |    00000E71  A$lcc2460 |    00000E72  A$lcc2460
     00000E73  A$lcc2460 |    00000E76  A$lcc2460 |    00000E78  A$lcc2460
     00000E79  A$lcc2460 |    00000E7C  A$lcc2460 |    00000E7D  A$lcc2460
     00000E7E  A$lcc2460 |    00000E7E  C$main.c$ |    00000E7F  A$lcc2460
     00000E80  A$lcc2460 |    00000E82  A$lcc2460 |    00000E82  C$main.c$
     00000E85  A$lcc2460 |    00000E86  A$lcc2460 |    00000E87  A$lcc2460
     00000E89  A$lcc2460 |    00000E89  C$main.c$ |    00000E8A  A$lcc2460
     00000E8B  A$lcc2460 |    00000E8C  A$lcc2460 |    00000E8D  A$lcc2460
     00000E8F  A$lcc2460 |    00000E90  A$lcc2460 |    00000E91  A$lcc2460
     00000E92  A$lcc2460 |    00000E93  A$lcc2460 |    00000E96  A$lcc2460
     00000E98  A$lcc2460 |    00000E99  A$lcc2460 |    00000E99  C$main.c$
     00000E9A  A$lcc2460 |    00000E9C  A$lcc2460 |    00000E9C  C$main.c$
     00000E9F  A$lcc2460 |    00000EA0  A$lcc2460 |    00000EA1  A$lcc2460
     00000EA3  A$lcc2460 |    00000EA3  C$main.c$ |    00000EA4  A$lcc2460
ASxxxx Linker V03.00 + NoICE + sdld,  page 18.
Hexadecimal  [32-Bits]

Area                       Addr        Size        Decimal Bytes (Attributes)
--------------------       ----        ----        ------- ----- ------------
_CODE                  00000200    0000200D =        8205. bytes (REL,CON)

        Value  Global            Value  Global            Value  Global    
        -----  ------            -----  ------            -----  ------    
     00000EA5  A$lcc2460 |    00000EA6  A$lcc2460 |    00000EA7  A$lcc2460
     00000EA9  A$lcc2460 |    00000EAA  A$lcc2460 |    00000EAB  A$lcc2460
     00000EAC  A$lcc2460 |    00000EAD  A$lcc2460 |    00000EB0  A$lcc2460
     00000EB2  A$lcc2460 |    00000EB3  A$lcc2460 |    00000EB3  C$main.c$
     00000EB4  A$lcc2460 |    00000EB6  A$lcc2460 |    00000EB6  C$main.c$
     00000EB9  A$lcc2460 |    00000EBB  A$lcc2460 |    00000EBB  C$main.c$
     00000EBE  A$lcc2460 |    00000EC0  A$lcc2460 |    00000EC1  A$lcc2460
     00000EC1  C$main.c$ |    00000EC4  A$lcc2460 |    00000EC5  A$lcc2460
     00000EC6  A$lcc2460 |    00000EC8  A$lcc2460 |    00000EC8  C$main.c$
     00000EC9  A$lcc2460 |    00000ECA  A$lcc2460 |    00000ECB  A$lcc2460
     00000ECD  A$lcc2460 |    00000ECE  A$lcc2460 |    00000ECF  A$lcc2460
     00000ED0  A$lcc2460 |    00000ED1  A$lcc2460 |    00000ED4  A$lcc2460
     00000ED6  A$lcc2460 |    00000ED7  A$lcc2460 |    00000ED7  C$main.c$
     00000ED8  A$lcc2460 |    00000EDA  A$lcc2460 |    00000EDA  C$main.c$
     00000EDD  A$lcc2460 |    00000EDE  A$lcc2460 |    00000EDF  A$lcc2460
     00000EE0  A$lcc2460 |    00000EE0  C$main.c$ |    00000EE1  A$lcc2460
     00000EE2  A$lcc2460 |    00000EE3  A$lcc2460 |    00000EE5  A$lcc2460
     00000EE6  A$lcc2460 |    00000EE7  A$lcc2460 |    00000EE8  A$lcc2460
     00000EE9  A$lcc2460 |    00000EEC  A$lcc2460 |    00000EEE  A$lcc2460
     00000EEF  A$lcc2460 |    00000EEF  C$main.c$ |    00000EF0  A$lcc2460
     00000EF0  C$main.c$ |    00000EF0  XG$animat |    00000EF2  A$lcc2460
     00000EF2  C$main.c$ |    00000EF2  C$main.c$ |    00000EF2  G$stage_t
     00000EF2  _stage_ti |    00000EF5  A$lcc2460 |    00000EF6  A$lcc2460
     00000EF8  A$lcc2460 |    00000EFA  A$lcc2460 |    00000EFB  A$lcc2460
     00000EFC  A$lcc2460 |    00000EFD  A$lcc2460 |    00000EFF  A$lcc2460
     00000F02  A$lcc2460 |    00000F04  A$lcc2460 |    00000F06  A$lcc2460
     00000F06  C$main.c$ |    00000F09  A$lcc2460 |    00000F0A  A$lcc2460
     00000F0B  A$lcc2460 |    00000F0C  A$lcc2460 |    00000F0E  A$lcc2460
     00000F10  A$lcc2460 |    00000F12  A$lcc2460 |    00000F14  A$lcc2460
     00000F16  A$lcc2460 |    00000F18  A$lcc2460 |    00000F1A  A$lcc2460
     00000F1C  A$lcc2460 |    00000F1E  A$lcc2460 |    00000F20  A$lcc2460
     00000F21  A$lcc2460 |    00000F23  A$lcc2460 |    00000F24  A$lcc2460
     00000F24  C$main.c$ |    00000F25  A$lcc2460 |    00000F25  C$main.c$
     00000F27  A$lcc2460 |    00000F28  A$lcc2460 |    00000F2A  A$lcc2460
     00000F2B  A$lcc2460 |    00000F2C  A$lcc2460 |    00000F2D  A$lcc2460
     00000F2E  A$lcc2460 |    00000F31  A$lcc2460 |    00000F32  A$lcc2460
     00000F32  C$main.c$ |    00000F33  A$lcc2460 |    00000F35  A$lcc2460
     00000F36  A$lcc2460 |    00000F39  A$lcc2460 |    00000F3A  A$lcc2460
     00000F3B  A$lcc2460 |    00000F3D  A$lcc2460 |    00000F3E  A$lcc2460
     00000F3F  A$lcc2460 |    00000F41  A$lcc2460 |    00000F42  A$lcc2460
     00000F43  A$lcc2460 |    00000F45  A$lcc2460 |    00000F45  C$main.c$
     00000F46  A$lcc2460 |    00000F48  A$lcc2460 |    00000F49  A$lcc2460
     00000F4B  A$lcc2460 |    00000F4C  A$lcc2460 |    00000F4D  A$lcc2460
     00000F4E  A$lcc2460 |    00000F51  A$lcc2460 |    00000F53  A$lcc2460
     00000F53  C$main.c$ |    00000F56  A$lcc2460 |    00000F57  A$lcc2460
     00000F57  C$main.c$ |    00000F5A  A$lcc2460 |    00000F5B  A$lcc2460
     00000F5D  A$lcc2460 |    00000F5E  A$lcc2460 |    00000F5F  A$lcc2460
     00000F5F  C$main.c$ |    00000F62  A$lcc2460 |    00000F64  A$lcc2460
     00000F65  A$lcc2460 |    00000F65  C$main.c$ |    00000F68  A$lcc2460
     00000F68  C$main.c$ |    00000F68  C$main.c$ |    00000F68  XG$stage_
     00000F6B  A$lcc2460 |    00000F6B  C$main.c$ |    00000F6B  C$main.c$
ASxxxx Linker V03.00 + NoICE + sdld,  page 19.
Hexadecimal  [32-Bits]

Area                       Addr        Size        Decimal Bytes (Attributes)
--------------------       ----        ----        ------- ----- ------------
_CODE                  00000200    0000200D =        8205. bytes (REL,CON)

        Value  Global            Value  Global            Value  Global    
        -----  ------            -----  ------            -----  ------    
     00000F6B  G$main$0$ |    00000F6B  _main     |    00000F6D  A$lcc2460
     00000F6F  A$lcc2460 |    00000F6F  C$main.c$ |    00000F70  A$lcc2460
     00000F72  A$lcc2460 |    00000F72  C$main.c$ |    00000F73  A$lcc2460
     00000F73  C$main.c$ |    00000F76  A$lcc2460 |    00000F77  A$lcc2460
     00000F7A  A$lcc2460 |    00000F7B  A$lcc2460 |    00000F7C  A$lcc2460
     00000F7C  C$main.c$ |    00000F7E  A$lcc2460 |    00000F7F  A$lcc2460
     00000F80  A$lcc2460 |    00000F83  A$lcc2460 |    00000F84  A$lcc2460
     00000F84  C$main.c$ |    00000F85  A$lcc2460 |    00000F87  A$lcc2460
     00000F87  C$main.c$ |    00000F89  A$lcc2460 |    00000F8B  A$lcc2460
     00000F8B  C$main.c$ |    00000F8D  A$lcc2460 |    00000F8F  A$lcc2460
     00000F91  A$lcc2460 |    00000F91  C$main.c$ |    00000F93  A$lcc2460
     00000F95  A$lcc2460 |    00000F97  A$lcc2460 |    00000F97  C$main.c$
     00000F99  A$lcc2460 |    00000F9B  A$lcc2460 |    00000F9D  A$lcc2460
     00000F9D  C$main.c$ |    00000F9F  A$lcc2460 |    00000FA1  A$lcc2460
     00000FA3  A$lcc2460 |    00000FA3  C$main.c$ |    00000FA6  A$lcc2460
     00000FA8  A$lcc2460 |    00000FA8  C$main.c$ |    00000FAB  A$lcc2460
     00000FAB  C$main.c$ |    00000FAB  C$main.c$ |    00000FAE  A$lcc2460
     00000FB1  A$lcc2460 |    00000FB1  C$main.c$ |    00000FB4  A$lcc2460
     00000FB7  A$lcc2460 |    00000FB8  A$lcc2460 |    00000FB8  C$main.c$
     00000FBB  A$lcc2460 |    00000FBC  A$lcc2460 |    00000FBF  A$lcc2460
     00000FC0  A$lcc2460 |    00000FC1  A$lcc2460 |    00000FC2  A$lcc2460
     00000FC3  A$lcc2460 |    00000FC6  A$lcc2460 |    00000FC7  A$lcc2460
     00000FC7  C$main.c$ |    00000FCA  A$lcc2460 |    00000FCB  A$lcc2460
     00000FCE  A$lcc2460 |    00000FCE  C$main.c$ |    00000FD1  A$lcc2460
     00000FD2  A$lcc2460 |    00000FD5  A$lcc2460 |    00000FD5  C$main.c$
     00000FD8  A$lcc2460 |    00000FDB  A$lcc2460 |    00000FDC  A$lcc2460
     00000FDD  A$lcc2460 |    00000FDD  C$main.c$ |    00000FDE  A$lcc2460
     00000FDF  A$lcc2460 |    00000FE1  A$lcc2460 |    00000FE4  A$lcc2460
     00000FE6  A$lcc2460 |    00000FE8  A$lcc2460 |    00000FE8  C$main.c$
     00000FE8  C$main.c$ |    00000FEB  A$lcc2460 |    00000FED  A$lcc2460
     00000FEF  A$lcc2460 |    00000FF2  A$lcc2460 |    00000FF4  A$lcc2460
     00000FF6  A$lcc2460 |    00000FF9  A$lcc2460 |    00000FF9  C$main.c$
     00000FF9  C$main.c$ |    00000FFB  A$lcc2460 |    00000FFE  A$lcc2460
     00000FFE  C$main.c$ |    00001001  A$lcc2460 |    00001003  A$lcc2460
     00001003  C$main.c$ |    00001006  A$lcc2460 |    00001008  A$lcc2460
     00001008  C$main.c$ |    0000100B  A$lcc2460 |    0000100D  A$lcc2460
     0000100D  C$main.c$ |    00001010  A$lcc2460 |    00001012  A$lcc2460
     00001012  C$main.c$ |    00001014  A$lcc2460 |    00001014  C$main.c$
     00001014  C$main.c$ |    00001016  A$lcc2460 |    00001018  A$lcc2460
     00001018  C$main.c$ |    0000101B  A$lcc2460 |    0000101D  A$lcc2460
     0000101D  C$main.c$ |    00001020  A$lcc2460 |    00001022  A$lcc2460
     00001022  C$main.c$ |    00001025  A$lcc2460 |    00001027  A$lcc2460
     00001027  C$main.c$ |    0000102A  A$lcc2460 |    0000102C  A$lcc2460
     0000102C  C$main.c$ |    0000102E  A$lcc2460 |    0000102E  C$main.c$
     0000102E  C$main.c$ |    00001030  A$lcc2460 |    00001032  A$lcc2460
     00001032  C$main.c$ |    00001035  A$lcc2460 |    00001037  A$lcc2460
     00001037  C$main.c$ |    0000103A  A$lcc2460 |    0000103C  A$lcc2460
     0000103C  C$main.c$ |    0000103F  A$lcc2460 |    00001041  A$lcc2460
     00001041  C$main.c$ |    00001044  A$lcc2460 |    00001046  A$lcc2460
     00001046  C$main.c$ |    00001049  A$lcc2460 |    0000104B  A$lcc2460
     0000104B  C$main.c$ |    0000104D  A$lcc2460 |    0000104D  C$main.c$
ASxxxx Linker V03.00 + NoICE + sdld,  page 20.
Hexadecimal  [32-Bits]

Area                       Addr        Size        Decimal Bytes (Attributes)
--------------------       ----        ----        ------- ----- ------------
_CODE                  00000200    0000200D =        8205. bytes (REL,CON)

        Value  Global            Value  Global            Value  Global    
        -----  ------            -----  ------            -----  ------    
     0000104D  C$main.c$ |    00001050  A$lcc2460 |    00001051  A$lcc2460
     00001052  A$lcc2460 |    00001053  A$lcc2460 |    00001054  A$lcc2460
     00001056  A$lcc2460 |    00001058  A$lcc2460 |    00001059  A$lcc2460
     0000105B  A$lcc2460 |    0000105C  A$lcc2460 |    0000105E  A$lcc2460
     00001060  A$lcc2460 |    00001062  A$lcc2460 |    00001064  A$lcc2460
     00001065  A$lcc2460 |    00001067  A$lcc2460 |    00001069  A$lcc2460
     0000106B  A$lcc2460 |    0000106C  A$lcc2460 |    0000106E  A$lcc2460
     00001070  A$lcc2460 |    00001072  A$lcc2460 |    00001072  C$main.c$
     00001075  A$lcc2460 |    00001077  A$lcc2460 |    00001077  C$main.c$
     0000107A  A$lcc2460 |    0000107C  A$lcc2460 |    0000107C  C$main.c$
     0000107F  A$lcc2460 |    00001081  A$lcc2460 |    00001081  C$main.c$
     00001084  A$lcc2460 |    00001086  A$lcc2460 |    00001086  C$main.c$
     00001089  A$lcc2460 |    0000108B  A$lcc2460 |    0000108B  C$main.c$
     0000108B  C$main.c$ |    0000108E  A$lcc2460 |    00001090  A$lcc2460
     00001090  C$main.c$ |    00001093  A$lcc2460 |    00001094  A$lcc2460
     00001096  A$lcc2460 |    00001096  C$main.c$ |    00001099  A$lcc2460
     0000109B  A$lcc2460 |    0000109B  C$main.c$ |    0000109E  A$lcc2460
     000010A0  A$lcc2460 |    000010A1  A$lcc2460 |    000010A1  C$main.c$
     000010A3  A$lcc2460 |    000010A3  C$main.c$ |    000010A6  A$lcc2460
     000010A6  C$main.c$ |    000010A9  A$lcc2460 |    000010A9  C$main.c$
     000010AC  A$lcc2460 |    000010AD  A$lcc2460 |    000010AF  A$lcc2460
     000010AF  C$main.c$ |    000010B2  A$lcc2460 |    000010B2  C$main.c$
     000010B5  A$lcc2460 |    000010B5  C$main.c$ |    000010B8  A$lcc2460
     000010BA  A$lcc2460 |    000010BC  A$lcc2460 |    000010BC  C$main.c$
     000010BF  A$lcc2460 |    000010BF  C$main.c$ |    000010C2  A$lcc2460
     000010C2  C$main.c$ |    000010C5  A$lcc2460 |    000010C5  C$main.c$
[...]
        -----  ------            -----  ------            -----  ------    
     00000028  .MemsetSm
ASxxxx Linker V03.00 + NoICE + sdld,  page 23.
Hexadecimal  [32-Bits]

Area                       Addr        Size        Decimal Bytes (Attributes)
--------------------       ----        ----        ------- ----- ------------
_HEADER2               00000000    00000007 =           7. bytes (ABS,CON)

        Value  Global            Value  Global            Value  Global    
        -----  ------            -----  ------            -----  ------    
     00000030  .MemcpySm
ASxxxx Linker V03.00 + NoICE + sdld,  page 24.
Hexadecimal  [32-Bits]

Area                       Addr        Size        Decimal Bytes (Attributes)
--------------------       ----        ----        ------- ----- ------------
_HEADER3               00000000    00000008 =           8. bytes (ABS,CON)

        Value  Global            Value  Global            Value  Global    
        -----  ------            -----  ------            -----  ------    
ASxxxx Linker V03.00 + NoICE + sdld,  page 25.
Hexadecimal  [32-Bits]

Area                       Addr        Size        Decimal Bytes (Attributes)
--------------------       ----        ----        ------- ----- ------------
_HEADER4               00000000    0000004E =          78. bytes (ABS,CON)

        Value  Global            Value  Global            Value  Global    
        -----  ------            -----  ------            -----  ------    
     00000080  .int      |    0000008F  _wait_int |    0000009C  __standar
     000000AC  _refresh_
ASxxxx Linker V03.00 + NoICE + sdld,  page 26.
Hexadecimal  [32-Bits]

Area                       Addr        Size        Decimal Bytes (Attributes)
--------------------       ----        ----        ------- ----- ------------
_HEADER5               00000000    00000002 =           2. bytes (ABS,CON)

        Value  Global            Value  Global            Value  Global    
        -----  ------            -----  ------            -----  ------    
ASxxxx Linker V03.00 + NoICE + sdld,  page 27.
Hexadecimal  [32-Bits]

Area                       Addr        Size        Decimal Bytes (Attributes)
--------------------       ----        ----        ------- ----- ------------
_HEADER6               00000000    00000030 =          48. bytes (ABS,CON)

        Value  Global            Value  Global            Value  Global    
        -----  ------            -----  ------            -----  ------    
ASxxxx Linker V03.00 + NoICE + sdld,  page 28.
Hexadecimal  [32-Bits]

Area                       Addr        Size        Decimal Bytes (Attributes)
--------------------       ----        ----        ------- ----- ------------
_HEADER7               00000000    00000006 =           6. bytes (ABS,CON)

        Value  Global            Value  Global            Value  Global    
        -----  ------            -----  ------            -----  ------    
ASxxxx Linker V03.00 + NoICE + sdld,  page 29.
Hexadecimal  [32-Bits]

Area                       Addr        Size        Decimal Bytes (Attributes)
--------------------       ----        ----        ------- ----- ------------
_HEADER8               00000000    00000003 =           3. bytes (ABS,CON)

        Value  Global            Value  Global            Value  Global    
        -----  ------            -----  ------            -----  ------    
ASxxxx Linker V03.00 + NoICE + sdld,  page 30.
Hexadecimal  [32-Bits]

Area                       Addr        Size        Decimal Bytes (Attributes)
--------------------       ----        ----        ------- ----- ------------
_HEADER9               00000000    00000001 =           1. bytes (ABS,CON)

        Value  Global            Value  Global            Value  Global    
        -----  ------            -----  ------            -----  ------    
ASxxxx Linker V03.00 + NoICE + sdld,  page 31.
Hexadecimal  [32-Bits]

Area                       Addr        Size        Decimal Bytes (Attributes)
--------------------       ----        ----        ------- ----- ------------
_HEADERa               00000000    00000001 =           1. bytes (ABS,CON)

        Value  Global            Value  Global            Value  Global    
        -----  ------            -----  ------            -----  ------    
ASxxxx Linker V03.00 + NoICE + sdld,  page 32.
Hexadecimal  [32-Bits]

Area                       Addr        Size        Decimal Bytes (Attributes)
--------------------       ----        ----        ------- ----- ------------
_HEADERb               00000000    00000001 =           1. bytes (ABS,CON)

        Value  Global            Value  Global            Value  Global    
        -----  ------            -----  ------            -----  ------    
ASxxxx Linker V03.00 + NoICE + sdld,  page 33.
Hexadecimal  [32-Bits]

Area                       Addr        Size        Decimal Bytes (Attributes)
--------------------       ----        ----        ------- ----- ------------
_HEADERc               00000000    00000002 =           2. bytes (ABS,CON)

        Value  Global            Value  Global            Value  Global    
        -----  ------            -----  ------            -----  ------    
ASxxxx Linker V03.00 + NoICE + sdld,  page 34.
Hexadecimal  [32-Bits]

Area                       Addr        Size        Decimal Bytes (Attributes)
--------------------       ----        ----        ------- ----- ------------
_HEADERd               00000000    00000001 =           1. bytes (ABS,CON)

        Value  Global            Value  Global            Value  Global    
        -----  ------            -----  ------            -----  ------    
ASxxxx Linker V03.00 + NoICE + sdld,  page 35.
Hexadecimal  [32-Bits]

Area                       Addr        Size        Decimal Bytes (Attributes)
--------------------       ----        ----        ------- ----- ------------
_HEADERe               00000000    00000001 =           1. bytes (ABS,CON)

        Value  Global            Value  Global            Value  Global    
        -----  ------            -----  ------            -----  ------    
ASxxxx Linker V03.00 + NoICE + sdld,  page 36.
Hexadecimal  [32-Bits]

Area                       Addr        Size        Decimal Bytes (Attributes)
--------------------       ----        ----        ------- ----- ------------
_HEADERf               00000000    00000002 =           2. bytes (ABS,CON)

        Value  Global            Value  Global            Value  Global    
        -----  ------            -----  ------            -----  ------    
ASxxxx Linker V03.00 + NoICE + sdld,  page 37.
Hexadecimal  [32-Bits]

Area                       Addr        Size        Decimal Bytes (Attributes)
--------------------       ----        ----        ------- ----- ------------
_HEADER10              00000000    00000082 =         130. bytes (ABS,CON)

        Value  Global            Value  Global            Value  Global    
        -----  ------            -----  ------            -----  ------    
     00000150  .reset    |    00000150  _reset    |    00000157  .code_sta
     000001B7  _exit     |    000001BB  _set_inte
ASxxxx Linker V03.00 + NoICE + sdld,  page 38.
Hexadecimal  [32-Bits]

Area                       Addr        Size        Decimal Bytes (Attributes)
--------------------       ----        ----        ------- ----- ------------
_HEADER11              00000000    00000001 =           1. bytes (ABS,CON)

        Value  Global            Value  Global            Value  Global    
        -----  ------            -----  ------            -----  ------    
ASxxxx Linker V03.00 + NoICE + sdld,  page 39.
Hexadecimal  [32-Bits]

Area                       Addr        Size        Decimal Bytes (Attributes)
--------------------       ----        ----        ------- ----- ------------
_HOME                  0000220D    0000039E =         926. bytes (REL,CON)

        Value  Global            Value  Global            Value  Global    
        -----  ------            -----  ------            -----  ------    
     0000220D  .memset_s |    00002216  .memcpy_s |    00002233  .remove_V
     00002236  .remove_i |    00002253  .add_VBL  |    00002256  .add_int 
     00002261  .wait_vbl |    00002261  _wait_vbl |    00002271  .display_
     00002271  _display_ |    00002289  _remove_V |    00002294  _add_VBL 
     0000229F  _set_tile |    000022A4  _set_bkg_ |    000022A4  _set_win_
     000022AC  _set_spri |    000022DC  .padup    |    000022DC  _waitpadu
     000022EC  .jpad     |    000022EC  _joypad   |    00002314  _waitpad 
     00002317  .wait_pad |    0000231E  ___sdcc_c |    0000234E  _add_LCD 
     00002359  .add_LCD  |    0000235F  _remove_L |    0000236A  .remove_L
     00002370  __divsuch |    0000237D  __modsuch |    00002387  __divusch
     00002399  __modusch |    000023A9  __divscha |    000023B5  __modscha
     000023BF  __divsint |    000023D0  __modsint |    000023DF  __divucha
     000023EB  __moducha |    000023F5  __divuint |    00002406  __moduint
     00002415  .div8     |    00002415  .mod8     |    0000241D  .div16   
     0000241D  .mod16    |    00002453  .divu8    |    00002453  .modu8   
     00002456  .divu16   |    00002456  .modu16   |    00002497  _set_bkg_
     000024AB  _uitoa    |    000024BA  _itoa     |    000024C9  .itoa    
     000024DD  .utoa     |    00002551  .set_xy_w |    0000255A  .set_xy_b
     00002569  .set_xy_t
ASxxxx Linker V03.00 + NoICE + sdld,  page 40.
Hexadecimal  [32-Bits]

Area                       Addr        Size        Decimal Bytes (Attributes)
--------------------       ----        ----        ------- ----- ------------
_CODE_0                000025AB    00000440 =        1088. bytes (REL,CON)

        Value  Global            Value  Global            Value  Global    
        -----  ------            -----  ------            -----  ------    
     000025AB  G$FONT$0_ |    000025AB  _FONT    
ASxxxx Linker V03.00 + NoICE + sdld,  page 41.
Hexadecimal  [32-Bits]

Area                       Addr        Size        Decimal Bytes (Attributes)
--------------------       ----        ----        ------- ----- ------------
_INITIALIZER           000029EB    0000004B =          75. bytes (REL,CON)

        Value  Global            Value  Global            Value  Global    
        -----  ------            -----  ------            -----  ------    
     000029EB  Fmain$__x |    00002A0F  Fmain$__x |    00002A12  Fmain$__x
     00002A16  Fmain$__x |    00002A1A  Fmain$__x |    00002A21  Fmain$__x
     00002A22  Fmain$__x |    00002A27  Fmain$__x |    00002A2C  Fmain$__x
     00002A33  Fmain$__x
ASxxxx Linker V03.00 + NoICE + sdld,  page 42.
Hexadecimal  [32-Bits]

Area                       Addr        Size        Decimal Bytes (Attributes)
--------------------       ----        ----        ------- ----- ------------
_GSINIT                00002A36    0000000C =          12. bytes (REL,CON)

        Value  Global            Value  Global            Value  Global    
        -----  ------            -----  ------            -----  ------    
     00002A36  gsinit   
ASxxxx Linker V03.00 + NoICE + sdld,  page 43.
Hexadecimal  [32-Bits]

Area                       Addr        Size        Decimal Bytes (Attributes)
--------------------       ----        ----        ------- ----- ------------
_GSFINAL               00002A42    00000001 =           1. bytes (REL,CON)

        Value  Global            Value  Global            Value  Global    
        -----  ------            -----  ------            -----  ------    
ASxxxx Linker V03.00 + NoICE + sdld,  page 44.
Hexadecimal  [32-Bits]

Area                       Addr        Size        Decimal Bytes (Attributes)
--------------------       ----        ----        ------- ----- ------------
_DATA                  0000C0A0    00000071 =         113. bytes (REL,CON)

        Value  Global            Value  Global            Value  Global    
        -----  ------            -----  ------            -----  ------    
     0000C0A0  __cpu     |    0000C0A1  __is_GBA  |    0000C0A2  .mode    
     0000C0A3  .sys_time |    0000C0A3  _sys_time |    0000C0A5  .int_0x40
     0000C0B9  G$scroll$ |    0000C0B9  _scroll   |    0000C0C3  G$PLAYER$
     0000C0C3  _PLAYER   |    0000C0CA  G$joy$0_0 |    0000C0CA  _joy     
     0000C0CB  G$last_jo |    0000C0CB  _last_joy |    0000C0CC  G$is_movi
     0000C0CC  _is_movin |    0000C0CD  G$turtles |    0000C0CD  _turtles_
     0000C0CE  G$is_anim |    0000C0CE  _is_anima |    0000C0CF  G$move_x$
     0000C0CF  _move_x   |    0000C0D0  G$move_y$ |    0000C0D0  _move_y  
     0000C0D1  G$scx_cou |    0000C0D1  _scx_coun |    0000C0D2  G$turtle_
     0000C0D2  _turtle_c |    0000C0D3  G$dive_co |    0000C0D3  _dive_cou
     0000C0D4  G$timer$0 |    0000C0D4  _timer    |    0000C0D6  G$timer_t
     0000C0D6  _timer_ti |    0000C0D7  G$GAMESTA |    0000C0D7  _GAMESTAT
     0000C0D8  G$turtle_ |    0000C0D8  _turtle_t |    0000C0D9  G$dive_ti
     0000C0D9  _dive_til |    0000C0DA  G$y_min$0 |    0000C0DA  _y_min   
     0000C0DB  G$vram_ad |    0000C0DB  _vram_add |    0000C0DD  G$score$0
     0000C0DD  _score    |    0000C0DF  G$score_b |    0000C0DF  _score_bu
     0000C0E4  G$current |    0000C0E4  _current_ |    0000C0E5  G$level_b
     0000C0E5  _level_bu |    0000C0FD  G$animati |    0000C0FD  _animatio
     0000C0FE  ___curren |    0000C100  ___curren |    0000C101  .int_0x48
ASxxxx Linker V03.00 + NoICE + sdld,  page 45.
Hexadecimal  [32-Bits]

Area                       Addr        Size        Decimal Bytes (Attributes)
--------------------       ----        ----        ------- ----- ------------
_INITIALIZED           0000C111    0000004B =          75. bytes (REL,CON)

        Value  Global            Value  Global            Value  Global    
        -----  ------            -----  ------            -----  ------    
     0000C111  G$scroll_ |    0000C111  _scroll_r |    0000C135  G$turtle_
     0000C135  _turtle_d |    0000C138  G$turtle_ |    0000C138  _turtle_d
     0000C13C  G$turtle_ |    0000C13C  _turtle_t |    0000C140  G$dive_ti
     0000C140  _dive_til |    0000C147  G$lives$0 |    0000C147  _lives   
     0000C148  G$PLAYER1 |    0000C148  _PLAYER1U |    0000C14D  G$PLAYER2
     0000C14D  _PLAYER2U |    0000C152  G$level_t |    0000C152  _level_te
     0000C159  G$animati |    0000C159  _animatio |    0000C15A  ___render
     0000C15B  __map_til
ASxxxx Linker V03.00 + NoICE + sdld,  page 46.
Hexadecimal  [32-Bits]

Area                       Addr        Size        Decimal Bytes (Attributes)
--------------------       ----        ----        ------- ----- ------------
_HRAM12                00000000    00000003 =           3. bytes (ABS,CON)

        Value  Global            Value  Global            Value  Global    
        -----  ------            -----  ------            -----  ------    
     0000FF90  __current |    0000FF92  __shadow_
ASxxxx Linker V03.00 + NoICE + sdld,  page 47.
Hexadecimal  [32-Bits]

Area                       Addr        Size        Decimal Bytes (Attributes)
--------------------       ----        ----        ------- ----- ------------
_CODE_1                00014000    0000023E =         574. bytes (REL,CON)

        Value  Global            Value  Global            Value  Global    
        -----  ------            -----  ------            -----  ------    
     00014000  C$frogger |    00014000  G$__func_ |    00014000  G$frogger
     00014000  ___func_f |    00014000  _frogger_ |    0001400A  G$frogger
     0001400A  _frogger_ |    0001418A  G$frogger |    0001418A  _frogger_
     00014196  G$frogger |    00014196  _frogger_ |    000141A2  G$frogger
     000141A2  _frogger_ |    000141AE  G$frogger |    000141AE  _frogger_
     000141BA  G$frogger |    000141BA  _frogger_ |    000141C6  G$frogger
     000141C6  _frogger_ |    000141D2  G$frogger |    000141D2  _frogger_
     000141DE  G$frogger |    000141DE  _frogger_ |    000141E8  C$frogger
     000141E8  G$__func_ |    000141E8  G$frogger |    000141E8  ___func_f
     000141E8  _frogger_ |    000141F0  G$frogger |    000141F0  _frogger_
     00014230  G$frogger |    00014230  _frogger_ |    0001423C  G$frogger
     0001423C  _frogger_
ASxxxx Linker V03.00 + NoICE + sdld,  page 48.
Hexadecimal  [32-Bits]

Area                       Addr        Size        Decimal Bytes (Attributes)
--------------------       ----        ----        ------- ----- ------------
_HEADER_LCD0           00000000    00000003 =           3. bytes (ABS,CON)

        Value  Global            Value  Global            Value  Global    
        -----  ------            -----  ------            -----  ------    
ASxxxx Linker V03.00 + NoICE + sdld,  page 49.

Files Linked                              [ module(s) ]

C:\c_code\gbdk\lib/small/asxxxx/gb/crt0.o
                                          [ Runtime ]
C:\Users\EMART~1\AppData\Local\Temp/lcc246040.rel
                                          [ main ]
C:\Users\EMART~1\AppData\Local\Temp/lcc246041.rel
                                          [ bkg_map ]
C:\Users\EMART~1\AppData\Local\Temp/lcc246042.rel
                                          [ bkg_tiles ]
C:\Users\EMART~1\AppData\Local\Temp/lcc246043.rel
                                          [ collision_map ]
C:\Users\EMART~1\AppData\Local\Temp/lcc246044.rel
                                          [ font ]
C:\Users\EMART~1\AppData\Local\Temp/lcc246045.rel
                                          [ frog_lives ]
C:\Users\EMART~1\AppData\Local\Temp/lcc246046.rel
                                          [ frogger ]
C:\Users\EMART~1\AppData\Local\Temp/lcc246047.rel
                                          [ frogger_16 ]
C:\Users\EMART~1\AppData\Local\Temp/lcc246048.rel
                                          [ reset_timer ]
C:\Users\EMART~1\AppData\Local\Temp/lcc246049.rel
                                          [ win_frog ]


Libraries Linked                          [ object file ]

C:\c_code\gbdk\lib/small/asxxxx/gb/gb.lib
                                          [ sfr.o ]
C:\c_code\gbdk\lib/small/asxxxx/gb/gb.lib
                                          [ get_tile.o ]
C:\c_code\gbdk\lib/small/asxxxx/gb/gb.lib
                                          [ set_tile.o ]
C:\c_code\gbdk\lib/small/asxxxx/gb/gb.lib
                                          [ metasprites_hide.o ]
C:\c_code\gbdk\lib/small/asxxxx/gb/gb.lib
                                          [ set_data.o ]
C:\c_code\gbdk\lib/small/asxxxx/gb/gb.lib
                                          [ metasprites_flip.o ]
C:\c_code\gbdk\lib/small/asxxxx/gbz80/gbz80.lib
                                          [ sprintf.o ]
C:\c_code\gbdk\lib/small/asxxxx/gb/gb.lib
                                          [ pad.o ]
C:\c_code\gbdk\lib/small/asxxxx/gb/gb.lib
                                          [ metasprites.o ]
C:\c_code\gbdk\lib/small/asxxxx/gbz80/gbz80.lib
                                          [ __sdcc_call_hl.o ]
C:\c_code\gbdk\lib/small/asxxxx/gb/gb.lib
                                          [ lcd.o ]
C:\c_code\gbdk\lib/small/asxxxx/gb/gb.lib
                                          [ get_addr.o ]
C:\c_code\gbdk\lib/small/asxxxx/gbz80/gbz80.lib
                                          [ div.o ]
C:\c_code\gbdk\lib/small/asxxxx/gb/gb.lib
                                          [ set_bk_t.o ]
C:\c_code\gbdk\lib/small/asxxxx/gbz80/gbz80.lib
                                          [ itoa.o ]
C:\c_code\gbdk\lib/small/asxxxx/gb/gb.lib
                                          [ set_xy_t.o ]

ASxxxx Linker V03.00 + NoICE + sdld,  page 50.

User Base Address Definitions

_DATA=0xC0A0
_CODE=0x0200
ASxxxx Linker V03.00 + NoICE + sdld,  page 51.

User Global Definitions

_shadow_OAM=0xC000
.STACK=0xE000
.refresh_OAM=0xFF80

