ASxxxx Linker V03.00 + NoICE + sdld,  page 1.
Hexadecimal  [32-Bits]

Area                       Addr        Size        Decimal Bytes (Attributes)
--------------------       ----        ----        ------- ----- ------------
.  .ABS.               00000000    00000000 =           0. bytes (ABS,CON)

        Value  Global            Value  Global            Value  Global    
        -----  ------            -----  ------            -----  ------    
     00000000  .__.ABS.  |    00000000  _rRAMG    |    00000000  l__BASE  
     00000000  l__BSS    |    00000000  l__CABS   |    00000000  l__DABS  
     00000000  l__HEADER |    00000000  l__HEADER |    00000000  l__HEAP  
     00000000  l__HRAM   |    00000000  l__LIT    |    00000000  s__CABS  
     00000000  s__DABS   |    00000000  s__HEADER |    00000000  s__HEADER
     00000000  s__HEADER |    00000000  s__HEADER |    00000000  s__HEADER
     00000000  s__HEADER |    00000000  s__HEADER |    00000000  s__HEADER
     00000000  s__HEADER |    00000000  s__HEADER |    00000000  s__HEADER
     00000000  s__HEADER |    00000000  s__HEADER |    00000000  s__HEADER
     00000000  s__HEADER |    00000000  s__HEADER |    00000000  s__HEADER
     00000000  s__HEADER |    00000000  s__HEADER |    00000000  s__HEADER
     00000000  s__HEADER |    00000000  s__HRAM   |    00000000  s__HRAM12
     00000001  ___bank_f |    00000001  ___bank_f |    00000001  l__GSFINA
     00000001  l__HEADER |    00000001  l__HEADER |    00000001  l__HEADER
     00000001  l__HEADER |    00000001  l__HEADER |    00000001  l__HEADER
     00000001  l__HEADER |    00000002  l__HEADER |    00000002  l__HEADER
     00000002  l__HEADER |    00000003  l__HEADER |    00000003  l__HEADER
     00000003  l__HRAM12 |    00000005  l__HEADER |    00000006  l__HEADER
     00000007  l__HEADER |    00000008  l__HEADER |    0000000C  l__GSINIT
     00000030  l__HEADER |    00000037  l__INITIA |    00000037  l__INITIA
     0000004F  l__HEADER |    00000051  l__DATA   |    00000082  l__HEADER
     000000AC  l__CODE_1 |    00000200  s__CODE   |    0000039A  l__HOME  
     00000440  l__CODE_0 |    00001A12  l__CODE   |    00001C12  s__HOME  
     00001FAC  s__BASE   |    00001FAC  s__CODE_0 |    00002000  _rROMB0  
     000023EC  s__INITIA |    000023EC  s__LIT    |    00002423  s__GSINIT
     0000242F  s__GSFINA |    00003000  _rROMB1   |    00004000  _rRAMB   
     00008000  __VRAM    |    00008000  __VRAM800 |    00008800  __VRAM880
     00009000  __VRAM900 |    00009800  __SCRN0   |    00009C00  __SCRN1  
     0000A000  __SRAM    |    0000C000  __RAM     |    0000C000  _shadow_O
     0000C0A0  s__DATA   |    0000C0F1  s__BSS    |    0000C0F1  s__INITIA
     0000C128  s__HEAP   |    0000D000  __RAMBANK |    0000E000  .STACK   
     0000FE00  __OAMRAM  |    0000FF00  _P1_REG   |    0000FF00  __IO     
     0000FF01  _SB_REG   |    0000FF02  _SC_REG   |    0000FF04  _DIV_REG 
     0000FF05  _TIMA_REG |    0000FF06  _TMA_REG  |    0000FF07  _TAC_REG 
     0000FF0F  _IF_REG   |    0000FF10  _NR10_REG |    0000FF11  _NR11_REG
     0000FF12  _NR12_REG |    0000FF13  _NR13_REG |    0000FF14  _NR14_REG
     0000FF16  _NR21_REG |    0000FF17  _NR22_REG |    0000FF18  _NR23_REG
     0000FF19  _NR24_REG |    0000FF1A  _NR30_REG |    0000FF1B  _NR31_REG
     0000FF1C  _NR32_REG |    0000FF1D  _NR33_REG |    0000FF1E  _NR34_REG
     0000FF20  _NR41_REG |    0000FF21  _NR42_REG |    0000FF22  _NR43_REG
     0000FF23  _NR44_REG |    0000FF24  _NR50_REG |    0000FF25  _NR51_REG
     0000FF26  _NR52_REG |    0000FF30  _PCM_SAMP |    0000FF30  __AUD3WAV
     0000FF40  _LCDC_REG |    0000FF41  _STAT_REG |    0000FF42  _SCY_REG 
     0000FF43  _SCX_REG  |    0000FF44  _LY_REG   |    0000FF45  _LYC_REG 
     0000FF46  _DMA_REG  |    0000FF47  _BGP_REG  |    0000FF48  _OBP0_REG
     0000FF49  _OBP1_REG |    0000FF4A  _WY_REG   |    0000FF4B  _WX_REG  
     0000FF4D  _KEY1_REG |    0000FF4F  _VBK_REG  |    0000FF51  _HDMA1_RE
     0000FF52  _HDMA2_RE |    0000FF53  _HDMA3_RE |    0000FF54  _HDMA4_RE
     0000FF55  _HDMA5_RE |    0000FF56  _RP_REG   |    0000FF68  _BCPS_REG
     0000FF69  _BCPD_REG |    0000FF6A  _OCPS_REG |    0000FF6B  _OCPD_REG
ASxxxx Linker V03.00 + NoICE + sdld,  page 2.
Hexadecimal  [32-Bits]

Area                       Addr        Size        Decimal Bytes (Attributes)
--------------------       ----        ----        ------- ----- ------------
.  .ABS.               00000000    00000000 =           0. bytes (ABS,CON)

        Value  Global            Value  Global            Value  Global    
        -----  ------            -----  ------            -----  ------    
     0000FF70  _SVBK_REG |    0000FF76  _PCM12_RE |    0000FF77  _PCM34_RE
     0000FF80  .refresh_ |    0000FF80  __HRAM    |    0000FFFF  _IE_REG  
     00014000  s__CODE_1
ASxxxx Linker V03.00 + NoICE + sdld,  page 3.
Hexadecimal  [32-Bits]

Area                       Addr        Size        Decimal Bytes (Attributes)
--------------------       ----        ----        ------- ----- ------------
_CODE                  00000200    00001A12 =        6674. bytes (REL,CON)

        Value  Global            Value  Global            Value  Global    
        -----  ------            -----  ------            -----  ------    
     00000200  A$lcc2192 |    00000200  C$main.c$ |    00000200  C$main.c$
     00000200  G$update_ |    00000200  _update_s |    00000203  A$lcc2192
     00000204  A$lcc2192 |    00000207  A$lcc2192 |    00000208  A$lcc2192
     0000020B  A$lcc2192 |    0000020C  A$lcc2192 |    0000020D  A$lcc2192
     0000020E  A$lcc2192 |    0000020E  C$main.c$ |    00000211  A$lcc2192
     00000212  A$lcc2192 |    00000213  A$lcc2192 |    00000214  A$lcc2192
     00000215  A$lcc2192 |    00000218  A$lcc2192 |    00000219  A$lcc2192
     0000021C  A$lcc2192 |    0000021D  A$lcc2192 |    00000220  A$lcc2192
     00000222  A$lcc2192 |    00000222  C$main.c$ |    00000225  A$lcc2192
     00000226  A$lcc2192 |    00000227  A$lcc2192 |    00000228  A$lcc2192
     00000228  C$main.c$ |    0000022A  A$lcc2192 |    0000022B  A$lcc2192
     0000022C  A$lcc2192 |    0000022F  A$lcc2192 |    00000230  A$lcc2192
     00000231  A$lcc2192 |    00000232  A$lcc2192 |    00000233  A$lcc2192
     00000236  A$lcc2192 |    00000238  A$lcc2192 |    00000238  C$main.c$
     0000023B  A$lcc2192 |    0000023C  A$lcc2192 |    0000023E  A$lcc2192
     0000023F  A$lcc2192 |    00000240  A$lcc2192 |    00000240  C$main.c$
     00000241  A$lcc2192 |    00000241  C$main.c$ |    00000241  XG$update
     00000243  Fmain$__s |    00000246  A$lcc2192 |    00000246  C$main.c$
     00000246  C$main.c$ |    00000246  G$reset_f |    00000246  _reset_fr
     00000249  A$lcc2192 |    0000024B  A$lcc2192 |    0000024B  C$main.c$
     0000024E  A$lcc2192 |    00000250  A$lcc2192 |    00000253  A$lcc2192
     00000255  A$lcc2192 |    00000255  C$main.c$ |    00000258  A$lcc2192
     0000025A  A$lcc2192 |    0000025B  A$lcc2192 |    0000025D  A$lcc2192
     0000025D  C$main.c$ |    00000260  A$lcc2192 |    00000261  A$lcc2192
     00000262  A$lcc2192 |    00000264  A$lcc2192 |    00000265  A$lcc2192
     00000267  A$lcc2192 |    00000267  C$main.c$ |    00000268  A$lcc2192
     0000026B  A$lcc2192 |    0000026B  C$main.c$ |    0000026E  A$lcc2192
     00000270  A$lcc2192 |    00000271  A$lcc2192 |    00000272  A$lcc2192
     00000275  A$lcc2192 |    00000276  A$lcc2192 |    00000279  A$lcc2192
     0000027A  A$lcc2192 |    0000027B  A$lcc2192 |    0000027C  A$lcc2192
     0000027D  A$lcc2192 |    00000280  A$lcc2192 |    00000281  A$lcc2192
     00000282  A$lcc2192 |    00000283  A$lcc2192 |    00000286  A$lcc2192
     00000288  A$lcc2192 |    00000289  A$lcc2192 |    0000028A  A$lcc2192
     0000028B  A$lcc2192 |    0000028C  A$lcc2192 |    0000028D  A$lcc2192
     0000028E  A$lcc2192 |    0000028F  A$lcc2192 |    00000290  A$lcc2192
     00000293  A$lcc2192 |    00000295  A$lcc2192 |    00000295  C$main.c$
     00000295  C$main.c$ |    00000295  XG$reset_ |    00000296  A$lcc2192
     00000296  C$main.c$ |    00000296  C$main.c$ |    00000296  G$init_le
     00000296  _init_lev |    00000299  A$lcc2192 |    0000029A  A$lcc2192
     0000029D  A$lcc2192 |    0000029E  A$lcc2192 |    000002A1  A$lcc2192
     000002A3  A$lcc2192 |    000002A3  C$main.c$ |    000002A6  A$lcc2192
     000002A7  A$lcc2192 |    000002AA  A$lcc2192 |    000002AB  A$lcc2192
     000002AE  A$lcc2192 |    000002B0  A$lcc2192 |    000002B0  C$main.c$
     000002B3  A$lcc2192 |    000002B4  A$lcc2192 |    000002B7  A$lcc2192
     000002B8  A$lcc2192 |    000002BB  A$lcc2192 |    000002BD  A$lcc2192
     000002BD  C$main.c$ |    000002C0  A$lcc2192 |    000002C1  A$lcc2192
     000002C4  A$lcc2192 |    000002C5  A$lcc2192 |    000002C6  A$lcc2192
     000002C7  A$lcc2192 |    000002C8  A$lcc2192 |    000002CB  A$lcc2192
     000002CD  A$lcc2192 |    000002CD  C$main.c$ |    000002D0  A$lcc2192
     000002D2  A$lcc2192 |    000002D2  C$main.c$ |    000002D3  A$lcc2192
ASxxxx Linker V03.00 + NoICE + sdld,  page 4.
Hexadecimal  [32-Bits]

Area                       Addr        Size        Decimal Bytes (Attributes)
--------------------       ----        ----        ------- ----- ------------
_CODE                  00000200    00001A12 =        6674. bytes (REL,CON)

        Value  Global            Value  Global            Value  Global    
        -----  ------            -----  ------            -----  ------    
     000002D6  A$lcc2192 |    000002D7  A$lcc2192 |    000002D8  A$lcc2192
     000002D8  C$main.c$ |    000002DB  A$lcc2192 |    000002DB  C$main.c$
     000002DB  C$main.c$ |    000002DB  XG$init_l |    000002DE  A$lcc2192
     000002DE  C$main.c$ |    000002DE  G$move_fr |    000002DE  _move_fro
     000002DF  A$lcc2192 |    000002E0  A$lcc2192 |    000002E0  C$main.c$
     000002E3  A$lcc2192 |    000002E4  A$lcc2192 |    000002E6  A$lcc2192
     000002E6  C$main.c$ |    000002E9  A$lcc2192 |    000002EA  A$lcc2192
     000002EC  A$lcc2192 |    000002ED  A$lcc2192 |    000002EE  A$lcc2192
     000002EF  A$lcc2192 |    000002F0  A$lcc2192 |    000002F3  A$lcc2192
     000002F5  A$lcc2192 |    000002F7  A$lcc2192 |    000002FA  A$lcc2192
     000002FC  A$lcc2192 |    000002FF  A$lcc2192 |    00000300  A$lcc2192
     00000301  A$lcc2192 |    00000302  A$lcc2192 |    00000303  A$lcc2192
     00000304  A$lcc2192 |    00000307  A$lcc2192 |    00000308  A$lcc2192
     00000309  A$lcc2192 |    0000030A  A$lcc2192 |    0000030D  A$lcc2192
     0000030F  A$lcc2192 |    00000310  A$lcc2192 |    00000313  A$lcc2192
     00000314  A$lcc2192 |    00000315  A$lcc2192 |    00000316  A$lcc2192
     00000319  A$lcc2192 |    0000031A  A$lcc2192 |    0000031B  A$lcc2192
     0000031C  A$lcc2192 |    0000031F  A$lcc2192 |    00000321  A$lcc2192
     00000323  A$lcc2192 |    00000324  A$lcc2192 |    00000325  A$lcc2192
     00000326  A$lcc2192 |    00000327  A$lcc2192 |    00000329  A$lcc2192
     0000032A  A$lcc2192 |    0000032D  A$lcc2192 |    0000032F  A$lcc2192
     0000032F  C$main.c$ |    00000331  A$lcc2192 |    00000331  C$main.c$
     00000334  A$lcc2192 |    00000335  A$lcc2192 |    00000337  A$lcc2192
     00000337  C$main.c$ |    0000033A  A$lcc2192 |    0000033B  A$lcc2192
     0000033C  A$lcc2192 |    0000033D  A$lcc2192 |    00000340  A$lcc2192
     00000342  A$lcc2192 |    00000344  A$lcc2192 |    00000347  A$lcc2192
     00000349  A$lcc2192 |    0000034C  A$lcc2192 |    0000034D  A$lcc2192
     0000034E  A$lcc2192 |    0000034F  A$lcc2192 |    00000352  A$lcc2192
     00000353  A$lcc2192 |    00000354  A$lcc2192 |    00000355  A$lcc2192
     00000358  A$lcc2192 |    00000359  A$lcc2192 |    0000035C  A$lcc2192
     0000035D  A$lcc2192 |    0000035E  A$lcc2192 |    0000035F  A$lcc2192
     00000360  A$lcc2192 |    00000363  A$lcc2192 |    00000364  A$lcc2192
     00000365  A$lcc2192 |    00000366  A$lcc2192 |    00000369  A$lcc2192
     0000036B  A$lcc2192 |    0000036C  A$lcc2192 |    0000036D  A$lcc2192
     0000036E  A$lcc2192 |    0000036F  A$lcc2192 |    00000370  A$lcc2192
     00000371  A$lcc2192 |    00000372  A$lcc2192 |    00000373  A$lcc2192
     00000376  A$lcc2192 |    00000378  A$lcc2192 |    00000378  C$main.c$
     00000379  A$lcc2192 |    0000037A  A$lcc2192 |    0000037A  C$main.c$
     0000037A  XG$move_f |    0000037B  A$lcc2192 |    0000037B  C$main.c$
     0000037B  C$main.c$ |    0000037B  G$update_ |    0000037B  _update_m
     0000037E  A$lcc2192 |    0000037F  A$lcc2192 |    00000381  A$lcc2192
     00000381  C$main.c$ |    00000384  A$lcc2192 |    00000384  C$main.c$
     00000387  A$lcc2192 |    00000389  A$lcc2192 |    0000038B  A$lcc2192
     0000038E  A$lcc2192 |    00000390  A$lcc2192 |    00000393  A$lcc2192
     00000394  A$lcc2192 |    00000397  A$lcc2192 |    00000398  A$lcc2192
     00000399  A$lcc2192 |    0000039A  A$lcc2192 |    0000039A  C$main.c$
     0000039D  A$lcc2192 |    0000039E  A$lcc2192 |    000003A0  A$lcc2192
     000003A0  C$main.c$ |    000003A3  A$lcc2192 |    000003A3  C$main.c$
     000003A6  A$lcc2192 |    000003A8  A$lcc2192 |    000003AA  A$lcc2192
     000003AD  A$lcc2192 |    000003AF  A$lcc2192 |    000003B2  A$lcc2192
     000003B3  A$lcc2192 |    000003B6  A$lcc2192 |    000003B7  A$lcc2192
ASxxxx Linker V03.00 + NoICE + sdld,  page 5.
Hexadecimal  [32-Bits]

Area                       Addr        Size        Decimal Bytes (Attributes)
--------------------       ----        ----        ------- ----- ------------
_CODE                  00000200    00001A12 =        6674. bytes (REL,CON)

        Value  Global            Value  Global            Value  Global    
        -----  ------            -----  ------            -----  ------    
     000003B8  A$lcc2192 |    000003B9  A$lcc2192 |    000003B9  C$main.c$
     000003BC  A$lcc2192 |    000003BD  A$lcc2192 |    000003BF  A$lcc2192
     000003C2  A$lcc2192 |    000003C3  A$lcc2192 |    000003C4  A$lcc2192
     000003C4  C$main.c$ |    000003C7  A$lcc2192 |    000003C9  A$lcc2192
     000003C9  C$main.c$ |    000003CC  A$lcc2192 |    000003CD  A$lcc2192
     000003CE  A$lcc2192 |    000003CF  A$lcc2192 |    000003D2  A$lcc2192
     000003D3  A$lcc2192 |    000003D5  A$lcc2192 |    000003D6  A$lcc2192
     000003D7  A$lcc2192 |    000003D8  A$lcc2192 |    000003D9  A$lcc2192
     000003DA  A$lcc2192 |    000003DB  A$lcc2192 |    000003DD  A$lcc2192
     000003DF  A$lcc2192 |    000003E1  A$lcc2192 |    000003E3  A$lcc2192
     000003E4  A$lcc2192 |    000003E6  A$lcc2192 |    000003E8  A$lcc2192
     000003EA  A$lcc2192 |    000003EB  A$lcc2192 |    000003EC  A$lcc2192
     000003EC  C$main.c$ |    000003EF  A$lcc2192 |    000003F0  A$lcc2192
     000003F2  A$lcc2192 |    000003F3  A$lcc2192 |    000003F4  A$lcc2192
     000003F6  A$lcc2192 |    000003F7  A$lcc2192 |    000003F7  C$main.c$
     000003FA  A$lcc2192 |    000003FA  C$main.c$ |    000003FD  A$lcc2192
     00000400  A$lcc2192 |    00000400  C$main.c$ |    00000400  XG$update
     00000401  A$lcc2192 |    00000401  C$main.c$ |    00000401  C$main.c$
     00000401  G$paralla |    00000401  _parallax |    00000403  A$lcc2192
     00000404  A$lcc2192 |    00000406  A$lcc2192 |    00000408  A$lcc2192
     0000040A  A$lcc2192 |    0000040C  A$lcc2192 |    0000040E  A$lcc2192
     00000410  A$lcc2192 |    00000412  A$lcc2192 |    00000414  A$lcc2192
     00000416  A$lcc2192 |    00000418  A$lcc2192 |    0000041A  A$lcc2192
     0000041C  A$lcc2192 |    0000041E  A$lcc2192 |    00000420  A$lcc2192
     00000422  A$lcc2192 |    00000424  A$lcc2192 |    00000426  A$lcc2192
     00000428  A$lcc2192 |    0000042B  A$lcc2192 |    0000042D  A$lcc2192
     00000430  A$lcc2192 |    00000432  A$lcc2192 |    00000435  A$lcc2192
     00000437  A$lcc2192 |    0000043A  A$lcc2192 |    0000043B  A$lcc2192
     0000043B  C$main.c$ |    0000043C  A$lcc2192 |    0000043E  A$lcc2192
     0000043F  A$lcc2192 |    00000441  A$lcc2192 |    00000441  C$main.c$
     00000443  A$lcc2192 |    00000445  A$lcc2192 |    00000445  C$main.c$
     00000446  A$lcc2192 |    00000446  C$main.c$ |    00000449  A$lcc2192
     0000044B  A$lcc2192 |    0000044C  A$lcc2192 |    0000044E  A$lcc2192
     0000044E  C$main.c$ |    00000450  A$lcc2192 |    00000452  A$lcc2192
     00000452  C$main.c$ |    00000453  A$lcc2192 |    00000453  C$main.c$
     00000456  A$lcc2192 |    00000458  A$lcc2192 |    00000459  A$lcc2192
     0000045B  A$lcc2192 |    0000045B  C$main.c$ |    0000045D  A$lcc2192
     0000045F  A$lcc2192 |    0000045F  C$main.c$ |    00000460  A$lcc2192
     00000460  C$main.c$ |    00000463  A$lcc2192 |    00000465  A$lcc2192
     00000466  A$lcc2192 |    00000468  A$lcc2192 |    00000468  C$main.c$
     0000046A  A$lcc2192 |    0000046C  A$lcc2192 |    0000046C  C$main.c$
     0000046D  A$lcc2192 |    0000046D  C$main.c$ |    00000470  A$lcc2192
     00000472  A$lcc2192 |    00000473  A$lcc2192 |    00000475  A$lcc2192
     00000475  C$main.c$ |    00000477  A$lcc2192 |    00000479  A$lcc2192
     00000479  C$main.c$ |    0000047A  A$lcc2192 |    0000047A  C$main.c$
     0000047D  A$lcc2192 |    0000047F  A$lcc2192 |    00000480  A$lcc2192
     00000482  A$lcc2192 |    00000482  C$main.c$ |    00000484  A$lcc2192
     00000486  A$lcc2192 |    00000486  C$main.c$ |    00000487  A$lcc2192
     00000487  C$main.c$ |    00000488  A$lcc2192 |    0000048A  A$lcc2192
     0000048B  A$lcc2192 |    0000048D  A$lcc2192 |    0000048D  C$main.c$
     0000048F  A$lcc2192 |    00000491  A$lcc2192 |    00000491  C$main.c$
ASxxxx Linker V03.00 + NoICE + sdld,  page 6.
Hexadecimal  [32-Bits]

Area                       Addr        Size        Decimal Bytes (Attributes)
--------------------       ----        ----        ------- ----- ------------
_CODE                  00000200    00001A12 =        6674. bytes (REL,CON)

        Value  Global            Value  Global            Value  Global    
        -----  ------            -----  ------            -----  ------    
     00000492  A$lcc2192 |    00000492  C$main.c$ |    00000495  A$lcc2192
     00000497  A$lcc2192 |    00000498  A$lcc2192 |    0000049A  A$lcc2192
     0000049A  C$main.c$ |    0000049C  A$lcc2192 |    0000049E  A$lcc2192
     0000049E  C$main.c$ |    0000049F  A$lcc2192 |    0000049F  C$main.c$
     000004A2  A$lcc2192 |    000004A4  A$lcc2192 |    000004A5  A$lcc2192
     000004A7  A$lcc2192 |    000004A7  C$main.c$ |    000004A9  A$lcc2192
     000004AB  A$lcc2192 |    000004AB  C$main.c$ |    000004AC  A$lcc2192
     000004AC  C$main.c$ |    000004AF  A$lcc2192 |    000004B1  A$lcc2192
     000004B2  A$lcc2192 |    000004B4  A$lcc2192 |    000004B4  C$main.c$
     000004B6  A$lcc2192 |    000004B8  A$lcc2192 |    000004B8  C$main.c$
     000004B9  A$lcc2192 |    000004B9  C$main.c$ |    000004BC  A$lcc2192
     000004BE  A$lcc2192 |    000004BF  A$lcc2192 |    000004C1  A$lcc2192
     000004C1  C$main.c$ |    000004C3  A$lcc2192 |    000004C5  A$lcc2192
     000004C5  C$main.c$ |    000004C6  A$lcc2192 |    000004C6  C$main.c$
     000004C9  A$lcc2192 |    000004CB  A$lcc2192 |    000004CC  A$lcc2192
     000004CE  A$lcc2192 |    000004CE  C$main.c$ |    000004D0  A$lcc2192
     000004D2  A$lcc2192 |    000004D2  C$main.c$ |    000004D3  A$lcc2192
     000004D3  C$main.c$ |    000004D4  A$lcc2192 |    000004D6  A$lcc2192
     000004D7  A$lcc2192 |    000004D9  A$lcc2192 |    000004D9  C$main.c$
     000004DA  A$lcc2192 |    000004DC  A$lcc2192 |    000004DC  C$main.c$
     000004DC  C$main.c$ |    000004DC  XG$parall |    000004DD  A$lcc2192
     000004DD  C$main.c$ |    000004DD  G$scroll_ |    000004DD  _scroll_c
     000004DE  A$lcc2192 |    000004DE  C$main.c$ |    000004E1  A$lcc2192
     000004E2  A$lcc2192 |    000004E4  A$lcc2192 |    000004E7  A$lcc2192
     000004E8  A$lcc2192 |    000004E9  A$lcc2192 |    000004EC  A$lcc2192
     000004EE  A$lcc2192 |    000004EF  A$lcc2192 |    000004F0  A$lcc2192
     000004F3  A$lcc2192 |    000004F3  C$main.c$ |    000004F6  A$lcc2192
     000004F7  A$lcc2192 |    000004F8  A$lcc2192 |    000004F9  A$lcc2192
     000004F9  C$main.c$ |    000004FA  A$lcc2192 |    000004FB  A$lcc2192
     000004FC  A$lcc2192 |    000004FD  A$lcc2192 |    000004FE  A$lcc2192
     000004FF  A$lcc2192 |    000004FF  C$main.c$ |    00000500  A$lcc2192
     00000501  A$lcc2192 |    00000502  A$lcc2192 |    00000503  A$lcc2192
     00000504  A$lcc2192 |    00000505  A$lcc2192 |    00000506  A$lcc2192
     00000509  A$lcc2192 |    0000050A  A$lcc2192 |    0000050A  C$main.c$
     0000050A  C$main.c$ |    0000050A  C$main.c$ |    0000050B  A$lcc2192
     0000050D  A$lcc2192 |    0000050D  C$main.c$ |    00000510  A$lcc2192
     00000511  A$lcc2192 |    00000512  A$lcc2192 |    00000513  A$lcc2192
     00000514  A$lcc2192 |    00000517  A$lcc2192 |    00000518  A$lcc2192
     00000519  A$lcc2192 |    0000051A  A$lcc2192 |    0000051D  A$lcc2192
     0000051F  A$lcc2192 |    00000520  A$lcc2192 |    00000523  A$lcc2192
     00000524  A$lcc2192 |    00000525  A$lcc2192 |    00000526  A$lcc2192
     00000527  A$lcc2192 |    0000052A  A$lcc2192 |    0000052B  A$lcc2192
     0000052C  A$lcc2192 |    0000052D  A$lcc2192 |    00000530  A$lcc2192
     00000532  A$lcc2192 |    00000534  A$lcc2192 |    00000535  A$lcc2192
     00000536  A$lcc2192 |    00000537  A$lcc2192 |    00000538  A$lcc2192
     0000053A  A$lcc2192 |    0000053B  A$lcc2192 |    0000053E  A$lcc2192
     00000540  A$lcc2192 |    00000540  C$main.c$ |    00000540  C$main.c$
     00000543  A$lcc2192 |    00000545  A$lcc2192 |    00000547  A$lcc2192
     00000547  C$main.c$ |    0000054A  A$lcc2192 |    0000054B  A$lcc2192
     0000054C  A$lcc2192 |    0000054D  A$lcc2192 |    0000054E  A$lcc2192
     00000551  A$lcc2192 |    00000552  A$lcc2192 |    00000553  A$lcc2192
ASxxxx Linker V03.00 + NoICE + sdld,  page 7.
Hexadecimal  [32-Bits]

Area                       Addr        Size        Decimal Bytes (Attributes)
--------------------       ----        ----        ------- ----- ------------
_CODE                  00000200    00001A12 =        6674. bytes (REL,CON)

        Value  Global            Value  Global            Value  Global    
        -----  ------            -----  ------            -----  ------    
     00000554  A$lcc2192 |    00000557  A$lcc2192 |    00000559  A$lcc2192
     0000055A  A$lcc2192 |    0000055D  A$lcc2192 |    0000055E  A$lcc2192
     0000055F  A$lcc2192 |    00000560  A$lcc2192 |    00000561  A$lcc2192
     00000564  A$lcc2192 |    00000565  A$lcc2192 |    00000566  A$lcc2192
     00000567  A$lcc2192 |    0000056A  A$lcc2192 |    0000056C  A$lcc2192
     0000056E  A$lcc2192 |    0000056F  A$lcc2192 |    00000570  A$lcc2192
     00000571  A$lcc2192 |    00000572  A$lcc2192 |    00000574  A$lcc2192
     00000575  A$lcc2192 |    00000578  A$lcc2192 |    0000057A  A$lcc2192
     0000057A  C$main.c$ |    0000057A  C$main.c$ |    0000057D  A$lcc2192
     0000057E  A$lcc2192 |    00000580  A$lcc2192 |    00000583  A$lcc2192
     00000584  A$lcc2192 |    00000585  A$lcc2192 |    00000588  A$lcc2192
     0000058A  A$lcc2192 |    0000058B  A$lcc2192 |    0000058C  A$lcc2192
     0000058E  A$lcc2192 |    0000058E  C$main.c$ |    00000591  A$lcc2192
     00000592  A$lcc2192 |    00000593  A$lcc2192 |    00000594  A$lcc2192
     00000594  C$main.c$ |    00000597  A$lcc2192 |    00000599  A$lcc2192
     0000059B  A$lcc2192 |    0000059B  C$main.c$ |    0000059E  A$lcc2192
     0000059F  A$lcc2192 |    000005A0  A$lcc2192 |    000005A1  A$lcc2192
     000005A2  A$lcc2192 |    000005A5  A$lcc2192 |    000005A6  A$lcc2192
     000005A7  A$lcc2192 |    000005A8  A$lcc2192 |    000005AB  A$lcc2192
     000005AD  A$lcc2192 |    000005AE  A$lcc2192 |    000005B1  A$lcc2192
     000005B2  A$lcc2192 |    000005B3  A$lcc2192 |    000005B4  A$lcc2192
     000005B5  A$lcc2192 |    000005B8  A$lcc2192 |    000005B9  A$lcc2192
     000005BA  A$lcc2192 |    000005BB  A$lcc2192 |    000005BE  A$lcc2192
     000005C0  A$lcc2192 |    000005C2  A$lcc2192 |    000005C3  A$lcc2192
     000005C4  A$lcc2192 |    000005C5  A$lcc2192 |    000005C6  A$lcc2192
     000005C8  A$lcc2192 |    000005C9  A$lcc2192 |    000005CC  A$lcc2192
     000005CE  A$lcc2192 |    000005CE  C$main.c$ |    000005CE  C$main.c$
     000005D1  A$lcc2192 |    000005D3  A$lcc2192 |    000005D5  A$lcc2192
     000005D5  C$main.c$ |    000005D8  A$lcc2192 |    000005D9  A$lcc2192
     000005DA  A$lcc2192 |    000005DB  A$lcc2192 |    000005DB  C$main.c$
     000005DE  A$lcc2192 |    000005DF  A$lcc2192 |    000005E0  A$lcc2192
     000005E1  A$lcc2192 |    000005E1  C$main.c$ |    000005E4  A$lcc2192
     000005E5  A$lcc2192 |    000005E6  A$lcc2192 |    000005E7  A$lcc2192
     000005E7  C$main.c$ |    000005EA  A$lcc2192 |    000005EB  A$lcc2192
     000005EC  A$lcc2192 |    000005ED  A$lcc2192 |    000005ED  C$main.c$
     000005F0  A$lcc2192 |    000005F2  A$lcc2192 |    000005F4  A$lcc2192
     000005F4  C$main.c$ |    000005F7  A$lcc2192 |    000005F8  A$lcc2192
     000005F9  A$lcc2192 |    000005FA  A$lcc2192 |    000005FB  A$lcc2192
     000005FC  A$lcc2192 |    000005FD  A$lcc2192 |    000005FE  A$lcc2192
     000005FF  A$lcc2192 |    00000600  A$lcc2192 |    00000601  A$lcc2192
     00000602  A$lcc2192 |    00000603  A$lcc2192 |    00000606  A$lcc2192
     00000607  A$lcc2192 |    00000608  A$lcc2192 |    0000060B  A$lcc2192
     0000060C  A$lcc2192 |    0000060D  A$lcc2192 |    0000060E  A$lcc2192
     0000060F  A$lcc2192 |    00000612  A$lcc2192 |    00000613  A$lcc2192
     00000614  A$lcc2192 |    00000615  A$lcc2192 |    00000618  A$lcc2192
     0000061A  A$lcc2192 |    0000061B  A$lcc2192 |    0000061C  A$lcc2192
     0000061D  A$lcc2192 |    0000061E  A$lcc2192 |    0000061F  A$lcc2192
     00000620  A$lcc2192 |    00000621  A$lcc2192 |    00000622  A$lcc2192
     00000625  A$lcc2192 |    00000627  A$lcc2192 |    00000627  C$main.c$
     00000627  C$main.c$ |    0000062A  A$lcc2192 |    0000062B  A$lcc2192
     0000062D  A$lcc2192 |    00000630  A$lcc2192 |    00000631  A$lcc2192
ASxxxx Linker V03.00 + NoICE + sdld,  page 8.
Hexadecimal  [32-Bits]

Area                       Addr        Size        Decimal Bytes (Attributes)
--------------------       ----        ----        ------- ----- ------------
_CODE                  00000200    00001A12 =        6674. bytes (REL,CON)

        Value  Global            Value  Global            Value  Global    
        -----  ------            -----  ------            -----  ------    
     00000632  A$lcc2192 |    00000635  A$lcc2192 |    00000637  A$lcc2192
     00000638  A$lcc2192 |    00000639  A$lcc2192 |    0000063B  A$lcc2192
     0000063B  C$main.c$ |    0000063E  A$lcc2192 |    0000063F  A$lcc2192
     00000640  A$lcc2192 |    00000641  A$lcc2192 |    00000641  C$main.c$
     00000644  A$lcc2192 |    00000645  A$lcc2192 |    00000646  A$lcc2192
     00000647  A$lcc2192 |    00000647  C$main.c$ |    0000064A  A$lcc2192
     0000064B  A$lcc2192 |    0000064C  A$lcc2192 |    0000064C  C$main.c$
     0000064C  XG$scroll |    0000064D  A$lcc2192 |    0000064D  C$main.c$
     0000064D  G$win_che |    0000064D  _win_chec |    0000064F  A$lcc2192
     0000064F  C$main.c$ |    00000651  A$lcc2192 |    00000652  A$lcc2192
     00000654  A$lcc2192 |    00000655  A$lcc2192 |    00000656  A$lcc2192
     00000657  A$lcc2192 |    00000658  A$lcc2192 |    00000659  A$lcc2192
     0000065A  A$lcc2192 |    0000065D  A$lcc2192 |    0000065E  A$lcc2192
     0000065F  A$lcc2192 |    00000660  A$lcc2192 |    00000662  A$lcc2192
     00000663  A$lcc2192 |    00000664  A$lcc2192 |    00000665  A$lcc2192
     00000667  A$lcc2192 |    00000668  A$lcc2192 |    00000669  A$lcc2192
     0000066A  A$lcc2192 |    0000066B  A$lcc2192 |    0000066D  A$lcc2192
     0000066F  A$lcc2192 |    00000670  A$lcc2192 |    00000671  A$lcc2192
     00000672  A$lcc2192 |    00000673  A$lcc2192 |    00000674  A$lcc2192
     00000675  A$lcc2192 |    00000678  A$lcc2192 |    00000679  A$lcc2192
     0000067A  A$lcc2192 |    0000067B  A$lcc2192 |    0000067C  A$lcc2192
     0000067D  A$lcc2192 |    0000067E  A$lcc2192 |    00000680  A$lcc2192
     00000682  A$lcc2192 |    00000683  A$lcc2192 |    00000685  A$lcc2192
     00000686  A$lcc2192 |    00000688  A$lcc2192 |    00000689  A$lcc2192
     0000068B  A$lcc2192 |    0000068C  A$lcc2192 |    0000068E  A$lcc2192
     0000068F  A$lcc2192 |    00000691  A$lcc2192 |    00000691  C$main.c$
     00000693  A$lcc2192 |    00000694  A$lcc2192 |    00000696  A$lcc2192
     00000697  A$lcc2192 |    00000698  A$lcc2192 |    00000699  A$lcc2192
     0000069A  A$lcc2192 |    0000069B  A$lcc2192 |    0000069C  A$lcc2192
     0000069F  A$lcc2192 |    000006A0  A$lcc2192 |    000006A1  A$lcc2192
     000006A2  A$lcc2192 |    000006A4  A$lcc2192 |    000006A5  A$lcc2192
     000006A6  A$lcc2192 |    000006A7  A$lcc2192 |    000006A9  A$lcc2192
     000006AA  A$lcc2192 |    000006AB  A$lcc2192 |    000006AC  A$lcc2192
     000006AD  A$lcc2192 |    000006AF  A$lcc2192 |    000006B1  A$lcc2192
     000006B3  A$lcc2192 |    000006B4  A$lcc2192 |    000006B5  A$lcc2192
     000006B6  A$lcc2192 |    000006B9  A$lcc2192 |    000006BA  A$lcc2192
     000006BB  A$lcc2192 |    000006BC  A$lcc2192 |    000006BE  A$lcc2192
     000006C0  A$lcc2192 |    000006C2  A$lcc2192 |    000006C4  A$lcc2192
     000006C6  A$lcc2192 |    000006C8  A$lcc2192 |    000006C8  C$main.c$
     000006CA  A$lcc2192 |    000006CB  A$lcc2192 |    000006CC  A$lcc2192
     000006CD  A$lcc2192 |    000006D0  A$lcc2192 |    000006D1  A$lcc2192
     000006D2  A$lcc2192 |    000006D3  A$lcc2192 |    000006D5  A$lcc2192
     000006D6  A$lcc2192 |    000006D7  A$lcc2192 |    000006D8  A$lcc2192
     000006DA  A$lcc2192 |    000006DB  A$lcc2192 |    000006DC  A$lcc2192
     000006DD  A$lcc2192 |    000006DE  A$lcc2192 |    000006DF  A$lcc2192
     000006E0  A$lcc2192 |    000006E1  A$lcc2192 |    000006E2  A$lcc2192
     000006E4  A$lcc2192 |    000006E6  A$lcc2192 |    000006E7  A$lcc2192
     000006E8  A$lcc2192 |    000006E9  A$lcc2192 |    000006EA  A$lcc2192
     000006EB  A$lcc2192 |    000006EC  A$lcc2192 |    000006EF  A$lcc2192
     000006F0  A$lcc2192 |    000006F1  A$lcc2192 |    000006F2  A$lcc2192
     000006F4  A$lcc2192 |    000006F5  A$lcc2192 |    000006F6  A$lcc2192
ASxxxx Linker V03.00 + NoICE + sdld,  page 9.
Hexadecimal  [32-Bits]

Area                       Addr        Size        Decimal Bytes (Attributes)
--------------------       ----        ----        ------- ----- ------------
_CODE                  00000200    00001A12 =        6674. bytes (REL,CON)

        Value  Global            Value  Global            Value  Global    
        -----  ------            -----  ------            -----  ------    
     000006F7  A$lcc2192 |    000006F9  A$lcc2192 |    000006FA  A$lcc2192
     000006FC  A$lcc2192 |    000006FD  A$lcc2192 |    000006FE  A$lcc2192
     000006FF  A$lcc2192 |    00000701  A$lcc2192 |    00000703  A$lcc2192
     00000705  A$lcc2192 |    00000707  A$lcc2192 |    00000709  A$lcc2192
     0000070B  A$lcc2192 |    0000070B  C$main.c$ |    0000070D  A$lcc2192
     0000070E  A$lcc2192 |    00000710  A$lcc2192 |    00000711  A$lcc2192
     00000713  A$lcc2192 |    00000714  A$lcc2192 |    00000716  A$lcc2192
     00000717  A$lcc2192 |    00000719  A$lcc2192 |    0000071B  A$lcc2192
     0000071D  A$lcc2192 |    0000071E  A$lcc2192 |    00000720  A$lcc2192
     00000721  A$lcc2192 |    00000723  A$lcc2192 |    00000724  A$lcc2192
     00000725  A$lcc2192 |    00000726  A$lcc2192 |    00000727  A$lcc2192
     00000728  A$lcc2192 |    00000729  A$lcc2192 |    00000729  C$main.c$
     0000072B  A$lcc2192 |    0000072C  A$lcc2192 |    0000072D  A$lcc2192
     0000072E  A$lcc2192 |    0000072F  A$lcc2192 |    00000730  A$lcc2192
     00000731  A$lcc2192 |    00000731  C$main.c$ |    00000734  A$lcc2192
     00000735  A$lcc2192 |    00000736  A$lcc2192 |    00000739  A$lcc2192
     0000073A  A$lcc2192 |    0000073B  A$lcc2192 |    0000073C  A$lcc2192
     0000073E  A$lcc2192 |    0000073F  A$lcc2192 |    00000740  A$lcc2192
     00000742  A$lcc2192 |    00000742  C$main.c$ |    00000745  A$lcc2192
     00000746  A$lcc2192 |    00000749  A$lcc2192 |    0000074A  A$lcc2192
     0000074D  A$lcc2192 |    0000074E  A$lcc2192 |    00000751  A$lcc2192
     00000753  A$lcc2192 |    00000753  C$main.c$ |    00000756  A$lcc2192
     00000759  A$lcc2192 |    00000759  C$main.c$ |    0000075A  A$lcc2192
     0000075C  A$lcc2192 |    0000075E  A$lcc2192 |    0000075F  A$lcc2192
     00000761  A$lcc2192 |    00000763  A$lcc2192 |    00000763  C$main.c$
     00000766  A$lcc2192 |    00000767  A$lcc2192 |    0000076A  A$lcc2192
     0000076B  A$lcc2192 |    0000076E  A$lcc2192 |    0000076F  A$lcc2192
     00000772  A$lcc2192 |    00000774  A$lcc2192 |    00000774  C$main.c$
     00000777  A$lcc2192 |    00000779  A$lcc2192 |    00000779  C$main.c$
     0000077A  A$lcc2192 |    0000077C  A$lcc2192 |    0000077E  A$lcc2192
     0000077F  A$lcc2192 |    00000781  A$lcc2192 |    00000783  A$lcc2192
     00000783  C$main.c$ |    00000786  A$lcc2192 |    00000787  A$lcc2192
     0000078A  A$lcc2192 |    0000078B  A$lcc2192 |    0000078E  A$lcc2192
     0000078F  A$lcc2192 |    00000792  A$lcc2192 |    00000794  A$lcc2192
     00000794  C$main.c$ |    00000797  A$lcc2192 |    00000799  A$lcc2192
     00000799  C$main.c$ |    0000079A  A$lcc2192 |    0000079C  A$lcc2192
     0000079E  A$lcc2192 |    0000079F  A$lcc2192 |    000007A1  A$lcc2192
     000007A3  A$lcc2192 |    000007A3  C$main.c$ |    000007A6  A$lcc2192
     000007A7  A$lcc2192 |    000007AA  A$lcc2192 |    000007AB  A$lcc2192
     000007AE  A$lcc2192 |    000007AF  A$lcc2192 |    000007B2  A$lcc2192
     000007B4  A$lcc2192 |    000007B4  C$main.c$ |    000007B7  A$lcc2192
     000007B9  A$lcc2192 |    000007B9  C$main.c$ |    000007BA  A$lcc2192
     000007BC  A$lcc2192 |    000007BE  A$lcc2192 |    000007BF  A$lcc2192
     000007C1  A$lcc2192 |    000007C3  A$lcc2192 |    000007C3  C$main.c$
     000007C6  A$lcc2192 |    000007C7  A$lcc2192 |    000007CA  A$lcc2192
     000007CB  A$lcc2192 |    000007CE  A$lcc2192 |    000007CF  A$lcc2192
     000007D2  A$lcc2192 |    000007D4  A$lcc2192 |    000007D4  C$main.c$
     000007D7  A$lcc2192 |    000007D9  A$lcc2192 |    000007D9  C$main.c$
     000007DC  A$lcc2192 |    000007DE  A$lcc2192 |    000007DE  C$main.c$
     000007DE  XG$win_ch |    000007DF  A$lcc2192 |    000007DF  C$main.c$
     000007DF  G$collide |    000007DF  _collide_ |    000007E1  A$lcc2192
ASxxxx Linker V03.00 + NoICE + sdld,  page 10.
Hexadecimal  [32-Bits]

Area                       Addr        Size        Decimal Bytes (Attributes)
--------------------       ----        ----        ------- ----- ------------
_CODE                  00000200    00001A12 =        6674. bytes (REL,CON)

        Value  Global            Value  Global            Value  Global    
        -----  ------            -----  ------            -----  ------    
     000007E1  C$main.c$ |    000007E4  A$lcc2192 |    000007E5  A$lcc2192
     000007E6  A$lcc2192 |    000007E7  A$lcc2192 |    000007E8  A$lcc2192
     000007EA  A$lcc2192 |    000007EB  A$lcc2192 |    000007EC  A$lcc2192
     000007ED  A$lcc2192 |    000007EE  A$lcc2192 |    000007F0  A$lcc2192
     000007F2  A$lcc2192 |    000007F2  C$main.c$ |    000007F4  A$lcc2192
     000007F6  A$lcc2192 |    000007F6  C$main.c$ |    000007F8  A$lcc2192
     000007FA  A$lcc2192 |    000007FC  A$lcc2192 |    000007FC  C$main.c$
     000007FE  A$lcc2192 |    00000800  A$lcc2192 |    00000800  C$main.c$
     00000802  A$lcc2192 |    00000804  A$lcc2192 |    00000804  C$main.c$
     00000806  A$lcc2192 |    00000807  A$lcc2192 |    00000809  A$lcc2192
     0000080A  A$lcc2192 |    0000080B  A$lcc2192 |    0000080C  A$lcc2192
     0000080D  A$lcc2192 |    0000080E  A$lcc2192 |    0000080F  A$lcc2192
     00000812  A$lcc2192 |    00000813  A$lcc2192 |    00000814  A$lcc2192
     00000815  A$lcc2192 |    00000817  A$lcc2192 |    00000818  A$lcc2192
     00000819  A$lcc2192 |    0000081A  A$lcc2192 |    0000081C  A$lcc2192
     0000081D  A$lcc2192 |    0000081E  A$lcc2192 |    0000081F  A$lcc2192
     00000820  A$lcc2192 |    00000822  A$lcc2192 |    00000824  A$lcc2192
     00000825  A$lcc2192 |    00000826  A$lcc2192 |    00000827  A$lcc2192
     00000828  A$lcc2192 |    00000829  A$lcc2192 |    0000082A  A$lcc2192
     0000082D  A$lcc2192 |    0000082E  A$lcc2192 |    0000082F  A$lcc2192
     00000830  A$lcc2192 |    00000832  A$lcc2192 |    00000834  A$lcc2192
     00000836  A$lcc2192 |    00000838  A$lcc2192 |    0000083A  A$lcc2192
     0000083C  A$lcc2192 |    0000083C  C$main.c$ |    0000083F  A$lcc2192
     00000840  A$lcc2192 |    00000841  A$lcc2192 |    00000842  A$lcc2192
     00000843  A$lcc2192 |    00000844  A$lcc2192 |    00000845  A$lcc2192
     00000846  A$lcc2192 |    00000847  A$lcc2192 |    00000847  C$main.c$
     00000848  A$lcc2192 |    0000084A  A$lcc2192 |    0000084B  A$lcc2192
     0000084C  A$lcc2192 |    0000084E  A$lcc2192 |    00000851  A$lcc2192
     00000853  A$lcc2192 |    00000854  A$lcc2192 |    00000854  C$main.c$
     00000856  A$lcc2192 |    00000857  A$lcc2192 |    00000859  A$lcc2192
     0000085A  A$lcc2192 |    0000085C  A$lcc2192 |    0000085E  A$lcc2192
     0000085F  A$lcc2192 |    00000861  A$lcc2192 |    00000863  A$lcc2192
     00000864  A$lcc2192 |    00000865  A$lcc2192 |    00000866  A$lcc2192
     00000867  A$lcc2192 |    00000868  A$lcc2192 |    00000869  A$lcc2192
     0000086B  A$lcc2192 |    0000086C  A$lcc2192 |    0000086E  A$lcc2192
     0000086F  A$lcc2192 |    00000870  A$lcc2192 |    00000871  A$lcc2192
     00000872  A$lcc2192 |    00000873  A$lcc2192 |    00000874  A$lcc2192
     00000875  A$lcc2192 |    00000876  A$lcc2192 |    00000877  A$lcc2192
     00000878  A$lcc2192 |    0000087A  A$lcc2192 |    0000087B  A$lcc2192
     0000087D  A$lcc2192 |    0000087E  A$lcc2192 |    00000880  A$lcc2192
     00000881  A$lcc2192 |    00000883  A$lcc2192 |    00000884  A$lcc2192
     00000886  A$lcc2192 |    00000888  A$lcc2192 |    0000088A  A$lcc2192
     0000088B  A$lcc2192 |    0000088C  A$lcc2192 |    0000088F  A$lcc2192
     00000890  A$lcc2192 |    00000891  A$lcc2192 |    00000892  A$lcc2192
     00000894  A$lcc2192 |    00000895  A$lcc2192 |    00000896  A$lcc2192
     00000897  A$lcc2192 |    00000899  A$lcc2192 |    0000089A  A$lcc2192
     0000089C  A$lcc2192 |    0000089E  A$lcc2192 |    0000089F  A$lcc2192
     000008A1  A$lcc2192 |    000008A2  A$lcc2192 |    000008A4  A$lcc2192
     000008A5  A$lcc2192 |    000008A7  A$lcc2192 |    000008A8  A$lcc2192
     000008AA  A$lcc2192 |    000008AB  A$lcc2192 |    000008AD  A$lcc2192
     000008AD  C$main.c$ |    000008AF  A$lcc2192 |    000008B0  A$lcc2192
ASxxxx Linker V03.00 + NoICE + sdld,  page 11.
Hexadecimal  [32-Bits]

Area                       Addr        Size        Decimal Bytes (Attributes)
--------------------       ----        ----        ------- ----- ------------
_CODE                  00000200    00001A12 =        6674. bytes (REL,CON)

        Value  Global            Value  Global            Value  Global    
        -----  ------            -----  ------            -----  ------    
     000008B1  A$lcc2192 |    000008B3  A$lcc2192 |    000008B4  A$lcc2192
     000008B5  A$lcc2192 |    000008B6  A$lcc2192 |    000008B7  A$lcc2192
     000008B8  A$lcc2192 |    000008B9  A$lcc2192 |    000008BB  A$lcc2192
     000008BC  A$lcc2192 |    000008BD  A$lcc2192 |    000008BE  A$lcc2192
     000008BF  A$lcc2192 |    000008C0  A$lcc2192 |    000008C1  A$lcc2192
     000008C3  A$lcc2192 |    000008C4  A$lcc2192 |    000008C5  A$lcc2192
     000008C6  A$lcc2192 |    000008C8  A$lcc2192 |    000008C9  A$lcc2192
     000008CA  A$lcc2192 |    000008CB  A$lcc2192 |    000008CC  A$lcc2192
     000008CD  A$lcc2192 |    000008CE  A$lcc2192 |    000008CF  A$lcc2192
     000008D0  A$lcc2192 |    000008D2  A$lcc2192 |    000008D4  A$lcc2192
     000008D5  A$lcc2192 |    000008D6  A$lcc2192 |    000008D7  A$lcc2192
     000008D8  A$lcc2192 |    000008DB  A$lcc2192 |    000008DC  A$lcc2192
     000008DD  A$lcc2192 |    000008DE  A$lcc2192 |    000008E0  A$lcc2192
     000008E1  A$lcc2192 |    000008E2  A$lcc2192 |    000008E3  A$lcc2192
     000008E5  A$lcc2192 |    000008E6  A$lcc2192 |    000008E8  A$lcc2192
     000008E9  A$lcc2192 |    000008EA  A$lcc2192 |    000008EA  C$main.c$
     000008EB  A$lcc2192 |    000008EC  A$lcc2192 |    000008EE  A$lcc2192
     000008F0  A$lcc2192 |    000008F2  A$lcc2192 |    000008F4  A$lcc2192
     000008F6  A$lcc2192 |    000008F8  A$lcc2192 |    000008F9  A$lcc2192
     000008FA  A$lcc2192 |    000008FC  A$lcc2192 |    000008FD  A$lcc2192
     000008FE  A$lcc2192 |    000008FF  A$lcc2192 |    00000900  A$lcc2192
     00000901  A$lcc2192 |    00000904  A$lcc2192 |    00000905  A$lcc2192
     00000906  A$lcc2192 |    00000907  A$lcc2192 |    00000909  A$lcc2192
     0000090A  A$lcc2192 |    0000090C  A$lcc2192 |    0000090C  C$main.c$
     0000090D  A$lcc2192 |    0000090F  A$lcc2192 |    00000910  A$lcc2192
     00000911  A$lcc2192 |    00000912  A$lcc2192 |    00000913  A$lcc2192
     00000916  A$lcc2192 |    00000917  A$lcc2192 |    00000919  A$lcc2192
     0000091A  A$lcc2192 |    0000091B  A$lcc2192 |    0000091D  A$lcc2192
     0000091D  C$main.c$ |    00000920  A$lcc2192 |    00000921  A$lcc2192
     00000922  A$lcc2192 |    00000923  A$lcc2192 |    00000924  A$lcc2192
     00000926  A$lcc2192 |    00000927  A$lcc2192 |    00000928  A$lcc2192
     00000929  A$lcc2192 |    0000092A  A$lcc2192 |    0000092C  A$lcc2192
     0000092E  A$lcc2192 |    0000092E  C$main.c$ |    00000930  A$lcc2192
     00000931  A$lcc2192 |    00000933  A$lcc2192 |    00000934  A$lcc2192
     00000936  A$lcc2192 |    00000938  A$lcc2192 |    00000939  A$lcc2192
     0000093B  A$lcc2192 |    0000093C  A$lcc2192 |    0000093D  A$lcc2192
     0000093F  A$lcc2192 |    00000940  A$lcc2192 |    00000942  A$lcc2192
     00000944  A$lcc2192 |    00000945  A$lcc2192 |    00000947  A$lcc2192
     00000948  A$lcc2192 |    0000094A  A$lcc2192 |    0000094D  A$lcc2192
     0000094E  A$lcc2192 |    00000950  A$lcc2192 |    00000951  A$lcc2192
     00000952  A$lcc2192 |    00000954  A$lcc2192 |    00000955  A$lcc2192
     00000958  A$lcc2192 |    00000958  C$main.c$ |    0000095B  A$lcc2192
     0000095E  A$lcc2192 |    0000095E  C$main.c$ |    0000095E  C$main.c$
     0000095F  A$lcc2192 |    00000961  A$lcc2192 |    00000962  A$lcc2192
     00000964  A$lcc2192 |    00000965  A$lcc2192 |    00000967  A$lcc2192
     00000968  A$lcc2192 |    0000096A  A$lcc2192 |    0000096A  C$main.c$
     0000096C  A$lcc2192 |    0000096D  A$lcc2192 |    0000096F  A$lcc2192
     00000970  A$lcc2192 |    00000972  A$lcc2192 |    00000974  A$lcc2192
     00000975  A$lcc2192 |    00000976  A$lcc2192 |    00000978  A$lcc2192
     0000097A  A$lcc2192 |    0000097B  A$lcc2192 |    0000097D  A$lcc2192
     0000097E  A$lcc2192 |    0000097F  A$lcc2192 |    00000981  A$lcc2192
ASxxxx Linker V03.00 + NoICE + sdld,  page 12.
Hexadecimal  [32-Bits]

Area                       Addr        Size        Decimal Bytes (Attributes)
--------------------       ----        ----        ------- ----- ------------
_CODE                  00000200    00001A12 =        6674. bytes (REL,CON)

        Value  Global            Value  Global            Value  Global    
        -----  ------            -----  ------            -----  ------    
     00000982  A$lcc2192 |    00000984  A$lcc2192 |    00000986  A$lcc2192
     00000988  A$lcc2192 |    0000098A  A$lcc2192 |    0000098C  A$lcc2192
     0000098D  A$lcc2192 |    0000098E  A$lcc2192 |    00000990  A$lcc2192
     00000991  A$lcc2192 |    00000993  A$lcc2192 |    00000993  C$main.c$
     00000996  A$lcc2192 |    00000998  A$lcc2192 |    0000099B  A$lcc2192
     0000099B  C$main.c$ |    0000099E  A$lcc2192 |    0000099F  A$lcc2192
     000009A2  A$lcc2192 |    000009A2  C$main.c$ |    000009A5  A$lcc2192
     000009A8  A$lcc2192 |    000009A8  C$main.c$ |    000009AA  A$lcc2192
     000009AB  A$lcc2192 |    000009AD  A$lcc2192 |    000009AE  A$lcc2192
     000009B0  A$lcc2192 |    000009B2  A$lcc2192 |    000009B3  A$lcc2192
     000009B4  A$lcc2192 |    000009B6  A$lcc2192 |    000009B7  A$lcc2192
     000009B8  A$lcc2192 |    000009BA  A$lcc2192 |    000009BB  A$lcc2192
     000009BD  A$lcc2192 |    000009BE  A$lcc2192 |    000009C0  A$lcc2192
     000009C1  A$lcc2192 |    000009C2  A$lcc2192 |    000009C4  A$lcc2192
     000009C5  A$lcc2192 |    000009C6  A$lcc2192 |    000009C8  A$lcc2192
     000009C9  A$lcc2192 |    000009CB  A$lcc2192 |    000009CC  A$lcc2192
     000009CD  A$lcc2192 |    000009CD  C$main.c$ |    000009CE  A$lcc2192
     000009D0  A$lcc2192 |    000009D1  A$lcc2192 |    000009D3  A$lcc2192
     000009D3  C$main.c$ |    000009D5  A$lcc2192 |    000009D7  A$lcc2192
     000009D9  A$lcc2192 |    000009DB  A$lcc2192 |    000009DD  A$lcc2192
     000009DF  A$lcc2192 |    000009E1  A$lcc2192 |    000009E3  A$lcc2192
     000009E5  A$lcc2192 |    000009E5  C$main.c$ |    000009E8  A$lcc2192
     000009EA  A$lcc2192 |    000009EC  A$lcc2192 |    000009EC  C$main.c$
     000009EF  A$lcc2192 |    000009F0  A$lcc2192 |    000009F2  A$lcc2192
     000009F2  C$main.c$ |    000009F5  A$lcc2192 |    000009F7  A$lcc2192
     000009F7  C$main.c$ |    000009F8  A$lcc2192 |    000009FA  A$lcc2192
     000009FB  A$lcc2192 |    000009FD  A$lcc2192 |    000009FD  C$main.c$
     000009FF  A$lcc2192 |    00000A01  A$lcc2192 |    00000A03  A$lcc2192
     00000A05  A$lcc2192 |    00000A07  A$lcc2192 |    00000A09  A$lcc2192
     00000A0B  A$lcc2192 |    00000A0D  A$lcc2192 |    00000A0F  A$lcc2192
     00000A0F  C$main.c$ |    00000A12  A$lcc2192 |    00000A14  A$lcc2192
     00000A16  A$lcc2192 |    00000A16  C$main.c$ |    00000A19  A$lcc2192
     00000A1A  A$lcc2192 |    00000A1C  A$lcc2192 |    00000A1C  C$main.c$
     00000A1F  A$lcc2192 |    00000A21  A$lcc2192 |    00000A21  C$main.c$
     00000A22  A$lcc2192 |    00000A24  A$lcc2192 |    00000A25  A$lcc2192
     00000A27  A$lcc2192 |    00000A27  C$main.c$ |    00000A29  A$lcc2192
     00000A2B  A$lcc2192 |    00000A2D  A$lcc2192 |    00000A2F  A$lcc2192
     00000A31  A$lcc2192 |    00000A33  A$lcc2192 |    00000A35  A$lcc2192
     00000A37  A$lcc2192 |    00000A39  A$lcc2192 |    00000A39  C$main.c$
     00000A3C  A$lcc2192 |    00000A3E  A$lcc2192 |    00000A40  A$lcc2192
     00000A40  C$main.c$ |    00000A43  A$lcc2192 |    00000A44  A$lcc2192
     00000A46  A$lcc2192 |    00000A46  C$main.c$ |    00000A49  A$lcc2192
     00000A4B  A$lcc2192 |    00000A4B  C$main.c$ |    00000A4C  A$lcc2192
     00000A4E  A$lcc2192 |    00000A4F  A$lcc2192 |    00000A51  A$lcc2192
     00000A51  C$main.c$ |    00000A54  A$lcc2192 |    00000A55  A$lcc2192
     00000A56  A$lcc2192 |    00000A57  A$lcc2192 |    00000A58  A$lcc2192
     00000A59  A$lcc2192 |    00000A5C  A$lcc2192 |    00000A5D  A$lcc2192
     00000A5F  A$lcc2192 |    00000A5F  C$main.c$ |    00000A5F  XG$collid
     00000A60  A$lcc2192 |    00000A60  C$main.c$ |    00000A60  C$main.c$
     00000A60  G$animate |    00000A60  _animate_ |    00000A63  A$lcc2192
     00000A64  A$lcc2192 |    00000A64  C$main.c$ |    00000A67  A$lcc2192
ASxxxx Linker V03.00 + NoICE + sdld,  page 13.
Hexadecimal  [32-Bits]

Area                       Addr        Size        Decimal Bytes (Attributes)
--------------------       ----        ----        ------- ----- ------------
_CODE                  00000200    00001A12 =        6674. bytes (REL,CON)

        Value  Global            Value  Global            Value  Global    
        -----  ------            -----  ------            -----  ------    
     00000A68  A$lcc2192 |    00000A68  C$main.c$ |    00000A6A  A$lcc2192
     00000A6A  C$main.c$ |    00000A6D  A$lcc2192 |    00000A6F  A$lcc2192
     00000A71  A$lcc2192 |    00000A71  C$main.c$ |    00000A74  A$lcc2192
     00000A77  A$lcc2192 |    00000A78  A$lcc2192 |    00000A79  A$lcc2192
     00000A7A  A$lcc2192 |    00000A7C  A$lcc2192 |    00000A7D  A$lcc2192
     00000A7F  A$lcc2192 |    00000A80  A$lcc2192 |    00000A81  A$lcc2192
     00000A81  C$main.c$ |    00000A83  A$lcc2192 |    00000A84  A$lcc2192
     00000A86  A$lcc2192 |    00000A88  A$lcc2192 |    00000A88  C$main.c$
     00000A8A  A$lcc2192 |    00000A8B  A$lcc2192 |    00000A8C  A$lcc2192
     00000A8D  A$lcc2192 |    00000A8E  A$lcc2192 |    00000A91  A$lcc2192
     00000A92  A$lcc2192 |    00000A93  A$lcc2192 |    00000A94  A$lcc2192
     00000A94  C$main.c$ |    00000A95  A$lcc2192 |    00000A97  A$lcc2192
     00000A98  A$lcc2192 |    00000A99  A$lcc2192 |    00000A9A  A$lcc2192
     00000A9B  A$lcc2192 |    00000A9E  A$lcc2192 |    00000A9F  A$lcc2192
     00000AA0  A$lcc2192 |    00000AA0  C$main.c$ |    00000AA1  A$lcc2192
     00000AA3  A$lcc2192 |    00000AA5  A$lcc2192 |    00000AA7  A$lcc2192
     00000AA8  A$lcc2192 |    00000AAA  A$lcc2192 |    00000AAA  C$main.c$
     00000AAB  A$lcc2192 |    00000AAC  A$lcc2192 |    00000AAE  A$lcc2192
     00000AAF  A$lcc2192 |    00000AB0  A$lcc2192 |    00000AB1  A$lcc2192
     00000AB4  A$lcc2192 |    00000AB6  A$lcc2192 |    00000AB7  A$lcc2192
     00000AB7  C$main.c$ |    00000AB8  A$lcc2192 |    00000ABA  A$lcc2192
     00000ABC  A$lcc2192 |    00000ABE  A$lcc2192 |    00000ABF  A$lcc2192
     00000AC1  A$lcc2192 |    00000AC1  C$main.c$ |    00000AC2  A$lcc2192
     00000AC4  A$lcc2192 |    00000AC5  A$lcc2192 |    00000AC6  A$lcc2192
     00000AC7  A$lcc2192 |    00000ACA  A$lcc2192 |    00000ACC  A$lcc2192
     00000ACC  C$main.c$ |    00000ACD  A$lcc2192 |    00000ACF  A$lcc2192
     00000ACF  C$main.c$ |    00000AD2  A$lcc2192 |    00000AD4  A$lcc2192
     00000AD6  A$lcc2192 |    00000AD9  A$lcc2192 |    00000ADA  A$lcc2192
     00000ADB  A$lcc2192 |    00000ADD  A$lcc2192 |    00000ADD  C$main.c$
     00000ADF  A$lcc2192 |    00000ADF  C$main.c$ |    00000AE2  A$lcc2192
     00000AE3  A$lcc2192 |    00000AE4  A$lcc2192 |    00000AE4  C$main.c$
     00000AE7  A$lcc2192 |    00000AE9  A$lcc2192 |    00000AEA  A$lcc2192
     00000AEA  C$main.c$ |    00000AED  A$lcc2192 |    00000AEE  A$lcc2192
     00000AEF  A$lcc2192 |    00000AF1  A$lcc2192 |    00000AF2  A$lcc2192
     00000AF5  A$lcc2192 |    00000AF6  A$lcc2192 |    00000AF7  A$lcc2192
     00000AFA  A$lcc2192 |    00000AFC  A$lcc2192 |    00000AFD  A$lcc2192
     00000B00  A$lcc2192 |    00000B01  A$lcc2192 |    00000B02  A$lcc2192
     00000B02  C$main.c$ |    00000B03  A$lcc2192 |    00000B04  A$lcc2192
     00000B06  A$lcc2192 |    00000B06  C$main.c$ |    00000B09  A$lcc2192
     00000B0A  A$lcc2192 |    00000B0B  A$lcc2192 |    00000B0D  A$lcc2192
     00000B0D  C$main.c$ |    00000B0E  A$lcc2192 |    00000B0F  A$lcc2192
     00000B10  A$lcc2192 |    00000B11  A$lcc2192 |    00000B13  A$lcc2192
     00000B14  A$lcc2192 |    00000B15  A$lcc2192 |    00000B16  A$lcc2192
     00000B17  A$lcc2192 |    00000B1A  A$lcc2192 |    00000B1C  A$lcc2192
     00000B1D  A$lcc2192 |    00000B1D  C$main.c$ |    00000B1E  A$lcc2192
     00000B20  A$lcc2192 |    00000B20  C$main.c$ |    00000B23  A$lcc2192
     00000B24  A$lcc2192 |    00000B25  A$lcc2192 |    00000B27  A$lcc2192
     00000B27  C$main.c$ |    00000B28  A$lcc2192 |    00000B29  A$lcc2192
     00000B2A  A$lcc2192 |    00000B2B  A$lcc2192 |    00000B2D  A$lcc2192
     00000B2E  A$lcc2192 |    00000B2F  A$lcc2192 |    00000B30  A$lcc2192
     00000B31  A$lcc2192 |    00000B34  A$lcc2192 |    00000B36  A$lcc2192
ASxxxx Linker V03.00 + NoICE + sdld,  page 14.
Hexadecimal  [32-Bits]

Area                       Addr        Size        Decimal Bytes (Attributes)
--------------------       ----        ----        ------- ----- ------------
_CODE                  00000200    00001A12 =        6674. bytes (REL,CON)

        Value  Global            Value  Global            Value  Global    
        -----  ------            -----  ------            -----  ------    
     00000B37  A$lcc2192 |    00000B37  C$main.c$ |    00000B38  A$lcc2192
     00000B3A  A$lcc2192 |    00000B3A  C$main.c$ |    00000B3D  A$lcc2192
     00000B3F  A$lcc2192 |    00000B3F  C$main.c$ |    00000B42  A$lcc2192
     00000B44  A$lcc2192 |    00000B45  A$lcc2192 |    00000B45  C$main.c$
     00000B48  A$lcc2192 |    00000B49  A$lcc2192 |    00000B4A  A$lcc2192
     00000B4C  A$lcc2192 |    00000B4C  C$main.c$ |    00000B4D  A$lcc2192
     00000B4E  A$lcc2192 |    00000B4F  A$lcc2192 |    00000B51  A$lcc2192
     00000B52  A$lcc2192 |    00000B53  A$lcc2192 |    00000B54  A$lcc2192
     00000B55  A$lcc2192 |    00000B58  A$lcc2192 |    00000B5A  A$lcc2192
     00000B5B  A$lcc2192 |    00000B5B  C$main.c$ |    00000B5C  A$lcc2192
     00000B5E  A$lcc2192 |    00000B5E  C$main.c$ |    00000B61  A$lcc2192
     00000B62  A$lcc2192 |    00000B63  A$lcc2192 |    00000B64  A$lcc2192
     00000B64  C$main.c$ |    00000B65  A$lcc2192 |    00000B66  A$lcc2192
     00000B67  A$lcc2192 |    00000B69  A$lcc2192 |    00000B6A  A$lcc2192
     00000B6B  A$lcc2192 |    00000B6C  A$lcc2192 |    00000B6D  A$lcc2192
     00000B70  A$lcc2192 |    00000B72  A$lcc2192 |    00000B73  A$lcc2192
     00000B73  C$main.c$ |    00000B74  A$lcc2192 |    00000B74  C$main.c$
     00000B74  XG$animat |    00000B76  A$lcc2192 |    00000B76  C$main.c$
     00000B76  C$main.c$ |    00000B76  G$main$0$ |    00000B76  _main    
     00000B78  A$lcc2192 |    00000B7A  A$lcc2192 |    00000B7A  C$main.c$
     00000B7B  A$lcc2192 |    00000B7D  A$lcc2192 |    00000B7D  C$main.c$
     00000B7E  A$lcc2192 |    00000B7E  C$main.c$ |    00000B81  A$lcc2192
     00000B82  A$lcc2192 |    00000B85  A$lcc2192 |    00000B86  A$lcc2192
     00000B87  A$lcc2192 |    00000B87  C$main.c$ |    00000B89  A$lcc2192
     00000B8A  A$lcc2192 |    00000B8B  A$lcc2192 |    00000B8E  A$lcc2192
     00000B8F  A$lcc2192 |    00000B8F  C$main.c$ |    00000B90  A$lcc2192
     00000B92  A$lcc2192 |    00000B92  C$main.c$ |    00000B94  A$lcc2192
     00000B96  A$lcc2192 |    00000B96  C$main.c$ |    00000B98  A$lcc2192
     00000B9A  A$lcc2192 |    00000B9C  A$lcc2192 |    00000B9C  C$main.c$
     00000B9E  A$lcc2192 |    00000BA0  A$lcc2192 |    00000BA2  A$lcc2192
     00000BA2  C$main.c$ |    00000BA4  A$lcc2192 |    00000BA6  A$lcc2192
     00000BA8  A$lcc2192 |    00000BA8  C$main.c$ |    00000BAA  A$lcc2192
     00000BAC  A$lcc2192 |    00000BAE  A$lcc2192 |    00000BAE  C$main.c$
     00000BB1  A$lcc2192 |    00000BB1  C$main.c$ |    00000BB1  C$main.c$
     00000BB4  A$lcc2192 |    00000BB7  A$lcc2192 |    00000BB7  C$main.c$
     00000BBA  A$lcc2192 |    00000BBD  A$lcc2192 |    00000BBE  A$lcc2192
     00000BBE  C$main.c$ |    00000BC1  A$lcc2192 |    00000BC2  A$lcc2192
     00000BC5  A$lcc2192 |    00000BC6  A$lcc2192 |    00000BC7  A$lcc2192
     00000BC8  A$lcc2192 |    00000BC9  A$lcc2192 |    00000BCC  A$lcc2192
     00000BCD  A$lcc2192 |    00000BCD  C$main.c$ |    00000BD0  A$lcc2192
     00000BD1  A$lcc2192 |    00000BD4  A$lcc2192 |    00000BD4  C$main.c$
     00000BD7  A$lcc2192 |    00000BDA  A$lcc2192 |    00000BDB  A$lcc2192
     00000BDC  A$lcc2192 |    00000BDD  A$lcc2192 |    00000BDE  A$lcc2192
     00000BE0  A$lcc2192 |    00000BE3  A$lcc2192 |    00000BE5  A$lcc2192
     00000BE7  A$lcc2192 |    00000BE7  C$main.c$ |    00000BE7  C$main.c$
     00000BEA  A$lcc2192 |    00000BEC  A$lcc2192 |    00000BEE  A$lcc2192
     00000BF1  A$lcc2192 |    00000BF3  A$lcc2192 |    00000BF5  A$lcc2192
     00000BF7  A$lcc2192 |    00000BF7  C$main.c$ |    00000BF7  C$main.c$
     00000BF9  A$lcc2192 |    00000BFB  A$lcc2192 |    00000BFB  C$main.c$
     00000BFE  A$lcc2192 |    00000C00  A$lcc2192 |    00000C00  C$main.c$
     00000C03  A$lcc2192 |    00000C05  A$lcc2192 |    00000C05  C$main.c$
ASxxxx Linker V03.00 + NoICE + sdld,  page 15.
Hexadecimal  [32-Bits]

Area                       Addr        Size        Decimal Bytes (Attributes)
--------------------       ----        ----        ------- ----- ------------
_CODE                  00000200    00001A12 =        6674. bytes (REL,CON)

        Value  Global            Value  Global            Value  Global    
        -----  ------            -----  ------            -----  ------    
     00000C07  A$lcc2192 |    00000C07  C$main.c$ |    00000C07  C$main.c$
     00000C09  A$lcc2192 |    00000C0B  A$lcc2192 |    00000C0B  C$main.c$
     00000C0E  A$lcc2192 |    00000C10  A$lcc2192 |    00000C10  C$main.c$
     00000C13  A$lcc2192 |    00000C15  A$lcc2192 |    00000C15  C$main.c$
     00000C17  A$lcc2192 |    00000C17  C$main.c$ |    00000C17  C$main.c$
     00000C19  A$lcc2192 |    00000C1B  A$lcc2192 |    00000C1B  C$main.c$
     00000C1E  A$lcc2192 |    00000C20  A$lcc2192 |    00000C20  C$main.c$
     00000C23  A$lcc2192 |    00000C25  A$lcc2192 |    00000C25  C$main.c$
     00000C28  A$lcc2192 |    00000C2A  A$lcc2192 |    00000C2A  C$main.c$
     00000C2C  A$lcc2192 |    00000C2C  C$main.c$ |    00000C2C  C$main.c$
     00000C2F  A$lcc2192 |    00000C30  A$lcc2192 |    00000C31  A$lcc2192
     00000C32  A$lcc2192 |    00000C33  A$lcc2192 |    00000C35  A$lcc2192
     00000C37  A$lcc2192 |    00000C38  A$lcc2192 |    00000C3A  A$lcc2192
     00000C3B  A$lcc2192 |    00000C3D  A$lcc2192 |    00000C3F  A$lcc2192
     00000C41  A$lcc2192 |    00000C43  A$lcc2192 |    00000C44  A$lcc2192
     00000C46  A$lcc2192 |    00000C48  A$lcc2192 |    00000C4A  A$lcc2192
     00000C4B  A$lcc2192 |    00000C4D  A$lcc2192 |    00000C4F  A$lcc2192
     00000C51  A$lcc2192 |    00000C51  C$main.c$ |    00000C54  A$lcc2192
     00000C56  A$lcc2192 |    00000C56  C$main.c$ |    00000C59  A$lcc2192
     00000C5B  A$lcc2192 |    00000C5B  C$main.c$ |    00000C5E  A$lcc2192
     00000C60  A$lcc2192 |    00000C60  C$main.c$ |    00000C60  C$main.c$
     00000C63  A$lcc2192 |    00000C63  C$main.c$ |    00000C66  A$lcc2192
     00000C66  C$main.c$ |    00000C69  A$lcc2192 |    00000C69  C$main.c$
     00000C6C  A$lcc2192 |    00000C6E  A$lcc2192 |    00000C70  A$lcc2192
     00000C70  C$main.c$ |    00000C73  A$lcc2192 |    00000C73  C$main.c$
     00000C76  A$lcc2192 |    00000C78  A$lcc2192 |    00000C7A  A$lcc2192
     00000C7A  C$main.c$ |    00000C7D  A$lcc2192 |    00000C7E  A$lcc2192
     00000C80  A$lcc2192 |    00000C81  A$lcc2192 |    00000C82  A$lcc2192
     00000C85  A$lcc2192 |    00000C87  A$lcc2192 |    00000C87  C$main.c$
     00000C8A  A$lcc2192 |    00000C8A  C$main.c$ |    00000C8D  A$lcc2192
     00000C8D  C$main.c$ |    00000C8D  XG$main$0 |    00000C90  G$BKG_MAP
     00000C90  _BKG_MAP  |    00001090  G$BKG_TIL |    00001090  _BKG_TILE
     000012D0  G$COLLISI |    000012D0  _COLLISIO |    000016D0  G$WIN_FRO
     000016D0  _WIN_FROG |    000016D4  _get_vram |    000016E1  _get_win_
     000016E9  _get_bkg_ |    00001710  _set_vram |    0000171F  _set_win_
     00001727  _set_bkg_ |    000017FB  ___printf |    00001B92  _sprintf 
     00001BB3  ___move_m |    00001BEB  _get_win_ |    00001BF3  _get_bkg_
ASxxxx Linker V03.00 + NoICE + sdld,  page 16.
Hexadecimal  [32-Bits]

Area                       Addr        Size        Decimal Bytes (Attributes)
--------------------       ----        ----        ------- ----- ------------
_HEADER0               00000000    00000001 =           1. bytes (ABS,CON)

        Value  Global            Value  Global            Value  Global    
        -----  ------            -----  ------            -----  ------    
     00000020  .call_hl 
ASxxxx Linker V03.00 + NoICE + sdld,  page 17.
Hexadecimal  [32-Bits]

Area                       Addr        Size        Decimal Bytes (Attributes)
--------------------       ----        ----        ------- ----- ------------
_HEADER1               00000000    00000005 =           5. bytes (ABS,CON)

        Value  Global            Value  Global            Value  Global    
        -----  ------            -----  ------            -----  ------    
     00000028  .MemsetSm
ASxxxx Linker V03.00 + NoICE + sdld,  page 18.
Hexadecimal  [32-Bits]

Area                       Addr        Size        Decimal Bytes (Attributes)
--------------------       ----        ----        ------- ----- ------------
_HEADER2               00000000    00000007 =           7. bytes (ABS,CON)

        Value  Global            Value  Global            Value  Global    
        -----  ------            -----  ------            -----  ------    
     00000030  .MemcpySm
ASxxxx Linker V03.00 + NoICE + sdld,  page 19.
Hexadecimal  [32-Bits]

Area                       Addr        Size        Decimal Bytes (Attributes)
--------------------       ----        ----        ------- ----- ------------
_HEADER3               00000000    00000008 =           8. bytes (ABS,CON)

        Value  Global            Value  Global            Value  Global    
        -----  ------            -----  ------            -----  ------    
ASxxxx Linker V03.00 + NoICE + sdld,  page 20.
Hexadecimal  [32-Bits]

Area                       Addr        Size        Decimal Bytes (Attributes)
--------------------       ----        ----        ------- ----- ------------
_HEADER4               00000000    0000004F =          79. bytes (ABS,CON)

        Value  Global            Value  Global            Value  Global    
        -----  ------            -----  ------            -----  ------    
     00000080  .int      |    0000008F  _wait_int |    0000009C  __standar
     000000AC  _refresh_
ASxxxx Linker V03.00 + NoICE + sdld,  page 21.
Hexadecimal  [32-Bits]

Area                       Addr        Size        Decimal Bytes (Attributes)
--------------------       ----        ----        ------- ----- ------------
_HEADER5               00000000    00000002 =           2. bytes (ABS,CON)

        Value  Global            Value  Global            Value  Global    
        -----  ------            -----  ------            -----  ------    
ASxxxx Linker V03.00 + NoICE + sdld,  page 22.
Hexadecimal  [32-Bits]

Area                       Addr        Size        Decimal Bytes (Attributes)
--------------------       ----        ----        ------- ----- ------------
_HEADER6               00000000    00000030 =          48. bytes (ABS,CON)

        Value  Global            Value  Global            Value  Global    
        -----  ------            -----  ------            -----  ------    
ASxxxx Linker V03.00 + NoICE + sdld,  page 23.
Hexadecimal  [32-Bits]

Area                       Addr        Size        Decimal Bytes (Attributes)
--------------------       ----        ----        ------- ----- ------------
_HEADER7               00000000    00000006 =           6. bytes (ABS,CON)

        Value  Global            Value  Global            Value  Global    
        -----  ------            -----  ------            -----  ------    
ASxxxx Linker V03.00 + NoICE + sdld,  page 24.
Hexadecimal  [32-Bits]

Area                       Addr        Size        Decimal Bytes (Attributes)
--------------------       ----        ----        ------- ----- ------------
_HEADER8               00000000    00000003 =           3. bytes (ABS,CON)

        Value  Global            Value  Global            Value  Global    
        -----  ------            -----  ------            -----  ------    
ASxxxx Linker V03.00 + NoICE + sdld,  page 25.
Hexadecimal  [32-Bits]

Area                       Addr        Size        Decimal Bytes (Attributes)
--------------------       ----        ----        ------- ----- ------------
_HEADER9               00000000    00000001 =           1. bytes (ABS,CON)

        Value  Global            Value  Global            Value  Global    
        -----  ------            -----  ------            -----  ------    
ASxxxx Linker V03.00 + NoICE + sdld,  page 26.
Hexadecimal  [32-Bits]

Area                       Addr        Size        Decimal Bytes (Attributes)
--------------------       ----        ----        ------- ----- ------------
_HEADERa               00000000    00000001 =           1. bytes (ABS,CON)

        Value  Global            Value  Global            Value  Global    
        -----  ------            -----  ------            -----  ------    
ASxxxx Linker V03.00 + NoICE + sdld,  page 27.
Hexadecimal  [32-Bits]

Area                       Addr        Size        Decimal Bytes (Attributes)
--------------------       ----        ----        ------- ----- ------------
_HEADERb               00000000    00000001 =           1. bytes (ABS,CON)

        Value  Global            Value  Global            Value  Global    
        -----  ------            -----  ------            -----  ------    
ASxxxx Linker V03.00 + NoICE + sdld,  page 28.
Hexadecimal  [32-Bits]

Area                       Addr        Size        Decimal Bytes (Attributes)
--------------------       ----        ----        ------- ----- ------------
_HEADERc               00000000    00000002 =           2. bytes (ABS,CON)

        Value  Global            Value  Global            Value  Global    
        -----  ------            -----  ------            -----  ------    
ASxxxx Linker V03.00 + NoICE + sdld,  page 29.
Hexadecimal  [32-Bits]

Area                       Addr        Size        Decimal Bytes (Attributes)
--------------------       ----        ----        ------- ----- ------------
_HEADERd               00000000    00000001 =           1. bytes (ABS,CON)

        Value  Global            Value  Global            Value  Global    
        -----  ------            -----  ------            -----  ------    
ASxxxx Linker V03.00 + NoICE + sdld,  page 30.
Hexadecimal  [32-Bits]

Area                       Addr        Size        Decimal Bytes (Attributes)
--------------------       ----        ----        ------- ----- ------------
_HEADERe               00000000    00000001 =           1. bytes (ABS,CON)

        Value  Global            Value  Global            Value  Global    
        -----  ------            -----  ------            -----  ------    
ASxxxx Linker V03.00 + NoICE + sdld,  page 31.
Hexadecimal  [32-Bits]

Area                       Addr        Size        Decimal Bytes (Attributes)
--------------------       ----        ----        ------- ----- ------------
_HEADERf               00000000    00000002 =           2. bytes (ABS,CON)

        Value  Global            Value  Global            Value  Global    
        -----  ------            -----  ------            -----  ------    
ASxxxx Linker V03.00 + NoICE + sdld,  page 32.
Hexadecimal  [32-Bits]

Area                       Addr        Size        Decimal Bytes (Attributes)
--------------------       ----        ----        ------- ----- ------------
_HEADER10              00000000    00000082 =         130. bytes (ABS,CON)

        Value  Global            Value  Global            Value  Global    
        -----  ------            -----  ------            -----  ------    
     00000150  .reset    |    00000150  _reset    |    00000157  .code_sta
     000001B7  _exit     |    000001BB  _set_inte
ASxxxx Linker V03.00 + NoICE + sdld,  page 33.
Hexadecimal  [32-Bits]

Area                       Addr        Size        Decimal Bytes (Attributes)
--------------------       ----        ----        ------- ----- ------------
_HEADER11              00000000    00000001 =           1. bytes (ABS,CON)

        Value  Global            Value  Global            Value  Global    
        -----  ------            -----  ------            -----  ------    
ASxxxx Linker V03.00 + NoICE + sdld,  page 34.
Hexadecimal  [32-Bits]

Area                       Addr        Size        Decimal Bytes (Attributes)
--------------------       ----        ----        ------- ----- ------------
_HOME                  00001C12    0000039A =         922. bytes (REL,CON)

        Value  Global            Value  Global            Value  Global    
        -----  ------            -----  ------            -----  ------    
     00001C12  .memset_s |    00001C1B  .memcpy_s |    00001C38  .remove_V
     00001C3B  .remove_i |    00001C58  .add_VBL  |    00001C5B  .add_int 
     00001C66  .wait_vbl |    00001C66  _wait_vbl |    00001C76  .display_
     00001C76  _display_ |    00001C8E  _remove_V |    00001C99  _add_VBL 
     00001CA4  _set_tile |    00001CA9  _set_bkg_ |    00001CA9  _set_win_
     00001CB1  _set_spri |    00001CE1  .padup    |    00001CE1  _waitpadu
     00001CF1  .jpad     |    00001CF1  _joypad   |    00001D19  _waitpad 
     00001D1C  .wait_pad |    00001D23  ___sdcc_c |    00001D53  _add_LCD 
     00001D5E  .add_LCD  |    00001D64  _remove_L |    00001D6F  .remove_L
     00001D75  __divsuch |    00001D82  __modsuch |    00001D8C  __divusch
     00001D9E  __modusch |    00001DAE  __divscha |    00001DBA  __modscha
     00001DC4  __divsint |    00001DD5  __modsint |    00001DE4  __divucha
     00001DF0  __moducha |    00001DFA  __divuint |    00001E0B  __moduint
     00001E1A  .div8     |    00001E1A  .mod8     |    00001E22  .div16   
     00001E22  .mod16    |    00001E58  .divu8    |    00001E58  .modu8   
     00001E5B  .divu16   |    00001E5B  .modu16   |    00001E9C  _set_bkg_
     00001EB0  _uitoa    |    00001EBF  _itoa     |    00001ECE  .itoa    
     00001EE2  .utoa     |    00001F56  .set_xy_w |    00001F5F  .set_xy_b
     00001F6E  .set_xy_t
ASxxxx Linker V03.00 + NoICE + sdld,  page 35.
Hexadecimal  [32-Bits]

Area                       Addr        Size        Decimal Bytes (Attributes)
--------------------       ----        ----        ------- ----- ------------
_CODE_0                00001FAC    00000440 =        1088. bytes (REL,CON)

        Value  Global            Value  Global            Value  Global    
        -----  ------            -----  ------            -----  ------    
     00001FAC  G$FONT$0_ |    00001FAC  _FONT    
ASxxxx Linker V03.00 + NoICE + sdld,  page 36.
Hexadecimal  [32-Bits]

Area                       Addr        Size        Decimal Bytes (Attributes)
--------------------       ----        ----        ------- ----- ------------
_INITIALIZER           000023EC    00000037 =          55. bytes (REL,CON)

        Value  Global            Value  Global            Value  Global    
        -----  ------            -----  ------            -----  ------    
     000023EC  Fmain$__x |    00002410  Fmain$__x |    00002413  Fmain$__x
     00002417  Fmain$__x |    0000241B  Fmain$__x
ASxxxx Linker V03.00 + NoICE + sdld,  page 37.
Hexadecimal  [32-Bits]

Area                       Addr        Size        Decimal Bytes (Attributes)
--------------------       ----        ----        ------- ----- ------------
_GSINIT                00002423    0000000C =          12. bytes (REL,CON)

        Value  Global            Value  Global            Value  Global    
        -----  ------            -----  ------            -----  ------    
     00002423  gsinit   
ASxxxx Linker V03.00 + NoICE + sdld,  page 38.
Hexadecimal  [32-Bits]

Area                       Addr        Size        Decimal Bytes (Attributes)
--------------------       ----        ----        ------- ----- ------------
_GSFINAL               0000242F    00000001 =           1. bytes (REL,CON)

        Value  Global            Value  Global            Value  Global    
        -----  ------            -----  ------            -----  ------    
ASxxxx Linker V03.00 + NoICE + sdld,  page 39.
Hexadecimal  [32-Bits]

Area                       Addr        Size        Decimal Bytes (Attributes)
--------------------       ----        ----        ------- ----- ------------
_DATA                  0000C0A0    00000051 =          81. bytes (REL,CON)

        Value  Global            Value  Global            Value  Global    
        -----  ------            -----  ------            -----  ------    
     0000C0A0  __cpu     |    0000C0A1  __is_GBA  |    0000C0A2  .mode    
     0000C0A3  .sys_time |    0000C0A3  _sys_time |    0000C0A5  .int_0x40
     0000C0B9  G$scroll$ |    0000C0B9  _scroll   |    0000C0C3  G$PLAYER$
     0000C0C3  _PLAYER   |    0000C0C9  G$joy$0_0 |    0000C0C9  _joy     
     0000C0CA  G$last_jo |    0000C0CA  _last_joy |    0000C0CB  G$is_movi
     0000C0CB  _is_movin |    0000C0CC  G$turtles |    0000C0CC  _turtles_
     0000C0CD  G$move_x$ |    0000C0CD  _move_x   |    0000C0CE  G$move_y$
     0000C0CE  _move_y   |    0000C0CF  G$scx_cou |    0000C0CF  _scx_coun
     0000C0D0  G$turtle_ |    0000C0D0  _turtle_c |    0000C0D1  G$dive_co
     0000C0D1  _dive_cou |    0000C0D2  G$turtle_ |    0000C0D2  _turtle_t
     0000C0D3  G$dive_ti |    0000C0D3  _dive_til |    0000C0D4  G$y_min$0
     0000C0D4  _y_min    |    0000C0D5  G$vram_ad |    0000C0D5  _vram_add
     0000C0D7  G$score$0 |    0000C0D7  _score    |    0000C0D9  G$text_bu
     0000C0D9  _text_buf |    0000C0DE  ___curren |    0000C0E0  ___curren
     0000C0E1  .int_0x48
ASxxxx Linker V03.00 + NoICE + sdld,  page 40.
Hexadecimal  [32-Bits]

Area                       Addr        Size        Decimal Bytes (Attributes)
--------------------       ----        ----        ------- ----- ------------
_INITIALIZED           0000C0F1    00000037 =          55. bytes (REL,CON)

        Value  Global            Value  Global            Value  Global    
        -----  ------            -----  ------            -----  ------    
     0000C0F1  G$scroll_ |    0000C0F1  _scroll_r |    0000C115  G$turtle_
     0000C115  _turtle_d |    0000C118  G$turtle_ |    0000C118  _turtle_d
     0000C11C  G$turtle_ |    0000C11C  _turtle_t |    0000C120  G$dive_ti
     0000C120  _dive_til |    0000C127  ___render
ASxxxx Linker V03.00 + NoICE + sdld,  page 41.
Hexadecimal  [32-Bits]

Area                       Addr        Size        Decimal Bytes (Attributes)
--------------------       ----        ----        ------- ----- ------------
_HRAM12                00000000    00000003 =           3. bytes (ABS,CON)

        Value  Global            Value  Global            Value  Global    
        -----  ------            -----  ------            -----  ------    
     0000FF90  __current |    0000FF92  __shadow_
ASxxxx Linker V03.00 + NoICE + sdld,  page 42.
Hexadecimal  [32-Bits]

Area                       Addr        Size        Decimal Bytes (Attributes)
--------------------       ----        ----        ------- ----- ------------
_CODE_1                00014000    000000AC =         172. bytes (REL,CON)

        Value  Global            Value  Global            Value  Global    
        -----  ------            -----  ------            -----  ------    
     00014000  C$frogger |    00014000  G$__func_ |    00014000  G$frogger
     00014000  ___func_f |    00014000  _frogger_ |    00014008  G$frogger
     00014008  _frogger_ |    00014048  G$frogger |    00014048  _frogger_
     00014054  G$frogger |    00014054  _frogger_ |    00014056  C$frogger
     00014056  G$__func_ |    00014056  G$frogger |    00014056  ___func_f
     00014056  _frogger_ |    0001405E  G$frogger |    0001405E  _frogger_
     0001409E  G$frogger |    0001409E  _frogger_ |    000140AA  G$frogger
     000140AA  _frogger_
ASxxxx Linker V03.00 + NoICE + sdld,  page 43.
Hexadecimal  [32-Bits]

Area                       Addr        Size        Decimal Bytes (Attributes)
--------------------       ----        ----        ------- ----- ------------
_HEADER_LCD0           00000000    00000003 =           3. bytes (ABS,CON)

        Value  Global            Value  Global            Value  Global    
        -----  ------            -----  ------            -----  ------    
ASxxxx Linker V03.00 + NoICE + sdld,  page 44.

Files Linked                              [ module(s) ]

C:\c_code\gbdk\lib/small/asxxxx/gb/crt0.o
                                          [ Runtime ]
C:\Users\User\AppData\Local\Temp/lcc219200.rel
                                          [ main ]
C:\Users\User\AppData\Local\Temp/lcc219201.rel
                                          [ bkg_map ]
C:\Users\User\AppData\Local\Temp/lcc219202.rel
                                          [ bkg_tiles ]
C:\Users\User\AppData\Local\Temp/lcc219203.rel
                                          [ collision_map ]
C:\Users\User\AppData\Local\Temp/lcc219204.rel
                                          [ font ]
C:\Users\User\AppData\Local\Temp/lcc219205.rel
                                          [ frogger ]
C:\Users\User\AppData\Local\Temp/lcc219206.rel
                                          [ frogger_16 ]
C:\Users\User\AppData\Local\Temp/lcc219207.rel
                                          [ win_frog ]


Libraries Linked                          [ object file ]

C:\c_code\gbdk\lib/small/asxxxx/gb/gb.lib
                                          [ sfr.o ]
C:\c_code\gbdk\lib/small/asxxxx/gb/gb.lib
                                          [ get_tile.o ]
C:\c_code\gbdk\lib/small/asxxxx/gb/gb.lib
                                          [ set_tile.o ]
C:\c_code\gbdk\lib/small/asxxxx/gb/gb.lib
                                          [ set_data.o ]
C:\c_code\gbdk\lib/small/asxxxx/gbz80/gbz80.lib
                                          [ sprintf.o ]
C:\c_code\gbdk\lib/small/asxxxx/gb/gb.lib
                                          [ pad.o ]
C:\c_code\gbdk\lib/small/asxxxx/gb/gb.lib
                                          [ metasprites.o ]
C:\c_code\gbdk\lib/small/asxxxx/gbz80/gbz80.lib
                                          [ __sdcc_call_hl.o ]
C:\c_code\gbdk\lib/small/asxxxx/gb/gb.lib
                                          [ lcd.o ]
C:\c_code\gbdk\lib/small/asxxxx/gb/gb.lib
                                          [ get_addr.o ]
C:\c_code\gbdk\lib/small/asxxxx/gbz80/gbz80.lib
                                          [ div.o ]
C:\c_code\gbdk\lib/small/asxxxx/gb/gb.lib
                                          [ set_bk_t.o ]
C:\c_code\gbdk\lib/small/asxxxx/gbz80/gbz80.lib
                                          [ itoa.o ]
C:\c_code\gbdk\lib/small/asxxxx/gb/gb.lib
                                          [ set_xy_t.o ]

ASxxxx Linker V03.00 + NoICE + sdld,  page 45.

User Base Address Definitions

_DATA=0xC0A0
_CODE=0x0200
ASxxxx Linker V03.00 + NoICE + sdld,  page 46.

User Global Definitions

_shadow_OAM=0xC000
.STACK=0xE000
.refresh_OAM=0xFF80

