ASxxxx Linker V03.00 + NoICE + sdld,  page 1.
Hexadecimal  [32-Bits]

Area                       Addr        Size        Decimal Bytes (Attributes)
--------------------       ----        ----        ------- ----- ------------
.  .ABS.               00000000    00000000 =           0. bytes (ABS,CON)

        Value  Global            Value  Global            Value  Global    
        -----  ------            -----  ------            -----  ------    
     00000000  .__.ABS.  |    00000000  _rRAMG    |    00000000  l__BASE  
     00000000  l__BSS    |    00000000  l__CABS   |    00000000  l__DABS  
     00000000  l__HEADER |    00000000  l__HEADER |    00000000  l__HEAP  
     00000000  l__HRAM   |    00000000  l__LIT    |    00000000  s__CABS  
     00000000  s__DABS   |    00000000  s__HEADER |    00000000  s__HEADER
     00000000  s__HEADER |    00000000  s__HEADER |    00000000  s__HEADER
     00000000  s__HEADER |    00000000  s__HEADER |    00000000  s__HEADER
     00000000  s__HEADER |    00000000  s__HEADER |    00000000  s__HEADER
     00000000  s__HEADER |    00000000  s__HEADER |    00000000  s__HEADER
     00000000  s__HEADER |    00000000  s__HEADER |    00000000  s__HEADER
     00000000  s__HEADER |    00000000  s__HEADER |    00000000  s__HEADER
     00000000  s__HEADER |    00000000  s__HRAM   |    00000000  s__HRAM12
     00000001  ___bank_f |    00000001  ___bank_f |    00000001  ___bank_t
     00000001  l__GSFINA |    00000001  l__HEADER |    00000001  l__HEADER
     00000001  l__HEADER |    00000001  l__HEADER |    00000001  l__HEADER
     00000001  l__HEADER |    00000001  l__HEADER |    00000002  l__HEADER
     00000002  l__HEADER |    00000002  l__HEADER |    00000003  l__HEADER
     00000003  l__HEADER |    00000003  l__HRAM12 |    00000005  l__HEADER
     00000006  l__HEADER |    00000007  l__HEADER |    00000008  l__HEADER
     0000000C  l__GSINIT |    00000030  l__HEADER |    0000004F  l__HEADER
     00000050  l__INITIA |    00000050  l__INITIA |    0000007C  l__DATA  
     00000082  l__HEADER |    00000200  s__CODE   |    0000039A  l__HOME  
     000003D0  l__CODE_1 |    00000440  l__CODE_0 |    00002000  _rROMB0  
     0000238B  l__CODE   |    0000258B  s__HOME   |    00002925  s__BASE  
     00002925  s__CODE_0 |    00002D65  s__INITIA |    00002D65  s__LIT   
     00002DB5  s__GSINIT |    00002DC1  s__GSFINA |    00003000  _rROMB1  
     00004000  _rRAMB    |    00008000  __VRAM    |    00008000  __VRAM800
     00008800  __VRAM880 |    00009000  __VRAM900 |    00009800  __SCRN0  
     00009C00  __SCRN1   |    0000A000  __SRAM    |    0000C000  __RAM    
     0000C000  _shadow_O |    0000C0A0  s__DATA   |    0000C11C  s__BSS   
     0000C11C  s__INITIA |    0000C16C  s__HEAP   |    0000D000  __RAMBANK
     0000E000  .STACK    |    0000FE00  __OAMRAM  |    0000FF00  _P1_REG  
     0000FF00  __IO      |    0000FF01  _SB_REG   |    0000FF02  _SC_REG  
     0000FF04  _DIV_REG  |    0000FF05  _TIMA_REG |    0000FF06  _TMA_REG 
     0000FF07  _TAC_REG  |    0000FF0F  _IF_REG   |    0000FF10  _NR10_REG
     0000FF11  _NR11_REG |    0000FF12  _NR12_REG |    0000FF13  _NR13_REG
     0000FF14  _NR14_REG |    0000FF16  _NR21_REG |    0000FF17  _NR22_REG
     0000FF18  _NR23_REG |    0000FF19  _NR24_REG |    0000FF1A  _NR30_REG
     0000FF1B  _NR31_REG |    0000FF1C  _NR32_REG |    0000FF1D  _NR33_REG
     0000FF1E  _NR34_REG |    0000FF20  _NR41_REG |    0000FF21  _NR42_REG
     0000FF22  _NR43_REG |    0000FF23  _NR44_REG |    0000FF24  _NR50_REG
     0000FF25  _NR51_REG |    0000FF26  _NR52_REG |    0000FF30  _PCM_SAMP
     0000FF30  __AUD3WAV |    0000FF40  _LCDC_REG |    0000FF41  _STAT_REG
     0000FF42  _SCY_REG  |    0000FF43  _SCX_REG  |    0000FF44  _LY_REG  
     0000FF45  _LYC_REG  |    0000FF46  _DMA_REG  |    0000FF47  _BGP_REG 
     0000FF48  _OBP0_REG |    0000FF49  _OBP1_REG |    0000FF4A  _WY_REG  
     0000FF4B  _WX_REG   |    0000FF4D  _KEY1_REG |    0000FF4F  _VBK_REG 
     0000FF51  _HDMA1_RE |    0000FF52  _HDMA2_RE |    0000FF53  _HDMA3_RE
     0000FF54  _HDMA4_RE |    0000FF55  _HDMA5_RE |    0000FF56  _RP_REG  
     0000FF68  _BCPS_REG |    0000FF69  _BCPD_REG |    0000FF6A  _OCPS_REG
ASxxxx Linker V03.00 + NoICE + sdld,  page 2.
Hexadecimal  [32-Bits]

Area                       Addr        Size        Decimal Bytes (Attributes)
--------------------       ----        ----        ------- ----- ------------
.  .ABS.               00000000    00000000 =           0. bytes (ABS,CON)

        Value  Global            Value  Global            Value  Global    
        -----  ------            -----  ------            -----  ------    
     0000FF6B  _OCPD_REG |    0000FF70  _SVBK_REG |    0000FF76  _PCM12_RE
     0000FF77  _PCM34_RE |    0000FF80  .refresh_ |    0000FF80  __HRAM   
     0000FFFF  _IE_REG   |    00014000  s__CODE_1
ASxxxx Linker V03.00 + NoICE + sdld,  page 3.
Hexadecimal  [32-Bits]

Area                       Addr        Size        Decimal Bytes (Attributes)
--------------------       ----        ----        ------- ----- ------------
_CODE                  00000200    0000238B =        9099. bytes (REL,CON)

        Value  Global            Value  Global            Value  Global    
        -----  ------            -----  ------            -----  ------    
     00000200  A$lcc1700 |    00000200  C$main.c$ |    00000200  C$main.c$
     00000200  G$kill_fr |    00000200  _kill_fro |    00000203  A$lcc1700
     00000205  A$lcc1700 |    00000205  C$main.c$ |    00000208  A$lcc1700
     0000020A  A$lcc1700 |    0000020A  C$main.c$ |    0000020D  A$lcc1700
     0000020F  A$lcc1700 |    0000020F  C$main.c$ |    0000020F  XG$kill_f
     00000210  A$lcc1700 |    00000210  C$main.c$ |    00000210  G$render_
     00000210  _render_a |    00000211  A$lcc1700 |    00000211  C$main.c$
     00000214  A$lcc1700 |    00000215  A$lcc1700 |    00000215  C$main.c$
     00000218  A$lcc1700 |    00000219  A$lcc1700 |    0000021B  A$lcc1700
     0000021C  A$lcc1700 |    0000021D  A$lcc1700 |    0000021E  A$lcc1700
     0000021F  A$lcc1700 |    00000220  A$lcc1700 |    00000222  A$lcc1700
     00000225  A$lcc1700 |    00000226  A$lcc1700 |    00000226  C$main.c$
     00000226  C$main.c$ |    00000227  A$lcc1700 |    00000228  A$lcc1700
     0000022A  A$lcc1700 |    0000022D  A$lcc1700 |    0000022F  A$lcc1700
     00000230  A$lcc1700 |    00000233  A$lcc1700 |    00000235  A$lcc1700
     00000236  A$lcc1700 |    00000239  A$lcc1700 |    0000023A  A$lcc1700
     0000023B  A$lcc1700 |    0000023C  A$lcc1700 |    0000023F  A$lcc1700
     00000240  A$lcc1700 |    00000241  A$lcc1700 |    00000242  A$lcc1700
     00000245  A$lcc1700 |    00000247  A$lcc1700 |    00000249  A$lcc1700
     0000024B  A$lcc1700 |    0000024D  A$lcc1700 |    00000250  A$lcc1700
     00000252  A$lcc1700 |    00000255  A$lcc1700 |    00000256  A$lcc1700
     00000257  A$lcc1700 |    00000258  A$lcc1700 |    00000259  A$lcc1700
     0000025B  A$lcc1700 |    0000025C  A$lcc1700 |    0000025E  A$lcc1700
     0000025F  A$lcc1700 |    00000262  A$lcc1700 |    00000264  A$lcc1700
     00000264  C$main.c$ |    00000266  A$lcc1700 |    00000266  C$main.c$
     00000267  A$lcc1700 |    00000268  A$lcc1700 |    0000026A  A$lcc1700
     0000026D  A$lcc1700 |    0000026E  A$lcc1700 |    00000271  A$lcc1700
     00000272  A$lcc1700 |    00000275  A$lcc1700 |    00000276  A$lcc1700
     00000277  A$lcc1700 |    00000278  A$lcc1700 |    00000279  A$lcc1700
     0000027C  A$lcc1700 |    0000027D  A$lcc1700 |    0000027E  A$lcc1700
     0000027F  A$lcc1700 |    00000282  A$lcc1700 |    00000284  A$lcc1700
     00000285  A$lcc1700 |    00000286  A$lcc1700 |    00000287  A$lcc1700
     00000288  A$lcc1700 |    00000289  A$lcc1700 |    0000028A  A$lcc1700
     0000028B  A$lcc1700 |    0000028C  A$lcc1700 |    0000028F  A$lcc1700
     00000291  A$lcc1700 |    00000291  C$main.c$ |    00000291  C$main.c$
     00000294  A$lcc1700 |    00000296  A$lcc1700 |    00000296  C$main.c$
     00000299  A$lcc1700 |    0000029B  A$lcc1700 |    0000029C  A$lcc1700
     0000029C  C$main.c$ |    0000029C  XG$render |    0000029D  A$lcc1700
     0000029D  C$main.c$ |    0000029D  C$main.c$ |    0000029D  G$update_
     0000029D  _update_l |    000002A0  A$lcc1700 |    000002A1  A$lcc1700
     000002A4  A$lcc1700 |    000002A5  A$lcc1700 |    000002A8  A$lcc1700
     000002A9  A$lcc1700 |    000002AA  A$lcc1700 |    000002AB  A$lcc1700
     000002AB  C$main.c$ |    000002AE  A$lcc1700 |    000002AF  A$lcc1700
     000002B2  A$lcc1700 |    000002B3  A$lcc1700 |    000002B6  A$lcc1700
     000002B7  A$lcc1700 |    000002BA  A$lcc1700 |    000002BC  A$lcc1700
     000002BC  C$main.c$ |    000002BF  A$lcc1700 |    000002C0  A$lcc1700
     000002C1  A$lcc1700 |    000002C3  A$lcc1700 |    000002C3  C$main.c$
     000002C5  A$lcc1700 |    000002C6  A$lcc1700 |    000002C7  A$lcc1700
     000002CA  A$lcc1700 |    000002CB  A$lcc1700 |    000002CC  A$lcc1700
     000002CD  A$lcc1700 |    000002CE  A$lcc1700 |    000002D1  A$lcc1700
ASxxxx Linker V03.00 + NoICE + sdld,  page 4.
Hexadecimal  [32-Bits]

Area                       Addr        Size        Decimal Bytes (Attributes)
--------------------       ----        ----        ------- ----- ------------
_CODE                  00000200    0000238B =        9099. bytes (REL,CON)

        Value  Global            Value  Global            Value  Global    
        -----  ------            -----  ------            -----  ------    
     000002D3  A$lcc1700 |    000002D3  C$main.c$ |    000002D6  A$lcc1700
     000002D7  A$lcc1700 |    000002D9  A$lcc1700 |    000002DA  A$lcc1700
     000002DB  A$lcc1700 |    000002DB  C$main.c$ |    000002DC  A$lcc1700
     000002DE  A$lcc1700 |    000002DE  C$main.c$ |    000002E1  A$lcc1700
     000002E2  A$lcc1700 |    000002E5  A$lcc1700 |    000002E6  A$lcc1700
     000002E9  A$lcc1700 |    000002EA  A$lcc1700 |    000002EB  A$lcc1700
     000002EC  A$lcc1700 |    000002EC  C$main.c$ |    000002EF  A$lcc1700
     000002F1  A$lcc1700 |    000002F2  A$lcc1700 |    000002F3  A$lcc1700
     000002F6  A$lcc1700 |    000002F7  A$lcc1700 |    000002F8  A$lcc1700
     000002F9  A$lcc1700 |    000002FA  A$lcc1700 |    000002FD  A$lcc1700
     000002FF  A$lcc1700 |    000002FF  C$main.c$ |    000002FF  XG$update
     00000300  Fmain$__s |    00000303  A$lcc1700 |    00000303  C$main.c$
     00000303  C$main.c$ |    00000303  G$update_ |    00000303  _update_p
     00000306  A$lcc1700 |    00000307  A$lcc1700 |    0000030A  A$lcc1700
     0000030B  A$lcc1700 |    0000030E  A$lcc1700 |    0000030F  A$lcc1700
     00000310  A$lcc1700 |    00000311  A$lcc1700 |    00000311  C$main.c$
     00000314  A$lcc1700 |    00000315  A$lcc1700 |    00000316  A$lcc1700
     00000317  A$lcc1700 |    00000317  C$main.c$ |    00000319  A$lcc1700
     0000031A  A$lcc1700 |    0000031B  A$lcc1700 |    0000031E  A$lcc1700
     0000031F  A$lcc1700 |    00000320  A$lcc1700 |    00000321  A$lcc1700
     00000322  A$lcc1700 |    00000325  A$lcc1700 |    00000327  A$lcc1700
     00000327  C$main.c$ |    0000032A  A$lcc1700 |    0000032B  A$lcc1700
     0000032D  A$lcc1700 |    0000032E  A$lcc1700 |    0000032F  A$lcc1700
     0000032F  C$main.c$ |    00000330  A$lcc1700 |    00000330  C$main.c$
     00000330  XG$update |    00000332  A$lcc1700 |    00000332  C$main.c$
     00000332  C$main.c$ |    00000332  G$update_ |    00000332  _update_s
     00000335  A$lcc1700 |    00000336  A$lcc1700 |    00000338  A$lcc1700
     00000339  A$lcc1700 |    0000033B  A$lcc1700 |    0000033D  A$lcc1700
     0000033E  A$lcc1700 |    0000033F  A$lcc1700 |    00000340  A$lcc1700
     00000342  A$lcc1700 |    00000342  C$main.c$ |    00000345  A$lcc1700
     00000346  A$lcc1700 |    00000349  A$lcc1700 |    0000034A  A$lcc1700
     0000034D  A$lcc1700 |    0000034E  A$lcc1700 |    0000034F  A$lcc1700
     00000350  A$lcc1700 |    00000352  A$lcc1700 |    00000352  C$main.c$
     00000355  A$lcc1700 |    00000356  A$lcc1700 |    00000358  A$lcc1700
     00000359  A$lcc1700 |    0000035B  A$lcc1700 |    0000035D  A$lcc1700
     0000035E  A$lcc1700 |    00000360  A$lcc1700 |    00000362  A$lcc1700
     00000363  A$lcc1700 |    00000365  A$lcc1700 |    00000365  C$main.c$
     00000368  A$lcc1700 |    00000369  A$lcc1700 |    0000036C  A$lcc1700
     0000036D  A$lcc1700 |    00000370  A$lcc1700 |    00000371  A$lcc1700
     00000372  A$lcc1700 |    00000373  A$lcc1700 |    00000375  A$lcc1700
     00000375  C$main.c$ |    00000377  A$lcc1700 |    00000379  A$lcc1700
     0000037C  A$lcc1700 |    0000037D  A$lcc1700 |    0000037F  A$lcc1700
     00000380  A$lcc1700 |    00000382  A$lcc1700 |    00000384  A$lcc1700
     00000384  C$main.c$ |    00000387  A$lcc1700 |    00000388  A$lcc1700
     0000038B  A$lcc1700 |    0000038C  A$lcc1700 |    0000038F  A$lcc1700
     00000390  A$lcc1700 |    00000391  A$lcc1700 |    00000392  A$lcc1700
     00000394  A$lcc1700 |    00000394  C$main.c$ |    00000397  A$lcc1700
     00000399  A$lcc1700 |    0000039A  A$lcc1700 |    0000039B  A$lcc1700
     0000039D  A$lcc1700 |    0000039E  A$lcc1700 |    000003A0  A$lcc1700
     000003A0  C$main.c$ |    000003A3  A$lcc1700 |    000003A4  A$lcc1700
     000003A7  A$lcc1700 |    000003A8  A$lcc1700 |    000003AB  A$lcc1700
ASxxxx Linker V03.00 + NoICE + sdld,  page 5.
Hexadecimal  [32-Bits]

Area                       Addr        Size        Decimal Bytes (Attributes)
--------------------       ----        ----        ------- ----- ------------
_CODE                  00000200    0000238B =        9099. bytes (REL,CON)

        Value  Global            Value  Global            Value  Global    
        -----  ------            -----  ------            -----  ------    
     000003AC  A$lcc1700 |    000003AD  A$lcc1700 |    000003AE  A$lcc1700
     000003AE  C$main.c$ |    000003B1  A$lcc1700 |    000003B2  A$lcc1700
     000003B3  A$lcc1700 |    000003B4  A$lcc1700 |    000003B5  A$lcc1700
     000003B8  A$lcc1700 |    000003B9  A$lcc1700 |    000003BC  A$lcc1700
     000003BD  A$lcc1700 |    000003C0  A$lcc1700 |    000003C2  A$lcc1700
     000003C2  C$main.c$ |    000003C5  A$lcc1700 |    000003C6  A$lcc1700
     000003C7  A$lcc1700 |    000003C8  A$lcc1700 |    000003C8  C$main.c$
     000003CA  A$lcc1700 |    000003CB  A$lcc1700 |    000003CC  A$lcc1700
     000003CF  A$lcc1700 |    000003D0  A$lcc1700 |    000003D1  A$lcc1700
     000003D2  A$lcc1700 |    000003D3  A$lcc1700 |    000003D6  A$lcc1700
     000003D8  A$lcc1700 |    000003D8  C$main.c$ |    000003DB  A$lcc1700
     000003DC  A$lcc1700 |    000003DE  A$lcc1700 |    000003DF  A$lcc1700
     000003E0  A$lcc1700 |    000003E0  C$main.c$ |    000003E1  A$lcc1700
     000003E1  C$main.c$ |    000003E1  XG$update |    000003E3  Fmain$__s
     000003E6  A$lcc1700 |    000003E6  C$main.c$ |    000003E6  C$main.c$
     000003E6  G$update_ |    000003E6  _update_f |    000003E9  A$lcc1700
     000003EA  A$lcc1700 |    000003EC  A$lcc1700 |    000003ED  A$lcc1700
     000003EE  A$lcc1700 |    000003F0  A$lcc1700 |    000003F0  C$main.c$
     000003F3  A$lcc1700 |    000003F4  A$lcc1700 |    000003F5  A$lcc1700
     000003F6  A$lcc1700 |    000003F9  A$lcc1700 |    000003FB  A$lcc1700
     000003FB  C$main.c$ |    000003FC  A$lcc1700 |    000003FC  C$main.c$
     000003FD  A$lcc1700 |    000003FF  A$lcc1700 |    000003FF  C$main.c$
     00000400  A$lcc1700 |    00000401  A$lcc1700 |    00000403  A$lcc1700
     00000404  A$lcc1700 |    00000407  A$lcc1700 |    00000408  A$lcc1700
     00000409  A$lcc1700 |    0000040C  A$lcc1700 |    0000040E  A$lcc1700
     0000040E  C$main.c$ |    0000040E  XG$update |    0000040F  A$lcc1700
     0000040F  C$main.c$ |    0000040F  G$update_ |    0000040F  _update_f
     00000410  A$lcc1700 |    00000413  A$lcc1700 |    00000415  A$lcc1700
     00000416  A$lcc1700 |    00000416  C$main.c$ |    00000419  A$lcc1700
     00000419  C$main.c$ |    0000041B  A$lcc1700 |    0000041C  A$lcc1700
     0000041D  A$lcc1700 |    0000041F  A$lcc1700 |    00000421  A$lcc1700
     00000422  A$lcc1700 |    00000423  A$lcc1700 |    00000425  A$lcc1700
     00000427  A$lcc1700 |    00000428  A$lcc1700 |    0000042A  A$lcc1700
     0000042D  A$lcc1700 |    0000042F  A$lcc1700 |    00000430  A$lcc1700
     00000432  A$lcc1700 |    00000434  A$lcc1700 |    00000437  A$lcc1700
     00000437  C$main.c$ |    00000438  A$lcc1700 |    00000439  A$lcc1700
     0000043C  A$lcc1700 |    0000043D  A$lcc1700 |    00000440  A$lcc1700
     00000441  A$lcc1700 |    00000442  A$lcc1700 |    00000443  A$lcc1700
     00000446  A$lcc1700 |    00000447  A$lcc1700 |    00000448  A$lcc1700
     00000449  A$lcc1700 |    0000044C  A$lcc1700 |    0000044E  A$lcc1700
     0000044F  A$lcc1700 |    00000450  A$lcc1700 |    00000451  A$lcc1700
     00000453  A$lcc1700 |    00000454  A$lcc1700 |    00000457  A$lcc1700
     00000459  A$lcc1700 |    00000459  C$main.c$ |    0000045C  A$lcc1700
     0000045C  C$main.c$ |    0000045D  A$lcc1700 |    0000045F  A$lcc1700
     00000460  A$lcc1700 |    00000463  A$lcc1700 |    00000465  A$lcc1700
     00000466  A$lcc1700 |    00000469  A$lcc1700 |    0000046A  A$lcc1700
     0000046B  A$lcc1700 |    0000046C  A$lcc1700 |    0000046F  A$lcc1700
     00000470  A$lcc1700 |    00000471  A$lcc1700 |    00000472  A$lcc1700
     00000475  A$lcc1700 |    00000477  A$lcc1700 |    00000479  A$lcc1700
     0000047B  A$lcc1700 |    0000047D  A$lcc1700 |    00000480  A$lcc1700
     00000482  A$lcc1700 |    00000485  A$lcc1700 |    00000486  A$lcc1700
ASxxxx Linker V03.00 + NoICE + sdld,  page 6.
Hexadecimal  [32-Bits]

Area                       Addr        Size        Decimal Bytes (Attributes)
--------------------       ----        ----        ------- ----- ------------
_CODE                  00000200    0000238B =        9099. bytes (REL,CON)

        Value  Global            Value  Global            Value  Global    
        -----  ------            -----  ------            -----  ------    
     00000487  A$lcc1700 |    00000488  A$lcc1700 |    00000489  A$lcc1700
     0000048B  A$lcc1700 |    0000048C  A$lcc1700 |    0000048E  A$lcc1700
     0000048F  A$lcc1700 |    00000492  A$lcc1700 |    00000494  A$lcc1700
     00000494  C$main.c$ |    00000496  A$lcc1700 |    00000496  C$main.c$
     00000497  A$lcc1700 |    00000498  A$lcc1700 |    0000049B  A$lcc1700
     0000049C  A$lcc1700 |    0000049F  A$lcc1700 |    000004A0  A$lcc1700
     000004A1  A$lcc1700 |    000004A2  A$lcc1700 |    000004A5  A$lcc1700
     000004A6  A$lcc1700 |    000004A7  A$lcc1700 |    000004A8  A$lcc1700
     000004AB  A$lcc1700 |    000004AD  A$lcc1700 |    000004AE  A$lcc1700
     000004AF  A$lcc1700 |    000004B0  A$lcc1700 |    000004B2  A$lcc1700
     000004B3  A$lcc1700 |    000004B6  A$lcc1700 |    000004B8  A$lcc1700
     000004B8  C$main.c$ |    000004BA  A$lcc1700 |    000004BA  C$main.c$
     000004BB  A$lcc1700 |    000004BC  A$lcc1700 |    000004BF  A$lcc1700
     000004C1  A$lcc1700 |    000004C2  A$lcc1700 |    000004C5  A$lcc1700
     000004C6  A$lcc1700 |    000004C7  A$lcc1700 |    000004C8  A$lcc1700
     000004CB  A$lcc1700 |    000004CC  A$lcc1700 |    000004CD  A$lcc1700
     000004CE  A$lcc1700 |    000004D1  A$lcc1700 |    000004D3  A$lcc1700
     000004D4  A$lcc1700 |    000004D6  A$lcc1700 |    000004D7  A$lcc1700
     000004D8  A$lcc1700 |    000004D9  A$lcc1700 |    000004DB  A$lcc1700
     000004DC  A$lcc1700 |    000004DF  A$lcc1700 |    000004E1  A$lcc1700
     000004E1  C$main.c$ |    000004E2  A$lcc1700 |    000004E2  C$main.c$
     000004E2  XG$update |    000004E3  A$lcc1700 |    000004E3  C$main.c$
     000004E3  C$main.c$ |    000004E3  G$reset_f |    000004E3  _reset_fr
     000004E6  A$lcc1700 |    000004E6  C$main.c$ |    000004E9  A$lcc1700
     000004EB  A$lcc1700 |    000004EB  C$main.c$ |    000004EE  A$lcc1700
     000004F0  A$lcc1700 |    000004F3  A$lcc1700 |    000004F5  A$lcc1700
     000004F5  C$main.c$ |    000004F8  A$lcc1700 |    000004FA  A$lcc1700
     000004FB  A$lcc1700 |    000004FD  A$lcc1700 |    000004FD  C$main.c$
     00000500  A$lcc1700 |    00000501  A$lcc1700 |    00000502  A$lcc1700
     00000504  A$lcc1700 |    00000505  A$lcc1700 |    00000507  A$lcc1700
     00000507  C$main.c$ |    00000508  A$lcc1700 |    0000050B  A$lcc1700
     0000050B  C$main.c$ |    0000050E  A$lcc1700 |    00000510  A$lcc1700
     00000510  C$main.c$ |    00000513  A$lcc1700 |    00000515  A$lcc1700
     00000516  A$lcc1700 |    00000517  A$lcc1700 |    0000051A  A$lcc1700
     0000051B  A$lcc1700 |    0000051E  A$lcc1700 |    0000051F  A$lcc1700
     00000520  A$lcc1700 |    00000521  A$lcc1700 |    00000522  A$lcc1700
     00000525  A$lcc1700 |    00000526  A$lcc1700 |    00000527  A$lcc1700
     00000528  A$lcc1700 |    0000052B  A$lcc1700 |    0000052D  A$lcc1700
     0000052E  A$lcc1700 |    0000052F  A$lcc1700 |    00000530  A$lcc1700
     00000531  A$lcc1700 |    00000532  A$lcc1700 |    00000533  A$lcc1700
     00000534  A$lcc1700 |    00000535  A$lcc1700 |    00000538  A$lcc1700
     0000053A  A$lcc1700 |    0000053A  C$main.c$ |    0000053A  C$main.c$
     0000053A  XG$reset_ |    0000053B  A$lcc1700 |    0000053B  C$main.c$
     0000053B  C$main.c$ |    0000053B  G$reset_t |    0000053B  _reset_ti
     0000053E  A$lcc1700 |    00000540  A$lcc1700 |    00000541  A$lcc1700
     00000543  A$lcc1700 |    00000543  C$main.c$ |    00000546  A$lcc1700
     00000548  A$lcc1700 |    00000548  C$main.c$ |    0000054B  A$lcc1700
     0000054C  A$lcc1700 |    0000054F  A$lcc1700 |    00000550  A$lcc1700
     00000553  A$lcc1700 |    00000554  A$lcc1700 |    00000557  A$lcc1700
     00000559  A$lcc1700 |    00000559  C$main.c$ |    00000559  XG$reset_
     0000055A  A$lcc1700 |    0000055A  C$main.c$ |    0000055A  C$main.c$
ASxxxx Linker V03.00 + NoICE + sdld,  page 7.
Hexadecimal  [32-Bits]

Area                       Addr        Size        Decimal Bytes (Attributes)
--------------------       ----        ----        ------- ----- ------------
_CODE                  00000200    0000238B =        9099. bytes (REL,CON)

        Value  Global            Value  Global            Value  Global    
        -----  ------            -----  ------            -----  ------    
     0000055A  G$frog_de |    0000055A  _frog_dea |    0000055D  A$lcc1700
     0000055E  A$lcc1700 |    0000055F  A$lcc1700 |    00000561  A$lcc1700
     00000561  C$main.c$ |    00000562  A$lcc1700 |    00000563  A$lcc1700
     00000565  A$lcc1700 |    00000565  C$main.c$ |    00000568  A$lcc1700
     0000056A  A$lcc1700 |    0000056A  C$main.c$ |    0000056B  A$lcc1700
     0000056B  C$main.c$ |    0000056E  A$lcc1700 |    0000056E  C$main.c$
     0000056E  C$main.c$ |    0000056E  XG$frog_d |    00000571  A$lcc1700
     00000571  C$main.c$ |    00000571  C$main.c$ |    00000571  G$init_le
     00000571  _init_lev |    00000574  A$lcc1700 |    00000575  A$lcc1700
     00000578  A$lcc1700 |    00000579  A$lcc1700 |    0000057C  A$lcc1700
     0000057E  A$lcc1700 |    0000057E  C$main.c$ |    00000581  A$lcc1700
     00000582  A$lcc1700 |    00000585  A$lcc1700 |    00000586  A$lcc1700
     00000589  A$lcc1700 |    0000058B  A$lcc1700 |    0000058B  C$main.c$
     0000058E  A$lcc1700 |    0000058F  A$lcc1700 |    00000592  A$lcc1700
     00000593  A$lcc1700 |    00000596  A$lcc1700 |    00000598  A$lcc1700
     00000598  C$main.c$ |    0000059B  A$lcc1700 |    0000059C  A$lcc1700
     0000059F  A$lcc1700 |    000005A0  A$lcc1700 |    000005A3  A$lcc1700
     000005A5  A$lcc1700 |    000005A5  C$main.c$ |    000005A8  A$lcc1700
     000005A9  A$lcc1700 |    000005AC  A$lcc1700 |    000005AD  A$lcc1700
     000005B0  A$lcc1700 |    000005B2  A$lcc1700 |    000005B2  C$main.c$
     000005B5  A$lcc1700 |    000005B6  A$lcc1700 |    000005B9  A$lcc1700
     000005BA  A$lcc1700 |    000005BB  A$lcc1700 |    000005BC  A$lcc1700
     000005BD  A$lcc1700 |    000005C0  A$lcc1700 |    000005C2  A$lcc1700
     000005C2  C$main.c$ |    000005C5  A$lcc1700 |    000005C6  A$lcc1700
     000005C8  A$lcc1700 |    000005C9  A$lcc1700 |    000005CA  A$lcc1700
     000005CD  A$lcc1700 |    000005CF  A$lcc1700 |    000005CF  C$main.c$
     000005D2  A$lcc1700 |    000005D4  A$lcc1700 |    000005D4  C$main.c$
     000005D7  A$lcc1700 |    000005D9  A$lcc1700 |    000005DA  A$lcc1700
     000005DC  A$lcc1700 |    000005DC  C$main.c$ |    000005DF  A$lcc1700
     000005E1  A$lcc1700 |    000005E2  A$lcc1700 |    000005E4  A$lcc1700
     000005E4  C$main.c$ |    000005E7  A$lcc1700 |    000005E9  A$lcc1700
     000005E9  C$main.c$ |    000005EA  A$lcc1700 |    000005ED  A$lcc1700
     000005EE  A$lcc1700 |    000005EF  A$lcc1700 |    000005EF  C$main.c$
     000005F2  A$lcc1700 |    000005F2  C$main.c$ |    000005F5  A$lcc1700
     000005F7  A$lcc1700 |    000005F7  C$main.c$ |    000005FA  A$lcc1700
     000005FA  C$main.c$ |    000005FD  A$lcc1700 |    000005FD  C$main.c$
     00000600  A$lcc1700 |    00000600  C$main.c$ |    00000603  A$lcc1700
     00000603  C$main.c$ |    00000603  C$main.c$ |    00000603  XG$init_l
     00000606  A$lcc1700 |    00000606  C$main.c$ |    00000606  G$move_fr
     00000606  _move_fro |    00000607  A$lcc1700 |    00000608  A$lcc1700
     00000608  C$main.c$ |    0000060B  A$lcc1700 |    0000060C  A$lcc1700
     0000060F  A$lcc1700 |    0000060F  C$main.c$ |    00000612  A$lcc1700
     00000613  A$lcc1700 |    00000615  A$lcc1700 |    00000616  A$lcc1700
     00000617  A$lcc1700 |    00000618  A$lcc1700 |    00000619  A$lcc1700
     0000061C  A$lcc1700 |    0000061E  A$lcc1700 |    00000620  A$lcc1700
     00000623  A$lcc1700 |    00000625  A$lcc1700 |    00000628  A$lcc1700
     00000629  A$lcc1700 |    0000062A  A$lcc1700 |    0000062B  A$lcc1700
     0000062C  A$lcc1700 |    0000062D  A$lcc1700 |    00000630  A$lcc1700
     00000631  A$lcc1700 |    00000632  A$lcc1700 |    00000633  A$lcc1700
     00000636  A$lcc1700 |    00000637  A$lcc1700 |    0000063A  A$lcc1700
     0000063B  A$lcc1700 |    0000063E  A$lcc1700 |    0000063F  A$lcc1700
ASxxxx Linker V03.00 + NoICE + sdld,  page 8.
Hexadecimal  [32-Bits]

Area                       Addr        Size        Decimal Bytes (Attributes)
--------------------       ----        ----        ------- ----- ------------
_CODE                  00000200    0000238B =        9099. bytes (REL,CON)

        Value  Global            Value  Global            Value  Global    
        -----  ------            -----  ------            -----  ------    
     00000640  A$lcc1700 |    00000642  A$lcc1700 |    00000644  A$lcc1700
     00000646  A$lcc1700 |    00000646  C$main.c$ |    00000647  A$lcc1700
     00000649  A$lcc1700 |    0000064B  A$lcc1700 |    0000064C  A$lcc1700
     0000064E  A$lcc1700 |    0000064F  A$lcc1700 |    00000652  A$lcc1700
     00000654  A$lcc1700 |    00000655  A$lcc1700 |    00000658  A$lcc1700
     00000659  A$lcc1700 |    0000065A  A$lcc1700 |    0000065B  A$lcc1700
     0000065E  A$lcc1700 |    0000065F  A$lcc1700 |    00000660  A$lcc1700
     00000663  A$lcc1700 |    00000665  A$lcc1700 |    00000667  A$lcc1700
     00000668  A$lcc1700 |    00000669  A$lcc1700 |    0000066A  A$lcc1700
     0000066B  A$lcc1700 |    0000066D  A$lcc1700 |    0000066E  A$lcc1700
     00000671  A$lcc1700 |    00000673  A$lcc1700 |    00000673  C$main.c$
     00000676  A$lcc1700 |    00000676  C$main.c$ |    00000677  A$lcc1700
     00000679  A$lcc1700 |    0000067C  A$lcc1700 |    0000067D  A$lcc1700
     0000067F  A$lcc1700 |    00000680  A$lcc1700 |    00000683  A$lcc1700
     00000685  A$lcc1700 |    00000686  A$lcc1700 |    00000689  A$lcc1700
     0000068A  A$lcc1700 |    0000068B  A$lcc1700 |    0000068C  A$lcc1700
     0000068F  A$lcc1700 |    00000690  A$lcc1700 |    00000691  A$lcc1700
     00000694  A$lcc1700 |    00000696  A$lcc1700 |    00000698  A$lcc1700
     00000699  A$lcc1700 |    0000069B  A$lcc1700 |    0000069C  A$lcc1700
     0000069D  A$lcc1700 |    0000069E  A$lcc1700 |    0000069F  A$lcc1700
     000006A1  A$lcc1700 |    000006A2  A$lcc1700 |    000006A5  A$lcc1700
     000006A7  A$lcc1700 |    000006A7  C$main.c$ |    000006AA  A$lcc1700
     000006AA  C$main.c$ |    000006AD  A$lcc1700 |    000006AE  A$lcc1700
     000006B1  A$lcc1700 |    000006B1  C$main.c$ |    000006B4  A$lcc1700
     000006B5  A$lcc1700 |    000006B6  A$lcc1700 |    000006B7  A$lcc1700
     000006BA  A$lcc1700 |    000006BC  A$lcc1700 |    000006BE  A$lcc1700
     000006C1  A$lcc1700 |    000006C3  A$lcc1700 |    000006C6  A$lcc1700
     000006C7  A$lcc1700 |    000006C8  A$lcc1700 |    000006C9  A$lcc1700
     000006CC  A$lcc1700 |    000006CD  A$lcc1700 |    000006CE  A$lcc1700
     000006CF  A$lcc1700 |    000006D2  A$lcc1700 |    000006D3  A$lcc1700
     000006D6  A$lcc1700 |    000006D7  A$lcc1700 |    000006D9  A$lcc1700
     000006D9  C$main.c$ |    000006D9  C$main.c$ |    000006DA  A$lcc1700
     000006DB  A$lcc1700 |    000006DC  A$lcc1700 |    000006DC  C$main.c$
     000006DD  A$lcc1700 |    000006DE  A$lcc1700 |    000006E0  A$lcc1700
     000006E3  A$lcc1700 |    000006E5  A$lcc1700 |    000006E6  A$lcc1700
     000006E9  A$lcc1700 |    000006EB  A$lcc1700 |    000006EC  A$lcc1700
     000006EF  A$lcc1700 |    000006F0  A$lcc1700 |    000006F1  A$lcc1700
     000006F2  A$lcc1700 |    000006F3  A$lcc1700 |    000006F6  A$lcc1700
     000006F7  A$lcc1700 |    000006F8  A$lcc1700 |    000006F9  A$lcc1700
     000006FC  A$lcc1700 |    000006FE  A$lcc1700 |    00000700  A$lcc1700
     00000701  A$lcc1700 |    00000702  A$lcc1700 |    00000703  A$lcc1700
     00000704  A$lcc1700 |    00000706  A$lcc1700 |    00000707  A$lcc1700
     0000070A  A$lcc1700 |    0000070C  A$lcc1700 |    0000070C  C$main.c$
     0000070E  A$lcc1700 |    0000070E  C$main.c$ |    0000070F  A$lcc1700
     00000711  A$lcc1700 |    00000714  A$lcc1700 |    00000716  A$lcc1700
     00000718  A$lcc1700 |    00000719  A$lcc1700 |    0000071C  A$lcc1700
     0000071E  A$lcc1700 |    0000071F  A$lcc1700 |    00000722  A$lcc1700
     00000723  A$lcc1700 |    00000724  A$lcc1700 |    00000725  A$lcc1700
     00000726  A$lcc1700 |    00000729  A$lcc1700 |    0000072A  A$lcc1700
     0000072B  A$lcc1700 |    0000072C  A$lcc1700 |    0000072F  A$lcc1700
     00000731  A$lcc1700 |    00000733  A$lcc1700 |    00000735  A$lcc1700
ASxxxx Linker V03.00 + NoICE + sdld,  page 9.
Hexadecimal  [32-Bits]

Area                       Addr        Size        Decimal Bytes (Attributes)
--------------------       ----        ----        ------- ----- ------------
_CODE                  00000200    0000238B =        9099. bytes (REL,CON)

        Value  Global            Value  Global            Value  Global    
        -----  ------            -----  ------            -----  ------    
     00000737  A$lcc1700 |    0000073A  A$lcc1700 |    0000073C  A$lcc1700
     0000073F  A$lcc1700 |    00000741  A$lcc1700 |    00000742  A$lcc1700
     00000743  A$lcc1700 |    00000744  A$lcc1700 |    00000745  A$lcc1700
     00000746  A$lcc1700 |    00000748  A$lcc1700 |    00000749  A$lcc1700
     0000074C  A$lcc1700 |    0000074E  A$lcc1700 |    0000074E  C$main.c$
     0000074F  A$lcc1700 |    00000750  A$lcc1700 |    00000750  C$main.c$
     00000750  XG$move_f |    00000751  A$lcc1700 |    00000751  C$main.c$
     00000751  C$main.c$ |    00000751  G$animate |    00000751  XG$animat
     00000751  _animate_ |    00000752  A$lcc1700 |    00000752  C$main.c$
     00000752  C$main.c$ |    00000752  G$update_ |    00000752  _update_m
     00000755  A$lcc1700 |    00000756  A$lcc1700 |    00000758  A$lcc1700
     00000758  C$main.c$ |    0000075B  A$lcc1700 |    0000075B  C$main.c$
     0000075E  A$lcc1700 |    00000760  A$lcc1700 |    00000762  A$lcc1700
     00000765  A$lcc1700 |    00000767  A$lcc1700 |    0000076A  A$lcc1700
     0000076B  A$lcc1700 |    0000076E  A$lcc1700 |    0000076F  A$lcc1700
     00000770  A$lcc1700 |    00000771  A$lcc1700 |    00000771  C$main.c$
     00000774  A$lcc1700 |    00000775  A$lcc1700 |    00000777  A$lcc1700
     00000777  C$main.c$ |    0000077A  A$lcc1700 |    0000077A  C$main.c$
     0000077D  A$lcc1700 |    0000077F  A$lcc1700 |    00000781  A$lcc1700
     00000784  A$lcc1700 |    00000786  A$lcc1700 |    00000789  A$lcc1700
     0000078A  A$lcc1700 |    0000078D  A$lcc1700 |    0000078E  A$lcc1700
     0000078F  A$lcc1700 |    00000790  A$lcc1700 |    00000790  C$main.c$
     00000793  A$lcc1700 |    00000794  A$lcc1700 |    00000796  A$lcc1700
     00000799  A$lcc1700 |    0000079A  A$lcc1700 |    0000079B  A$lcc1700
     0000079B  C$main.c$ |    0000079E  A$lcc1700 |    000007A0  A$lcc1700
     000007A0  C$main.c$ |    000007A3  A$lcc1700 |    000007A4  A$lcc1700
     000007A5  A$lcc1700 |    000007A6  A$lcc1700 |    000007A9  A$lcc1700
     000007AA  A$lcc1700 |    000007AC  A$lcc1700 |    000007AD  A$lcc1700
     000007AE  A$lcc1700 |    000007AF  A$lcc1700 |    000007B0  A$lcc1700
     000007B1  A$lcc1700 |    000007B2  A$lcc1700 |    000007B4  A$lcc1700
     000007B6  A$lcc1700 |    000007B8  A$lcc1700 |    000007BA  A$lcc1700
     000007BB  A$lcc1700 |    000007BD  A$lcc1700 |    000007BF  A$lcc1700
     000007C1  A$lcc1700 |    000007C2  A$lcc1700 |    000007C3  A$lcc1700
     000007C3  C$main.c$ |    000007C6  A$lcc1700 |    000007C7  A$lcc1700
     000007C9  A$lcc1700 |    000007CA  A$lcc1700 |    000007CB  A$lcc1700
     000007CD  A$lcc1700 |    000007CE  A$lcc1700 |    000007CE  C$main.c$
     000007D1  A$lcc1700 |    000007D1  C$main.c$ |    000007D4  A$lcc1700
     000007D7  A$lcc1700 |    000007D7  C$main.c$ |    000007D7  XG$update
     000007D8  A$lcc1700 |    000007D8  C$main.c$ |    000007D8  C$main.c$
     000007D8  G$paralla |    000007D8  _parallax |    000007DA  A$lcc1700
     000007DB  A$lcc1700 |    000007DD  A$lcc1700 |    000007DF  A$lcc1700
     000007E1  A$lcc1700 |    000007E3  A$lcc1700 |    000007E5  A$lcc1700
     000007E7  A$lcc1700 |    000007E9  A$lcc1700 |    000007EB  A$lcc1700
     000007ED  A$lcc1700 |    000007EF  A$lcc1700 |    000007F1  A$lcc1700
     000007F3  A$lcc1700 |    000007F5  A$lcc1700 |    000007F7  A$lcc1700
     000007F9  A$lcc1700 |    000007FB  A$lcc1700 |    000007FD  A$lcc1700
     000007FF  A$lcc1700 |    00000802  A$lcc1700 |    00000804  A$lcc1700
     00000807  A$lcc1700 |    00000809  A$lcc1700 |    0000080C  A$lcc1700
     0000080E  A$lcc1700 |    00000811  A$lcc1700 |    00000812  A$lcc1700
     00000812  C$main.c$ |    00000813  A$lcc1700 |    00000815  A$lcc1700
     00000816  A$lcc1700 |    00000818  A$lcc1700 |    00000818  C$main.c$
ASxxxx Linker V03.00 + NoICE + sdld,  page 10.
Hexadecimal  [32-Bits]

Area                       Addr        Size        Decimal Bytes (Attributes)
--------------------       ----        ----        ------- ----- ------------
_CODE                  00000200    0000238B =        9099. bytes (REL,CON)

        Value  Global            Value  Global            Value  Global    
        -----  ------            -----  ------            -----  ------    
     0000081A  A$lcc1700 |    0000081C  A$lcc1700 |    0000081C  C$main.c$
     0000081D  A$lcc1700 |    0000081D  C$main.c$ |    00000820  A$lcc1700
     00000822  A$lcc1700 |    00000823  A$lcc1700 |    00000825  A$lcc1700
     00000825  C$main.c$ |    00000827  A$lcc1700 |    00000829  A$lcc1700
     00000829  C$main.c$ |    0000082A  A$lcc1700 |    0000082A  C$main.c$
     0000082D  A$lcc1700 |    0000082F  A$lcc1700 |    00000830  A$lcc1700
     00000832  A$lcc1700 |    00000832  C$main.c$ |    00000834  A$lcc1700
     00000836  A$lcc1700 |    00000836  C$main.c$ |    00000837  A$lcc1700
     00000837  C$main.c$ |    0000083A  A$lcc1700 |    0000083C  A$lcc1700
     0000083D  A$lcc1700 |    0000083F  A$lcc1700 |    0000083F  C$main.c$
     00000841  A$lcc1700 |    00000843  A$lcc1700 |    00000843  C$main.c$
     00000844  A$lcc1700 |    00000844  C$main.c$ |    00000847  A$lcc1700
     00000849  A$lcc1700 |    0000084A  A$lcc1700 |    0000084C  A$lcc1700
     0000084C  C$main.c$ |    0000084E  A$lcc1700 |    00000850  A$lcc1700
     00000850  C$main.c$ |    00000851  A$lcc1700 |    00000851  C$main.c$
     00000854  A$lcc1700 |    00000856  A$lcc1700 |    00000857  A$lcc1700
     00000859  A$lcc1700 |    00000859  C$main.c$ |    0000085B  A$lcc1700
     0000085D  A$lcc1700 |    0000085D  C$main.c$ |    0000085E  A$lcc1700
     0000085E  C$main.c$ |    0000085F  A$lcc1700 |    00000861  A$lcc1700
     00000862  A$lcc1700 |    00000864  A$lcc1700 |    00000864  C$main.c$
     00000866  A$lcc1700 |    00000868  A$lcc1700 |    00000868  C$main.c$
     00000869  A$lcc1700 |    00000869  C$main.c$ |    0000086C  A$lcc1700
     0000086E  A$lcc1700 |    0000086F  A$lcc1700 |    00000871  A$lcc1700
     00000871  C$main.c$ |    00000873  A$lcc1700 |    00000875  A$lcc1700
     00000875  C$main.c$ |    00000876  A$lcc1700 |    00000876  C$main.c$
     00000879  A$lcc1700 |    0000087B  A$lcc1700 |    0000087C  A$lcc1700
     0000087E  A$lcc1700 |    0000087E  C$main.c$ |    00000880  A$lcc1700
     00000882  A$lcc1700 |    00000882  C$main.c$ |    00000883  A$lcc1700
     00000883  C$main.c$ |    00000886  A$lcc1700 |    00000888  A$lcc1700
     00000889  A$lcc1700 |    0000088B  A$lcc1700 |    0000088B  C$main.c$
     0000088D  A$lcc1700 |    0000088F  A$lcc1700 |    0000088F  C$main.c$
     00000890  A$lcc1700 |    00000890  C$main.c$ |    00000893  A$lcc1700
     00000895  A$lcc1700 |    00000896  A$lcc1700 |    00000898  A$lcc1700
     00000898  C$main.c$ |    0000089A  A$lcc1700 |    0000089C  A$lcc1700
     0000089C  C$main.c$ |    0000089D  A$lcc1700 |    0000089D  C$main.c$
     000008A0  A$lcc1700 |    000008A2  A$lcc1700 |    000008A3  A$lcc1700
     000008A5  A$lcc1700 |    000008A5  C$main.c$ |    000008A7  A$lcc1700
     000008A9  A$lcc1700 |    000008A9  C$main.c$ |    000008AA  A$lcc1700
     000008AA  C$main.c$ |    000008AB  A$lcc1700 |    000008AD  A$lcc1700
     000008AE  A$lcc1700 |    000008B0  A$lcc1700 |    000008B0  C$main.c$
     000008B1  A$lcc1700 |    000008B3  A$lcc1700 |    000008B3  C$main.c$
     000008B3  C$main.c$ |    000008B3  XG$parall |    000008B4  A$lcc1700
     000008B4  C$main.c$ |    000008B4  G$scroll_ |    000008B4  _scroll_c
     000008B5  A$lcc1700 |    000008B5  C$main.c$ |    000008B8  A$lcc1700
     000008B9  A$lcc1700 |    000008BB  A$lcc1700 |    000008BE  A$lcc1700
     000008BF  A$lcc1700 |    000008C0  A$lcc1700 |    000008C3  A$lcc1700
     000008C5  A$lcc1700 |    000008C6  A$lcc1700 |    000008C7  A$lcc1700
     000008C8  A$lcc1700 |    000008CA  A$lcc1700 |    000008CA  C$main.c$
     000008CD  A$lcc1700 |    000008CE  A$lcc1700 |    000008CF  A$lcc1700
     000008D0  A$lcc1700 |    000008D0  C$main.c$ |    000008D1  A$lcc1700
     000008D2  A$lcc1700 |    000008D3  A$lcc1700 |    000008D4  A$lcc1700
ASxxxx Linker V03.00 + NoICE + sdld,  page 11.
Hexadecimal  [32-Bits]

Area                       Addr        Size        Decimal Bytes (Attributes)
--------------------       ----        ----        ------- ----- ------------
_CODE                  00000200    0000238B =        9099. bytes (REL,CON)

        Value  Global            Value  Global            Value  Global    
        -----  ------            -----  ------            -----  ------    
     000008D5  A$lcc1700 |    000008D6  A$lcc1700 |    000008D6  C$main.c$
     000008D7  A$lcc1700 |    000008D8  A$lcc1700 |    000008D9  A$lcc1700
     000008DA  A$lcc1700 |    000008DB  A$lcc1700 |    000008DC  A$lcc1700
     000008DD  A$lcc1700 |    000008DD  C$main.c$ |    000008E0  A$lcc1700
     000008E1  A$lcc1700 |    000008E3  A$lcc1700 |    000008E6  A$lcc1700
     000008E7  A$lcc1700 |    000008E7  C$main.c$ |    000008E7  C$main.c$
     000008E8  A$lcc1700 |    000008EA  A$lcc1700 |    000008EA  C$main.c$
     000008ED  A$lcc1700 |    000008EE  A$lcc1700 |    000008EF  A$lcc1700
     000008F0  A$lcc1700 |    000008F1  A$lcc1700 |    000008F4  A$lcc1700
     000008F5  A$lcc1700 |    000008F6  A$lcc1700 |    000008F7  A$lcc1700
     000008F7  C$main.c$ |    000008FA  A$lcc1700 |    000008FA  C$main.c$
     000008FD  A$lcc1700 |    000008FF  A$lcc1700 |    00000901  A$lcc1700
     00000901  C$main.c$ |    00000904  A$lcc1700 |    00000905  A$lcc1700
     00000906  A$lcc1700 |    00000907  A$lcc1700 |    00000908  A$lcc1700
     0000090B  A$lcc1700 |    0000090C  A$lcc1700 |    0000090D  A$lcc1700
     0000090E  A$lcc1700 |    0000090E  C$main.c$ |    00000911  A$lcc1700
     00000911  C$main.c$ |    00000914  A$lcc1700 |    00000915  A$lcc1700
     00000917  A$lcc1700 |    0000091A  A$lcc1700 |    0000091B  A$lcc1700
     0000091C  A$lcc1700 |    0000091F  A$lcc1700 |    00000921  A$lcc1700
     00000922  A$lcc1700 |    00000923  A$lcc1700 |    00000924  A$lcc1700
     00000926  A$lcc1700 |    00000926  C$main.c$ |    00000929  A$lcc1700
     0000092A  A$lcc1700 |    0000092B  A$lcc1700 |    0000092C  A$lcc1700
     0000092C  C$main.c$ |    0000092F  A$lcc1700 |    00000930  A$lcc1700
     00000932  A$lcc1700 |    00000932  C$main.c$ |    00000935  A$lcc1700
     00000936  A$lcc1700 |    00000937  A$lcc1700 |    00000938  A$lcc1700
     00000939  A$lcc1700 |    0000093C  A$lcc1700 |    0000093D  A$lcc1700
     0000093E  A$lcc1700 |    0000093F  A$lcc1700 |    00000942  A$lcc1700
     00000944  A$lcc1700 |    00000945  A$lcc1700 |    00000948  A$lcc1700
     00000949  A$lcc1700 |    0000094A  A$lcc1700 |    0000094B  A$lcc1700
     0000094E  A$lcc1700 |    0000094F  A$lcc1700 |    00000950  A$lcc1700
     00000951  A$lcc1700 |    00000954  A$lcc1700 |    00000956  A$lcc1700
     00000958  A$lcc1700 |    00000959  A$lcc1700 |    0000095A  A$lcc1700
     0000095B  A$lcc1700 |    0000095C  A$lcc1700 |    0000095E  A$lcc1700
     0000095F  A$lcc1700 |    00000962  A$lcc1700 |    00000964  A$lcc1700
     00000964  C$main.c$ |    00000964  C$main.c$ |    00000967  A$lcc1700
     00000968  A$lcc1700 |    0000096A  A$lcc1700 |    0000096A  C$main.c$
     0000096D  A$lcc1700 |    0000096F  A$lcc1700 |    00000971  A$lcc1700
     00000971  C$main.c$ |    00000974  A$lcc1700 |    00000975  A$lcc1700
     00000976  A$lcc1700 |    00000977  A$lcc1700 |    00000978  A$lcc1700
     0000097B  A$lcc1700 |    0000097C  A$lcc1700 |    0000097D  A$lcc1700
     0000097E  A$lcc1700 |    0000097E  C$main.c$ |    00000981  A$lcc1700
     00000981  C$main.c$ |    00000984  A$lcc1700 |    00000986  A$lcc1700
     00000988  A$lcc1700 |    00000988  C$main.c$ |    0000098B  A$lcc1700
     0000098C  A$lcc1700 |    0000098D  A$lcc1700 |    0000098E  A$lcc1700
     0000098E  C$main.c$ |    00000991  A$lcc1700 |    00000992  A$lcc1700
     00000993  A$lcc1700 |    00000994  A$lcc1700 |    00000994  C$main.c$
     00000997  A$lcc1700 |    00000998  A$lcc1700 |    00000999  A$lcc1700
     0000099A  A$lcc1700 |    0000099A  C$main.c$ |    0000099D  A$lcc1700
     0000099E  A$lcc1700 |    0000099F  A$lcc1700 |    000009A0  A$lcc1700
     000009A0  C$main.c$ |    000009A3  A$lcc1700 |    000009A4  A$lcc1700
     000009A6  A$lcc1700 |    000009A6  C$main.c$ |    000009A9  A$lcc1700
ASxxxx Linker V03.00 + NoICE + sdld,  page 12.
Hexadecimal  [32-Bits]

Area                       Addr        Size        Decimal Bytes (Attributes)
--------------------       ----        ----        ------- ----- ------------
_CODE                  00000200    0000238B =        9099. bytes (REL,CON)

        Value  Global            Value  Global            Value  Global    
        -----  ------            -----  ------            -----  ------    
     000009AB  A$lcc1700 |    000009AD  A$lcc1700 |    000009AD  C$main.c$
     000009B0  A$lcc1700 |    000009B1  A$lcc1700 |    000009B2  A$lcc1700
     000009B3  A$lcc1700 |    000009B4  A$lcc1700 |    000009B7  A$lcc1700
     000009B8  A$lcc1700 |    000009B9  A$lcc1700 |    000009BA  A$lcc1700
     000009BA  C$main.c$ |    000009BD  A$lcc1700 |    000009BD  C$main.c$
     000009C0  A$lcc1700 |    000009C1  A$lcc1700 |    000009C3  A$lcc1700
     000009C6  A$lcc1700 |    000009C7  A$lcc1700 |    000009C8  A$lcc1700
     000009CB  A$lcc1700 |    000009CD  A$lcc1700 |    000009CE  A$lcc1700
     000009CF  A$lcc1700 |    000009D1  A$lcc1700 |    000009D1  C$main.c$
     000009D4  A$lcc1700 |    000009D5  A$lcc1700 |    000009D6  A$lcc1700
     000009D7  A$lcc1700 |    000009D7  C$main.c$ |    000009DA  A$lcc1700
     000009DB  A$lcc1700 |    000009DC  A$lcc1700 |    000009DD  A$lcc1700
     000009DD  C$main.c$ |    000009E0  A$lcc1700 |    000009E1  A$lcc1700
     000009E2  A$lcc1700 |    000009E2  C$main.c$ |    000009E2  XG$scroll
     000009E3  A$lcc1700 |    000009E3  C$main.c$ |    000009E3  C$main.c$
     000009E3  G$pause_g |    000009E3  _pause_ga |    000009E6  A$lcc1700
     000009E8  A$lcc1700 |    000009E8  C$main.c$ |    000009EB  A$lcc1700
     000009EC  A$lcc1700 |    000009EF  A$lcc1700 |    000009F0  A$lcc1700
     000009F3  A$lcc1700 |    000009F4  A$lcc1700 |    000009F5  A$lcc1700
     000009F6  A$lcc1700 |    000009F6  C$main.c$ |    000009F9  A$lcc1700
     000009FA  A$lcc1700 |    000009FB  A$lcc1700 |    000009FC  A$lcc1700
     000009FC  C$main.c$ |    000009FE  A$lcc1700 |    000009FF  A$lcc1700
     00000A00  A$lcc1700 |    00000A03  A$lcc1700 |    00000A04  A$lcc1700
     00000A05  A$lcc1700 |    00000A06  A$lcc1700 |    00000A07  A$lcc1700
     00000A0A  A$lcc1700 |    00000A0C  A$lcc1700 |    00000A0C  C$main.c$
     00000A0F  A$lcc1700 |    00000A10  A$lcc1700 |    00000A12  A$lcc1700
     00000A13  A$lcc1700 |    00000A14  A$lcc1700 |    00000A14  C$main.c$
     00000A15  A$lcc1700 |    00000A15  C$main.c$ |    00000A15  XG$pause_
     00000A17  A$lcc1700 |    00000A17  C$main.c$ |    00000A17  C$main.c$
     00000A17  G$unpause |    00000A17  _unpause_ |    00000A1A  A$lcc1700
     00000A1C  A$lcc1700 |    00000A1C  C$main.c$ |    00000A1F  A$lcc1700
     00000A20  A$lcc1700 |    00000A23  A$lcc1700 |    00000A24  A$lcc1700
     00000A27  A$lcc1700 |    00000A28  A$lcc1700 |    00000A29  A$lcc1700
     00000A2A  A$lcc1700 |    00000A2A  C$main.c$ |    00000A2C  A$lcc1700
     00000A2D  A$lcc1700 |    00000A2E  A$lcc1700 |    00000A2F  A$lcc1700
     00000A2F  C$main.c$ |    00000A30  A$lcc1700 |    00000A31  A$lcc1700
     00000A32  A$lcc1700 |    00000A35  A$lcc1700 |    00000A36  A$lcc1700
     00000A37  A$lcc1700 |    00000A38  A$lcc1700 |    00000A39  A$lcc1700
     00000A3C  A$lcc1700 |    00000A3E  A$lcc1700 |    00000A3E  C$main.c$
     00000A41  A$lcc1700 |    00000A42  A$lcc1700 |    00000A44  A$lcc1700
     00000A45  A$lcc1700 |    00000A46  A$lcc1700 |    00000A46  C$main.c$
     00000A47  A$lcc1700 |    00000A47  C$main.c$ |    00000A47  XG$unpaus
     00000A49  A$lcc1700 |    00000A49  C$main.c$ |    00000A49  G$drain_t
     00000A49  _drain_ti |    00000A4A  A$lcc1700 |    00000A4B  A$lcc1700
     00000A4B  C$main.c$ |    00000A4E  A$lcc1700 |    00000A4F  A$lcc1700
     00000A51  A$lcc1700 |    00000A52  A$lcc1700 |    00000A54  A$lcc1700
     00000A56  A$lcc1700 |    00000A57  A$lcc1700 |    00000A57  C$main.c$
     00000A58  A$lcc1700 |    00000A59  A$lcc1700 |    00000A5B  A$lcc1700
     00000A5D  A$lcc1700 |    00000A60  A$lcc1700 |    00000A61  A$lcc1700
     00000A63  A$lcc1700 |    00000A65  A$lcc1700 |    00000A67  A$lcc1700
     00000A69  A$lcc1700 |    00000A6B  A$lcc1700 |    00000A6D  A$lcc1700
ASxxxx Linker V03.00 + NoICE + sdld,  page 13.
Hexadecimal  [32-Bits]

Area                       Addr        Size        Decimal Bytes (Attributes)
--------------------       ----        ----        ------- ----- ------------
_CODE                  00000200    0000238B =        9099. bytes (REL,CON)

        Value  Global            Value  Global            Value  Global    
        -----  ------            -----  ------            -----  ------    
     00000A6E  A$lcc1700 |    00000A6E  C$main.c$ |    00000A70  A$lcc1700
     00000A71  A$lcc1700 |    00000A73  A$lcc1700 |    00000A74  A$lcc1700
     00000A77  A$lcc1700 |    00000A78  A$lcc1700 |    00000A79  A$lcc1700
     00000A79  C$main.c$ |    00000A7C  A$lcc1700 |    00000A7D  A$lcc1700
     00000A80  A$lcc1700 |    00000A81  A$lcc1700 |    00000A83  A$lcc1700
     00000A84  A$lcc1700 |    00000A87  A$lcc1700 |    00000A88  A$lcc1700
     00000A89  A$lcc1700 |    00000A8A  A$lcc1700 |    00000A8B  A$lcc1700
     00000A8E  A$lcc1700 |    00000A8F  A$lcc1700 |    00000A90  A$lcc1700
     00000A91  A$lcc1700 |    00000A92  A$lcc1700 |    00000A93  A$lcc1700
     00000A94  A$lcc1700 |    00000A95  A$lcc1700 |    00000A98  A$lcc1700
     00000A99  A$lcc1700 |    00000A9A  A$lcc1700 |    00000A9A  C$main.c$
     00000A9C  A$lcc1700 |    00000A9D  A$lcc1700 |    00000A9F  A$lcc1700
     00000AA1  A$lcc1700 |    00000AA2  A$lcc1700 |    00000AA4  A$lcc1700
     00000AA5  A$lcc1700 |    00000AA6  A$lcc1700 |    00000AA8  A$lcc1700
     00000AA9  A$lcc1700 |    00000AAA  A$lcc1700 |    00000AAC  A$lcc1700
     00000AAD  A$lcc1700 |    00000AAE  A$lcc1700 |    00000AB0  A$lcc1700
     00000AB0  C$main.c$ |    00000AB2  A$lcc1700 |    00000AB3  A$lcc1700
     00000AB5  A$lcc1700 |    00000AB6  A$lcc1700 |    00000AB8  A$lcc1700
     00000AB9  A$lcc1700 |    00000ABA  A$lcc1700 |    00000ABB  A$lcc1700
     00000ABC  A$lcc1700 |    00000ABF  A$lcc1700 |    00000AC1  A$lcc1700
     00000AC1  C$main.c$ |    00000AC4  A$lcc1700 |    00000AC5  A$lcc1700
     00000AC5  C$main.c$ |    00000AC8  A$lcc1700 |    00000AC9  A$lcc1700
     00000ACB  A$lcc1700 |    00000ACC  A$lcc1700 |    00000ACD  A$lcc1700
     00000ACF  A$lcc1700 |    00000AD0  A$lcc1700 |    00000AD0  C$main.c$
     00000AD3  A$lcc1700 |    00000AD3  C$main.c$ |    00000AD6  A$lcc1700
     00000AD7  A$lcc1700 |    00000AD9  A$lcc1700 |    00000ADA  A$lcc1700
     00000ADB  A$lcc1700 |    00000ADB  C$main.c$ |    00000ADD  A$lcc1700
     00000ADE  A$lcc1700 |    00000AE0  A$lcc1700 |    00000AE2  A$lcc1700
     00000AE2  C$main.c$ |    00000AE5  A$lcc1700 |    00000AE7  A$lcc1700
     00000AE7  C$main.c$ |    00000AEA  A$lcc1700 |    00000AEC  A$lcc1700
     00000AED  A$lcc1700 |    00000AEE  A$lcc1700 |    00000AEE  C$main.c$
     00000AEE  XG$drain_ |    00000AEF  A$lcc1700 |    00000AEF  C$main.c$
     00000AEF  G$reload_ |    00000AEF  _reload_t |    00000AF0  A$lcc1700
     00000AF1  A$lcc1700 |    00000AF1  C$main.c$ |    00000AF4  A$lcc1700
     00000AF5  A$lcc1700 |    00000AF7  A$lcc1700 |    00000AF8  A$lcc1700
     00000AFA  A$lcc1700 |    00000AFC  A$lcc1700 |    00000AFD  A$lcc1700
     00000AFD  C$main.c$ |    00000AFE  A$lcc1700 |    00000AFF  A$lcc1700
     00000B01  A$lcc1700 |    00000B03  A$lcc1700 |    00000B06  A$lcc1700
     00000B07  A$lcc1700 |    00000B09  A$lcc1700 |    00000B0B  A$lcc1700
     00000B0D  A$lcc1700 |    00000B0F  A$lcc1700 |    00000B11  A$lcc1700
     00000B13  A$lcc1700 |    00000B13  C$main.c$ |    00000B15  A$lcc1700
     00000B16  A$lcc1700 |    00000B17  A$lcc1700 |    00000B19  A$lcc1700
     00000B1A  A$lcc1700 |    00000B1D  A$lcc1700 |    00000B1E  A$lcc1700
     00000B1F  A$lcc1700 |    00000B1F  C$main.c$ |    00000B22  A$lcc1700
     00000B23  A$lcc1700 |    00000B26  A$lcc1700 |    00000B27  A$lcc1700
     00000B29  A$lcc1700 |    00000B29  C$main.c$ |    00000B2A  A$lcc1700
     00000B2B  A$lcc1700 |    00000B2C  A$lcc1700 |    00000B2E  A$lcc1700
     00000B30  A$lcc1700 |    00000B31  A$lcc1700 |    00000B32  A$lcc1700
     00000B33  A$lcc1700 |    00000B34  A$lcc1700 |    00000B35  A$lcc1700
     00000B36  A$lcc1700 |    00000B38  A$lcc1700 |    00000B39  A$lcc1700
     00000B3A  A$lcc1700 |    00000B3C  A$lcc1700 |    00000B3D  A$lcc1700
ASxxxx Linker V03.00 + NoICE + sdld,  page 14.
Hexadecimal  [32-Bits]

Area                       Addr        Size        Decimal Bytes (Attributes)
--------------------       ----        ----        ------- ----- ------------
_CODE                  00000200    0000238B =        9099. bytes (REL,CON)

        Value  Global            Value  Global            Value  Global    
        -----  ------            -----  ------            -----  ------    
     00000B3E  A$lcc1700 |    00000B40  A$lcc1700 |    00000B40  C$main.c$
     00000B42  A$lcc1700 |    00000B43  A$lcc1700 |    00000B45  A$lcc1700
     00000B46  A$lcc1700 |    00000B47  A$lcc1700 |    00000B49  A$lcc1700
     00000B4A  A$lcc1700 |    00000B4B  A$lcc1700 |    00000B4C  A$lcc1700
     00000B4D  A$lcc1700 |    00000B50  A$lcc1700 |    00000B52  A$lcc1700
     00000B52  C$main.c$ |    00000B55  A$lcc1700 |    00000B56  A$lcc1700
     00000B56  C$main.c$ |    00000B58  A$lcc1700 |    00000B59  A$lcc1700
     00000B5B  A$lcc1700 |    00000B5D  A$lcc1700 |    00000B5D  C$main.c$
     00000B60  A$lcc1700 |    00000B60  C$main.c$ |    00000B63  A$lcc1700
     00000B63  C$main.c$ |    00000B66  A$lcc1700 |    00000B68  A$lcc1700
     00000B69  A$lcc1700 |    00000B6A  A$lcc1700 |    00000B6A  C$main.c$
     00000B6A  XG$reload |    00000B6B  A$lcc1700 |    00000B6B  C$main.c$
     00000B6B  G$win_che |    00000B6B  _win_chec |    00000B6D  A$lcc1700
     00000B6D  C$main.c$ |    00000B6F  A$lcc1700 |    00000B70  A$lcc1700
     00000B72  A$lcc1700 |    00000B73  A$lcc1700 |    00000B74  A$lcc1700
     00000B75  A$lcc1700 |    00000B76  A$lcc1700 |    00000B77  A$lcc1700
     00000B78  A$lcc1700 |    00000B7B  A$lcc1700 |    00000B7C  A$lcc1700
     00000B7D  A$lcc1700 |    00000B7E  A$lcc1700 |    00000B80  A$lcc1700
     00000B81  A$lcc1700 |    00000B82  A$lcc1700 |    00000B83  A$lcc1700
     00000B85  A$lcc1700 |    00000B86  A$lcc1700 |    00000B87  A$lcc1700
     00000B88  A$lcc1700 |    00000B89  A$lcc1700 |    00000B8B  A$lcc1700
     00000B8D  A$lcc1700 |    00000B8E  A$lcc1700 |    00000B8F  A$lcc1700
     00000B90  A$lcc1700 |    00000B91  A$lcc1700 |    00000B92  A$lcc1700
     00000B93  A$lcc1700 |    00000B96  A$lcc1700 |    00000B97  A$lcc1700
     00000B98  A$lcc1700 |    00000B99  A$lcc1700 |    00000B9A  A$lcc1700
     00000B9B  A$lcc1700 |    00000B9C  A$lcc1700 |    00000B9E  A$lcc1700
     00000BA0  A$lcc1700 |    00000BA1  A$lcc1700 |    00000BA3  A$lcc1700
     00000BA4  A$lcc1700 |    00000BA6  A$lcc1700 |    00000BA7  A$lcc1700
     00000BA9  A$lcc1700 |    00000BAA  A$lcc1700 |    00000BAC  A$lcc1700
     00000BAD  A$lcc1700 |    00000BAF  A$lcc1700 |    00000BAF  C$main.c$
     00000BB1  A$lcc1700 |    00000BB2  A$lcc1700 |    00000BB4  A$lcc1700
     00000BB5  A$lcc1700 |    00000BB6  A$lcc1700 |    00000BB7  A$lcc1700
     00000BB8  A$lcc1700 |    00000BB9  A$lcc1700 |    00000BBA  A$lcc1700
     00000BBD  A$lcc1700 |    00000BBE  A$lcc1700 |    00000BBF  A$lcc1700
     00000BC0  A$lcc1700 |    00000BC2  A$lcc1700 |    00000BC3  A$lcc1700
     00000BC4  A$lcc1700 |    00000BC5  A$lcc1700 |    00000BC7  A$lcc1700
     00000BC8  A$lcc1700 |    00000BC9  A$lcc1700 |    00000BCA  A$lcc1700
     00000BCB  A$lcc1700 |    00000BCD  A$lcc1700 |    00000BCF  A$lcc1700
     00000BD1  A$lcc1700 |    00000BD2  A$lcc1700 |    00000BD3  A$lcc1700
     00000BD4  A$lcc1700 |    00000BD7  A$lcc1700 |    00000BD8  A$lcc1700
     00000BD9  A$lcc1700 |    00000BDA  A$lcc1700 |    00000BDC  A$lcc1700
     00000BDE  A$lcc1700 |    00000BE0  A$lcc1700 |    00000BE2  A$lcc1700
     00000BE4  A$lcc1700 |    00000BE6  A$lcc1700 |    00000BE6  C$main.c$
     00000BE8  A$lcc1700 |    00000BE9  A$lcc1700 |    00000BEA  A$lcc1700
     00000BEB  A$lcc1700 |    00000BEE  A$lcc1700 |    00000BEF  A$lcc1700
     00000BF0  A$lcc1700 |    00000BF1  A$lcc1700 |    00000BF3  A$lcc1700
     00000BF4  A$lcc1700 |    00000BF5  A$lcc1700 |    00000BF6  A$lcc1700
     00000BF8  A$lcc1700 |    00000BF9  A$lcc1700 |    00000BFA  A$lcc1700
     00000BFB  A$lcc1700 |    00000BFC  A$lcc1700 |    00000BFD  A$lcc1700
     00000BFE  A$lcc1700 |    00000BFF  A$lcc1700 |    00000C00  A$lcc1700
     00000C02  A$lcc1700 |    00000C04  A$lcc1700 |    00000C05  A$lcc1700
ASxxxx Linker V03.00 + NoICE + sdld,  page 15.
Hexadecimal  [32-Bits]

Area                       Addr        Size        Decimal Bytes (Attributes)
--------------------       ----        ----        ------- ----- ------------
_CODE                  00000200    0000238B =        9099. bytes (REL,CON)

        Value  Global            Value  Global            Value  Global    
        -----  ------            -----  ------            -----  ------    
     00000C06  A$lcc1700 |    00000C07  A$lcc1700 |    00000C08  A$lcc1700
     00000C09  A$lcc1700 |    00000C0A  A$lcc1700 |    00000C0D  A$lcc1700
     00000C0E  A$lcc1700 |    00000C0F  A$lcc1700 |    00000C10  A$lcc1700
     00000C12  A$lcc1700 |    00000C13  A$lcc1700 |    00000C14  A$lcc1700
     00000C15  A$lcc1700 |    00000C17  A$lcc1700 |    00000C18  A$lcc1700
     00000C1A  A$lcc1700 |    00000C1B  A$lcc1700 |    00000C1C  A$lcc1700
     00000C1D  A$lcc1700 |    00000C1F  A$lcc1700 |    00000C21  A$lcc1700
     00000C23  A$lcc1700 |    00000C25  A$lcc1700 |    00000C27  A$lcc1700
     00000C29  A$lcc1700 |    00000C29  C$main.c$ |    00000C2B  A$lcc1700
     00000C2C  A$lcc1700 |    00000C2E  A$lcc1700 |    00000C2F  A$lcc1700
     00000C31  A$lcc1700 |    00000C32  A$lcc1700 |    00000C34  A$lcc1700
     00000C35  A$lcc1700 |    00000C37  A$lcc1700 |    00000C39  A$lcc1700
     00000C3B  A$lcc1700 |    00000C3C  A$lcc1700 |    00000C3E  A$lcc1700
     00000C3F  A$lcc1700 |    00000C41  A$lcc1700 |    00000C42  A$lcc1700
     00000C43  A$lcc1700 |    00000C44  A$lcc1700 |    00000C45  A$lcc1700
     00000C46  A$lcc1700 |    00000C47  A$lcc1700 |    00000C47  C$main.c$
     00000C49  A$lcc1700 |    00000C4A  A$lcc1700 |    00000C4B  A$lcc1700
     00000C4C  A$lcc1700 |    00000C4D  A$lcc1700 |    00000C4E  A$lcc1700
     00000C4F  A$lcc1700 |    00000C4F  C$main.c$ |    00000C52  A$lcc1700
     00000C53  A$lcc1700 |    00000C54  A$lcc1700 |    00000C57  A$lcc1700
     00000C58  A$lcc1700 |    00000C59  A$lcc1700 |    00000C5A  A$lcc1700
     00000C5C  A$lcc1700 |    00000C5D  A$lcc1700 |    00000C5E  A$lcc1700
     00000C60  A$lcc1700 |    00000C60  C$main.c$ |    00000C63  A$lcc1700
     00000C64  A$lcc1700 |    00000C67  A$lcc1700 |    00000C68  A$lcc1700
     00000C6B  A$lcc1700 |    00000C6C  A$lcc1700 |    00000C6F  A$lcc1700
     00000C71  A$lcc1700 |    00000C71  C$main.c$ |    00000C74  A$lcc1700
     00000C76  A$lcc1700 |    00000C79  A$lcc1700 |    00000C7A  A$lcc1700
     00000C7B  A$lcc1700 |    00000C7C  A$lcc1700 |    00000C7F  A$lcc1700
     00000C80  A$lcc1700 |    00000C81  A$lcc1700 |    00000C82  A$lcc1700
     00000C83  A$lcc1700 |    00000C84  A$lcc1700 |    00000C85  A$lcc1700
     00000C88  A$lcc1700 |    00000C89  A$lcc1700 |    00000C89  C$main.c$
     00000C8C  A$lcc1700 |    00000C8C  C$main.c$ |    00000C8D  A$lcc1700
     00000C8F  A$lcc1700 |    00000C91  A$lcc1700 |    00000C92  A$lcc1700
     00000C94  A$lcc1700 |    00000C96  A$lcc1700 |    00000C96  C$main.c$
     00000C99  A$lcc1700 |    00000C9A  A$lcc1700 |    00000C9D  A$lcc1700
     00000C9E  A$lcc1700 |    00000CA1  A$lcc1700 |    00000CA2  A$lcc1700
     00000CA5  A$lcc1700 |    00000CA7  A$lcc1700 |    00000CA7  C$main.c$
     00000CAA  A$lcc1700 |    00000CAC  A$lcc1700 |    00000CAF  A$lcc1700
     00000CB0  A$lcc1700 |    00000CB1  A$lcc1700 |    00000CB2  A$lcc1700
     00000CB5  A$lcc1700 |    00000CB6  A$lcc1700 |    00000CB7  A$lcc1700
     00000CB8  A$lcc1700 |    00000CB9  A$lcc1700 |    00000CBA  A$lcc1700
     00000CBB  A$lcc1700 |    00000CBE  A$lcc1700 |    00000CBF  A$lcc1700
     00000CBF  C$main.c$ |    00000CC2  A$lcc1700 |    00000CC2  C$main.c$
     00000CC3  A$lcc1700 |    00000CC5  A$lcc1700 |    00000CC7  A$lcc1700
     00000CC8  A$lcc1700 |    00000CCA  A$lcc1700 |    00000CCC  A$lcc1700
     00000CCC  C$main.c$ |    00000CCF  A$lcc1700 |    00000CD0  A$lcc1700
     00000CD3  A$lcc1700 |    00000CD4  A$lcc1700 |    00000CD7  A$lcc1700
     00000CD8  A$lcc1700 |    00000CDB  A$lcc1700 |    00000CDD  A$lcc1700
     00000CDD  C$main.c$ |    00000CE0  A$lcc1700 |    00000CE2  A$lcc1700
     00000CE5  A$lcc1700 |    00000CE6  A$lcc1700 |    00000CE7  A$lcc1700
     00000CE8  A$lcc1700 |    00000CEB  A$lcc1700 |    00000CEC  A$lcc1700
ASxxxx Linker V03.00 + NoICE + sdld,  page 16.
Hexadecimal  [32-Bits]

Area                       Addr        Size        Decimal Bytes (Attributes)
--------------------       ----        ----        ------- ----- ------------
_CODE                  00000200    0000238B =        9099. bytes (REL,CON)

        Value  Global            Value  Global            Value  Global    
        -----  ------            -----  ------            -----  ------    
     00000CED  A$lcc1700 |    00000CEE  A$lcc1700 |    00000CEF  A$lcc1700
     00000CF0  A$lcc1700 |    00000CF1  A$lcc1700 |    00000CF4  A$lcc1700
     00000CF5  A$lcc1700 |    00000CF5  C$main.c$ |    00000CF7  A$lcc1700
     00000CF7  C$main.c$ |    00000CF8  A$lcc1700 |    00000CFA  A$lcc1700
     00000CFC  A$lcc1700 |    00000CFD  A$lcc1700 |    00000CFF  A$lcc1700
     00000D01  A$lcc1700 |    00000D01  C$main.c$ |    00000D04  A$lcc1700
     00000D05  A$lcc1700 |    00000D08  A$lcc1700 |    00000D09  A$lcc1700
     00000D0C  A$lcc1700 |    00000D0D  A$lcc1700 |    00000D10  A$lcc1700
     00000D12  A$lcc1700 |    00000D12  C$main.c$ |    00000D15  A$lcc1700
     00000D17  A$lcc1700 |    00000D1A  A$lcc1700 |    00000D1B  A$lcc1700
     00000D1C  A$lcc1700 |    00000D1D  A$lcc1700 |    00000D20  A$lcc1700
     00000D21  A$lcc1700 |    00000D22  A$lcc1700 |    00000D23  A$lcc1700
     00000D24  A$lcc1700 |    00000D25  A$lcc1700 |    00000D26  A$lcc1700
     00000D29  A$lcc1700 |    00000D2A  A$lcc1700 |    00000D2A  C$main.c$
     00000D2C  A$lcc1700 |    00000D2C  C$main.c$ |    00000D2D  A$lcc1700
     00000D2F  A$lcc1700 |    00000D31  A$lcc1700 |    00000D32  A$lcc1700
     00000D34  A$lcc1700 |    00000D36  A$lcc1700 |    00000D36  C$main.c$
     00000D39  A$lcc1700 |    00000D3A  A$lcc1700 |    00000D3D  A$lcc1700
     00000D3E  A$lcc1700 |    00000D41  A$lcc1700 |    00000D42  A$lcc1700
     00000D45  A$lcc1700 |    00000D47  A$lcc1700 |    00000D47  C$main.c$
     00000D4A  A$lcc1700 |    00000D4C  A$lcc1700 |    00000D4F  A$lcc1700
     00000D50  A$lcc1700 |    00000D51  A$lcc1700 |    00000D52  A$lcc1700
     00000D55  A$lcc1700 |    00000D56  A$lcc1700 |    00000D57  A$lcc1700
     00000D58  A$lcc1700 |    00000D59  A$lcc1700 |    00000D5A  A$lcc1700
     00000D5B  A$lcc1700 |    00000D5E  A$lcc1700 |    00000D5F  A$lcc1700
     00000D5F  C$main.c$ |    00000D61  A$lcc1700 |    00000D61  C$main.c$
     00000D64  A$lcc1700 |    00000D66  A$lcc1700 |    00000D66  C$main.c$
     00000D66  XG$win_ch |    00000D67  A$lcc1700 |    00000D67  C$main.c$
     00000D67  C$main.c$ |    00000D67  G$collide |    00000D67  _collide_
     00000D6A  A$lcc1700 |    00000D6B  A$lcc1700 |    00000D6C  A$lcc1700
     00000D6D  A$lcc1700 |    00000D6E  A$lcc1700 |    00000D6F  A$lcc1700
     00000D70  A$lcc1700 |    00000D70  C$main.c$ |    00000D71  A$lcc1700
     00000D73  A$lcc1700 |    00000D74  A$lcc1700 |    00000D74  C$main.c$
     00000D77  A$lcc1700 |    00000D79  A$lcc1700 |    00000D7A  A$lcc1700
     00000D7A  C$main.c$ |    00000D7C  A$lcc1700 |    00000D7C  C$main.c$
     00000D7D  A$lcc1700 |    00000D7E  A$lcc1700 |    00000D80  A$lcc1700
     00000D81  A$lcc1700 |    00000D82  A$lcc1700 |    00000D84  A$lcc1700
     00000D85  A$lcc1700 |    00000D86  A$lcc1700 |    00000D87  A$lcc1700
     00000D88  A$lcc1700 |    00000D89  A$lcc1700 |    00000D8A  A$lcc1700
     00000D8A  C$main.c$ |    00000D8D  A$lcc1700 |    00000D8E  A$lcc1700
     00000D90  A$lcc1700 |    00000D91  A$lcc1700 |    00000D92  A$lcc1700
     00000D94  A$lcc1700 |    00000D95  A$lcc1700 |    00000D95  C$main.c$
     00000D98  A$lcc1700 |    00000D98  C$main.c$ |    00000D9B  A$lcc1700
     00000D9D  A$lcc1700 |    00000DA0  A$lcc1700 |    00000DA1  A$lcc1700
     00000DA2  A$lcc1700 |    00000DA3  A$lcc1700 |    00000DA6  A$lcc1700
     00000DA7  A$lcc1700 |    00000DA8  A$lcc1700 |    00000DA9  A$lcc1700
     00000DAB  A$lcc1700 |    00000DAC  A$lcc1700 |    00000DAD  A$lcc1700
     00000DB0  A$lcc1700 |    00000DB1  A$lcc1700 |    00000DB1  C$main.c$
     00000DB1  C$main.c$ |    00000DB1  XG$collid |    00000DB2  A$lcc1700
     00000DB2  C$main.c$ |    00000DB2  G$collide |    00000DB2  _collide_
     00000DB4  A$lcc1700 |    00000DB4  C$main.c$ |    00000DB7  A$lcc1700
ASxxxx Linker V03.00 + NoICE + sdld,  page 17.
Hexadecimal  [32-Bits]

Area                       Addr        Size        Decimal Bytes (Attributes)
--------------------       ----        ----        ------- ----- ------------
_CODE                  00000200    0000238B =        9099. bytes (REL,CON)

        Value  Global            Value  Global            Value  Global    
        -----  ------            -----  ------            -----  ------    
     00000DB8  A$lcc1700 |    00000DB9  A$lcc1700 |    00000DBA  A$lcc1700
     00000DBB  A$lcc1700 |    00000DBD  A$lcc1700 |    00000DBE  A$lcc1700
     00000DBF  A$lcc1700 |    00000DC0  A$lcc1700 |    00000DC1  A$lcc1700
     00000DC3  A$lcc1700 |    00000DC5  A$lcc1700 |    00000DC5  C$main.c$
     00000DC7  A$lcc1700 |    00000DC9  A$lcc1700 |    00000DC9  C$main.c$
     00000DCB  A$lcc1700 |    00000DCD  A$lcc1700 |    00000DCF  A$lcc1700
     00000DCF  C$main.c$ |    00000DD1  A$lcc1700 |    00000DD3  A$lcc1700
     00000DD3  C$main.c$ |    00000DD5  A$lcc1700 |    00000DD7  A$lcc1700
     00000DD7  C$main.c$ |    00000DD9  A$lcc1700 |    00000DDA  A$lcc1700
     00000DDC  A$lcc1700 |    00000DDD  A$lcc1700 |    00000DDE  A$lcc1700
     00000DDF  A$lcc1700 |    00000DE0  A$lcc1700 |    00000DE1  A$lcc1700
     00000DE2  A$lcc1700 |    00000DE5  A$lcc1700 |    00000DE6  A$lcc1700
     00000DE7  A$lcc1700 |    00000DE8  A$lcc1700 |    00000DEA  A$lcc1700
     00000DEB  A$lcc1700 |    00000DEC  A$lcc1700 |    00000DED  A$lcc1700
     00000DEF  A$lcc1700 |    00000DF0  A$lcc1700 |    00000DF1  A$lcc1700
     00000DF2  A$lcc1700 |    00000DF3  A$lcc1700 |    00000DF5  A$lcc1700
     00000DF7  A$lcc1700 |    00000DF8  A$lcc1700 |    00000DF9  A$lcc1700
     00000DFA  A$lcc1700 |    00000DFB  A$lcc1700 |    00000DFC  A$lcc1700
     00000DFD  A$lcc1700 |    00000E00  A$lcc1700 |    00000E01  A$lcc1700
     00000E02  A$lcc1700 |    00000E03  A$lcc1700 |    00000E05  A$lcc1700
     00000E07  A$lcc1700 |    00000E09  A$lcc1700 |    00000E0B  A$lcc1700
     00000E0D  A$lcc1700 |    00000E0F  A$lcc1700 |    00000E0F  C$main.c$
     00000E12  A$lcc1700 |    00000E13  A$lcc1700 |    00000E14  A$lcc1700
     00000E15  A$lcc1700 |    00000E16  A$lcc1700 |    00000E17  A$lcc1700
     00000E18  A$lcc1700 |    00000E19  A$lcc1700 |    00000E1A  A$lcc1700
     00000E1A  C$main.c$ |    00000E1B  A$lcc1700 |    00000E1D  A$lcc1700
     00000E1E  A$lcc1700 |    00000E1F  A$lcc1700 |    00000E21  A$lcc1700
     00000E24  A$lcc1700 |    00000E26  A$lcc1700 |    00000E27  A$lcc1700
     00000E27  C$main.c$ |    00000E29  A$lcc1700 |    00000E2A  A$lcc1700
     00000E2C  A$lcc1700 |    00000E2D  A$lcc1700 |    00000E2F  A$lcc1700
     00000E31  A$lcc1700 |    00000E32  A$lcc1700 |    00000E34  A$lcc1700
     00000E36  A$lcc1700 |    00000E37  A$lcc1700 |    00000E38  A$lcc1700
     00000E39  A$lcc1700 |    00000E3A  A$lcc1700 |    00000E3B  A$lcc1700
     00000E3C  A$lcc1700 |    00000E3E  A$lcc1700 |    00000E3F  A$lcc1700
     00000E41  A$lcc1700 |    00000E42  A$lcc1700 |    00000E43  A$lcc1700
     00000E44  A$lcc1700 |    00000E45  A$lcc1700 |    00000E46  A$lcc1700
     00000E47  A$lcc1700 |    00000E48  A$lcc1700 |    00000E49  A$lcc1700
     00000E4A  A$lcc1700 |    00000E4B  A$lcc1700 |    00000E4D  A$lcc1700
     00000E4E  A$lcc1700 |    00000E50  A$lcc1700 |    00000E51  A$lcc1700
     00000E53  A$lcc1700 |    00000E54  A$lcc1700 |    00000E56  A$lcc1700
     00000E57  A$lcc1700 |    00000E59  A$lcc1700 |    00000E5B  A$lcc1700
     00000E5D  A$lcc1700 |    00000E5E  A$lcc1700 |    00000E5F  A$lcc1700
     00000E62  A$lcc1700 |    00000E63  A$lcc1700 |    00000E64  A$lcc1700
     00000E65  A$lcc1700 |    00000E67  A$lcc1700 |    00000E68  A$lcc1700
     00000E69  A$lcc1700 |    00000E6A  A$lcc1700 |    00000E6C  A$lcc1700
     00000E6D  A$lcc1700 |    00000E6F  A$lcc1700 |    00000E71  A$lcc1700
     00000E72  A$lcc1700 |    00000E74  A$lcc1700 |    00000E75  A$lcc1700
     00000E77  A$lcc1700 |    00000E78  A$lcc1700 |    00000E7A  A$lcc1700
     00000E7B  A$lcc1700 |    00000E7D  A$lcc1700 |    00000E7E  A$lcc1700
     00000E80  A$lcc1700 |    00000E80  C$main.c$ |    00000E82  A$lcc1700
     00000E83  A$lcc1700 |    00000E84  A$lcc1700 |    00000E86  A$lcc1700
ASxxxx Linker V03.00 + NoICE + sdld,  page 18.
Hexadecimal  [32-Bits]

Area                       Addr        Size        Decimal Bytes (Attributes)
--------------------       ----        ----        ------- ----- ------------
_CODE                  00000200    0000238B =        9099. bytes (REL,CON)

        Value  Global            Value  Global            Value  Global    
        -----  ------            -----  ------            -----  ------    
     00000E87  A$lcc1700 |    00000E88  A$lcc1700 |    00000E89  A$lcc1700
     00000E8A  A$lcc1700 |    00000E8B  A$lcc1700 |    00000E8C  A$lcc1700
     00000E8E  A$lcc1700 |    00000E8F  A$lcc1700 |    00000E90  A$lcc1700
     00000E91  A$lcc1700 |    00000E92  A$lcc1700 |    00000E93  A$lcc1700
     00000E94  A$lcc1700 |    00000E96  A$lcc1700 |    00000E97  A$lcc1700
     00000E98  A$lcc1700 |    00000E99  A$lcc1700 |    00000E9B  A$lcc1700
     00000E9C  A$lcc1700 |    00000E9D  A$lcc1700 |    00000E9E  A$lcc1700
     00000E9F  A$lcc1700 |    00000EA0  A$lcc1700 |    00000EA1  A$lcc1700
     00000EA2  A$lcc1700 |    00000EA3  A$lcc1700 |    00000EA5  A$lcc1700
     00000EA7  A$lcc1700 |    00000EA8  A$lcc1700 |    00000EA9  A$lcc1700
     00000EAA  A$lcc1700 |    00000EAB  A$lcc1700 |    00000EAE  A$lcc1700
     00000EAF  A$lcc1700 |    00000EB0  A$lcc1700 |    00000EB1  A$lcc1700
     00000EB3  A$lcc1700 |    00000EB4  A$lcc1700 |    00000EB5  A$lcc1700
     00000EB6  A$lcc1700 |    00000EB8  A$lcc1700 |    00000EB9  A$lcc1700
     00000EBB  A$lcc1700 |    00000EBC  A$lcc1700 |    00000EBD  A$lcc1700
     00000EBD  C$main.c$ |    00000EBE  A$lcc1700 |    00000EBF  A$lcc1700
     00000EC1  A$lcc1700 |    00000EC3  A$lcc1700 |    00000EC5  A$lcc1700
     00000EC7  A$lcc1700 |    00000EC9  A$lcc1700 |    00000ECB  A$lcc1700
     00000ECC  A$lcc1700 |    00000ECD  A$lcc1700 |    00000ECF  A$lcc1700
     00000ED0  A$lcc1700 |    00000ED1  A$lcc1700 |    00000ED2  A$lcc1700
     00000ED3  A$lcc1700 |    00000ED4  A$lcc1700 |    00000ED7  A$lcc1700
     00000ED8  A$lcc1700 |    00000ED9  A$lcc1700 |    00000EDA  A$lcc1700
     00000EDC  A$lcc1700 |    00000EDD  A$lcc1700 |    00000EDF  A$lcc1700
     00000EDF  C$main.c$ |    00000EE0  A$lcc1700 |    00000EE2  A$lcc1700
     00000EE3  A$lcc1700 |    00000EE4  A$lcc1700 |    00000EE5  A$lcc1700
     00000EE6  A$lcc1700 |    00000EE9  A$lcc1700 |    00000EEA  A$lcc1700
     00000EEC  A$lcc1700 |    00000EED  A$lcc1700 |    00000EEE  A$lcc1700
     00000EF0  A$lcc1700 |    00000EF0  C$main.c$ |    00000EF3  A$lcc1700
     00000EF4  A$lcc1700 |    00000EF5  A$lcc1700 |    00000EF6  A$lcc1700
     00000EF7  A$lcc1700 |    00000EF9  A$lcc1700 |    00000EFA  A$lcc1700
     00000EFB  A$lcc1700 |    00000EFC  A$lcc1700 |    00000EFD  A$lcc1700
     00000EFF  A$lcc1700 |    00000F01  A$lcc1700 |    00000F01  C$main.c$
     00000F03  A$lcc1700 |    00000F04  A$lcc1700 |    00000F06  A$lcc1700
     00000F07  A$lcc1700 |    00000F09  A$lcc1700 |    00000F0B  A$lcc1700
     00000F0C  A$lcc1700 |    00000F0E  A$lcc1700 |    00000F0F  A$lcc1700
     00000F10  A$lcc1700 |    00000F12  A$lcc1700 |    00000F13  A$lcc1700
     00000F15  A$lcc1700 |    00000F17  A$lcc1700 |    00000F18  A$lcc1700
     00000F1A  A$lcc1700 |    00000F1B  A$lcc1700 |    00000F1D  A$lcc1700
     00000F20  A$lcc1700 |    00000F21  A$lcc1700 |    00000F23  A$lcc1700
     00000F24  A$lcc1700 |    00000F25  A$lcc1700 |    00000F27  A$lcc1700
     00000F28  A$lcc1700 |    00000F2B  A$lcc1700 |    00000F2B  C$main.c$
     00000F2E  A$lcc1700 |    00000F30  A$lcc1700 |    00000F33  A$lcc1700
     00000F33  C$main.c$ |    00000F33  C$main.c$ |    00000F34  A$lcc1700
     00000F36  A$lcc1700 |    00000F37  A$lcc1700 |    00000F39  A$lcc1700
     00000F3A  A$lcc1700 |    00000F3C  A$lcc1700 |    00000F3D  A$lcc1700
     00000F3F  A$lcc1700 |    00000F3F  C$main.c$ |    00000F41  A$lcc1700
     00000F42  A$lcc1700 |    00000F44  A$lcc1700 |    00000F45  A$lcc1700
     00000F47  A$lcc1700 |    00000F49  A$lcc1700 |    00000F4A  A$lcc1700
     00000F4B  A$lcc1700 |    00000F4D  A$lcc1700 |    00000F4F  A$lcc1700
     00000F50  A$lcc1700 |    00000F52  A$lcc1700 |    00000F53  A$lcc1700
     00000F54  A$lcc1700 |    00000F56  A$lcc1700 |    00000F57  A$lcc1700
ASxxxx Linker V03.00 + NoICE + sdld,  page 19.
Hexadecimal  [32-Bits]

Area                       Addr        Size        Decimal Bytes (Attributes)
--------------------       ----        ----        ------- ----- ------------
_CODE                  00000200    0000238B =        9099. bytes (REL,CON)

        Value  Global            Value  Global            Value  Global    
        -----  ------            -----  ------            -----  ------    
     00000F59  A$lcc1700 |    00000F5B  A$lcc1700 |    00000F5D  A$lcc1700
     00000F5F  A$lcc1700 |    00000F61  A$lcc1700 |    00000F62  A$lcc1700
     00000F63  A$lcc1700 |    00000F65  A$lcc1700 |    00000F66  A$lcc1700
     00000F68  A$lcc1700 |    00000F68  C$main.c$ |    00000F6B  A$lcc1700
     00000F6D  A$lcc1700 |    00000F70  A$lcc1700 |    00000F70  C$main.c$
     00000F73  A$lcc1700 |    00000F74  A$lcc1700 |    00000F77  A$lcc1700
     00000F77  C$main.c$ |    00000F7A  A$lcc1700 |    00000F7C  A$lcc1700
     00000F7F  A$lcc1700 |    00000F7F  C$main.c$ |    00000F81  A$lcc1700
     00000F82  A$lcc1700 |    00000F84  A$lcc1700 |    00000F85  A$lcc1700
     00000F87  A$lcc1700 |    00000F89  A$lcc1700 |    00000F8A  A$lcc1700
     00000F8B  A$lcc1700 |    00000F8D  A$lcc1700 |    00000F8E  A$lcc1700
     00000F8F  A$lcc1700 |    00000F91  A$lcc1700 |    00000F92  A$lcc1700
     00000F94  A$lcc1700 |    00000F95  A$lcc1700 |    00000F97  A$lcc1700
     00000F98  A$lcc1700 |    00000F99  A$lcc1700 |    00000F9B  A$lcc1700
     00000F9C  A$lcc1700 |    00000F9D  A$lcc1700 |    00000F9F  A$lcc1700
     00000FA0  A$lcc1700 |    00000FA2  A$lcc1700 |    00000FA3  A$lcc1700
     00000FA4  A$lcc1700 |    00000FA4  C$main.c$ |    00000FA5  A$lcc1700
     00000FA7  A$lcc1700 |    00000FA8  A$lcc1700 |    00000FAA  A$lcc1700
     00000FAA  C$main.c$ |    00000FAC  A$lcc1700 |    00000FAE  A$lcc1700
     00000FB0  A$lcc1700 |    00000FB2  A$lcc1700 |    00000FB4  A$lcc1700
     00000FB6  A$lcc1700 |    00000FB8  A$lcc1700 |    00000FBA  A$lcc1700
     00000FBC  A$lcc1700 |    00000FBC  C$main.c$ |    00000FBF  A$lcc1700
     00000FC1  A$lcc1700 |    00000FC4  A$lcc1700 |    00000FC4  C$main.c$
     00000FC7  A$lcc1700 |    00000FC8  A$lcc1700 |    00000FCB  A$lcc1700
     00000FCB  C$main.c$ |    00000FCE  A$lcc1700 |    00000FD0  A$lcc1700
     00000FD2  A$lcc1700 |    00000FD2  C$main.c$ |    00000FD3  A$lcc1700
     00000FD5  A$lcc1700 |    00000FD6  A$lcc1700 |    00000FD8  A$lcc1700
     00000FD8  C$main.c$ |    00000FDA  A$lcc1700 |    00000FDC  A$lcc1700
     00000FDE  A$lcc1700 |    00000FE0  A$lcc1700 |    00000FE2  A$lcc1700
     00000FE4  A$lcc1700 |    00000FE6  A$lcc1700 |    00000FE8  A$lcc1700
     00000FEA  A$lcc1700 |    00000FEA  C$main.c$ |    00000FED  A$lcc1700
     00000FEF  A$lcc1700 |    00000FF1  A$lcc1700 |    00000FF1  C$main.c$
     00000FF4  A$lcc1700 |    00000FF5  A$lcc1700 |    00000FF7  A$lcc1700
     00000FF7  C$main.c$ |    00000FFA  A$lcc1700 |    00000FFC  A$lcc1700
     00000FFE  A$lcc1700 |    00000FFE  C$main.c$ |    00000FFF  A$lcc1700
     00001001  A$lcc1700 |    00001002  A$lcc1700 |    00001004  A$lcc1700
     00001004  C$main.c$ |    00001007  A$lcc1700 |    00001008  A$lcc1700
     00001009  A$lcc1700 |    0000100B  A$lcc1700 |    0000100B  C$main.c$
     0000100C  A$lcc1700 |    0000100F  A$lcc1700 |    00001010  A$lcc1700
     00001010  C$main.c$ |    00001012  A$lcc1700 |    00001014  A$lcc1700
     00001016  A$lcc1700 |    00001018  A$lcc1700 |    0000101A  A$lcc1700
     0000101C  A$lcc1700 |    0000101E  A$lcc1700 |    00001020  A$lcc1700
     00001022  A$lcc1700 |    00001022  C$main.c$ |    00001025  A$lcc1700
     00001027  A$lcc1700 |    00001029  A$lcc1700 |    00001029  C$main.c$
     0000102C  A$lcc1700 |    0000102D  A$lcc1700 |    0000102F  A$lcc1700
     0000102F  C$main.c$ |    00001032  A$lcc1700 |    00001034  A$lcc1700
     00001036  A$lcc1700 |    00001036  C$main.c$ |    00001037  A$lcc1700
     00001039  A$lcc1700 |    0000103A  A$lcc1700 |    0000103C  A$lcc1700
     0000103C  C$main.c$ |    0000103F  A$lcc1700 |    00001040  A$lcc1700
     00001041  A$lcc1700 |    00001042  A$lcc1700 |    00001043  A$lcc1700
     00001044  A$lcc1700 |    00001047  A$lcc1700 |    00001048  A$lcc1700
ASxxxx Linker V03.00 + NoICE + sdld,  page 20.
Hexadecimal  [32-Bits]

Area                       Addr        Size        Decimal Bytes (Attributes)
--------------------       ----        ----        ------- ----- ------------
_CODE                  00000200    0000238B =        9099. bytes (REL,CON)

        Value  Global            Value  Global            Value  Global    
        -----  ------            -----  ------            -----  ------    
     0000104A  A$lcc1700 |    0000104A  C$main.c$ |    0000104A  XG$collid
     0000104B  A$lcc1700 |    0000104B  C$main.c$ |    0000104B  C$main.c$
     0000104B  G$animate |    0000104B  _animate_ |    0000104E  A$lcc1700
     0000104F  A$lcc1700 |    0000104F  C$main.c$ |    00001052  A$lcc1700
     00001053  A$lcc1700 |    00001053  C$main.c$ |    00001055  A$lcc1700
     00001055  C$main.c$ |    00001058  A$lcc1700 |    0000105A  A$lcc1700
     0000105C  A$lcc1700 |    0000105C  C$main.c$ |    0000105F  A$lcc1700
     00001062  A$lcc1700 |    00001063  A$lcc1700 |    00001064  A$lcc1700
     00001065  A$lcc1700 |    00001067  A$lcc1700 |    00001068  A$lcc1700
     0000106A  A$lcc1700 |    0000106B  A$lcc1700 |    0000106C  A$lcc1700
     0000106C  C$main.c$ |    0000106E  A$lcc1700 |    0000106F  A$lcc1700
     00001071  A$lcc1700 |    00001073  A$lcc1700 |    00001073  C$main.c$
     00001075  A$lcc1700 |    00001076  A$lcc1700 |    00001077  A$lcc1700
     00001078  A$lcc1700 |    00001079  A$lcc1700 |    0000107C  A$lcc1700
     0000107D  A$lcc1700 |    0000107E  A$lcc1700 |    0000107F  A$lcc1700
     0000107F  C$main.c$ |    00001080  A$lcc1700 |    00001082  A$lcc1700
     00001083  A$lcc1700 |    00001084  A$lcc1700 |    00001085  A$lcc1700
     00001086  A$lcc1700 |    00001089  A$lcc1700 |    0000108A  A$lcc1700
     0000108B  A$lcc1700 |    0000108B  C$main.c$ |    0000108C  A$lcc1700
     0000108E  A$lcc1700 |    00001090  A$lcc1700 |    00001092  A$lcc1700
     00001093  A$lcc1700 |    00001095  A$lcc1700 |    00001095  C$main.c$
     00001096  A$lcc1700 |    00001097  A$lcc1700 |    00001099  A$lcc1700
     0000109A  A$lcc1700 |    0000109B  A$lcc1700 |    0000109C  A$lcc1700
     0000109F  A$lcc1700 |    000010A1  A$lcc1700 |    000010A2  A$lcc1700
     000010A2  C$main.c$ |    000010A3  A$lcc1700 |    000010A5  A$lcc1700
     000010A7  A$lcc1700 |    000010A9  A$lcc1700 |    000010AA  A$lcc1700
[...]

        Value  Global            Value  Global            Value  Global    
        -----  ------            -----  ------            -----  ------    
ASxxxx Linker V03.00 + NoICE + sdld,  page 30.
Hexadecimal  [32-Bits]

Area                       Addr        Size        Decimal Bytes (Attributes)
--------------------       ----        ----        ------- ----- ------------
_HEADER4               00000000    0000004F =          79. bytes (ABS,CON)

        Value  Global            Value  Global            Value  Global    
        -----  ------            -----  ------            -----  ------    
     00000080  .int      |    0000008F  _wait_int |    0000009C  __standar
     000000AC  _refresh_
ASxxxx Linker V03.00 + NoICE + sdld,  page 31.
Hexadecimal  [32-Bits]

Area                       Addr        Size        Decimal Bytes (Attributes)
--------------------       ----        ----        ------- ----- ------------
_HEADER5               00000000    00000002 =           2. bytes (ABS,CON)

        Value  Global            Value  Global            Value  Global    
        -----  ------            -----  ------            -----  ------    
ASxxxx Linker V03.00 + NoICE + sdld,  page 32.
Hexadecimal  [32-Bits]

Area                       Addr        Size        Decimal Bytes (Attributes)
--------------------       ----        ----        ------- ----- ------------
_HEADER6               00000000    00000030 =          48. bytes (ABS,CON)

        Value  Global            Value  Global            Value  Global    
        -----  ------            -----  ------            -----  ------    
ASxxxx Linker V03.00 + NoICE + sdld,  page 33.
Hexadecimal  [32-Bits]

Area                       Addr        Size        Decimal Bytes (Attributes)
--------------------       ----        ----        ------- ----- ------------
_HEADER7               00000000    00000006 =           6. bytes (ABS,CON)

        Value  Global            Value  Global            Value  Global    
        -----  ------            -----  ------            -----  ------    
ASxxxx Linker V03.00 + NoICE + sdld,  page 34.
Hexadecimal  [32-Bits]

Area                       Addr        Size        Decimal Bytes (Attributes)
--------------------       ----        ----        ------- ----- ------------
_HEADER8               00000000    00000003 =           3. bytes (ABS,CON)

        Value  Global            Value  Global            Value  Global    
        -----  ------            -----  ------            -----  ------    
ASxxxx Linker V03.00 + NoICE + sdld,  page 35.
Hexadecimal  [32-Bits]

Area                       Addr        Size        Decimal Bytes (Attributes)
--------------------       ----        ----        ------- ----- ------------
_HEADER9               00000000    00000001 =           1. bytes (ABS,CON)

        Value  Global            Value  Global            Value  Global    
        -----  ------            -----  ------            -----  ------    
ASxxxx Linker V03.00 + NoICE + sdld,  page 36.
Hexadecimal  [32-Bits]

Area                       Addr        Size        Decimal Bytes (Attributes)
--------------------       ----        ----        ------- ----- ------------
_HEADERa               00000000    00000001 =           1. bytes (ABS,CON)

        Value  Global            Value  Global            Value  Global    
        -----  ------            -----  ------            -----  ------    
ASxxxx Linker V03.00 + NoICE + sdld,  page 37.
Hexadecimal  [32-Bits]

Area                       Addr        Size        Decimal Bytes (Attributes)
--------------------       ----        ----        ------- ----- ------------
_HEADERb               00000000    00000001 =           1. bytes (ABS,CON)

        Value  Global            Value  Global            Value  Global    
        -----  ------            -----  ------            -----  ------    
ASxxxx Linker V03.00 + NoICE + sdld,  page 38.
Hexadecimal  [32-Bits]

Area                       Addr        Size        Decimal Bytes (Attributes)
--------------------       ----        ----        ------- ----- ------------
_HEADERc               00000000    00000002 =           2. bytes (ABS,CON)

        Value  Global            Value  Global            Value  Global    
        -----  ------            -----  ------            -----  ------    
ASxxxx Linker V03.00 + NoICE + sdld,  page 39.
Hexadecimal  [32-Bits]

Area                       Addr        Size        Decimal Bytes (Attributes)
--------------------       ----        ----        ------- ----- ------------
_HEADERd               00000000    00000001 =           1. bytes (ABS,CON)

        Value  Global            Value  Global            Value  Global    
        -----  ------            -----  ------            -----  ------    
ASxxxx Linker V03.00 + NoICE + sdld,  page 40.
Hexadecimal  [32-Bits]

Area                       Addr        Size        Decimal Bytes (Attributes)
--------------------       ----        ----        ------- ----- ------------
_HEADERe               00000000    00000001 =           1. bytes (ABS,CON)

        Value  Global            Value  Global            Value  Global    
        -----  ------            -----  ------            -----  ------    
ASxxxx Linker V03.00 + NoICE + sdld,  page 41.
Hexadecimal  [32-Bits]

Area                       Addr        Size        Decimal Bytes (Attributes)
--------------------       ----        ----        ------- ----- ------------
_HEADERf               00000000    00000002 =           2. bytes (ABS,CON)

        Value  Global            Value  Global            Value  Global    
        -----  ------            -----  ------            -----  ------    
ASxxxx Linker V03.00 + NoICE + sdld,  page 42.
Hexadecimal  [32-Bits]

Area                       Addr        Size        Decimal Bytes (Attributes)
--------------------       ----        ----        ------- ----- ------------
_HEADER10              00000000    00000082 =         130. bytes (ABS,CON)

        Value  Global            Value  Global            Value  Global    
        -----  ------            -----  ------            -----  ------    
     00000150  .reset    |    00000150  _reset    |    00000157  .code_sta
     000001B7  _exit     |    000001BB  _set_inte
ASxxxx Linker V03.00 + NoICE + sdld,  page 43.
Hexadecimal  [32-Bits]

Area                       Addr        Size        Decimal Bytes (Attributes)
--------------------       ----        ----        ------- ----- ------------
_HEADER11              00000000    00000001 =           1. bytes (ABS,CON)

        Value  Global            Value  Global            Value  Global    
        -----  ------            -----  ------            -----  ------    
ASxxxx Linker V03.00 + NoICE + sdld,  page 44.
Hexadecimal  [32-Bits]

Area                       Addr        Size        Decimal Bytes (Attributes)
--------------------       ----        ----        ------- ----- ------------
_HOME                  0000258B    0000039A =         922. bytes (REL,CON)

        Value  Global            Value  Global            Value  Global    
        -----  ------            -----  ------            -----  ------    
     0000258B  .memset_s |    00002594  .memcpy_s |    000025B1  .remove_V
     000025B4  .remove_i |    000025D1  .add_VBL  |    000025D4  .add_int 
     000025DF  .wait_vbl |    000025DF  _wait_vbl |    000025EF  .display_
     000025EF  _display_ |    00002607  _remove_V |    00002612  _add_VBL 
     0000261D  _set_tile |    00002622  _set_bkg_ |    00002622  _set_win_
     0000262A  _set_spri |    0000265A  .padup    |    0000265A  _waitpadu
     0000266A  .jpad     |    0000266A  _joypad   |    00002692  _waitpad 
     00002695  .wait_pad |    0000269C  ___sdcc_c |    000026CC  _add_LCD 
     000026D7  .add_LCD  |    000026DD  _remove_L |    000026E8  .remove_L
     000026EE  __divsuch |    000026FB  __modsuch |    00002705  __divusch
     00002717  __modusch |    00002727  __divscha |    00002733  __modscha
     0000273D  __divsint |    0000274E  __modsint |    0000275D  __divucha
     00002769  __moducha |    00002773  __divuint |    00002784  __moduint
     00002793  .div8     |    00002793  .mod8     |    0000279B  .div16   
     0000279B  .mod16    |    000027D1  .divu8    |    000027D1  .modu8   
     000027D4  .divu16   |    000027D4  .modu16   |    00002815  _set_bkg_
     00002829  _uitoa    |    00002838  _itoa     |    00002847  .itoa    
     0000285B  .utoa     |    000028CF  .set_xy_w |    000028D8  .set_xy_b
     000028E7  .set_xy_t
ASxxxx Linker V03.00 + NoICE + sdld,  page 45.
Hexadecimal  [32-Bits]

Area                       Addr        Size        Decimal Bytes (Attributes)
--------------------       ----        ----        ------- ----- ------------
_CODE_0                00002925    00000440 =        1088. bytes (REL,CON)

        Value  Global            Value  Global            Value  Global    
        -----  ------            -----  ------            -----  ------    
     00002925  G$FONT$0_ |    00002925  _FONT    
ASxxxx Linker V03.00 + NoICE + sdld,  page 46.
Hexadecimal  [32-Bits]

Area                       Addr        Size        Decimal Bytes (Attributes)
--------------------       ----        ----        ------- ----- ------------
_INITIALIZER           00002D65    00000050 =          80. bytes (REL,CON)

        Value  Global            Value  Global            Value  Global    
        -----  ------            -----  ------            -----  ------    
     00002D65  Fmain$__x |    00002D89  Fmain$__x |    00002D8C  Fmain$__x
     00002D90  Fmain$__x |    00002D94  Fmain$__x |    00002D9B  Fmain$__x
     00002D9C  Fmain$__x |    00002DA1  Fmain$__x |    00002DA6  Fmain$__x
     00002DAD  Fmain$__x |    00002DB3  Fmain$__x
ASxxxx Linker V03.00 + NoICE + sdld,  page 47.
Hexadecimal  [32-Bits]

Area                       Addr        Size        Decimal Bytes (Attributes)
--------------------       ----        ----        ------- ----- ------------
_GSINIT                00002DB5    0000000C =          12. bytes (REL,CON)

        Value  Global            Value  Global            Value  Global    
        -----  ------            -----  ------            -----  ------    
     00002DB5  gsinit   
ASxxxx Linker V03.00 + NoICE + sdld,  page 48.
Hexadecimal  [32-Bits]

Area                       Addr        Size        Decimal Bytes (Attributes)
--------------------       ----        ----        ------- ----- ------------
_GSFINAL               00002DC1    00000001 =           1. bytes (REL,CON)

        Value  Global            Value  Global            Value  Global    
        -----  ------            -----  ------            -----  ------    
ASxxxx Linker V03.00 + NoICE + sdld,  page 49.
Hexadecimal  [32-Bits]

Area                       Addr        Size        Decimal Bytes (Attributes)
--------------------       ----        ----        ------- ----- ------------
_DATA                  0000C0A0    0000007C =         124. bytes (REL,CON)

        Value  Global            Value  Global            Value  Global    
        -----  ------            -----  ------            -----  ------    
     0000C0A0  __cpu     |    0000C0A1  __is_GBA  |    0000C0A2  .mode    
     0000C0A3  .sys_time |    0000C0A3  _sys_time |    0000C0A5  .int_0x40
     0000C0B9  G$scroll$ |    0000C0B9  _scroll   |    0000C0C3  G$PLAYER$
     0000C0C3  _PLAYER   |    0000C0CA  G$TOPHAT_ |    0000C0CA  _TOPHAT_F
     0000C0D1  G$joy$0_0 |    0000C0D1  _joy      |    0000C0D2  G$last_jo
     0000C0D2  _last_joy |    0000C0D3  G$is_movi |    0000C0D3  _is_movin
     0000C0D4  G$is_anim |    0000C0D4  _is_anima |    0000C0D5  G$is_dyin
     0000C0D5  _is_dying |    0000C0D6  G$turtles |    0000C0D6  _turtles_
     0000C0D7  G$move_x$ |    0000C0D7  _move_x   |    0000C0D8  G$move_y$
     0000C0D8  _move_y   |    0000C0D9  G$scx_cou |    0000C0D9  _scx_coun
     0000C0DA  G$turtle_ |    0000C0DA  _turtle_c |    0000C0DB  G$dive_co
     0000C0DB  _dive_cou |    0000C0DC  G$timer$0 |    0000C0DC  _timer   
     0000C0DE  G$timer_t |    0000C0DE  _timer_ti |    0000C0DF  G$pause_t
     0000C0DF  _pause_ti |    0000C0E0  G$GAMESTA |    0000C0E0  _GAMESTAT
     0000C0E1  G$TIMERST |    0000C0E1  _TIMERSTA |    0000C0E2  G$turtle_
     0000C0E2  _turtle_t |    0000C0E3  G$dive_ti |    0000C0E3  _dive_til
     0000C0E4  G$y_min$0 |    0000C0E4  _y_min    |    0000C0E5  G$vram_ad
     0000C0E5  _vram_add |    0000C0E7  G$score$0 |    0000C0E7  _score   
     0000C0E9  G$score_b |    0000C0E9  _score_bu |    0000C0EE  G$current
     0000C0EE  _current_ |    0000C0EF  G$level_b |    0000C0EF  _level_bu
     0000C107  G$animati |    0000C107  _animatio |    0000C108  G$death_a
     0000C108  _death_an |    0000C109  ___curren |    0000C10B  ___curren
     0000C10C  .int_0x48
ASxxxx Linker V03.00 + NoICE + sdld,  page 50.
Hexadecimal  [32-Bits]

Area                       Addr        Size        Decimal Bytes (Attributes)
--------------------       ----        ----        ------- ----- ------------
_INITIALIZED           0000C11C    00000050 =          80. bytes (REL,CON)

        Value  Global            Value  Global            Value  Global    
        -----  ------            -----  ------            -----  ------    
     0000C11C  G$scroll_ |    0000C11C  _scroll_r |    0000C140  G$turtle_
     0000C140  _turtle_d |    0000C143  G$turtle_ |    0000C143  _turtle_d
     0000C147  G$turtle_ |    0000C147  _turtle_t |    0000C14B  G$dive_ti
     0000C14B  _dive_til |    0000C152  G$lives$0 |    0000C152  _lives   
     0000C153  G$PLAYER1 |    0000C153  _PLAYER1U |    0000C158  G$PLAYER2
     0000C158  _PLAYER2U |    0000C15D  G$level_t |    0000C15D  _level_te
     0000C164  G$pause_t |    0000C164  _pause_te |    0000C16A  G$death_a
     0000C16A  _death_an |    0000C16B  ___render
ASxxxx Linker V03.00 + NoICE + sdld,  page 51.
Hexadecimal  [32-Bits]

Area                       Addr        Size        Decimal Bytes (Attributes)
--------------------       ----        ----        ------- ----- ------------
_HRAM12                00000000    00000003 =           3. bytes (ABS,CON)

        Value  Global            Value  Global            Value  Global    
        -----  ------            -----  ------            -----  ------    
     0000FF90  __current |    0000FF92  __shadow_
ASxxxx Linker V03.00 + NoICE + sdld,  page 52.
Hexadecimal  [32-Bits]

Area                       Addr        Size        Decimal Bytes (Attributes)
--------------------       ----        ----        ------- ----- ------------
_CODE_1                00014000    000003D0 =         976. bytes (REL,CON)

        Value  Global            Value  Global            Value  Global    
        -----  ------            -----  ------            -----  ------    
     00014000  C$frogger |    00014000  G$__func_ |    00014000  G$frogger
     00014000  ___func_f |    00014000  _frogger_ |    0001400A  G$frogger
     0001400A  _frogger_ |    0001424A  G$frogger |    0001424A  _frogger_
     00014256  G$frogger |    00014256  _frogger_ |    00014262  G$frogger
     00014262  _frogger_ |    0001426E  G$frogger |    0001426E  _frogger_
     0001427A  G$frogger |    0001427A  _frogger_ |    00014286  G$frogger
     00014286  _frogger_ |    00014292  G$frogger |    00014292  _frogger_
     0001429E  G$frogger |    0001429E  _frogger_ |    000142AA  G$frogger
     000142AA  _frogger_ |    000142B6  G$frogger |    000142B6  _frogger_
     000142C8  G$frogger |    000142C8  _frogger_ |    000142DC  G$frogger
     000142DC  _frogger_ |    000142F0  G$frogger |    000142F0  _frogger_
     00014322  C$frogger |    00014322  G$__func_ |    00014322  G$frogger
     00014322  ___func_f |    00014322  _frogger_ |    0001432A  G$frogger
     0001432A  _frogger_ |    0001436A  G$frogger |    0001436A  _frogger_
     00014376  G$frogger |    00014376  _frogger_ |    00014378  C$tophat_
     00014378  G$__func_ |    00014378  G$tophat_ |    00014378  ___func_t
     00014378  _tophat_f |    00014382  G$tophat_ |    00014382  _tophat_f
     000143C2  G$tophat_ |    000143C2  _tophat_f |    000143CE  G$tophat_
     000143CE  _tophat_f
ASxxxx Linker V03.00 + NoICE + sdld,  page 53.
Hexadecimal  [32-Bits]

Area                       Addr        Size        Decimal Bytes (Attributes)
--------------------       ----        ----        ------- ----- ------------
_HEADER_LCD0           00000000    00000003 =           3. bytes (ABS,CON)

        Value  Global            Value  Global            Value  Global    
        -----  ------            -----  ------            -----  ------    
ASxxxx Linker V03.00 + NoICE + sdld,  page 54.

Files Linked                              [ module(s) ]

C:\c_code\gbdk\lib/small/asxxxx/gb/crt0.o
                                          [ Runtime ]
C:\Users\User\AppData\Local\Temp/lcc17000.rel
                                          [ main ]
C:\Users\User\AppData\Local\Temp/lcc17001.rel
                                          [ bkg_map ]
C:\Users\User\AppData\Local\Temp/lcc17002.rel
                                          [ bkg_tiles ]
C:\Users\User\AppData\Local\Temp/lcc17003.rel
                                          [ collision_map ]
C:\Users\User\AppData\Local\Temp/lcc17004.rel
                                          [ font ]
C:\Users\User\AppData\Local\Temp/lcc17005.rel
                                          [ frog_lives ]
C:\Users\User\AppData\Local\Temp/lcc17006.rel
                                          [ frogger ]
C:\Users\User\AppData\Local\Temp/lcc17007.rel
                                          [ frogger_16 ]
C:\Users\User\AppData\Local\Temp/lcc17008.rel
                                          [ reset_timer ]
C:\Users\User\AppData\Local\Temp/lcc17009.rel
                                          [ tophat_frog ]
C:\Users\User\AppData\Local\Temp/lcc170010.rel
                                          [ win_frog ]


Libraries Linked                          [ object file ]

C:\c_code\gbdk\lib/small/asxxxx/gb/gb.lib
                                          [ sfr.o ]
C:\c_code\gbdk\lib/small/asxxxx/gb/gb.lib
                                          [ get_tile.o ]
C:\c_code\gbdk\lib/small/asxxxx/gb/gb.lib
                                          [ set_tile.o ]
C:\c_code\gbdk\lib/small/asxxxx/gb/gb.lib
                                          [ metasprites_hide.o ]
C:\c_code\gbdk\lib/small/asxxxx/gb/gb.lib
                                          [ set_data.o ]
C:\c_code\gbdk\lib/small/asxxxx/gb/gb.lib
                                          [ metasprites_flip.o ]
C:\c_code\gbdk\lib/small/asxxxx/gbz80/gbz80.lib
                                          [ sprintf.o ]
C:\c_code\gbdk\lib/small/asxxxx/gb/gb.lib
                                          [ pad.o ]
C:\c_code\gbdk\lib/small/asxxxx/gb/gb.lib
                                          [ metasprites.o ]
C:\c_code\gbdk\lib/small/asxxxx/gbz80/gbz80.lib
                                          [ __sdcc_call_hl.o ]
C:\c_code\gbdk\lib/small/asxxxx/gb/gb.lib
                                          [ lcd.o ]
C:\c_code\gbdk\lib/small/asxxxx/gb/gb.lib
                                          [ get_addr.o ]
C:\c_code\gbdk\lib/small/asxxxx/gbz80/gbz80.lib
                                          [ div.o ]
C:\c_code\gbdk\lib/small/asxxxx/gb/gb.lib
                                          [ set_bk_t.o ]
C:\c_code\gbdk\lib/small/asxxxx/gbz80/gbz80.lib
                                          [ itoa.o ]
C:\c_code\gbdk\lib/small/asxxxx/gb/gb.lib
                                          [ set_xy_t.o ]

ASxxxx Linker V03.00 + NoICE + sdld,  page 55.

User Base Address Definitions

_DATA=0xC0A0
_CODE=0x0200
ASxxxx Linker V03.00 + NoICE + sdld,  page 56.

User Global Definitions

_shadow_OAM=0xC000
.STACK=0xE000
.refresh_OAM=0xFF80

