ASxxxx Linker V03.00 + NoICE + sdld,  page 1.
Hexadecimal  [32-Bits]

Area                       Addr        Size        Decimal Bytes (Attributes)
--------------------       ----        ----        ------- ----- ------------
.  .ABS.               00000000    00000000 =           0. bytes (ABS,CON)

        Value  Global            Value  Global            Value  Global    
        -----  ------            -----  ------            -----  ------    
     00000000  .__.ABS.  |    00000000  _rRAMG    |    00000000  l__BASE  
     00000000  l__BSS    |    00000000  l__CABS   |    00000000  l__CODE_0
     00000000  l__DABS   |    00000000  l__HEADER |    00000000  l__HEADER
     00000000  l__HEAP   |    00000000  l__HRAM   |    00000000  l__LIT   
     00000000  s__CABS   |    00000000  s__DABS   |    00000000  s__HEADER
     00000000  s__HEADER |    00000000  s__HEADER |    00000000  s__HEADER
     00000000  s__HEADER |    00000000  s__HEADER |    00000000  s__HEADER
     00000000  s__HEADER |    00000000  s__HEADER |    00000000  s__HEADER
     00000000  s__HEADER |    00000000  s__HEADER |    00000000  s__HEADER
     00000000  s__HEADER |    00000000  s__HEADER |    00000000  s__HEADER
     00000000  s__HEADER |    00000000  s__HEADER |    00000000  s__HEADER
     00000000  s__HEADER |    00000000  s__HEADER |    00000000  s__HRAM  
     00000000  s__HRAM12 |    00000001  ___bank_f |    00000001  l__GSFINA
     00000001  l__HEADER |    00000001  l__HEADER |    00000001  l__HEADER
     00000001  l__HEADER |    00000001  l__HEADER |    00000001  l__HEADER
     00000001  l__HEADER |    00000001  l__INITIA |    00000001  l__INITIA
     00000002  l__HEADER |    00000002  l__HEADER |    00000002  l__HEADER
     00000003  l__HEADER |    00000003  l__HEADER |    00000003  l__HRAM12
     00000005  l__HEADER |    00000006  l__HEADER |    00000007  l__HEADER
     00000008  l__HEADER |    0000000C  l__GSINIT |    00000030  l__HEADER
     00000041  l__DATA   |    0000004F  l__HEADER |    00000056  l__CODE_1
     00000082  l__HEADER |    00000200  s__CODE   |    000002F3  l__HOME  
     0000086B  l__CODE   |    00000A6B  s__HOME   |    00000D5E  s__BASE  
     00000D5E  s__CODE_0 |    00000D5E  s__INITIA |    00000D5E  s__LIT   
     00000D5F  s__GSINIT |    00000D6B  s__GSFINA |    00002000  _rROMB0  
     00003000  _rROMB1   |    00004000  _rRAMB    |    00008000  __VRAM   
     00008000  __VRAM800 |    00008800  __VRAM880 |    00009000  __VRAM900
     00009800  __SCRN0   |    00009C00  __SCRN1   |    0000A000  __SRAM   
     0000C000  __RAM     |    0000C000  _shadow_O |    0000C0A0  s__DATA  
     0000C0E1  s__BSS    |    0000C0E1  s__INITIA |    0000C0E2  s__HEAP  
     0000D000  __RAMBANK |    0000E000  .STACK    |    0000FE00  __OAMRAM 
     0000FF00  _P1_REG   |    0000FF00  __IO      |    0000FF01  _SB_REG  
     0000FF02  _SC_REG   |    0000FF04  _DIV_REG  |    0000FF05  _TIMA_REG
     0000FF06  _TMA_REG  |    0000FF07  _TAC_REG  |    0000FF0F  _IF_REG  
     0000FF10  _NR10_REG |    0000FF11  _NR11_REG |    0000FF12  _NR12_REG
     0000FF13  _NR13_REG |    0000FF14  _NR14_REG |    0000FF16  _NR21_REG
     0000FF17  _NR22_REG |    0000FF18  _NR23_REG |    0000FF19  _NR24_REG
     0000FF1A  _NR30_REG |    0000FF1B  _NR31_REG |    0000FF1C  _NR32_REG
     0000FF1D  _NR33_REG |    0000FF1E  _NR34_REG |    0000FF20  _NR41_REG
     0000FF21  _NR42_REG |    0000FF22  _NR43_REG |    0000FF23  _NR44_REG
     0000FF24  _NR50_REG |    0000FF25  _NR51_REG |    0000FF26  _NR52_REG
     0000FF30  _PCM_SAMP |    0000FF30  __AUD3WAV |    0000FF40  _LCDC_REG
     0000FF41  _STAT_REG |    0000FF42  _SCY_REG  |    0000FF43  _SCX_REG 
     0000FF44  _LY_REG   |    0000FF45  _LYC_REG  |    0000FF46  _DMA_REG 
     0000FF47  _BGP_REG  |    0000FF48  _OBP0_REG |    0000FF49  _OBP1_REG
     0000FF4A  _WY_REG   |    0000FF4B  _WX_REG   |    0000FF4D  _KEY1_REG
     0000FF4F  _VBK_REG  |    0000FF51  _HDMA1_RE |    0000FF52  _HDMA2_RE
     0000FF53  _HDMA3_RE |    0000FF54  _HDMA4_RE |    0000FF55  _HDMA5_RE
     0000FF56  _RP_REG   |    0000FF68  _BCPS_REG |    0000FF69  _BCPD_REG
     0000FF6A  _OCPS_REG |    0000FF6B  _OCPD_REG |    0000FF70  _SVBK_REG
ASxxxx Linker V03.00 + NoICE + sdld,  page 2.
Hexadecimal  [32-Bits]

Area                       Addr        Size        Decimal Bytes (Attributes)
--------------------       ----        ----        ------- ----- ------------
.  .ABS.               00000000    00000000 =           0. bytes (ABS,CON)

        Value  Global            Value  Global            Value  Global    
        -----  ------            -----  ------            -----  ------    
     0000FF76  _PCM12_RE |    0000FF77  _PCM34_RE |    0000FF80  .refresh_
     0000FF80  __HRAM    |    0000FFFF  _IE_REG   |    00014000  s__CODE_1
ASxxxx Linker V03.00 + NoICE + sdld,  page 3.
Hexadecimal  [32-Bits]

Area                       Addr        Size        Decimal Bytes (Attributes)
--------------------       ----        ----        ------- ----- ------------
_CODE                  00000200    0000086B =        2155. bytes (REL,CON)

        Value  Global            Value  Global            Value  Global    
        -----  ------            -----  ------            -----  ------    
     00000200  A$lcc2182 |    00000200  C$main.c$ |    00000200  G$move_fr
     00000200  _move_fro |    00000201  A$lcc2182 |    00000202  A$lcc2182
     00000202  C$main.c$ |    00000205  A$lcc2182 |    00000206  A$lcc2182
     00000208  A$lcc2182 |    00000208  C$main.c$ |    0000020B  A$lcc2182
     0000020C  A$lcc2182 |    0000020E  A$lcc2182 |    0000020F  A$lcc2182
     00000210  A$lcc2182 |    00000211  A$lcc2182 |    00000212  A$lcc2182
     00000215  A$lcc2182 |    00000217  A$lcc2182 |    00000219  A$lcc2182
     0000021C  A$lcc2182 |    0000021E  A$lcc2182 |    00000221  A$lcc2182
     00000222  A$lcc2182 |    00000223  A$lcc2182 |    00000224  A$lcc2182
     00000225  A$lcc2182 |    00000226  A$lcc2182 |    00000229  A$lcc2182
     0000022A  A$lcc2182 |    0000022B  A$lcc2182 |    0000022C  A$lcc2182
     0000022F  A$lcc2182 |    00000231  A$lcc2182 |    00000232  A$lcc2182
     00000235  A$lcc2182 |    00000236  A$lcc2182 |    00000237  A$lcc2182
     00000238  A$lcc2182 |    0000023B  A$lcc2182 |    0000023C  A$lcc2182
     0000023D  A$lcc2182 |    0000023E  A$lcc2182 |    00000241  A$lcc2182
     00000243  A$lcc2182 |    00000245  A$lcc2182 |    00000246  A$lcc2182
     00000247  A$lcc2182 |    00000248  A$lcc2182 |    00000249  A$lcc2182
     0000024B  A$lcc2182 |    0000024C  A$lcc2182 |    0000024F  A$lcc2182
     00000251  A$lcc2182 |    00000251  C$main.c$ |    00000253  A$lcc2182
     00000253  C$main.c$ |    00000256  A$lcc2182 |    00000257  A$lcc2182
     00000259  A$lcc2182 |    00000259  C$main.c$ |    0000025C  A$lcc2182
     0000025D  A$lcc2182 |    0000025E  A$lcc2182 |    0000025F  A$lcc2182
     00000262  A$lcc2182 |    00000264  A$lcc2182 |    00000266  A$lcc2182
     00000269  A$lcc2182 |    0000026B  A$lcc2182 |    0000026E  A$lcc2182
     0000026F  A$lcc2182 |    00000270  A$lcc2182 |    00000271  A$lcc2182
     00000274  A$lcc2182 |    00000275  A$lcc2182 |    00000276  A$lcc2182
     00000277  A$lcc2182 |    0000027A  A$lcc2182 |    0000027B  A$lcc2182
     0000027E  A$lcc2182 |    0000027F  A$lcc2182 |    00000280  A$lcc2182
     00000281  A$lcc2182 |    00000282  A$lcc2182 |    00000285  A$lcc2182
     00000286  A$lcc2182 |    00000287  A$lcc2182 |    00000288  A$lcc2182
     0000028B  A$lcc2182 |    0000028D  A$lcc2182 |    0000028E  A$lcc2182
     0000028F  A$lcc2182 |    00000290  A$lcc2182 |    00000291  A$lcc2182
     00000292  A$lcc2182 |    00000293  A$lcc2182 |    00000294  A$lcc2182
     00000295  A$lcc2182 |    00000298  A$lcc2182 |    0000029A  A$lcc2182
     0000029A  C$main.c$ |    0000029B  A$lcc2182 |    0000029C  A$lcc2182
     0000029C  C$main.c$ |    0000029C  XG$move_f |    0000029D  A$lcc2182
     0000029D  C$main.c$ |    0000029D  C$main.c$ |    0000029D  G$paralla
     0000029D  _parallax |    0000029F  A$lcc2182 |    000002A0  A$lcc2182
     000002A2  A$lcc2182 |    000002A4  A$lcc2182 |    000002A6  A$lcc2182
     000002A8  A$lcc2182 |    000002AA  A$lcc2182 |    000002AC  A$lcc2182
     000002AE  A$lcc2182 |    000002B0  A$lcc2182 |    000002B2  A$lcc2182
     000002B4  A$lcc2182 |    000002B6  A$lcc2182 |    000002B8  A$lcc2182
     000002BA  A$lcc2182 |    000002BC  A$lcc2182 |    000002BE  A$lcc2182
     000002C0  A$lcc2182 |    000002C2  A$lcc2182 |    000002C4  A$lcc2182
     000002C6  A$lcc2182 |    000002C7  A$lcc2182 |    000002C7  C$main.c$
     000002C8  A$lcc2182 |    000002CA  A$lcc2182 |    000002CB  A$lcc2182
     000002CD  A$lcc2182 |    000002CD  C$main.c$ |    000002CF  A$lcc2182
     000002D1  A$lcc2182 |    000002D1  C$main.c$ |    000002D2  A$lcc2182
     000002D2  C$main.c$ |    000002D5  A$lcc2182 |    000002D7  A$lcc2182
     000002D8  A$lcc2182 |    000002DA  A$lcc2182 |    000002DA  C$main.c$
ASxxxx Linker V03.00 + NoICE + sdld,  page 4.
Hexadecimal  [32-Bits]

Area                       Addr        Size        Decimal Bytes (Attributes)
--------------------       ----        ----        ------- ----- ------------
_CODE                  00000200    0000086B =        2155. bytes (REL,CON)

        Value  Global            Value  Global            Value  Global    
        -----  ------            -----  ------            -----  ------    
     000002DC  A$lcc2182 |    000002DE  A$lcc2182 |    000002DE  C$main.c$
     000002DF  A$lcc2182 |    000002DF  C$main.c$ |    000002E2  A$lcc2182
     000002E4  A$lcc2182 |    000002E5  A$lcc2182 |    000002E7  A$lcc2182
     000002E7  C$main.c$ |    000002E9  A$lcc2182 |    000002EB  A$lcc2182
     000002EB  C$main.c$ |    000002EC  A$lcc2182 |    000002EC  C$main.c$
     000002ED  A$lcc2182 |    000002EF  A$lcc2182 |    000002F0  A$lcc2182
     000002F2  A$lcc2182 |    000002F2  C$main.c$ |    000002F4  A$lcc2182
     000002F6  A$lcc2182 |    000002F6  C$main.c$ |    000002F7  A$lcc2182
     000002F7  C$main.c$ |    000002FA  A$lcc2182 |    000002FC  A$lcc2182
     000002FD  A$lcc2182 |    000002FF  A$lcc2182 |    000002FF  C$main.c$
     00000301  A$lcc2182 |    00000303  A$lcc2182 |    00000303  C$main.c$
     00000304  A$lcc2182 |    00000304  C$main.c$ |    00000307  A$lcc2182
     00000309  A$lcc2182 |    0000030A  A$lcc2182 |    0000030C  A$lcc2182
     0000030C  C$main.c$ |    0000030E  A$lcc2182 |    00000310  A$lcc2182
     00000310  C$main.c$ |    00000311  A$lcc2182 |    00000311  C$main.c$
     00000314  A$lcc2182 |    00000316  A$lcc2182 |    00000317  A$lcc2182
     00000319  A$lcc2182 |    00000319  C$main.c$ |    0000031B  A$lcc2182
     0000031D  A$lcc2182 |    0000031D  C$main.c$ |    0000031E  A$lcc2182
     0000031E  C$main.c$ |    00000321  A$lcc2182 |    00000323  A$lcc2182
     00000324  A$lcc2182 |    00000326  A$lcc2182 |    00000326  C$main.c$
     00000328  A$lcc2182 |    0000032A  A$lcc2182 |    0000032A  C$main.c$
     0000032B  A$lcc2182 |    0000032B  C$main.c$ |    0000032E  A$lcc2182
     00000330  A$lcc2182 |    00000331  A$lcc2182 |    00000333  A$lcc2182
     00000333  C$main.c$ |    00000335  A$lcc2182 |    00000337  A$lcc2182
     00000337  C$main.c$ |    00000338  A$lcc2182 |    00000338  C$main.c$
     0000033B  A$lcc2182 |    0000033D  A$lcc2182 |    0000033E  A$lcc2182
     00000340  A$lcc2182 |    00000340  C$main.c$ |    00000341  A$lcc2182
     00000343  A$lcc2182 |    00000343  C$main.c$ |    00000343  C$main.c$
     00000343  XG$parall |    00000344  A$lcc2182 |    00000344  C$main.c$
     00000344  C$main.c$ |    00000344  G$main$0$ |    00000344  _main    
     00000346  A$lcc2182 |    00000348  A$lcc2182 |    00000348  C$main.c$
     00000349  A$lcc2182 |    0000034B  A$lcc2182 |    0000034B  C$main.c$
     0000034C  A$lcc2182 |    0000034C  C$main.c$ |    0000034F  A$lcc2182
     00000350  A$lcc2182 |    00000353  A$lcc2182 |    00000354  A$lcc2182
     00000355  A$lcc2182 |    00000355  C$main.c$ |    00000357  A$lcc2182
     00000358  A$lcc2182 |    00000359  A$lcc2182 |    0000035C  A$lcc2182
     0000035D  A$lcc2182 |    0000035D  C$main.c$ |    0000035E  A$lcc2182
     00000360  A$lcc2182 |    00000360  C$main.c$ |    00000362  A$lcc2182
     00000364  A$lcc2182 |    00000364  C$main.c$ |    00000366  A$lcc2182
     00000368  A$lcc2182 |    0000036A  A$lcc2182 |    0000036A  C$main.c$
     0000036C  A$lcc2182 |    0000036E  A$lcc2182 |    00000370  A$lcc2182
     00000370  C$main.c$ |    00000372  A$lcc2182 |    00000374  A$lcc2182
     00000376  A$lcc2182 |    00000376  C$main.c$ |    00000378  A$lcc2182
     0000037A  A$lcc2182 |    0000037C  A$lcc2182 |    0000037C  C$main.c$
     0000037F  A$lcc2182 |    00000380  A$lcc2182 |    00000383  A$lcc2182
     00000384  A$lcc2182 |    00000387  A$lcc2182 |    00000389  A$lcc2182
     00000389  C$main.c$ |    0000038C  A$lcc2182 |    0000038D  A$lcc2182
     00000390  A$lcc2182 |    00000391  A$lcc2182 |    00000394  A$lcc2182
     00000396  A$lcc2182 |    00000396  C$main.c$ |    00000399  A$lcc2182
     0000039A  A$lcc2182 |    0000039D  A$lcc2182 |    0000039E  A$lcc2182
     0000039F  A$lcc2182 |    000003A0  A$lcc2182 |    000003A1  A$lcc2182
ASxxxx Linker V03.00 + NoICE + sdld,  page 5.
Hexadecimal  [32-Bits]

Area                       Addr        Size        Decimal Bytes (Attributes)
--------------------       ----        ----        ------- ----- ------------
_CODE                  00000200    0000086B =        2155. bytes (REL,CON)

        Value  Global            Value  Global            Value  Global    
        -----  ------            -----  ------            -----  ------    
     000003A4  A$lcc2182 |    000003A6  A$lcc2182 |    000003A6  C$main.c$
     000003A9  A$lcc2182 |    000003AB  A$lcc2182 |    000003AC  A$lcc2182
     000003AE  A$lcc2182 |    000003AE  C$main.c$ |    000003B1  A$lcc2182
     000003B3  A$lcc2182 |    000003B4  A$lcc2182 |    000003B6  A$lcc2182
     000003B9  A$lcc2182 |    000003BA  A$lcc2182 |    000003BD  A$lcc2182
     000003BE  A$lcc2182 |    000003C1  A$lcc2182 |    000003C2  A$lcc2182
     000003C3  A$lcc2182 |    000003C4  A$lcc2182 |    000003C7  A$lcc2182
     000003C8  A$lcc2182 |    000003C9  A$lcc2182 |    000003CA  A$lcc2182
     000003CD  A$lcc2182 |    000003CF  A$lcc2182 |    000003D0  A$lcc2182
     000003D1  A$lcc2182 |    000003D2  A$lcc2182 |    000003D4  A$lcc2182
     000003D5  A$lcc2182 |    000003D8  A$lcc2182 |    000003DA  A$lcc2182
     000003DA  C$main.c$ |    000003DA  C$main.c$ |    000003DD  A$lcc2182
     000003E0  A$lcc2182 |    000003E0  C$main.c$ |    000003E3  A$lcc2182
     000003E6  A$lcc2182 |    000003E7  A$lcc2182 |    000003E7  C$main.c$
     000003EA  A$lcc2182 |    000003EB  A$lcc2182 |    000003ED  A$lcc2182
     000003ED  C$main.c$ |    000003F0  A$lcc2182 |    000003F3  A$lcc2182
     000003F4  A$lcc2182 |    000003F5  A$lcc2182 |    000003F5  C$main.c$
     000003F6  A$lcc2182 |    000003F7  A$lcc2182 |    000003F9  A$lcc2182
     000003FC  A$lcc2182 |    000003FE  A$lcc2182 |    00000400  A$lcc2182
     00000403  A$lcc2182 |    00000405  A$lcc2182 |    00000407  A$lcc2182
     0000040A  A$lcc2182 |    0000040C  A$lcc2182 |    0000040E  A$lcc2182
     00000410  A$lcc2182 |    00000410  C$main.c$ |    00000410  C$main.c$
     00000412  A$lcc2182 |    00000414  A$lcc2182 |    00000414  C$main.c$
     00000417  A$lcc2182 |    00000419  A$lcc2182 |    00000419  C$main.c$
     0000041C  A$lcc2182 |    0000041E  A$lcc2182 |    0000041E  C$main.c$
     00000420  A$lcc2182 |    00000420  C$main.c$ |    00000420  C$main.c$
     00000422  A$lcc2182 |    00000424  A$lcc2182 |    00000424  C$main.c$
     00000427  A$lcc2182 |    00000429  A$lcc2182 |    00000429  C$main.c$
     0000042C  A$lcc2182 |    0000042E  A$lcc2182 |    0000042E  C$main.c$
     00000430  A$lcc2182 |    00000430  C$main.c$ |    00000430  C$main.c$
     00000432  A$lcc2182 |    00000434  A$lcc2182 |    00000434  C$main.c$
     00000437  A$lcc2182 |    00000439  A$lcc2182 |    00000439  C$main.c$
     0000043C  A$lcc2182 |    0000043E  A$lcc2182 |    0000043E  C$main.c$
     00000440  A$lcc2182 |    00000440  C$main.c$ |    00000440  C$main.c$
     00000442  A$lcc2182 |    00000444  A$lcc2182 |    00000444  C$main.c$
     00000447  A$lcc2182 |    00000449  A$lcc2182 |    00000449  C$main.c$
     0000044C  A$lcc2182 |    0000044E  A$lcc2182 |    0000044E  C$main.c$
     0000044E  C$main.c$ |    00000451  A$lcc2182 |    00000452  A$lcc2182
     00000454  A$lcc2182 |    00000454  C$main.c$ |    00000457  A$lcc2182
     00000457  C$main.c$ |    0000045A  A$lcc2182 |    0000045C  A$lcc2182
     0000045E  A$lcc2182 |    00000461  A$lcc2182 |    00000463  A$lcc2182
     00000466  A$lcc2182 |    00000467  A$lcc2182 |    0000046A  A$lcc2182
     0000046B  A$lcc2182 |    0000046C  A$lcc2182 |    0000046E  A$lcc2182
     0000046E  C$main.c$ |    00000471  A$lcc2182 |    00000472  A$lcc2182
     00000474  A$lcc2182 |    00000474  C$main.c$ |    00000477  A$lcc2182
     00000477  C$main.c$ |    0000047A  A$lcc2182 |    0000047C  A$lcc2182
     0000047E  A$lcc2182 |    00000481  A$lcc2182 |    00000483  A$lcc2182
     00000486  A$lcc2182 |    00000487  A$lcc2182 |    0000048A  A$lcc2182
     0000048B  A$lcc2182 |    0000048C  A$lcc2182 |    0000048E  A$lcc2182
     0000048E  C$main.c$ |    00000491  A$lcc2182 |    00000492  A$lcc2182
     00000494  A$lcc2182 |    00000497  A$lcc2182 |    00000498  A$lcc2182
ASxxxx Linker V03.00 + NoICE + sdld,  page 6.
Hexadecimal  [32-Bits]

Area                       Addr        Size        Decimal Bytes (Attributes)
--------------------       ----        ----        ------- ----- ------------
_CODE                  00000200    0000086B =        2155. bytes (REL,CON)

        Value  Global            Value  Global            Value  Global    
        -----  ------            -----  ------            -----  ------    
     0000049A  A$lcc2182 |    0000049A  C$main.c$ |    0000049D  A$lcc2182
     0000049F  A$lcc2182 |    0000049F  C$main.c$ |    000004A2  A$lcc2182
     000004A3  A$lcc2182 |    000004A5  A$lcc2182 |    000004A6  A$lcc2182
     000004A8  A$lcc2182 |    000004AA  A$lcc2182 |    000004AA  C$main.c$
     000004AD  A$lcc2182 |    000004AE  A$lcc2182 |    000004AF  A$lcc2182
     000004AF  C$main.c$ |    000004B2  A$lcc2182 |    000004B3  A$lcc2182
     000004B4  A$lcc2182 |    000004B4  C$main.c$ |    000004B7  A$lcc2182
     000004B8  A$lcc2182 |    000004B9  A$lcc2182 |    000004B9  C$main.c$
     000004BC  A$lcc2182 |    000004BD  A$lcc2182 |    000004BE  A$lcc2182
     000004BE  C$main.c$ |    000004C1  A$lcc2182 |    000004C2  A$lcc2182
     000004C3  A$lcc2182 |    000004C3  C$main.c$ |    000004C6  A$lcc2182
     000004C7  A$lcc2182 |    000004C8  A$lcc2182 |    000004CB  A$lcc2182
     000004CD  A$lcc2182 |    000004CE  A$lcc2182 |    000004CF  A$lcc2182
     000004D1  A$lcc2182 |    000004D1  C$main.c$ |    000004D4  A$lcc2182
     000004D5  A$lcc2182 |    000004D6  A$lcc2182 |    000004D6  C$main.c$
     000004D9  A$lcc2182 |    000004DA  A$lcc2182 |    000004DB  A$lcc2182
     000004DB  C$main.c$ |    000004DE  A$lcc2182 |    000004DF  A$lcc2182
     000004DF  C$main.c$ |    000004E2  A$lcc2182 |    000004E4  A$lcc2182
     000004E6  A$lcc2182 |    000004E6  C$main.c$ |    000004E9  A$lcc2182
     000004EB  A$lcc2182 |    000004EC  A$lcc2182 |    000004EE  A$lcc2182
     000004EE  C$main.c$ |    000004F1  A$lcc2182 |    000004F3  A$lcc2182
     000004F4  A$lcc2182 |    000004F6  A$lcc2182 |    000004F9  A$lcc2182
     000004FA  A$lcc2182 |    000004FD  A$lcc2182 |    000004FE  A$lcc2182
     00000501  A$lcc2182 |    00000502  A$lcc2182 |    00000503  A$lcc2182
     00000504  A$lcc2182 |    00000507  A$lcc2182 |    00000508  A$lcc2182
     00000509  A$lcc2182 |    0000050A  A$lcc2182 |    0000050D  A$lcc2182
     0000050F  A$lcc2182 |    00000510  A$lcc2182 |    00000511  A$lcc2182
     00000512  A$lcc2182 |    00000514  A$lcc2182 |    00000515  A$lcc2182
     00000518  A$lcc2182 |    0000051A  A$lcc2182 |    0000051A  C$main.c$
     0000051A  C$main.c$ |    0000051D  A$lcc2182 |    0000051D  C$main.c$
     00000520  A$lcc2182 |    00000520  C$main.c$ |    00000520  XG$main$0
     00000523  G$BKG_MAP |    00000523  _BKG_MAP  |    00000923  G$BKG_TIL
     00000923  _BKG_TILE |    00000A33  ___move_m
ASxxxx Linker V03.00 + NoICE + sdld,  page 7.
Hexadecimal  [32-Bits]

Area                       Addr        Size        Decimal Bytes (Attributes)
--------------------       ----        ----        ------- ----- ------------
_HEADER0               00000000    00000001 =           1. bytes (ABS,CON)

        Value  Global            Value  Global            Value  Global    
        -----  ------            -----  ------            -----  ------    
     00000020  .call_hl 
ASxxxx Linker V03.00 + NoICE + sdld,  page 8.
Hexadecimal  [32-Bits]

Area                       Addr        Size        Decimal Bytes (Attributes)
--------------------       ----        ----        ------- ----- ------------
_HEADER1               00000000    00000005 =           5. bytes (ABS,CON)

        Value  Global            Value  Global            Value  Global    
        -----  ------            -----  ------            -----  ------    
     00000028  .MemsetSm
ASxxxx Linker V03.00 + NoICE + sdld,  page 9.
Hexadecimal  [32-Bits]

Area                       Addr        Size        Decimal Bytes (Attributes)
--------------------       ----        ----        ------- ----- ------------
_HEADER2               00000000    00000007 =           7. bytes (ABS,CON)

        Value  Global            Value  Global            Value  Global    
        -----  ------            -----  ------            -----  ------    
     00000030  .MemcpySm
ASxxxx Linker V03.00 + NoICE + sdld,  page 10.
Hexadecimal  [32-Bits]

Area                       Addr        Size        Decimal Bytes (Attributes)
--------------------       ----        ----        ------- ----- ------------
_HEADER3               00000000    00000008 =           8. bytes (ABS,CON)

        Value  Global            Value  Global            Value  Global    
        -----  ------            -----  ------            -----  ------    
ASxxxx Linker V03.00 + NoICE + sdld,  page 11.
Hexadecimal  [32-Bits]

Area                       Addr        Size        Decimal Bytes (Attributes)
--------------------       ----        ----        ------- ----- ------------
_HEADER4               00000000    0000004F =          79. bytes (ABS,CON)

        Value  Global            Value  Global            Value  Global    
        -----  ------            -----  ------            -----  ------    
     00000080  .int      |    0000008F  _wait_int |    0000009C  __standar
     000000AC  _refresh_
ASxxxx Linker V03.00 + NoICE + sdld,  page 12.
Hexadecimal  [32-Bits]

Area                       Addr        Size        Decimal Bytes (Attributes)
--------------------       ----        ----        ------- ----- ------------
_HEADER5               00000000    00000002 =           2. bytes (ABS,CON)

        Value  Global            Value  Global            Value  Global    
        -----  ------            -----  ------            -----  ------    
ASxxxx Linker V03.00 + NoICE + sdld,  page 13.
Hexadecimal  [32-Bits]

Area                       Addr        Size        Decimal Bytes (Attributes)
--------------------       ----        ----        ------- ----- ------------
_HEADER6               00000000    00000030 =          48. bytes (ABS,CON)

        Value  Global            Value  Global            Value  Global    
        -----  ------            -----  ------            -----  ------    
ASxxxx Linker V03.00 + NoICE + sdld,  page 14.
Hexadecimal  [32-Bits]

Area                       Addr        Size        Decimal Bytes (Attributes)
--------------------       ----        ----        ------- ----- ------------
_HEADER7               00000000    00000006 =           6. bytes (ABS,CON)

        Value  Global            Value  Global            Value  Global    
        -----  ------            -----  ------            -----  ------    
ASxxxx Linker V03.00 + NoICE + sdld,  page 15.
Hexadecimal  [32-Bits]

Area                       Addr        Size        Decimal Bytes (Attributes)
--------------------       ----        ----        ------- ----- ------------
_HEADER8               00000000    00000003 =           3. bytes (ABS,CON)

        Value  Global            Value  Global            Value  Global    
        -----  ------            -----  ------            -----  ------    
ASxxxx Linker V03.00 + NoICE + sdld,  page 16.
Hexadecimal  [32-Bits]

Area                       Addr        Size        Decimal Bytes (Attributes)
--------------------       ----        ----        ------- ----- ------------
_HEADER9               00000000    00000001 =           1. bytes (ABS,CON)

        Value  Global            Value  Global            Value  Global    
        -----  ------            -----  ------            -----  ------    
ASxxxx Linker V03.00 + NoICE + sdld,  page 17.
Hexadecimal  [32-Bits]

Area                       Addr        Size        Decimal Bytes (Attributes)
--------------------       ----        ----        ------- ----- ------------
_HEADERa               00000000    00000001 =           1. bytes (ABS,CON)

        Value  Global            Value  Global            Value  Global    
        -----  ------            -----  ------            -----  ------    
ASxxxx Linker V03.00 + NoICE + sdld,  page 18.
Hexadecimal  [32-Bits]

Area                       Addr        Size        Decimal Bytes (Attributes)
--------------------       ----        ----        ------- ----- ------------
_HEADERb               00000000    00000001 =           1. bytes (ABS,CON)

        Value  Global            Value  Global            Value  Global    
        -----  ------            -----  ------            -----  ------    
ASxxxx Linker V03.00 + NoICE + sdld,  page 19.
Hexadecimal  [32-Bits]

Area                       Addr        Size        Decimal Bytes (Attributes)
--------------------       ----        ----        ------- ----- ------------
_HEADERc               00000000    00000002 =           2. bytes (ABS,CON)

        Value  Global            Value  Global            Value  Global    
        -----  ------            -----  ------            -----  ------    
ASxxxx Linker V03.00 + NoICE + sdld,  page 20.
Hexadecimal  [32-Bits]

Area                       Addr        Size        Decimal Bytes (Attributes)
--------------------       ----        ----        ------- ----- ------------
_HEADERd               00000000    00000001 =           1. bytes (ABS,CON)

        Value  Global            Value  Global            Value  Global    
        -----  ------            -----  ------            -----  ------    
ASxxxx Linker V03.00 + NoICE + sdld,  page 21.
Hexadecimal  [32-Bits]

Area                       Addr        Size        Decimal Bytes (Attributes)
--------------------       ----        ----        ------- ----- ------------
_HEADERe               00000000    00000001 =           1. bytes (ABS,CON)

        Value  Global            Value  Global            Value  Global    
        -----  ------            -----  ------            -----  ------    
ASxxxx Linker V03.00 + NoICE + sdld,  page 22.
Hexadecimal  [32-Bits]

Area                       Addr        Size        Decimal Bytes (Attributes)
--------------------       ----        ----        ------- ----- ------------
_HEADERf               00000000    00000002 =           2. bytes (ABS,CON)

        Value  Global            Value  Global            Value  Global    
        -----  ------            -----  ------            -----  ------    
ASxxxx Linker V03.00 + NoICE + sdld,  page 23.
Hexadecimal  [32-Bits]

Area                       Addr        Size        Decimal Bytes (Attributes)
--------------------       ----        ----        ------- ----- ------------
_HEADER10              00000000    00000082 =         130. bytes (ABS,CON)

        Value  Global            Value  Global            Value  Global    
        -----  ------            -----  ------            -----  ------    
     00000150  .reset    |    00000150  _reset    |    00000157  .code_sta
     000001B7  _exit     |    000001BB  _set_inte
ASxxxx Linker V03.00 + NoICE + sdld,  page 24.
Hexadecimal  [32-Bits]

Area                       Addr        Size        Decimal Bytes (Attributes)
--------------------       ----        ----        ------- ----- ------------
_HEADER11              00000000    00000001 =           1. bytes (ABS,CON)

        Value  Global            Value  Global            Value  Global    
        -----  ------            -----  ------            -----  ------    
ASxxxx Linker V03.00 + NoICE + sdld,  page 25.
Hexadecimal  [32-Bits]

Area                       Addr        Size        Decimal Bytes (Attributes)
--------------------       ----        ----        ------- ----- ------------
_HOME                  00000A6B    000002F3 =         755. bytes (REL,CON)

        Value  Global            Value  Global            Value  Global    
        -----  ------            -----  ------            -----  ------    
     00000A6B  .memset_s |    00000A74  .memcpy_s |    00000A91  .remove_V
     00000A94  .remove_i |    00000AB1  .add_VBL  |    00000AB4  .add_int 
     00000ABF  .wait_vbl |    00000ABF  _wait_vbl |    00000ACF  .display_
     00000ACF  _display_ |    00000AE7  _remove_V |    00000AF2  _add_VBL 
     00000AFD  _set_tile |    00000B02  _set_bkg_ |    00000B02  _set_win_
     00000B0A  _set_spri |    00000B3A  .padup    |    00000B3A  _waitpadu
     00000B4A  .jpad     |    00000B4A  _joypad   |    00000B72  _waitpad 
     00000B75  .wait_pad |    00000BAB  _add_LCD  |    00000BB6  .add_LCD 
     00000BBC  _remove_L |    00000BC7  .remove_L |    00000BCD  __divsuch
     00000BDA  __modsuch |    00000BE4  __divusch |    00000BF6  __modusch
     00000C06  __divscha |    00000C12  __modscha |    00000C1C  __divsint
     00000C2D  __modsint |    00000C3C  __divucha |    00000C48  __moducha
     00000C52  __divuint |    00000C63  __moduint |    00000C72  .div8    
     00000C72  .mod8     |    00000C7A  .div16    |    00000C7A  .mod16   
     00000CB0  .divu8    |    00000CB0  .modu8    |    00000CB3  .divu16  
     00000CB3  .modu16   |    00000CF4  _set_bkg_ |    00000D08  .set_xy_w
     00000D11  .set_xy_b |    00000D20  .set_xy_t
ASxxxx Linker V03.00 + NoICE + sdld,  page 26.
Hexadecimal  [32-Bits]

Area                       Addr        Size        Decimal Bytes (Attributes)
--------------------       ----        ----        ------- ----- ------------
_INITIALIZER           00000D5E    00000001 =           1. bytes (REL,CON)

        Value  Global            Value  Global            Value  Global    
        -----  ------            -----  ------            -----  ------    
ASxxxx Linker V03.00 + NoICE + sdld,  page 27.
Hexadecimal  [32-Bits]

Area                       Addr        Size        Decimal Bytes (Attributes)
--------------------       ----        ----        ------- ----- ------------
_GSINIT                00000D5F    0000000C =          12. bytes (REL,CON)

        Value  Global            Value  Global            Value  Global    
        -----  ------            -----  ------            -----  ------    
     00000D5F  gsinit   
ASxxxx Linker V03.00 + NoICE + sdld,  page 28.
Hexadecimal  [32-Bits]

Area                       Addr        Size        Decimal Bytes (Attributes)
--------------------       ----        ----        ------- ----- ------------
_GSFINAL               00000D6B    00000001 =           1. bytes (REL,CON)

        Value  Global            Value  Global            Value  Global    
        -----  ------            -----  ------            -----  ------    
ASxxxx Linker V03.00 + NoICE + sdld,  page 29.
Hexadecimal  [32-Bits]

Area                       Addr        Size        Decimal Bytes (Attributes)
--------------------       ----        ----        ------- ----- ------------
_DATA                  0000C0A0    00000041 =          65. bytes (REL,CON)

        Value  Global            Value  Global            Value  Global    
        -----  ------            -----  ------            -----  ------    
     0000C0A0  __cpu     |    0000C0A1  __is_GBA  |    0000C0A2  .mode    
     0000C0A3  .sys_time |    0000C0A3  _sys_time |    0000C0A5  .int_0x40
     0000C0B9  G$PLAYER$ |    0000C0B9  _PLAYER   |    0000C0C0  G$joy$0_0
     0000C0C0  _joy      |    0000C0C1  G$last_jo |    0000C0C1  _last_joy
     0000C0C2  G$is_movi |    0000C0C2  _is_movin |    0000C0C3  G$move_x$
     0000C0C3  _move_x   |    0000C0C4  G$move_y$ |    0000C0C4  _move_y  
     0000C0C5  G$scroll1 |    0000C0C5  _scroll1  |    0000C0C6  G$scroll2
     0000C0C6  _scroll2  |    0000C0C7  G$scroll3 |    0000C0C7  _scroll3 
     0000C0C8  G$scroll4 |    0000C0C8  _scroll4  |    0000C0C9  G$scroll5
     0000C0C9  _scroll5  |    0000C0CA  G$scroll6 |    0000C0CA  _scroll6 
     0000C0CB  G$scroll7 |    0000C0CB  _scroll7  |    0000C0CC  G$scroll8
     0000C0CC  _scroll8  |    0000C0CD  G$scx_cou |    0000C0CD  _scx_coun
     0000C0CE  ___curren |    0000C0D0  ___curren |    0000C0D1  .int_0x48
ASxxxx Linker V03.00 + NoICE + sdld,  page 30.
Hexadecimal  [32-Bits]

Area                       Addr        Size        Decimal Bytes (Attributes)
--------------------       ----        ----        ------- ----- ------------
_INITIALIZED           0000C0E1    00000001 =           1. bytes (REL,CON)

        Value  Global            Value  Global            Value  Global    
        -----  ------            -----  ------            -----  ------    
     0000C0E1  ___render
ASxxxx Linker V03.00 + NoICE + sdld,  page 31.
Hexadecimal  [32-Bits]

Area                       Addr        Size        Decimal Bytes (Attributes)
--------------------       ----        ----        ------- ----- ------------
_HRAM12                00000000    00000003 =           3. bytes (ABS,CON)

        Value  Global            Value  Global            Value  Global    
        -----  ------            -----  ------            -----  ------    
     0000FF90  __current |    0000FF92  __shadow_
ASxxxx Linker V03.00 + NoICE + sdld,  page 32.
Hexadecimal  [32-Bits]

Area                       Addr        Size        Decimal Bytes (Attributes)
--------------------       ----        ----        ------- ----- ------------
_CODE_1                00014000    00000056 =          86. bytes (REL,CON)

        Value  Global            Value  Global            Value  Global    
        -----  ------            -----  ------            -----  ------    
     00014000  C$frogger |    00014000  G$__func_ |    00014000  G$frogger
     00014000  ___func_f |    00014000  _frogger_ |    00014008  G$frogger
     00014008  _frogger_ |    00014048  G$frogger |    00014048  _frogger_
     00014054  G$frogger |    00014054  _frogger_
ASxxxx Linker V03.00 + NoICE + sdld,  page 33.
Hexadecimal  [32-Bits]

Area                       Addr        Size        Decimal Bytes (Attributes)
--------------------       ----        ----        ------- ----- ------------
_HEADER_LCD0           00000000    00000003 =           3. bytes (ABS,CON)

        Value  Global            Value  Global            Value  Global    
        -----  ------            -----  ------            -----  ------    
ASxxxx Linker V03.00 + NoICE + sdld,  page 34.

Files Linked                              [ module(s) ]

C:\c_code\gbdk\lib/small/asxxxx/gb/crt0.o
                                          [ Runtime ]
C:\Users\User\AppData\Local\Temp/lcc218280.rel
                                          [ main ]
C:\Users\User\AppData\Local\Temp/lcc218281.rel
                                          [ bkg_map ]
C:\Users\User\AppData\Local\Temp/lcc218282.rel
                                          [ bkg_tiles ]
C:\Users\User\AppData\Local\Temp/lcc218283.rel
                                          [ frogger ]


Libraries Linked                          [ object file ]

C:\c_code\gbdk\lib/small/asxxxx/gb/gb.lib
                                          [ sfr.o ]
C:\c_code\gbdk\lib/small/asxxxx/gb/gb.lib
                                          [ set_data.o ]
C:\c_code\gbdk\lib/small/asxxxx/gb/gb.lib
                                          [ pad.o ]
C:\c_code\gbdk\lib/small/asxxxx/gb/gb.lib
                                          [ metasprites.o ]
C:\c_code\gbdk\lib/small/asxxxx/gb/gb.lib
                                          [ lcd.o ]
C:\c_code\gbdk\lib/small/asxxxx/gbz80/gbz80.lib
                                          [ div.o ]
C:\c_code\gbdk\lib/small/asxxxx/gb/gb.lib
                                          [ set_bk_t.o ]
C:\c_code\gbdk\lib/small/asxxxx/gb/gb.lib
                                          [ set_xy_t.o ]

ASxxxx Linker V03.00 + NoICE + sdld,  page 35.

User Base Address Definitions

_DATA=0xC0A0
_CODE=0x0200
ASxxxx Linker V03.00 + NoICE + sdld,  page 36.

User Global Definitions

_shadow_OAM=0xC000
.STACK=0xE000
.refresh_OAM=0xFF80

