ASxxxx Linker V03.00 + NoICE + sdld,  page 1.
Hexadecimal  [32-Bits]

Area                       Addr        Size        Decimal Bytes (Attributes)
--------------------       ----        ----        ------- ----- ------------
.  .ABS.               00000000    00000000 =           0. bytes (ABS,CON)

        Value  Global            Value  Global            Value  Global    
        -----  ------            -----  ------            -----  ------    
     00000000  .__.ABS.  |    00000000  _rRAMG    |    00000000  l__BASE  
     00000000  l__BSS    |    00000000  l__CABS   |    00000000  l__DABS  
     00000000  l__HEADER |    00000000  l__HEADER |    00000000  l__HEAP  
     00000000  l__HRAM   |    00000000  l__LIT    |    00000000  s__CABS  
     00000000  s__DABS   |    00000000  s__HEADER |    00000000  s__HEADER
     00000000  s__HEADER |    00000000  s__HEADER |    00000000  s__HEADER
     00000000  s__HEADER |    00000000  s__HEADER |    00000000  s__HEADER
     00000000  s__HEADER |    00000000  s__HEADER |    00000000  s__HEADER
     00000000  s__HEADER |    00000000  s__HEADER |    00000000  s__HEADER
     00000000  s__HEADER |    00000000  s__HEADER |    00000000  s__HEADER
     00000000  s__HEADER |    00000000  s__HEADER |    00000000  s__HEADER
     00000000  s__HEADER |    00000000  s__HRAM   |    00000000  s__HRAM12
     00000001  ___bank_f |    00000001  ___bank_f |    00000001  ___bank_t
     00000001  l__GSFINA |    00000001  l__HEADER |    00000001  l__HEADER
     00000001  l__HEADER |    00000001  l__HEADER |    00000001  l__HEADER
     00000001  l__HEADER |    00000001  l__HEADER |    00000002  l__HEADER
     00000002  l__HEADER |    00000002  l__HEADER |    00000003  l__HEADER
     00000003  l__HEADER |    00000003  l__HRAM12 |    00000005  l__HEADER
     00000006  l__HEADER |    00000007  l__HEADER |    00000008  l__HEADER
     0000000C  l__GSINIT |    00000030  l__HEADER |    0000004F  l__HEADER
     00000050  l__INITIA |    00000050  l__INITIA |    0000007F  l__DATA  
     00000082  l__HEADER |    00000200  s__CODE   |    0000039A  l__HOME  
     000003D0  l__CODE_1 |    00000440  l__CODE_0 |    00002000  _rROMB0  
     0000256F  l__CODE   |    0000276F  s__HOME   |    00002B09  s__BASE  
     00002B09  s__CODE_0 |    00002F49  s__INITIA |    00002F49  s__LIT   
     00002F99  s__GSINIT |    00002FA5  s__GSFINA |    00003000  _rROMB1  
     00004000  _rRAMB    |    00008000  __VRAM    |    00008000  __VRAM800
     00008800  __VRAM880 |    00009000  __VRAM900 |    00009800  __SCRN0  
     00009C00  __SCRN1   |    0000A000  __SRAM    |    0000C000  __RAM    
     0000C000  _shadow_O |    0000C0A0  s__DATA   |    0000C11F  s__BSS   
     0000C11F  s__INITIA |    0000C16F  s__HEAP   |    0000D000  __RAMBANK
     0000E000  .STACK    |    0000FE00  __OAMRAM  |    0000FF00  _P1_REG  
     0000FF00  __IO      |    0000FF01  _SB_REG   |    0000FF02  _SC_REG  
     0000FF04  _DIV_REG  |    0000FF05  _TIMA_REG |    0000FF06  _TMA_REG 
     0000FF07  _TAC_REG  |    0000FF0F  _IF_REG   |    0000FF10  _NR10_REG
     0000FF11  _NR11_REG |    0000FF12  _NR12_REG |    0000FF13  _NR13_REG
     0000FF14  _NR14_REG |    0000FF16  _NR21_REG |    0000FF17  _NR22_REG
     0000FF18  _NR23_REG |    0000FF19  _NR24_REG |    0000FF1A  _NR30_REG
     0000FF1B  _NR31_REG |    0000FF1C  _NR32_REG |    0000FF1D  _NR33_REG
     0000FF1E  _NR34_REG |    0000FF20  _NR41_REG |    0000FF21  _NR42_REG
     0000FF22  _NR43_REG |    0000FF23  _NR44_REG |    0000FF24  _NR50_REG
     0000FF25  _NR51_REG |    0000FF26  _NR52_REG |    0000FF30  _PCM_SAMP
     0000FF30  __AUD3WAV |    0000FF40  _LCDC_REG |    0000FF41  _STAT_REG
     0000FF42  _SCY_REG  |    0000FF43  _SCX_REG  |    0000FF44  _LY_REG  
     0000FF45  _LYC_REG  |    0000FF46  _DMA_REG  |    0000FF47  _BGP_REG 
     0000FF48  _OBP0_REG |    0000FF49  _OBP1_REG |    0000FF4A  _WY_REG  
     0000FF4B  _WX_REG   |    0000FF4D  _KEY1_REG |    0000FF4F  _VBK_REG 
     0000FF51  _HDMA1_RE |    0000FF52  _HDMA2_RE |    0000FF53  _HDMA3_RE
     0000FF54  _HDMA4_RE |    0000FF55  _HDMA5_RE |    0000FF56  _RP_REG  
     0000FF68  _BCPS_REG |    0000FF69  _BCPD_REG |    0000FF6A  _OCPS_REG
ASxxxx Linker V03.00 + NoICE + sdld,  page 2.
Hexadecimal  [32-Bits]

Area                       Addr        Size        Decimal Bytes (Attributes)
--------------------       ----        ----        ------- ----- ------------
.  .ABS.               00000000    00000000 =           0. bytes (ABS,CON)

        Value  Global            Value  Global            Value  Global    
        -----  ------            -----  ------            -----  ------    
     0000FF6B  _OCPD_REG |    0000FF70  _SVBK_REG |    0000FF76  _PCM12_RE
     0000FF77  _PCM34_RE |    0000FF80  .refresh_ |    0000FF80  __HRAM   
     0000FFFF  _IE_REG   |    00014000  s__CODE_1
ASxxxx Linker V03.00 + NoICE + sdld,  page 3.
Hexadecimal  [32-Bits]

Area                       Addr        Size        Decimal Bytes (Attributes)
--------------------       ----        ----        ------- ----- ------------
_CODE                  00000200    0000256F =        9583. bytes (REL,CON)

        Value  Global            Value  Global            Value  Global    
        -----  ------            -----  ------            -----  ------    
     00000200  A$lcc2461 |    00000200  C$main.c$ |    00000200  C$main.c$
     00000200  G$overlap |    00000200  _overlap  |    00000202  A$lcc2461
     00000203  A$lcc2461 |    00000205  A$lcc2461 |    00000206  A$lcc2461
     00000208  A$lcc2461 |    0000020A  A$lcc2461 |    0000020B  A$lcc2461
     0000020D  A$lcc2461 |    0000020E  A$lcc2461 |    00000210  A$lcc2461
     00000212  A$lcc2461 |    00000213  A$lcc2461 |    00000215  A$lcc2461
     00000216  A$lcc2461 |    00000218  A$lcc2461 |    0000021A  A$lcc2461
     0000021B  A$lcc2461 |    0000021D  A$lcc2461 |    0000021E  A$lcc2461
     00000220  A$lcc2461 |    00000222  A$lcc2461 |    00000223  A$lcc2461
     00000225  A$lcc2461 |    00000226  A$lcc2461 |    00000228  A$lcc2461
     0000022A  A$lcc2461 |    0000022B  A$lcc2461 |    0000022D  A$lcc2461
     0000022E  A$lcc2461 |    00000230  A$lcc2461 |    00000232  A$lcc2461
     00000233  A$lcc2461 |    00000235  A$lcc2461 |    00000236  A$lcc2461
     00000238  A$lcc2461 |    0000023A  A$lcc2461 |    0000023B  A$lcc2461
     0000023D  A$lcc2461 |    0000023E  A$lcc2461 |    00000240  A$lcc2461
     00000240  C$main.c$ |    00000242  A$lcc2461 |    00000243  A$lcc2461
     00000243  C$main.c$ |    00000245  A$lcc2461 |    00000246  A$lcc2461
     00000247  A$lcc2461 |    00000249  A$lcc2461 |    0000024A  A$lcc2461
     0000024B  A$lcc2461 |    0000024C  A$lcc2461 |    0000024D  A$lcc2461
     0000024E  A$lcc2461 |    0000024F  A$lcc2461 |    00000250  A$lcc2461
     00000251  A$lcc2461 |    00000253  A$lcc2461 |    00000255  A$lcc2461
     00000257  A$lcc2461 |    00000259  A$lcc2461 |    0000025A  A$lcc2461
     0000025C  A$lcc2461 |    0000025E  A$lcc2461 |    00000260  A$lcc2461
     00000261  A$lcc2461 |    00000263  A$lcc2461 |    00000265  A$lcc2461
     00000266  A$lcc2461 |    00000267  A$lcc2461 |    00000269  A$lcc2461
     0000026A  A$lcc2461 |    0000026B  A$lcc2461 |    0000026C  A$lcc2461
     0000026D  A$lcc2461 |    0000026E  A$lcc2461 |    0000026F  A$lcc2461
     00000270  A$lcc2461 |    00000271  A$lcc2461 |    00000273  A$lcc2461
     00000275  A$lcc2461 |    00000277  A$lcc2461 |    00000279  A$lcc2461
     0000027A  A$lcc2461 |    0000027C  A$lcc2461 |    0000027E  A$lcc2461
     00000280  A$lcc2461 |    00000281  A$lcc2461 |    00000283  A$lcc2461
     00000283  C$main.c$ |    00000285  A$lcc2461 |    00000286  A$lcc2461
     00000286  C$main.c$ |    00000288  A$lcc2461 |    00000289  A$lcc2461
     0000028A  A$lcc2461 |    0000028C  A$lcc2461 |    0000028D  A$lcc2461
     0000028E  A$lcc2461 |    0000028F  A$lcc2461 |    00000290  A$lcc2461
     00000291  A$lcc2461 |    00000292  A$lcc2461 |    00000293  A$lcc2461
     00000294  A$lcc2461 |    00000296  A$lcc2461 |    00000298  A$lcc2461
     0000029A  A$lcc2461 |    0000029C  A$lcc2461 |    0000029D  A$lcc2461
     0000029F  A$lcc2461 |    000002A1  A$lcc2461 |    000002A3  A$lcc2461
     000002A4  A$lcc2461 |    000002A6  A$lcc2461 |    000002A8  A$lcc2461
     000002A9  A$lcc2461 |    000002AA  A$lcc2461 |    000002AC  A$lcc2461
     000002AD  A$lcc2461 |    000002AE  A$lcc2461 |    000002AF  A$lcc2461
     000002B0  A$lcc2461 |    000002B1  A$lcc2461 |    000002B2  A$lcc2461
     000002B3  A$lcc2461 |    000002B4  A$lcc2461 |    000002B6  A$lcc2461
     000002B8  A$lcc2461 |    000002BA  A$lcc2461 |    000002BC  A$lcc2461
     000002BD  A$lcc2461 |    000002BF  A$lcc2461 |    000002C1  A$lcc2461
     000002C3  A$lcc2461 |    000002C4  A$lcc2461 |    000002C6  A$lcc2461
     000002C6  C$main.c$ |    000002C8  A$lcc2461 |    000002C9  A$lcc2461
     000002C9  C$main.c$ |    000002CB  A$lcc2461 |    000002CB  C$main.c$
     000002CB  XG$overla |    000002CC  A$lcc2461 |    000002CC  C$main.c$
ASxxxx Linker V03.00 + NoICE + sdld,  page 4.
Hexadecimal  [32-Bits]

Area                       Addr        Size        Decimal Bytes (Attributes)
--------------------       ----        ----        ------- ----- ------------
_CODE                  00000200    0000256F =        9583. bytes (REL,CON)

        Value  Global            Value  Global            Value  Global    
        -----  ------            -----  ------            -----  ------    
     000002CC  C$main.c$ |    000002CC  G$kill_fr |    000002CC  _kill_fro
     000002CF  A$lcc2461 |    000002D1  A$lcc2461 |    000002D1  C$main.c$
     000002D4  A$lcc2461 |    000002D6  A$lcc2461 |    000002D6  C$main.c$
     000002D9  A$lcc2461 |    000002DB  A$lcc2461 |    000002DB  C$main.c$
     000002DB  XG$kill_f |    000002DC  A$lcc2461 |    000002DC  C$main.c$
     000002DC  G$render_ |    000002DC  _render_a |    000002DD  A$lcc2461
     000002DD  C$main.c$ |    000002E0  A$lcc2461 |    000002E1  A$lcc2461
     000002E1  C$main.c$ |    000002E4  A$lcc2461 |    000002E5  A$lcc2461
     000002E7  A$lcc2461 |    000002E8  A$lcc2461 |    000002E9  A$lcc2461
     000002EA  A$lcc2461 |    000002EB  A$lcc2461 |    000002EC  A$lcc2461
     000002EE  A$lcc2461 |    000002F1  A$lcc2461 |    000002F2  A$lcc2461
     000002F2  C$main.c$ |    000002F2  C$main.c$ |    000002F3  A$lcc2461
     000002F4  A$lcc2461 |    000002F6  A$lcc2461 |    000002F9  A$lcc2461
     000002FB  A$lcc2461 |    000002FC  A$lcc2461 |    000002FF  A$lcc2461
     00000301  A$lcc2461 |    00000302  A$lcc2461 |    00000305  A$lcc2461
     00000306  A$lcc2461 |    00000307  A$lcc2461 |    00000308  A$lcc2461
     0000030B  A$lcc2461 |    0000030C  A$lcc2461 |    0000030D  A$lcc2461
     0000030E  A$lcc2461 |    00000311  A$lcc2461 |    00000313  A$lcc2461
     00000315  A$lcc2461 |    00000317  A$lcc2461 |    00000319  A$lcc2461
     0000031C  A$lcc2461 |    0000031E  A$lcc2461 |    00000321  A$lcc2461
     00000322  A$lcc2461 |    00000323  A$lcc2461 |    00000324  A$lcc2461
     00000325  A$lcc2461 |    00000327  A$lcc2461 |    00000328  A$lcc2461
     0000032A  A$lcc2461 |    0000032B  A$lcc2461 |    0000032E  A$lcc2461
     00000330  A$lcc2461 |    00000330  C$main.c$ |    00000332  A$lcc2461
     00000332  C$main.c$ |    00000333  A$lcc2461 |    00000334  A$lcc2461
     00000336  A$lcc2461 |    00000339  A$lcc2461 |    0000033A  A$lcc2461
     0000033D  A$lcc2461 |    0000033E  A$lcc2461 |    00000341  A$lcc2461
     00000342  A$lcc2461 |    00000343  A$lcc2461 |    00000344  A$lcc2461
     00000345  A$lcc2461 |    00000348  A$lcc2461 |    00000349  A$lcc2461
     0000034A  A$lcc2461 |    0000034B  A$lcc2461 |    0000034E  A$lcc2461
     00000350  A$lcc2461 |    00000351  A$lcc2461 |    00000352  A$lcc2461
     00000353  A$lcc2461 |    00000354  A$lcc2461 |    00000355  A$lcc2461
     00000356  A$lcc2461 |    00000357  A$lcc2461 |    00000358  A$lcc2461
     0000035B  A$lcc2461 |    0000035D  A$lcc2461 |    0000035D  C$main.c$
     0000035D  C$main.c$ |    00000360  A$lcc2461 |    00000362  A$lcc2461
     00000362  C$main.c$ |    00000365  A$lcc2461 |    00000367  A$lcc2461
     00000368  A$lcc2461 |    00000368  C$main.c$ |    00000368  XG$render
     00000369  A$lcc2461 |    00000369  C$main.c$ |    00000369  C$main.c$
     00000369  G$update_ |    00000369  _update_l |    0000036C  A$lcc2461
     0000036D  A$lcc2461 |    00000370  A$lcc2461 |    00000371  A$lcc2461
     00000374  A$lcc2461 |    00000375  A$lcc2461 |    00000376  A$lcc2461
     00000377  A$lcc2461 |    00000377  C$main.c$ |    0000037A  A$lcc2461
     0000037B  A$lcc2461 |    0000037E  A$lcc2461 |    0000037F  A$lcc2461
     00000382  A$lcc2461 |    00000383  A$lcc2461 |    00000386  A$lcc2461
     00000388  A$lcc2461 |    00000388  C$main.c$ |    0000038B  A$lcc2461
     0000038C  A$lcc2461 |    0000038D  A$lcc2461 |    0000038F  A$lcc2461
     0000038F  C$main.c$ |    00000391  A$lcc2461 |    00000392  A$lcc2461
     00000393  A$lcc2461 |    00000396  A$lcc2461 |    00000397  A$lcc2461
     00000398  A$lcc2461 |    00000399  A$lcc2461 |    0000039A  A$lcc2461
     0000039D  A$lcc2461 |    0000039F  A$lcc2461 |    0000039F  C$main.c$
     000003A2  A$lcc2461 |    000003A3  A$lcc2461 |    000003A5  A$lcc2461
ASxxxx Linker V03.00 + NoICE + sdld,  page 5.
Hexadecimal  [32-Bits]

Area                       Addr        Size        Decimal Bytes (Attributes)
--------------------       ----        ----        ------- ----- ------------
_CODE                  00000200    0000256F =        9583. bytes (REL,CON)

        Value  Global            Value  Global            Value  Global    
        -----  ------            -----  ------            -----  ------    
     000003A6  A$lcc2461 |    000003A7  A$lcc2461 |    000003A7  C$main.c$
     000003A8  A$lcc2461 |    000003AA  A$lcc2461 |    000003AA  C$main.c$
     000003AD  A$lcc2461 |    000003AE  A$lcc2461 |    000003B1  A$lcc2461
     000003B2  A$lcc2461 |    000003B5  A$lcc2461 |    000003B6  A$lcc2461
     000003B7  A$lcc2461 |    000003B8  A$lcc2461 |    000003B8  C$main.c$
     000003BB  A$lcc2461 |    000003BD  A$lcc2461 |    000003BE  A$lcc2461
     000003BF  A$lcc2461 |    000003C2  A$lcc2461 |    000003C3  A$lcc2461
     000003C4  A$lcc2461 |    000003C5  A$lcc2461 |    000003C6  A$lcc2461
     000003C9  A$lcc2461 |    000003CB  A$lcc2461 |    000003CB  C$main.c$
     000003CB  XG$update |    000003CC  Fmain$__s |    000003CF  A$lcc2461
     000003CF  C$main.c$ |    000003CF  C$main.c$ |    000003CF  G$update_
     000003CF  _update_p |    000003D2  A$lcc2461 |    000003D3  A$lcc2461
     000003D6  A$lcc2461 |    000003D7  A$lcc2461 |    000003DA  A$lcc2461
     000003DB  A$lcc2461 |    000003DC  A$lcc2461 |    000003DD  A$lcc2461
     000003DD  C$main.c$ |    000003E0  A$lcc2461 |    000003E1  A$lcc2461
     000003E2  A$lcc2461 |    000003E3  A$lcc2461 |    000003E3  C$main.c$
     000003E5  A$lcc2461 |    000003E6  A$lcc2461 |    000003E7  A$lcc2461
     000003EA  A$lcc2461 |    000003EB  A$lcc2461 |    000003EC  A$lcc2461
     000003ED  A$lcc2461 |    000003EE  A$lcc2461 |    000003F1  A$lcc2461
     000003F3  A$lcc2461 |    000003F3  C$main.c$ |    000003F6  A$lcc2461
     000003F7  A$lcc2461 |    000003F9  A$lcc2461 |    000003FA  A$lcc2461
     000003FB  A$lcc2461 |    000003FB  C$main.c$ |    000003FC  A$lcc2461
     000003FC  C$main.c$ |    000003FC  XG$update |    000003FE  A$lcc2461
     000003FE  C$main.c$ |    000003FE  C$main.c$ |    000003FE  G$update_
     000003FE  _update_s |    00000401  A$lcc2461 |    00000402  A$lcc2461
     00000404  A$lcc2461 |    00000405  A$lcc2461 |    00000407  A$lcc2461
     00000409  A$lcc2461 |    0000040A  A$lcc2461 |    0000040B  A$lcc2461
     0000040C  A$lcc2461 |    0000040E  A$lcc2461 |    0000040E  C$main.c$
     00000411  A$lcc2461 |    00000412  A$lcc2461 |    00000415  A$lcc2461
     00000416  A$lcc2461 |    00000419  A$lcc2461 |    0000041A  A$lcc2461
     0000041B  A$lcc2461 |    0000041C  A$lcc2461 |    0000041E  A$lcc2461
     0000041E  C$main.c$ |    00000421  A$lcc2461 |    00000422  A$lcc2461
     00000424  A$lcc2461 |    00000425  A$lcc2461 |    00000427  A$lcc2461
     00000429  A$lcc2461 |    0000042A  A$lcc2461 |    0000042C  A$lcc2461
     0000042E  A$lcc2461 |    0000042F  A$lcc2461 |    00000431  A$lcc2461
     00000431  C$main.c$ |    00000434  A$lcc2461 |    00000435  A$lcc2461
     00000438  A$lcc2461 |    00000439  A$lcc2461 |    0000043C  A$lcc2461
     0000043D  A$lcc2461 |    0000043E  A$lcc2461 |    0000043F  A$lcc2461
     00000441  A$lcc2461 |    00000441  C$main.c$ |    00000443  A$lcc2461
     00000445  A$lcc2461 |    00000448  A$lcc2461 |    00000449  A$lcc2461
     0000044B  A$lcc2461 |    0000044C  A$lcc2461 |    0000044E  A$lcc2461
     00000450  A$lcc2461 |    00000450  C$main.c$ |    00000453  A$lcc2461
     00000454  A$lcc2461 |    00000457  A$lcc2461 |    00000458  A$lcc2461
     0000045B  A$lcc2461 |    0000045C  A$lcc2461 |    0000045D  A$lcc2461
     0000045E  A$lcc2461 |    00000460  A$lcc2461 |    00000460  C$main.c$
     00000463  A$lcc2461 |    00000465  A$lcc2461 |    00000466  A$lcc2461
     00000467  A$lcc2461 |    00000469  A$lcc2461 |    0000046A  A$lcc2461
     0000046C  A$lcc2461 |    0000046C  C$main.c$ |    0000046F  A$lcc2461
     00000470  A$lcc2461 |    00000473  A$lcc2461 |    00000474  A$lcc2461
     00000477  A$lcc2461 |    00000478  A$lcc2461 |    00000479  A$lcc2461
     0000047A  A$lcc2461 |    0000047A  C$main.c$ |    0000047D  A$lcc2461
ASxxxx Linker V03.00 + NoICE + sdld,  page 6.
Hexadecimal  [32-Bits]

Area                       Addr        Size        Decimal Bytes (Attributes)
--------------------       ----        ----        ------- ----- ------------
_CODE                  00000200    0000256F =        9583. bytes (REL,CON)

        Value  Global            Value  Global            Value  Global    
        -----  ------            -----  ------            -----  ------    
     0000047E  A$lcc2461 |    0000047F  A$lcc2461 |    00000480  A$lcc2461
     00000481  A$lcc2461 |    00000484  A$lcc2461 |    00000485  A$lcc2461
     00000488  A$lcc2461 |    00000489  A$lcc2461 |    0000048C  A$lcc2461
     0000048E  A$lcc2461 |    0000048E  C$main.c$ |    00000491  A$lcc2461
     00000492  A$lcc2461 |    00000493  A$lcc2461 |    00000494  A$lcc2461
     00000494  C$main.c$ |    00000496  A$lcc2461 |    00000497  A$lcc2461
     00000498  A$lcc2461 |    0000049B  A$lcc2461 |    0000049C  A$lcc2461
     0000049D  A$lcc2461 |    0000049E  A$lcc2461 |    0000049F  A$lcc2461
     000004A2  A$lcc2461 |    000004A4  A$lcc2461 |    000004A4  C$main.c$
     000004A7  A$lcc2461 |    000004A8  A$lcc2461 |    000004AA  A$lcc2461
     000004AB  A$lcc2461 |    000004AC  A$lcc2461 |    000004AC  C$main.c$
     000004AD  A$lcc2461 |    000004AD  C$main.c$ |    000004AD  XG$update
     000004AF  Fmain$__s |    000004B2  A$lcc2461 |    000004B2  C$main.c$
     000004B2  C$main.c$ |    000004B2  G$update_ |    000004B2  _update_f
     000004B5  A$lcc2461 |    000004B6  A$lcc2461 |    000004B8  A$lcc2461
     000004B9  A$lcc2461 |    000004BA  A$lcc2461 |    000004BC  A$lcc2461
     000004BC  C$main.c$ |    000004BF  A$lcc2461 |    000004C0  A$lcc2461
     000004C1  A$lcc2461 |    000004C2  A$lcc2461 |    000004C5  A$lcc2461
     000004C7  A$lcc2461 |    000004C7  C$main.c$ |    000004C8  A$lcc2461
     000004C8  C$main.c$ |    000004C9  A$lcc2461 |    000004CB  A$lcc2461
     000004CB  C$main.c$ |    000004CC  A$lcc2461 |    000004CD  A$lcc2461
     000004CF  A$lcc2461 |    000004D0  A$lcc2461 |    000004D3  A$lcc2461
     000004D4  A$lcc2461 |    000004D5  A$lcc2461 |    000004D8  A$lcc2461
     000004DA  A$lcc2461 |    000004DA  C$main.c$ |    000004DA  XG$update
     000004DB  A$lcc2461 |    000004DB  C$main.c$ |    000004DB  G$update_
     000004DB  _update_f |    000004DC  A$lcc2461 |    000004DF  A$lcc2461
     000004E1  A$lcc2461 |    000004E2  A$lcc2461 |    000004E2  C$main.c$
     000004E5  A$lcc2461 |    000004E5  C$main.c$ |    000004E7  A$lcc2461
     000004E8  A$lcc2461 |    000004E9  A$lcc2461 |    000004EB  A$lcc2461
     000004ED  A$lcc2461 |    000004EE  A$lcc2461 |    000004EF  A$lcc2461
     000004F1  A$lcc2461 |    000004F3  A$lcc2461 |    000004F4  A$lcc2461
     000004F6  A$lcc2461 |    000004F9  A$lcc2461 |    000004FB  A$lcc2461
     000004FC  A$lcc2461 |    000004FE  A$lcc2461 |    00000500  A$lcc2461
     00000503  A$lcc2461 |    00000503  C$main.c$ |    00000504  A$lcc2461
     00000505  A$lcc2461 |    00000508  A$lcc2461 |    00000509  A$lcc2461
     0000050C  A$lcc2461 |    0000050D  A$lcc2461 |    0000050E  A$lcc2461
     0000050F  A$lcc2461 |    00000512  A$lcc2461 |    00000513  A$lcc2461
     00000514  A$lcc2461 |    00000515  A$lcc2461 |    00000518  A$lcc2461
     0000051A  A$lcc2461 |    0000051B  A$lcc2461 |    0000051C  A$lcc2461
     0000051D  A$lcc2461 |    0000051F  A$lcc2461 |    00000520  A$lcc2461
     00000523  A$lcc2461 |    00000525  A$lcc2461 |    00000525  C$main.c$
     00000528  A$lcc2461 |    00000528  C$main.c$ |    00000529  A$lcc2461
     0000052B  A$lcc2461 |    0000052C  A$lcc2461 |    0000052F  A$lcc2461
     00000531  A$lcc2461 |    00000532  A$lcc2461 |    00000535  A$lcc2461
     00000536  A$lcc2461 |    00000537  A$lcc2461 |    00000538  A$lcc2461
     0000053B  A$lcc2461 |    0000053C  A$lcc2461 |    0000053D  A$lcc2461
     0000053E  A$lcc2461 |    00000541  A$lcc2461 |    00000543  A$lcc2461
     00000545  A$lcc2461 |    00000547  A$lcc2461 |    00000549  A$lcc2461
     0000054C  A$lcc2461 |    0000054E  A$lcc2461 |    00000551  A$lcc2461
     00000552  A$lcc2461 |    00000553  A$lcc2461 |    00000554  A$lcc2461
     00000555  A$lcc2461 |    00000557  A$lcc2461 |    00000558  A$lcc2461
ASxxxx Linker V03.00 + NoICE + sdld,  page 7.
Hexadecimal  [32-Bits]

Area                       Addr        Size        Decimal Bytes (Attributes)
--------------------       ----        ----        ------- ----- ------------
_CODE                  00000200    0000256F =        9583. bytes (REL,CON)

        Value  Global            Value  Global            Value  Global    
        -----  ------            -----  ------            -----  ------    
     0000055A  A$lcc2461 |    0000055B  A$lcc2461 |    0000055E  A$lcc2461
     00000560  A$lcc2461 |    00000560  C$main.c$ |    00000562  A$lcc2461
     00000562  C$main.c$ |    00000563  A$lcc2461 |    00000564  A$lcc2461
     00000567  A$lcc2461 |    00000568  A$lcc2461 |    0000056B  A$lcc2461
     0000056C  A$lcc2461 |    0000056D  A$lcc2461 |    0000056E  A$lcc2461
     00000571  A$lcc2461 |    00000572  A$lcc2461 |    00000573  A$lcc2461
     00000574  A$lcc2461 |    00000577  A$lcc2461 |    00000579  A$lcc2461
     0000057A  A$lcc2461 |    0000057B  A$lcc2461 |    0000057C  A$lcc2461
     0000057E  A$lcc2461 |    0000057F  A$lcc2461 |    00000582  A$lcc2461
     00000584  A$lcc2461 |    00000584  C$main.c$ |    00000586  A$lcc2461
     00000586  C$main.c$ |    00000587  A$lcc2461 |    00000588  A$lcc2461
     0000058B  A$lcc2461 |    0000058D  A$lcc2461 |    0000058E  A$lcc2461
     00000591  A$lcc2461 |    00000592  A$lcc2461 |    00000593  A$lcc2461
     00000594  A$lcc2461 |    00000597  A$lcc2461 |    00000598  A$lcc2461
     00000599  A$lcc2461 |    0000059A  A$lcc2461 |    0000059D  A$lcc2461
     0000059F  A$lcc2461 |    000005A0  A$lcc2461 |    000005A2  A$lcc2461
     000005A3  A$lcc2461 |    000005A4  A$lcc2461 |    000005A5  A$lcc2461
     000005A7  A$lcc2461 |    000005A8  A$lcc2461 |    000005AB  A$lcc2461
     000005AD  A$lcc2461 |    000005AD  C$main.c$ |    000005AE  A$lcc2461
     000005AE  C$main.c$ |    000005AE  XG$update |    000005AF  A$lcc2461
     000005AF  C$main.c$ |    000005AF  C$main.c$ |    000005AF  G$reset_f
     000005AF  _reset_fr |    000005B2  A$lcc2461 |    000005B2  C$main.c$
     000005B5  A$lcc2461 |    000005B7  A$lcc2461 |    000005B7  C$main.c$
     000005BA  A$lcc2461 |    000005BC  A$lcc2461 |    000005BF  A$lcc2461
     000005C1  A$lcc2461 |    000005C1  C$main.c$ |    000005C4  A$lcc2461
     000005C6  A$lcc2461 |    000005C7  A$lcc2461 |    000005C9  A$lcc2461
     000005C9  C$main.c$ |    000005CC  A$lcc2461 |    000005CD  A$lcc2461
     000005CE  A$lcc2461 |    000005D0  A$lcc2461 |    000005D1  A$lcc2461
     000005D3  A$lcc2461 |    000005D3  C$main.c$ |    000005D4  A$lcc2461
     000005D7  A$lcc2461 |    000005D7  C$main.c$ |    000005DA  A$lcc2461
     000005DC  A$lcc2461 |    000005DC  C$main.c$ |    000005DF  A$lcc2461
     000005E1  A$lcc2461 |    000005E2  A$lcc2461 |    000005E3  A$lcc2461
     000005E6  A$lcc2461 |    000005E7  A$lcc2461 |    000005EA  A$lcc2461
     000005EB  A$lcc2461 |    000005EC  A$lcc2461 |    000005ED  A$lcc2461
     000005EE  A$lcc2461 |    000005F1  A$lcc2461 |    000005F2  A$lcc2461
     000005F3  A$lcc2461 |    000005F4  A$lcc2461 |    000005F7  A$lcc2461
     000005F9  A$lcc2461 |    000005FA  A$lcc2461 |    000005FB  A$lcc2461
     000005FC  A$lcc2461 |    000005FD  A$lcc2461 |    000005FE  A$lcc2461
     000005FF  A$lcc2461 |    00000600  A$lcc2461 |    00000601  A$lcc2461
     00000604  A$lcc2461 |    00000606  A$lcc2461 |    00000606  C$main.c$
     00000606  C$main.c$ |    00000606  XG$reset_ |    00000607  A$lcc2461
     00000607  C$main.c$ |    00000607  C$main.c$ |    00000607  G$reset_t
     00000607  _reset_ti |    0000060A  A$lcc2461 |    0000060C  A$lcc2461
     0000060D  A$lcc2461 |    0000060F  A$lcc2461 |    0000060F  C$main.c$
     00000612  A$lcc2461 |    00000614  A$lcc2461 |    00000614  C$main.c$
     00000617  A$lcc2461 |    00000618  A$lcc2461 |    0000061B  A$lcc2461
     0000061C  A$lcc2461 |    0000061F  A$lcc2461 |    00000620  A$lcc2461
     00000623  A$lcc2461 |    00000625  A$lcc2461 |    00000625  C$main.c$
     00000625  XG$reset_ |    00000626  A$lcc2461 |    00000626  C$main.c$
     00000626  C$main.c$ |    00000626  G$frog_de |    00000626  _frog_dea
     00000629  A$lcc2461 |    0000062A  A$lcc2461 |    0000062B  A$lcc2461
ASxxxx Linker V03.00 + NoICE + sdld,  page 8.
Hexadecimal  [32-Bits]

Area                       Addr        Size        Decimal Bytes (Attributes)
--------------------       ----        ----        ------- ----- ------------
_CODE                  00000200    0000256F =        9583. bytes (REL,CON)

        Value  Global            Value  Global            Value  Global    
        -----  ------            -----  ------            -----  ------    
     0000062D  A$lcc2461 |    0000062D  C$main.c$ |    0000062E  A$lcc2461
     0000062F  A$lcc2461 |    00000631  A$lcc2461 |    00000631  C$main.c$
     00000634  A$lcc2461 |    00000636  A$lcc2461 |    00000636  C$main.c$
     00000637  A$lcc2461 |    00000637  C$main.c$ |    0000063A  A$lcc2461
     0000063A  C$main.c$ |    0000063A  C$main.c$ |    0000063A  XG$frog_d
     0000063D  A$lcc2461 |    0000063D  C$main.c$ |    0000063D  C$main.c$
     0000063D  G$init_le |    0000063D  _init_lev |    00000640  A$lcc2461
     00000641  A$lcc2461 |    00000644  A$lcc2461 |    00000645  A$lcc2461
     00000648  A$lcc2461 |    0000064A  A$lcc2461 |    0000064A  C$main.c$
     0000064D  A$lcc2461 |    0000064E  A$lcc2461 |    00000651  A$lcc2461
     00000652  A$lcc2461 |    00000655  A$lcc2461 |    00000657  A$lcc2461
     00000657  C$main.c$ |    0000065A  A$lcc2461 |    0000065B  A$lcc2461
     0000065E  A$lcc2461 |    0000065F  A$lcc2461 |    00000662  A$lcc2461
     00000664  A$lcc2461 |    00000664  C$main.c$ |    00000667  A$lcc2461
     00000668  A$lcc2461 |    0000066B  A$lcc2461 |    0000066C  A$lcc2461
     0000066F  A$lcc2461 |    00000671  A$lcc2461 |    00000671  C$main.c$
     00000674  A$lcc2461 |    00000675  A$lcc2461 |    00000678  A$lcc2461
     00000679  A$lcc2461 |    0000067C  A$lcc2461 |    0000067E  A$lcc2461
     0000067E  C$main.c$ |    00000681  A$lcc2461 |    00000682  A$lcc2461
     00000685  A$lcc2461 |    00000686  A$lcc2461 |    00000687  A$lcc2461
     00000688  A$lcc2461 |    00000689  A$lcc2461 |    0000068C  A$lcc2461
     0000068E  A$lcc2461 |    0000068E  C$main.c$ |    00000691  A$lcc2461
     00000692  A$lcc2461 |    00000694  A$lcc2461 |    00000695  A$lcc2461
     00000696  A$lcc2461 |    00000699  A$lcc2461 |    0000069B  A$lcc2461
     0000069B  C$main.c$ |    0000069E  A$lcc2461 |    000006A0  A$lcc2461
     000006A0  C$main.c$ |    000006A3  A$lcc2461 |    000006A5  A$lcc2461
     000006A5  C$main.c$ |    000006A8  A$lcc2461 |    000006AA  A$lcc2461
     000006AB  A$lcc2461 |    000006AD  A$lcc2461 |    000006AD  C$main.c$
     000006B0  A$lcc2461 |    000006B2  A$lcc2461 |    000006B3  A$lcc2461
     000006B5  A$lcc2461 |    000006B5  C$main.c$ |    000006B8  A$lcc2461
     000006BA  A$lcc2461 |    000006BA  C$main.c$ |    000006BB  A$lcc2461
     000006BE  A$lcc2461 |    000006BF  A$lcc2461 |    000006C0  A$lcc2461
     000006C0  C$main.c$ |    000006C3  A$lcc2461 |    000006C3  C$main.c$
     000006C6  A$lcc2461 |    000006C8  A$lcc2461 |    000006C8  C$main.c$
     000006CB  A$lcc2461 |    000006CB  C$main.c$ |    000006CE  A$lcc2461
     000006CE  C$main.c$ |    000006D1  A$lcc2461 |    000006D1  C$main.c$
     000006D4  A$lcc2461 |    000006D4  C$main.c$ |    000006D4  C$main.c$
     000006D4  XG$init_l |    000006D7  A$lcc2461 |    000006D7  C$main.c$
     000006D7  G$move_fr |    000006D7  _move_fro |    000006D8  A$lcc2461
     000006D9  A$lcc2461 |    000006D9  C$main.c$ |    000006DC  A$lcc2461
     000006DD  A$lcc2461 |    000006E0  A$lcc2461 |    000006E0  C$main.c$
     000006E3  A$lcc2461 |    000006E4  A$lcc2461 |    000006E6  A$lcc2461
     000006E7  A$lcc2461 |    000006E8  A$lcc2461 |    000006E9  A$lcc2461
     000006EA  A$lcc2461 |    000006ED  A$lcc2461 |    000006EF  A$lcc2461
     000006F1  A$lcc2461 |    000006F4  A$lcc2461 |    000006F6  A$lcc2461
     000006F9  A$lcc2461 |    000006FA  A$lcc2461 |    000006FB  A$lcc2461
     000006FC  A$lcc2461 |    000006FD  A$lcc2461 |    000006FE  A$lcc2461
     00000701  A$lcc2461 |    00000702  A$lcc2461 |    00000703  A$lcc2461
     00000704  A$lcc2461 |    00000707  A$lcc2461 |    00000708  A$lcc2461
     0000070B  A$lcc2461 |    0000070C  A$lcc2461 |    0000070F  A$lcc2461
     00000710  A$lcc2461 |    00000711  A$lcc2461 |    00000713  A$lcc2461
ASxxxx Linker V03.00 + NoICE + sdld,  page 9.
Hexadecimal  [32-Bits]

Area                       Addr        Size        Decimal Bytes (Attributes)
--------------------       ----        ----        ------- ----- ------------
_CODE                  00000200    0000256F =        9583. bytes (REL,CON)

        Value  Global            Value  Global            Value  Global    
        -----  ------            -----  ------            -----  ------    
     00000715  A$lcc2461 |    00000717  A$lcc2461 |    00000717  C$main.c$
     00000718  A$lcc2461 |    0000071A  A$lcc2461 |    0000071C  A$lcc2461
     0000071D  A$lcc2461 |    0000071F  A$lcc2461 |    00000720  A$lcc2461
     00000723  A$lcc2461 |    00000725  A$lcc2461 |    00000726  A$lcc2461
     00000729  A$lcc2461 |    0000072A  A$lcc2461 |    0000072B  A$lcc2461
     0000072C  A$lcc2461 |    0000072F  A$lcc2461 |    00000730  A$lcc2461
     00000731  A$lcc2461 |    00000734  A$lcc2461 |    00000736  A$lcc2461
     00000738  A$lcc2461 |    00000739  A$lcc2461 |    0000073A  A$lcc2461
     0000073B  A$lcc2461 |    0000073C  A$lcc2461 |    0000073E  A$lcc2461
     0000073F  A$lcc2461 |    00000742  A$lcc2461 |    00000744  A$lcc2461
     00000744  C$main.c$ |    00000747  A$lcc2461 |    00000747  C$main.c$
     00000748  A$lcc2461 |    0000074A  A$lcc2461 |    0000074D  A$lcc2461
     0000074E  A$lcc2461 |    00000750  A$lcc2461 |    00000751  A$lcc2461
     00000754  A$lcc2461 |    00000756  A$lcc2461 |    00000757  A$lcc2461
     0000075A  A$lcc2461 |    0000075B  A$lcc2461 |    0000075C  A$lcc2461
     0000075D  A$lcc2461 |    00000760  A$lcc2461 |    00000761  A$lcc2461
     00000762  A$lcc2461 |    00000765  A$lcc2461 |    00000767  A$lcc2461
     00000769  A$lcc2461 |    0000076A  A$lcc2461 |    0000076C  A$lcc2461
     0000076D  A$lcc2461 |    0000076E  A$lcc2461 |    0000076F  A$lcc2461
     00000770  A$lcc2461 |    00000772  A$lcc2461 |    00000773  A$lcc2461
     00000776  A$lcc2461 |    00000778  A$lcc2461 |    00000778  C$main.c$
     0000077B  A$lcc2461 |    0000077B  C$main.c$ |    0000077E  A$lcc2461
     0000077F  A$lcc2461 |    00000782  A$lcc2461 |    00000782  C$main.c$
     00000785  A$lcc2461 |    00000786  A$lcc2461 |    00000787  A$lcc2461
     00000788  A$lcc2461 |    0000078B  A$lcc2461 |    0000078D  A$lcc2461
     0000078F  A$lcc2461 |    00000792  A$lcc2461 |    00000794  A$lcc2461
     00000797  A$lcc2461 |    00000798  A$lcc2461 |    00000799  A$lcc2461
     0000079A  A$lcc2461 |    0000079D  A$lcc2461 |    0000079E  A$lcc2461
     0000079F  A$lcc2461 |    000007A0  A$lcc2461 |    000007A3  A$lcc2461
     000007A4  A$lcc2461 |    000007A7  A$lcc2461 |    000007A8  A$lcc2461
     000007AA  A$lcc2461 |    000007AA  C$main.c$ |    000007AA  C$main.c$
     000007AB  A$lcc2461 |    000007AC  A$lcc2461 |    000007AD  A$lcc2461
     000007AD  C$main.c$ |    000007AE  A$lcc2461 |    000007AF  A$lcc2461
     000007B1  A$lcc2461 |    000007B4  A$lcc2461 |    000007B6  A$lcc2461
     000007B7  A$lcc2461 |    000007BA  A$lcc2461 |    000007BC  A$lcc2461
     000007BD  A$lcc2461 |    000007C0  A$lcc2461 |    000007C1  A$lcc2461
     000007C2  A$lcc2461 |    000007C3  A$lcc2461 |    000007C4  A$lcc2461
     000007C7  A$lcc2461 |    000007C8  A$lcc2461 |    000007C9  A$lcc2461
     000007CA  A$lcc2461 |    000007CD  A$lcc2461 |    000007CF  A$lcc2461
     000007D1  A$lcc2461 |    000007D2  A$lcc2461 |    000007D3  A$lcc2461
     000007D4  A$lcc2461 |    000007D5  A$lcc2461 |    000007D7  A$lcc2461
     000007D8  A$lcc2461 |    000007DB  A$lcc2461 |    000007DD  A$lcc2461
     000007DD  C$main.c$ |    000007DF  A$lcc2461 |    000007DF  C$main.c$
     000007E0  A$lcc2461 |    000007E2  A$lcc2461 |    000007E5  A$lcc2461
     000007E7  A$lcc2461 |    000007E9  A$lcc2461 |    000007EA  A$lcc2461
     000007ED  A$lcc2461 |    000007EF  A$lcc2461 |    000007F0  A$lcc2461
     000007F3  A$lcc2461 |    000007F4  A$lcc2461 |    000007F5  A$lcc2461
     000007F6  A$lcc2461 |    000007F7  A$lcc2461 |    000007FA  A$lcc2461
     000007FB  A$lcc2461 |    000007FC  A$lcc2461 |    000007FD  A$lcc2461
     00000800  A$lcc2461 |    00000802  A$lcc2461 |    00000804  A$lcc2461
     00000806  A$lcc2461 |    00000808  A$lcc2461 |    0000080B  A$lcc2461
ASxxxx Linker V03.00 + NoICE + sdld,  page 10.
Hexadecimal  [32-Bits]

Area                       Addr        Size        Decimal Bytes (Attributes)
--------------------       ----        ----        ------- ----- ------------
_CODE                  00000200    0000256F =        9583. bytes (REL,CON)

        Value  Global            Value  Global            Value  Global    
        -----  ------            -----  ------            -----  ------    
     0000080D  A$lcc2461 |    00000810  A$lcc2461 |    00000812  A$lcc2461
     00000813  A$lcc2461 |    00000814  A$lcc2461 |    00000815  A$lcc2461
     00000816  A$lcc2461 |    00000817  A$lcc2461 |    00000819  A$lcc2461
     0000081A  A$lcc2461 |    0000081D  A$lcc2461 |    0000081F  A$lcc2461
     0000081F  C$main.c$ |    00000820  A$lcc2461 |    00000821  A$lcc2461
     00000821  C$main.c$ |    00000821  XG$move_f |    00000822  A$lcc2461
     00000822  C$main.c$ |    00000822  C$main.c$ |    00000822  G$animate
     00000822  XG$animat |    00000822  _animate_ |    00000823  A$lcc2461
     00000823  C$main.c$ |    00000823  C$main.c$ |    00000823  G$update_
     00000823  _update_m |    00000826  A$lcc2461 |    00000827  A$lcc2461
     00000829  A$lcc2461 |    00000829  C$main.c$ |    0000082C  A$lcc2461
     0000082C  C$main.c$ |    0000082F  A$lcc2461 |    00000831  A$lcc2461
     00000833  A$lcc2461 |    00000836  A$lcc2461 |    00000838  A$lcc2461
     0000083B  A$lcc2461 |    0000083C  A$lcc2461 |    0000083F  A$lcc2461
     00000840  A$lcc2461 |    00000841  A$lcc2461 |    00000842  A$lcc2461
     00000842  C$main.c$ |    00000845  A$lcc2461 |    00000846  A$lcc2461
     00000848  A$lcc2461 |    00000848  C$main.c$ |    0000084B  A$lcc2461
     0000084B  C$main.c$ |    0000084E  A$lcc2461 |    00000850  A$lcc2461
     00000852  A$lcc2461 |    00000855  A$lcc2461 |    00000857  A$lcc2461
     0000085A  A$lcc2461 |    0000085B  A$lcc2461 |    0000085E  A$lcc2461
     0000085F  A$lcc2461 |    00000860  A$lcc2461 |    00000861  A$lcc2461
     00000861  C$main.c$ |    00000864  A$lcc2461 |    00000865  A$lcc2461
     00000867  A$lcc2461 |    0000086A  A$lcc2461 |    0000086B  A$lcc2461
     0000086C  A$lcc2461 |    0000086C  C$main.c$ |    0000086F  A$lcc2461
     00000871  A$lcc2461 |    00000871  C$main.c$ |    00000874  A$lcc2461
     00000875  A$lcc2461 |    00000876  A$lcc2461 |    00000877  A$lcc2461
     0000087A  A$lcc2461 |    0000087B  A$lcc2461 |    0000087D  A$lcc2461
     0000087E  A$lcc2461 |    0000087F  A$lcc2461 |    00000880  A$lcc2461
     00000881  A$lcc2461 |    00000882  A$lcc2461 |    00000883  A$lcc2461
     00000885  A$lcc2461 |    00000887  A$lcc2461 |    00000889  A$lcc2461
     0000088B  A$lcc2461 |    0000088C  A$lcc2461 |    0000088E  A$lcc2461
     00000890  A$lcc2461 |    00000892  A$lcc2461 |    00000893  A$lcc2461
     00000894  A$lcc2461 |    00000894  C$main.c$ |    00000897  A$lcc2461
     00000898  A$lcc2461 |    0000089A  A$lcc2461 |    0000089B  A$lcc2461
     0000089C  A$lcc2461 |    0000089E  A$lcc2461 |    0000089F  A$lcc2461
     0000089F  C$main.c$ |    000008A2  A$lcc2461 |    000008A2  C$main.c$
     000008A5  A$lcc2461 |    000008A8  A$lcc2461 |    000008A8  C$main.c$
     000008A8  XG$update |    000008A9  A$lcc2461 |    000008A9  C$main.c$
     000008A9  C$main.c$ |    000008A9  G$paralla |    000008A9  _parallax
     000008AB  A$lcc2461 |    000008AC  A$lcc2461 |    000008AE  A$lcc2461
     000008B0  A$lcc2461 |    000008B2  A$lcc2461 |    000008B4  A$lcc2461
     000008B6  A$lcc2461 |    000008B8  A$lcc2461 |    000008BA  A$lcc2461
     000008BC  A$lcc2461 |    000008BE  A$lcc2461 |    000008C0  A$lcc2461
     000008C2  A$lcc2461 |    000008C4  A$lcc2461 |    000008C6  A$lcc2461
     000008C8  A$lcc2461 |    000008CA  A$lcc2461 |    000008CC  A$lcc2461
     000008CE  A$lcc2461 |    000008D0  A$lcc2461 |    000008D3  A$lcc2461
     000008D5  A$lcc2461 |    000008D8  A$lcc2461 |    000008DA  A$lcc2461
     000008DD  A$lcc2461 |    000008DF  A$lcc2461 |    000008E2  A$lcc2461
     000008E3  A$lcc2461 |    000008E3  C$main.c$ |    000008E4  A$lcc2461
     000008E6  A$lcc2461 |    000008E7  A$lcc2461 |    000008E9  A$lcc2461
     000008E9  C$main.c$ |    000008EB  A$lcc2461 |    000008ED  A$lcc2461
ASxxxx Linker V03.00 + NoICE + sdld,  page 11.
Hexadecimal  [32-Bits]

Area                       Addr        Size        Decimal Bytes (Attributes)
--------------------       ----        ----        ------- ----- ------------
_CODE                  00000200    0000256F =        9583. bytes (REL,CON)

        Value  Global            Value  Global            Value  Global    
        -----  ------            -----  ------            -----  ------    
     000008ED  C$main.c$ |    000008EE  A$lcc2461 |    000008EE  C$main.c$
     000008F1  A$lcc2461 |    000008F3  A$lcc2461 |    000008F4  A$lcc2461
     000008F6  A$lcc2461 |    000008F6  C$main.c$ |    000008F8  A$lcc2461
     000008FA  A$lcc2461 |    000008FA  C$main.c$ |    000008FB  A$lcc2461
     000008FB  C$main.c$ |    000008FE  A$lcc2461 |    00000900  A$lcc2461
     00000901  A$lcc2461 |    00000903  A$lcc2461 |    00000903  C$main.c$
     00000905  A$lcc2461 |    00000907  A$lcc2461 |    00000907  C$main.c$
     00000908  A$lcc2461 |    00000908  C$main.c$ |    0000090B  A$lcc2461
     0000090D  A$lcc2461 |    0000090E  A$lcc2461 |    00000910  A$lcc2461
     00000910  C$main.c$ |    00000912  A$lcc2461 |    00000914  A$lcc2461
     00000914  C$main.c$ |    00000915  A$lcc2461 |    00000915  C$main.c$
     00000918  A$lcc2461 |    0000091A  A$lcc2461 |    0000091B  A$lcc2461
     0000091D  A$lcc2461 |    0000091D  C$main.c$ |    0000091F  A$lcc2461
     00000921  A$lcc2461 |    00000921  C$main.c$ |    00000922  A$lcc2461
     00000922  C$main.c$ |    00000925  A$lcc2461 |    00000927  A$lcc2461
     00000928  A$lcc2461 |    0000092A  A$lcc2461 |    0000092A  C$main.c$
     0000092C  A$lcc2461 |    0000092E  A$lcc2461 |    0000092E  C$main.c$
     0000092F  A$lcc2461 |    0000092F  C$main.c$ |    00000930  A$lcc2461
     00000932  A$lcc2461 |    00000933  A$lcc2461 |    00000935  A$lcc2461
     00000935  C$main.c$ |    00000937  A$lcc2461 |    00000939  A$lcc2461
     00000939  C$main.c$ |    0000093A  A$lcc2461 |    0000093A  C$main.c$
     0000093D  A$lcc2461 |    0000093F  A$lcc2461 |    00000940  A$lcc2461
     00000942  A$lcc2461 |    00000942  C$main.c$ |    00000944  A$lcc2461
     00000946  A$lcc2461 |    00000946  C$main.c$ |    00000947  A$lcc2461
     00000947  C$main.c$ |    0000094A  A$lcc2461 |    0000094C  A$lcc2461
     0000094D  A$lcc2461 |    0000094F  A$lcc2461 |    0000094F  C$main.c$
     00000951  A$lcc2461 |    00000953  A$lcc2461 |    00000953  C$main.c$
     00000954  A$lcc2461 |    00000954  C$main.c$ |    00000957  A$lcc2461
     00000959  A$lcc2461 |    0000095A  A$lcc2461 |    0000095C  A$lcc2461
     0000095C  C$main.c$ |    0000095E  A$lcc2461 |    00000960  A$lcc2461
     00000960  C$main.c$ |    00000961  A$lcc2461 |    00000961  C$main.c$
     00000964  A$lcc2461 |    00000966  A$lcc2461 |    00000967  A$lcc2461
     00000969  A$lcc2461 |    00000969  C$main.c$ |    0000096B  A$lcc2461
     0000096D  A$lcc2461 |    0000096D  C$main.c$ |    0000096E  A$lcc2461
     0000096E  C$main.c$ |    00000971  A$lcc2461 |    00000973  A$lcc2461
     00000974  A$lcc2461 |    00000976  A$lcc2461 |    00000976  C$main.c$
     00000978  A$lcc2461 |    0000097A  A$lcc2461 |    0000097A  C$main.c$
     0000097B  A$lcc2461 |    0000097B  C$main.c$ |    0000097C  A$lcc2461
     0000097E  A$lcc2461 |    0000097F  A$lcc2461 |    00000981  A$lcc2461
     00000981  C$main.c$ |    00000982  A$lcc2461 |    00000984  A$lcc2461
     00000984  C$main.c$ |    00000984  C$main.c$ |    00000984  XG$parall
     00000985  A$lcc2461 |    00000985  C$main.c$ |    00000985  G$update_
     00000985  _update_p |    00000988  A$lcc2461 |    00000989  A$lcc2461
     00000989  C$main.c$ |    0000098A  A$lcc2461 |    0000098A  C$main.c$
     0000098D  A$lcc2461 |    0000098F  A$lcc2461 |    00000991  A$lcc2461
     00000992  A$lcc2461 |    00000993  A$lcc2461 |    00000995  A$lcc2461
     00000995  C$main.c$ |    00000996  A$lcc2461 |    00000998  A$lcc2461
     0000099A  A$lcc2461 |    0000099A  C$main.c$ |    0000099C  A$lcc2461
     0000099E  A$lcc2461 |    0000099E  C$main.c$ |    0000099F  A$lcc2461
     000009A1  A$lcc2461 |    000009A1  C$main.c$ |    000009A4  A$lcc2461
     000009A5  A$lcc2461 |    000009A7  A$lcc2461 |    000009A9  A$lcc2461
ASxxxx Linker V03.00 + NoICE + sdld,  page 12.
Hexadecimal  [32-Bits]

Area                       Addr        Size        Decimal Bytes (Attributes)
--------------------       ----        ----        ------- ----- ------------
_CODE                  00000200    0000256F =        9583. bytes (REL,CON)

        Value  Global            Value  Global            Value  Global    
        -----  ------            -----  ------            -----  ------    
     000009A9  C$main.c$ |    000009AB  A$lcc2461 |    000009AB  C$main.c$
     000009AE  A$lcc2461 |    000009AF  A$lcc2461 |    000009B1  A$lcc2461
     000009B4  A$lcc2461 |    000009B5  A$lcc2461 |    000009B8  A$lcc2461
     000009B9  A$lcc2461 |    000009B9  C$main.c$ |    000009B9  C$main.c$
     000009BC  A$lcc2461 |    000009BD  A$lcc2461 |    000009BD  C$main.c$
     000009BD  XG$update |    000009BE  A$lcc2461 |    000009BE  C$main.c$
     000009BE  G$scroll_ |    000009BE  _scroll_c |    000009BF  A$lcc2461
     000009BF  C$main.c$ |    000009C2  A$lcc2461 |    000009C3  A$lcc2461
     000009C5  A$lcc2461 |    000009C8  A$lcc2461 |    000009C9  A$lcc2461
     000009CA  A$lcc2461 |    000009CD  A$lcc2461 |    000009CF  A$lcc2461
     000009D0  A$lcc2461 |    000009D1  A$lcc2461 |    000009D2  A$lcc2461
     000009D4  A$lcc2461 |    000009D4  C$main.c$ |    000009D7  A$lcc2461
     000009D8  A$lcc2461 |    000009D9  A$lcc2461 |    000009DA  A$lcc2461
     000009DA  C$main.c$ |    000009DB  A$lcc2461 |    000009DC  A$lcc2461
     000009DD  A$lcc2461 |    000009DE  A$lcc2461 |    000009DF  A$lcc2461
     000009E0  A$lcc2461 |    000009E0  C$main.c$ |    000009E1  A$lcc2461
     000009E2  A$lcc2461 |    000009E3  A$lcc2461 |    000009E4  A$lcc2461
     000009E5  A$lcc2461 |    000009E6  A$lcc2461 |    000009E7  A$lcc2461
     000009E7  C$main.c$ |    000009EA  A$lcc2461 |    000009EB  A$lcc2461
     000009ED  A$lcc2461 |    000009F0  A$lcc2461 |    000009F1  A$lcc2461
     000009F1  C$main.c$ |    000009F1  C$main.c$ |    000009F2  A$lcc2461
     000009F4  A$lcc2461 |    000009F4  C$main.c$ |    000009F7  A$lcc2461
     000009F8  A$lcc2461 |    000009F9  A$lcc2461 |    000009FA  A$lcc2461
     000009FB  A$lcc2461 |    000009FE  A$lcc2461 |    000009FF  A$lcc2461
     00000A00  A$lcc2461 |    00000A01  A$lcc2461 |    00000A01  C$main.c$
     00000A04  A$lcc2461 |    00000A04  C$main.c$ |    00000A07  A$lcc2461
     00000A09  A$lcc2461 |    00000A0B  A$lcc2461 |    00000A0B  C$main.c$
     00000A0E  A$lcc2461 |    00000A0F  A$lcc2461 |    00000A10  A$lcc2461
     00000A11  A$lcc2461 |    00000A12  A$lcc2461 |    00000A15  A$lcc2461
     00000A16  A$lcc2461 |    00000A17  A$lcc2461 |    00000A18  A$lcc2461
     00000A18  C$main.c$ |    00000A1B  A$lcc2461 |    00000A1B  C$main.c$
     00000A1E  A$lcc2461 |    00000A1F  A$lcc2461 |    00000A21  A$lcc2461
     00000A24  A$lcc2461 |    00000A25  A$lcc2461 |    00000A26  A$lcc2461
     00000A29  A$lcc2461 |    00000A2B  A$lcc2461 |    00000A2C  A$lcc2461
     00000A2D  A$lcc2461 |    00000A2E  A$lcc2461 |    00000A30  A$lcc2461
     00000A30  C$main.c$ |    00000A33  A$lcc2461 |    00000A34  A$lcc2461
     00000A35  A$lcc2461 |    00000A36  A$lcc2461 |    00000A36  C$main.c$
     00000A39  A$lcc2461 |    00000A3A  A$lcc2461 |    00000A3C  A$lcc2461
     00000A3C  C$main.c$ |    00000A3F  A$lcc2461 |    00000A40  A$lcc2461
     00000A41  A$lcc2461 |    00000A42  A$lcc2461 |    00000A43  A$lcc2461
     00000A46  A$lcc2461 |    00000A47  A$lcc2461 |    00000A48  A$lcc2461
     00000A49  A$lcc2461 |    00000A4C  A$lcc2461 |    00000A4E  A$lcc2461
     00000A4F  A$lcc2461 |    00000A52  A$lcc2461 |    00000A53  A$lcc2461
     00000A54  A$lcc2461 |    00000A55  A$lcc2461 |    00000A58  A$lcc2461
     00000A59  A$lcc2461 |    00000A5A  A$lcc2461 |    00000A5B  A$lcc2461
     00000A5E  A$lcc2461 |    00000A60  A$lcc2461 |    00000A62  A$lcc2461
     00000A63  A$lcc2461 |    00000A64  A$lcc2461 |    00000A65  A$lcc2461
     00000A66  A$lcc2461 |    00000A68  A$lcc2461 |    00000A69  A$lcc2461
     00000A6C  A$lcc2461 |    00000A6E  A$lcc2461 |    00000A6E  C$main.c$
     00000A71  A$lcc2461 |    00000A71  C$main.c$ |    00000A74  A$lcc2461
     00000A75  A$lcc2461 |    00000A77  A$lcc2461 |    00000A77  C$main.c$
ASxxxx Linker V03.00 + NoICE + sdld,  page 13.
Hexadecimal  [32-Bits]

Area                       Addr        Size        Decimal Bytes (Attributes)
--------------------       ----        ----        ------- ----- ------------
_CODE                  00000200    0000256F =        9583. bytes (REL,CON)

        Value  Global            Value  Global            Value  Global    
        -----  ------            -----  ------            -----  ------    
     00000A7A  A$lcc2461 |    00000A7C  A$lcc2461 |    00000A7E  A$lcc2461
     00000A7E  C$main.c$ |    00000A81  A$lcc2461 |    00000A82  A$lcc2461
     00000A83  A$lcc2461 |    00000A84  A$lcc2461 |    00000A85  A$lcc2461
     00000A88  A$lcc2461 |    00000A89  A$lcc2461 |    00000A8A  A$lcc2461
     00000A8B  A$lcc2461 |    00000A8B  C$main.c$ |    00000A8E  A$lcc2461
     00000A8E  C$main.c$ |    00000A91  A$lcc2461 |    00000A93  A$lcc2461
     00000A95  A$lcc2461 |    00000A95  C$main.c$ |    00000A98  A$lcc2461
     00000A99  A$lcc2461 |    00000A9A  A$lcc2461 |    00000A9B  A$lcc2461
     00000A9B  C$main.c$ |    00000A9E  A$lcc2461 |    00000A9F  A$lcc2461
     00000AA0  A$lcc2461 |    00000AA1  A$lcc2461 |    00000AA1  C$main.c$
     00000AA4  A$lcc2461 |    00000AA5  A$lcc2461 |    00000AA6  A$lcc2461
     00000AA7  A$lcc2461 |    00000AA7  C$main.c$ |    00000AAA  A$lcc2461
     00000AAB  A$lcc2461 |    00000AAC  A$lcc2461 |    00000AAD  A$lcc2461
     00000AAD  C$main.c$ |    00000AB0  A$lcc2461 |    00000AB1  A$lcc2461
     00000AB3  A$lcc2461 |    00000AB3  C$main.c$ |    00000AB6  A$lcc2461
     00000AB8  A$lcc2461 |    00000ABA  A$lcc2461 |    00000ABA  C$main.c$
     00000ABD  A$lcc2461 |    00000ABE  A$lcc2461 |    00000ABF  A$lcc2461
     00000AC0  A$lcc2461 |    00000AC1  A$lcc2461 |    00000AC4  A$lcc2461
     00000AC5  A$lcc2461 |    00000AC6  A$lcc2461 |    00000AC7  A$lcc2461
     00000AC7  C$main.c$ |    00000ACA  A$lcc2461 |    00000ACA  C$main.c$
     00000ACD  A$lcc2461 |    00000ACE  A$lcc2461 |    00000AD0  A$lcc2461
     00000AD3  A$lcc2461 |    00000AD4  A$lcc2461 |    00000AD5  A$lcc2461
     00000AD8  A$lcc2461 |    00000ADA  A$lcc2461 |    00000ADB  A$lcc2461
     00000ADC  A$lcc2461 |    00000ADE  A$lcc2461 |    00000ADE  C$main.c$
     00000AE1  A$lcc2461 |    00000AE2  A$lcc2461 |    00000AE3  A$lcc2461
     00000AE4  A$lcc2461 |    00000AE4  C$main.c$ |    00000AE7  A$lcc2461
     00000AE8  A$lcc2461 |    00000AE9  A$lcc2461 |    00000AEA  A$lcc2461
     00000AEA  C$main.c$ |    00000AED  A$lcc2461 |    00000AEE  A$lcc2461
     00000AEF  A$lcc2461 |    00000AEF  C$main.c$ |    00000AEF  XG$scroll
     00000AF0  A$lcc2461 |    00000AF0  C$main.c$ |    00000AF0  C$main.c$
     00000AF0  G$pause_g |    00000AF0  _pause_ga |    00000AF3  A$lcc2461
     00000AF5  A$lcc2461 |    00000AF5  C$main.c$ |    00000AF8  A$lcc2461
     00000AF9  A$lcc2461 |    00000AFC  A$lcc2461 |    00000AFD  A$lcc2461
     00000B00  A$lcc2461 |    00000B01  A$lcc2461 |    00000B02  A$lcc2461
     00000B03  A$lcc2461 |    00000B03  C$main.c$ |    00000B06  A$lcc2461
     00000B07  A$lcc2461 |    00000B08  A$lcc2461 |    00000B09  A$lcc2461
     00000B09  C$main.c$ |    00000B0B  A$lcc2461 |    00000B0C  A$lcc2461
     00000B0D  A$lcc2461 |    00000B10  A$lcc2461 |    00000B11  A$lcc2461
     00000B12  A$lcc2461 |    00000B13  A$lcc2461 |    00000B14  A$lcc2461
     00000B17  A$lcc2461 |    00000B19  A$lcc2461 |    00000B19  C$main.c$
     00000B1C  A$lcc2461 |    00000B1D  A$lcc2461 |    00000B1F  A$lcc2461
     00000B20  A$lcc2461 |    00000B21  A$lcc2461 |    00000B21  C$main.c$
     00000B22  A$lcc2461 |    00000B22  C$main.c$ |    00000B22  XG$pause_
     00000B24  A$lcc2461 |    00000B24  C$main.c$ |    00000B24  C$main.c$
     00000B24  G$unpause |    00000B24  _unpause_ |    00000B27  A$lcc2461
     00000B29  A$lcc2461 |    00000B29  C$main.c$ |    00000B2C  A$lcc2461
     00000B2D  A$lcc2461 |    00000B30  A$lcc2461 |    00000B31  A$lcc2461
     00000B34  A$lcc2461 |    00000B35  A$lcc2461 |    00000B36  A$lcc2461
     00000B37  A$lcc2461 |    00000B37  C$main.c$ |    00000B39  A$lcc2461
     00000B3A  A$lcc2461 |    00000B3B  A$lcc2461 |    00000B3C  A$lcc2461
     00000B3C  C$main.c$ |    00000B3D  A$lcc2461 |    00000B3E  A$lcc2461
ASxxxx Linker V03.00 + NoICE + sdld,  page 14.
Hexadecimal  [32-Bits]

Area                       Addr        Size        Decimal Bytes (Attributes)
--------------------       ----        ----        ------- ----- ------------
_CODE                  00000200    0000256F =        9583. bytes (REL,CON)

        Value  Global            Value  Global            Value  Global    
        -----  ------            -----  ------            -----  ------    
     00000B3F  A$lcc2461 |    00000B42  A$lcc2461 |    00000B43  A$lcc2461
     00000B44  A$lcc2461 |    00000B45  A$lcc2461 |    00000B46  A$lcc2461
     00000B49  A$lcc2461 |    00000B4B  A$lcc2461 |    00000B4B  C$main.c$
     00000B4E  A$lcc2461 |    00000B4F  A$lcc2461 |    00000B51  A$lcc2461
     00000B52  A$lcc2461 |    00000B53  A$lcc2461 |    00000B53  C$main.c$
     00000B54  A$lcc2461 |    00000B54  C$main.c$ |    00000B54  XG$unpaus
     00000B56  A$lcc2461 |    00000B56  C$main.c$ |    00000B56  G$drain_t
     00000B56  _drain_ti |    00000B57  A$lcc2461 |    00000B58  A$lcc2461
     00000B58  C$main.c$ |    00000B5B  A$lcc2461 |    00000B5C  A$lcc2461
     00000B5E  A$lcc2461 |    00000B5F  A$lcc2461 |    00000B61  A$lcc2461
     00000B63  A$lcc2461 |    00000B64  A$lcc2461 |    00000B64  C$main.c$
     00000B65  A$lcc2461 |    00000B66  A$lcc2461 |    00000B68  A$lcc2461
     00000B6A  A$lcc2461 |    00000B6D  A$lcc2461 |    00000B6E  A$lcc2461
     00000B70  A$lcc2461 |    00000B72  A$lcc2461 |    00000B74  A$lcc2461
     00000B76  A$lcc2461 |    00000B78  A$lcc2461 |    00000B7A  A$lcc2461
     00000B7B  A$lcc2461 |    00000B7B  C$main.c$ |    00000B7D  A$lcc2461
     00000B7E  A$lcc2461 |    00000B80  A$lcc2461 |    00000B81  A$lcc2461
     00000B84  A$lcc2461 |    00000B85  A$lcc2461 |    00000B86  A$lcc2461
     00000B86  C$main.c$ |    00000B89  A$lcc2461 |    00000B8A  A$lcc2461
     00000B8D  A$lcc2461 |    00000B8E  A$lcc2461 |    00000B90  A$lcc2461
     00000B91  A$lcc2461 |    00000B94  A$lcc2461 |    00000B95  A$lcc2461
     00000B96  A$lcc2461 |    00000B97  A$lcc2461 |    00000B98  A$lcc2461
     00000B9B  A$lcc2461 |    00000B9C  A$lcc2461 |    00000B9D  A$lcc2461
     00000B9E  A$lcc2461 |    00000B9F  A$lcc2461 |    00000BA0  A$lcc2461
     00000BA1  A$lcc2461 |    00000BA2  A$lcc2461 |    00000BA5  A$lcc2461
     00000BA6  A$lcc2461 |    00000BA7  A$lcc2461 |    00000BA7  C$main.c$
     00000BA9  A$lcc2461 |    00000BAA  A$lcc2461 |    00000BAC  A$lcc2461
     00000BAE  A$lcc2461 |    00000BAF  A$lcc2461 |    00000BB1  A$lcc2461
     00000BB2  A$lcc2461 |    00000BB3  A$lcc2461 |    00000BB5  A$lcc2461
     00000BB6  A$lcc2461 |    00000BB7  A$lcc2461 |    00000BB9  A$lcc2461
     00000BBA  A$lcc2461 |    00000BBB  A$lcc2461 |    00000BBD  A$lcc2461
     00000BBD  C$main.c$ |    00000BBF  A$lcc2461 |    00000BC0  A$lcc2461
     00000BC2  A$lcc2461 |    00000BC3  A$lcc2461 |    00000BC5  A$lcc2461
     00000BC6  A$lcc2461 |    00000BC7  A$lcc2461 |    00000BC8  A$lcc2461
     00000BC9  A$lcc2461 |    00000BCC  A$lcc2461 |    00000BCE  A$lcc2461
     00000BCE  C$main.c$ |    00000BD1  A$lcc2461 |    00000BD2  A$lcc2461
     00000BD2  C$main.c$ |    00000BD5  A$lcc2461 |    00000BD6  A$lcc2461
     00000BD8  A$lcc2461 |    00000BD9  A$lcc2461 |    00000BDA  A$lcc2461
     00000BDC  A$lcc2461 |    00000BDD  A$lcc2461 |    00000BDD  C$main.c$
     00000BE0  A$lcc2461 |    00000BE0  C$main.c$ |    00000BE3  A$lcc2461
     00000BE4  A$lcc2461 |    00000BE6  A$lcc2461 |    00000BE7  A$lcc2461
     00000BE8  A$lcc2461 |    00000BE8  C$main.c$ |    00000BEA  A$lcc2461
     00000BEB  A$lcc2461 |    00000BED  A$lcc2461 |    00000BEF  A$lcc2461
     00000BEF  C$main.c$ |    00000BF2  A$lcc2461 |    00000BF4  A$lcc2461
     00000BF4  C$main.c$ |    00000BF7  A$lcc2461 |    00000BF9  A$lcc2461
     00000BFA  A$lcc2461 |    00000BFB  A$lcc2461 |    00000BFB  C$main.c$
     00000BFB  XG$drain_ |    00000BFC  A$lcc2461 |    00000BFC  C$main.c$
     00000BFC  G$reload_ |    00000BFC  _reload_t |    00000BFD  A$lcc2461
     00000BFE  A$lcc2461 |    00000BFE  C$main.c$ |    00000C01  A$lcc2461
     00000C02  A$lcc2461 |    00000C04  A$lcc2461 |    00000C05  A$lcc2461
     00000C07  A$lcc2461 |    00000C09  A$lcc2461 |    00000C0A  A$lcc2461
ASxxxx Linker V03.00 + NoICE + sdld,  page 15.
Hexadecimal  [32-Bits]

Area                       Addr        Size        Decimal Bytes (Attributes)
--------------------       ----        ----        ------- ----- ------------
_CODE                  00000200    0000256F =        9583. bytes (REL,CON)

        Value  Global            Value  Global            Value  Global    
        -----  ------            -----  ------            -----  ------    
     00000C0A  C$main.c$ |    00000C0B  A$lcc2461 |    00000C0C  A$lcc2461
     00000C0E  A$lcc2461 |    00000C10  A$lcc2461 |    00000C13  A$lcc2461
     00000C14  A$lcc2461 |    00000C16  A$lcc2461 |    00000C18  A$lcc2461
     00000C1A  A$lcc2461 |    00000C1C  A$lcc2461 |    00000C1E  A$lcc2461
     00000C20  A$lcc2461 |    00000C20  C$main.c$ |    00000C22  A$lcc2461
     00000C23  A$lcc2461 |    00000C24  A$lcc2461 |    00000C26  A$lcc2461
     00000C27  A$lcc2461 |    00000C2A  A$lcc2461 |    00000C2B  A$lcc2461
     00000C2C  A$lcc2461 |    00000C2C  C$main.c$ |    00000C2F  A$lcc2461
     00000C30  A$lcc2461 |    00000C33  A$lcc2461 |    00000C34  A$lcc2461
     00000C36  A$lcc2461 |    00000C36  C$main.c$ |    00000C37  A$lcc2461
     00000C38  A$lcc2461 |    00000C39  A$lcc2461 |    00000C3B  A$lcc2461
     00000C3D  A$lcc2461 |    00000C3E  A$lcc2461 |    00000C3F  A$lcc2461
     00000C40  A$lcc2461 |    00000C41  A$lcc2461 |    00000C42  A$lcc2461
     00000C43  A$lcc2461 |    00000C45  A$lcc2461 |    00000C46  A$lcc2461
     00000C47  A$lcc2461 |    00000C49  A$lcc2461 |    00000C4A  A$lcc2461
     00000C4B  A$lcc2461 |    00000C4D  A$lcc2461 |    00000C4D  C$main.c$
     00000C4F  A$lcc2461 |    00000C50  A$lcc2461 |    00000C52  A$lcc2461
     00000C53  A$lcc2461 |    00000C54  A$lcc2461 |    00000C56  A$lcc2461
     00000C57  A$lcc2461 |    00000C58  A$lcc2461 |    00000C59  A$lcc2461
     00000C5A  A$lcc2461 |    00000C5D  A$lcc2461 |    00000C5F  A$lcc2461
     00000C5F  C$main.c$ |    00000C62  A$lcc2461 |    00000C63  A$lcc2461
     00000C63  C$main.c$ |    00000C65  A$lcc2461 |    00000C66  A$lcc2461
     00000C68  A$lcc2461 |    00000C6A  A$lcc2461 |    00000C6A  C$main.c$
     00000C6D  A$lcc2461 |    00000C6D  C$main.c$ |    00000C70  A$lcc2461
     00000C70  C$main.c$ |    00000C73  A$lcc2461 |    00000C75  A$lcc2461
     00000C76  A$lcc2461 |    00000C77  A$lcc2461 |    00000C77  C$main.c$
     00000C77  XG$reload |    00000C78  A$lcc2461 |    00000C78  C$main.c$
     00000C78  G$win_che |    00000C78  _win_chec |    00000C7A  A$lcc2461
     00000C7A  C$main.c$ |    00000C7C  A$lcc2461 |    00000C7D  A$lcc2461
     00000C7F  A$lcc2461 |    00000C80  A$lcc2461 |    00000C81  A$lcc2461
     00000C82  A$lcc2461 |    00000C83  A$lcc2461 |    00000C84  A$lcc2461
     00000C85  A$lcc2461 |    00000C88  A$lcc2461 |    00000C89  A$lcc2461
     00000C8A  A$lcc2461 |    00000C8B  A$lcc2461 |    00000C8D  A$lcc2461
     00000C8E  A$lcc2461 |    00000C8F  A$lcc2461 |    00000C90  A$lcc2461
     00000C92  A$lcc2461 |    00000C93  A$lcc2461 |    00000C94  A$lcc2461
     00000C95  A$lcc2461 |    00000C96  A$lcc2461 |    00000C98  A$lcc2461
     00000C9A  A$lcc2461 |    00000C9B  A$lcc2461 |    00000C9C  A$lcc2461
     00000C9D  A$lcc2461 |    00000C9E  A$lcc2461 |    00000C9F  A$lcc2461
     00000CA0  A$lcc2461 |    00000CA3  A$lcc2461 |    00000CA4  A$lcc2461
     00000CA5  A$lcc2461 |    00000CA6  A$lcc2461 |    00000CA7  A$lcc2461
     00000CA8  A$lcc2461 |    00000CA9  A$lcc2461 |    00000CAB  A$lcc2461
     00000CAD  A$lcc2461 |    00000CAE  A$lcc2461 |    00000CB0  A$lcc2461
     00000CB1  A$lcc2461 |    00000CB3  A$lcc2461 |    00000CB4  A$lcc2461
     00000CB6  A$lcc2461 |    00000CB7  A$lcc2461 |    00000CB9  A$lcc2461
     00000CBA  A$lcc2461 |    00000CBC  A$lcc2461 |    00000CBC  C$main.c$
     00000CBE  A$lcc2461 |    00000CBF  A$lcc2461 |    00000CC1  A$lcc2461
     00000CC2  A$lcc2461 |    00000CC3  A$lcc2461 |    00000CC4  A$lcc2461
     00000CC5  A$lcc2461 |    00000CC6  A$lcc2461 |    00000CC7  A$lcc2461
     00000CCA  A$lcc2461 |    00000CCB  A$lcc2461 |    00000CCC  A$lcc2461
     00000CCD  A$lcc2461 |    00000CCF  A$lcc2461 |    00000CD0  A$lcc2461
     00000CD1  A$lcc2461 |    00000CD2  A$lcc2461 |    00000CD4  A$lcc2461
ASxxxx Linker V03.00 + NoICE + sdld,  page 16.
Hexadecimal  [32-Bits]

Area                       Addr        Size        Decimal Bytes (Attributes)
--------------------       ----        ----        ------- ----- ------------
_CODE                  00000200    0000256F =        9583. bytes (REL,CON)

        Value  Global            Value  Global            Value  Global    
        -----  ------            -----  ------            -----  ------    
     00000CD5  A$lcc2461 |    00000CD6  A$lcc2461 |    00000CD7  A$lcc2461
     00000CD8  A$lcc2461 |    00000CDA  A$lcc2461 |    00000CDC  A$lcc2461
     00000CDE  A$lcc2461 |    00000CDF  A$lcc2461 |    00000CE0  A$lcc2461
     00000CE1  A$lcc2461 |    00000CE4  A$lcc2461 |    00000CE5  A$lcc2461
     00000CE6  A$lcc2461 |    00000CE7  A$lcc2461 |    00000CE9  A$lcc2461
     00000CEB  A$lcc2461 |    00000CED  A$lcc2461 |    00000CEF  A$lcc2461
     00000CF1  A$lcc2461 |    00000CF3  A$lcc2461 |    00000CF3  C$main.c$
     00000CF5  A$lcc2461 |    00000CF6  A$lcc2461 |    00000CF7  A$lcc2461
     00000CF8  A$lcc2461 |    00000CFB  A$lcc2461 |    00000CFC  A$lcc2461
     00000CFD  A$lcc2461 |    00000CFE  A$lcc2461 |    00000D00  A$lcc2461
     00000D01  A$lcc2461 |    00000D02  A$lcc2461 |    00000D03  A$lcc2461
     00000D05  A$lcc2461 |    00000D06  A$lcc2461 |    00000D07  A$lcc2461
     00000D08  A$lcc2461 |    00000D09  A$lcc2461 |    00000D0A  A$lcc2461
     00000D0B  A$lcc2461 |    00000D0C  A$lcc2461 |    00000D0D  A$lcc2461
     00000D0F  A$lcc2461 |    00000D11  A$lcc2461 |    00000D12  A$lcc2461
     00000D13  A$lcc2461 |    00000D14  A$lcc2461 |    00000D15  A$lcc2461
     00000D16  A$lcc2461 |    00000D17  A$lcc2461 |    00000D1A  A$lcc2461
     00000D1B  A$lcc2461 |    00000D1C  A$lcc2461 |    00000D1D  A$lcc2461
     00000D1F  A$lcc2461 |    00000D20  A$lcc2461 |    00000D21  A$lcc2461
     00000D22  A$lcc2461 |    00000D24  A$lcc2461 |    00000D25  A$lcc2461
     00000D27  A$lcc2461 |    00000D28  A$lcc2461 |    00000D29  A$lcc2461
     00000D2A  A$lcc2461 |    00000D2C  A$lcc2461 |    00000D2E  A$lcc2461
     00000D30  A$lcc2461 |    00000D32  A$lcc2461 |    00000D34  A$lcc2461
     00000D36  A$lcc2461 |    00000D36  C$main.c$ |    00000D38  A$lcc2461
     00000D39  A$lcc2461 |    00000D3B  A$lcc2461 |    00000D3C  A$lcc2461
     00000D3E  A$lcc2461 |    00000D3F  A$lcc2461 |    00000D41  A$lcc2461
     00000D42  A$lcc2461 |    00000D44  A$lcc2461 |    00000D46  A$lcc2461
     00000D48  A$lcc2461 |    00000D49  A$lcc2461 |    00000D4B  A$lcc2461
     00000D4C  A$lcc2461 |    00000D4E  A$lcc2461 |    00000D4F  A$lcc2461
     00000D50  A$lcc2461 |    00000D51  A$lcc2461 |    00000D52  A$lcc2461
     00000D53  A$lcc2461 |    00000D54  A$lcc2461 |    00000D54  C$main.c$
     00000D56  A$lcc2461 |    00000D57  A$lcc2461 |    00000D58  A$lcc2461
     00000D59  A$lcc2461 |    00000D5A  A$lcc2461 |    00000D5B  A$lcc2461
     00000D5C  A$lcc2461 |    00000D5C  C$main.c$ |    00000D5F  A$lcc2461
     00000D60  A$lcc2461 |    00000D61  A$lcc2461 |    00000D63  A$lcc2461
     00000D64  A$lcc2461 |    00000D67  A$lcc2461 |    00000D68  A$lcc2461
     00000D69  A$lcc2461 |    00000D6A  A$lcc2461 |    00000D6C  A$lcc2461
     00000D6D  A$lcc2461 |    00000D6E  A$lcc2461 |    00000D70  A$lcc2461
     00000D71  A$lcc2461 |    00000D72  A$lcc2461 |    00000D74  A$lcc2461
     00000D74  C$main.c$ |    00000D77  A$lcc2461 |    00000D78  A$lcc2461
     00000D7B  A$lcc2461 |    00000D7C  A$lcc2461 |    00000D7F  A$lcc2461
     00000D80  A$lcc2461 |    00000D83  A$lcc2461 |    00000D85  A$lcc2461
     00000D85  C$main.c$ |    00000D88  A$lcc2461 |    00000D8A  A$lcc2461
     00000D8D  A$lcc2461 |    00000D8E  A$lcc2461 |    00000D8F  A$lcc2461
     00000D90  A$lcc2461 |    00000D93  A$lcc2461 |    00000D94  A$lcc2461
     00000D95  A$lcc2461 |    00000D96  A$lcc2461 |    00000D97  A$lcc2461
     00000D98  A$lcc2461 |    00000D99  A$lcc2461 |    00000D9C  A$lcc2461
     00000D9D  A$lcc2461 |    00000D9D  C$main.c$ |    00000DA0  A$lcc2461
     00000DA0  C$main.c$ |    00000DA2  A$lcc2461 |    00000DA3  A$lcc2461
     00000DA5  A$lcc2461 |    00000DA7  A$lcc2461 |    00000DA8  A$lcc2461
     00000DAA  A$lcc2461 |    00000DAC  A$lcc2461 |    00000DAC  C$main.c$
ASxxxx Linker V03.00 + NoICE + sdld,  page 17.
Hexadecimal  [32-Bits]

Area                       Addr        Size        Decimal Bytes (Attributes)
--------------------       ----        ----        ------- ----- ------------
_CODE                  00000200    0000256F =        9583. bytes (REL,CON)

        Value  Global            Value  Global            Value  Global    
        -----  ------            -----  ------            -----  ------    
     00000DAF  A$lcc2461 |    00000DB0  A$lcc2461 |    00000DB3  A$lcc2461
     00000DB4  A$lcc2461 |    00000DB7  A$lcc2461 |    00000DB8  A$lcc2461
     00000DBB  A$lcc2461 |    00000DBD  A$lcc2461 |    00000DBD  C$main.c$
     00000DC0  A$lcc2461 |    00000DC1  A$lcc2461 |    00000DC2  A$lcc2461
     00000DC4  A$lcc2461 |    00000DC4  C$main.c$ |    00000DC7  A$lcc2461
     00000DC8  A$lcc2461 |    00000DCA  A$lcc2461 |    00000DCB  A$lcc2461
     00000DCC  A$lcc2461 |    00000DCE  A$lcc2461 |    00000DCF  A$lcc2461
     00000DCF  C$main.c$ |    00000DD0  A$lcc2461 |    00000DD3  A$lcc2461
     00000DD4  A$lcc2461 |    00000DD4  C$main.c$ |    00000DD5  A$lcc2461
     00000DD6  A$lcc2461 |    00000DD6  C$main.c$ |    00000DD9  A$lcc2461
     00000DDB  A$lcc2461 |    00000DDE  A$lcc2461 |    00000DDF  A$lcc2461
     00000DE0  A$lcc2461 |    00000DE1  A$lcc2461 |    00000DE4  A$lcc2461
     00000DE5  A$lcc2461 |    00000DE6  A$lcc2461 |    00000DE7  A$lcc2461
     00000DE8  A$lcc2461 |    00000DE9  A$lcc2461 |    00000DEA  A$lcc2461
     00000DED  A$lcc2461 |    00000DEE  A$lcc2461 |    00000DEE  C$main.c$
     00000DF1  A$lcc2461 |    00000DF1  C$main.c$ |    00000DF3  A$lcc2461
     00000DF4  A$lcc2461 |    00000DF6  A$lcc2461 |    00000DF8  A$lcc2461
     00000DF9  A$lcc2461 |    00000DFB  A$lcc2461 |    00000DFD  A$lcc2461
     00000DFD  C$main.c$ |    00000E00  A$lcc2461 |    00000E01  A$lcc2461
     00000E04  A$lcc2461 |    00000E05  A$lcc2461 |    00000E08  A$lcc2461
     00000E09  A$lcc2461 |    00000E0C  A$lcc2461 |    00000E0E  A$lcc2461
     00000E0E  C$main.c$ |    00000E11  A$lcc2461 |    00000E12  A$lcc2461
     00000E13  A$lcc2461 |    00000E15  A$lcc2461 |    00000E15  C$main.c$
     00000E18  A$lcc2461 |    00000E19  A$lcc2461 |    00000E1B  A$lcc2461
     00000E1C  A$lcc2461 |    00000E1D  A$lcc2461 |    00000E1F  A$lcc2461
     00000E20  A$lcc2461 |    00000E20  C$main.c$ |    00000E21  A$lcc2461
     00000E24  A$lcc2461 |    00000E25  A$lcc2461 |    00000E25  C$main.c$
     00000E26  A$lcc2461 |    00000E27  A$lcc2461 |    00000E27  C$main.c$
     00000E2A  A$lcc2461 |    00000E2C  A$lcc2461 |    00000E2F  A$lcc2461
     00000E30  A$lcc2461 |    00000E31  A$lcc2461 |    00000E32  A$lcc2461
     00000E35  A$lcc2461 |    00000E36  A$lcc2461 |    00000E37  A$lcc2461
     00000E38  A$lcc2461 |    00000E39  A$lcc2461 |    00000E3A  A$lcc2461
     00000E3B  A$lcc2461 |    00000E3E  A$lcc2461 |    00000E3F  A$lcc2461
     00000E3F  C$main.c$ |    00000E42  A$lcc2461 |    00000E42  C$main.c$
     00000E44  A$lcc2461 |    00000E45  A$lcc2461 |    00000E47  A$lcc2461
     00000E49  A$lcc2461 |    00000E4A  A$lcc2461 |    00000E4C  A$lcc2461
     00000E4E  A$lcc2461 |    00000E4E  C$main.c$ |    00000E51  A$lcc2461
     00000E52  A$lcc2461 |    00000E55  A$lcc2461 |    00000E56  A$lcc2461
     00000E59  A$lcc2461 |    00000E5A  A$lcc2461 |    00000E5D  A$lcc2461
     00000E5F  A$lcc2461 |    00000E5F  C$main.c$ |    00000E62  A$lcc2461
     00000E63  A$lcc2461 |    00000E64  A$lcc2461 |    00000E66  A$lcc2461
     00000E66  C$main.c$ |    00000E69  A$lcc2461 |    00000E6A  A$lcc2461
     00000E6C  A$lcc2461 |    00000E6D  A$lcc2461 |    00000E6E  A$lcc2461
     00000E70  A$lcc2461 |    00000E71  A$lcc2461 |    00000E71  C$main.c$
     00000E72  A$lcc2461 |    00000E75  A$lcc2461 |    00000E76  A$lcc2461
     00000E76  C$main.c$ |    00000E77  A$lcc2461 |    00000E78  A$lcc2461
     00000E78  C$main.c$ |    00000E7B  A$lcc2461 |    00000E7D  A$lcc2461
     00000E80  A$lcc2461 |    00000E81  A$lcc2461 |    00000E82  A$lcc2461
     00000E83  A$lcc2461 |    00000E86  A$lcc2461 |    00000E87  A$lcc2461
     00000E88  A$lcc2461 |    00000E89  A$lcc2461 |    00000E8A  A$lcc2461
     00000E8B  A$lcc2461 |    00000E8C  A$lcc2461 |    00000E8F  A$lcc2461
ASxxxx Linker V03.00 + NoICE + sdld,  page 18.
Hexadecimal  [32-Bits]

Area                       Addr        Size        Decimal Bytes (Attributes)
--------------------       ----        ----        ------- ----- ------------
_CODE                  00000200    0000256F =        9583. bytes (REL,CON)

        Value  Global            Value  Global            Value  Global    
        -----  ------            -----  ------            -----  ------    
     00000E90  A$lcc2461 |    00000E90  C$main.c$ |    00000E92  A$lcc2461
     00000E92  C$main.c$ |    00000E94  A$lcc2461 |    00000E95  A$lcc2461
     00000E97  A$lcc2461 |    00000E99  A$lcc2461 |    00000E9A  A$lcc2461
     00000E9C  A$lcc2461 |    00000E9E  A$lcc2461 |    00000E9E  C$main.c$
     00000EA1  A$lcc2461 |    00000EA2  A$lcc2461 |    00000EA5  A$lcc2461
     00000EA6  A$lcc2461 |    00000EA9  A$lcc2461 |    00000EAA  A$lcc2461
     00000EAD  A$lcc2461 |    00000EAF  A$lcc2461 |    00000EAF  C$main.c$
     00000EB2  A$lcc2461 |    00000EB3  A$lcc2461 |    00000EB4  A$lcc2461
     00000EB6  A$lcc2461 |    00000EB6  C$main.c$ |    00000EB9  A$lcc2461
     00000EBA  A$lcc2461 |    00000EBC  A$lcc2461 |    00000EBD  A$lcc2461
     00000EBE  A$lcc2461 |    00000EC0  A$lcc2461 |    00000EC1  A$lcc2461
     00000EC1  C$main.c$ |    00000EC2  A$lcc2461 |    00000EC5  A$lcc2461
     00000EC6  A$lcc2461 |    00000EC6  C$main.c$ |    00000EC7  A$lcc2461
     00000EC8  A$lcc2461 |    00000EC8  C$main.c$ |    00000ECB  A$lcc2461
     00000ECD  A$lcc2461 |    00000ED0  A$lcc2461 |    00000ED1  A$lcc2461
     00000ED2  A$lcc2461 |    00000ED3  A$lcc2461 |    00000ED6  A$lcc2461
     00000ED7  A$lcc2461 |    00000ED8  A$lcc2461 |    00000ED9  A$lcc2461
     00000EDA  A$lcc2461 |    00000EDB  A$lcc2461 |    00000EDC  A$lcc2461
     00000EDF  A$lcc2461 |    00000EE0  A$lcc2461 |    00000EE0  C$main.c$
     00000EE2  A$lcc2461 |    00000EE2  C$main.c$ |    00000EE5  A$lcc2461
     00000EE7  A$lcc2461 |    00000EE7  C$main.c$ |    00000EE7  XG$win_ch
     00000EE8  A$lcc2461 |    00000EE8  C$main.c$ |    00000EE8  G$collide
     00000EE8  _collide_ |    00000EEA  A$lcc2461 |    00000EEA  C$main.c$
     00000EED  A$lcc2461 |    00000EEE  A$lcc2461 |    00000EEF  A$lcc2461
     00000EF1  A$lcc2461 |    00000EF3  A$lcc2461 |    00000EF3  C$main.c$
     00000EF4  A$lcc2461 |    00000EF5  A$lcc2461 |    00000EF7  A$lcc2461
     00000EF8  A$lcc2461 |    00000EF8  C$main.c$ |    00000EFB  A$lcc2461
     00000EFD  A$lcc2461 |    00000EFE  A$lcc2461 |    00000EFE  C$main.c$
     00000F00  A$lcc2461 |    00000F01  A$lcc2461 |    00000F01  C$main.c$
     00000F03  A$lcc2461 |    00000F04  A$lcc2461 |    00000F05  A$lcc2461
     00000F06  A$lcc2461 |    00000F07  A$lcc2461 |    00000F0A  A$lcc2461
     00000F0B  A$lcc2461 |    00000F0C  A$lcc2461 |    00000F0D  A$lcc2461
     00000F0E  A$lcc2461 |    00000F0F  A$lcc2461 |    00000F10  A$lcc2461
     00000F11  A$lcc2461 |    00000F12  A$lcc2461 |    00000F15  A$lcc2461
     00000F16  A$lcc2461 |    00000F17  A$lcc2461 |    00000F18  A$lcc2461
     00000F1A  A$lcc2461 |    00000F1B  A$lcc2461 |    00000F1C  A$lcc2461
     00000F1D  A$lcc2461 |    00000F1F  A$lcc2461 |    00000F20  A$lcc2461
     00000F21  A$lcc2461 |    00000F22  A$lcc2461 |    00000F24  A$lcc2461
     00000F26  A$lcc2461 |    00000F27  A$lcc2461 |    00000F28  A$lcc2461
     00000F29  A$lcc2461 |    00000F2B  A$lcc2461 |    00000F2E  A$lcc2461
     00000F2F  A$lcc2461 |    00000F30  A$lcc2461 |    00000F31  A$lcc2461
     00000F34  A$lcc2461 |    00000F35  A$lcc2461 |    00000F36  A$lcc2461
     00000F37  A$lcc2461 |    00000F39  A$lcc2461 |    00000F3A  A$lcc2461
     00000F3B  A$lcc2461 |    00000F3D  A$lcc2461 |    00000F3E  A$lcc2461
     00000F3F  A$lcc2461 |    00000F40  A$lcc2461 |    00000F42  A$lcc2461
     00000F43  A$lcc2461 |    00000F44  A$lcc2461 |    00000F45  A$lcc2461
     00000F46  A$lcc2461 |    00000F48  A$lcc2461 |    00000F49  A$lcc2461
     00000F4A  A$lcc2461 |    00000F4B  A$lcc2461 |    00000F4C  A$lcc2461
     00000F4E  A$lcc2461 |    00000F4F  A$lcc2461 |    00000F50  A$lcc2461
     00000F51  A$lcc2461 |    00000F52  A$lcc2461 |    00000F54  A$lcc2461
     00000F55  A$lcc2461 |    00000F56  A$lcc2461 |    00000F57  A$lcc2461
ASxxxx Linker V03.00 + NoICE + sdld,  page 19.
Hexadecimal  [32-Bits]

Area                       Addr        Size        Decimal Bytes (Attributes)
--------------------       ----        ----        ------- ----- ------------
_CODE                  00000200    0000256F =        9583. bytes (REL,CON)

        Value  Global            Value  Global            Value  Global    
        -----  ------            -----  ------            -----  ------    
     00000F58  A$lcc2461 |    00000F59  A$lcc2461 |    00000F5B  A$lcc2461
     00000F5C  A$lcc2461 |    00000F5D  A$lcc2461 |    00000F5E  A$lcc2461
     00000F5F  A$lcc2461 |    00000F60  A$lcc2461 |    00000F63  A$lcc2461
     00000F65  A$lcc2461 |    00000F66  A$lcc2461 |    00000F68  A$lcc2461
     00000F68  C$main.c$ |    00000F6B  A$lcc2461 |    00000F6D  A$lcc2461
     00000F6D  C$main.c$ |    00000F70  A$lcc2461 |    00000F72  A$lcc2461
     00000F75  A$lcc2461 |    00000F76  A$lcc2461 |    00000F77  A$lcc2461
     00000F78  A$lcc2461 |    00000F7B  A$lcc2461 |    00000F7C  A$lcc2461
     00000F7D  A$lcc2461 |    00000F7E  A$lcc2461 |    00000F80  A$lcc2461
     00000F81  A$lcc2461 |    00000F82  A$lcc2461 |    00000F85  A$lcc2461
     00000F86  A$lcc2461 |    00000F86  C$main.c$ |    00000F88  A$lcc2461
     00000F88  C$main.c$ |    00000F88  XG$collid |    00000F89  A$lcc2461
     00000F89  C$main.c$ |    00000F89  G$collide |    00000F89  _collide_
     00000F8B  A$lcc2461 |    00000F8B  C$main.c$ |    00000F8E  A$lcc2461
     00000F8F  A$lcc2461 |    00000F90  A$lcc2461 |    00000F91  A$lcc2461
     00000F92  A$lcc2461 |    00000F94  A$lcc2461 |    00000F95  A$lcc2461
     00000F96  A$lcc2461 |    00000F97  A$lcc2461 |    00000F98  A$lcc2461
     00000F9A  A$lcc2461 |    00000F9C  A$lcc2461 |    00000F9C  C$main.c$
     00000F9E  A$lcc2461 |    00000FA0  A$lcc2461 |    00000FA0  C$main.c$
     00000FA2  A$lcc2461 |    00000FA4  A$lcc2461 |    00000FA6  A$lcc2461
     00000FA6  C$main.c$ |    00000FA8  A$lcc2461 |    00000FAA  A$lcc2461
     00000FAA  C$main.c$ |    00000FAC  A$lcc2461 |    00000FAE  A$lcc2461
     00000FAE  C$main.c$ |    00000FB0  A$lcc2461 |    00000FB1  A$lcc2461
     00000FB3  A$lcc2461 |    00000FB4  A$lcc2461 |    00000FB5  A$lcc2461
     00000FB6  A$lcc2461 |    00000FB7  A$lcc2461 |    00000FB8  A$lcc2461
     00000FB9  A$lcc2461 |    00000FBC  A$lcc2461 |    00000FBD  A$lcc2461
     00000FBE  A$lcc2461 |    00000FBF  A$lcc2461 |    00000FC1  A$lcc2461
     00000FC2  A$lcc2461 |    00000FC3  A$lcc2461 |    00000FC4  A$lcc2461
     00000FC6  A$lcc2461 |    00000FC7  A$lcc2461 |    00000FC8  A$lcc2461
     00000FC9  A$lcc2461 |    00000FCA  A$lcc2461 |    00000FCC  A$lcc2461
     00000FCE  A$lcc2461 |    00000FCF  A$lcc2461 |    00000FD0  A$lcc2461
     00000FD1  A$lcc2461 |    00000FD2  A$lcc2461 |    00000FD3  A$lcc2461
     00000FD4  A$lcc2461 |    00000FD7  A$lcc2461 |    00000FD8  A$lcc2461
     00000FD9  A$lcc2461 |    00000FDA  A$lcc2461 |    00000FDC  A$lcc2461
     00000FDE  A$lcc2461 |    00000FE0  A$lcc2461 |    00000FE2  A$lcc2461
     00000FE4  A$lcc2461 |    00000FE6  A$lcc2461 |    00000FE6  C$main.c$
     00000FE9  A$lcc2461 |    00000FEA  A$lcc2461 |    00000FEB  A$lcc2461
     00000FEC  A$lcc2461 |    00000FED  A$lcc2461 |    00000FEE  A$lcc2461
     00000FEF  A$lcc2461 |    00000FF0  A$lcc2461 |    00000FF1  A$lcc2461
     00000FF1  C$main.c$ |    00000FF2  A$lcc2461 |    00000FF4  A$lcc2461
     00000FF5  A$lcc2461 |    00000FF6  A$lcc2461 |    00000FF8  A$lcc2461
     00000FFB  A$lcc2461 |    00000FFD  A$lcc2461 |    00000FFE  A$lcc2461
     00000FFE  C$main.c$ |    00001000  A$lcc2461 |    00001001  A$lcc2461
     00001003  A$lcc2461 |    00001004  A$lcc2461 |    00001006  A$lcc2461
     00001008  A$lcc2461 |    00001009  A$lcc2461 |    0000100B  A$lcc2461
     0000100D  A$lcc2461 |    0000100E  A$lcc2461 |    0000100F  A$lcc2461
     00001010  A$lcc2461 |    00001011  A$lcc2461 |    00001012  A$lcc2461
     00001013  A$lcc2461 |    00001015  A$lcc2461 |    00001016  A$lcc2461
     00001018  A$lcc2461 |    00001019  A$lcc2461 |    0000101A  A$lcc2461
     0000101B  A$lcc2461 |    0000101C  A$lcc2461 |    0000101D  A$lcc2461
     0000101E  A$lcc2461 |    0000101F  A$lcc2461 |    00001020  A$lcc2461
ASxxxx Linker V03.00 + NoICE + sdld,  page 20.
Hexadecimal  [32-Bits]

Area                       Addr        Size        Decimal Bytes (Attributes)
--------------------       ----        ----        ------- ----- ------------
_CODE                  00000200    0000256F =        9583. bytes (REL,CON)

        Value  Global            Value  Global            Value  Global    
        -----  ------            -----  ------            -----  ------    
     00001021  A$lcc2461 |    00001022  A$lcc2461 |    00001024  A$lcc2461
     00001025  A$lcc2461 |    00001027  A$lcc2461 |    00001028  A$lcc2461
     0000102A  A$lcc2461 |    0000102B  A$lcc2461 |    0000102D  A$lcc2461
     0000102E  A$lcc2461 |    00001030  A$lcc2461 |    00001032  A$lcc2461
     00001034  A$lcc2461 |    00001035  A$lcc2461 |    00001036  A$lcc2461
     00001039  A$lcc2461 |    0000103A  A$lcc2461 |    0000103B  A$lcc2461
     0000103C  A$lcc2461 |    0000103E  A$lcc2461 |    0000103F  A$lcc2461
     00001040  A$lcc2461 |    00001041  A$lcc2461 |    00001043  A$lcc2461
     00001044  A$lcc2461 |    00001046  A$lcc2461 |    00001048  A$lcc2461
     00001049  A$lcc2461 |    0000104B  A$lcc2461 |    0000104C  A$lcc2461
     0000104E  A$lcc2461 |    0000104F  A$lcc2461 |    00001051  A$lcc2461
     00001052  A$lcc2461 |    00001054  A$lcc2461 |    00001055  A$lcc2461
     00001057  A$lcc2461 |    00001057  C$main.c$ |    00001059  A$lcc2461
     0000105A  A$lcc2461 |    0000105B  A$lcc2461 |    0000105D  A$lcc2461
     0000105E  A$lcc2461 |    0000105F  A$lcc2461 |    00001060  A$lcc2461
     00001061  A$lcc2461 |    00001062  A$lcc2461 |    00001063  A$lcc2461
     00001065  A$lcc2461 |    00001066  A$lcc2461 |    00001067  A$lcc2461
     00001068  A$lcc2461 |    00001069  A$lcc2461 |    0000106A  A$lcc2461
     0000106B  A$lcc2461 |    0000106D  A$lcc2461 |    0000106E  A$lcc2461
     0000106F  A$lcc2461 |    00001070  A$lcc2461 |    00001072  A$lcc2461
     00001073  A$lcc2461 |    00001074  A$lcc2461 |    00001075  A$lcc2461
     00001076  A$lcc2461 |    00001077  A$lcc2461 |    00001078  A$lcc2461
     00001079  A$lcc2461 |    0000107A  A$lcc2461 |    0000107C  A$lcc2461
     0000107E  A$lcc2461 |    0000107F  A$lcc2461 |    00001080  A$lcc2461
     00001081  A$lcc2461 |    00001082  A$lcc2461 |    00001085  A$lcc2461
     00001086  A$lcc2461 |    00001087  A$lcc2461 |    00001088  A$lcc2461
[...]
        -----  ------            -----  ------            -----  ------    
ASxxxx Linker V03.00 + NoICE + sdld,  page 32.
Hexadecimal  [32-Bits]

Area                       Addr        Size        Decimal Bytes (Attributes)
--------------------       ----        ----        ------- ----- ------------
_HEADER4               00000000    0000004F =          79. bytes (ABS,CON)

        Value  Global            Value  Global            Value  Global    
        -----  ------            -----  ------            -----  ------    
     00000080  .int      |    0000008F  _wait_int |    0000009C  __standar
     000000AC  _refresh_
ASxxxx Linker V03.00 + NoICE + sdld,  page 33.
Hexadecimal  [32-Bits]

Area                       Addr        Size        Decimal Bytes (Attributes)
--------------------       ----        ----        ------- ----- ------------
_HEADER5               00000000    00000002 =           2. bytes (ABS,CON)

        Value  Global            Value  Global            Value  Global    
        -----  ------            -----  ------            -----  ------    
ASxxxx Linker V03.00 + NoICE + sdld,  page 34.
Hexadecimal  [32-Bits]

Area                       Addr        Size        Decimal Bytes (Attributes)
--------------------       ----        ----        ------- ----- ------------
_HEADER6               00000000    00000030 =          48. bytes (ABS,CON)

        Value  Global            Value  Global            Value  Global    
        -----  ------            -----  ------            -----  ------    
ASxxxx Linker V03.00 + NoICE + sdld,  page 35.
Hexadecimal  [32-Bits]

Area                       Addr        Size        Decimal Bytes (Attributes)
--------------------       ----        ----        ------- ----- ------------
_HEADER7               00000000    00000006 =           6. bytes (ABS,CON)

        Value  Global            Value  Global            Value  Global    
        -----  ------            -----  ------            -----  ------    
ASxxxx Linker V03.00 + NoICE + sdld,  page 36.
Hexadecimal  [32-Bits]

Area                       Addr        Size        Decimal Bytes (Attributes)
--------------------       ----        ----        ------- ----- ------------
_HEADER8               00000000    00000003 =           3. bytes (ABS,CON)

        Value  Global            Value  Global            Value  Global    
        -----  ------            -----  ------            -----  ------    
ASxxxx Linker V03.00 + NoICE + sdld,  page 37.
Hexadecimal  [32-Bits]

Area                       Addr        Size        Decimal Bytes (Attributes)
--------------------       ----        ----        ------- ----- ------------
_HEADER9               00000000    00000001 =           1. bytes (ABS,CON)

        Value  Global            Value  Global            Value  Global    
        -----  ------            -----  ------            -----  ------    
ASxxxx Linker V03.00 + NoICE + sdld,  page 38.
Hexadecimal  [32-Bits]

Area                       Addr        Size        Decimal Bytes (Attributes)
--------------------       ----        ----        ------- ----- ------------
_HEADERa               00000000    00000001 =           1. bytes (ABS,CON)

        Value  Global            Value  Global            Value  Global    
        -----  ------            -----  ------            -----  ------    
ASxxxx Linker V03.00 + NoICE + sdld,  page 39.
Hexadecimal  [32-Bits]

Area                       Addr        Size        Decimal Bytes (Attributes)
--------------------       ----        ----        ------- ----- ------------
_HEADERb               00000000    00000001 =           1. bytes (ABS,CON)

        Value  Global            Value  Global            Value  Global    
        -----  ------            -----  ------            -----  ------    
ASxxxx Linker V03.00 + NoICE + sdld,  page 40.
Hexadecimal  [32-Bits]

Area                       Addr        Size        Decimal Bytes (Attributes)
--------------------       ----        ----        ------- ----- ------------
_HEADERc               00000000    00000002 =           2. bytes (ABS,CON)

        Value  Global            Value  Global            Value  Global    
        -----  ------            -----  ------            -----  ------    
ASxxxx Linker V03.00 + NoICE + sdld,  page 41.
Hexadecimal  [32-Bits]

Area                       Addr        Size        Decimal Bytes (Attributes)
--------------------       ----        ----        ------- ----- ------------
_HEADERd               00000000    00000001 =           1. bytes (ABS,CON)

        Value  Global            Value  Global            Value  Global    
        -----  ------            -----  ------            -----  ------    
ASxxxx Linker V03.00 + NoICE + sdld,  page 42.
Hexadecimal  [32-Bits]

Area                       Addr        Size        Decimal Bytes (Attributes)
--------------------       ----        ----        ------- ----- ------------
_HEADERe               00000000    00000001 =           1. bytes (ABS,CON)

        Value  Global            Value  Global            Value  Global    
        -----  ------            -----  ------            -----  ------    
ASxxxx Linker V03.00 + NoICE + sdld,  page 43.
Hexadecimal  [32-Bits]

Area                       Addr        Size        Decimal Bytes (Attributes)
--------------------       ----        ----        ------- ----- ------------
_HEADERf               00000000    00000002 =           2. bytes (ABS,CON)

        Value  Global            Value  Global            Value  Global    
        -----  ------            -----  ------            -----  ------    
ASxxxx Linker V03.00 + NoICE + sdld,  page 44.
Hexadecimal  [32-Bits]

Area                       Addr        Size        Decimal Bytes (Attributes)
--------------------       ----        ----        ------- ----- ------------
_HEADER10              00000000    00000082 =         130. bytes (ABS,CON)

        Value  Global            Value  Global            Value  Global    
        -----  ------            -----  ------            -----  ------    
     00000150  .reset    |    00000150  _reset    |    00000157  .code_sta
     000001B7  _exit     |    000001BB  _set_inte
ASxxxx Linker V03.00 + NoICE + sdld,  page 45.
Hexadecimal  [32-Bits]

Area                       Addr        Size        Decimal Bytes (Attributes)
--------------------       ----        ----        ------- ----- ------------
_HEADER11              00000000    00000001 =           1. bytes (ABS,CON)

        Value  Global            Value  Global            Value  Global    
        -----  ------            -----  ------            -----  ------    
ASxxxx Linker V03.00 + NoICE + sdld,  page 46.
Hexadecimal  [32-Bits]

Area                       Addr        Size        Decimal Bytes (Attributes)
--------------------       ----        ----        ------- ----- ------------
_HOME                  0000276F    0000039A =         922. bytes (REL,CON)

        Value  Global            Value  Global            Value  Global    
        -----  ------            -----  ------            -----  ------    
     0000276F  .memset_s |    00002778  .memcpy_s |    00002795  .remove_V
     00002798  .remove_i |    000027B5  .add_VBL  |    000027B8  .add_int 
     000027C3  .wait_vbl |    000027C3  _wait_vbl |    000027D3  .display_
     000027D3  _display_ |    000027EB  _remove_V |    000027F6  _add_VBL 
     00002801  _set_tile |    00002806  _set_bkg_ |    00002806  _set_win_
     0000280E  _set_spri |    0000283E  .padup    |    0000283E  _waitpadu
     0000284E  .jpad     |    0000284E  _joypad   |    00002876  _waitpad 
     00002879  .wait_pad |    00002880  ___sdcc_c |    000028B0  _add_LCD 
     000028BB  .add_LCD  |    000028C1  _remove_L |    000028CC  .remove_L
     000028D2  __divsuch |    000028DF  __modsuch |    000028E9  __divusch
     000028FB  __modusch |    0000290B  __divscha |    00002917  __modscha
     00002921  __divsint |    00002932  __modsint |    00002941  __divucha
     0000294D  __moducha |    00002957  __divuint |    00002968  __moduint
     00002977  .div8     |    00002977  .mod8     |    0000297F  .div16   
     0000297F  .mod16    |    000029B5  .divu8    |    000029B5  .modu8   
     000029B8  .divu16   |    000029B8  .modu16   |    000029F9  _set_bkg_
     00002A0D  _uitoa    |    00002A1C  _itoa     |    00002A2B  .itoa    
     00002A3F  .utoa     |    00002AB3  .set_xy_w |    00002ABC  .set_xy_b
     00002ACB  .set_xy_t
ASxxxx Linker V03.00 + NoICE + sdld,  page 47.
Hexadecimal  [32-Bits]

Area                       Addr        Size        Decimal Bytes (Attributes)
--------------------       ----        ----        ------- ----- ------------
_CODE_0                00002B09    00000440 =        1088. bytes (REL,CON)

        Value  Global            Value  Global            Value  Global    
        -----  ------            -----  ------            -----  ------    
     00002B09  G$FONT$0_ |    00002B09  _FONT    
ASxxxx Linker V03.00 + NoICE + sdld,  page 48.
Hexadecimal  [32-Bits]

Area                       Addr        Size        Decimal Bytes (Attributes)
--------------------       ----        ----        ------- ----- ------------
_INITIALIZER           00002F49    00000050 =          80. bytes (REL,CON)

        Value  Global            Value  Global            Value  Global    
        -----  ------            -----  ------            -----  ------    
     00002F49  Fmain$__x |    00002F6D  Fmain$__x |    00002F70  Fmain$__x
     00002F74  Fmain$__x |    00002F78  Fmain$__x |    00002F7F  Fmain$__x
     00002F80  Fmain$__x |    00002F85  Fmain$__x |    00002F8A  Fmain$__x
     00002F91  Fmain$__x |    00002F97  Fmain$__x
ASxxxx Linker V03.00 + NoICE + sdld,  page 49.
Hexadecimal  [32-Bits]

Area                       Addr        Size        Decimal Bytes (Attributes)
--------------------       ----        ----        ------- ----- ------------
_GSINIT                00002F99    0000000C =          12. bytes (REL,CON)

        Value  Global            Value  Global            Value  Global    
        -----  ------            -----  ------            -----  ------    
     00002F99  gsinit   
ASxxxx Linker V03.00 + NoICE + sdld,  page 50.
Hexadecimal  [32-Bits]

Area                       Addr        Size        Decimal Bytes (Attributes)
--------------------       ----        ----        ------- ----- ------------
_GSFINAL               00002FA5    00000001 =           1. bytes (REL,CON)

        Value  Global            Value  Global            Value  Global    
        -----  ------            -----  ------            -----  ------    
ASxxxx Linker V03.00 + NoICE + sdld,  page 51.
Hexadecimal  [32-Bits]

Area                       Addr        Size        Decimal Bytes (Attributes)
--------------------       ----        ----        ------- ----- ------------
_DATA                  0000C0A0    0000007F =         127. bytes (REL,CON)

        Value  Global            Value  Global            Value  Global    
        -----  ------            -----  ------            -----  ------    
     0000C0A0  __cpu     |    0000C0A1  __is_GBA  |    0000C0A2  .mode    
     0000C0A3  .sys_time |    0000C0A3  _sys_time |    0000C0A5  .int_0x40
     0000C0B9  G$scroll$ |    0000C0B9  _scroll   |    0000C0C3  G$PLAYER$
     0000C0C3  _PLAYER   |    0000C0CB  G$TOPHAT_ |    0000C0CB  _TOPHAT_F
     0000C0D3  G$joy$0_0 |    0000C0D3  _joy      |    0000C0D4  G$last_jo
     0000C0D4  _last_joy |    0000C0D5  G$is_movi |    0000C0D5  _is_movin
     0000C0D6  G$is_anim |    0000C0D6  _is_anima |    0000C0D7  G$is_dyin
     0000C0D7  _is_dying |    0000C0D8  G$turtles |    0000C0D8  _turtles_
     0000C0D9  G$move_x$ |    0000C0D9  _move_x   |    0000C0DA  G$move_y$
     0000C0DA  _move_y   |    0000C0DB  G$scx_cou |    0000C0DB  _scx_coun
     0000C0DC  G$turtle_ |    0000C0DC  _turtle_c |    0000C0DD  G$dive_co
     0000C0DD  _dive_cou |    0000C0DE  G$timer$0 |    0000C0DE  _timer   
     0000C0E0  G$timer_t |    0000C0E0  _timer_ti |    0000C0E1  G$pause_t
     0000C0E1  _pause_ti |    0000C0E2  G$flash$0 |    0000C0E2  _flash   
     0000C0E3  G$GAMESTA |    0000C0E3  _GAMESTAT |    0000C0E4  G$TIMERST
     0000C0E4  _TIMERSTA |    0000C0E5  G$turtle_ |    0000C0E5  _turtle_t
     0000C0E6  G$dive_ti |    0000C0E6  _dive_til |    0000C0E7  G$y_min$0
     0000C0E7  _y_min    |    0000C0E8  G$vram_ad |    0000C0E8  _vram_add
     0000C0EA  G$score$0 |    0000C0EA  _score    |    0000C0EC  G$score_b
     0000C0EC  _score_bu |    0000C0F1  G$current |    0000C0F1  _current_
     0000C0F2  G$level_b |    0000C0F2  _level_bu |    0000C10A  G$animati
     0000C10A  _animatio |    0000C10B  G$death_a |    0000C10B  _death_an
     0000C10C  ___curren |    0000C10E  ___curren |    0000C10F  .int_0x48
ASxxxx Linker V03.00 + NoICE + sdld,  page 52.
Hexadecimal  [32-Bits]

Area                       Addr        Size        Decimal Bytes (Attributes)
--------------------       ----        ----        ------- ----- ------------
_INITIALIZED           0000C11F    00000050 =          80. bytes (REL,CON)

        Value  Global            Value  Global            Value  Global    
        -----  ------            -----  ------            -----  ------    
     0000C11F  G$scroll_ |    0000C11F  _scroll_r |    0000C143  G$turtle_
     0000C143  _turtle_d |    0000C146  G$turtle_ |    0000C146  _turtle_d
     0000C14A  G$turtle_ |    0000C14A  _turtle_t |    0000C14E  G$dive_ti
     0000C14E  _dive_til |    0000C155  G$lives$0 |    0000C155  _lives   
     0000C156  G$PLAYER1 |    0000C156  _PLAYER1U |    0000C15B  G$PLAYER2
     0000C15B  _PLAYER2U |    0000C160  G$level_t |    0000C160  _level_te
     0000C167  G$pause_t |    0000C167  _pause_te |    0000C16D  G$death_a
     0000C16D  _death_an |    0000C16E  ___render
ASxxxx Linker V03.00 + NoICE + sdld,  page 53.
Hexadecimal  [32-Bits]

Area                       Addr        Size        Decimal Bytes (Attributes)
--------------------       ----        ----        ------- ----- ------------
_HRAM12                00000000    00000003 =           3. bytes (ABS,CON)

        Value  Global            Value  Global            Value  Global    
        -----  ------            -----  ------            -----  ------    
     0000FF90  __current |    0000FF92  __shadow_
ASxxxx Linker V03.00 + NoICE + sdld,  page 54.
Hexadecimal  [32-Bits]

Area                       Addr        Size        Decimal Bytes (Attributes)
--------------------       ----        ----        ------- ----- ------------
_CODE_1                00014000    000003D0 =         976. bytes (REL,CON)

        Value  Global            Value  Global            Value  Global    
        -----  ------            -----  ------            -----  ------    
     00014000  C$frogger |    00014000  G$__func_ |    00014000  G$frogger
     00014000  ___func_f |    00014000  _frogger_ |    0001400A  G$frogger
     0001400A  _frogger_ |    0001424A  G$frogger |    0001424A  _frogger_
     00014256  G$frogger |    00014256  _frogger_ |    00014262  G$frogger
     00014262  _frogger_ |    0001426E  G$frogger |    0001426E  _frogger_
     0001427A  G$frogger |    0001427A  _frogger_ |    00014286  G$frogger
     00014286  _frogger_ |    00014292  G$frogger |    00014292  _frogger_
     0001429E  G$frogger |    0001429E  _frogger_ |    000142AA  G$frogger
     000142AA  _frogger_ |    000142B6  G$frogger |    000142B6  _frogger_
     000142C8  G$frogger |    000142C8  _frogger_ |    000142DC  G$frogger
     000142DC  _frogger_ |    000142F0  G$frogger |    000142F0  _frogger_
     00014322  C$frogger |    00014322  G$__func_ |    00014322  G$frogger
     00014322  ___func_f |    00014322  _frogger_ |    0001432A  G$frogger
     0001432A  _frogger_ |    0001436A  G$frogger |    0001436A  _frogger_
     00014376  G$frogger |    00014376  _frogger_ |    00014378  C$tophat_
     00014378  G$__func_ |    00014378  G$tophat_ |    00014378  ___func_t
     00014378  _tophat_f |    00014382  G$tophat_ |    00014382  _tophat_f
     000143C2  G$tophat_ |    000143C2  _tophat_f |    000143CE  G$tophat_
     000143CE  _tophat_f
ASxxxx Linker V03.00 + NoICE + sdld,  page 55.
Hexadecimal  [32-Bits]

Area                       Addr        Size        Decimal Bytes (Attributes)
--------------------       ----        ----        ------- ----- ------------
_HEADER_LCD0           00000000    00000003 =           3. bytes (ABS,CON)

        Value  Global            Value  Global            Value  Global    
        -----  ------            -----  ------            -----  ------    
ASxxxx Linker V03.00 + NoICE + sdld,  page 56.

Files Linked                              [ module(s) ]

C:\c_code\gbdk\lib/small/asxxxx/gb/crt0.o
                                          [ Runtime ]
C:\Users\User\AppData\Local\Temp/lcc246160.rel
                                          [ main ]
C:\Users\User\AppData\Local\Temp/lcc246161.rel
                                          [ bkg_map ]
C:\Users\User\AppData\Local\Temp/lcc246162.rel
                                          [ bkg_tiles ]
C:\Users\User\AppData\Local\Temp/lcc246163.rel
                                          [ collision_map ]
C:\Users\User\AppData\Local\Temp/lcc246164.rel
                                          [ font ]
C:\Users\User\AppData\Local\Temp/lcc246165.rel
                                          [ frog_lives ]
C:\Users\User\AppData\Local\Temp/lcc246166.rel
                                          [ frogger ]
C:\Users\User\AppData\Local\Temp/lcc246167.rel
                                          [ frogger_16 ]
C:\Users\User\AppData\Local\Temp/lcc246168.rel
                                          [ reset_timer ]
C:\Users\User\AppData\Local\Temp/lcc246169.rel
                                          [ tophat_frog ]
C:\Users\User\AppData\Local\Temp/lcc2461610.rel
                                          [ win_frog ]


Libraries Linked                          [ object file ]

C:\c_code\gbdk\lib/small/asxxxx/gb/gb.lib
                                          [ sfr.o ]
C:\c_code\gbdk\lib/small/asxxxx/gb/gb.lib
                                          [ get_tile.o ]
C:\c_code\gbdk\lib/small/asxxxx/gb/gb.lib
                                          [ set_tile.o ]
C:\c_code\gbdk\lib/small/asxxxx/gb/gb.lib
                                          [ metasprites_hide.o ]
C:\c_code\gbdk\lib/small/asxxxx/gb/gb.lib
                                          [ set_data.o ]
C:\c_code\gbdk\lib/small/asxxxx/gb/gb.lib
                                          [ metasprites_flip.o ]
C:\c_code\gbdk\lib/small/asxxxx/gbz80/gbz80.lib
                                          [ sprintf.o ]
C:\c_code\gbdk\lib/small/asxxxx/gb/gb.lib
                                          [ pad.o ]
C:\c_code\gbdk\lib/small/asxxxx/gb/gb.lib
                                          [ metasprites.o ]
C:\c_code\gbdk\lib/small/asxxxx/gbz80/gbz80.lib
                                          [ __sdcc_call_hl.o ]
C:\c_code\gbdk\lib/small/asxxxx/gb/gb.lib
                                          [ lcd.o ]
C:\c_code\gbdk\lib/small/asxxxx/gb/gb.lib
                                          [ get_addr.o ]
C:\c_code\gbdk\lib/small/asxxxx/gbz80/gbz80.lib
                                          [ div.o ]
C:\c_code\gbdk\lib/small/asxxxx/gb/gb.lib
                                          [ set_bk_t.o ]
C:\c_code\gbdk\lib/small/asxxxx/gbz80/gbz80.lib
                                          [ itoa.o ]
C:\c_code\gbdk\lib/small/asxxxx/gb/gb.lib
                                          [ set_xy_t.o ]

ASxxxx Linker V03.00 + NoICE + sdld,  page 57.

User Base Address Definitions

_DATA=0xC0A0
_CODE=0x0200
ASxxxx Linker V03.00 + NoICE + sdld,  page 58.

User Global Definitions

_shadow_OAM=0xC000
.STACK=0xE000
.refresh_OAM=0xFF80

