ASxxxx Linker V03.00 + NoICE + sdld,  page 1.
Hexadecimal  [32-Bits]

Area                       Addr        Size        Decimal Bytes (Attributes)
--------------------       ----        ----        ------- ----- ------------
.  .ABS.               00000000    00000000 =           0. bytes (ABS,CON)

        Value  Global            Value  Global            Value  Global    
        -----  ------            -----  ------            -----  ------    
     00000000  .__.ABS.  |    00000000  _rRAMG    |    00000000  l__BASE  
     00000000  l__BSS    |    00000000  l__CABS   |    00000000  l__DABS  
     00000000  l__HEADER |    00000000  l__HEADER |    00000000  l__HEAP  
     00000000  l__HEAP_E |    00000000  l__HRAM   |    00000000  l__LIT   
     00000000  s__CABS   |    00000000  s__DABS   |    00000000  s__HEADER
     00000000  s__HEADER |    00000000  s__HEADER |    00000000  s__HEADER
     00000000  s__HEADER |    00000000  s__HEADER |    00000000  s__HEADER
     00000000  s__HEADER |    00000000  s__HEADER |    00000000  s__HEADER
     00000000  s__HEADER |    00000000  s__HEADER |    00000000  s__HEADER
     00000000  s__HEADER |    00000000  s__HEADER |    00000000  s__HEADER
     00000000  s__HEADER |    00000000  s__HEADER |    00000000  s__HEADER
     00000000  s__HEADER |    00000000  s__HEADER |    00000000  s__HRAM  
     00000000  s__HRAM12 |    00000001  ___bank_f |    00000001  ___bank_f
     00000001  ___bank_f |    00000001  ___bank_l |    00000001  l__GSFINA
     00000001  l__HEADER |    00000001  l__HEADER |    00000001  l__HEADER
     00000001  l__HEADER |    00000001  l__HEADER |    00000001  l__HEADER
     00000001  l__HEADER |    00000002  l__HEADER |    00000002  l__HEADER
     00000002  l__HEADER |    00000003  l__HEADER |    00000003  l__HEADER
     00000003  l__HRAM12 |    00000005  l__HEADER |    00000006  l__HEADER
     00000007  l__HEADER |    00000008  l__HEADER |    0000000C  l__GSINIT
     00000030  l__HEADER |    0000004C  l__HEADER |    00000056  l__INITIA
     00000056  l__INITIA |    00000083  l__DATA   |    00000084  l__HEADER
     00000200  s__CODE   |    000002AB  l__HOME   |    00000426  l__CODE_1
     00000440  l__CODE_0 |    00002000  _rROMB0   |    000027BB  l__CODE  
     000029BB  s__HOME   |    00002C66  s__BASE   |    00002C66  s__CODE_0
     00003000  _rROMB1   |    000030A6  s__INITIA |    000030A6  s__LIT   
     000030FC  s__GSINIT |    00003108  s__GSFINA |    00004000  _rRAMB   
     00008000  __VRAM    |    00008000  __VRAM800 |    00008800  __VRAM880
     00009000  __VRAM900 |    00009800  __SCRN0   |    00009C00  __SCRN1  
     0000A000  __SRAM    |    0000C000  __RAM     |    0000C000  _shadow_O
     0000C0A0  s__DATA   |    0000C123  s__BSS    |    0000C123  s__INITIA
     0000C179  s__HEAP   |    0000C179  s__HEAP_E |    0000D000  __RAMBANK
     0000E000  .STACK    |    0000FE00  __OAMRAM  |    0000FF00  _P1_REG  
     0000FF00  __IO      |    0000FF01  _SB_REG   |    0000FF02  _SC_REG  
     0000FF04  _DIV_REG  |    0000FF05  _TIMA_REG |    0000FF06  _TMA_REG 
     0000FF07  _TAC_REG  |    0000FF0F  _IF_REG   |    0000FF10  _NR10_REG
     0000FF11  _NR11_REG |    0000FF12  _NR12_REG |    0000FF13  _NR13_REG
     0000FF14  _NR14_REG |    0000FF16  _NR21_REG |    0000FF17  _NR22_REG
     0000FF18  _NR23_REG |    0000FF19  _NR24_REG |    0000FF1A  _NR30_REG
     0000FF1B  _NR31_REG |    0000FF1C  _NR32_REG |    0000FF1D  _NR33_REG
     0000FF1E  _NR34_REG |    0000FF20  _NR41_REG |    0000FF21  _NR42_REG
     0000FF22  _NR43_REG |    0000FF23  _NR44_REG |    0000FF24  _NR50_REG
     0000FF25  _NR51_REG |    0000FF26  _NR52_REG |    0000FF30  _AUD3WAVE
     0000FF30  _PCM_SAMP |    0000FF30  __AUD3WAV |    0000FF40  _LCDC_REG
     0000FF41  _STAT_REG |    0000FF42  _SCY_REG  |    0000FF43  _SCX_REG 
     0000FF44  _LY_REG   |    0000FF45  _LYC_REG  |    0000FF46  _DMA_REG 
     0000FF47  _BGP_REG  |    0000FF48  _OBP0_REG |    0000FF49  _OBP1_REG
     0000FF4A  _WY_REG   |    0000FF4B  _WX_REG   |    0000FF4D  _KEY1_REG
     0000FF4F  _VBK_REG  |    0000FF51  _HDMA1_RE |    0000FF52  _HDMA2_RE
     0000FF53  _HDMA3_RE |    0000FF54  _HDMA4_RE |    0000FF55  _HDMA5_RE
ASxxxx Linker V03.00 + NoICE + sdld,  page 2.
Hexadecimal  [32-Bits]

Area                       Addr        Size        Decimal Bytes (Attributes)
--------------------       ----        ----        ------- ----- ------------
.  .ABS.               00000000    00000000 =           0. bytes (ABS,CON)

        Value  Global            Value  Global            Value  Global    
        -----  ------            -----  ------            -----  ------    
     0000FF56  _RP_REG   |    0000FF68  _BCPS_REG |    0000FF69  _BCPD_REG
     0000FF6A  _OCPS_REG |    0000FF6B  _OCPD_REG |    0000FF70  _SVBK_REG
     0000FF76  _PCM12_RE |    0000FF77  _PCM34_RE |    0000FF80  .refresh_
     0000FF80  __HRAM    |    0000FFFF  _IE_REG   |    00014000  s__CODE_1
ASxxxx Linker V03.00 + NoICE + sdld,  page 3.
Hexadecimal  [32-Bits]

Area                       Addr        Size        Decimal Bytes (Attributes)
--------------------       ----        ----        ------- ----- ------------
_CODE                  00000200    000027BB =       10171. bytes (REL,CON)

        Value  Global            Value  Global            Value  Global    
        -----  ------            -----  ------            -----  ------    
     00000200  A$lcc1640 |    00000200  C$main.c$ |    00000200  G$overlap
     00000200  _overlap  |    00000201  A$lcc1640 |    00000201  C$main.c$
     00000203  A$lcc1640 |    00000204  A$lcc1640 |    00000205  A$lcc1640
     00000207  A$lcc1640 |    00000208  A$lcc1640 |    00000209  A$lcc1640
     0000020A  A$lcc1640 |    0000020C  A$lcc1640 |    0000020E  A$lcc1640
     0000020F  A$lcc1640 |    00000211  A$lcc1640 |    00000212  A$lcc1640
     00000214  A$lcc1640 |    00000216  A$lcc1640 |    00000217  A$lcc1640
     00000219  A$lcc1640 |    0000021A  A$lcc1640 |    0000021C  A$lcc1640
     0000021E  A$lcc1640 |    0000021F  A$lcc1640 |    00000221  A$lcc1640
     00000222  A$lcc1640 |    00000224  A$lcc1640 |    00000226  A$lcc1640
     00000227  A$lcc1640 |    00000229  A$lcc1640 |    0000022A  A$lcc1640
     0000022C  A$lcc1640 |    0000022E  A$lcc1640 |    0000022F  A$lcc1640
     00000231  A$lcc1640 |    00000232  A$lcc1640 |    00000234  A$lcc1640
     00000236  A$lcc1640 |    00000237  A$lcc1640 |    00000239  A$lcc1640
     0000023A  A$lcc1640 |    0000023C  A$lcc1640 |    0000023C  C$main.c$
     0000023D  A$lcc1640 |    00000240  A$lcc1640 |    00000240  C$main.c$
     00000242  A$lcc1640 |    00000243  A$lcc1640 |    00000244  A$lcc1640
     00000246  A$lcc1640 |    00000247  A$lcc1640 |    00000248  A$lcc1640
     00000249  A$lcc1640 |    0000024A  A$lcc1640 |    0000024B  A$lcc1640
     0000024C  A$lcc1640 |    0000024D  A$lcc1640 |    0000024E  A$lcc1640
     0000024F  A$lcc1640 |    00000251  A$lcc1640 |    00000253  A$lcc1640
     00000255  A$lcc1640 |    00000257  A$lcc1640 |    00000258  A$lcc1640
     0000025A  A$lcc1640 |    0000025C  A$lcc1640 |    0000025E  A$lcc1640
     0000025F  A$lcc1640 |    00000261  A$lcc1640 |    00000263  A$lcc1640
     00000264  A$lcc1640 |    00000265  A$lcc1640 |    00000266  A$lcc1640
     00000267  A$lcc1640 |    00000268  A$lcc1640 |    00000269  A$lcc1640
     0000026A  A$lcc1640 |    0000026C  A$lcc1640 |    0000026E  A$lcc1640
     00000270  A$lcc1640 |    00000272  A$lcc1640 |    00000273  A$lcc1640
     00000275  A$lcc1640 |    00000277  A$lcc1640 |    00000279  A$lcc1640
     0000027A  A$lcc1640 |    0000027C  A$lcc1640 |    0000027C  C$main.c$
     0000027D  A$lcc1640 |    0000027F  A$lcc1640 |    0000027F  C$main.c$
     00000281  A$lcc1640 |    00000282  A$lcc1640 |    00000283  A$lcc1640
     00000285  A$lcc1640 |    00000286  A$lcc1640 |    00000287  A$lcc1640
     00000288  A$lcc1640 |    00000289  A$lcc1640 |    0000028A  A$lcc1640
     0000028B  A$lcc1640 |    0000028C  A$lcc1640 |    0000028D  A$lcc1640
     0000028E  A$lcc1640 |    00000290  A$lcc1640 |    00000292  A$lcc1640
     00000294  A$lcc1640 |    00000296  A$lcc1640 |    00000297  A$lcc1640
     00000299  A$lcc1640 |    0000029B  A$lcc1640 |    0000029D  A$lcc1640
     0000029E  A$lcc1640 |    000002A0  A$lcc1640 |    000002A2  A$lcc1640
     000002A3  A$lcc1640 |    000002A4  A$lcc1640 |    000002A6  A$lcc1640
     000002A7  A$lcc1640 |    000002A8  A$lcc1640 |    000002A9  A$lcc1640
     000002AA  A$lcc1640 |    000002AB  A$lcc1640 |    000002AC  A$lcc1640
     000002AD  A$lcc1640 |    000002AE  A$lcc1640 |    000002AF  A$lcc1640
     000002B1  A$lcc1640 |    000002B3  A$lcc1640 |    000002B5  A$lcc1640
     000002B7  A$lcc1640 |    000002B8  A$lcc1640 |    000002BA  A$lcc1640
     000002BC  A$lcc1640 |    000002BE  A$lcc1640 |    000002BF  A$lcc1640
     000002C1  A$lcc1640 |    000002C1  C$main.c$ |    000002C2  A$lcc1640
     000002C4  A$lcc1640 |    000002C4  C$main.c$ |    000002C6  A$lcc1640
     000002C6  C$main.c$ |    000002C7  A$lcc1640 |    000002C8  A$lcc1640
     000002C9  A$lcc1640 |    000002CB  A$lcc1640 |    000002CC  A$lcc1640
ASxxxx Linker V03.00 + NoICE + sdld,  page 4.
Hexadecimal  [32-Bits]

Area                       Addr        Size        Decimal Bytes (Attributes)
--------------------       ----        ----        ------- ----- ------------
_CODE                  00000200    000027BB =       10171. bytes (REL,CON)

        Value  Global            Value  Global            Value  Global    
        -----  ------            -----  ------            -----  ------    
     000002CC  C$main.c$ |    000002CC  C$main.c$ |    000002CC  G$remove_
     000002CC  _remove_f |    000002CF  A$lcc1640 |    000002D1  A$lcc1640
     000002D4  A$lcc1640 |    000002D5  A$lcc1640 |    000002D6  A$lcc1640
     000002D7  A$lcc1640 |    000002DA  A$lcc1640 |    000002DB  A$lcc1640
     000002DC  A$lcc1640 |    000002DD  A$lcc1640 |    000002DF  A$lcc1640
     000002E0  A$lcc1640 |    000002E1  A$lcc1640 |    000002E4  A$lcc1640
     000002E5  A$lcc1640 |    000002E5  C$main.c$ |    000002E6  A$lcc1640
     000002E9  A$lcc1640 |    000002EA  A$lcc1640 |    000002EB  A$lcc1640
     000002EB  C$main.c$ |    000002EC  A$lcc1640 |    000002EF  A$lcc1640
     000002F0  A$lcc1640 |    000002F1  A$lcc1640 |    000002F1  C$main.c$
     000002F1  XG$remove |    000002F2  A$lcc1640 |    000002F2  C$main.c$
     000002F2  C$main.c$ |    000002F2  G$kill_fr |    000002F2  _kill_fro
     000002F5  A$lcc1640 |    000002F7  A$lcc1640 |    000002F7  C$main.c$
     000002FA  A$lcc1640 |    000002FC  A$lcc1640 |    000002FC  C$main.c$
     000002FF  A$lcc1640 |    00000301  A$lcc1640 |    00000301  C$main.c$
     00000304  A$lcc1640 |    00000305  A$lcc1640 |    00000306  A$lcc1640
     00000307  A$lcc1640 |    00000307  C$main.c$ |    00000308  A$lcc1640
     00000309  A$lcc1640 |    00000309  C$main.c$ |    00000309  XG$kill_f
     0000030A  A$lcc1640 |    0000030A  C$main.c$ |    0000030A  G$render_
     0000030A  _render_a |    0000030B  A$lcc1640 |    0000030B  C$main.c$
     0000030E  A$lcc1640 |    0000030F  A$lcc1640 |    0000030F  C$main.c$
     00000312  A$lcc1640 |    00000313  A$lcc1640 |    00000315  A$lcc1640
     00000316  A$lcc1640 |    00000317  A$lcc1640 |    00000318  A$lcc1640
     00000319  A$lcc1640 |    0000031A  A$lcc1640 |    0000031C  A$lcc1640
     0000031F  A$lcc1640 |    00000320  A$lcc1640 |    00000320  C$main.c$
     00000320  C$main.c$ |    00000321  A$lcc1640 |    00000322  A$lcc1640
     00000324  A$lcc1640 |    00000327  A$lcc1640 |    00000329  A$lcc1640
     0000032A  A$lcc1640 |    0000032D  A$lcc1640 |    0000032F  A$lcc1640
     00000330  A$lcc1640 |    00000333  A$lcc1640 |    00000334  A$lcc1640
     00000335  A$lcc1640 |    00000336  A$lcc1640 |    00000339  A$lcc1640
     0000033A  A$lcc1640 |    0000033B  A$lcc1640 |    0000033C  A$lcc1640
     0000033F  A$lcc1640 |    00000341  A$lcc1640 |    00000343  A$lcc1640
     00000345  A$lcc1640 |    00000347  A$lcc1640 |    0000034A  A$lcc1640
     0000034C  A$lcc1640 |    0000034F  A$lcc1640 |    00000350  A$lcc1640
     00000351  A$lcc1640 |    00000352  A$lcc1640 |    00000353  A$lcc1640
     00000355  A$lcc1640 |    00000356  A$lcc1640 |    00000358  A$lcc1640
     00000359  A$lcc1640 |    0000035C  A$lcc1640 |    0000035E  A$lcc1640
     0000035E  C$main.c$ |    00000360  A$lcc1640 |    00000360  C$main.c$
     00000361  A$lcc1640 |    00000362  A$lcc1640 |    00000364  A$lcc1640
     00000367  A$lcc1640 |    00000368  A$lcc1640 |    0000036B  A$lcc1640
     0000036C  A$lcc1640 |    0000036F  A$lcc1640 |    00000370  A$lcc1640
     00000371  A$lcc1640 |    00000372  A$lcc1640 |    00000373  A$lcc1640
     00000376  A$lcc1640 |    00000377  A$lcc1640 |    00000378  A$lcc1640
     00000379  A$lcc1640 |    0000037C  A$lcc1640 |    0000037E  A$lcc1640
     0000037F  A$lcc1640 |    00000380  A$lcc1640 |    00000381  A$lcc1640
     00000382  A$lcc1640 |    00000383  A$lcc1640 |    00000384  A$lcc1640
     00000385  A$lcc1640 |    00000386  A$lcc1640 |    00000389  A$lcc1640
     0000038B  A$lcc1640 |    0000038B  C$main.c$ |    0000038B  C$main.c$
     0000038E  A$lcc1640 |    00000390  A$lcc1640 |    00000390  C$main.c$
     00000393  A$lcc1640 |    00000395  A$lcc1640 |    00000396  A$lcc1640
     00000396  C$main.c$ |    00000396  XG$render |    00000397  A$lcc1640
ASxxxx Linker V03.00 + NoICE + sdld,  page 5.
Hexadecimal  [32-Bits]

Area                       Addr        Size        Decimal Bytes (Attributes)
--------------------       ----        ----        ------- ----- ------------
_CODE                  00000200    000027BB =       10171. bytes (REL,CON)

        Value  Global            Value  Global            Value  Global    
        -----  ------            -----  ------            -----  ------    
     00000397  C$main.c$ |    00000397  C$main.c$ |    00000397  G$update_
     00000397  _update_l |    0000039A  A$lcc1640 |    0000039B  A$lcc1640
     0000039E  A$lcc1640 |    0000039F  A$lcc1640 |    000003A2  A$lcc1640
     000003A3  A$lcc1640 |    000003A4  A$lcc1640 |    000003A5  A$lcc1640
     000003A5  C$main.c$ |    000003A8  A$lcc1640 |    000003A9  A$lcc1640
     000003AC  A$lcc1640 |    000003AD  A$lcc1640 |    000003B0  A$lcc1640
     000003B1  A$lcc1640 |    000003B4  A$lcc1640 |    000003B6  A$lcc1640
     000003B6  C$main.c$ |    000003B9  A$lcc1640 |    000003BA  A$lcc1640
     000003BB  A$lcc1640 |    000003BD  A$lcc1640 |    000003BD  C$main.c$
     000003BF  A$lcc1640 |    000003C0  A$lcc1640 |    000003C1  A$lcc1640
     000003C4  A$lcc1640 |    000003C5  A$lcc1640 |    000003C6  A$lcc1640
     000003C7  A$lcc1640 |    000003C8  A$lcc1640 |    000003CB  A$lcc1640
     000003CD  A$lcc1640 |    000003CD  C$main.c$ |    000003D0  A$lcc1640
     000003D1  A$lcc1640 |    000003D3  A$lcc1640 |    000003D4  A$lcc1640
     000003D5  A$lcc1640 |    000003D5  C$main.c$ |    000003D6  A$lcc1640
     000003D8  A$lcc1640 |    000003D8  C$main.c$ |    000003DB  A$lcc1640
     000003DC  A$lcc1640 |    000003DF  A$lcc1640 |    000003E0  A$lcc1640
     000003E3  A$lcc1640 |    000003E4  A$lcc1640 |    000003E5  A$lcc1640
     000003E6  A$lcc1640 |    000003E6  C$main.c$ |    000003E9  A$lcc1640
     000003EB  A$lcc1640 |    000003EC  A$lcc1640 |    000003ED  A$lcc1640
     000003F0  A$lcc1640 |    000003F1  A$lcc1640 |    000003F2  A$lcc1640
     000003F3  A$lcc1640 |    000003F4  A$lcc1640 |    000003F7  A$lcc1640
     000003F9  A$lcc1640 |    000003F9  C$main.c$ |    000003F9  XG$update
     000003FA  Fmain$__s |    000003FD  A$lcc1640 |    000003FD  C$main.c$
     000003FD  C$main.c$ |    000003FD  G$update_ |    000003FD  _update_p
     00000400  A$lcc1640 |    00000401  A$lcc1640 |    00000404  A$lcc1640
     00000405  A$lcc1640 |    00000408  A$lcc1640 |    00000409  A$lcc1640
     0000040A  A$lcc1640 |    0000040B  A$lcc1640 |    0000040B  C$main.c$
     0000040E  A$lcc1640 |    0000040F  A$lcc1640 |    00000410  A$lcc1640
     00000411  A$lcc1640 |    00000411  C$main.c$ |    00000413  A$lcc1640
     00000414  A$lcc1640 |    00000415  A$lcc1640 |    00000418  A$lcc1640
     00000419  A$lcc1640 |    0000041A  A$lcc1640 |    0000041B  A$lcc1640
     0000041C  A$lcc1640 |    0000041F  A$lcc1640 |    00000421  A$lcc1640
     00000421  C$main.c$ |    00000424  A$lcc1640 |    00000425  A$lcc1640
     00000427  A$lcc1640 |    00000428  A$lcc1640 |    00000429  A$lcc1640
     00000429  C$main.c$ |    0000042A  A$lcc1640 |    0000042A  C$main.c$
     0000042A  XG$update |    0000042C  A$lcc1640 |    0000042C  C$main.c$
     0000042C  C$main.c$ |    0000042C  G$update_ |    0000042C  _update_s
     0000042F  A$lcc1640 |    00000430  A$lcc1640 |    00000432  A$lcc1640
     00000433  A$lcc1640 |    00000435  A$lcc1640 |    00000437  A$lcc1640
     00000438  A$lcc1640 |    00000439  A$lcc1640 |    0000043A  A$lcc1640
     0000043C  A$lcc1640 |    0000043C  C$main.c$ |    0000043F  A$lcc1640
     00000440  A$lcc1640 |    00000443  A$lcc1640 |    00000444  A$lcc1640
     00000447  A$lcc1640 |    00000448  A$lcc1640 |    00000449  A$lcc1640
     0000044A  A$lcc1640 |    0000044C  A$lcc1640 |    0000044C  C$main.c$
     0000044F  A$lcc1640 |    00000450  A$lcc1640 |    00000452  A$lcc1640
     00000453  A$lcc1640 |    00000455  A$lcc1640 |    00000457  A$lcc1640
     00000458  A$lcc1640 |    0000045A  A$lcc1640 |    0000045C  A$lcc1640
     0000045D  A$lcc1640 |    0000045F  A$lcc1640 |    0000045F  C$main.c$
     00000462  A$lcc1640 |    00000463  A$lcc1640 |    00000466  A$lcc1640
     00000467  A$lcc1640 |    0000046A  A$lcc1640 |    0000046B  A$lcc1640
ASxxxx Linker V03.00 + NoICE + sdld,  page 6.
Hexadecimal  [32-Bits]

Area                       Addr        Size        Decimal Bytes (Attributes)
--------------------       ----        ----        ------- ----- ------------
_CODE                  00000200    000027BB =       10171. bytes (REL,CON)

        Value  Global            Value  Global            Value  Global    
        -----  ------            -----  ------            -----  ------    
     0000046C  A$lcc1640 |    0000046D  A$lcc1640 |    0000046F  A$lcc1640
     0000046F  C$main.c$ |    00000471  A$lcc1640 |    00000473  A$lcc1640
     00000476  A$lcc1640 |    00000477  A$lcc1640 |    00000479  A$lcc1640
     0000047A  A$lcc1640 |    0000047C  A$lcc1640 |    0000047E  A$lcc1640
     0000047E  C$main.c$ |    00000481  A$lcc1640 |    00000482  A$lcc1640
     00000485  A$lcc1640 |    00000486  A$lcc1640 |    00000489  A$lcc1640
     0000048A  A$lcc1640 |    0000048B  A$lcc1640 |    0000048C  A$lcc1640
     0000048E  A$lcc1640 |    0000048E  C$main.c$ |    00000491  A$lcc1640
     00000493  A$lcc1640 |    00000494  A$lcc1640 |    00000495  A$lcc1640
     00000497  A$lcc1640 |    00000498  A$lcc1640 |    0000049A  A$lcc1640
     0000049A  C$main.c$ |    0000049D  A$lcc1640 |    0000049E  A$lcc1640
     000004A1  A$lcc1640 |    000004A2  A$lcc1640 |    000004A5  A$lcc1640
     000004A6  A$lcc1640 |    000004A7  A$lcc1640 |    000004A8  A$lcc1640
     000004A8  C$main.c$ |    000004AB  A$lcc1640 |    000004AC  A$lcc1640
     000004AD  A$lcc1640 |    000004AE  A$lcc1640 |    000004AF  A$lcc1640
     000004B2  A$lcc1640 |    000004B3  A$lcc1640 |    000004B6  A$lcc1640
     000004B7  A$lcc1640 |    000004BA  A$lcc1640 |    000004BC  A$lcc1640
     000004BC  C$main.c$ |    000004BF  A$lcc1640 |    000004C0  A$lcc1640
     000004C1  A$lcc1640 |    000004C2  A$lcc1640 |    000004C2  C$main.c$
     000004C4  A$lcc1640 |    000004C5  A$lcc1640 |    000004C6  A$lcc1640
     000004C9  A$lcc1640 |    000004CA  A$lcc1640 |    000004CB  A$lcc1640
     000004CC  A$lcc1640 |    000004CD  A$lcc1640 |    000004D0  A$lcc1640
     000004D2  A$lcc1640 |    000004D2  C$main.c$ |    000004D5  A$lcc1640
     000004D6  A$lcc1640 |    000004D8  A$lcc1640 |    000004D9  A$lcc1640
     000004DA  A$lcc1640 |    000004DA  C$main.c$ |    000004DB  A$lcc1640
     000004DB  C$main.c$ |    000004DB  XG$update |    000004DD  Fmain$__s
     000004E0  A$lcc1640 |    000004E0  C$main.c$ |    000004E0  C$main.c$
     000004E0  G$update_ |    000004E0  _update_f |    000004E3  A$lcc1640
     000004E4  A$lcc1640 |    000004E6  A$lcc1640 |    000004E7  A$lcc1640
     000004E8  A$lcc1640 |    000004EA  A$lcc1640 |    000004EA  C$main.c$
     000004ED  A$lcc1640 |    000004EE  A$lcc1640 |    000004EF  A$lcc1640
     000004F0  A$lcc1640 |    000004F3  A$lcc1640 |    000004F5  A$lcc1640
     000004F5  C$main.c$ |    000004F6  A$lcc1640 |    000004F6  C$main.c$
     000004F7  A$lcc1640 |    000004F9  A$lcc1640 |    000004F9  C$main.c$
     000004FA  A$lcc1640 |    000004FB  A$lcc1640 |    000004FD  A$lcc1640
     000004FE  A$lcc1640 |    00000501  A$lcc1640 |    00000502  A$lcc1640
     00000503  A$lcc1640 |    00000506  A$lcc1640 |    00000508  A$lcc1640
     00000508  C$main.c$ |    00000508  XG$update |    00000509  A$lcc1640
     00000509  C$main.c$ |    00000509  G$update_ |    00000509  _update_f
     0000050A  A$lcc1640 |    0000050D  A$lcc1640 |    0000050F  A$lcc1640
     00000510  A$lcc1640 |    00000510  C$main.c$ |    00000513  A$lcc1640
     00000513  C$main.c$ |    00000515  A$lcc1640 |    00000516  A$lcc1640
     00000517  A$lcc1640 |    00000519  A$lcc1640 |    0000051B  A$lcc1640
     0000051C  A$lcc1640 |    0000051D  A$lcc1640 |    0000051F  A$lcc1640
     00000521  A$lcc1640 |    00000522  A$lcc1640 |    00000524  A$lcc1640
     00000527  A$lcc1640 |    00000529  A$lcc1640 |    0000052A  A$lcc1640
     0000052C  A$lcc1640 |    0000052E  A$lcc1640 |    00000531  A$lcc1640
     00000531  C$main.c$ |    00000532  A$lcc1640 |    00000533  A$lcc1640
     00000536  A$lcc1640 |    00000537  A$lcc1640 |    0000053A  A$lcc1640
     0000053B  A$lcc1640 |    0000053C  A$lcc1640 |    0000053D  A$lcc1640
     00000540  A$lcc1640 |    00000541  A$lcc1640 |    00000542  A$lcc1640
ASxxxx Linker V03.00 + NoICE + sdld,  page 7.
Hexadecimal  [32-Bits]

Area                       Addr        Size        Decimal Bytes (Attributes)
--------------------       ----        ----        ------- ----- ------------
_CODE                  00000200    000027BB =       10171. bytes (REL,CON)

        Value  Global            Value  Global            Value  Global    
        -----  ------            -----  ------            -----  ------    
     00000543  A$lcc1640 |    00000546  A$lcc1640 |    00000548  A$lcc1640
     00000549  A$lcc1640 |    0000054A  A$lcc1640 |    0000054B  A$lcc1640
     0000054D  A$lcc1640 |    0000054E  A$lcc1640 |    00000551  A$lcc1640
     00000553  A$lcc1640 |    00000553  C$main.c$ |    00000556  A$lcc1640
     00000556  C$main.c$ |    00000557  A$lcc1640 |    00000559  A$lcc1640
     0000055A  A$lcc1640 |    0000055D  A$lcc1640 |    0000055F  A$lcc1640
     00000560  A$lcc1640 |    00000563  A$lcc1640 |    00000564  A$lcc1640
     00000565  A$lcc1640 |    00000566  A$lcc1640 |    00000569  A$lcc1640
     0000056A  A$lcc1640 |    0000056B  A$lcc1640 |    0000056C  A$lcc1640
     0000056F  A$lcc1640 |    00000571  A$lcc1640 |    00000573  A$lcc1640
     00000575  A$lcc1640 |    00000577  A$lcc1640 |    0000057A  A$lcc1640
     0000057C  A$lcc1640 |    0000057F  A$lcc1640 |    00000580  A$lcc1640
     00000581  A$lcc1640 |    00000582  A$lcc1640 |    00000583  A$lcc1640
     00000585  A$lcc1640 |    00000586  A$lcc1640 |    00000588  A$lcc1640
     00000589  A$lcc1640 |    0000058C  A$lcc1640 |    0000058E  A$lcc1640
     0000058E  C$main.c$ |    00000590  A$lcc1640 |    00000590  C$main.c$
     00000591  A$lcc1640 |    00000592  A$lcc1640 |    00000595  A$lcc1640
     00000596  A$lcc1640 |    00000599  A$lcc1640 |    0000059A  A$lcc1640
     0000059B  A$lcc1640 |    0000059C  A$lcc1640 |    0000059F  A$lcc1640
     000005A0  A$lcc1640 |    000005A1  A$lcc1640 |    000005A2  A$lcc1640
     000005A5  A$lcc1640 |    000005A7  A$lcc1640 |    000005A8  A$lcc1640
     000005A9  A$lcc1640 |    000005AA  A$lcc1640 |    000005AC  A$lcc1640
     000005AD  A$lcc1640 |    000005B0  A$lcc1640 |    000005B2  A$lcc1640
     000005B2  C$main.c$ |    000005B4  A$lcc1640 |    000005B4  C$main.c$
     000005B5  A$lcc1640 |    000005B6  A$lcc1640 |    000005B9  A$lcc1640
     000005BB  A$lcc1640 |    000005BC  A$lcc1640 |    000005BF  A$lcc1640
     000005C0  A$lcc1640 |    000005C1  A$lcc1640 |    000005C2  A$lcc1640
     000005C5  A$lcc1640 |    000005C6  A$lcc1640 |    000005C7  A$lcc1640
     000005C8  A$lcc1640 |    000005CB  A$lcc1640 |    000005CD  A$lcc1640
     000005CE  A$lcc1640 |    000005D0  A$lcc1640 |    000005D1  A$lcc1640
     000005D2  A$lcc1640 |    000005D3  A$lcc1640 |    000005D5  A$lcc1640
     000005D6  A$lcc1640 |    000005D9  A$lcc1640 |    000005DB  A$lcc1640
     000005DB  C$main.c$ |    000005DC  A$lcc1640 |    000005DC  C$main.c$
     000005DC  XG$update |    000005DD  A$lcc1640 |    000005DD  C$main.c$
     000005DD  C$main.c$ |    000005DD  G$reset_f |    000005DD  _reset_fr
     000005E0  A$lcc1640 |    000005E0  C$main.c$ |    000005E3  A$lcc1640
     000005E5  A$lcc1640 |    000005E5  C$main.c$ |    000005E8  A$lcc1640
     000005EA  A$lcc1640 |    000005ED  A$lcc1640 |    000005EF  A$lcc1640
     000005EF  C$main.c$ |    000005F2  A$lcc1640 |    000005F4  A$lcc1640
     000005F5  A$lcc1640 |    000005F7  A$lcc1640 |    000005F7  C$main.c$
     000005FA  A$lcc1640 |    000005FB  A$lcc1640 |    000005FC  A$lcc1640
     000005FE  A$lcc1640 |    000005FF  A$lcc1640 |    00000601  A$lcc1640
     00000601  C$main.c$ |    00000602  A$lcc1640 |    00000605  A$lcc1640
     00000605  C$main.c$ |    00000608  A$lcc1640 |    0000060A  A$lcc1640
     0000060A  C$main.c$ |    0000060D  A$lcc1640 |    0000060F  A$lcc1640
     00000610  A$lcc1640 |    00000611  A$lcc1640 |    00000614  A$lcc1640
     00000615  A$lcc1640 |    00000618  A$lcc1640 |    00000619  A$lcc1640
     0000061A  A$lcc1640 |    0000061B  A$lcc1640 |    0000061C  A$lcc1640
     0000061F  A$lcc1640 |    00000620  A$lcc1640 |    00000621  A$lcc1640
     00000622  A$lcc1640 |    00000625  A$lcc1640 |    00000627  A$lcc1640
     00000628  A$lcc1640 |    00000629  A$lcc1640 |    0000062A  A$lcc1640
ASxxxx Linker V03.00 + NoICE + sdld,  page 8.
Hexadecimal  [32-Bits]

Area                       Addr        Size        Decimal Bytes (Attributes)
--------------------       ----        ----        ------- ----- ------------
_CODE                  00000200    000027BB =       10171. bytes (REL,CON)

        Value  Global            Value  Global            Value  Global    
        -----  ------            -----  ------            -----  ------    
     0000062B  A$lcc1640 |    0000062C  A$lcc1640 |    0000062D  A$lcc1640
     0000062E  A$lcc1640 |    0000062F  A$lcc1640 |    00000632  A$lcc1640
     00000634  A$lcc1640 |    00000634  C$main.c$ |    00000634  C$main.c$
     00000634  XG$reset_ |    00000635  A$lcc1640 |    00000635  C$main.c$
     00000635  C$main.c$ |    00000635  G$reset_t |    00000635  _reset_ti
     00000638  A$lcc1640 |    0000063A  A$lcc1640 |    0000063B  A$lcc1640
     0000063D  A$lcc1640 |    0000063D  C$main.c$ |    00000640  A$lcc1640
     00000642  A$lcc1640 |    00000642  C$main.c$ |    00000645  A$lcc1640
     00000646  A$lcc1640 |    00000649  A$lcc1640 |    0000064A  A$lcc1640
     0000064D  A$lcc1640 |    0000064E  A$lcc1640 |    00000651  A$lcc1640
     00000653  A$lcc1640 |    00000653  C$main.c$ |    00000653  XG$reset_
     00000654  A$lcc1640 |    00000654  C$main.c$ |    00000654  C$main.c$
     00000654  G$frog_de |    00000654  _frog_dea |    00000657  A$lcc1640
     00000658  A$lcc1640 |    00000659  A$lcc1640 |    0000065B  A$lcc1640
     0000065B  C$main.c$ |    0000065C  A$lcc1640 |    0000065D  A$lcc1640
     0000065F  A$lcc1640 |    0000065F  C$main.c$ |    00000662  A$lcc1640
     00000664  A$lcc1640 |    00000664  C$main.c$ |    00000665  A$lcc1640
     00000665  C$main.c$ |    00000668  A$lcc1640 |    00000668  C$main.c$
     00000668  C$main.c$ |    00000668  XG$frog_d |    0000066B  A$lcc1640
     0000066B  C$main.c$ |    0000066B  C$main.c$ |    0000066B  G$init_le
     0000066B  _init_lev |    0000066E  A$lcc1640 |    0000066F  A$lcc1640
     00000672  A$lcc1640 |    00000673  A$lcc1640 |    00000676  A$lcc1640
     00000678  A$lcc1640 |    00000678  C$main.c$ |    0000067B  A$lcc1640
     0000067C  A$lcc1640 |    0000067F  A$lcc1640 |    00000680  A$lcc1640
     00000683  A$lcc1640 |    00000685  A$lcc1640 |    00000685  C$main.c$
     00000688  A$lcc1640 |    00000689  A$lcc1640 |    0000068C  A$lcc1640
     0000068D  A$lcc1640 |    00000690  A$lcc1640 |    00000692  A$lcc1640
     00000692  C$main.c$ |    00000695  A$lcc1640 |    00000696  A$lcc1640
     00000699  A$lcc1640 |    0000069A  A$lcc1640 |    0000069D  A$lcc1640
     0000069F  A$lcc1640 |    0000069F  C$main.c$ |    000006A2  A$lcc1640
     000006A3  A$lcc1640 |    000006A6  A$lcc1640 |    000006A7  A$lcc1640
     000006AA  A$lcc1640 |    000006AC  A$lcc1640 |    000006AC  C$main.c$
     000006AF  A$lcc1640 |    000006B0  A$lcc1640 |    000006B3  A$lcc1640
     000006B4  A$lcc1640 |    000006B7  A$lcc1640 |    000006B9  A$lcc1640
     000006B9  C$main.c$ |    000006BC  A$lcc1640 |    000006BD  A$lcc1640
     000006C0  A$lcc1640 |    000006C1  A$lcc1640 |    000006C2  A$lcc1640
     000006C3  A$lcc1640 |    000006C4  A$lcc1640 |    000006C7  A$lcc1640
     000006C9  A$lcc1640 |    000006C9  C$main.c$ |    000006CC  A$lcc1640
     000006CD  A$lcc1640 |    000006CF  A$lcc1640 |    000006D0  A$lcc1640
     000006D1  A$lcc1640 |    000006D4  A$lcc1640 |    000006D6  A$lcc1640
     000006D6  C$main.c$ |    000006D9  A$lcc1640 |    000006DB  A$lcc1640
     000006DB  C$main.c$ |    000006DE  A$lcc1640 |    000006E0  A$lcc1640
     000006E0  C$main.c$ |    000006E3  A$lcc1640 |    000006E5  A$lcc1640
     000006E6  A$lcc1640 |    000006E8  A$lcc1640 |    000006E8  C$main.c$
     000006EB  A$lcc1640 |    000006ED  A$lcc1640 |    000006EE  A$lcc1640
     000006F0  A$lcc1640 |    000006F0  C$main.c$ |    000006F3  A$lcc1640
     000006F5  A$lcc1640 |    000006F5  C$main.c$ |    000006F6  A$lcc1640
     000006F9  A$lcc1640 |    000006FA  A$lcc1640 |    000006FB  A$lcc1640
     000006FB  C$main.c$ |    000006FE  A$lcc1640 |    000006FE  C$main.c$
     00000701  A$lcc1640 |    00000703  A$lcc1640 |    00000703  C$main.c$
     00000706  A$lcc1640 |    00000706  C$main.c$ |    00000709  A$lcc1640
ASxxxx Linker V03.00 + NoICE + sdld,  page 9.
Hexadecimal  [32-Bits]

Area                       Addr        Size        Decimal Bytes (Attributes)
--------------------       ----        ----        ------- ----- ------------
_CODE                  00000200    000027BB =       10171. bytes (REL,CON)

        Value  Global            Value  Global            Value  Global    
        -----  ------            -----  ------            -----  ------    
     00000709  C$main.c$ |    0000070C  A$lcc1640 |    0000070C  C$main.c$
     0000070F  A$lcc1640 |    0000070F  C$main.c$ |    00000712  A$lcc1640
     00000712  C$main.c$ |    00000714  A$lcc1640 |    00000715  A$lcc1640
     00000717  A$lcc1640 |    00000719  A$lcc1640 |    00000719  C$main.c$
     0000071C  A$lcc1640 |    0000071E  A$lcc1640 |    0000071F  A$lcc1640
     00000721  A$lcc1640 |    00000721  C$main.c$ |    00000722  A$lcc1640
     00000724  A$lcc1640 |    00000724  C$main.c$ |    00000726  A$lcc1640
     00000729  A$lcc1640 |    0000072A  A$lcc1640 |    0000072A  C$main.c$
     0000072B  A$lcc1640 |    0000072D  A$lcc1640 |    0000072E  A$lcc1640
     00000731  A$lcc1640 |    00000732  A$lcc1640 |    00000732  C$main.c$
     00000732  XG$init_l |    00000733  A$lcc1640 |    00000733  C$main.c$
     00000733  G$move_fr |    00000733  _move_fro |    00000734  A$lcc1640
     00000735  A$lcc1640 |    00000735  C$main.c$ |    00000738  A$lcc1640
     00000739  A$lcc1640 |    0000073C  A$lcc1640 |    0000073C  C$main.c$
     0000073F  A$lcc1640 |    00000740  A$lcc1640 |    00000742  A$lcc1640
     00000743  A$lcc1640 |    00000744  A$lcc1640 |    00000745  A$lcc1640
     00000746  A$lcc1640 |    00000749  A$lcc1640 |    0000074B  A$lcc1640
     0000074D  A$lcc1640 |    00000750  A$lcc1640 |    00000752  A$lcc1640
     00000755  A$lcc1640 |    00000756  A$lcc1640 |    00000757  A$lcc1640
     00000758  A$lcc1640 |    00000759  A$lcc1640 |    0000075A  A$lcc1640
     0000075D  A$lcc1640 |    0000075E  A$lcc1640 |    0000075F  A$lcc1640
     00000760  A$lcc1640 |    00000763  A$lcc1640 |    00000764  A$lcc1640
     00000767  A$lcc1640 |    00000768  A$lcc1640 |    0000076B  A$lcc1640
     0000076C  A$lcc1640 |    0000076D  A$lcc1640 |    0000076F  A$lcc1640
     00000771  A$lcc1640 |    00000773  A$lcc1640 |    00000773  C$main.c$
     00000774  A$lcc1640 |    00000776  A$lcc1640 |    00000778  A$lcc1640
     00000779  A$lcc1640 |    0000077B  A$lcc1640 |    0000077C  A$lcc1640
     0000077F  A$lcc1640 |    00000781  A$lcc1640 |    00000782  A$lcc1640
     00000785  A$lcc1640 |    00000786  A$lcc1640 |    00000787  A$lcc1640
     00000788  A$lcc1640 |    0000078B  A$lcc1640 |    0000078C  A$lcc1640
     0000078D  A$lcc1640 |    00000790  A$lcc1640 |    00000792  A$lcc1640
     00000794  A$lcc1640 |    00000795  A$lcc1640 |    00000796  A$lcc1640
     00000797  A$lcc1640 |    00000798  A$lcc1640 |    0000079A  A$lcc1640
     0000079B  A$lcc1640 |    0000079E  A$lcc1640 |    000007A0  A$lcc1640
     000007A0  C$main.c$ |    000007A3  A$lcc1640 |    000007A3  C$main.c$
     000007A4  A$lcc1640 |    000007A6  A$lcc1640 |    000007A9  A$lcc1640
     000007AA  A$lcc1640 |    000007AC  A$lcc1640 |    000007AD  A$lcc1640
     000007B0  A$lcc1640 |    000007B2  A$lcc1640 |    000007B3  A$lcc1640
     000007B6  A$lcc1640 |    000007B7  A$lcc1640 |    000007B8  A$lcc1640
     000007B9  A$lcc1640 |    000007BC  A$lcc1640 |    000007BD  A$lcc1640
     000007BE  A$lcc1640 |    000007C1  A$lcc1640 |    000007C3  A$lcc1640
     000007C5  A$lcc1640 |    000007C6  A$lcc1640 |    000007C8  A$lcc1640
     000007C9  A$lcc1640 |    000007CA  A$lcc1640 |    000007CB  A$lcc1640
     000007CC  A$lcc1640 |    000007CE  A$lcc1640 |    000007CF  A$lcc1640
     000007D2  A$lcc1640 |    000007D4  A$lcc1640 |    000007D4  C$main.c$
     000007D7  A$lcc1640 |    000007D7  C$main.c$ |    000007DA  A$lcc1640
     000007DB  A$lcc1640 |    000007DE  A$lcc1640 |    000007DE  C$main.c$
     000007E1  A$lcc1640 |    000007E2  A$lcc1640 |    000007E3  A$lcc1640
     000007E4  A$lcc1640 |    000007E7  A$lcc1640 |    000007E9  A$lcc1640
     000007EB  A$lcc1640 |    000007EE  A$lcc1640 |    000007F0  A$lcc1640
     000007F3  A$lcc1640 |    000007F4  A$lcc1640 |    000007F5  A$lcc1640
ASxxxx Linker V03.00 + NoICE + sdld,  page 10.
Hexadecimal  [32-Bits]

Area                       Addr        Size        Decimal Bytes (Attributes)
--------------------       ----        ----        ------- ----- ------------
_CODE                  00000200    000027BB =       10171. bytes (REL,CON)

        Value  Global            Value  Global            Value  Global    
        -----  ------            -----  ------            -----  ------    
     000007F6  A$lcc1640 |    000007F9  A$lcc1640 |    000007FA  A$lcc1640
     000007FB  A$lcc1640 |    000007FC  A$lcc1640 |    000007FF  A$lcc1640
     00000800  A$lcc1640 |    00000803  A$lcc1640 |    00000804  A$lcc1640
     00000806  A$lcc1640 |    00000806  C$main.c$ |    00000806  C$main.c$
     00000807  A$lcc1640 |    00000808  A$lcc1640 |    00000809  A$lcc1640
     00000809  C$main.c$ |    0000080A  A$lcc1640 |    0000080B  A$lcc1640
     0000080D  A$lcc1640 |    00000810  A$lcc1640 |    00000812  A$lcc1640
     00000813  A$lcc1640 |    00000816  A$lcc1640 |    00000818  A$lcc1640
     00000819  A$lcc1640 |    0000081C  A$lcc1640 |    0000081D  A$lcc1640
     0000081E  A$lcc1640 |    0000081F  A$lcc1640 |    00000820  A$lcc1640
     00000823  A$lcc1640 |    00000824  A$lcc1640 |    00000825  A$lcc1640
     00000826  A$lcc1640 |    00000829  A$lcc1640 |    0000082B  A$lcc1640
     0000082D  A$lcc1640 |    0000082E  A$lcc1640 |    0000082F  A$lcc1640
     00000830  A$lcc1640 |    00000831  A$lcc1640 |    00000833  A$lcc1640
     00000834  A$lcc1640 |    00000837  A$lcc1640 |    00000839  A$lcc1640
     00000839  C$main.c$ |    0000083B  A$lcc1640 |    0000083B  C$main.c$
     0000083C  A$lcc1640 |    0000083E  A$lcc1640 |    00000841  A$lcc1640
     00000843  A$lcc1640 |    00000845  A$lcc1640 |    00000846  A$lcc1640
     00000849  A$lcc1640 |    0000084B  A$lcc1640 |    0000084C  A$lcc1640
     0000084F  A$lcc1640 |    00000850  A$lcc1640 |    00000851  A$lcc1640
     00000852  A$lcc1640 |    00000853  A$lcc1640 |    00000856  A$lcc1640
     00000857  A$lcc1640 |    00000858  A$lcc1640 |    00000859  A$lcc1640
     0000085C  A$lcc1640 |    0000085E  A$lcc1640 |    00000860  A$lcc1640
     00000862  A$lcc1640 |    00000864  A$lcc1640 |    00000867  A$lcc1640
     00000869  A$lcc1640 |    0000086C  A$lcc1640 |    0000086E  A$lcc1640
     0000086F  A$lcc1640 |    00000870  A$lcc1640 |    00000871  A$lcc1640
     00000872  A$lcc1640 |    00000873  A$lcc1640 |    00000875  A$lcc1640
     00000876  A$lcc1640 |    00000879  A$lcc1640 |    0000087B  A$lcc1640
     0000087B  C$main.c$ |    0000087C  A$lcc1640 |    0000087D  A$lcc1640
     0000087D  C$main.c$ |    0000087D  XG$move_f |    0000087E  A$lcc1640
     0000087E  C$main.c$ |    0000087E  C$main.c$ |    0000087E  G$animate
     0000087E  XG$animat |    0000087E  _animate_ |    0000087F  A$lcc1640
     0000087F  C$main.c$ |    0000087F  C$main.c$ |    0000087F  G$update_
     0000087F  _update_m |    00000882  A$lcc1640 |    00000883  A$lcc1640
     00000885  A$lcc1640 |    00000885  C$main.c$ |    00000888  A$lcc1640
     00000888  C$main.c$ |    0000088B  A$lcc1640 |    0000088D  A$lcc1640
     0000088F  A$lcc1640 |    00000892  A$lcc1640 |    00000894  A$lcc1640
     00000897  A$lcc1640 |    00000898  A$lcc1640 |    0000089B  A$lcc1640
     0000089C  A$lcc1640 |    0000089D  A$lcc1640 |    0000089E  A$lcc1640
     0000089E  C$main.c$ |    000008A1  A$lcc1640 |    000008A2  A$lcc1640
     000008A4  A$lcc1640 |    000008A4  C$main.c$ |    000008A7  A$lcc1640
     000008A7  C$main.c$ |    000008AA  A$lcc1640 |    000008AC  A$lcc1640
     000008AE  A$lcc1640 |    000008B1  A$lcc1640 |    000008B3  A$lcc1640
     000008B6  A$lcc1640 |    000008B7  A$lcc1640 |    000008BA  A$lcc1640
     000008BB  A$lcc1640 |    000008BC  A$lcc1640 |    000008BD  A$lcc1640
     000008BD  C$main.c$ |    000008C0  A$lcc1640 |    000008C1  A$lcc1640
     000008C3  A$lcc1640 |    000008C6  A$lcc1640 |    000008C7  A$lcc1640
     000008C8  A$lcc1640 |    000008C8  C$main.c$ |    000008CB  A$lcc1640
     000008CD  A$lcc1640 |    000008CD  C$main.c$ |    000008D0  A$lcc1640
     000008D1  A$lcc1640 |    000008D2  A$lcc1640 |    000008D3  A$lcc1640
     000008D6  A$lcc1640 |    000008D7  A$lcc1640 |    000008D9  A$lcc1640
ASxxxx Linker V03.00 + NoICE + sdld,  page 11.
Hexadecimal  [32-Bits]

Area                       Addr        Size        Decimal Bytes (Attributes)
--------------------       ----        ----        ------- ----- ------------
_CODE                  00000200    000027BB =       10171. bytes (REL,CON)

        Value  Global            Value  Global            Value  Global    
        -----  ------            -----  ------            -----  ------    
     000008DA  A$lcc1640 |    000008DB  A$lcc1640 |    000008DC  A$lcc1640
     000008DD  A$lcc1640 |    000008DE  A$lcc1640 |    000008DF  A$lcc1640
     000008E1  A$lcc1640 |    000008E3  A$lcc1640 |    000008E5  A$lcc1640
     000008E7  A$lcc1640 |    000008E8  A$lcc1640 |    000008EA  A$lcc1640
     000008EC  A$lcc1640 |    000008EE  A$lcc1640 |    000008EF  A$lcc1640
     000008F0  A$lcc1640 |    000008F0  C$main.c$ |    000008F3  A$lcc1640
     000008F4  A$lcc1640 |    000008F6  A$lcc1640 |    000008F7  A$lcc1640
     000008F8  A$lcc1640 |    000008FA  A$lcc1640 |    000008FB  A$lcc1640
     000008FB  C$main.c$ |    000008FE  A$lcc1640 |    000008FE  C$main.c$
     00000901  A$lcc1640 |    00000904  A$lcc1640 |    00000904  C$main.c$
     00000904  XG$update |    00000905  A$lcc1640 |    00000905  C$main.c$
     00000905  C$main.c$ |    00000905  G$paralla |    00000905  _parallax
     00000907  A$lcc1640 |    00000908  A$lcc1640 |    0000090A  A$lcc1640
     0000090C  A$lcc1640 |    0000090E  A$lcc1640 |    00000910  A$lcc1640
     00000912  A$lcc1640 |    00000914  A$lcc1640 |    00000916  A$lcc1640
     00000918  A$lcc1640 |    0000091A  A$lcc1640 |    0000091C  A$lcc1640
     0000091E  A$lcc1640 |    00000920  A$lcc1640 |    00000922  A$lcc1640
     00000924  A$lcc1640 |    00000926  A$lcc1640 |    00000928  A$lcc1640
     0000092A  A$lcc1640 |    0000092C  A$lcc1640 |    0000092F  A$lcc1640
     00000931  A$lcc1640 |    00000934  A$lcc1640 |    00000936  A$lcc1640
     00000939  A$lcc1640 |    0000093B  A$lcc1640 |    0000093E  A$lcc1640
     0000093F  A$lcc1640 |    0000093F  C$main.c$ |    00000940  A$lcc1640
     00000942  A$lcc1640 |    00000943  A$lcc1640 |    00000945  A$lcc1640
     00000945  C$main.c$ |    00000947  A$lcc1640 |    00000949  A$lcc1640
     00000949  C$main.c$ |    0000094A  A$lcc1640 |    0000094A  C$main.c$
     0000094D  A$lcc1640 |    0000094F  A$lcc1640 |    00000950  A$lcc1640
     00000952  A$lcc1640 |    00000952  C$main.c$ |    00000954  A$lcc1640
     00000956  A$lcc1640 |    00000956  C$main.c$ |    00000957  A$lcc1640
     00000957  C$main.c$ |    0000095A  A$lcc1640 |    0000095C  A$lcc1640
     0000095D  A$lcc1640 |    0000095F  A$lcc1640 |    0000095F  C$main.c$
     00000961  A$lcc1640 |    00000963  A$lcc1640 |    00000963  C$main.c$
     00000964  A$lcc1640 |    00000964  C$main.c$ |    00000967  A$lcc1640
     00000969  A$lcc1640 |    0000096A  A$lcc1640 |    0000096C  A$lcc1640
     0000096C  C$main.c$ |    0000096E  A$lcc1640 |    00000970  A$lcc1640
     00000970  C$main.c$ |    00000971  A$lcc1640 |    00000971  C$main.c$
     00000974  A$lcc1640 |    00000976  A$lcc1640 |    00000977  A$lcc1640
     00000979  A$lcc1640 |    00000979  C$main.c$ |    0000097B  A$lcc1640
     0000097D  A$lcc1640 |    0000097D  C$main.c$ |    0000097E  A$lcc1640
     0000097E  C$main.c$ |    00000981  A$lcc1640 |    00000983  A$lcc1640
     00000984  A$lcc1640 |    00000986  A$lcc1640 |    00000986  C$main.c$
     00000988  A$lcc1640 |    0000098A  A$lcc1640 |    0000098A  C$main.c$
     0000098B  A$lcc1640 |    0000098B  C$main.c$ |    0000098C  A$lcc1640
     0000098E  A$lcc1640 |    0000098F  A$lcc1640 |    00000991  A$lcc1640
     00000991  C$main.c$ |    00000993  A$lcc1640 |    00000995  A$lcc1640
     00000995  C$main.c$ |    00000996  A$lcc1640 |    00000996  C$main.c$
     00000999  A$lcc1640 |    0000099B  A$lcc1640 |    0000099C  A$lcc1640
     0000099E  A$lcc1640 |    0000099E  C$main.c$ |    000009A0  A$lcc1640
     000009A2  A$lcc1640 |    000009A2  C$main.c$ |    000009A3  A$lcc1640
     000009A3  C$main.c$ |    000009A6  A$lcc1640 |    000009A8  A$lcc1640
     000009A9  A$lcc1640 |    000009AB  A$lcc1640 |    000009AB  C$main.c$
     000009AD  A$lcc1640 |    000009AF  A$lcc1640 |    000009AF  C$main.c$
ASxxxx Linker V03.00 + NoICE + sdld,  page 12.
Hexadecimal  [32-Bits]

Area                       Addr        Size        Decimal Bytes (Attributes)
--------------------       ----        ----        ------- ----- ------------
_CODE                  00000200    000027BB =       10171. bytes (REL,CON)

        Value  Global            Value  Global            Value  Global    
        -----  ------            -----  ------            -----  ------    
     000009B0  A$lcc1640 |    000009B0  C$main.c$ |    000009B3  A$lcc1640
     000009B5  A$lcc1640 |    000009B6  A$lcc1640 |    000009B8  A$lcc1640
     000009B8  C$main.c$ |    000009BA  A$lcc1640 |    000009BC  A$lcc1640
     000009BC  C$main.c$ |    000009BD  A$lcc1640 |    000009BD  C$main.c$
     000009C0  A$lcc1640 |    000009C2  A$lcc1640 |    000009C3  A$lcc1640
     000009C5  A$lcc1640 |    000009C5  C$main.c$ |    000009C7  A$lcc1640
     000009C9  A$lcc1640 |    000009C9  C$main.c$ |    000009CA  A$lcc1640
     000009CA  C$main.c$ |    000009CD  A$lcc1640 |    000009CF  A$lcc1640
     000009D0  A$lcc1640 |    000009D2  A$lcc1640 |    000009D2  C$main.c$
     000009D4  A$lcc1640 |    000009D6  A$lcc1640 |    000009D6  C$main.c$
     000009D7  A$lcc1640 |    000009D7  C$main.c$ |    000009D8  A$lcc1640
     000009DA  A$lcc1640 |    000009DB  A$lcc1640 |    000009DD  A$lcc1640
     000009DD  C$main.c$ |    000009DE  A$lcc1640 |    000009E0  A$lcc1640
     000009E0  C$main.c$ |    000009E0  C$main.c$ |    000009E0  XG$parall
     000009E1  A$lcc1640 |    000009E1  C$main.c$ |    000009E1  G$update_
     000009E1  _update_p |    000009E4  A$lcc1640 |    000009E5  A$lcc1640
     000009E5  C$main.c$ |    000009E6  A$lcc1640 |    000009E6  C$main.c$
     000009E9  A$lcc1640 |    000009EB  A$lcc1640 |    000009ED  A$lcc1640
     000009EE  A$lcc1640 |    000009EF  A$lcc1640 |    000009F1  A$lcc1640
     000009F1  C$main.c$ |    000009F2  A$lcc1640 |    000009F4  A$lcc1640
     000009F6  A$lcc1640 |    000009F6  C$main.c$ |    000009F8  A$lcc1640
     000009FA  A$lcc1640 |    000009FA  C$main.c$ |    000009FB  A$lcc1640
     000009FD  A$lcc1640 |    000009FD  C$main.c$ |    00000A00  A$lcc1640
     00000A01  A$lcc1640 |    00000A03  A$lcc1640 |    00000A05  A$lcc1640
     00000A05  C$main.c$ |    00000A07  A$lcc1640 |    00000A07  C$main.c$
     00000A0A  A$lcc1640 |    00000A0B  A$lcc1640 |    00000A0D  A$lcc1640
     00000A10  A$lcc1640 |    00000A11  A$lcc1640 |    00000A14  A$lcc1640
     00000A15  A$lcc1640 |    00000A15  C$main.c$ |    00000A17  A$lcc1640
     00000A17  C$main.c$ |    00000A1A  A$lcc1640 |    00000A1B  A$lcc1640
     00000A1D  A$lcc1640 |    00000A1D  C$main.c$ |    00000A1F  A$lcc1640
     00000A1F  C$main.c$ |    00000A21  A$lcc1640 |    00000A24  A$lcc1640
     00000A25  A$lcc1640 |    00000A28  A$lcc1640 |    00000A29  A$lcc1640
     00000A29  C$main.c$ |    00000A29  C$main.c$ |    00000A2C  A$lcc1640
     00000A2D  A$lcc1640 |    00000A2D  C$main.c$ |    00000A2D  XG$update
     00000A2E  A$lcc1640 |    00000A2E  C$main.c$ |    00000A2E  G$scroll_
     00000A2E  _scroll_c |    00000A2F  A$lcc1640 |    00000A2F  C$main.c$
     00000A32  A$lcc1640 |    00000A33  A$lcc1640 |    00000A35  A$lcc1640
     00000A38  A$lcc1640 |    00000A3B  A$lcc1640 |    00000A3C  A$lcc1640
     00000A3D  A$lcc1640 |    00000A3F  A$lcc1640 |    00000A3F  C$main.c$
     00000A42  A$lcc1640 |    00000A43  A$lcc1640 |    00000A44  A$lcc1640
     00000A45  A$lcc1640 |    00000A45  C$main.c$ |    00000A46  A$lcc1640
     00000A47  A$lcc1640 |    00000A48  A$lcc1640 |    00000A49  A$lcc1640
     00000A4A  A$lcc1640 |    00000A4B  A$lcc1640 |    00000A4B  C$main.c$
     00000A4C  A$lcc1640 |    00000A4D  A$lcc1640 |    00000A4E  A$lcc1640
     00000A4F  A$lcc1640 |    00000A50  A$lcc1640 |    00000A51  A$lcc1640
     00000A52  A$lcc1640 |    00000A52  C$main.c$ |    00000A55  A$lcc1640
     00000A56  A$lcc1640 |    00000A58  A$lcc1640 |    00000A5B  A$lcc1640
     00000A5C  A$lcc1640 |    00000A5C  C$main.c$ |    00000A5C  C$main.c$
     00000A5D  A$lcc1640 |    00000A5F  A$lcc1640 |    00000A5F  C$main.c$
     00000A62  A$lcc1640 |    00000A63  A$lcc1640 |    00000A64  A$lcc1640
     00000A65  A$lcc1640 |    00000A66  A$lcc1640 |    00000A69  A$lcc1640
ASxxxx Linker V03.00 + NoICE + sdld,  page 13.
Hexadecimal  [32-Bits]

Area                       Addr        Size        Decimal Bytes (Attributes)
--------------------       ----        ----        ------- ----- ------------
_CODE                  00000200    000027BB =       10171. bytes (REL,CON)

        Value  Global            Value  Global            Value  Global    
        -----  ------            -----  ------            -----  ------    
     00000A6A  A$lcc1640 |    00000A6B  A$lcc1640 |    00000A6C  A$lcc1640
     00000A6C  C$main.c$ |    00000A6F  A$lcc1640 |    00000A6F  C$main.c$
     00000A72  A$lcc1640 |    00000A74  A$lcc1640 |    00000A76  A$lcc1640
     00000A76  C$main.c$ |    00000A79  A$lcc1640 |    00000A7A  A$lcc1640
     00000A7B  A$lcc1640 |    00000A7C  A$lcc1640 |    00000A7D  A$lcc1640
     00000A80  A$lcc1640 |    00000A81  A$lcc1640 |    00000A82  A$lcc1640
     00000A83  A$lcc1640 |    00000A83  C$main.c$ |    00000A86  A$lcc1640
     00000A86  C$main.c$ |    00000A89  A$lcc1640 |    00000A8A  A$lcc1640
     00000A8C  A$lcc1640 |    00000A8F  A$lcc1640 |    00000A92  A$lcc1640
     00000A93  A$lcc1640 |    00000A94  A$lcc1640 |    00000A96  A$lcc1640
     00000A96  C$main.c$ |    00000A99  A$lcc1640 |    00000A9A  A$lcc1640
     00000A9B  A$lcc1640 |    00000A9C  A$lcc1640 |    00000A9C  C$main.c$
     00000A9F  A$lcc1640 |    00000AA0  A$lcc1640 |    00000AA2  A$lcc1640
     00000AA2  C$main.c$ |    00000AA5  A$lcc1640 |    00000AA6  A$lcc1640
     00000AA7  A$lcc1640 |    00000AA8  A$lcc1640 |    00000AA9  A$lcc1640
     00000AAC  A$lcc1640 |    00000AAD  A$lcc1640 |    00000AAE  A$lcc1640
     00000AAF  A$lcc1640 |    00000AB2  A$lcc1640 |    00000AB4  A$lcc1640
     00000AB5  A$lcc1640 |    00000AB8  A$lcc1640 |    00000AB9  A$lcc1640
     00000ABA  A$lcc1640 |    00000ABB  A$lcc1640 |    00000ABE  A$lcc1640
     00000ABF  A$lcc1640 |    00000AC0  A$lcc1640 |    00000AC1  A$lcc1640
     00000AC4  A$lcc1640 |    00000AC6  A$lcc1640 |    00000AC8  A$lcc1640
     00000AC9  A$lcc1640 |    00000ACA  A$lcc1640 |    00000ACB  A$lcc1640
     00000ACC  A$lcc1640 |    00000ACE  A$lcc1640 |    00000ACF  A$lcc1640
     00000AD2  A$lcc1640 |    00000AD4  A$lcc1640 |    00000AD4  C$main.c$
     00000AD7  A$lcc1640 |    00000AD7  C$main.c$ |    00000ADA  A$lcc1640
     00000ADB  A$lcc1640 |    00000ADD  A$lcc1640 |    00000ADD  C$main.c$
     00000AE0  A$lcc1640 |    00000AE2  A$lcc1640 |    00000AE4  A$lcc1640
     00000AE4  C$main.c$ |    00000AE7  A$lcc1640 |    00000AE8  A$lcc1640
     00000AE9  A$lcc1640 |    00000AEA  A$lcc1640 |    00000AEB  A$lcc1640
     00000AEE  A$lcc1640 |    00000AEF  A$lcc1640 |    00000AF0  A$lcc1640
     00000AF1  A$lcc1640 |    00000AF1  C$main.c$ |    00000AF4  A$lcc1640
     00000AF4  C$main.c$ |    00000AF7  A$lcc1640 |    00000AF9  A$lcc1640
     00000AFB  A$lcc1640 |    00000AFB  C$main.c$ |    00000AFE  A$lcc1640
     00000AFF  A$lcc1640 |    00000B00  A$lcc1640 |    00000B01  A$lcc1640
     00000B01  C$main.c$ |    00000B04  A$lcc1640 |    00000B05  A$lcc1640
     00000B06  A$lcc1640 |    00000B07  A$lcc1640 |    00000B07  C$main.c$
     00000B0A  A$lcc1640 |    00000B0B  A$lcc1640 |    00000B0C  A$lcc1640
     00000B0D  A$lcc1640 |    00000B0D  C$main.c$ |    00000B10  A$lcc1640
     00000B11  A$lcc1640 |    00000B12  A$lcc1640 |    00000B13  A$lcc1640
     00000B13  C$main.c$ |    00000B16  A$lcc1640 |    00000B17  A$lcc1640
     00000B19  A$lcc1640 |    00000B19  C$main.c$ |    00000B1C  A$lcc1640
     00000B1E  A$lcc1640 |    00000B20  A$lcc1640 |    00000B20  C$main.c$
     00000B23  A$lcc1640 |    00000B24  A$lcc1640 |    00000B25  A$lcc1640
     00000B26  A$lcc1640 |    00000B27  A$lcc1640 |    00000B2A  A$lcc1640
     00000B2B  A$lcc1640 |    00000B2C  A$lcc1640 |    00000B2D  A$lcc1640
     00000B2D  C$main.c$ |    00000B30  A$lcc1640 |    00000B30  C$main.c$
     00000B33  A$lcc1640 |    00000B34  A$lcc1640 |    00000B36  A$lcc1640
     00000B39  A$lcc1640 |    00000B3C  A$lcc1640 |    00000B3D  A$lcc1640
     00000B3E  A$lcc1640 |    00000B40  A$lcc1640 |    00000B40  C$main.c$
     00000B43  A$lcc1640 |    00000B44  A$lcc1640 |    00000B45  A$lcc1640
     00000B46  A$lcc1640 |    00000B46  C$main.c$ |    00000B49  A$lcc1640
ASxxxx Linker V03.00 + NoICE + sdld,  page 14.
Hexadecimal  [32-Bits]

Area                       Addr        Size        Decimal Bytes (Attributes)
--------------------       ----        ----        ------- ----- ------------
_CODE                  00000200    000027BB =       10171. bytes (REL,CON)

        Value  Global            Value  Global            Value  Global    
        -----  ------            -----  ------            -----  ------    
     00000B4A  A$lcc1640 |    00000B4B  A$lcc1640 |    00000B4C  A$lcc1640
     00000B4C  C$main.c$ |    00000B4F  A$lcc1640 |    00000B50  A$lcc1640
     00000B51  A$lcc1640 |    00000B51  C$main.c$ |    00000B51  XG$scroll
     00000B52  A$lcc1640 |    00000B52  C$main.c$ |    00000B52  C$main.c$
     00000B52  G$pause_g |    00000B52  _pause_ga |    00000B55  A$lcc1640
     00000B57  A$lcc1640 |    00000B57  C$main.c$ |    00000B5A  A$lcc1640
     00000B5B  A$lcc1640 |    00000B5E  A$lcc1640 |    00000B5F  A$lcc1640
     00000B62  A$lcc1640 |    00000B63  A$lcc1640 |    00000B64  A$lcc1640
     00000B65  A$lcc1640 |    00000B65  C$main.c$ |    00000B68  A$lcc1640
     00000B69  A$lcc1640 |    00000B6A  A$lcc1640 |    00000B6B  A$lcc1640
     00000B6B  C$main.c$ |    00000B6D  A$lcc1640 |    00000B6E  A$lcc1640
     00000B6F  A$lcc1640 |    00000B72  A$lcc1640 |    00000B73  A$lcc1640
     00000B74  A$lcc1640 |    00000B75  A$lcc1640 |    00000B76  A$lcc1640
     00000B79  A$lcc1640 |    00000B7B  A$lcc1640 |    00000B7B  C$main.c$
     00000B7E  A$lcc1640 |    00000B7F  A$lcc1640 |    00000B81  A$lcc1640
     00000B82  A$lcc1640 |    00000B83  A$lcc1640 |    00000B83  C$main.c$
     00000B84  A$lcc1640 |    00000B84  C$main.c$ |    00000B84  XG$pause_
     00000B86  A$lcc1640 |    00000B86  C$main.c$ |    00000B86  C$main.c$
     00000B86  G$unpause |    00000B86  _unpause_ |    00000B89  A$lcc1640
     00000B8B  A$lcc1640 |    00000B8B  C$main.c$ |    00000B8E  A$lcc1640
     00000B8F  A$lcc1640 |    00000B92  A$lcc1640 |    00000B93  A$lcc1640
     00000B96  A$lcc1640 |    00000B97  A$lcc1640 |    00000B98  A$lcc1640
     00000B99  A$lcc1640 |    00000B99  C$main.c$ |    00000B9B  A$lcc1640
     00000B9C  A$lcc1640 |    00000B9D  A$lcc1640 |    00000B9E  A$lcc1640
     00000B9E  C$main.c$ |    00000B9F  A$lcc1640 |    00000BA0  A$lcc1640
     00000BA1  A$lcc1640 |    00000BA4  A$lcc1640 |    00000BA5  A$lcc1640
     00000BA6  A$lcc1640 |    00000BA7  A$lcc1640 |    00000BA8  A$lcc1640
     00000BAB  A$lcc1640 |    00000BAD  A$lcc1640 |    00000BAD  C$main.c$
     00000BB0  A$lcc1640 |    00000BB1  A$lcc1640 |    00000BB3  A$lcc1640
     00000BB4  A$lcc1640 |    00000BB5  A$lcc1640 |    00000BB5  C$main.c$
     00000BB6  A$lcc1640 |    00000BB6  C$main.c$ |    00000BB6  XG$unpaus
     00000BB8  A$lcc1640 |    00000BB8  C$main.c$ |    00000BB8  G$drain_t
     00000BB8  _drain_ti |    00000BB9  A$lcc1640 |    00000BBA  A$lcc1640
     00000BBA  C$main.c$ |    00000BBD  A$lcc1640 |    00000BBE  A$lcc1640
     00000BC0  A$lcc1640 |    00000BC1  A$lcc1640 |    00000BC3  A$lcc1640
     00000BC5  A$lcc1640 |    00000BC6  A$lcc1640 |    00000BC6  C$main.c$
     00000BC7  A$lcc1640 |    00000BC8  A$lcc1640 |    00000BCA  A$lcc1640
     00000BCC  A$lcc1640 |    00000BCF  A$lcc1640 |    00000BD0  A$lcc1640
     00000BD2  A$lcc1640 |    00000BD4  A$lcc1640 |    00000BD6  A$lcc1640
     00000BD8  A$lcc1640 |    00000BDA  A$lcc1640 |    00000BDC  A$lcc1640
     00000BDD  A$lcc1640 |    00000BDD  C$main.c$ |    00000BDF  A$lcc1640
     00000BE0  A$lcc1640 |    00000BE2  A$lcc1640 |    00000BE3  A$lcc1640
     00000BE6  A$lcc1640 |    00000BE7  A$lcc1640 |    00000BE8  A$lcc1640
     00000BE8  C$main.c$ |    00000BEB  A$lcc1640 |    00000BEC  A$lcc1640
     00000BEF  A$lcc1640 |    00000BF0  A$lcc1640 |    00000BF2  A$lcc1640
     00000BF3  A$lcc1640 |    00000BF6  A$lcc1640 |    00000BF7  A$lcc1640
     00000BF8  A$lcc1640 |    00000BF9  A$lcc1640 |    00000BFA  A$lcc1640
     00000BFD  A$lcc1640 |    00000BFE  A$lcc1640 |    00000BFF  A$lcc1640
     00000C00  A$lcc1640 |    00000C01  A$lcc1640 |    00000C02  A$lcc1640
     00000C03  A$lcc1640 |    00000C04  A$lcc1640 |    00000C07  A$lcc1640
     00000C08  A$lcc1640 |    00000C09  A$lcc1640 |    00000C09  C$main.c$
ASxxxx Linker V03.00 + NoICE + sdld,  page 15.
Hexadecimal  [32-Bits]

Area                       Addr        Size        Decimal Bytes (Attributes)
--------------------       ----        ----        ------- ----- ------------
_CODE                  00000200    000027BB =       10171. bytes (REL,CON)

        Value  Global            Value  Global            Value  Global    
        -----  ------            -----  ------            -----  ------    
     00000C0C  A$lcc1640 |    00000C0D  A$lcc1640 |    00000C0F  A$lcc1640
     00000C0F  C$main.c$ |    00000C10  A$lcc1640 |    00000C13  A$lcc1640
     00000C14  A$lcc1640 |    00000C14  C$main.c$ |    00000C16  A$lcc1640
     00000C17  A$lcc1640 |    00000C19  A$lcc1640 |    00000C1B  A$lcc1640
     00000C1C  A$lcc1640 |    00000C1E  A$lcc1640 |    00000C1F  A$lcc1640
     00000C20  A$lcc1640 |    00000C22  A$lcc1640 |    00000C23  A$lcc1640
     00000C24  A$lcc1640 |    00000C26  A$lcc1640 |    00000C27  A$lcc1640
     00000C28  A$lcc1640 |    00000C2A  A$lcc1640 |    00000C2A  C$main.c$
     00000C2C  A$lcc1640 |    00000C2D  A$lcc1640 |    00000C2F  A$lcc1640
     00000C30  A$lcc1640 |    00000C32  A$lcc1640 |    00000C33  A$lcc1640
     00000C34  A$lcc1640 |    00000C35  A$lcc1640 |    00000C36  A$lcc1640
     00000C39  A$lcc1640 |    00000C3B  A$lcc1640 |    00000C3B  C$main.c$
     00000C3E  A$lcc1640 |    00000C3F  A$lcc1640 |    00000C3F  C$main.c$
     00000C42  A$lcc1640 |    00000C43  A$lcc1640 |    00000C45  A$lcc1640
     00000C46  A$lcc1640 |    00000C47  A$lcc1640 |    00000C49  A$lcc1640
     00000C4A  A$lcc1640 |    00000C4A  C$main.c$ |    00000C4D  A$lcc1640
     00000C4D  C$main.c$ |    00000C50  A$lcc1640 |    00000C51  A$lcc1640
     00000C53  A$lcc1640 |    00000C54  A$lcc1640 |    00000C55  A$lcc1640
     00000C55  C$main.c$ |    00000C57  A$lcc1640 |    00000C58  A$lcc1640
     00000C5A  A$lcc1640 |    00000C5C  A$lcc1640 |    00000C5C  C$main.c$
     00000C5F  A$lcc1640 |    00000C61  A$lcc1640 |    00000C61  C$main.c$
     00000C64  A$lcc1640 |    00000C66  A$lcc1640 |    00000C67  A$lcc1640
     00000C68  A$lcc1640 |    00000C68  C$main.c$ |    00000C68  XG$drain_
     00000C69  A$lcc1640 |    00000C69  C$main.c$ |    00000C69  G$reload_
     00000C69  _reload_t |    00000C6A  A$lcc1640 |    00000C6B  A$lcc1640
     00000C6B  C$main.c$ |    00000C6E  A$lcc1640 |    00000C6F  A$lcc1640
     00000C71  A$lcc1640 |    00000C72  A$lcc1640 |    00000C74  A$lcc1640
     00000C76  A$lcc1640 |    00000C77  A$lcc1640 |    00000C77  C$main.c$
     00000C78  A$lcc1640 |    00000C79  A$lcc1640 |    00000C7B  A$lcc1640
     00000C7D  A$lcc1640 |    00000C80  A$lcc1640 |    00000C81  A$lcc1640
     00000C83  A$lcc1640 |    00000C85  A$lcc1640 |    00000C87  A$lcc1640
     00000C89  A$lcc1640 |    00000C8B  A$lcc1640 |    00000C8D  A$lcc1640
     00000C8D  C$main.c$ |    00000C8F  A$lcc1640 |    00000C90  A$lcc1640
     00000C91  A$lcc1640 |    00000C93  A$lcc1640 |    00000C94  A$lcc1640
     00000C97  A$lcc1640 |    00000C98  A$lcc1640 |    00000C99  A$lcc1640
     00000C99  C$main.c$ |    00000C9C  A$lcc1640 |    00000C9D  A$lcc1640
     00000CA0  A$lcc1640 |    00000CA1  A$lcc1640 |    00000CA3  A$lcc1640
     00000CA3  C$main.c$ |    00000CA4  A$lcc1640 |    00000CA5  A$lcc1640
     00000CA6  A$lcc1640 |    00000CA8  A$lcc1640 |    00000CAA  A$lcc1640
     00000CAB  A$lcc1640 |    00000CAC  A$lcc1640 |    00000CAD  A$lcc1640
     00000CAE  A$lcc1640 |    00000CAF  A$lcc1640 |    00000CB0  A$lcc1640
     00000CB2  A$lcc1640 |    00000CB3  A$lcc1640 |    00000CB4  A$lcc1640
     00000CB6  A$lcc1640 |    00000CB7  A$lcc1640 |    00000CB8  A$lcc1640
     00000CBA  A$lcc1640 |    00000CBA  C$main.c$ |    00000CBC  A$lcc1640
     00000CBD  A$lcc1640 |    00000CBF  A$lcc1640 |    00000CC0  A$lcc1640
     00000CC1  A$lcc1640 |    00000CC3  A$lcc1640 |    00000CC4  A$lcc1640
     00000CC5  A$lcc1640 |    00000CC6  A$lcc1640 |    00000CC7  A$lcc1640
     00000CCA  A$lcc1640 |    00000CCC  A$lcc1640 |    00000CCC  C$main.c$
     00000CCF  A$lcc1640 |    00000CD0  A$lcc1640 |    00000CD0  C$main.c$
     00000CD2  A$lcc1640 |    00000CD3  A$lcc1640 |    00000CD5  A$lcc1640
     00000CD7  A$lcc1640 |    00000CD7  C$main.c$ |    00000CDA  A$lcc1640
ASxxxx Linker V03.00 + NoICE + sdld,  page 16.
Hexadecimal  [32-Bits]

Area                       Addr        Size        Decimal Bytes (Attributes)
--------------------       ----        ----        ------- ----- ------------
_CODE                  00000200    000027BB =       10171. bytes (REL,CON)

        Value  Global            Value  Global            Value  Global    
        -----  ------            -----  ------            -----  ------    
     00000CDA  C$main.c$ |    00000CDD  A$lcc1640 |    00000CDD  C$main.c$
     00000CE0  A$lcc1640 |    00000CE2  A$lcc1640 |    00000CE3  A$lcc1640
     00000CE4  A$lcc1640 |    00000CE4  C$main.c$ |    00000CE4  XG$reload
     00000CE5  A$lcc1640 |    00000CE5  C$main.c$ |    00000CE5  C$main.c$
     00000CE5  G$pts_200 |    00000CE5  _pts_200_ |    00000CE8  A$lcc1640
     00000CE9  A$lcc1640 |    00000CEB  A$lcc1640 |    00000CEC  A$lcc1640
     00000CED  A$lcc1640 |    00000CEF  A$lcc1640 |    00000CF0  A$lcc1640
     00000CF0  C$main.c$ |    00000CF3  A$lcc1640 |    00000CF3  C$main.c$
     00000CF6  A$lcc1640 |    00000CF8  A$lcc1640 |    00000CF8  C$main.c$
     00000CF8  XG$pts_20 |    00000CF9  A$lcc1640 |    00000CF9  C$main.c$
     00000CF9  G$win_che |    00000CF9  _win_chec |    00000CFB  A$lcc1640
     00000CFD  A$lcc1640 |    00000CFE  A$lcc1640 |    00000CFE  C$main.c$
     00000D00  A$lcc1640 |    00000D01  A$lcc1640 |    00000D02  A$lcc1640
     00000D03  A$lcc1640 |    00000D04  A$lcc1640 |    00000D05  A$lcc1640
     00000D06  A$lcc1640 |    00000D07  A$lcc1640 |    00000D0A  A$lcc1640
     00000D0B  A$lcc1640 |    00000D0C  A$lcc1640 |    00000D0D  A$lcc1640
     00000D0F  A$lcc1640 |    00000D10  A$lcc1640 |    00000D11  A$lcc1640
     00000D12  A$lcc1640 |    00000D14  A$lcc1640 |    00000D15  A$lcc1640
     00000D16  A$lcc1640 |    00000D17  A$lcc1640 |    00000D18  A$lcc1640
     00000D1A  A$lcc1640 |    00000D1C  A$lcc1640 |    00000D1D  A$lcc1640
     00000D1E  A$lcc1640 |    00000D1F  A$lcc1640 |    00000D20  A$lcc1640
     00000D21  A$lcc1640 |    00000D22  A$lcc1640 |    00000D25  A$lcc1640
     00000D26  A$lcc1640 |    00000D27  A$lcc1640 |    00000D28  A$lcc1640
     00000D29  A$lcc1640 |    00000D2A  A$lcc1640 |    00000D2B  A$lcc1640
     00000D2D  A$lcc1640 |    00000D2F  A$lcc1640 |    00000D30  A$lcc1640
     00000D32  A$lcc1640 |    00000D33  A$lcc1640 |    00000D35  A$lcc1640
     00000D36  A$lcc1640 |    00000D38  A$lcc1640 |    00000D39  A$lcc1640
     00000D3B  A$lcc1640 |    00000D3C  A$lcc1640 |    00000D3E  A$lcc1640
     00000D3E  C$main.c$ |    00000D40  A$lcc1640 |    00000D41  A$lcc1640
     00000D43  A$lcc1640 |    00000D44  A$lcc1640 |    00000D45  A$lcc1640
     00000D46  A$lcc1640 |    00000D47  A$lcc1640 |    00000D48  A$lcc1640
     00000D49  A$lcc1640 |    00000D4C  A$lcc1640 |    00000D4D  A$lcc1640
     00000D4E  A$lcc1640 |    00000D4F  A$lcc1640 |    00000D51  A$lcc1640
     00000D52  A$lcc1640 |    00000D53  A$lcc1640 |    00000D54  A$lcc1640
     00000D56  A$lcc1640 |    00000D57  A$lcc1640 |    00000D58  A$lcc1640
     00000D59  A$lcc1640 |    00000D5A  A$lcc1640 |    00000D5C  A$lcc1640
     00000D5E  A$lcc1640 |    00000D60  A$lcc1640 |    00000D61  A$lcc1640
     00000D62  A$lcc1640 |    00000D63  A$lcc1640 |    00000D66  A$lcc1640
     00000D67  A$lcc1640 |    00000D68  A$lcc1640 |    00000D69  A$lcc1640
     00000D6B  A$lcc1640 |    00000D6D  A$lcc1640 |    00000D6F  A$lcc1640
     00000D71  A$lcc1640 |    00000D73  A$lcc1640 |    00000D75  A$lcc1640
     00000D75  C$main.c$ |    00000D77  A$lcc1640 |    00000D78  A$lcc1640
     00000D79  A$lcc1640 |    00000D7A  A$lcc1640 |    00000D7D  A$lcc1640
     00000D7E  A$lcc1640 |    00000D7F  A$lcc1640 |    00000D80  A$lcc1640
     00000D82  A$lcc1640 |    00000D83  A$lcc1640 |    00000D84  A$lcc1640
     00000D85  A$lcc1640 |    00000D87  A$lcc1640 |    00000D88  A$lcc1640
     00000D89  A$lcc1640 |    00000D8A  A$lcc1640 |    00000D8B  A$lcc1640
     00000D8C  A$lcc1640 |    00000D8D  A$lcc1640 |    00000D8E  A$lcc1640
     00000D8F  A$lcc1640 |    00000D91  A$lcc1640 |    00000D93  A$lcc1640
     00000D94  A$lcc1640 |    00000D95  A$lcc1640 |    00000D96  A$lcc1640
     00000D97  A$lcc1640 |    00000D98  A$lcc1640 |    00000D99  A$lcc1640
ASxxxx Linker V03.00 + NoICE + sdld,  page 17.
Hexadecimal  [32-Bits]

Area                       Addr        Size        Decimal Bytes (Attributes)
--------------------       ----        ----        ------- ----- ------------
_CODE                  00000200    000027BB =       10171. bytes (REL,CON)

        Value  Global            Value  Global            Value  Global    
        -----  ------            -----  ------            -----  ------    
     00000D9C  A$lcc1640 |    00000D9D  A$lcc1640 |    00000D9E  A$lcc1640
     00000D9F  A$lcc1640 |    00000DA1  A$lcc1640 |    00000DA2  A$lcc1640
     00000DA3  A$lcc1640 |    00000DA4  A$lcc1640 |    00000DA6  A$lcc1640
     00000DA7  A$lcc1640 |    00000DA9  A$lcc1640 |    00000DAA  A$lcc1640
     00000DAB  A$lcc1640 |    00000DAC  A$lcc1640 |    00000DAE  A$lcc1640
     00000DB0  A$lcc1640 |    00000DB2  A$lcc1640 |    00000DB4  A$lcc1640
     00000DB6  A$lcc1640 |    00000DB8  A$lcc1640 |    00000DB8  C$main.c$
     00000DBA  A$lcc1640 |    00000DBB  A$lcc1640 |    00000DBD  A$lcc1640
     00000DBE  A$lcc1640 |    00000DC0  A$lcc1640 |    00000DC1  A$lcc1640
     00000DC3  A$lcc1640 |    00000DC4  A$lcc1640 |    00000DC6  A$lcc1640
     00000DC8  A$lcc1640 |    00000DCA  A$lcc1640 |    00000DCB  A$lcc1640
     00000DCD  A$lcc1640 |    00000DCE  A$lcc1640 |    00000DD0  A$lcc1640
     00000DD1  A$lcc1640 |    00000DD2  A$lcc1640 |    00000DD3  A$lcc1640
     00000DD4  A$lcc1640 |    00000DD5  A$lcc1640 |    00000DD6  A$lcc1640
     00000DD6  C$main.c$ |    00000DD8  A$lcc1640 |    00000DD9  A$lcc1640
     00000DDA  A$lcc1640 |    00000DDB  A$lcc1640 |    00000DDC  A$lcc1640
     00000DDD  A$lcc1640 |    00000DDE  A$lcc1640 |    00000DDE  C$main.c$
     00000DE1  A$lcc1640 |    00000DE2  A$lcc1640 |    00000DE3  A$lcc1640
     00000DE5  A$lcc1640 |    00000DE6  A$lcc1640 |    00000DE9  A$lcc1640
     00000DEA  A$lcc1640 |    00000DEB  A$lcc1640 |    00000DEC  A$lcc1640
     00000DEE  A$lcc1640 |    00000DEF  A$lcc1640 |    00000DF0  A$lcc1640
     00000DF2  A$lcc1640 |    00000DF3  A$lcc1640 |    00000DF4  A$lcc1640
     00000DF6  A$lcc1640 |    00000DF6  C$main.c$ |    00000DF9  A$lcc1640
     00000DFA  A$lcc1640 |    00000DFB  A$lcc1640 |    00000DFD  A$lcc1640
     00000DFD  C$main.c$ |    00000DFE  A$lcc1640 |    00000DFF  A$lcc1640
     00000DFF  C$main.c$ |    00000E02  A$lcc1640 |    00000E03  A$lcc1640
     00000E05  A$lcc1640 |    00000E05  C$main.c$ |    00000E08  A$lcc1640
     00000E08  C$main.c$ |    00000E0B  A$lcc1640 |    00000E0C  A$lcc1640
     00000E0F  A$lcc1640 |    00000E10  A$lcc1640 |    00000E13  A$lcc1640
     00000E14  A$lcc1640 |    00000E17  A$lcc1640 |    00000E19  A$lcc1640
     00000E19  C$main.c$ |    00000E1C  A$lcc1640 |    00000E1E  A$lcc1640
     00000E21  A$lcc1640 |    00000E22  A$lcc1640 |    00000E23  A$lcc1640
     00000E24  A$lcc1640 |    00000E27  A$lcc1640 |    00000E28  A$lcc1640
     00000E29  A$lcc1640 |    00000E2A  A$lcc1640 |    00000E2B  A$lcc1640
     00000E2C  A$lcc1640 |    00000E2D  A$lcc1640 |    00000E30  A$lcc1640
     00000E31  A$lcc1640 |    00000E31  C$main.c$ |    00000E34  A$lcc1640
     00000E34  C$main.c$ |    00000E37  A$lcc1640 |    00000E3A  A$lcc1640
     00000E3A  C$main.c$ |    00000E3C  A$lcc1640 |    00000E3D  A$lcc1640
     00000E3F  A$lcc1640 |    00000E41  A$lcc1640 |    00000E42  A$lcc1640
     00000E44  A$lcc1640 |    00000E46  A$lcc1640 |    00000E46  C$main.c$
     00000E49  A$lcc1640 |    00000E4A  A$lcc1640 |    00000E4B  A$lcc1640
     00000E4D  A$lcc1640 |    00000E4D  C$main.c$ |    00000E4E  A$lcc1640
     00000E4F  A$lcc1640 |    00000E4F  C$main.c$ |    00000E52  A$lcc1640
     00000E53  A$lcc1640 |    00000E55  A$lcc1640 |    00000E55  C$main.c$
     00000E58  A$lcc1640 |    00000E58  C$main.c$ |    00000E5B  A$lcc1640
     00000E5C  A$lcc1640 |    00000E5F  A$lcc1640 |    00000E60  A$lcc1640
     00000E63  A$lcc1640 |    00000E64  A$lcc1640 |    00000E67  A$lcc1640
     00000E69  A$lcc1640 |    00000E69  C$main.c$ |    00000E6C  A$lcc1640
     00000E6E  A$lcc1640 |    00000E71  A$lcc1640 |    00000E72  A$lcc1640
     00000E73  A$lcc1640 |    00000E74  A$lcc1640 |    00000E77  A$lcc1640
     00000E78  A$lcc1640 |    00000E79  A$lcc1640 |    00000E7A  A$lcc1640
ASxxxx Linker V03.00 + NoICE + sdld,  page 18.
Hexadecimal  [32-Bits]

Area                       Addr        Size        Decimal Bytes (Attributes)
--------------------       ----        ----        ------- ----- ------------
_CODE                  00000200    000027BB =       10171. bytes (REL,CON)

        Value  Global            Value  Global            Value  Global    
        -----  ------            -----  ------            -----  ------    
     00000E7B  A$lcc1640 |    00000E7C  A$lcc1640 |    00000E7D  A$lcc1640
     00000E80  A$lcc1640 |    00000E81  A$lcc1640 |    00000E81  C$main.c$
     00000E84  A$lcc1640 |    00000E84  C$main.c$ |    00000E87  A$lcc1640
     00000E8A  A$lcc1640 |    00000E8A  C$main.c$ |    00000E8C  A$lcc1640
     00000E8D  A$lcc1640 |    00000E8F  A$lcc1640 |    00000E91  A$lcc1640
     00000E92  A$lcc1640 |    00000E94  A$lcc1640 |    00000E96  A$lcc1640
     00000E96  C$main.c$ |    00000E99  A$lcc1640 |    00000E9A  A$lcc1640
     00000E9B  A$lcc1640 |    00000E9D  A$lcc1640 |    00000E9D  C$main.c$
     00000E9E  A$lcc1640 |    00000E9F  A$lcc1640 |    00000E9F  C$main.c$
     00000EA2  A$lcc1640 |    00000EA3  A$lcc1640 |    00000EA5  A$lcc1640
     00000EA5  C$main.c$ |    00000EA8  A$lcc1640 |    00000EA8  C$main.c$
     00000EAB  A$lcc1640 |    00000EAC  A$lcc1640 |    00000EAF  A$lcc1640
     00000EB0  A$lcc1640 |    00000EB3  A$lcc1640 |    00000EB4  A$lcc1640
     00000EB7  A$lcc1640 |    00000EB9  A$lcc1640 |    00000EB9  C$main.c$
     00000EBC  A$lcc1640 |    00000EBE  A$lcc1640 |    00000EC1  A$lcc1640
     00000EC2  A$lcc1640 |    00000EC3  A$lcc1640 |    00000EC4  A$lcc1640
     00000EC7  A$lcc1640 |    00000EC8  A$lcc1640 |    00000EC9  A$lcc1640
     00000ECA  A$lcc1640 |    00000ECB  A$lcc1640 |    00000ECC  A$lcc1640
     00000ECD  A$lcc1640 |    00000ED0  A$lcc1640 |    00000ED1  A$lcc1640
     00000ED1  C$main.c$ |    00000ED4  A$lcc1640 |    00000ED4  C$main.c$
     00000ED7  A$lcc1640 |    00000EDA  A$lcc1640 |    00000EDA  C$main.c$
     00000EDC  A$lcc1640 |    00000EDD  A$lcc1640 |    00000EDF  A$lcc1640
     00000EE1  A$lcc1640 |    00000EE2  A$lcc1640 |    00000EE4  A$lcc1640
     00000EE6  A$lcc1640 |    00000EE6  C$main.c$ |    00000EE9  A$lcc1640
     00000EEA  A$lcc1640 |    00000EEB  A$lcc1640 |    00000EED  A$lcc1640
     00000EED  C$main.c$ |    00000EEE  A$lcc1640 |    00000EEF  A$lcc1640
     00000EEF  C$main.c$ |    00000EF2  A$lcc1640 |    00000EF3  A$lcc1640
     00000EF5  A$lcc1640 |    00000EF5  C$main.c$ |    00000EF8  A$lcc1640
     00000EF8  C$main.c$ |    00000EFB  A$lcc1640 |    00000EFC  A$lcc1640
     00000EFF  A$lcc1640 |    00000F00  A$lcc1640 |    00000F03  A$lcc1640
     00000F04  A$lcc1640 |    00000F07  A$lcc1640 |    00000F09  A$lcc1640
     00000F09  C$main.c$ |    00000F0C  A$lcc1640 |    00000F0E  A$lcc1640
     00000F11  A$lcc1640 |    00000F12  A$lcc1640 |    00000F13  A$lcc1640
     00000F14  A$lcc1640 |    00000F17  A$lcc1640 |    00000F18  A$lcc1640
     00000F19  A$lcc1640 |    00000F1A  A$lcc1640 |    00000F1B  A$lcc1640
     00000F1C  A$lcc1640 |    00000F1D  A$lcc1640 |    00000F20  A$lcc1640
     00000F21  A$lcc1640 |    00000F21  C$main.c$ |    00000F23  A$lcc1640
     00000F23  C$main.c$ |    00000F26  A$lcc1640 |    00000F28  A$lcc1640
     00000F28  C$main.c$ |    00000F2A  A$lcc1640 |    00000F2B  A$lcc1640
     00000F2D  A$lcc1640 |    00000F2F  A$lcc1640 |    00000F30  A$lcc1640
     00000F32  A$lcc1640 |    00000F34  A$lcc1640 |    00000F34  C$main.c$
     00000F37  A$lcc1640 |    00000F38  A$lcc1640 |    00000F39  A$lcc1640
     00000F3B  A$lcc1640 |    00000F3B  C$main.c$ |    00000F3C  A$lcc1640
     00000F3D  A$lcc1640 |    00000F3D  C$main.c$ |    00000F40  A$lcc1640
     00000F41  A$lcc1640 |    00000F43  A$lcc1640 |    00000F43  C$main.c$
     00000F46  A$lcc1640 |    00000F46  C$main.c$ |    00000F49  A$lcc1640
     00000F4A  A$lcc1640 |    00000F4D  A$lcc1640 |    00000F4E  A$lcc1640
     00000F51  A$lcc1640 |    00000F52  A$lcc1640 |    00000F55  A$lcc1640
     00000F57  A$lcc1640 |    00000F57  C$main.c$ |    00000F5A  A$lcc1640
     00000F5C  A$lcc1640 |    00000F5F  A$lcc1640 |    00000F60  A$lcc1640
     00000F61  A$lcc1640 |    00000F62  A$lcc1640 |    00000F65  A$lcc1640
ASxxxx Linker V03.00 + NoICE + sdld,  page 19.
Hexadecimal  [32-Bits]

Area                       Addr        Size        Decimal Bytes (Attributes)
--------------------       ----        ----        ------- ----- ------------
_CODE                  00000200    000027BB =       10171. bytes (REL,CON)

        Value  Global            Value  Global            Value  Global    
        -----  ------            -----  ------            -----  ------    
     00000F66  A$lcc1640 |    00000F67  A$lcc1640 |    00000F68  A$lcc1640
     00000F69  A$lcc1640 |    00000F6A  A$lcc1640 |    00000F6B  A$lcc1640
     00000F6E  A$lcc1640 |    00000F6F  A$lcc1640 |    00000F6F  C$main.c$
     00000F71  A$lcc1640 |    00000F71  C$main.c$ |    00000F74  A$lcc1640
     00000F76  A$lcc1640 |    00000F76  C$main.c$ |    00000F79  A$lcc1640
     00000F7B  A$lcc1640 |    00000F7B  C$main.c$ |    00000F7B  XG$win_ch
     00000F7C  A$lcc1640 |    00000F7C  C$main.c$ |    00000F7C  G$collide
     00000F7C  _collide_ |    00000F7E  A$lcc1640 |    00000F7E  C$main.c$
     00000F81  A$lcc1640 |    00000F82  A$lcc1640 |    00000F83  A$lcc1640
     00000F85  A$lcc1640 |    00000F87  A$lcc1640 |    00000F87  C$main.c$
     00000F88  A$lcc1640 |    00000F89  A$lcc1640 |    00000F8B  A$lcc1640
     00000F8B  C$main.c$ |    00000F8B  C$main.c$ |    00000F8C  A$lcc1640
     00000F8D  A$lcc1640 |    00000F90  A$lcc1640 |    00000F92  A$lcc1640
     00000F93  A$lcc1640 |    00000F95  A$lcc1640 |    00000F96  A$lcc1640
     00000F96  C$main.c$ |    00000F98  A$lcc1640 |    00000F99  A$lcc1640
     00000F9A  A$lcc1640 |    00000F9C  A$lcc1640 |    00000F9F  A$lcc1640
     00000FA0  A$lcc1640 |    00000FA1  A$lcc1640 |    00000FA2  A$lcc1640
     00000FA5  A$lcc1640 |    00000FA6  A$lcc1640 |    00000FA7  A$lcc1640
     00000FA8  A$lcc1640 |    00000FAA  A$lcc1640 |    00000FAB  A$lcc1640
     00000FAC  A$lcc1640 |    00000FAD  A$lcc1640 |    00000FAF  A$lcc1640
     00000FB0  A$lcc1640 |    00000FB2  A$lcc1640 |    00000FB3  A$lcc1640
     00000FB5  A$lcc1640 |    00000FB6  A$lcc1640 |    00000FB8  A$lcc1640
     00000FBA  A$lcc1640 |    00000FBB  A$lcc1640 |    00000FBD  A$lcc1640
     00000FBE  A$lcc1640 |    00000FBF  A$lcc1640 |    00000FC0  A$lcc1640
     00000FC3  A$lcc1640 |    00000FC4  A$lcc1640 |    00000FC5  A$lcc1640
     00000FC6  A$lcc1640 |    00000FC7  A$lcc1640 |    00000FC8  A$lcc1640
     00000FC9  A$lcc1640 |    00000FCA  A$lcc1640 |    00000FCB  A$lcc1640
     00000FCE  A$lcc1640 |    00000FCF  A$lcc1640 |    00000FD0  A$lcc1640
     00000FD1  A$lcc1640 |    00000FD3  A$lcc1640 |    00000FD4  A$lcc1640
     00000FD5  A$lcc1640 |    00000FD7  A$lcc1640 |    00000FD8  A$lcc1640
     00000FD9  A$lcc1640 |    00000FDA  A$lcc1640 |    00000FDC  A$lcc1640
     00000FDD  A$lcc1640 |    00000FDE  A$lcc1640 |    00000FDF  A$lcc1640
     00000FE0  A$lcc1640 |    00000FE2  A$lcc1640 |    00000FE3  A$lcc1640
     00000FE4  A$lcc1640 |    00000FE5  A$lcc1640 |    00000FE6  A$lcc1640
     00000FE7  A$lcc1640 |    00000FE9  A$lcc1640 |    00000FEA  A$lcc1640
     00000FEB  A$lcc1640 |    00000FEC  A$lcc1640 |    00000FED  A$lcc1640
     00000FEE  A$lcc1640 |    00000FF0  A$lcc1640 |    00000FF1  A$lcc1640
     00000FF2  A$lcc1640 |    00000FF3  A$lcc1640 |    00000FF5  A$lcc1640
     00000FF6  A$lcc1640 |    00000FF7  A$lcc1640 |    00000FF8  A$lcc1640
     00000FFB  A$lcc1640 |    00000FFC  A$lcc1640 |    00000FFE  A$lcc1640
     00000FFE  C$main.c$ |    00001001  A$lcc1640 |    00001003  A$lcc1640
     00001003  C$main.c$ |    00001006  A$lcc1640 |    00001008  A$lcc1640
     00001008  C$main.c$ |    0000100B  A$lcc1640 |    0000100D  A$lcc1640
     00001010  A$lcc1640 |    00001011  A$lcc1640 |    00001012  A$lcc1640
     00001013  A$lcc1640 |    00001016  A$lcc1640 |    00001017  A$lcc1640
     00001018  A$lcc1640 |    00001019  A$lcc1640 |    0000101B  A$lcc1640
     0000101C  A$lcc1640 |    0000101D  A$lcc1640 |    00001020  A$lcc1640
     00001021  A$lcc1640 |    00001021  C$main.c$ |    00001023  A$lcc1640
     00001023  C$main.c$ |    00001023  XG$collid |    00001024  A$lcc1640
     00001024  C$main.c$ |    00001024  G$collide |    00001024  _collide_
     00001026  A$lcc1640 |    00001028  A$lcc1640 |    00001029  A$lcc1640
ASxxxx Linker V03.00 + NoICE + sdld,  page 20.
Hexadecimal  [32-Bits]

Area                       Addr        Size        Decimal Bytes (Attributes)
--------------------       ----        ----        ------- ----- ------------
_CODE                  00000200    000027BB =       10171. bytes (REL,CON)

        Value  Global            Value  Global            Value  Global    
        -----  ------            -----  ------            -----  ------    
     0000102A  A$lcc1640 |    0000102A  C$main.c$ |    0000102D  A$lcc1640
     0000102E  A$lcc1640 |    0000102F  A$lcc1640 |    00001031  A$lcc1640
     00001032  A$lcc1640 |    00001033  A$lcc1640 |    00001034  A$lcc1640
     00001035  A$lcc1640 |    00001037  A$lcc1640 |    00001039  A$lcc1640
     00001039  C$main.c$ |    0000103B  A$lcc1640 |    0000103D  A$lcc1640
     0000103D  C$main.c$ |    0000103F  A$lcc1640 |    00001041  A$lcc1640
     00001043  A$lcc1640 |    00001043  C$main.c$ |    00001045  A$lcc1640
     00001047  A$lcc1640 |    00001047  C$main.c$ |    00001049  A$lcc1640
     0000104B  A$lcc1640 |    0000104B  C$main.c$ |    0000104D  A$lcc1640
     0000104E  A$lcc1640 |    0000104F  A$lcc1640 |    00001050  A$lcc1640
     00001051  A$lcc1640 |    00001052  A$lcc1640 |    00001053  A$lcc1640
     00001054  A$lcc1640 |    00001057  A$lcc1640 |    00001058  A$lcc1640
     00001059  A$lcc1640 |    0000105A  A$lcc1640 |    0000105C  A$lcc1640
     0000105D  A$lcc1640 |    0000105E  A$lcc1640 |    0000105F  A$lcc1640
     00001061  A$lcc1640 |    00001062  A$lcc1640 |    00001063  A$lcc1640
     00001064  A$lcc1640 |    00001065  A$lcc1640 |    00001067  A$lcc1640
     00001069  A$lcc1640 |    0000106A  A$lcc1640 |    0000106B  A$lcc1640
     0000106C  A$lcc1640 |    0000106D  A$lcc1640 |    0000106E  A$lcc1640
     0000106F  A$lcc1640 |    00001072  A$lcc1640 |    00001073  A$lcc1640
     00001074  A$lcc1640 |    00001075  A$lcc1640 |    00001077  A$lcc1640
     00001079  A$lcc1640 |    0000107B  A$lcc1640 |    0000107D  A$lcc1640
     0000107F  A$lcc1640 |    00001081  A$lcc1640 |    00001081  C$main.c$
     00001084  A$lcc1640 |    00001085  A$lcc1640 |    00001086  A$lcc1640
     00001087  A$lcc1640 |    00001088  A$lcc1640 |    00001089  A$lcc1640
     0000108A  A$lcc1640 |    0000108B  A$lcc1640 |    0000108C  A$lcc1640
[...]
Hexadecimal  [32-Bits]

Area                       Addr        Size        Decimal Bytes (Attributes)
--------------------       ----        ----        ------- ----- ------------
_HEADER3               00000000    00000008 =           8. bytes (ABS,CON)

        Value  Global            Value  Global            Value  Global    
        -----  ------            -----  ------            -----  ------    
ASxxxx Linker V03.00 + NoICE + sdld,  page 34.
Hexadecimal  [32-Bits]

Area                       Addr        Size        Decimal Bytes (Attributes)
--------------------       ----        ----        ------- ----- ------------
_HEADER4               00000000    0000004C =          76. bytes (ABS,CON)

        Value  Global            Value  Global            Value  Global    
        -----  ------            -----  ------            -----  ------    
     00000080  .int      |    0000008F  _wait_int |    0000009C  __standar
     000000AC  _refresh_
ASxxxx Linker V03.00 + NoICE + sdld,  page 35.
Hexadecimal  [32-Bits]

Area                       Addr        Size        Decimal Bytes (Attributes)
--------------------       ----        ----        ------- ----- ------------
_HEADER5               00000000    00000002 =           2. bytes (ABS,CON)

        Value  Global            Value  Global            Value  Global    
        -----  ------            -----  ------            -----  ------    
ASxxxx Linker V03.00 + NoICE + sdld,  page 36.
Hexadecimal  [32-Bits]

Area                       Addr        Size        Decimal Bytes (Attributes)
--------------------       ----        ----        ------- ----- ------------
_HEADER6               00000000    00000030 =          48. bytes (ABS,CON)

        Value  Global            Value  Global            Value  Global    
        -----  ------            -----  ------            -----  ------    
ASxxxx Linker V03.00 + NoICE + sdld,  page 37.
Hexadecimal  [32-Bits]

Area                       Addr        Size        Decimal Bytes (Attributes)
--------------------       ----        ----        ------- ----- ------------
_HEADER7               00000000    00000006 =           6. bytes (ABS,CON)

        Value  Global            Value  Global            Value  Global    
        -----  ------            -----  ------            -----  ------    
ASxxxx Linker V03.00 + NoICE + sdld,  page 38.
Hexadecimal  [32-Bits]

Area                       Addr        Size        Decimal Bytes (Attributes)
--------------------       ----        ----        ------- ----- ------------
_HEADER8               00000000    00000003 =           3. bytes (ABS,CON)

        Value  Global            Value  Global            Value  Global    
        -----  ------            -----  ------            -----  ------    
ASxxxx Linker V03.00 + NoICE + sdld,  page 39.
Hexadecimal  [32-Bits]

Area                       Addr        Size        Decimal Bytes (Attributes)
--------------------       ----        ----        ------- ----- ------------
_HEADER9               00000000    00000001 =           1. bytes (ABS,CON)

        Value  Global            Value  Global            Value  Global    
        -----  ------            -----  ------            -----  ------    
ASxxxx Linker V03.00 + NoICE + sdld,  page 40.
Hexadecimal  [32-Bits]

Area                       Addr        Size        Decimal Bytes (Attributes)
--------------------       ----        ----        ------- ----- ------------
_HEADERa               00000000    00000001 =           1. bytes (ABS,CON)

        Value  Global            Value  Global            Value  Global    
        -----  ------            -----  ------            -----  ------    
ASxxxx Linker V03.00 + NoICE + sdld,  page 41.
Hexadecimal  [32-Bits]

Area                       Addr        Size        Decimal Bytes (Attributes)
--------------------       ----        ----        ------- ----- ------------
_HEADERb               00000000    00000001 =           1. bytes (ABS,CON)

        Value  Global            Value  Global            Value  Global    
        -----  ------            -----  ------            -----  ------    
ASxxxx Linker V03.00 + NoICE + sdld,  page 42.
Hexadecimal  [32-Bits]

Area                       Addr        Size        Decimal Bytes (Attributes)
--------------------       ----        ----        ------- ----- ------------
_HEADERc               00000000    00000002 =           2. bytes (ABS,CON)

        Value  Global            Value  Global            Value  Global    
        -----  ------            -----  ------            -----  ------    
ASxxxx Linker V03.00 + NoICE + sdld,  page 43.
Hexadecimal  [32-Bits]

Area                       Addr        Size        Decimal Bytes (Attributes)
--------------------       ----        ----        ------- ----- ------------
_HEADERd               00000000    00000001 =           1. bytes (ABS,CON)

        Value  Global            Value  Global            Value  Global    
        -----  ------            -----  ------            -----  ------    
ASxxxx Linker V03.00 + NoICE + sdld,  page 44.
Hexadecimal  [32-Bits]

Area                       Addr        Size        Decimal Bytes (Attributes)
--------------------       ----        ----        ------- ----- ------------
_HEADERe               00000000    00000001 =           1. bytes (ABS,CON)

        Value  Global            Value  Global            Value  Global    
        -----  ------            -----  ------            -----  ------    
ASxxxx Linker V03.00 + NoICE + sdld,  page 45.
Hexadecimal  [32-Bits]

Area                       Addr        Size        Decimal Bytes (Attributes)
--------------------       ----        ----        ------- ----- ------------
_HEADERf               00000000    00000002 =           2. bytes (ABS,CON)

        Value  Global            Value  Global            Value  Global    
        -----  ------            -----  ------            -----  ------    
ASxxxx Linker V03.00 + NoICE + sdld,  page 46.
Hexadecimal  [32-Bits]

Area                       Addr        Size        Decimal Bytes (Attributes)
--------------------       ----        ----        ------- ----- ------------
_HEADER10              00000000    00000084 =         132. bytes (ABS,CON)

        Value  Global            Value  Global            Value  Global    
        -----  ------            -----  ------            -----  ------    
     00000150  .reset    |    00000150  _reset    |    00000157  .code_sta
     000001B9  _exit     |    000001BD  _set_inte
ASxxxx Linker V03.00 + NoICE + sdld,  page 47.
Hexadecimal  [32-Bits]

Area                       Addr        Size        Decimal Bytes (Attributes)
--------------------       ----        ----        ------- ----- ------------
_HEADER11              00000000    00000001 =           1. bytes (ABS,CON)

        Value  Global            Value  Global            Value  Global    
        -----  ------            -----  ------            -----  ------    
ASxxxx Linker V03.00 + NoICE + sdld,  page 48.
Hexadecimal  [32-Bits]

Area                       Addr        Size        Decimal Bytes (Attributes)
--------------------       ----        ----        ------- ----- ------------
_HOME                  000029BB    000002AB =         683. bytes (REL,CON)

        Value  Global            Value  Global            Value  Global    
        -----  ------            -----  ------            -----  ------    
     000029BB  .memset_s |    000029C4  .memcpy_s |    000029E1  .remove_V
     000029E4  .remove_i |    00002A01  .add_VBL  |    00002A04  .add_int 
     00002A0F  .wait_vbl |    00002A0F  _wait_vbl |    00002A1F  .display_
     00002A1F  _display_ |    00002A37  _remove_V |    00002A42  _add_VBL 
     00002A4D  _rand     |    00002A4D  _randw    |    00002A78  _initrand
     00002A7A  .initrand |    00002A83  _set_tile |    00002A88  _set_bkg_
     00002A88  _set_win_ |    00002A90  _set_spri |    00002AC0  .padup   
     00002AC0  _waitpadu |    00002AD0  .jpad     |    00002AD0  _joypad  
     00002AF8  _waitpad  |    00002AF9  .wait_pad |    00002B00  ___sdcc_c
     00002B30  _add_LCD  |    00002B3B  .add_LCD  |    00002B41  _remove_L
     00002B4C  .remove_L |    00002B52  _set_bkg_ |    00002B66  _uitoa   
     00002B75  _itoa     |    00002B84  .itoa     |    00002B98  .utoa    
     00002C0C  .set_xy_w |    00002C15  .set_xy_b |    00002C24  .set_xy_t
ASxxxx Linker V03.00 + NoICE + sdld,  page 49.
Hexadecimal  [32-Bits]

Area                       Addr        Size        Decimal Bytes (Attributes)
--------------------       ----        ----        ------- ----- ------------
_CODE_0                00002C66    00000440 =        1088. bytes (REL,CON)

        Value  Global            Value  Global            Value  Global    
        -----  ------            -----  ------            -----  ------    
     00002C66  G$FONT$0_ |    00002C66  _FONT    
ASxxxx Linker V03.00 + NoICE + sdld,  page 50.
Hexadecimal  [32-Bits]

Area                       Addr        Size        Decimal Bytes (Attributes)
--------------------       ----        ----        ------- ----- ------------
_INITIALIZER           000030A6    00000056 =          86. bytes (REL,CON)

        Value  Global            Value  Global            Value  Global    
        -----  ------            -----  ------            -----  ------    
     000030A6  Fmain$__x |    000030CA  Fmain$__x |    000030CD  Fmain$__x
     000030D1  Fmain$__x |    000030D5  Fmain$__x |    000030DC  Fmain$__x
     000030E1  Fmain$__x |    000030E2  Fmain$__x |    000030E7  Fmain$__x
     000030EC  Fmain$__x |    000030F3  Fmain$__x |    000030F9  Fmain$__x
ASxxxx Linker V03.00 + NoICE + sdld,  page 51.
Hexadecimal  [32-Bits]

Area                       Addr        Size        Decimal Bytes (Attributes)
--------------------       ----        ----        ------- ----- ------------
_GSINIT                000030FC    0000000C =          12. bytes (REL,CON)

        Value  Global            Value  Global            Value  Global    
        -----  ------            -----  ------            -----  ------    
     000030FC  gsinit   
ASxxxx Linker V03.00 + NoICE + sdld,  page 52.
Hexadecimal  [32-Bits]

Area                       Addr        Size        Decimal Bytes (Attributes)
--------------------       ----        ----        ------- ----- ------------
_GSFINAL               00003108    00000001 =           1. bytes (REL,CON)

        Value  Global            Value  Global            Value  Global    
        -----  ------            -----  ------            -----  ------    
ASxxxx Linker V03.00 + NoICE + sdld,  page 53.
Hexadecimal  [32-Bits]

Area                       Addr        Size        Decimal Bytes (Attributes)
--------------------       ----        ----        ------- ----- ------------
_DATA                  0000C0A0    00000083 =         131. bytes (REL,CON)

        Value  Global            Value  Global            Value  Global    
        -----  ------            -----  ------            -----  ------    
     0000C0A0  __cpu     |    0000C0A1  __is_GBA  |    0000C0A2  .mode    
     0000C0A3  .sys_time |    0000C0A3  _sys_time |    0000C0A5  .int_0x40
     0000C0B1  G$scroll$ |    0000C0B1  _scroll   |    0000C0BB  G$PLAYER$
     0000C0BB  _PLAYER   |    0000C0C3  G$LOG_FRO |    0000C0C3  _LOG_FROG
     0000C0CB  G$FLY$0_0 |    0000C0CB  _FLY      |    0000C0D3  G$joy$0_0
     0000C0D3  _joy      |    0000C0D4  G$last_jo |    0000C0D4  _last_joy
     0000C0D5  G$is_movi |    0000C0D5  _is_movin |    0000C0D6  G$is_anim
     0000C0D6  _is_anima |    0000C0D7  G$is_dyin |    0000C0D7  _is_dying
     0000C0D8  G$turtles |    0000C0D8  _turtles_ |    0000C0D9  G$move_x$
     0000C0D9  _move_x   |    0000C0DA  G$move_y$ |    0000C0DA  _move_y  
     0000C0DB  G$scx_cou |    0000C0DB  _scx_coun |    0000C0DC  G$turtle_
     0000C0DC  _turtle_c |    0000C0DD  G$dive_co |    0000C0DD  _dive_cou
     0000C0DE  G$timer$0 |    0000C0DE  _timer    |    0000C0E0  G$fly_tim
     0000C0E0  _fly_time |    0000C0E2  G$fly_res |    0000C0E2  _fly_resp
     0000C0E4  G$timer_t |    0000C0E4  _timer_ti |    0000C0E5  G$pause_t
     0000C0E5  _pause_ti |    0000C0E6  G$flash$0 |    0000C0E6  _flash   
     0000C0E7  G$GAMESTA |    0000C0E7  _GAMESTAT |    0000C0E8  G$TIMERST
     0000C0E8  _TIMERSTA |    0000C0E9  G$turtle_ |    0000C0E9  _turtle_t
     0000C0EA  G$dive_ti |    0000C0EA  _dive_til |    0000C0EB  G$cave$0_
     0000C0EB  _cave     |    0000C0F0  G$y_min$0 |    0000C0F0  _y_min   
     0000C0F1  G$vram_ad |    0000C0F1  _vram_add |    0000C0F3  G$score$0
     0000C0F3  _score    |    0000C0F5  G$score_b |    0000C0F5  _score_bu
     0000C0FA  G$current |    0000C0FA  _current_ |    0000C0FB  G$level_b
     0000C0FB  _level_bu |    0000C113  G$animati |    0000C113  _animatio
     0000C114  G$death_a |    0000C114  _death_an |    0000C115  G$seed$0_
     0000C115  _seed     |    0000C116  ___rand_s |    0000C118  ___curren
     0000C11A  ___curren |    0000C11B  .int_0x48
ASxxxx Linker V03.00 + NoICE + sdld,  page 54.
Hexadecimal  [32-Bits]

Area                       Addr        Size        Decimal Bytes (Attributes)
--------------------       ----        ----        ------- ----- ------------
_INITIALIZED           0000C123    00000056 =          86. bytes (REL,CON)

        Value  Global            Value  Global            Value  Global    
        -----  ------            -----  ------            -----  ------    
     0000C123  G$scroll_ |    0000C123  _scroll_r |    0000C147  G$turtle_
     0000C147  _turtle_d |    0000C14A  G$turtle_ |    0000C14A  _turtle_d
     0000C14E  G$turtle_ |    0000C14E  _turtle_t |    0000C152  G$dive_ti
     0000C152  _dive_til |    0000C159  G$cave_fl |    0000C159  _cave_fly
     0000C15E  G$lives$0 |    0000C15E  _lives    |    0000C15F  G$PLAYER1
     0000C15F  _PLAYER1U |    0000C164  G$PLAYER2 |    0000C164  _PLAYER2U
     0000C169  G$level_t |    0000C169  _level_te |    0000C170  G$pause_t
     0000C170  _pause_te |    0000C176  G$death_a |    0000C176  _death_an
     0000C177  ___render |    0000C178  __map_til
ASxxxx Linker V03.00 + NoICE + sdld,  page 55.
Hexadecimal  [32-Bits]

Area                       Addr        Size        Decimal Bytes (Attributes)
--------------------       ----        ----        ------- ----- ------------
_HRAM12                00000000    00000003 =           3. bytes (ABS,CON)

        Value  Global            Value  Global            Value  Global    
        -----  ------            -----  ------            -----  ------    
     0000FF90  __current |    0000FF92  __shadow_
ASxxxx Linker V03.00 + NoICE + sdld,  page 56.
Hexadecimal  [32-Bits]

Area                       Addr        Size        Decimal Bytes (Attributes)
--------------------       ----        ----        ------- ----- ------------
_CODE_1                00014000    00000426 =        1062. bytes (REL,CON)

        Value  Global            Value  Global            Value  Global    
        -----  ------            -----  ------            -----  ------    
     00014000  C$fly.c$9 |    00014000  G$__func_ |    00014000  G$fly_pal
     00014000  ___func_f |    00014000  _fly_pale |    00014008  G$fly_til
     00014008  _fly_tile |    00014048  G$fly_met |    00014048  _fly_meta
     00014054  G$fly_met |    00014054  _fly_meta |    00014056  C$frogger
     00014056  G$__func_ |    00014056  G$frogger |    00014056  ___func_f
     00014056  _frogger_ |    00014060  G$frogger |    00014060  _frogger_
     000142A0  G$frogger |    000142A0  _frogger_ |    000142AC  G$frogger
     000142AC  _frogger_ |    000142B8  G$frogger |    000142B8  _frogger_
     000142C4  G$frogger |    000142C4  _frogger_ |    000142D0  G$frogger
     000142D0  _frogger_ |    000142DC  G$frogger |    000142DC  _frogger_
     000142E8  G$frogger |    000142E8  _frogger_ |    000142F4  G$frogger
     000142F4  _frogger_ |    00014300  G$frogger |    00014300  _frogger_
     0001430C  G$frogger |    0001430C  _frogger_ |    0001431E  G$frogger
     0001431E  _frogger_ |    00014332  G$frogger |    00014332  _frogger_
     00014346  G$frogger |    00014346  _frogger_ |    00014378  C$frogger
     00014378  G$__func_ |    00014378  G$frogger |    00014378  ___func_f
     00014378  _frogger_ |    00014380  G$frogger |    00014380  _frogger_
     000143C0  G$frogger |    000143C0  _frogger_ |    000143CC  G$frogger
     000143CC  _frogger_ |    000143CE  C$log_fro |    000143CE  G$__func_
     000143CE  G$log_fro |    000143CE  ___func_l |    000143CE  _log_frog
     000143D8  G$log_fro |    000143D8  _log_frog |    00014418  G$log_fro
     00014418  _log_frog |    00014424  G$log_fro |    00014424  _log_frog
ASxxxx Linker V03.00 + NoICE + sdld,  page 57.
Hexadecimal  [32-Bits]

Area                       Addr        Size        Decimal Bytes (Attributes)
--------------------       ----        ----        ------- ----- ------------
_HEADER_LCD0           00000000    00000003 =           3. bytes (ABS,CON)

        Value  Global            Value  Global            Value  Global    
        -----  ------            -----  ------            -----  ------    
ASxxxx Linker V03.00 + NoICE + sdld,  page 58.

Files Linked                              [ module(s) ]

C:\c_code\gbdk\lib/gb/crt0.o              [ Runtime ]
C:\Users\EMART~1\AppData\Local\Temp/lcc164000.rel
                                          [ main ]
C:\Users\EMART~1\AppData\Local\Temp/lcc164001.rel
                                          [ bkg_map ]
C:\Users\EMART~1\AppData\Local\Temp/lcc164002.rel
                                          [ bkg_tiles ]
C:\Users\EMART~1\AppData\Local\Temp/lcc164003.rel
                                          [ collision_map ]
C:\Users\EMART~1\AppData\Local\Temp/lcc164004.rel
                                          [ fly ]
C:\Users\EMART~1\AppData\Local\Temp/lcc164005.rel
                                          [ font ]
C:\Users\EMART~1\AppData\Local\Temp/lcc164006.rel
                                          [ frog_lives ]
C:\Users\EMART~1\AppData\Local\Temp/lcc164007.rel
                                          [ frogger ]
C:\Users\EMART~1\AppData\Local\Temp/lcc164008.rel
                                          [ frogger_16 ]
C:\Users\EMART~1\AppData\Local\Temp/lcc164009.rel
                                          [ log_frog ]
C:\Users\EMART~1\AppData\Local\Temp/lcc1640010.rel
                                          [ reset_timer ]
C:\Users\EMART~1\AppData\Local\Temp/lcc1640011.rel
                                          [ win_frog ]


Libraries Linked                          [ object file ]

C:\c_code\gbdk\lib/sm83/sm83.lib          [ rand.o ]
C:\c_code\gbdk\lib/gb/gb.lib              [ sfr.o ]
C:\c_code\gbdk\lib/gb/gb.lib              [ get_tile.o ]
C:\c_code\gbdk\lib/gb/gb.lib              [ set_tile.o ]
C:\c_code\gbdk\lib/gb/gb.lib              [ metasprites_hide.o ]
C:\c_code\gbdk\lib/gb/gb.lib              [ set_data.o ]
C:\c_code\gbdk\lib/gb/gb.lib              [ metasprites_flip.o ]
C:\c_code\gbdk\lib/sm83/sm83.lib          [ sprintf.o ]
C:\c_code\gbdk\lib/gb/gb.lib              [ pad.o ]
C:\c_code\gbdk\lib/gb/gb.lib              [ metasprites.o ]
C:\c_code\gbdk\lib/sm83/sm83.lib          [ __sdcc_call_hl.o ]
C:\c_code\gbdk\lib/gb/gb.lib              [ lcd.o ]
C:\c_code\gbdk\lib/gb/gb.lib              [ get_addr.o ]
C:\c_code\gbdk\lib/sm83/sm83.lib          [ div.o ]
C:\c_code\gbdk\lib/gb/gb.lib              [ set_bk_t.o ]
C:\c_code\gbdk\lib/sm83/sm83.lib          [ itoa.o ]
C:\c_code\gbdk\lib/gb/gb.lib              [ set_xy_t.o ]

ASxxxx Linker V03.00 + NoICE + sdld,  page 59.

User Base Address Definitions

_DATA=0xC0A0
_CODE=0x0200
ASxxxx Linker V03.00 + NoICE + sdld,  page 60.

User Global Definitions

_shadow_OAM=0xC000
.STACK=0xE000
.refresh_OAM=0xFF80

