ASxxxx Linker V03.00 + NoICE + sdld,  page 1.
Hexadecimal  [32-Bits]

Area                       Addr        Size        Decimal Bytes (Attributes)
--------------------       ----        ----        ------- ----- ------------
.  .ABS.               00000000    00000000 =           0. bytes (ABS,CON)

        Value  Global            Value  Global            Value  Global    
        -----  ------            -----  ------            -----  ------    
     00000000  .__.ABS.  |    00000000  _rRAMG    |    00000000  l__BASE  
     00000000  l__BSS    |    00000000  l__CABS   |    00000000  l__DABS  
     00000000  l__HEADER |    00000000  l__HEADER |    00000000  l__HEAP  
     00000000  l__HRAM   |    00000000  l__LIT    |    00000000  s__CABS  
     00000000  s__DABS   |    00000000  s__HEADER |    00000000  s__HEADER
     00000000  s__HEADER |    00000000  s__HEADER |    00000000  s__HEADER
     00000000  s__HEADER |    00000000  s__HEADER |    00000000  s__HEADER
     00000000  s__HEADER |    00000000  s__HEADER |    00000000  s__HEADER
     00000000  s__HEADER |    00000000  s__HEADER |    00000000  s__HEADER
     00000000  s__HEADER |    00000000  s__HEADER |    00000000  s__HEADER
     00000000  s__HEADER |    00000000  s__HEADER |    00000000  s__HEADER
     00000000  s__HEADER |    00000000  s__HRAM   |    00000000  s__HRAM12
     00000001  ___bank_f |    00000001  ___bank_f |    00000001  l__GSFINA
     00000001  l__HEADER |    00000001  l__HEADER |    00000001  l__HEADER
     00000001  l__HEADER |    00000001  l__HEADER |    00000001  l__HEADER
     00000001  l__HEADER |    00000002  l__HEADER |    00000002  l__HEADER
     00000002  l__HEADER |    00000003  l__HEADER |    00000003  l__HEADER
     00000003  l__HRAM12 |    00000005  l__HEADER |    00000006  l__HEADER
     00000007  l__HEADER |    00000008  l__HEADER |    0000000C  l__GSINIT
     00000030  l__HEADER |    00000048  l__INITIA |    00000048  l__INITIA
     0000004F  l__HEADER |    0000006C  l__DATA   |    00000082  l__HEADER
     000000AC  l__CODE_1 |    00000200  s__CODE   |    00000440  l__CODE_0
     000004E5  l__HOME   |    00001CFB  l__CODE   |    00001EFB  s__HOME  
     00002000  _rROMB0   |    000023E0  s__BASE   |    000023E0  s__CODE_0
     00002820  s__INITIA |    00002820  s__LIT    |    00002868  s__GSINIT
     00002874  s__GSFINA |    00003000  _rROMB1   |    00004000  _rRAMB   
     00008000  __VRAM    |    00008000  __VRAM800 |    00008800  __VRAM880
     00009000  __VRAM900 |    00009800  __SCRN0   |    00009C00  __SCRN1  
     0000A000  __SRAM    |    0000C000  __RAM     |    0000C000  _shadow_O
     0000C0A0  s__DATA   |    0000C10C  s__BSS    |    0000C10C  s__INITIA
     0000C154  s__HEAP   |    0000D000  __RAMBANK |    0000E000  .STACK   
     0000FE00  __OAMRAM  |    0000FF00  _P1_REG   |    0000FF00  __IO     
     0000FF01  _SB_REG   |    0000FF02  _SC_REG   |    0000FF04  _DIV_REG 
     0000FF05  _TIMA_REG |    0000FF06  _TMA_REG  |    0000FF07  _TAC_REG 
     0000FF0F  _IF_REG   |    0000FF10  _NR10_REG |    0000FF11  _NR11_REG
     0000FF12  _NR12_REG |    0000FF13  _NR13_REG |    0000FF14  _NR14_REG
     0000FF16  _NR21_REG |    0000FF17  _NR22_REG |    0000FF18  _NR23_REG
     0000FF19  _NR24_REG |    0000FF1A  _NR30_REG |    0000FF1B  _NR31_REG
     0000FF1C  _NR32_REG |    0000FF1D  _NR33_REG |    0000FF1E  _NR34_REG
     0000FF20  _NR41_REG |    0000FF21  _NR42_REG |    0000FF22  _NR43_REG
     0000FF23  _NR44_REG |    0000FF24  _NR50_REG |    0000FF25  _NR51_REG
     0000FF26  _NR52_REG |    0000FF30  _PCM_SAMP |    0000FF30  __AUD3WAV
     0000FF40  _LCDC_REG |    0000FF41  _STAT_REG |    0000FF42  _SCY_REG 
     0000FF43  _SCX_REG  |    0000FF44  _LY_REG   |    0000FF45  _LYC_REG 
     0000FF46  _DMA_REG  |    0000FF47  _BGP_REG  |    0000FF48  _OBP0_REG
     0000FF49  _OBP1_REG |    0000FF4A  _WY_REG   |    0000FF4B  _WX_REG  
     0000FF4D  _KEY1_REG |    0000FF4F  _VBK_REG  |    0000FF51  _HDMA1_RE
     0000FF52  _HDMA2_RE |    0000FF53  _HDMA3_RE |    0000FF54  _HDMA4_RE
     0000FF55  _HDMA5_RE |    0000FF56  _RP_REG   |    0000FF68  _BCPS_REG
     0000FF69  _BCPD_REG |    0000FF6A  _OCPS_REG |    0000FF6B  _OCPD_REG
ASxxxx Linker V03.00 + NoICE + sdld,  page 2.
Hexadecimal  [32-Bits]

Area                       Addr        Size        Decimal Bytes (Attributes)
--------------------       ----        ----        ------- ----- ------------
.  .ABS.               00000000    00000000 =           0. bytes (ABS,CON)

        Value  Global            Value  Global            Value  Global    
        -----  ------            -----  ------            -----  ------    
     0000FF70  _SVBK_REG |    0000FF76  _PCM12_RE |    0000FF77  _PCM34_RE
     0000FF80  .refresh_ |    0000FF80  __HRAM    |    0000FFFF  _IE_REG  
     00014000  s__CODE_1
ASxxxx Linker V03.00 + NoICE + sdld,  page 3.
Hexadecimal  [32-Bits]

Area                       Addr        Size        Decimal Bytes (Attributes)
--------------------       ----        ----        ------- ----- ------------
_CODE                  00000200    00001CFB =        7419. bytes (REL,CON)

        Value  Global            Value  Global            Value  Global    
        -----  ------            -----  ------            -----  ------    
     00000200  A$lcc7628 |    00000200  C$main.c$ |    00000200  G$render_
     00000200  _render_3 |    00000202  A$lcc7628 |    00000202  C$main.c$
     00000204  A$lcc7628 |    00000205  A$lcc7628 |    00000207  A$lcc7628
     00000208  A$lcc7628 |    0000020A  A$lcc7628 |    0000020B  A$lcc7628
     0000020D  A$lcc7628 |    0000020D  C$main.c$ |    0000020E  A$lcc7628
     0000020F  A$lcc7628 |    00000210  A$lcc7628 |    00000211  A$lcc7628
     00000212  A$lcc7628 |    00000213  A$lcc7628 |    00000214  A$lcc7628
     00000216  A$lcc7628 |    00000217  A$lcc7628 |    00000218  A$lcc7628
     00000219  A$lcc7628 |    0000021A  A$lcc7628 |    0000021B  A$lcc7628
     0000021C  A$lcc7628 |    0000021E  A$lcc7628 |    0000021E  C$main.c$
     0000021F  A$lcc7628 |    00000220  A$lcc7628 |    00000223  A$lcc7628
     00000224  A$lcc7628 |    00000226  A$lcc7628 |    00000227  A$lcc7628
     00000228  A$lcc7628 |    00000229  A$lcc7628 |    0000022A  A$lcc7628
     0000022B  A$lcc7628 |    0000022D  A$lcc7628 |    0000022E  A$lcc7628
     0000022F  A$lcc7628 |    00000230  A$lcc7628 |    00000231  A$lcc7628
     00000234  A$lcc7628 |    00000236  A$lcc7628 |    00000237  A$lcc7628
     00000239  A$lcc7628 |    0000023A  A$lcc7628 |    0000023C  A$lcc7628
     0000023D  A$lcc7628 |    0000023E  A$lcc7628 |    0000023F  A$lcc7628
     00000240  A$lcc7628 |    00000242  A$lcc7628 |    00000243  A$lcc7628
     00000245  A$lcc7628 |    00000246  A$lcc7628 |    00000247  A$lcc7628
     00000247  C$main.c$ |    0000024A  A$lcc7628 |    0000024B  A$lcc7628
     0000024D  A$lcc7628 |    0000024E  A$lcc7628 |    00000250  A$lcc7628
     00000251  A$lcc7628 |    00000252  A$lcc7628 |    00000253  A$lcc7628
     00000254  A$lcc7628 |    00000256  A$lcc7628 |    00000257  A$lcc7628
     00000258  A$lcc7628 |    00000259  A$lcc7628 |    0000025A  A$lcc7628
     0000025D  A$lcc7628 |    0000025F  A$lcc7628 |    00000260  A$lcc7628
     00000261  A$lcc7628 |    00000263  A$lcc7628 |    00000264  A$lcc7628
     00000265  A$lcc7628 |    00000266  A$lcc7628 |    00000267  A$lcc7628
     00000268  A$lcc7628 |    00000269  A$lcc7628 |    0000026A  A$lcc7628
     0000026C  A$lcc7628 |    0000026C  C$main.c$ |    0000026E  A$lcc7628
     0000026F  A$lcc7628 |    00000270  A$lcc7628 |    00000271  A$lcc7628
     00000273  A$lcc7628 |    00000273  C$main.c$ |    00000274  A$lcc7628
     00000275  A$lcc7628 |    00000276  A$lcc7628 |    00000279  A$lcc7628
     0000027A  A$lcc7628 |    0000027C  A$lcc7628 |    0000027C  C$main.c$
     0000027C  XG$render |    0000027D  A$lcc7628 |    0000027D  C$main.c$
     0000027D  C$main.c$ |    0000027D  G$update_ |    0000027D  _update_l
     00000280  A$lcc7628 |    00000281  A$lcc7628 |    00000284  A$lcc7628
     00000285  A$lcc7628 |    00000288  A$lcc7628 |    00000289  A$lcc7628
     0000028A  A$lcc7628 |    0000028B  A$lcc7628 |    0000028B  C$main.c$
     0000028E  A$lcc7628 |    0000028F  A$lcc7628 |    00000292  A$lcc7628
     00000293  A$lcc7628 |    00000296  A$lcc7628 |    00000297  A$lcc7628
     0000029A  A$lcc7628 |    0000029C  A$lcc7628 |    0000029C  C$main.c$
     0000029F  A$lcc7628 |    000002A0  A$lcc7628 |    000002A1  A$lcc7628
     000002A3  A$lcc7628 |    000002A3  C$main.c$ |    000002A5  A$lcc7628
     000002A6  A$lcc7628 |    000002A7  A$lcc7628 |    000002AA  A$lcc7628
     000002AB  A$lcc7628 |    000002AC  A$lcc7628 |    000002AD  A$lcc7628
     000002AE  A$lcc7628 |    000002B1  A$lcc7628 |    000002B3  A$lcc7628
     000002B3  C$main.c$ |    000002B6  A$lcc7628 |    000002B7  A$lcc7628
     000002B9  A$lcc7628 |    000002BA  A$lcc7628 |    000002BB  A$lcc7628
     000002BB  C$main.c$ |    000002BC  A$lcc7628 |    000002BE  A$lcc7628
ASxxxx Linker V03.00 + NoICE + sdld,  page 4.
Hexadecimal  [32-Bits]

Area                       Addr        Size        Decimal Bytes (Attributes)
--------------------       ----        ----        ------- ----- ------------
_CODE                  00000200    00001CFB =        7419. bytes (REL,CON)

        Value  Global            Value  Global            Value  Global    
        -----  ------            -----  ------            -----  ------    
     000002BE  C$main.c$ |    000002C1  A$lcc7628 |    000002C2  A$lcc7628
     000002C5  A$lcc7628 |    000002C6  A$lcc7628 |    000002C9  A$lcc7628
     000002CA  A$lcc7628 |    000002CB  A$lcc7628 |    000002CC  A$lcc7628
     000002CC  C$main.c$ |    000002CF  A$lcc7628 |    000002D1  A$lcc7628
     000002D1  C$main.c$ |    000002D3  A$lcc7628 |    000002D4  A$lcc7628
     000002D5  A$lcc7628 |    000002D8  A$lcc7628 |    000002D9  A$lcc7628
     000002DA  A$lcc7628 |    000002DB  A$lcc7628 |    000002DC  A$lcc7628
     000002DF  A$lcc7628 |    000002E1  A$lcc7628 |    000002E1  C$main.c$
     000002E1  XG$update |    000002E2  Fmain$__s |    000002E5  A$lcc7628
     000002E5  C$main.c$ |    000002E5  C$main.c$ |    000002E5  G$update_
     000002E5  _update_p |    000002E8  A$lcc7628 |    000002E9  A$lcc7628
     000002EC  A$lcc7628 |    000002ED  A$lcc7628 |    000002F0  A$lcc7628
     000002F1  A$lcc7628 |    000002F2  A$lcc7628 |    000002F3  A$lcc7628
     000002F3  C$main.c$ |    000002F6  A$lcc7628 |    000002F7  A$lcc7628
     000002F8  A$lcc7628 |    000002F9  A$lcc7628 |    000002F9  C$main.c$
     000002FB  A$lcc7628 |    000002FC  A$lcc7628 |    000002FD  A$lcc7628
     00000300  A$lcc7628 |    00000301  A$lcc7628 |    00000302  A$lcc7628
     00000303  A$lcc7628 |    00000304  A$lcc7628 |    00000307  A$lcc7628
     00000309  A$lcc7628 |    00000309  C$main.c$ |    0000030C  A$lcc7628
     0000030D  A$lcc7628 |    0000030F  A$lcc7628 |    00000310  A$lcc7628
     00000311  A$lcc7628 |    00000311  C$main.c$ |    00000312  A$lcc7628
     00000312  C$main.c$ |    00000312  XG$update |    00000314  A$lcc7628
     00000314  C$main.c$ |    00000314  C$main.c$ |    00000314  G$update_
     00000314  _update_s |    00000317  A$lcc7628 |    00000318  A$lcc7628
     0000031A  A$lcc7628 |    0000031B  A$lcc7628 |    0000031D  A$lcc7628
     0000031F  A$lcc7628 |    00000320  A$lcc7628 |    00000321  A$lcc7628
     00000322  A$lcc7628 |    00000324  A$lcc7628 |    00000324  C$main.c$
     00000327  A$lcc7628 |    00000328  A$lcc7628 |    0000032B  A$lcc7628
     0000032C  A$lcc7628 |    0000032F  A$lcc7628 |    00000330  A$lcc7628
     00000331  A$lcc7628 |    00000332  A$lcc7628 |    00000334  A$lcc7628
     00000334  C$main.c$ |    00000337  A$lcc7628 |    00000338  A$lcc7628
     0000033A  A$lcc7628 |    0000033B  A$lcc7628 |    0000033D  A$lcc7628
     0000033F  A$lcc7628 |    00000340  A$lcc7628 |    00000342  A$lcc7628
     00000344  A$lcc7628 |    00000345  A$lcc7628 |    00000347  A$lcc7628
     00000347  C$main.c$ |    0000034A  A$lcc7628 |    0000034B  A$lcc7628
     0000034E  A$lcc7628 |    0000034F  A$lcc7628 |    00000352  A$lcc7628
     00000353  A$lcc7628 |    00000354  A$lcc7628 |    00000355  A$lcc7628
     00000357  A$lcc7628 |    00000357  C$main.c$ |    00000359  A$lcc7628
     0000035B  A$lcc7628 |    0000035E  A$lcc7628 |    0000035F  A$lcc7628
     00000361  A$lcc7628 |    00000362  A$lcc7628 |    00000364  A$lcc7628
     00000366  A$lcc7628 |    00000366  C$main.c$ |    00000369  A$lcc7628
     0000036A  A$lcc7628 |    0000036D  A$lcc7628 |    0000036E  A$lcc7628
     00000371  A$lcc7628 |    00000372  A$lcc7628 |    00000373  A$lcc7628
     00000374  A$lcc7628 |    00000376  A$lcc7628 |    00000376  C$main.c$
     00000379  A$lcc7628 |    0000037B  A$lcc7628 |    0000037C  A$lcc7628
     0000037D  A$lcc7628 |    0000037F  A$lcc7628 |    00000380  A$lcc7628
     00000382  A$lcc7628 |    00000382  C$main.c$ |    00000385  A$lcc7628
     00000386  A$lcc7628 |    00000389  A$lcc7628 |    0000038A  A$lcc7628
     0000038D  A$lcc7628 |    0000038E  A$lcc7628 |    0000038F  A$lcc7628
     00000390  A$lcc7628 |    00000390  C$main.c$ |    00000393  A$lcc7628
     00000394  A$lcc7628 |    00000395  A$lcc7628 |    00000396  A$lcc7628
ASxxxx Linker V03.00 + NoICE + sdld,  page 5.
Hexadecimal  [32-Bits]

Area                       Addr        Size        Decimal Bytes (Attributes)
--------------------       ----        ----        ------- ----- ------------
_CODE                  00000200    00001CFB =        7419. bytes (REL,CON)

        Value  Global            Value  Global            Value  Global    
        -----  ------            -----  ------            -----  ------    
     00000397  A$lcc7628 |    0000039A  A$lcc7628 |    0000039B  A$lcc7628
     0000039E  A$lcc7628 |    0000039F  A$lcc7628 |    000003A2  A$lcc7628
     000003A4  A$lcc7628 |    000003A4  C$main.c$ |    000003A7  A$lcc7628
     000003A8  A$lcc7628 |    000003A9  A$lcc7628 |    000003AA  A$lcc7628
     000003AA  C$main.c$ |    000003AC  A$lcc7628 |    000003AD  A$lcc7628
     000003AE  A$lcc7628 |    000003B1  A$lcc7628 |    000003B2  A$lcc7628
     000003B3  A$lcc7628 |    000003B4  A$lcc7628 |    000003B5  A$lcc7628
     000003B8  A$lcc7628 |    000003BA  A$lcc7628 |    000003BA  C$main.c$
     000003BD  A$lcc7628 |    000003BE  A$lcc7628 |    000003C0  A$lcc7628
     000003C1  A$lcc7628 |    000003C2  A$lcc7628 |    000003C2  C$main.c$
     000003C3  A$lcc7628 |    000003C3  C$main.c$ |    000003C3  XG$update
     000003C5  Fmain$__s |    000003C8  A$lcc7628 |    000003C8  C$main.c$
     000003C8  C$main.c$ |    000003C8  G$reset_f |    000003C8  _reset_fr
     000003CB  A$lcc7628 |    000003CD  A$lcc7628 |    000003CD  C$main.c$
     000003D0  A$lcc7628 |    000003D2  A$lcc7628 |    000003D5  A$lcc7628
     000003D7  A$lcc7628 |    000003D7  C$main.c$ |    000003DA  A$lcc7628
     000003DC  A$lcc7628 |    000003DD  A$lcc7628 |    000003DF  A$lcc7628
     000003DF  C$main.c$ |    000003E2  A$lcc7628 |    000003E3  A$lcc7628
     000003E4  A$lcc7628 |    000003E6  A$lcc7628 |    000003E7  A$lcc7628
     000003E9  A$lcc7628 |    000003E9  C$main.c$ |    000003EA  A$lcc7628
     000003ED  A$lcc7628 |    000003ED  C$main.c$ |    000003F0  A$lcc7628
     000003F2  A$lcc7628 |    000003F3  A$lcc7628 |    000003F4  A$lcc7628
     000003F7  A$lcc7628 |    000003F8  A$lcc7628 |    000003FB  A$lcc7628
     000003FC  A$lcc7628 |    000003FD  A$lcc7628 |    000003FE  A$lcc7628
     000003FF  A$lcc7628 |    00000402  A$lcc7628 |    00000403  A$lcc7628
     00000404  A$lcc7628 |    00000405  A$lcc7628 |    00000408  A$lcc7628
     0000040A  A$lcc7628 |    0000040B  A$lcc7628 |    0000040C  A$lcc7628
     0000040D  A$lcc7628 |    0000040E  A$lcc7628 |    0000040F  A$lcc7628
     00000410  A$lcc7628 |    00000411  A$lcc7628 |    00000412  A$lcc7628
     00000415  A$lcc7628 |    00000417  A$lcc7628 |    00000417  C$main.c$
     00000417  C$main.c$ |    00000417  XG$reset_ |    00000418  A$lcc7628
     00000418  C$main.c$ |    00000418  C$main.c$ |    00000418  G$reset_t
     00000418  _reset_ti |    0000041B  A$lcc7628 |    0000041D  A$lcc7628
     0000041E  A$lcc7628 |    00000420  A$lcc7628 |    00000420  C$main.c$
     00000423  A$lcc7628 |    00000424  A$lcc7628 |    00000427  A$lcc7628
     00000428  A$lcc7628 |    0000042B  A$lcc7628 |    0000042C  A$lcc7628
     0000042F  A$lcc7628 |    00000431  A$lcc7628 |    00000431  C$main.c$
     00000431  XG$reset_ |    00000432  A$lcc7628 |    00000432  C$main.c$
     00000432  C$main.c$ |    00000432  G$init_le |    00000432  _init_lev
     00000435  A$lcc7628 |    00000436  A$lcc7628 |    00000439  A$lcc7628
     0000043A  A$lcc7628 |    0000043D  A$lcc7628 |    0000043F  A$lcc7628
     0000043F  C$main.c$ |    00000442  A$lcc7628 |    00000443  A$lcc7628
     00000446  A$lcc7628 |    00000447  A$lcc7628 |    0000044A  A$lcc7628
     0000044C  A$lcc7628 |    0000044C  C$main.c$ |    0000044F  A$lcc7628
     00000450  A$lcc7628 |    00000453  A$lcc7628 |    00000454  A$lcc7628
     00000457  A$lcc7628 |    00000459  A$lcc7628 |    00000459  C$main.c$
     0000045C  A$lcc7628 |    0000045D  A$lcc7628 |    00000460  A$lcc7628
     00000461  A$lcc7628 |    00000462  A$lcc7628 |    00000463  A$lcc7628
     00000464  A$lcc7628 |    00000467  A$lcc7628 |    00000469  A$lcc7628
     00000469  C$main.c$ |    0000046C  A$lcc7628 |    0000046D  A$lcc7628
     0000046F  A$lcc7628 |    00000470  A$lcc7628 |    00000471  A$lcc7628
ASxxxx Linker V03.00 + NoICE + sdld,  page 6.
Hexadecimal  [32-Bits]

Area                       Addr        Size        Decimal Bytes (Attributes)
--------------------       ----        ----        ------- ----- ------------
_CODE                  00000200    00001CFB =        7419. bytes (REL,CON)

        Value  Global            Value  Global            Value  Global    
        -----  ------            -----  ------            -----  ------    
     00000474  A$lcc7628 |    00000476  A$lcc7628 |    00000476  C$main.c$
     00000479  A$lcc7628 |    0000047B  A$lcc7628 |    0000047B  C$main.c$
     0000047C  A$lcc7628 |    0000047F  A$lcc7628 |    00000480  A$lcc7628
     00000481  A$lcc7628 |    00000481  C$main.c$ |    00000484  A$lcc7628
     00000484  C$main.c$ |    00000487  A$lcc7628 |    00000487  C$main.c$
     0000048A  A$lcc7628 |    0000048A  C$main.c$ |    0000048D  A$lcc7628
     0000048D  C$main.c$ |    0000048D  C$main.c$ |    0000048D  XG$init_l
     00000490  A$lcc7628 |    00000490  C$main.c$ |    00000490  G$move_fr
     00000490  _move_fro |    00000491  A$lcc7628 |    00000492  A$lcc7628
     00000492  C$main.c$ |    00000495  A$lcc7628 |    00000496  A$lcc7628
     00000498  A$lcc7628 |    00000498  C$main.c$ |    0000049B  A$lcc7628
     0000049C  A$lcc7628 |    0000049E  A$lcc7628 |    0000049F  A$lcc7628
     000004A0  A$lcc7628 |    000004A1  A$lcc7628 |    000004A2  A$lcc7628
     000004A5  A$lcc7628 |    000004A7  A$lcc7628 |    000004A9  A$lcc7628
     000004AC  A$lcc7628 |    000004AE  A$lcc7628 |    000004B1  A$lcc7628
     000004B2  A$lcc7628 |    000004B3  A$lcc7628 |    000004B4  A$lcc7628
     000004B5  A$lcc7628 |    000004B6  A$lcc7628 |    000004B9  A$lcc7628
     000004BA  A$lcc7628 |    000004BB  A$lcc7628 |    000004BC  A$lcc7628
     000004BF  A$lcc7628 |    000004C1  A$lcc7628 |    000004C2  A$lcc7628
     000004C5  A$lcc7628 |    000004C6  A$lcc7628 |    000004C7  A$lcc7628
     000004C8  A$lcc7628 |    000004CB  A$lcc7628 |    000004CC  A$lcc7628
     000004CD  A$lcc7628 |    000004CE  A$lcc7628 |    000004D1  A$lcc7628
     000004D3  A$lcc7628 |    000004D5  A$lcc7628 |    000004D6  A$lcc7628
     000004D7  A$lcc7628 |    000004D8  A$lcc7628 |    000004D9  A$lcc7628
     000004DB  A$lcc7628 |    000004DC  A$lcc7628 |    000004DF  A$lcc7628
     000004E1  A$lcc7628 |    000004E1  C$main.c$ |    000004E3  A$lcc7628
     000004E3  C$main.c$ |    000004E6  A$lcc7628 |    000004E7  A$lcc7628
     000004E9  A$lcc7628 |    000004E9  C$main.c$ |    000004EC  A$lcc7628
     000004ED  A$lcc7628 |    000004EE  A$lcc7628 |    000004EF  A$lcc7628
     000004F2  A$lcc7628 |    000004F4  A$lcc7628 |    000004F6  A$lcc7628
     000004F9  A$lcc7628 |    000004FB  A$lcc7628 |    000004FE  A$lcc7628
     000004FF  A$lcc7628 |    00000500  A$lcc7628 |    00000501  A$lcc7628
     00000504  A$lcc7628 |    00000505  A$lcc7628 |    00000506  A$lcc7628
     00000507  A$lcc7628 |    0000050A  A$lcc7628 |    0000050B  A$lcc7628
     0000050E  A$lcc7628 |    0000050F  A$lcc7628 |    00000510  A$lcc7628
     00000511  A$lcc7628 |    00000512  A$lcc7628 |    00000515  A$lcc7628
     00000516  A$lcc7628 |    00000517  A$lcc7628 |    00000518  A$lcc7628
     0000051B  A$lcc7628 |    0000051D  A$lcc7628 |    0000051E  A$lcc7628
     0000051F  A$lcc7628 |    00000520  A$lcc7628 |    00000521  A$lcc7628
     00000522  A$lcc7628 |    00000523  A$lcc7628 |    00000524  A$lcc7628
     00000525  A$lcc7628 |    00000528  A$lcc7628 |    0000052A  A$lcc7628
     0000052A  C$main.c$ |    0000052B  A$lcc7628 |    0000052C  A$lcc7628
     0000052C  C$main.c$ |    0000052C  XG$move_f |    0000052D  A$lcc7628
     0000052D  C$main.c$ |    0000052D  C$main.c$ |    0000052D  G$update_
     0000052D  _update_m |    00000530  A$lcc7628 |    00000531  A$lcc7628
     00000533  A$lcc7628 |    00000533  C$main.c$ |    00000536  A$lcc7628
     00000536  C$main.c$ |    00000539  A$lcc7628 |    0000053B  A$lcc7628
     0000053D  A$lcc7628 |    00000540  A$lcc7628 |    00000542  A$lcc7628
     00000545  A$lcc7628 |    00000546  A$lcc7628 |    00000549  A$lcc7628
     0000054A  A$lcc7628 |    0000054B  A$lcc7628 |    0000054C  A$lcc7628
     0000054C  C$main.c$ |    0000054F  A$lcc7628 |    00000550  A$lcc7628
ASxxxx Linker V03.00 + NoICE + sdld,  page 7.
Hexadecimal  [32-Bits]

Area                       Addr        Size        Decimal Bytes (Attributes)
--------------------       ----        ----        ------- ----- ------------
_CODE                  00000200    00001CFB =        7419. bytes (REL,CON)

        Value  Global            Value  Global            Value  Global    
        -----  ------            -----  ------            -----  ------    
     00000552  A$lcc7628 |    00000552  C$main.c$ |    00000555  A$lcc7628
     00000555  C$main.c$ |    00000558  A$lcc7628 |    0000055A  A$lcc7628
     0000055C  A$lcc7628 |    0000055F  A$lcc7628 |    00000561  A$lcc7628
     00000564  A$lcc7628 |    00000565  A$lcc7628 |    00000568  A$lcc7628
     00000569  A$lcc7628 |    0000056A  A$lcc7628 |    0000056B  A$lcc7628
     0000056B  C$main.c$ |    0000056E  A$lcc7628 |    0000056F  A$lcc7628
     00000571  A$lcc7628 |    00000574  A$lcc7628 |    00000575  A$lcc7628
     00000576  A$lcc7628 |    00000576  C$main.c$ |    00000579  A$lcc7628
     0000057B  A$lcc7628 |    0000057B  C$main.c$ |    0000057E  A$lcc7628
     0000057F  A$lcc7628 |    00000580  A$lcc7628 |    00000581  A$lcc7628
     00000584  A$lcc7628 |    00000585  A$lcc7628 |    00000587  A$lcc7628
     00000588  A$lcc7628 |    00000589  A$lcc7628 |    0000058A  A$lcc7628
     0000058B  A$lcc7628 |    0000058C  A$lcc7628 |    0000058D  A$lcc7628
     0000058F  A$lcc7628 |    00000591  A$lcc7628 |    00000593  A$lcc7628
     00000595  A$lcc7628 |    00000596  A$lcc7628 |    00000598  A$lcc7628
     0000059A  A$lcc7628 |    0000059C  A$lcc7628 |    0000059D  A$lcc7628
     0000059E  A$lcc7628 |    0000059E  C$main.c$ |    000005A1  A$lcc7628
     000005A2  A$lcc7628 |    000005A4  A$lcc7628 |    000005A5  A$lcc7628
     000005A6  A$lcc7628 |    000005A8  A$lcc7628 |    000005A9  A$lcc7628
     000005A9  C$main.c$ |    000005AC  A$lcc7628 |    000005AC  C$main.c$
     000005AF  A$lcc7628 |    000005B2  A$lcc7628 |    000005B2  C$main.c$
     000005B2  XG$update |    000005B3  A$lcc7628 |    000005B3  C$main.c$
     000005B3  C$main.c$ |    000005B3  G$paralla |    000005B3  _parallax
     000005B5  A$lcc7628 |    000005B6  A$lcc7628 |    000005B8  A$lcc7628
     000005BA  A$lcc7628 |    000005BC  A$lcc7628 |    000005BE  A$lcc7628
     000005C0  A$lcc7628 |    000005C2  A$lcc7628 |    000005C4  A$lcc7628
     000005C6  A$lcc7628 |    000005C8  A$lcc7628 |    000005CA  A$lcc7628
     000005CC  A$lcc7628 |    000005CE  A$lcc7628 |    000005D0  A$lcc7628
     000005D2  A$lcc7628 |    000005D4  A$lcc7628 |    000005D6  A$lcc7628
     000005D8  A$lcc7628 |    000005DA  A$lcc7628 |    000005DD  A$lcc7628
     000005DF  A$lcc7628 |    000005E2  A$lcc7628 |    000005E4  A$lcc7628
     000005E7  A$lcc7628 |    000005E9  A$lcc7628 |    000005EC  A$lcc7628
     000005ED  A$lcc7628 |    000005ED  C$main.c$ |    000005EE  A$lcc7628
     000005F0  A$lcc7628 |    000005F1  A$lcc7628 |    000005F3  A$lcc7628
     000005F3  C$main.c$ |    000005F5  A$lcc7628 |    000005F7  A$lcc7628
     000005F7  C$main.c$ |    000005F8  A$lcc7628 |    000005F8  C$main.c$
     000005FB  A$lcc7628 |    000005FD  A$lcc7628 |    000005FE  A$lcc7628
     00000600  A$lcc7628 |    00000600  C$main.c$ |    00000602  A$lcc7628
     00000604  A$lcc7628 |    00000604  C$main.c$ |    00000605  A$lcc7628
     00000605  C$main.c$ |    00000608  A$lcc7628 |    0000060A  A$lcc7628
     0000060B  A$lcc7628 |    0000060D  A$lcc7628 |    0000060D  C$main.c$
     0000060F  A$lcc7628 |    00000611  A$lcc7628 |    00000611  C$main.c$
     00000612  A$lcc7628 |    00000612  C$main.c$ |    00000615  A$lcc7628
     00000617  A$lcc7628 |    00000618  A$lcc7628 |    0000061A  A$lcc7628
     0000061A  C$main.c$ |    0000061C  A$lcc7628 |    0000061E  A$lcc7628
     0000061E  C$main.c$ |    0000061F  A$lcc7628 |    0000061F  C$main.c$
     00000622  A$lcc7628 |    00000624  A$lcc7628 |    00000625  A$lcc7628
     00000627  A$lcc7628 |    00000627  C$main.c$ |    00000629  A$lcc7628
     0000062B  A$lcc7628 |    0000062B  C$main.c$ |    0000062C  A$lcc7628
     0000062C  C$main.c$ |    0000062F  A$lcc7628 |    00000631  A$lcc7628
     00000632  A$lcc7628 |    00000634  A$lcc7628 |    00000634  C$main.c$
ASxxxx Linker V03.00 + NoICE + sdld,  page 8.
Hexadecimal  [32-Bits]

Area                       Addr        Size        Decimal Bytes (Attributes)
--------------------       ----        ----        ------- ----- ------------
_CODE                  00000200    00001CFB =        7419. bytes (REL,CON)

        Value  Global            Value  Global            Value  Global    
        -----  ------            -----  ------            -----  ------    
     00000636  A$lcc7628 |    00000638  A$lcc7628 |    00000638  C$main.c$
     00000639  A$lcc7628 |    00000639  C$main.c$ |    0000063A  A$lcc7628
     0000063C  A$lcc7628 |    0000063D  A$lcc7628 |    0000063F  A$lcc7628
     0000063F  C$main.c$ |    00000641  A$lcc7628 |    00000643  A$lcc7628
     00000643  C$main.c$ |    00000644  A$lcc7628 |    00000644  C$main.c$
     00000647  A$lcc7628 |    00000649  A$lcc7628 |    0000064A  A$lcc7628
     0000064C  A$lcc7628 |    0000064C  C$main.c$ |    0000064E  A$lcc7628
     00000650  A$lcc7628 |    00000650  C$main.c$ |    00000651  A$lcc7628
     00000651  C$main.c$ |    00000654  A$lcc7628 |    00000656  A$lcc7628
     00000657  A$lcc7628 |    00000659  A$lcc7628 |    00000659  C$main.c$
     0000065B  A$lcc7628 |    0000065D  A$lcc7628 |    0000065D  C$main.c$
     0000065E  A$lcc7628 |    0000065E  C$main.c$ |    00000661  A$lcc7628
     00000663  A$lcc7628 |    00000664  A$lcc7628 |    00000666  A$lcc7628
     00000666  C$main.c$ |    00000668  A$lcc7628 |    0000066A  A$lcc7628
     0000066A  C$main.c$ |    0000066B  A$lcc7628 |    0000066B  C$main.c$
     0000066E  A$lcc7628 |    00000670  A$lcc7628 |    00000671  A$lcc7628
     00000673  A$lcc7628 |    00000673  C$main.c$ |    00000675  A$lcc7628
     00000677  A$lcc7628 |    00000677  C$main.c$ |    00000678  A$lcc7628
     00000678  C$main.c$ |    0000067B  A$lcc7628 |    0000067D  A$lcc7628
     0000067E  A$lcc7628 |    00000680  A$lcc7628 |    00000680  C$main.c$
     00000682  A$lcc7628 |    00000684  A$lcc7628 |    00000684  C$main.c$
     00000685  A$lcc7628 |    00000685  C$main.c$ |    00000686  A$lcc7628
     00000688  A$lcc7628 |    00000689  A$lcc7628 |    0000068B  A$lcc7628
     0000068B  C$main.c$ |    0000068C  A$lcc7628 |    0000068E  A$lcc7628
     0000068E  C$main.c$ |    0000068E  C$main.c$ |    0000068E  XG$parall
     0000068F  A$lcc7628 |    0000068F  C$main.c$ |    0000068F  G$scroll_
     0000068F  _scroll_c |    00000690  A$lcc7628 |    00000690  C$main.c$
     00000693  A$lcc7628 |    00000694  A$lcc7628 |    00000696  A$lcc7628
     00000699  A$lcc7628 |    0000069A  A$lcc7628 |    0000069B  A$lcc7628
     0000069E  A$lcc7628 |    000006A0  A$lcc7628 |    000006A1  A$lcc7628
     000006A2  A$lcc7628 |    000006A5  A$lcc7628 |    000006A5  C$main.c$
     000006A8  A$lcc7628 |    000006A9  A$lcc7628 |    000006AA  A$lcc7628
     000006AB  A$lcc7628 |    000006AB  C$main.c$ |    000006AC  A$lcc7628
     000006AD  A$lcc7628 |    000006AE  A$lcc7628 |    000006AF  A$lcc7628
     000006B0  A$lcc7628 |    000006B1  A$lcc7628 |    000006B1  C$main.c$
     000006B2  A$lcc7628 |    000006B3  A$lcc7628 |    000006B4  A$lcc7628
     000006B5  A$lcc7628 |    000006B6  A$lcc7628 |    000006B7  A$lcc7628
     000006B8  A$lcc7628 |    000006BB  A$lcc7628 |    000006BC  A$lcc7628
     000006BC  C$main.c$ |    000006BC  C$main.c$ |    000006BC  C$main.c$
     000006BD  A$lcc7628 |    000006BF  A$lcc7628 |    000006BF  C$main.c$
     000006C2  A$lcc7628 |    000006C3  A$lcc7628 |    000006C4  A$lcc7628
     000006C5  A$lcc7628 |    000006C6  A$lcc7628 |    000006C9  A$lcc7628
     000006CA  A$lcc7628 |    000006CB  A$lcc7628 |    000006CC  A$lcc7628
     000006CF  A$lcc7628 |    000006D1  A$lcc7628 |    000006D2  A$lcc7628
     000006D5  A$lcc7628 |    000006D6  A$lcc7628 |    000006D7  A$lcc7628
     000006D8  A$lcc7628 |    000006D9  A$lcc7628 |    000006DC  A$lcc7628
     000006DD  A$lcc7628 |    000006DE  A$lcc7628 |    000006DF  A$lcc7628
     000006E2  A$lcc7628 |    000006E4  A$lcc7628 |    000006E6  A$lcc7628
     000006E7  A$lcc7628 |    000006E8  A$lcc7628 |    000006E9  A$lcc7628
     000006EA  A$lcc7628 |    000006EC  A$lcc7628 |    000006ED  A$lcc7628
     000006F0  A$lcc7628 |    000006F2  A$lcc7628 |    000006F2  C$main.c$
ASxxxx Linker V03.00 + NoICE + sdld,  page 9.
Hexadecimal  [32-Bits]

Area                       Addr        Size        Decimal Bytes (Attributes)
--------------------       ----        ----        ------- ----- ------------
_CODE                  00000200    00001CFB =        7419. bytes (REL,CON)

        Value  Global            Value  Global            Value  Global    
        -----  ------            -----  ------            -----  ------    
     000006F2  C$main.c$ |    000006F5  A$lcc7628 |    000006F7  A$lcc7628
     000006F9  A$lcc7628 |    000006F9  C$main.c$ |    000006FC  A$lcc7628
     000006FD  A$lcc7628 |    000006FE  A$lcc7628 |    000006FF  A$lcc7628
     00000700  A$lcc7628 |    00000703  A$lcc7628 |    00000704  A$lcc7628
     00000705  A$lcc7628 |    00000706  A$lcc7628 |    00000709  A$lcc7628
     0000070B  A$lcc7628 |    0000070C  A$lcc7628 |    0000070F  A$lcc7628
     00000710  A$lcc7628 |    00000711  A$lcc7628 |    00000712  A$lcc7628
     00000713  A$lcc7628 |    00000716  A$lcc7628 |    00000717  A$lcc7628
     00000718  A$lcc7628 |    00000719  A$lcc7628 |    0000071C  A$lcc7628
     0000071E  A$lcc7628 |    00000720  A$lcc7628 |    00000721  A$lcc7628
     00000722  A$lcc7628 |    00000723  A$lcc7628 |    00000724  A$lcc7628
     00000726  A$lcc7628 |    00000727  A$lcc7628 |    0000072A  A$lcc7628
     0000072C  A$lcc7628 |    0000072C  C$main.c$ |    0000072C  C$main.c$
     0000072F  A$lcc7628 |    00000730  A$lcc7628 |    00000732  A$lcc7628
     00000735  A$lcc7628 |    00000736  A$lcc7628 |    00000737  A$lcc7628
     0000073A  A$lcc7628 |    0000073C  A$lcc7628 |    0000073D  A$lcc7628
     0000073E  A$lcc7628 |    00000740  A$lcc7628 |    00000740  C$main.c$
     00000743  A$lcc7628 |    00000744  A$lcc7628 |    00000745  A$lcc7628
     00000746  A$lcc7628 |    00000746  C$main.c$ |    00000749  A$lcc7628
     0000074B  A$lcc7628 |    0000074D  A$lcc7628 |    0000074D  C$main.c$
     00000750  A$lcc7628 |    00000751  A$lcc7628 |    00000752  A$lcc7628
     00000753  A$lcc7628 |    00000754  A$lcc7628 |    00000757  A$lcc7628
     00000758  A$lcc7628 |    00000759  A$lcc7628 |    0000075A  A$lcc7628
     0000075D  A$lcc7628 |    0000075F  A$lcc7628 |    00000760  A$lcc7628
     00000763  A$lcc7628 |    00000764  A$lcc7628 |    00000765  A$lcc7628
     00000766  A$lcc7628 |    00000767  A$lcc7628 |    0000076A  A$lcc7628
     0000076B  A$lcc7628 |    0000076C  A$lcc7628 |    0000076D  A$lcc7628
     00000770  A$lcc7628 |    00000772  A$lcc7628 |    00000774  A$lcc7628
     00000775  A$lcc7628 |    00000776  A$lcc7628 |    00000777  A$lcc7628
     00000778  A$lcc7628 |    0000077A  A$lcc7628 |    0000077B  A$lcc7628
     0000077E  A$lcc7628 |    00000780  A$lcc7628 |    00000780  C$main.c$
     00000780  C$main.c$ |    00000783  A$lcc7628 |    00000785  A$lcc7628
     00000787  A$lcc7628 |    00000787  C$main.c$ |    0000078A  A$lcc7628
     0000078B  A$lcc7628 |    0000078C  A$lcc7628 |    0000078D  A$lcc7628
     0000078D  C$main.c$ |    00000790  A$lcc7628 |    00000791  A$lcc7628
     00000792  A$lcc7628 |    00000793  A$lcc7628 |    00000793  C$main.c$
     00000796  A$lcc7628 |    00000797  A$lcc7628 |    00000798  A$lcc7628
     00000799  A$lcc7628 |    00000799  C$main.c$ |    0000079C  A$lcc7628
     0000079D  A$lcc7628 |    0000079E  A$lcc7628 |    0000079F  A$lcc7628
     0000079F  C$main.c$ |    000007A2  A$lcc7628 |    000007A4  A$lcc7628
     000007A6  A$lcc7628 |    000007A6  C$main.c$ |    000007A9  A$lcc7628
     000007AA  A$lcc7628 |    000007AB  A$lcc7628 |    000007AC  A$lcc7628
     000007AD  A$lcc7628 |    000007AE  A$lcc7628 |    000007AF  A$lcc7628
     000007B0  A$lcc7628 |    000007B1  A$lcc7628 |    000007B2  A$lcc7628
     000007B3  A$lcc7628 |    000007B4  A$lcc7628 |    000007B5  A$lcc7628
     000007B8  A$lcc7628 |    000007B9  A$lcc7628 |    000007BA  A$lcc7628
     000007BD  A$lcc7628 |    000007BE  A$lcc7628 |    000007BF  A$lcc7628
     000007C0  A$lcc7628 |    000007C1  A$lcc7628 |    000007C4  A$lcc7628
     000007C5  A$lcc7628 |    000007C6  A$lcc7628 |    000007C7  A$lcc7628
     000007CA  A$lcc7628 |    000007CC  A$lcc7628 |    000007CD  A$lcc7628
     000007CE  A$lcc7628 |    000007CF  A$lcc7628 |    000007D0  A$lcc7628
ASxxxx Linker V03.00 + NoICE + sdld,  page 10.
Hexadecimal  [32-Bits]

Area                       Addr        Size        Decimal Bytes (Attributes)
--------------------       ----        ----        ------- ----- ------------
_CODE                  00000200    00001CFB =        7419. bytes (REL,CON)

        Value  Global            Value  Global            Value  Global    
        -----  ------            -----  ------            -----  ------    
     000007D1  A$lcc7628 |    000007D2  A$lcc7628 |    000007D3  A$lcc7628
     000007D4  A$lcc7628 |    000007D7  A$lcc7628 |    000007D9  A$lcc7628
     000007D9  C$main.c$ |    000007D9  C$main.c$ |    000007DC  A$lcc7628
     000007DD  A$lcc7628 |    000007DF  A$lcc7628 |    000007E2  A$lcc7628
     000007E3  A$lcc7628 |    000007E4  A$lcc7628 |    000007E7  A$lcc7628
     000007E9  A$lcc7628 |    000007EA  A$lcc7628 |    000007EB  A$lcc7628
     000007ED  A$lcc7628 |    000007ED  C$main.c$ |    000007F0  A$lcc7628
     000007F1  A$lcc7628 |    000007F2  A$lcc7628 |    000007F3  A$lcc7628
     000007F3  C$main.c$ |    000007F6  A$lcc7628 |    000007F7  A$lcc7628
     000007F8  A$lcc7628 |    000007F9  A$lcc7628 |    000007F9  C$main.c$
     000007FC  A$lcc7628 |    000007FD  A$lcc7628 |    000007FE  A$lcc7628
     000007FE  C$main.c$ |    000007FE  XG$scroll |    000007FF  A$lcc7628
     000007FF  C$main.c$ |    000007FF  G$win_che |    000007FF  _win_chec
     00000801  A$lcc7628 |    00000801  C$main.c$ |    00000803  A$lcc7628
     00000804  A$lcc7628 |    00000806  A$lcc7628 |    00000807  A$lcc7628
     00000808  A$lcc7628 |    00000809  A$lcc7628 |    0000080A  A$lcc7628
     0000080B  A$lcc7628 |    0000080C  A$lcc7628 |    0000080F  A$lcc7628
     00000810  A$lcc7628 |    00000811  A$lcc7628 |    00000812  A$lcc7628
     00000814  A$lcc7628 |    00000815  A$lcc7628 |    00000816  A$lcc7628
     00000817  A$lcc7628 |    00000819  A$lcc7628 |    0000081A  A$lcc7628
     0000081B  A$lcc7628 |    0000081C  A$lcc7628 |    0000081D  A$lcc7628
     0000081F  A$lcc7628 |    00000821  A$lcc7628 |    00000822  A$lcc7628
     00000823  A$lcc7628 |    00000824  A$lcc7628 |    00000825  A$lcc7628
     00000826  A$lcc7628 |    00000827  A$lcc7628 |    0000082A  A$lcc7628
     0000082B  A$lcc7628 |    0000082C  A$lcc7628 |    0000082D  A$lcc7628
     0000082E  A$lcc7628 |    0000082F  A$lcc7628 |    00000830  A$lcc7628
     00000832  A$lcc7628 |    00000834  A$lcc7628 |    00000835  A$lcc7628
     00000837  A$lcc7628 |    00000838  A$lcc7628 |    0000083A  A$lcc7628
     0000083B  A$lcc7628 |    0000083D  A$lcc7628 |    0000083E  A$lcc7628
     00000840  A$lcc7628 |    00000841  A$lcc7628 |    00000843  A$lcc7628
     00000843  C$main.c$ |    00000845  A$lcc7628 |    00000846  A$lcc7628
     00000848  A$lcc7628 |    00000849  A$lcc7628 |    0000084A  A$lcc7628
     0000084B  A$lcc7628 |    0000084C  A$lcc7628 |    0000084D  A$lcc7628
     0000084E  A$lcc7628 |    00000851  A$lcc7628 |    00000852  A$lcc7628
     00000853  A$lcc7628 |    00000854  A$lcc7628 |    00000856  A$lcc7628
     00000857  A$lcc7628 |    00000858  A$lcc7628 |    00000859  A$lcc7628
     0000085B  A$lcc7628 |    0000085C  A$lcc7628 |    0000085D  A$lcc7628
     0000085E  A$lcc7628 |    0000085F  A$lcc7628 |    00000861  A$lcc7628
     00000863  A$lcc7628 |    00000865  A$lcc7628 |    00000866  A$lcc7628
     00000867  A$lcc7628 |    00000868  A$lcc7628 |    0000086B  A$lcc7628
     0000086C  A$lcc7628 |    0000086D  A$lcc7628 |    0000086E  A$lcc7628
     00000870  A$lcc7628 |    00000872  A$lcc7628 |    00000874  A$lcc7628
     00000876  A$lcc7628 |    00000878  A$lcc7628 |    0000087A  A$lcc7628
     0000087A  C$main.c$ |    0000087C  A$lcc7628 |    0000087D  A$lcc7628
     0000087E  A$lcc7628 |    0000087F  A$lcc7628 |    00000882  A$lcc7628
     00000883  A$lcc7628 |    00000884  A$lcc7628 |    00000885  A$lcc7628
     00000887  A$lcc7628 |    00000888  A$lcc7628 |    00000889  A$lcc7628
     0000088A  A$lcc7628 |    0000088C  A$lcc7628 |    0000088D  A$lcc7628
     0000088E  A$lcc7628 |    0000088F  A$lcc7628 |    00000890  A$lcc7628
     00000891  A$lcc7628 |    00000892  A$lcc7628 |    00000893  A$lcc7628
     00000894  A$lcc7628 |    00000896  A$lcc7628 |    00000898  A$lcc7628
ASxxxx Linker V03.00 + NoICE + sdld,  page 11.
Hexadecimal  [32-Bits]

Area                       Addr        Size        Decimal Bytes (Attributes)
--------------------       ----        ----        ------- ----- ------------
_CODE                  00000200    00001CFB =        7419. bytes (REL,CON)

        Value  Global            Value  Global            Value  Global    
        -----  ------            -----  ------            -----  ------    
     00000899  A$lcc7628 |    0000089A  A$lcc7628 |    0000089B  A$lcc7628
     0000089C  A$lcc7628 |    0000089D  A$lcc7628 |    0000089E  A$lcc7628
     000008A1  A$lcc7628 |    000008A2  A$lcc7628 |    000008A3  A$lcc7628
     000008A4  A$lcc7628 |    000008A6  A$lcc7628 |    000008A7  A$lcc7628
     000008A8  A$lcc7628 |    000008A9  A$lcc7628 |    000008AB  A$lcc7628
     000008AC  A$lcc7628 |    000008AE  A$lcc7628 |    000008AF  A$lcc7628
     000008B0  A$lcc7628 |    000008B1  A$lcc7628 |    000008B3  A$lcc7628
     000008B5  A$lcc7628 |    000008B7  A$lcc7628 |    000008B9  A$lcc7628
     000008BB  A$lcc7628 |    000008BD  A$lcc7628 |    000008BD  C$main.c$
     000008BF  A$lcc7628 |    000008C0  A$lcc7628 |    000008C2  A$lcc7628
     000008C3  A$lcc7628 |    000008C5  A$lcc7628 |    000008C6  A$lcc7628
     000008C8  A$lcc7628 |    000008C9  A$lcc7628 |    000008CB  A$lcc7628
     000008CD  A$lcc7628 |    000008CF  A$lcc7628 |    000008D0  A$lcc7628
     000008D2  A$lcc7628 |    000008D3  A$lcc7628 |    000008D5  A$lcc7628
     000008D6  A$lcc7628 |    000008D7  A$lcc7628 |    000008D8  A$lcc7628
     000008D9  A$lcc7628 |    000008DA  A$lcc7628 |    000008DB  A$lcc7628
     000008DB  C$main.c$ |    000008DD  A$lcc7628 |    000008DE  A$lcc7628
     000008DF  A$lcc7628 |    000008E0  A$lcc7628 |    000008E1  A$lcc7628
     000008E2  A$lcc7628 |    000008E3  A$lcc7628 |    000008E3  C$main.c$
     000008E6  A$lcc7628 |    000008E7  A$lcc7628 |    000008E8  A$lcc7628
     000008EB  A$lcc7628 |    000008EC  A$lcc7628 |    000008ED  A$lcc7628
     000008EE  A$lcc7628 |    000008F0  A$lcc7628 |    000008F1  A$lcc7628
     000008F2  A$lcc7628 |    000008F4  A$lcc7628 |    000008F4  C$main.c$
     000008F7  A$lcc7628 |    000008F8  A$lcc7628 |    000008FB  A$lcc7628
     000008FC  A$lcc7628 |    000008FF  A$lcc7628 |    00000900  A$lcc7628
     00000903  A$lcc7628 |    00000905  A$lcc7628 |    00000905  C$main.c$
     00000908  A$lcc7628 |    0000090B  A$lcc7628 |    0000090B  C$main.c$
     0000090C  A$lcc7628 |    0000090E  A$lcc7628 |    00000910  A$lcc7628
     00000911  A$lcc7628 |    00000913  A$lcc7628 |    00000915  A$lcc7628
     00000915  C$main.c$ |    00000918  A$lcc7628 |    00000919  A$lcc7628
     0000091C  A$lcc7628 |    0000091D  A$lcc7628 |    00000920  A$lcc7628
     00000921  A$lcc7628 |    00000924  A$lcc7628 |    00000926  A$lcc7628
     00000926  C$main.c$ |    00000929  A$lcc7628 |    0000092B  A$lcc7628
     0000092B  C$main.c$ |    0000092C  A$lcc7628 |    0000092E  A$lcc7628
     00000930  A$lcc7628 |    00000931  A$lcc7628 |    00000933  A$lcc7628
     00000935  A$lcc7628 |    00000935  C$main.c$ |    00000938  A$lcc7628
     00000939  A$lcc7628 |    0000093C  A$lcc7628 |    0000093D  A$lcc7628
     00000940  A$lcc7628 |    00000941  A$lcc7628 |    00000944  A$lcc7628
     00000946  A$lcc7628 |    00000946  C$main.c$ |    00000949  A$lcc7628
     0000094B  A$lcc7628 |    0000094B  C$main.c$ |    0000094C  A$lcc7628
     0000094E  A$lcc7628 |    00000950  A$lcc7628 |    00000951  A$lcc7628
     00000953  A$lcc7628 |    00000955  A$lcc7628 |    00000955  C$main.c$
     00000958  A$lcc7628 |    00000959  A$lcc7628 |    0000095C  A$lcc7628
     0000095D  A$lcc7628 |    00000960  A$lcc7628 |    00000961  A$lcc7628
     00000964  A$lcc7628 |    00000966  A$lcc7628 |    00000966  C$main.c$
     00000969  A$lcc7628 |    0000096B  A$lcc7628 |    0000096B  C$main.c$
     0000096C  A$lcc7628 |    0000096E  A$lcc7628 |    00000970  A$lcc7628
     00000971  A$lcc7628 |    00000973  A$lcc7628 |    00000975  A$lcc7628
     00000975  C$main.c$ |    00000978  A$lcc7628 |    00000979  A$lcc7628
     0000097C  A$lcc7628 |    0000097D  A$lcc7628 |    00000980  A$lcc7628
     00000981  A$lcc7628 |    00000984  A$lcc7628 |    00000986  A$lcc7628
ASxxxx Linker V03.00 + NoICE + sdld,  page 12.
Hexadecimal  [32-Bits]

Area                       Addr        Size        Decimal Bytes (Attributes)
--------------------       ----        ----        ------- ----- ------------
_CODE                  00000200    00001CFB =        7419. bytes (REL,CON)

        Value  Global            Value  Global            Value  Global    
        -----  ------            -----  ------            -----  ------    
     00000986  C$main.c$ |    00000989  A$lcc7628 |    0000098B  A$lcc7628
     0000098B  C$main.c$ |    0000098E  A$lcc7628 |    00000990  A$lcc7628
     00000990  C$main.c$ |    00000990  XG$win_ch |    00000991  A$lcc7628
     00000991  C$main.c$ |    00000991  G$collide |    00000991  _collide_
     00000993  A$lcc7628 |    00000993  C$main.c$ |    00000996  A$lcc7628
     00000997  A$lcc7628 |    00000998  A$lcc7628 |    00000999  A$lcc7628
     0000099A  A$lcc7628 |    0000099C  A$lcc7628 |    0000099D  A$lcc7628
     0000099E  A$lcc7628 |    0000099F  A$lcc7628 |    000009A0  A$lcc7628
     000009A2  A$lcc7628 |    000009A4  A$lcc7628 |    000009A4  C$main.c$
     000009A6  A$lcc7628 |    000009A8  A$lcc7628 |    000009A8  C$main.c$
     000009AA  A$lcc7628 |    000009AC  A$lcc7628 |    000009AE  A$lcc7628
     000009AE  C$main.c$ |    000009B0  A$lcc7628 |    000009B2  A$lcc7628
     000009B2  C$main.c$ |    000009B4  A$lcc7628 |    000009B6  A$lcc7628
     000009B6  C$main.c$ |    000009B8  A$lcc7628 |    000009B9  A$lcc7628
     000009BB  A$lcc7628 |    000009BC  A$lcc7628 |    000009BD  A$lcc7628
     000009BE  A$lcc7628 |    000009BF  A$lcc7628 |    000009C0  A$lcc7628
     000009C1  A$lcc7628 |    000009C4  A$lcc7628 |    000009C5  A$lcc7628
     000009C6  A$lcc7628 |    000009C7  A$lcc7628 |    000009C9  A$lcc7628
     000009CA  A$lcc7628 |    000009CB  A$lcc7628 |    000009CC  A$lcc7628
     000009CE  A$lcc7628 |    000009CF  A$lcc7628 |    000009D0  A$lcc7628
     000009D1  A$lcc7628 |    000009D2  A$lcc7628 |    000009D4  A$lcc7628
     000009D6  A$lcc7628 |    000009D7  A$lcc7628 |    000009D8  A$lcc7628
     000009D9  A$lcc7628 |    000009DA  A$lcc7628 |    000009DB  A$lcc7628
     000009DC  A$lcc7628 |    000009DF  A$lcc7628 |    000009E0  A$lcc7628
     000009E1  A$lcc7628 |    000009E2  A$lcc7628 |    000009E4  A$lcc7628
     000009E6  A$lcc7628 |    000009E8  A$lcc7628 |    000009EA  A$lcc7628
     000009EC  A$lcc7628 |    000009EE  A$lcc7628 |    000009EE  C$main.c$
     000009F1  A$lcc7628 |    000009F2  A$lcc7628 |    000009F3  A$lcc7628
     000009F4  A$lcc7628 |    000009F5  A$lcc7628 |    000009F6  A$lcc7628
     000009F7  A$lcc7628 |    000009F8  A$lcc7628 |    000009F9  A$lcc7628
     000009F9  C$main.c$ |    000009FA  A$lcc7628 |    000009FC  A$lcc7628
     000009FD  A$lcc7628 |    000009FE  A$lcc7628 |    00000A00  A$lcc7628
     00000A03  A$lcc7628 |    00000A05  A$lcc7628 |    00000A06  A$lcc7628
     00000A06  C$main.c$ |    00000A08  A$lcc7628 |    00000A09  A$lcc7628
     00000A0B  A$lcc7628 |    00000A0C  A$lcc7628 |    00000A0E  A$lcc7628
     00000A10  A$lcc7628 |    00000A11  A$lcc7628 |    00000A13  A$lcc7628
     00000A15  A$lcc7628 |    00000A16  A$lcc7628 |    00000A17  A$lcc7628
     00000A18  A$lcc7628 |    00000A19  A$lcc7628 |    00000A1A  A$lcc7628
     00000A1B  A$lcc7628 |    00000A1D  A$lcc7628 |    00000A1E  A$lcc7628
     00000A20  A$lcc7628 |    00000A21  A$lcc7628 |    00000A22  A$lcc7628
     00000A23  A$lcc7628 |    00000A24  A$lcc7628 |    00000A25  A$lcc7628
     00000A26  A$lcc7628 |    00000A27  A$lcc7628 |    00000A28  A$lcc7628
     00000A29  A$lcc7628 |    00000A2A  A$lcc7628 |    00000A2C  A$lcc7628
     00000A2D  A$lcc7628 |    00000A2F  A$lcc7628 |    00000A30  A$lcc7628
     00000A32  A$lcc7628 |    00000A33  A$lcc7628 |    00000A35  A$lcc7628
     00000A36  A$lcc7628 |    00000A38  A$lcc7628 |    00000A3A  A$lcc7628
     00000A3C  A$lcc7628 |    00000A3D  A$lcc7628 |    00000A3E  A$lcc7628
     00000A41  A$lcc7628 |    00000A42  A$lcc7628 |    00000A43  A$lcc7628
     00000A44  A$lcc7628 |    00000A46  A$lcc7628 |    00000A47  A$lcc7628
     00000A48  A$lcc7628 |    00000A49  A$lcc7628 |    00000A4B  A$lcc7628
     00000A4C  A$lcc7628 |    00000A4E  A$lcc7628 |    00000A50  A$lcc7628
ASxxxx Linker V03.00 + NoICE + sdld,  page 13.
Hexadecimal  [32-Bits]

Area                       Addr        Size        Decimal Bytes (Attributes)
--------------------       ----        ----        ------- ----- ------------
_CODE                  00000200    00001CFB =        7419. bytes (REL,CON)

        Value  Global            Value  Global            Value  Global    
        -----  ------            -----  ------            -----  ------    
     00000A51  A$lcc7628 |    00000A53  A$lcc7628 |    00000A54  A$lcc7628
     00000A56  A$lcc7628 |    00000A57  A$lcc7628 |    00000A59  A$lcc7628
     00000A5A  A$lcc7628 |    00000A5C  A$lcc7628 |    00000A5D  A$lcc7628
     00000A5F  A$lcc7628 |    00000A5F  C$main.c$ |    00000A61  A$lcc7628
     00000A62  A$lcc7628 |    00000A63  A$lcc7628 |    00000A65  A$lcc7628
     00000A66  A$lcc7628 |    00000A67  A$lcc7628 |    00000A68  A$lcc7628
     00000A69  A$lcc7628 |    00000A6A  A$lcc7628 |    00000A6B  A$lcc7628
     00000A6D  A$lcc7628 |    00000A6E  A$lcc7628 |    00000A6F  A$lcc7628
     00000A70  A$lcc7628 |    00000A71  A$lcc7628 |    00000A72  A$lcc7628
     00000A73  A$lcc7628 |    00000A75  A$lcc7628 |    00000A76  A$lcc7628
     00000A77  A$lcc7628 |    00000A78  A$lcc7628 |    00000A7A  A$lcc7628
     00000A7B  A$lcc7628 |    00000A7C  A$lcc7628 |    00000A7D  A$lcc7628
     00000A7E  A$lcc7628 |    00000A7F  A$lcc7628 |    00000A80  A$lcc7628
     00000A81  A$lcc7628 |    00000A82  A$lcc7628 |    00000A84  A$lcc7628
     00000A86  A$lcc7628 |    00000A87  A$lcc7628 |    00000A88  A$lcc7628
     00000A89  A$lcc7628 |    00000A8A  A$lcc7628 |    00000A8D  A$lcc7628
     00000A8E  A$lcc7628 |    00000A8F  A$lcc7628 |    00000A90  A$lcc7628
     00000A92  A$lcc7628 |    00000A93  A$lcc7628 |    00000A94  A$lcc7628
     00000A95  A$lcc7628 |    00000A97  A$lcc7628 |    00000A98  A$lcc7628
     00000A9A  A$lcc7628 |    00000A9B  A$lcc7628 |    00000A9C  A$lcc7628
     00000A9C  C$main.c$ |    00000A9D  A$lcc7628 |    00000A9E  A$lcc7628
     00000AA0  A$lcc7628 |    00000AA2  A$lcc7628 |    00000AA4  A$lcc7628
     00000AA6  A$lcc7628 |    00000AA8  A$lcc7628 |    00000AAA  A$lcc7628
     00000AAB  A$lcc7628 |    00000AAC  A$lcc7628 |    00000AAE  A$lcc7628
     00000AAF  A$lcc7628 |    00000AB0  A$lcc7628 |    00000AB1  A$lcc7628
     00000AB2  A$lcc7628 |    00000AB3  A$lcc7628 |    00000AB6  A$lcc7628
     00000AB7  A$lcc7628 |    00000AB8  A$lcc7628 |    00000AB9  A$lcc7628
     00000ABB  A$lcc7628 |    00000ABC  A$lcc7628 |    00000ABE  A$lcc7628
     00000ABE  C$main.c$ |    00000ABF  A$lcc7628 |    00000AC1  A$lcc7628
     00000AC2  A$lcc7628 |    00000AC3  A$lcc7628 |    00000AC4  A$lcc7628
     00000AC5  A$lcc7628 |    00000AC8  A$lcc7628 |    00000AC9  A$lcc7628
     00000ACB  A$lcc7628 |    00000ACC  A$lcc7628 |    00000ACD  A$lcc7628
     00000ACF  A$lcc7628 |    00000ACF  C$main.c$ |    00000AD2  A$lcc7628
     00000AD3  A$lcc7628 |    00000AD4  A$lcc7628 |    00000AD5  A$lcc7628
     00000AD6  A$lcc7628 |    00000AD8  A$lcc7628 |    00000AD9  A$lcc7628
     00000ADA  A$lcc7628 |    00000ADB  A$lcc7628 |    00000ADC  A$lcc7628
     00000ADE  A$lcc7628 |    00000AE0  A$lcc7628 |    00000AE0  C$main.c$
     00000AE2  A$lcc7628 |    00000AE3  A$lcc7628 |    00000AE5  A$lcc7628
     00000AE6  A$lcc7628 |    00000AE8  A$lcc7628 |    00000AEA  A$lcc7628
     00000AEB  A$lcc7628 |    00000AED  A$lcc7628 |    00000AEE  A$lcc7628
     00000AEF  A$lcc7628 |    00000AF1  A$lcc7628 |    00000AF2  A$lcc7628
     00000AF4  A$lcc7628 |    00000AF6  A$lcc7628 |    00000AF7  A$lcc7628
     00000AF9  A$lcc7628 |    00000AFA  A$lcc7628 |    00000AFC  A$lcc7628
     00000AFF  A$lcc7628 |    00000B00  A$lcc7628 |    00000B02  A$lcc7628
     00000B03  A$lcc7628 |    00000B04  A$lcc7628 |    00000B06  A$lcc7628
     00000B07  A$lcc7628 |    00000B0A  A$lcc7628 |    00000B0A  C$main.c$
     00000B0D  A$lcc7628 |    00000B10  A$lcc7628 |    00000B10  C$main.c$
     00000B10  C$main.c$ |    00000B11  A$lcc7628 |    00000B13  A$lcc7628
     00000B14  A$lcc7628 |    00000B16  A$lcc7628 |    00000B17  A$lcc7628
     00000B19  A$lcc7628 |    00000B1A  A$lcc7628 |    00000B1C  A$lcc7628
     00000B1C  C$main.c$ |    00000B1E  A$lcc7628 |    00000B1F  A$lcc7628
ASxxxx Linker V03.00 + NoICE + sdld,  page 14.
Hexadecimal  [32-Bits]

Area                       Addr        Size        Decimal Bytes (Attributes)
--------------------       ----        ----        ------- ----- ------------
_CODE                  00000200    00001CFB =        7419. bytes (REL,CON)

        Value  Global            Value  Global            Value  Global    
        -----  ------            -----  ------            -----  ------    
     00000B21  A$lcc7628 |    00000B22  A$lcc7628 |    00000B24  A$lcc7628
     00000B26  A$lcc7628 |    00000B27  A$lcc7628 |    00000B28  A$lcc7628
     00000B2A  A$lcc7628 |    00000B2C  A$lcc7628 |    00000B2D  A$lcc7628
     00000B2F  A$lcc7628 |    00000B30  A$lcc7628 |    00000B31  A$lcc7628
     00000B33  A$lcc7628 |    00000B34  A$lcc7628 |    00000B36  A$lcc7628
     00000B38  A$lcc7628 |    00000B3A  A$lcc7628 |    00000B3C  A$lcc7628
     00000B3E  A$lcc7628 |    00000B3F  A$lcc7628 |    00000B40  A$lcc7628
     00000B42  A$lcc7628 |    00000B43  A$lcc7628 |    00000B45  A$lcc7628
     00000B45  C$main.c$ |    00000B48  A$lcc7628 |    00000B4A  A$lcc7628
     00000B4D  A$lcc7628 |    00000B4D  C$main.c$ |    00000B50  A$lcc7628
     00000B51  A$lcc7628 |    00000B54  A$lcc7628 |    00000B54  C$main.c$
     00000B57  A$lcc7628 |    00000B5A  A$lcc7628 |    00000B5A  C$main.c$
     00000B5C  A$lcc7628 |    00000B5D  A$lcc7628 |    00000B5F  A$lcc7628
     00000B60  A$lcc7628 |    00000B62  A$lcc7628 |    00000B64  A$lcc7628
     00000B65  A$lcc7628 |    00000B66  A$lcc7628 |    00000B68  A$lcc7628
     00000B69  A$lcc7628 |    00000B6A  A$lcc7628 |    00000B6C  A$lcc7628
     00000B6D  A$lcc7628 |    00000B6F  A$lcc7628 |    00000B70  A$lcc7628
     00000B72  A$lcc7628 |    00000B73  A$lcc7628 |    00000B74  A$lcc7628
     00000B76  A$lcc7628 |    00000B77  A$lcc7628 |    00000B78  A$lcc7628
     00000B7A  A$lcc7628 |    00000B7B  A$lcc7628 |    00000B7D  A$lcc7628
     00000B7E  A$lcc7628 |    00000B7F  A$lcc7628 |    00000B7F  C$main.c$
     00000B80  A$lcc7628 |    00000B82  A$lcc7628 |    00000B83  A$lcc7628
     00000B85  A$lcc7628 |    00000B85  C$main.c$ |    00000B87  A$lcc7628
     00000B89  A$lcc7628 |    00000B8B  A$lcc7628 |    00000B8D  A$lcc7628
     00000B8F  A$lcc7628 |    00000B91  A$lcc7628 |    00000B93  A$lcc7628
     00000B95  A$lcc7628 |    00000B97  A$lcc7628 |    00000B97  C$main.c$
     00000B9A  A$lcc7628 |    00000B9C  A$lcc7628 |    00000B9E  A$lcc7628
     00000B9E  C$main.c$ |    00000BA1  A$lcc7628 |    00000BA2  A$lcc7628
     00000BA4  A$lcc7628 |    00000BA4  C$main.c$ |    00000BA7  A$lcc7628
     00000BA9  A$lcc7628 |    00000BA9  C$main.c$ |    00000BAA  A$lcc7628
     00000BAC  A$lcc7628 |    00000BAD  A$lcc7628 |    00000BAF  A$lcc7628
     00000BAF  C$main.c$ |    00000BB1  A$lcc7628 |    00000BB3  A$lcc7628
     00000BB5  A$lcc7628 |    00000BB7  A$lcc7628 |    00000BB9  A$lcc7628
     00000BBB  A$lcc7628 |    00000BBD  A$lcc7628 |    00000BBF  A$lcc7628
     00000BC1  A$lcc7628 |    00000BC1  C$main.c$ |    00000BC4  A$lcc7628
     00000BC6  A$lcc7628 |    00000BC8  A$lcc7628 |    00000BC8  C$main.c$
     00000BCB  A$lcc7628 |    00000BCC  A$lcc7628 |    00000BCE  A$lcc7628
     00000BCE  C$main.c$ |    00000BD1  A$lcc7628 |    00000BD3  A$lcc7628
     00000BD3  C$main.c$ |    00000BD4  A$lcc7628 |    00000BD6  A$lcc7628
     00000BD7  A$lcc7628 |    00000BD9  A$lcc7628 |    00000BD9  C$main.c$
     00000BDB  A$lcc7628 |    00000BDD  A$lcc7628 |    00000BDF  A$lcc7628
     00000BE1  A$lcc7628 |    00000BE3  A$lcc7628 |    00000BE5  A$lcc7628
     00000BE7  A$lcc7628 |    00000BE9  A$lcc7628 |    00000BEB  A$lcc7628
     00000BEB  C$main.c$ |    00000BEE  A$lcc7628 |    00000BF0  A$lcc7628
     00000BF2  A$lcc7628 |    00000BF2  C$main.c$ |    00000BF5  A$lcc7628
     00000BF6  A$lcc7628 |    00000BF8  A$lcc7628 |    00000BF8  C$main.c$
     00000BFB  A$lcc7628 |    00000BFD  A$lcc7628 |    00000BFD  C$main.c$
     00000BFE  A$lcc7628 |    00000C00  A$lcc7628 |    00000C01  A$lcc7628
     00000C03  A$lcc7628 |    00000C03  C$main.c$ |    00000C06  A$lcc7628
     00000C07  A$lcc7628 |    00000C08  A$lcc7628 |    00000C09  A$lcc7628
     00000C0A  A$lcc7628 |    00000C0B  A$lcc7628 |    00000C0E  A$lcc7628
ASxxxx Linker V03.00 + NoICE + sdld,  page 15.
Hexadecimal  [32-Bits]

Area                       Addr        Size        Decimal Bytes (Attributes)
--------------------       ----        ----        ------- ----- ------------
_CODE                  00000200    00001CFB =        7419. bytes (REL,CON)

        Value  Global            Value  Global            Value  Global    
        -----  ------            -----  ------            -----  ------    
     00000C0F  A$lcc7628 |    00000C11  A$lcc7628 |    00000C11  C$main.c$
     00000C11  XG$collid |    00000C12  A$lcc7628 |    00000C12  C$main.c$
     00000C12  C$main.c$ |    00000C12  G$animate |    00000C12  _animate_
     00000C15  A$lcc7628 |    00000C16  A$lcc7628 |    00000C16  C$main.c$
     00000C19  A$lcc7628 |    00000C1A  A$lcc7628 |    00000C1A  C$main.c$
     00000C1C  A$lcc7628 |    00000C1C  C$main.c$ |    00000C1F  A$lcc7628
     00000C21  A$lcc7628 |    00000C23  A$lcc7628 |    00000C23  C$main.c$
     00000C26  A$lcc7628 |    00000C29  A$lcc7628 |    00000C2A  A$lcc7628
     00000C2B  A$lcc7628 |    00000C2C  A$lcc7628 |    00000C2E  A$lcc7628
     00000C2F  A$lcc7628 |    00000C31  A$lcc7628 |    00000C32  A$lcc7628
     00000C33  A$lcc7628 |    00000C33  C$main.c$ |    00000C35  A$lcc7628
     00000C36  A$lcc7628 |    00000C38  A$lcc7628 |    00000C3A  A$lcc7628
     00000C3A  C$main.c$ |    00000C3C  A$lcc7628 |    00000C3D  A$lcc7628
     00000C3E  A$lcc7628 |    00000C3F  A$lcc7628 |    00000C40  A$lcc7628
     00000C43  A$lcc7628 |    00000C44  A$lcc7628 |    00000C45  A$lcc7628
     00000C46  A$lcc7628 |    00000C46  C$main.c$ |    00000C47  A$lcc7628
     00000C49  A$lcc7628 |    00000C4A  A$lcc7628 |    00000C4B  A$lcc7628
     00000C4C  A$lcc7628 |    00000C4D  A$lcc7628 |    00000C50  A$lcc7628
     00000C51  A$lcc7628 |    00000C52  A$lcc7628 |    00000C52  C$main.c$
     00000C53  A$lcc7628 |    00000C55  A$lcc7628 |    00000C57  A$lcc7628
     00000C59  A$lcc7628 |    00000C5A  A$lcc7628 |    00000C5C  A$lcc7628
     00000C5C  C$main.c$ |    00000C5D  A$lcc7628 |    00000C5E  A$lcc7628
     00000C60  A$lcc7628 |    00000C61  A$lcc7628 |    00000C62  A$lcc7628
     00000C63  A$lcc7628 |    00000C66  A$lcc7628 |    00000C68  A$lcc7628
     00000C69  A$lcc7628 |    00000C69  C$main.c$ |    00000C6A  A$lcc7628
     00000C6C  A$lcc7628 |    00000C6E  A$lcc7628 |    00000C70  A$lcc7628
     00000C71  A$lcc7628 |    00000C73  A$lcc7628 |    00000C73  C$main.c$
     00000C74  A$lcc7628 |    00000C76  A$lcc7628 |    00000C77  A$lcc7628
     00000C78  A$lcc7628 |    00000C79  A$lcc7628 |    00000C7C  A$lcc7628
     00000C7E  A$lcc7628 |    00000C7E  C$main.c$ |    00000C7F  A$lcc7628
     00000C81  A$lcc7628 |    00000C81  C$main.c$ |    00000C84  A$lcc7628
     00000C86  A$lcc7628 |    00000C88  A$lcc7628 |    00000C8B  A$lcc7628
     00000C8C  A$lcc7628 |    00000C8D  A$lcc7628 |    00000C8F  A$lcc7628
     00000C8F  C$main.c$ |    00000C91  A$lcc7628 |    00000C91  C$main.c$
     00000C94  A$lcc7628 |    00000C95  A$lcc7628 |    00000C96  A$lcc7628
     00000C96  C$main.c$ |    00000C99  A$lcc7628 |    00000C9B  A$lcc7628
     00000C9C  A$lcc7628 |    00000C9C  C$main.c$ |    00000C9F  A$lcc7628
     00000CA0  A$lcc7628 |    00000CA1  A$lcc7628 |    00000CA3  A$lcc7628
     00000CA4  A$lcc7628 |    00000CA7  A$lcc7628 |    00000CA8  A$lcc7628
     00000CA9  A$lcc7628 |    00000CAC  A$lcc7628 |    00000CAE  A$lcc7628
     00000CAF  A$lcc7628 |    00000CB2  A$lcc7628 |    00000CB3  A$lcc7628
     00000CB4  A$lcc7628 |    00000CB4  C$main.c$ |    00000CB5  A$lcc7628
     00000CB6  A$lcc7628 |    00000CB8  A$lcc7628 |    00000CB8  C$main.c$
     00000CBB  A$lcc7628 |    00000CBC  A$lcc7628 |    00000CBD  A$lcc7628
     00000CBF  A$lcc7628 |    00000CBF  C$main.c$ |    00000CC0  A$lcc7628
     00000CC1  A$lcc7628 |    00000CC2  A$lcc7628 |    00000CC3  A$lcc7628
     00000CC5  A$lcc7628 |    00000CC6  A$lcc7628 |    00000CC7  A$lcc7628
     00000CC8  A$lcc7628 |    00000CC9  A$lcc7628 |    00000CCC  A$lcc7628
     00000CCE  A$lcc7628 |    00000CCF  A$lcc7628 |    00000CCF  C$main.c$
     00000CD0  A$lcc7628 |    00000CD2  A$lcc7628 |    00000CD2  C$main.c$
     00000CD5  A$lcc7628 |    00000CD6  A$lcc7628 |    00000CD7  A$lcc7628
ASxxxx Linker V03.00 + NoICE + sdld,  page 16.
Hexadecimal  [32-Bits]

Area                       Addr        Size        Decimal Bytes (Attributes)
--------------------       ----        ----        ------- ----- ------------
_CODE                  00000200    00001CFB =        7419. bytes (REL,CON)

        Value  Global            Value  Global            Value  Global    
        -----  ------            -----  ------            -----  ------    
     00000CD9  A$lcc7628 |    00000CD9  C$main.c$ |    00000CDA  A$lcc7628
     00000CDB  A$lcc7628 |    00000CDC  A$lcc7628 |    00000CDD  A$lcc7628
     00000CDF  A$lcc7628 |    00000CE0  A$lcc7628 |    00000CE1  A$lcc7628
     00000CE2  A$lcc7628 |    00000CE3  A$lcc7628 |    00000CE6  A$lcc7628
     00000CE8  A$lcc7628 |    00000CE9  A$lcc7628 |    00000CE9  C$main.c$
     00000CEA  A$lcc7628 |    00000CEC  A$lcc7628 |    00000CEC  C$main.c$
     00000CEF  A$lcc7628 |    00000CF1  A$lcc7628 |    00000CF1  C$main.c$
     00000CF4  A$lcc7628 |    00000CF6  A$lcc7628 |    00000CF7  A$lcc7628
     00000CF7  C$main.c$ |    00000CFA  A$lcc7628 |    00000CFB  A$lcc7628
     00000CFC  A$lcc7628 |    00000CFE  A$lcc7628 |    00000CFE  C$main.c$
     00000CFF  A$lcc7628 |    00000D00  A$lcc7628 |    00000D01  A$lcc7628
     00000D03  A$lcc7628 |    00000D04  A$lcc7628 |    00000D05  A$lcc7628
     00000D06  A$lcc7628 |    00000D07  A$lcc7628 |    00000D0A  A$lcc7628
     00000D0C  A$lcc7628 |    00000D0D  A$lcc7628 |    00000D0D  C$main.c$
     00000D0E  A$lcc7628 |    00000D10  A$lcc7628 |    00000D10  C$main.c$
     00000D13  A$lcc7628 |    00000D14  A$lcc7628 |    00000D15  A$lcc7628
     00000D16  A$lcc7628 |    00000D16  C$main.c$ |    00000D17  A$lcc7628
     00000D18  A$lcc7628 |    00000D19  A$lcc7628 |    00000D1B  A$lcc7628
     00000D1C  A$lcc7628 |    00000D1D  A$lcc7628 |    00000D1E  A$lcc7628
     00000D1F  A$lcc7628 |    00000D22  A$lcc7628 |    00000D24  A$lcc7628
     00000D25  A$lcc7628 |    00000D25  C$main.c$ |    00000D26  A$lcc7628
     00000D26  C$main.c$ |    00000D26  XG$animat |    00000D28  A$lcc7628
     00000D28  C$main.c$ |    00000D28  C$main.c$ |    00000D28  G$stage_t
     00000D28  _stage_ti |    00000D2B  A$lcc7628 |    00000D2C  A$lcc7628
     00000D2E  A$lcc7628 |    00000D30  A$lcc7628 |    00000D31  A$lcc7628
     00000D32  A$lcc7628 |    00000D33  A$lcc7628 |    00000D35  A$lcc7628
     00000D38  A$lcc7628 |    00000D3A  A$lcc7628 |    00000D3C  A$lcc7628
     00000D3C  C$main.c$ |    00000D3F  A$lcc7628 |    00000D40  A$lcc7628
     00000D41  A$lcc7628 |    00000D42  A$lcc7628 |    00000D44  A$lcc7628
     00000D46  A$lcc7628 |    00000D48  A$lcc7628 |    00000D4A  A$lcc7628
     00000D4C  A$lcc7628 |    00000D4E  A$lcc7628 |    00000D50  A$lcc7628
     00000D52  A$lcc7628 |    00000D54  A$lcc7628 |    00000D56  A$lcc7628
     00000D57  A$lcc7628 |    00000D59  A$lcc7628 |    00000D5A  A$lcc7628
     00000D5A  C$main.c$ |    00000D5B  A$lcc7628 |    00000D5B  C$main.c$
     00000D5D  A$lcc7628 |    00000D5E  A$lcc7628 |    00000D60  A$lcc7628
     00000D61  A$lcc7628 |    00000D62  A$lcc7628 |    00000D63  A$lcc7628
     00000D64  A$lcc7628 |    00000D67  A$lcc7628 |    00000D68  A$lcc7628
     00000D68  C$main.c$ |    00000D69  A$lcc7628 |    00000D6B  A$lcc7628
     00000D6C  A$lcc7628 |    00000D6F  A$lcc7628 |    00000D70  A$lcc7628
     00000D71  A$lcc7628 |    00000D73  A$lcc7628 |    00000D74  A$lcc7628
     00000D75  A$lcc7628 |    00000D77  A$lcc7628 |    00000D78  A$lcc7628
     00000D79  A$lcc7628 |    00000D7B  A$lcc7628 |    00000D7B  C$main.c$
     00000D7C  A$lcc7628 |    00000D7E  A$lcc7628 |    00000D7F  A$lcc7628
     00000D81  A$lcc7628 |    00000D82  A$lcc7628 |    00000D83  A$lcc7628
     00000D84  A$lcc7628 |    00000D87  A$lcc7628 |    00000D89  A$lcc7628
     00000D89  C$main.c$ |    00000D8C  A$lcc7628 |    00000D8D  A$lcc7628
     00000D8E  A$lcc7628 |    00000D8F  A$lcc7628 |    00000D90  A$lcc7628
     00000D91  A$lcc7628 |    00000D93  A$lcc7628 |    00000D94  A$lcc7628
     00000D95  A$lcc7628 |    00000D96  A$lcc7628 |    00000D97  A$lcc7628
     00000D98  A$lcc7628 |    00000D99  A$lcc7628 |    00000D9B  A$lcc7628
     00000D9C  A$lcc7628 |    00000D9C  C$main.c$ |    00000D9F  A$lcc7628
ASxxxx Linker V03.00 + NoICE + sdld,  page 17.
Hexadecimal  [32-Bits]

Area                       Addr        Size        Decimal Bytes (Attributes)
--------------------       ----        ----        ------- ----- ------------
_CODE                  00000200    00001CFB =        7419. bytes (REL,CON)

        Value  Global            Value  Global            Value  Global    
        -----  ------            -----  ------            -----  ------    
     00000D9F  C$main.c$ |    00000D9F  C$main.c$ |    00000D9F  XG$stage_
     00000DA2  A$lcc7628 |    00000DA2  C$main.c$ |    00000DA2  C$main.c$
     00000DA2  G$main$0$ |    00000DA2  _main     |    00000DA4  A$lcc7628
     00000DA6  A$lcc7628 |    00000DA6  C$main.c$ |    00000DA7  A$lcc7628
     00000DA9  A$lcc7628 |    00000DA9  C$main.c$ |    00000DAA  A$lcc7628
     00000DAA  C$main.c$ |    00000DAD  A$lcc7628 |    00000DAE  A$lcc7628
     00000DB1  A$lcc7628 |    00000DB2  A$lcc7628 |    00000DB3  A$lcc7628
     00000DB3  C$main.c$ |    00000DB5  A$lcc7628 |    00000DB6  A$lcc7628
     00000DB7  A$lcc7628 |    00000DBA  A$lcc7628 |    00000DBB  A$lcc7628
     00000DBB  C$main.c$ |    00000DBC  A$lcc7628 |    00000DBE  A$lcc7628
     00000DBE  C$main.c$ |    00000DC0  A$lcc7628 |    00000DC2  A$lcc7628
     00000DC2  C$main.c$ |    00000DC4  A$lcc7628 |    00000DC6  A$lcc7628
     00000DC8  A$lcc7628 |    00000DC8  C$main.c$ |    00000DCA  A$lcc7628
     00000DCC  A$lcc7628 |    00000DCE  A$lcc7628 |    00000DCE  C$main.c$
     00000DD0  A$lcc7628 |    00000DD2  A$lcc7628 |    00000DD4  A$lcc7628
     00000DD4  C$main.c$ |    00000DD6  A$lcc7628 |    00000DD8  A$lcc7628
     00000DDA  A$lcc7628 |    00000DDA  C$main.c$ |    00000DDD  A$lcc7628
     00000DDD  C$main.c$ |    00000DDD  C$main.c$ |    00000DE0  A$lcc7628
     00000DE3  A$lcc7628 |    00000DE3  C$main.c$ |    00000DE6  A$lcc7628
     00000DE9  A$lcc7628 |    00000DEA  A$lcc7628 |    00000DEA  C$main.c$
     00000DED  A$lcc7628 |    00000DEE  A$lcc7628 |    00000DF1  A$lcc7628
     00000DF2  A$lcc7628 |    00000DF3  A$lcc7628 |    00000DF4  A$lcc7628
     00000DF5  A$lcc7628 |    00000DF8  A$lcc7628 |    00000DF9  A$lcc7628
     00000DF9  C$main.c$ |    00000DFC  A$lcc7628 |    00000DFD  A$lcc7628
     00000E00  A$lcc7628 |    00000E00  C$main.c$ |    00000E03  A$lcc7628
     00000E06  A$lcc7628 |    00000E07  A$lcc7628 |    00000E08  A$lcc7628
     00000E09  A$lcc7628 |    00000E0A  A$lcc7628 |    00000E0C  A$lcc7628
     00000E0F  A$lcc7628 |    00000E11  A$lcc7628 |    00000E13  A$lcc7628
     00000E13  C$main.c$ |    00000E13  C$main.c$ |    00000E16  A$lcc7628
     00000E18  A$lcc7628 |    00000E1A  A$lcc7628 |    00000E1D  A$lcc7628
     00000E1F  A$lcc7628 |    00000E21  A$lcc7628 |    00000E23  A$lcc7628
     00000E23  C$main.c$ |    00000E23  C$main.c$ |    00000E25  A$lcc7628
     00000E27  A$lcc7628 |    00000E27  C$main.c$ |    00000E2A  A$lcc7628
     00000E2C  A$lcc7628 |    00000E2C  C$main.c$ |    00000E2F  A$lcc7628
     00000E31  A$lcc7628 |    00000E31  C$main.c$ |    00000E33  A$lcc7628
     00000E33  C$main.c$ |    00000E33  C$main.c$ |    00000E35  A$lcc7628
     00000E37  A$lcc7628 |    00000E37  C$main.c$ |    00000E3A  A$lcc7628
     00000E3C  A$lcc7628 |    00000E3C  C$main.c$ |    00000E3F  A$lcc7628
     00000E41  A$lcc7628 |    00000E41  C$main.c$ |    00000E43  A$lcc7628
     00000E43  C$main.c$ |    00000E43  C$main.c$ |    00000E45  A$lcc7628
     00000E47  A$lcc7628 |    00000E47  C$main.c$ |    00000E4A  A$lcc7628
     00000E4C  A$lcc7628 |    00000E4C  C$main.c$ |    00000E4F  A$lcc7628
     00000E51  A$lcc7628 |    00000E51  C$main.c$ |    00000E54  A$lcc7628
     00000E56  A$lcc7628 |    00000E56  C$main.c$ |    00000E58  A$lcc7628
     00000E58  C$main.c$ |    00000E58  C$main.c$ |    00000E5B  A$lcc7628
     00000E5C  A$lcc7628 |    00000E5D  A$lcc7628 |    00000E5E  A$lcc7628
     00000E5F  A$lcc7628 |    00000E61  A$lcc7628 |    00000E63  A$lcc7628
     00000E64  A$lcc7628 |    00000E66  A$lcc7628 |    00000E67  A$lcc7628
     00000E69  A$lcc7628 |    00000E6B  A$lcc7628 |    00000E6D  A$lcc7628
     00000E6F  A$lcc7628 |    00000E70  A$lcc7628 |    00000E72  A$lcc7628
     00000E74  A$lcc7628 |    00000E76  A$lcc7628 |    00000E77  A$lcc7628
ASxxxx Linker V03.00 + NoICE + sdld,  page 18.
Hexadecimal  [32-Bits]

Area                       Addr        Size        Decimal Bytes (Attributes)
--------------------       ----        ----        ------- ----- ------------
_CODE                  00000200    00001CFB =        7419. bytes (REL,CON)

        Value  Global            Value  Global            Value  Global    
        -----  ------            -----  ------            -----  ------    
     00000E79  A$lcc7628 |    00000E7B  A$lcc7628 |    00000E7D  A$lcc7628
     00000E7D  C$main.c$ |    00000E80  A$lcc7628 |    00000E82  A$lcc7628
     00000E82  C$main.c$ |    00000E85  A$lcc7628 |    00000E87  A$lcc7628
     00000E87  C$main.c$ |    00000E8A  A$lcc7628 |    00000E8C  A$lcc7628
     00000E8C  C$main.c$ |    00000E8C  C$main.c$ |    00000E8F  A$lcc7628
     00000E8F  C$main.c$ |    00000E92  A$lcc7628 |    00000E92  C$main.c$
     00000E95  A$lcc7628 |    00000E95  C$main.c$ |    00000E98  A$lcc7628
     00000E98  C$main.c$ |    00000E9B  A$lcc7628 |    00000E9D  A$lcc7628
     00000E9F  A$lcc7628 |    00000E9F  C$main.c$ |    00000EA2  A$lcc7628
     00000EA2  C$main.c$ |    00000EA5  A$lcc7628 |    00000EA7  A$lcc7628
     00000EA9  A$lcc7628 |    00000EA9  C$main.c$ |    00000EAC  A$lcc7628
     00000EAD  A$lcc7628 |    00000EAF  A$lcc7628 |    00000EB0  A$lcc7628
     00000EB1  A$lcc7628 |    00000EB4  A$lcc7628 |    00000EB6  A$lcc7628
     00000EB6  C$main.c$ |    00000EB9  A$lcc7628 |    00000EB9  C$main.c$
     00000EBC  A$lcc7628 |    00000EBC  C$main.c$ |    00000EBC  XG$main$0
     00000EBF  G$BKG_MAP |    00000EBF  _BKG_MAP  |    000012BF  G$BKG_TIL
     000012BF  _BKG_TILE |    000015AF  G$COLLISI |    000015AF  _COLLISIO
     000019AF  G$RESET_T |    000019AF  _RESET_TI |    000019B9  G$WIN_FRO
     000019B9  _WIN_FROG |    000019BD  _get_vram |    000019CA  _get_win_
     000019D2  _get_bkg_ |    000019F9  _set_vram |    00001A08  _set_win_
     00001A10  _set_bkg_ |    00001AE4  ___printf |    00001E7B  _sprintf 
     00001E9C  ___move_m |    00001ED4  _get_win_ |    00001EDC  _get_bkg_
ASxxxx Linker V03.00 + NoICE + sdld,  page 19.
Hexadecimal  [32-Bits]

Area                       Addr        Size        Decimal Bytes (Attributes)
--------------------       ----        ----        ------- ----- ------------
_HEADER0               00000000    00000001 =           1. bytes (ABS,CON)

        Value  Global            Value  Global            Value  Global    
        -----  ------            -----  ------            -----  ------    
     00000020  .call_hl 
ASxxxx Linker V03.00 + NoICE + sdld,  page 20.
Hexadecimal  [32-Bits]

Area                       Addr        Size        Decimal Bytes (Attributes)
--------------------       ----        ----        ------- ----- ------------
_HEADER1               00000000    00000005 =           5. bytes (ABS,CON)

        Value  Global            Value  Global            Value  Global    
        -----  ------            -----  ------            -----  ------    
     00000028  .MemsetSm
ASxxxx Linker V03.00 + NoICE + sdld,  page 21.
Hexadecimal  [32-Bits]

Area                       Addr        Size        Decimal Bytes (Attributes)
--------------------       ----        ----        ------- ----- ------------
_HEADER2               00000000    00000007 =           7. bytes (ABS,CON)

        Value  Global            Value  Global            Value  Global    
        -----  ------            -----  ------            -----  ------    
     00000030  .MemcpySm
ASxxxx Linker V03.00 + NoICE + sdld,  page 22.
Hexadecimal  [32-Bits]

Area                       Addr        Size        Decimal Bytes (Attributes)
--------------------       ----        ----        ------- ----- ------------
_HEADER3               00000000    00000008 =           8. bytes (ABS,CON)

        Value  Global            Value  Global            Value  Global    
        -----  ------            -----  ------            -----  ------    
ASxxxx Linker V03.00 + NoICE + sdld,  page 23.
Hexadecimal  [32-Bits]

Area                       Addr        Size        Decimal Bytes (Attributes)
--------------------       ----        ----        ------- ----- ------------
_HEADER4               00000000    0000004F =          79. bytes (ABS,CON)

        Value  Global            Value  Global            Value  Global    
        -----  ------            -----  ------            -----  ------    
     00000080  .int      |    0000008F  _wait_int |    0000009C  __standar
     000000AC  _refresh_
ASxxxx Linker V03.00 + NoICE + sdld,  page 24.
Hexadecimal  [32-Bits]

Area                       Addr        Size        Decimal Bytes (Attributes)
--------------------       ----        ----        ------- ----- ------------
_HEADER5               00000000    00000002 =           2. bytes (ABS,CON)

        Value  Global            Value  Global            Value  Global    
        -----  ------            -----  ------            -----  ------    
ASxxxx Linker V03.00 + NoICE + sdld,  page 25.
Hexadecimal  [32-Bits]

Area                       Addr        Size        Decimal Bytes (Attributes)
--------------------       ----        ----        ------- ----- ------------
_HEADER6               00000000    00000030 =          48. bytes (ABS,CON)

        Value  Global            Value  Global            Value  Global    
        -----  ------            -----  ------            -----  ------    
ASxxxx Linker V03.00 + NoICE + sdld,  page 26.
Hexadecimal  [32-Bits]

Area                       Addr        Size        Decimal Bytes (Attributes)
--------------------       ----        ----        ------- ----- ------------
_HEADER7               00000000    00000006 =           6. bytes (ABS,CON)

        Value  Global            Value  Global            Value  Global    
        -----  ------            -----  ------            -----  ------    
ASxxxx Linker V03.00 + NoICE + sdld,  page 27.
Hexadecimal  [32-Bits]

Area                       Addr        Size        Decimal Bytes (Attributes)
--------------------       ----        ----        ------- ----- ------------
_HEADER8               00000000    00000003 =           3. bytes (ABS,CON)

        Value  Global            Value  Global            Value  Global    
        -----  ------            -----  ------            -----  ------    
ASxxxx Linker V03.00 + NoICE + sdld,  page 28.
Hexadecimal  [32-Bits]

Area                       Addr        Size        Decimal Bytes (Attributes)
--------------------       ----        ----        ------- ----- ------------
_HEADER9               00000000    00000001 =           1. bytes (ABS,CON)

        Value  Global            Value  Global            Value  Global    
        -----  ------            -----  ------            -----  ------    
ASxxxx Linker V03.00 + NoICE + sdld,  page 29.
Hexadecimal  [32-Bits]

Area                       Addr        Size        Decimal Bytes (Attributes)
--------------------       ----        ----        ------- ----- ------------
_HEADERa               00000000    00000001 =           1. bytes (ABS,CON)

        Value  Global            Value  Global            Value  Global    
        -----  ------            -----  ------            -----  ------    
ASxxxx Linker V03.00 + NoICE + sdld,  page 30.
Hexadecimal  [32-Bits]

Area                       Addr        Size        Decimal Bytes (Attributes)
--------------------       ----        ----        ------- ----- ------------
_HEADERb               00000000    00000001 =           1. bytes (ABS,CON)

        Value  Global            Value  Global            Value  Global    
        -----  ------            -----  ------            -----  ------    
ASxxxx Linker V03.00 + NoICE + sdld,  page 31.
Hexadecimal  [32-Bits]

Area                       Addr        Size        Decimal Bytes (Attributes)
--------------------       ----        ----        ------- ----- ------------
_HEADERc               00000000    00000002 =           2. bytes (ABS,CON)

        Value  Global            Value  Global            Value  Global    
        -----  ------            -----  ------            -----  ------    
ASxxxx Linker V03.00 + NoICE + sdld,  page 32.
Hexadecimal  [32-Bits]

Area                       Addr        Size        Decimal Bytes (Attributes)
--------------------       ----        ----        ------- ----- ------------
_HEADERd               00000000    00000001 =           1. bytes (ABS,CON)

        Value  Global            Value  Global            Value  Global    
        -----  ------            -----  ------            -----  ------    
ASxxxx Linker V03.00 + NoICE + sdld,  page 33.
Hexadecimal  [32-Bits]

Area                       Addr        Size        Decimal Bytes (Attributes)
--------------------       ----        ----        ------- ----- ------------
_HEADERe               00000000    00000001 =           1. bytes (ABS,CON)

        Value  Global            Value  Global            Value  Global    
        -----  ------            -----  ------            -----  ------    
ASxxxx Linker V03.00 + NoICE + sdld,  page 34.
Hexadecimal  [32-Bits]

Area                       Addr        Size        Decimal Bytes (Attributes)
--------------------       ----        ----        ------- ----- ------------
_HEADERf               00000000    00000002 =           2. bytes (ABS,CON)

        Value  Global            Value  Global            Value  Global    
        -----  ------            -----  ------            -----  ------    
ASxxxx Linker V03.00 + NoICE + sdld,  page 35.
Hexadecimal  [32-Bits]

Area                       Addr        Size        Decimal Bytes (Attributes)
--------------------       ----        ----        ------- ----- ------------
_HEADER10              00000000    00000082 =         130. bytes (ABS,CON)

        Value  Global            Value  Global            Value  Global    
        -----  ------            -----  ------            -----  ------    
     00000150  .reset    |    00000150  _reset    |    00000157  .code_sta
     000001B7  _exit     |    000001BB  _set_inte
ASxxxx Linker V03.00 + NoICE + sdld,  page 36.
Hexadecimal  [32-Bits]

Area                       Addr        Size        Decimal Bytes (Attributes)
--------------------       ----        ----        ------- ----- ------------
_HEADER11              00000000    00000001 =           1. bytes (ABS,CON)

        Value  Global            Value  Global            Value  Global    
        -----  ------            -----  ------            -----  ------    
ASxxxx Linker V03.00 + NoICE + sdld,  page 37.
Hexadecimal  [32-Bits]

Area                       Addr        Size        Decimal Bytes (Attributes)
--------------------       ----        ----        ------- ----- ------------
_HOME                  00001EFB    000004E5 =        1253. bytes (REL,CON)

        Value  Global            Value  Global            Value  Global    
        -----  ------            -----  ------            -----  ------    
     00001EFB  .memset_s |    00001F04  .memcpy_s |    00001F21  .remove_V
     00001F24  .remove_i |    00001F41  .add_VBL  |    00001F44  .add_int 
     00001F4F  .wait_vbl |    00001F4F  _wait_vbl |    00001F5F  .display_
     00001F5F  _display_ |    00001F77  _remove_V |    00001F82  _add_VBL 
     00001F8D  _set_tile |    00001F92  _set_bkg_ |    00001F92  _set_win_
     00001F9A  _set_spri |    00001FCA  _reverse  |    00001FFE  __modulon
     00002093  .padup    |    00002093  _waitpadu |    000020A3  .jpad    
     000020A3  _joypad   |    000020CB  _waitpad  |    000020CE  .wait_pad
     000020D5  __divulon |    00002157  ___sdcc_c |    00002187  _add_LCD 
     00002192  .add_LCD  |    00002198  _remove_L |    000021A3  .remove_L
     000021A9  __divsuch |    000021B6  __modsuch |    000021C0  __divusch
     000021D2  __modusch |    000021E2  __divscha |    000021EE  __modscha
     000021F8  __divsint |    00002209  __modsint |    00002218  __divucha
     00002224  __moducha |    0000222E  __divuint |    0000223F  __moduint
     0000224E  .div8     |    0000224E  .mod8     |    00002256  .div16   
     00002256  .mod16    |    0000228C  .divu8    |    0000228C  .modu8   
     0000228F  .divu16   |    0000228F  .modu16   |    000022D0  _set_bkg_
     000022E4  _uitoa    |    000022F3  _itoa     |    00002302  .itoa    
     00002316  .utoa     |    0000238A  .set_xy_w |    00002393  .set_xy_b
     000023A2  .set_xy_t
ASxxxx Linker V03.00 + NoICE + sdld,  page 38.
Hexadecimal  [32-Bits]

Area                       Addr        Size        Decimal Bytes (Attributes)
--------------------       ----        ----        ------- ----- ------------
_CODE_0                000023E0    00000440 =        1088. bytes (REL,CON)

        Value  Global            Value  Global            Value  Global    
        -----  ------            -----  ------            -----  ------    
     000023E0  G$FONT$0_ |    000023E0  _FONT    
ASxxxx Linker V03.00 + NoICE + sdld,  page 39.
Hexadecimal  [32-Bits]

Area                       Addr        Size        Decimal Bytes (Attributes)
--------------------       ----        ----        ------- ----- ------------
_INITIALIZER           00002820    00000048 =          72. bytes (REL,CON)

        Value  Global            Value  Global            Value  Global    
        -----  ------            -----  ------            -----  ------    
     00002820  Fmain$__x |    00002844  Fmain$__x |    00002847  Fmain$__x
     0000284B  Fmain$__x |    0000284F  Fmain$__x |    00002856  Fmain$__x
     0000285B  Fmain$__x |    00002860  Fmain$__x
ASxxxx Linker V03.00 + NoICE + sdld,  page 40.
Hexadecimal  [32-Bits]

Area                       Addr        Size        Decimal Bytes (Attributes)
--------------------       ----        ----        ------- ----- ------------
_GSINIT                00002868    0000000C =          12. bytes (REL,CON)

        Value  Global            Value  Global            Value  Global    
        -----  ------            -----  ------            -----  ------    
     00002868  gsinit   
ASxxxx Linker V03.00 + NoICE + sdld,  page 41.
Hexadecimal  [32-Bits]

Area                       Addr        Size        Decimal Bytes (Attributes)
--------------------       ----        ----        ------- ----- ------------
_GSFINAL               00002874    00000001 =           1. bytes (REL,CON)

        Value  Global            Value  Global            Value  Global    
        -----  ------            -----  ------            -----  ------    
ASxxxx Linker V03.00 + NoICE + sdld,  page 42.
Hexadecimal  [32-Bits]

Area                       Addr        Size        Decimal Bytes (Attributes)
--------------------       ----        ----        ------- ----- ------------
_DATA                  0000C0A0    0000006C =         108. bytes (REL,CON)

        Value  Global            Value  Global            Value  Global    
        -----  ------            -----  ------            -----  ------    
     0000C0A0  __cpu     |    0000C0A1  __is_GBA  |    0000C0A2  .mode    
     0000C0A3  .sys_time |    0000C0A3  _sys_time |    0000C0A5  .int_0x40
     0000C0B9  G$scroll$ |    0000C0B9  _scroll   |    0000C0C3  G$PLAYER$
     0000C0C3  _PLAYER   |    0000C0C9  G$joy$0_0 |    0000C0C9  _joy     
     0000C0CA  G$last_jo |    0000C0CA  _last_joy |    0000C0CB  G$is_movi
     0000C0CB  _is_movin |    0000C0CC  G$turtles |    0000C0CC  _turtles_
     0000C0CD  G$move_x$ |    0000C0CD  _move_x   |    0000C0CE  G$move_y$
     0000C0CE  _move_y   |    0000C0CF  G$scx_cou |    0000C0CF  _scx_coun
     0000C0D0  G$turtle_ |    0000C0D0  _turtle_c |    0000C0D1  G$dive_co
     0000C0D1  _dive_cou |    0000C0D2  G$timer$0 |    0000C0D2  _timer   
     0000C0D4  G$turtle_ |    0000C0D4  _turtle_t |    0000C0D5  G$dive_ti
     0000C0D5  _dive_til |    0000C0D6  G$y_min$0 |    0000C0D6  _y_min   
     0000C0D7  G$vram_ad |    0000C0D7  _vram_add |    0000C0D9  G$score$0
     0000C0D9  _score    |    0000C0DB  G$score_b |    0000C0DB  _score_bu
     0000C0E0  G$current |    0000C0E0  _current_ |    0000C0E1  G$level_b
     0000C0E1  _level_bu |    0000C0F9  ___curren |    0000C0FB  ___curren
     0000C0FC  .int_0x48
ASxxxx Linker V03.00 + NoICE + sdld,  page 43.
Hexadecimal  [32-Bits]

Area                       Addr        Size        Decimal Bytes (Attributes)
--------------------       ----        ----        ------- ----- ------------
_INITIALIZED           0000C10C    00000048 =          72. bytes (REL,CON)

        Value  Global            Value  Global            Value  Global    
        -----  ------            -----  ------            -----  ------    
     0000C10C  G$scroll_ |    0000C10C  _scroll_r |    0000C130  G$turtle_
     0000C130  _turtle_d |    0000C133  G$turtle_ |    0000C133  _turtle_d
     0000C137  G$turtle_ |    0000C137  _turtle_t |    0000C13B  G$dive_ti
     0000C13B  _dive_til |    0000C142  G$PLAYER1 |    0000C142  _PLAYER1U
     0000C147  G$PLAYER2 |    0000C147  _PLAYER2U |    0000C14C  G$level_t
     0000C14C  _level_te |    0000C153  ___render
ASxxxx Linker V03.00 + NoICE + sdld,  page 44.
Hexadecimal  [32-Bits]

Area                       Addr        Size        Decimal Bytes (Attributes)
--------------------       ----        ----        ------- ----- ------------
_HRAM12                00000000    00000003 =           3. bytes (ABS,CON)

        Value  Global            Value  Global            Value  Global    
        -----  ------            -----  ------            -----  ------    
     0000FF90  __current |    0000FF92  __shadow_
ASxxxx Linker V03.00 + NoICE + sdld,  page 45.
Hexadecimal  [32-Bits]

Area                       Addr        Size        Decimal Bytes (Attributes)
--------------------       ----        ----        ------- ----- ------------
_CODE_1                00014000    000000AC =         172. bytes (REL,CON)

        Value  Global            Value  Global            Value  Global    
        -----  ------            -----  ------            -----  ------    
     00014000  C$frogger |    00014000  G$__func_ |    00014000  G$frogger
     00014000  ___func_f |    00014000  _frogger_ |    00014008  G$frogger
     00014008  _frogger_ |    00014048  G$frogger |    00014048  _frogger_
     00014054  G$frogger |    00014054  _frogger_ |    00014056  C$frogger
     00014056  G$__func_ |    00014056  G$frogger |    00014056  ___func_f
     00014056  _frogger_ |    0001405E  G$frogger |    0001405E  _frogger_
     0001409E  G$frogger |    0001409E  _frogger_ |    000140AA  G$frogger
     000140AA  _frogger_
ASxxxx Linker V03.00 + NoICE + sdld,  page 46.
Hexadecimal  [32-Bits]

Area                       Addr        Size        Decimal Bytes (Attributes)
--------------------       ----        ----        ------- ----- ------------
_HEADER_LCD0           00000000    00000003 =           3. bytes (ABS,CON)

        Value  Global            Value  Global            Value  Global    
        -----  ------            -----  ------            -----  ------    
ASxxxx Linker V03.00 + NoICE + sdld,  page 47.

Files Linked                              [ module(s) ]

C:\c_code\gbdk\lib/small/asxxxx/gb/crt0.o
                                          [ Runtime ]
C:\Users\User\AppData\Local\Temp/lcc76280.rel
                                          [ main ]
C:\Users\User\AppData\Local\Temp/lcc76281.rel
                                          [ bkg_map ]
C:\Users\User\AppData\Local\Temp/lcc76282.rel
                                          [ bkg_tiles ]
C:\Users\User\AppData\Local\Temp/lcc76283.rel
                                          [ collision_map ]
C:\Users\User\AppData\Local\Temp/lcc76284.rel
                                          [ font ]
C:\Users\User\AppData\Local\Temp/lcc76285.rel
                                          [ frogger ]
C:\Users\User\AppData\Local\Temp/lcc76286.rel
                                          [ frogger_16 ]
C:\Users\User\AppData\Local\Temp/lcc76287.rel
                                          [ reset_timer ]
C:\Users\User\AppData\Local\Temp/lcc76288.rel
                                          [ win_frog ]


Libraries Linked                          [ object file ]

C:\c_code\gbdk\lib/small/asxxxx/gb/gb.lib
                                          [ sfr.o ]
C:\c_code\gbdk\lib/small/asxxxx/gb/gb.lib
                                          [ get_tile.o ]
C:\c_code\gbdk\lib/small/asxxxx/gb/gb.lib
                                          [ set_tile.o ]
C:\c_code\gbdk\lib/small/asxxxx/gb/gb.lib
                                          [ set_data.o ]
C:\c_code\gbdk\lib/small/asxxxx/gbz80/gbz80.lib
                                          [ reverse.o ]
C:\c_code\gbdk\lib/small/asxxxx/gbz80/gbz80.lib
                                          [ _modulong.o ]
C:\c_code\gbdk\lib/small/asxxxx/gbz80/gbz80.lib
                                          [ sprintf.o ]
C:\c_code\gbdk\lib/small/asxxxx/gb/gb.lib
                                          [ pad.o ]
C:\c_code\gbdk\lib/small/asxxxx/gbz80/gbz80.lib
                                          [ _divulong.o ]
C:\c_code\gbdk\lib/small/asxxxx/gb/gb.lib
                                          [ metasprites.o ]
C:\c_code\gbdk\lib/small/asxxxx/gbz80/gbz80.lib
                                          [ __sdcc_call_hl.o ]
C:\c_code\gbdk\lib/small/asxxxx/gb/gb.lib
                                          [ lcd.o ]
C:\c_code\gbdk\lib/small/asxxxx/gb/gb.lib
                                          [ get_addr.o ]
C:\c_code\gbdk\lib/small/asxxxx/gbz80/gbz80.lib
                                          [ div.o ]
C:\c_code\gbdk\lib/small/asxxxx/gb/gb.lib
                                          [ set_bk_t.o ]
C:\c_code\gbdk\lib/small/asxxxx/gbz80/gbz80.lib
                                          [ itoa.o ]
C:\c_code\gbdk\lib/small/asxxxx/gb/gb.lib
                                          [ set_xy_t.o ]

ASxxxx Linker V03.00 + NoICE + sdld,  page 48.

User Base Address Definitions

_DATA=0xC0A0
_CODE=0x0200
ASxxxx Linker V03.00 + NoICE + sdld,  page 49.

User Global Definitions

_shadow_OAM=0xC000
.STACK=0xE000
.refresh_OAM=0xFF80

