ASxxxx Linker V03.00 + NoICE + sdld,  page 1.
Hexadecimal  [32-Bits]

Area                       Addr        Size        Decimal Bytes (Attributes)
--------------------       ----        ----        ------- ----- ------------
.  .ABS.               00000000    00000000 =           0. bytes (ABS,CON)

        Value  Global            Value  Global            Value  Global    
        -----  ------            -----  ------            -----  ------    
     00000000  .__.ABS.  |    00000000  _rRAMG    |    00000000  l__BASE  
     00000000  l__BSS    |    00000000  l__CABS   |    00000000  l__DABS  
     00000000  l__HEADER |    00000000  l__HEADER |    00000000  l__HEAP  
     00000000  l__HEAP_E |    00000000  l__HRAM   |    00000000  l__LIT   
     00000000  s__CABS   |    00000000  s__DABS   |    00000000  s__HEADER
     00000000  s__HEADER |    00000000  s__HEADER |    00000000  s__HEADER
     00000000  s__HEADER |    00000000  s__HEADER |    00000000  s__HEADER
     00000000  s__HEADER |    00000000  s__HEADER |    00000000  s__HEADER
     00000000  s__HEADER |    00000000  s__HEADER |    00000000  s__HEADER
     00000000  s__HEADER |    00000000  s__HEADER |    00000000  s__HEADER
     00000000  s__HEADER |    00000000  s__HEADER |    00000000  s__HEADER
     00000000  s__HEADER |    00000000  s__HEADER |    00000000  s__HRAM  
     00000000  s__HRAM12 |    00000001  ___bank_f |    00000001  ___bank_f
     00000001  ___bank_f |    00000001  ___bank_l |    00000001  l__GSFINA
     00000001  l__HEADER |    00000001  l__HEADER |    00000001  l__HEADER
     00000001  l__HEADER |    00000001  l__HEADER |    00000001  l__HEADER
     00000001  l__HEADER |    00000002  l__HEADER |    00000002  l__HEADER
     00000002  l__HEADER |    00000003  l__HEADER |    00000003  l__HEADER
     00000003  l__HRAM12 |    00000005  l__HEADER |    00000006  l__HEADER
     00000007  l__HEADER |    00000008  l__HEADER |    0000000C  l__GSINIT
     00000030  l__HEADER |    0000004C  l__HEADER |    00000056  l__INITIA
     00000056  l__INITIA |    00000084  l__HEADER |    00000086  l__DATA  
     00000200  s__CODE   |    000002AB  l__HOME   |    00000426  l__CODE_1
     00000440  l__CODE_0 |    00002000  _rROMB0   |    00002836  l__CODE  
     00002A36  s__HOME   |    00002CE1  s__BASE   |    00002CE1  s__CODE_0
     00003000  _rROMB1   |    00003121  s__INITIA |    00003121  s__LIT   
     00003177  s__GSINIT |    00003183  s__GSFINA |    00004000  _rRAMB   
     00008000  __VRAM    |    00008000  __VRAM800 |    00008800  __VRAM880
     00009000  __VRAM900 |    00009800  __SCRN0   |    00009C00  __SCRN1  
     0000A000  __SRAM    |    0000C000  __RAM     |    0000C000  _shadow_O
     0000C0A0  s__DATA   |    0000C126  s__BSS    |    0000C126  s__INITIA
     0000C17C  s__HEAP   |    0000C17C  s__HEAP_E |    0000D000  __RAMBANK
     0000E000  .STACK    |    0000FE00  __OAMRAM  |    0000FF00  _P1_REG  
     0000FF00  __IO      |    0000FF01  _SB_REG   |    0000FF02  _SC_REG  
     0000FF04  _DIV_REG  |    0000FF05  _TIMA_REG |    0000FF06  _TMA_REG 
     0000FF07  _TAC_REG  |    0000FF0F  _IF_REG   |    0000FF10  _NR10_REG
     0000FF11  _NR11_REG |    0000FF12  _NR12_REG |    0000FF13  _NR13_REG
     0000FF14  _NR14_REG |    0000FF16  _NR21_REG |    0000FF17  _NR22_REG
     0000FF18  _NR23_REG |    0000FF19  _NR24_REG |    0000FF1A  _NR30_REG
     0000FF1B  _NR31_REG |    0000FF1C  _NR32_REG |    0000FF1D  _NR33_REG
     0000FF1E  _NR34_REG |    0000FF20  _NR41_REG |    0000FF21  _NR42_REG
     0000FF22  _NR43_REG |    0000FF23  _NR44_REG |    0000FF24  _NR50_REG
     0000FF25  _NR51_REG |    0000FF26  _NR52_REG |    0000FF30  _AUD3WAVE
     0000FF30  _PCM_SAMP |    0000FF30  __AUD3WAV |    0000FF40  _LCDC_REG
     0000FF41  _STAT_REG |    0000FF42  _SCY_REG  |    0000FF43  _SCX_REG 
     0000FF44  _LY_REG   |    0000FF45  _LYC_REG  |    0000FF46  _DMA_REG 
     0000FF47  _BGP_REG  |    0000FF48  _OBP0_REG |    0000FF49  _OBP1_REG
     0000FF4A  _WY_REG   |    0000FF4B  _WX_REG   |    0000FF4D  _KEY1_REG
     0000FF4F  _VBK_REG  |    0000FF51  _HDMA1_RE |    0000FF52  _HDMA2_RE
     0000FF53  _HDMA3_RE |    0000FF54  _HDMA4_RE |    0000FF55  _HDMA5_RE
ASxxxx Linker V03.00 + NoICE + sdld,  page 2.
Hexadecimal  [32-Bits]

Area                       Addr        Size        Decimal Bytes (Attributes)
--------------------       ----        ----        ------- ----- ------------
.  .ABS.               00000000    00000000 =           0. bytes (ABS,CON)

        Value  Global            Value  Global            Value  Global    
        -----  ------            -----  ------            -----  ------    
     0000FF56  _RP_REG   |    0000FF68  _BCPS_REG |    0000FF69  _BCPD_REG
     0000FF6A  _OCPS_REG |    0000FF6B  _OCPD_REG |    0000FF70  _SVBK_REG
     0000FF76  _PCM12_RE |    0000FF77  _PCM34_RE |    0000FF80  .refresh_
     0000FF80  __HRAM    |    0000FFFF  _IE_REG   |    00014000  s__CODE_1
ASxxxx Linker V03.00 + NoICE + sdld,  page 3.
Hexadecimal  [32-Bits]

Area                       Addr        Size        Decimal Bytes (Attributes)
--------------------       ----        ----        ------- ----- ------------
_CODE                  00000200    00002836 =       10294. bytes (REL,CON)

        Value  Global            Value  Global            Value  Global    
        -----  ------            -----  ------            -----  ------    
     00000200  A$lcc1348 |    00000200  C$main.c$ |    00000200  G$overlap
     00000200  _overlap  |    00000201  A$lcc1348 |    00000201  C$main.c$
     00000203  A$lcc1348 |    00000204  A$lcc1348 |    00000205  A$lcc1348
     00000207  A$lcc1348 |    00000208  A$lcc1348 |    00000209  A$lcc1348
     0000020A  A$lcc1348 |    0000020C  A$lcc1348 |    0000020E  A$lcc1348
     0000020F  A$lcc1348 |    00000211  A$lcc1348 |    00000212  A$lcc1348
     00000214  A$lcc1348 |    00000216  A$lcc1348 |    00000217  A$lcc1348
     00000219  A$lcc1348 |    0000021A  A$lcc1348 |    0000021C  A$lcc1348
     0000021E  A$lcc1348 |    0000021F  A$lcc1348 |    00000221  A$lcc1348
     00000222  A$lcc1348 |    00000224  A$lcc1348 |    00000226  A$lcc1348
     00000227  A$lcc1348 |    00000229  A$lcc1348 |    0000022A  A$lcc1348
     0000022C  A$lcc1348 |    0000022E  A$lcc1348 |    0000022F  A$lcc1348
     00000231  A$lcc1348 |    00000232  A$lcc1348 |    00000234  A$lcc1348
     00000236  A$lcc1348 |    00000237  A$lcc1348 |    00000239  A$lcc1348
     0000023A  A$lcc1348 |    0000023C  A$lcc1348 |    0000023C  C$main.c$
     0000023D  A$lcc1348 |    00000240  A$lcc1348 |    00000240  C$main.c$
     00000242  A$lcc1348 |    00000243  A$lcc1348 |    00000244  A$lcc1348
     00000246  A$lcc1348 |    00000247  A$lcc1348 |    00000248  A$lcc1348
     00000249  A$lcc1348 |    0000024A  A$lcc1348 |    0000024B  A$lcc1348
     0000024C  A$lcc1348 |    0000024D  A$lcc1348 |    0000024E  A$lcc1348
     0000024F  A$lcc1348 |    00000251  A$lcc1348 |    00000253  A$lcc1348
     00000255  A$lcc1348 |    00000257  A$lcc1348 |    00000258  A$lcc1348
     0000025A  A$lcc1348 |    0000025C  A$lcc1348 |    0000025E  A$lcc1348
     0000025F  A$lcc1348 |    00000261  A$lcc1348 |    00000263  A$lcc1348
     00000264  A$lcc1348 |    00000265  A$lcc1348 |    00000266  A$lcc1348
     00000267  A$lcc1348 |    00000268  A$lcc1348 |    00000269  A$lcc1348
     0000026A  A$lcc1348 |    0000026C  A$lcc1348 |    0000026E  A$lcc1348
     00000270  A$lcc1348 |    00000272  A$lcc1348 |    00000273  A$lcc1348
     00000275  A$lcc1348 |    00000277  A$lcc1348 |    00000279  A$lcc1348
     0000027A  A$lcc1348 |    0000027C  A$lcc1348 |    0000027C  C$main.c$
     0000027D  A$lcc1348 |    0000027F  A$lcc1348 |    0000027F  C$main.c$
     00000281  A$lcc1348 |    00000282  A$lcc1348 |    00000283  A$lcc1348
     00000285  A$lcc1348 |    00000286  A$lcc1348 |    00000287  A$lcc1348
     00000288  A$lcc1348 |    00000289  A$lcc1348 |    0000028A  A$lcc1348
     0000028B  A$lcc1348 |    0000028C  A$lcc1348 |    0000028D  A$lcc1348
     0000028E  A$lcc1348 |    00000290  A$lcc1348 |    00000292  A$lcc1348
     00000294  A$lcc1348 |    00000296  A$lcc1348 |    00000297  A$lcc1348
     00000299  A$lcc1348 |    0000029B  A$lcc1348 |    0000029D  A$lcc1348
     0000029E  A$lcc1348 |    000002A0  A$lcc1348 |    000002A2  A$lcc1348
     000002A3  A$lcc1348 |    000002A4  A$lcc1348 |    000002A6  A$lcc1348
     000002A7  A$lcc1348 |    000002A8  A$lcc1348 |    000002A9  A$lcc1348
     000002AA  A$lcc1348 |    000002AB  A$lcc1348 |    000002AC  A$lcc1348
     000002AD  A$lcc1348 |    000002AE  A$lcc1348 |    000002AF  A$lcc1348
     000002B1  A$lcc1348 |    000002B3  A$lcc1348 |    000002B5  A$lcc1348
     000002B7  A$lcc1348 |    000002B8  A$lcc1348 |    000002BA  A$lcc1348
     000002BC  A$lcc1348 |    000002BE  A$lcc1348 |    000002BF  A$lcc1348
     000002C1  A$lcc1348 |    000002C1  C$main.c$ |    000002C2  A$lcc1348
     000002C4  A$lcc1348 |    000002C4  C$main.c$ |    000002C6  A$lcc1348
     000002C6  C$main.c$ |    000002C7  A$lcc1348 |    000002C8  A$lcc1348
     000002C9  A$lcc1348 |    000002CB  A$lcc1348 |    000002CC  A$lcc1348
ASxxxx Linker V03.00 + NoICE + sdld,  page 4.
Hexadecimal  [32-Bits]

Area                       Addr        Size        Decimal Bytes (Attributes)
--------------------       ----        ----        ------- ----- ------------
_CODE                  00000200    00002836 =       10294. bytes (REL,CON)

        Value  Global            Value  Global            Value  Global    
        -----  ------            -----  ------            -----  ------    
     000002CC  C$main.c$ |    000002CC  C$main.c$ |    000002CC  G$remove_
     000002CC  _remove_f |    000002CF  A$lcc1348 |    000002D1  A$lcc1348
     000002D4  A$lcc1348 |    000002D5  A$lcc1348 |    000002D6  A$lcc1348
     000002D7  A$lcc1348 |    000002DA  A$lcc1348 |    000002DB  A$lcc1348
     000002DC  A$lcc1348 |    000002DD  A$lcc1348 |    000002DF  A$lcc1348
     000002E0  A$lcc1348 |    000002E1  A$lcc1348 |    000002E4  A$lcc1348
     000002E5  A$lcc1348 |    000002E5  C$main.c$ |    000002E6  A$lcc1348
     000002E9  A$lcc1348 |    000002EA  A$lcc1348 |    000002EB  A$lcc1348
     000002EB  C$main.c$ |    000002EC  A$lcc1348 |    000002EF  A$lcc1348
     000002F0  A$lcc1348 |    000002F1  A$lcc1348 |    000002F1  C$main.c$
     000002F1  XG$remove |    000002F2  A$lcc1348 |    000002F2  C$main.c$
     000002F2  C$main.c$ |    000002F2  G$kill_fr |    000002F2  _kill_fro
     000002F5  A$lcc1348 |    000002F7  A$lcc1348 |    000002F7  C$main.c$
     000002FA  A$lcc1348 |    000002FC  A$lcc1348 |    000002FC  C$main.c$
     000002FF  A$lcc1348 |    00000301  A$lcc1348 |    00000301  C$main.c$
     00000304  A$lcc1348 |    00000305  A$lcc1348 |    00000306  A$lcc1348
     00000307  A$lcc1348 |    00000307  C$main.c$ |    00000308  A$lcc1348
     00000309  A$lcc1348 |    00000309  C$main.c$ |    00000309  XG$kill_f
     0000030A  A$lcc1348 |    0000030A  C$main.c$ |    0000030A  G$render_
     0000030A  _render_a |    0000030B  A$lcc1348 |    0000030B  C$main.c$
     0000030E  A$lcc1348 |    0000030F  A$lcc1348 |    0000030F  C$main.c$
     00000312  A$lcc1348 |    00000313  A$lcc1348 |    00000315  A$lcc1348
     00000316  A$lcc1348 |    00000317  A$lcc1348 |    00000318  A$lcc1348
     00000319  A$lcc1348 |    0000031A  A$lcc1348 |    0000031C  A$lcc1348
     0000031F  A$lcc1348 |    00000320  A$lcc1348 |    00000320  C$main.c$
     00000320  C$main.c$ |    00000321  A$lcc1348 |    00000322  A$lcc1348
     00000324  A$lcc1348 |    00000327  A$lcc1348 |    00000329  A$lcc1348
     0000032A  A$lcc1348 |    0000032D  A$lcc1348 |    0000032F  A$lcc1348
     00000330  A$lcc1348 |    00000333  A$lcc1348 |    00000334  A$lcc1348
     00000335  A$lcc1348 |    00000336  A$lcc1348 |    00000339  A$lcc1348
     0000033A  A$lcc1348 |    0000033B  A$lcc1348 |    0000033C  A$lcc1348
     0000033F  A$lcc1348 |    00000341  A$lcc1348 |    00000343  A$lcc1348
     00000345  A$lcc1348 |    00000347  A$lcc1348 |    0000034A  A$lcc1348
     0000034C  A$lcc1348 |    0000034F  A$lcc1348 |    00000350  A$lcc1348
     00000351  A$lcc1348 |    00000352  A$lcc1348 |    00000353  A$lcc1348
     00000355  A$lcc1348 |    00000356  A$lcc1348 |    00000358  A$lcc1348
     00000359  A$lcc1348 |    0000035C  A$lcc1348 |    0000035E  A$lcc1348
     0000035E  C$main.c$ |    00000360  A$lcc1348 |    00000360  C$main.c$
     00000361  A$lcc1348 |    00000362  A$lcc1348 |    00000364  A$lcc1348
     00000367  A$lcc1348 |    00000368  A$lcc1348 |    0000036B  A$lcc1348
     0000036C  A$lcc1348 |    0000036F  A$lcc1348 |    00000370  A$lcc1348
     00000371  A$lcc1348 |    00000372  A$lcc1348 |    00000373  A$lcc1348
     00000376  A$lcc1348 |    00000377  A$lcc1348 |    00000378  A$lcc1348
     00000379  A$lcc1348 |    0000037C  A$lcc1348 |    0000037E  A$lcc1348
     0000037F  A$lcc1348 |    00000380  A$lcc1348 |    00000381  A$lcc1348
     00000382  A$lcc1348 |    00000383  A$lcc1348 |    00000384  A$lcc1348
     00000385  A$lcc1348 |    00000386  A$lcc1348 |    00000389  A$lcc1348
     0000038B  A$lcc1348 |    0000038B  C$main.c$ |    0000038B  C$main.c$
     0000038E  A$lcc1348 |    00000390  A$lcc1348 |    00000390  C$main.c$
     00000393  A$lcc1348 |    00000395  A$lcc1348 |    00000396  A$lcc1348
     00000396  C$main.c$ |    00000396  XG$render |    00000397  A$lcc1348
ASxxxx Linker V03.00 + NoICE + sdld,  page 5.
Hexadecimal  [32-Bits]

Area                       Addr        Size        Decimal Bytes (Attributes)
--------------------       ----        ----        ------- ----- ------------
_CODE                  00000200    00002836 =       10294. bytes (REL,CON)

        Value  Global            Value  Global            Value  Global    
        -----  ------            -----  ------            -----  ------    
     00000397  C$main.c$ |    00000397  C$main.c$ |    00000397  G$update_
     00000397  _update_l |    0000039A  A$lcc1348 |    0000039B  A$lcc1348
     0000039E  A$lcc1348 |    0000039F  A$lcc1348 |    000003A2  A$lcc1348
     000003A3  A$lcc1348 |    000003A4  A$lcc1348 |    000003A5  A$lcc1348
     000003A5  C$main.c$ |    000003A8  A$lcc1348 |    000003A9  A$lcc1348
     000003AC  A$lcc1348 |    000003AD  A$lcc1348 |    000003B0  A$lcc1348
     000003B1  A$lcc1348 |    000003B4  A$lcc1348 |    000003B6  A$lcc1348
     000003B6  C$main.c$ |    000003B9  A$lcc1348 |    000003BA  A$lcc1348
     000003BB  A$lcc1348 |    000003BD  A$lcc1348 |    000003BD  C$main.c$
     000003BF  A$lcc1348 |    000003C0  A$lcc1348 |    000003C1  A$lcc1348
     000003C4  A$lcc1348 |    000003C5  A$lcc1348 |    000003C6  A$lcc1348
     000003C7  A$lcc1348 |    000003C8  A$lcc1348 |    000003CB  A$lcc1348
     000003CD  A$lcc1348 |    000003CD  C$main.c$ |    000003D0  A$lcc1348
     000003D1  A$lcc1348 |    000003D3  A$lcc1348 |    000003D4  A$lcc1348
     000003D5  A$lcc1348 |    000003D5  C$main.c$ |    000003D6  A$lcc1348
     000003D8  A$lcc1348 |    000003D8  C$main.c$ |    000003DB  A$lcc1348
     000003DC  A$lcc1348 |    000003DF  A$lcc1348 |    000003E0  A$lcc1348
     000003E3  A$lcc1348 |    000003E4  A$lcc1348 |    000003E5  A$lcc1348
     000003E6  A$lcc1348 |    000003E6  C$main.c$ |    000003E9  A$lcc1348
     000003EB  A$lcc1348 |    000003EC  A$lcc1348 |    000003ED  A$lcc1348
     000003F0  A$lcc1348 |    000003F1  A$lcc1348 |    000003F2  A$lcc1348
     000003F3  A$lcc1348 |    000003F4  A$lcc1348 |    000003F7  A$lcc1348
     000003F9  A$lcc1348 |    000003F9  C$main.c$ |    000003F9  XG$update
     000003FA  Fmain$__s |    000003FD  A$lcc1348 |    000003FD  C$main.c$
     000003FD  C$main.c$ |    000003FD  G$update_ |    000003FD  _update_p
     00000400  A$lcc1348 |    00000401  A$lcc1348 |    00000404  A$lcc1348
     00000405  A$lcc1348 |    00000408  A$lcc1348 |    00000409  A$lcc1348
     0000040A  A$lcc1348 |    0000040B  A$lcc1348 |    0000040B  C$main.c$
     0000040E  A$lcc1348 |    0000040F  A$lcc1348 |    00000410  A$lcc1348
     00000411  A$lcc1348 |    00000411  C$main.c$ |    00000413  A$lcc1348
     00000414  A$lcc1348 |    00000415  A$lcc1348 |    00000418  A$lcc1348
     00000419  A$lcc1348 |    0000041A  A$lcc1348 |    0000041B  A$lcc1348
     0000041C  A$lcc1348 |    0000041F  A$lcc1348 |    00000421  A$lcc1348
     00000421  C$main.c$ |    00000424  A$lcc1348 |    00000425  A$lcc1348
     00000427  A$lcc1348 |    00000428  A$lcc1348 |    00000429  A$lcc1348
     00000429  C$main.c$ |    0000042A  A$lcc1348 |    0000042A  C$main.c$
     0000042A  XG$update |    0000042C  A$lcc1348 |    0000042C  C$main.c$
     0000042C  C$main.c$ |    0000042C  G$update_ |    0000042C  _update_s
     0000042F  A$lcc1348 |    00000430  A$lcc1348 |    00000432  A$lcc1348
     00000433  A$lcc1348 |    00000435  A$lcc1348 |    00000437  A$lcc1348
     00000438  A$lcc1348 |    00000439  A$lcc1348 |    0000043A  A$lcc1348
     0000043C  A$lcc1348 |    0000043C  C$main.c$ |    0000043F  A$lcc1348
     00000440  A$lcc1348 |    00000443  A$lcc1348 |    00000444  A$lcc1348
     00000447  A$lcc1348 |    00000448  A$lcc1348 |    00000449  A$lcc1348
     0000044A  A$lcc1348 |    0000044C  A$lcc1348 |    0000044C  C$main.c$
     0000044F  A$lcc1348 |    00000450  A$lcc1348 |    00000452  A$lcc1348
     00000453  A$lcc1348 |    00000455  A$lcc1348 |    00000457  A$lcc1348
     00000458  A$lcc1348 |    0000045A  A$lcc1348 |    0000045C  A$lcc1348
     0000045D  A$lcc1348 |    0000045F  A$lcc1348 |    0000045F  C$main.c$
     00000462  A$lcc1348 |    00000463  A$lcc1348 |    00000466  A$lcc1348
     00000467  A$lcc1348 |    0000046A  A$lcc1348 |    0000046B  A$lcc1348
ASxxxx Linker V03.00 + NoICE + sdld,  page 6.
Hexadecimal  [32-Bits]

Area                       Addr        Size        Decimal Bytes (Attributes)
--------------------       ----        ----        ------- ----- ------------
_CODE                  00000200    00002836 =       10294. bytes (REL,CON)

        Value  Global            Value  Global            Value  Global    
        -----  ------            -----  ------            -----  ------    
     0000046C  A$lcc1348 |    0000046D  A$lcc1348 |    0000046F  A$lcc1348
     0000046F  C$main.c$ |    00000471  A$lcc1348 |    00000473  A$lcc1348
     00000476  A$lcc1348 |    00000477  A$lcc1348 |    00000479  A$lcc1348
     0000047A  A$lcc1348 |    0000047C  A$lcc1348 |    0000047E  A$lcc1348
     0000047E  C$main.c$ |    00000481  A$lcc1348 |    00000482  A$lcc1348
     00000485  A$lcc1348 |    00000486  A$lcc1348 |    00000489  A$lcc1348
     0000048A  A$lcc1348 |    0000048B  A$lcc1348 |    0000048C  A$lcc1348
     0000048E  A$lcc1348 |    0000048E  C$main.c$ |    00000491  A$lcc1348
     00000493  A$lcc1348 |    00000494  A$lcc1348 |    00000495  A$lcc1348
     00000497  A$lcc1348 |    00000498  A$lcc1348 |    0000049A  A$lcc1348
     0000049A  C$main.c$ |    0000049D  A$lcc1348 |    0000049E  A$lcc1348
     000004A1  A$lcc1348 |    000004A2  A$lcc1348 |    000004A5  A$lcc1348
     000004A6  A$lcc1348 |    000004A7  A$lcc1348 |    000004A8  A$lcc1348
     000004A8  C$main.c$ |    000004AB  A$lcc1348 |    000004AC  A$lcc1348
     000004AD  A$lcc1348 |    000004AE  A$lcc1348 |    000004AF  A$lcc1348
     000004B2  A$lcc1348 |    000004B3  A$lcc1348 |    000004B6  A$lcc1348
     000004B7  A$lcc1348 |    000004BA  A$lcc1348 |    000004BC  A$lcc1348
     000004BC  C$main.c$ |    000004BF  A$lcc1348 |    000004C0  A$lcc1348
     000004C1  A$lcc1348 |    000004C2  A$lcc1348 |    000004C2  C$main.c$
     000004C4  A$lcc1348 |    000004C5  A$lcc1348 |    000004C6  A$lcc1348
     000004C9  A$lcc1348 |    000004CA  A$lcc1348 |    000004CB  A$lcc1348
     000004CC  A$lcc1348 |    000004CD  A$lcc1348 |    000004D0  A$lcc1348
     000004D2  A$lcc1348 |    000004D2  C$main.c$ |    000004D5  A$lcc1348
     000004D6  A$lcc1348 |    000004D8  A$lcc1348 |    000004D9  A$lcc1348
     000004DA  A$lcc1348 |    000004DA  C$main.c$ |    000004DB  A$lcc1348
     000004DB  C$main.c$ |    000004DB  XG$update |    000004DD  Fmain$__s
     000004E0  A$lcc1348 |    000004E0  C$main.c$ |    000004E0  C$main.c$
     000004E0  G$update_ |    000004E0  _update_f |    000004E3  A$lcc1348
     000004E4  A$lcc1348 |    000004E6  A$lcc1348 |    000004E7  A$lcc1348
     000004E8  A$lcc1348 |    000004EA  A$lcc1348 |    000004EA  C$main.c$
     000004ED  A$lcc1348 |    000004EE  A$lcc1348 |    000004EF  A$lcc1348
     000004F0  A$lcc1348 |    000004F3  A$lcc1348 |    000004F5  A$lcc1348
     000004F5  C$main.c$ |    000004F6  A$lcc1348 |    000004F6  C$main.c$
     000004F7  A$lcc1348 |    000004F9  A$lcc1348 |    000004F9  C$main.c$
     000004FA  A$lcc1348 |    000004FB  A$lcc1348 |    000004FD  A$lcc1348
     000004FE  A$lcc1348 |    00000501  A$lcc1348 |    00000502  A$lcc1348
     00000503  A$lcc1348 |    00000506  A$lcc1348 |    00000508  A$lcc1348
     00000508  C$main.c$ |    00000508  XG$update |    00000509  A$lcc1348
     00000509  C$main.c$ |    00000509  G$update_ |    00000509  _update_f
     0000050A  A$lcc1348 |    0000050D  A$lcc1348 |    0000050F  A$lcc1348
     00000510  A$lcc1348 |    00000510  C$main.c$ |    00000513  A$lcc1348
     00000513  C$main.c$ |    00000515  A$lcc1348 |    00000516  A$lcc1348
     00000517  A$lcc1348 |    00000519  A$lcc1348 |    0000051B  A$lcc1348
     0000051C  A$lcc1348 |    0000051D  A$lcc1348 |    0000051F  A$lcc1348
     00000521  A$lcc1348 |    00000522  A$lcc1348 |    00000524  A$lcc1348
     00000527  A$lcc1348 |    00000529  A$lcc1348 |    0000052A  A$lcc1348
     0000052C  A$lcc1348 |    0000052E  A$lcc1348 |    00000531  A$lcc1348
     00000531  C$main.c$ |    00000532  A$lcc1348 |    00000533  A$lcc1348
     00000536  A$lcc1348 |    00000537  A$lcc1348 |    0000053A  A$lcc1348
     0000053B  A$lcc1348 |    0000053C  A$lcc1348 |    0000053D  A$lcc1348
     00000540  A$lcc1348 |    00000541  A$lcc1348 |    00000542  A$lcc1348
ASxxxx Linker V03.00 + NoICE + sdld,  page 7.
Hexadecimal  [32-Bits]

Area                       Addr        Size        Decimal Bytes (Attributes)
--------------------       ----        ----        ------- ----- ------------
_CODE                  00000200    00002836 =       10294. bytes (REL,CON)

        Value  Global            Value  Global            Value  Global    
        -----  ------            -----  ------            -----  ------    
     00000543  A$lcc1348 |    00000546  A$lcc1348 |    00000548  A$lcc1348
     00000549  A$lcc1348 |    0000054A  A$lcc1348 |    0000054B  A$lcc1348
     0000054D  A$lcc1348 |    0000054E  A$lcc1348 |    00000551  A$lcc1348
     00000553  A$lcc1348 |    00000553  C$main.c$ |    00000556  A$lcc1348
     00000556  C$main.c$ |    00000557  A$lcc1348 |    00000559  A$lcc1348
     0000055A  A$lcc1348 |    0000055D  A$lcc1348 |    0000055F  A$lcc1348
     00000560  A$lcc1348 |    00000563  A$lcc1348 |    00000564  A$lcc1348
     00000565  A$lcc1348 |    00000566  A$lcc1348 |    00000569  A$lcc1348
     0000056A  A$lcc1348 |    0000056B  A$lcc1348 |    0000056C  A$lcc1348
     0000056F  A$lcc1348 |    00000571  A$lcc1348 |    00000573  A$lcc1348
     00000575  A$lcc1348 |    00000577  A$lcc1348 |    0000057A  A$lcc1348
     0000057C  A$lcc1348 |    0000057F  A$lcc1348 |    00000580  A$lcc1348
     00000581  A$lcc1348 |    00000582  A$lcc1348 |    00000583  A$lcc1348
     00000585  A$lcc1348 |    00000586  A$lcc1348 |    00000588  A$lcc1348
     00000589  A$lcc1348 |    0000058C  A$lcc1348 |    0000058E  A$lcc1348
     0000058E  C$main.c$ |    00000590  A$lcc1348 |    00000590  C$main.c$
     00000591  A$lcc1348 |    00000592  A$lcc1348 |    00000595  A$lcc1348
     00000596  A$lcc1348 |    00000599  A$lcc1348 |    0000059A  A$lcc1348
     0000059B  A$lcc1348 |    0000059C  A$lcc1348 |    0000059F  A$lcc1348
     000005A0  A$lcc1348 |    000005A1  A$lcc1348 |    000005A2  A$lcc1348
     000005A5  A$lcc1348 |    000005A7  A$lcc1348 |    000005A8  A$lcc1348
     000005A9  A$lcc1348 |    000005AA  A$lcc1348 |    000005AC  A$lcc1348
     000005AD  A$lcc1348 |    000005B0  A$lcc1348 |    000005B2  A$lcc1348
     000005B2  C$main.c$ |    000005B4  A$lcc1348 |    000005B4  C$main.c$
     000005B5  A$lcc1348 |    000005B6  A$lcc1348 |    000005B9  A$lcc1348
     000005BB  A$lcc1348 |    000005BC  A$lcc1348 |    000005BF  A$lcc1348
     000005C0  A$lcc1348 |    000005C1  A$lcc1348 |    000005C2  A$lcc1348
     000005C5  A$lcc1348 |    000005C6  A$lcc1348 |    000005C7  A$lcc1348
     000005C8  A$lcc1348 |    000005CB  A$lcc1348 |    000005CD  A$lcc1348
     000005CE  A$lcc1348 |    000005D0  A$lcc1348 |    000005D1  A$lcc1348
     000005D2  A$lcc1348 |    000005D3  A$lcc1348 |    000005D5  A$lcc1348
     000005D6  A$lcc1348 |    000005D9  A$lcc1348 |    000005DB  A$lcc1348
     000005DB  C$main.c$ |    000005DC  A$lcc1348 |    000005DC  C$main.c$
     000005DC  XG$update |    000005DD  A$lcc1348 |    000005DD  C$main.c$
     000005DD  C$main.c$ |    000005DD  G$reset_f |    000005DD  _reset_fr
     000005E0  A$lcc1348 |    000005E0  C$main.c$ |    000005E3  A$lcc1348
     000005E5  A$lcc1348 |    000005E5  C$main.c$ |    000005E8  A$lcc1348
     000005EA  A$lcc1348 |    000005ED  A$lcc1348 |    000005EF  A$lcc1348
     000005EF  C$main.c$ |    000005F2  A$lcc1348 |    000005F4  A$lcc1348
     000005F5  A$lcc1348 |    000005F7  A$lcc1348 |    000005F7  C$main.c$
     000005FA  A$lcc1348 |    000005FB  A$lcc1348 |    000005FC  A$lcc1348
     000005FE  A$lcc1348 |    000005FF  A$lcc1348 |    00000601  A$lcc1348
     00000601  C$main.c$ |    00000602  A$lcc1348 |    00000605  A$lcc1348
     00000605  C$main.c$ |    00000608  A$lcc1348 |    0000060A  A$lcc1348
     0000060A  C$main.c$ |    0000060D  A$lcc1348 |    0000060F  A$lcc1348
     00000610  A$lcc1348 |    00000611  A$lcc1348 |    00000614  A$lcc1348
     00000615  A$lcc1348 |    00000618  A$lcc1348 |    00000619  A$lcc1348
     0000061A  A$lcc1348 |    0000061B  A$lcc1348 |    0000061C  A$lcc1348
     0000061F  A$lcc1348 |    00000620  A$lcc1348 |    00000621  A$lcc1348
     00000622  A$lcc1348 |    00000625  A$lcc1348 |    00000627  A$lcc1348
     00000628  A$lcc1348 |    00000629  A$lcc1348 |    0000062A  A$lcc1348
ASxxxx Linker V03.00 + NoICE + sdld,  page 8.
Hexadecimal  [32-Bits]

Area                       Addr        Size        Decimal Bytes (Attributes)
--------------------       ----        ----        ------- ----- ------------
_CODE                  00000200    00002836 =       10294. bytes (REL,CON)

        Value  Global            Value  Global            Value  Global    
        -----  ------            -----  ------            -----  ------    
     0000062B  A$lcc1348 |    0000062C  A$lcc1348 |    0000062D  A$lcc1348
     0000062E  A$lcc1348 |    0000062F  A$lcc1348 |    00000632  A$lcc1348
     00000634  A$lcc1348 |    00000634  C$main.c$ |    00000634  C$main.c$
     00000634  XG$reset_ |    00000635  A$lcc1348 |    00000635  C$main.c$
     00000635  C$main.c$ |    00000635  G$reset_t |    00000635  _reset_ti
     00000638  A$lcc1348 |    0000063A  A$lcc1348 |    0000063B  A$lcc1348
     0000063D  A$lcc1348 |    0000063D  C$main.c$ |    00000640  A$lcc1348
     00000642  A$lcc1348 |    00000642  C$main.c$ |    00000645  A$lcc1348
     00000646  A$lcc1348 |    00000649  A$lcc1348 |    0000064A  A$lcc1348
     0000064D  A$lcc1348 |    0000064E  A$lcc1348 |    00000651  A$lcc1348
     00000653  A$lcc1348 |    00000653  C$main.c$ |    00000653  XG$reset_
     00000654  A$lcc1348 |    00000654  C$main.c$ |    00000654  C$main.c$
     00000654  G$frog_de |    00000654  _frog_dea |    00000657  A$lcc1348
     00000658  A$lcc1348 |    00000659  A$lcc1348 |    0000065B  A$lcc1348
     0000065B  C$main.c$ |    0000065C  A$lcc1348 |    0000065D  A$lcc1348
     0000065F  A$lcc1348 |    0000065F  C$main.c$ |    00000662  A$lcc1348
     00000664  A$lcc1348 |    00000664  C$main.c$ |    00000665  A$lcc1348
     00000665  C$main.c$ |    00000668  A$lcc1348 |    00000668  C$main.c$
     00000668  C$main.c$ |    00000668  XG$frog_d |    0000066B  A$lcc1348
     0000066B  C$main.c$ |    0000066B  C$main.c$ |    0000066B  G$init_le
     0000066B  _init_lev |    0000066E  A$lcc1348 |    0000066F  A$lcc1348
     00000672  A$lcc1348 |    00000673  A$lcc1348 |    00000676  A$lcc1348
     00000678  A$lcc1348 |    00000678  C$main.c$ |    0000067B  A$lcc1348
     0000067C  A$lcc1348 |    0000067F  A$lcc1348 |    00000680  A$lcc1348
     00000683  A$lcc1348 |    00000685  A$lcc1348 |    00000685  C$main.c$
     00000688  A$lcc1348 |    00000689  A$lcc1348 |    0000068C  A$lcc1348
     0000068D  A$lcc1348 |    00000690  A$lcc1348 |    00000692  A$lcc1348
     00000692  C$main.c$ |    00000695  A$lcc1348 |    00000696  A$lcc1348
     00000699  A$lcc1348 |    0000069A  A$lcc1348 |    0000069D  A$lcc1348
     0000069F  A$lcc1348 |    0000069F  C$main.c$ |    000006A2  A$lcc1348
     000006A3  A$lcc1348 |    000006A6  A$lcc1348 |    000006A7  A$lcc1348
     000006AA  A$lcc1348 |    000006AC  A$lcc1348 |    000006AC  C$main.c$
     000006AF  A$lcc1348 |    000006B0  A$lcc1348 |    000006B3  A$lcc1348
     000006B4  A$lcc1348 |    000006B7  A$lcc1348 |    000006B9  A$lcc1348
     000006B9  C$main.c$ |    000006BC  A$lcc1348 |    000006BD  A$lcc1348
     000006C0  A$lcc1348 |    000006C1  A$lcc1348 |    000006C2  A$lcc1348
     000006C3  A$lcc1348 |    000006C4  A$lcc1348 |    000006C7  A$lcc1348
     000006C9  A$lcc1348 |    000006C9  C$main.c$ |    000006CC  A$lcc1348
     000006CD  A$lcc1348 |    000006CF  A$lcc1348 |    000006D0  A$lcc1348
     000006D1  A$lcc1348 |    000006D4  A$lcc1348 |    000006D6  A$lcc1348
     000006D6  C$main.c$ |    000006D9  A$lcc1348 |    000006DB  A$lcc1348
     000006DB  C$main.c$ |    000006DE  A$lcc1348 |    000006E0  A$lcc1348
     000006E0  C$main.c$ |    000006E3  A$lcc1348 |    000006E5  A$lcc1348
     000006E6  A$lcc1348 |    000006E8  A$lcc1348 |    000006E8  C$main.c$
     000006EB  A$lcc1348 |    000006ED  A$lcc1348 |    000006EE  A$lcc1348
     000006F0  A$lcc1348 |    000006F0  C$main.c$ |    000006F3  A$lcc1348
     000006F5  A$lcc1348 |    000006F5  C$main.c$ |    000006F6  A$lcc1348
     000006F9  A$lcc1348 |    000006FA  A$lcc1348 |    000006FB  A$lcc1348
     000006FB  C$main.c$ |    000006FE  A$lcc1348 |    000006FE  C$main.c$
     00000701  A$lcc1348 |    00000703  A$lcc1348 |    00000703  C$main.c$
     00000706  A$lcc1348 |    00000706  C$main.c$ |    00000709  A$lcc1348
ASxxxx Linker V03.00 + NoICE + sdld,  page 9.
Hexadecimal  [32-Bits]

Area                       Addr        Size        Decimal Bytes (Attributes)
--------------------       ----        ----        ------- ----- ------------
_CODE                  00000200    00002836 =       10294. bytes (REL,CON)

        Value  Global            Value  Global            Value  Global    
        -----  ------            -----  ------            -----  ------    
     00000709  C$main.c$ |    0000070C  A$lcc1348 |    0000070C  C$main.c$
     0000070F  A$lcc1348 |    0000070F  C$main.c$ |    00000712  A$lcc1348
     00000712  C$main.c$ |    00000714  A$lcc1348 |    00000715  A$lcc1348
     00000717  A$lcc1348 |    00000719  A$lcc1348 |    00000719  C$main.c$
     0000071C  A$lcc1348 |    0000071E  A$lcc1348 |    0000071F  A$lcc1348
     00000721  A$lcc1348 |    00000721  C$main.c$ |    00000722  A$lcc1348
     00000724  A$lcc1348 |    00000724  C$main.c$ |    00000727  A$lcc1348
     00000729  A$lcc1348 |    0000072A  A$lcc1348 |    0000072C  A$lcc1348
     0000072C  C$main.c$ |    0000072F  A$lcc1348 |    00000731  A$lcc1348
     00000732  A$lcc1348 |    00000733  A$lcc1348 |    00000734  A$lcc1348
     00000734  C$main.c$ |    00000734  XG$init_l |    00000735  A$lcc1348
     00000735  C$main.c$ |    00000735  G$move_fr |    00000735  _move_fro
     00000736  A$lcc1348 |    00000737  A$lcc1348 |    00000737  C$main.c$
     0000073A  A$lcc1348 |    0000073B  A$lcc1348 |    0000073E  A$lcc1348
     0000073E  C$main.c$ |    00000741  A$lcc1348 |    00000742  A$lcc1348
     00000744  A$lcc1348 |    00000745  A$lcc1348 |    00000746  A$lcc1348
     00000747  A$lcc1348 |    00000748  A$lcc1348 |    0000074B  A$lcc1348
     0000074D  A$lcc1348 |    0000074F  A$lcc1348 |    00000752  A$lcc1348
     00000754  A$lcc1348 |    00000757  A$lcc1348 |    00000758  A$lcc1348
     00000759  A$lcc1348 |    0000075A  A$lcc1348 |    0000075B  A$lcc1348
     0000075C  A$lcc1348 |    0000075F  A$lcc1348 |    00000760  A$lcc1348
     00000761  A$lcc1348 |    00000762  A$lcc1348 |    00000765  A$lcc1348
     00000766  A$lcc1348 |    00000769  A$lcc1348 |    0000076A  A$lcc1348
     0000076D  A$lcc1348 |    0000076E  A$lcc1348 |    0000076F  A$lcc1348
     00000771  A$lcc1348 |    00000773  A$lcc1348 |    00000775  A$lcc1348
     00000775  C$main.c$ |    00000776  A$lcc1348 |    00000778  A$lcc1348
     0000077A  A$lcc1348 |    0000077B  A$lcc1348 |    0000077D  A$lcc1348
     0000077E  A$lcc1348 |    00000781  A$lcc1348 |    00000783  A$lcc1348
     00000784  A$lcc1348 |    00000787  A$lcc1348 |    00000788  A$lcc1348
     00000789  A$lcc1348 |    0000078A  A$lcc1348 |    0000078D  A$lcc1348
     0000078E  A$lcc1348 |    0000078F  A$lcc1348 |    00000792  A$lcc1348
     00000794  A$lcc1348 |    00000796  A$lcc1348 |    00000797  A$lcc1348
     00000798  A$lcc1348 |    00000799  A$lcc1348 |    0000079A  A$lcc1348
     0000079C  A$lcc1348 |    0000079D  A$lcc1348 |    000007A0  A$lcc1348
     000007A2  A$lcc1348 |    000007A2  C$main.c$ |    000007A5  A$lcc1348
     000007A5  C$main.c$ |    000007A6  A$lcc1348 |    000007A8  A$lcc1348
     000007AB  A$lcc1348 |    000007AC  A$lcc1348 |    000007AE  A$lcc1348
     000007AF  A$lcc1348 |    000007B2  A$lcc1348 |    000007B4  A$lcc1348
     000007B5  A$lcc1348 |    000007B8  A$lcc1348 |    000007B9  A$lcc1348
     000007BA  A$lcc1348 |    000007BB  A$lcc1348 |    000007BE  A$lcc1348
     000007BF  A$lcc1348 |    000007C0  A$lcc1348 |    000007C3  A$lcc1348
     000007C5  A$lcc1348 |    000007C7  A$lcc1348 |    000007C8  A$lcc1348
     000007CA  A$lcc1348 |    000007CB  A$lcc1348 |    000007CC  A$lcc1348
     000007CD  A$lcc1348 |    000007CE  A$lcc1348 |    000007D0  A$lcc1348
     000007D1  A$lcc1348 |    000007D4  A$lcc1348 |    000007D6  A$lcc1348
     000007D6  C$main.c$ |    000007D9  A$lcc1348 |    000007D9  C$main.c$
     000007DC  A$lcc1348 |    000007DD  A$lcc1348 |    000007E0  A$lcc1348
     000007E0  C$main.c$ |    000007E3  A$lcc1348 |    000007E4  A$lcc1348
     000007E5  A$lcc1348 |    000007E6  A$lcc1348 |    000007E9  A$lcc1348
     000007EB  A$lcc1348 |    000007ED  A$lcc1348 |    000007F0  A$lcc1348
     000007F2  A$lcc1348 |    000007F5  A$lcc1348 |    000007F6  A$lcc1348
ASxxxx Linker V03.00 + NoICE + sdld,  page 10.
Hexadecimal  [32-Bits]

Area                       Addr        Size        Decimal Bytes (Attributes)
--------------------       ----        ----        ------- ----- ------------
_CODE                  00000200    00002836 =       10294. bytes (REL,CON)

        Value  Global            Value  Global            Value  Global    
        -----  ------            -----  ------            -----  ------    
     000007F7  A$lcc1348 |    000007F8  A$lcc1348 |    000007FB  A$lcc1348
     000007FC  A$lcc1348 |    000007FD  A$lcc1348 |    000007FE  A$lcc1348
     00000801  A$lcc1348 |    00000802  A$lcc1348 |    00000805  A$lcc1348
     00000806  A$lcc1348 |    00000808  A$lcc1348 |    00000808  C$main.c$
     00000808  C$main.c$ |    00000809  A$lcc1348 |    0000080A  A$lcc1348
     0000080B  A$lcc1348 |    0000080B  C$main.c$ |    0000080C  A$lcc1348
     0000080D  A$lcc1348 |    0000080F  A$lcc1348 |    00000812  A$lcc1348
     00000814  A$lcc1348 |    00000815  A$lcc1348 |    00000818  A$lcc1348
     0000081A  A$lcc1348 |    0000081B  A$lcc1348 |    0000081E  A$lcc1348
     0000081F  A$lcc1348 |    00000820  A$lcc1348 |    00000821  A$lcc1348
     00000822  A$lcc1348 |    00000825  A$lcc1348 |    00000826  A$lcc1348
     00000827  A$lcc1348 |    00000828  A$lcc1348 |    0000082B  A$lcc1348
     0000082D  A$lcc1348 |    0000082F  A$lcc1348 |    00000830  A$lcc1348
     00000831  A$lcc1348 |    00000832  A$lcc1348 |    00000833  A$lcc1348
     00000835  A$lcc1348 |    00000836  A$lcc1348 |    00000839  A$lcc1348
     0000083B  A$lcc1348 |    0000083B  C$main.c$ |    0000083D  A$lcc1348
     0000083D  C$main.c$ |    0000083E  A$lcc1348 |    00000840  A$lcc1348
     00000843  A$lcc1348 |    00000845  A$lcc1348 |    00000847  A$lcc1348
     00000848  A$lcc1348 |    0000084B  A$lcc1348 |    0000084D  A$lcc1348
     0000084E  A$lcc1348 |    00000851  A$lcc1348 |    00000852  A$lcc1348
     00000853  A$lcc1348 |    00000854  A$lcc1348 |    00000855  A$lcc1348
     00000858  A$lcc1348 |    00000859  A$lcc1348 |    0000085A  A$lcc1348
     0000085B  A$lcc1348 |    0000085E  A$lcc1348 |    00000860  A$lcc1348
     00000862  A$lcc1348 |    00000864  A$lcc1348 |    00000866  A$lcc1348
     00000869  A$lcc1348 |    0000086B  A$lcc1348 |    0000086E  A$lcc1348
     00000870  A$lcc1348 |    00000871  A$lcc1348 |    00000872  A$lcc1348
     00000873  A$lcc1348 |    00000874  A$lcc1348 |    00000875  A$lcc1348
     00000877  A$lcc1348 |    00000878  A$lcc1348 |    0000087B  A$lcc1348
     0000087D  A$lcc1348 |    0000087D  C$main.c$ |    0000087E  A$lcc1348
     0000087F  A$lcc1348 |    0000087F  C$main.c$ |    0000087F  XG$move_f
     00000880  A$lcc1348 |    00000880  C$main.c$ |    00000880  C$main.c$
     00000880  G$animate |    00000880  XG$animat |    00000880  _animate_
     00000881  A$lcc1348 |    00000881  C$main.c$ |    00000881  C$main.c$
     00000881  G$update_ |    00000881  _update_m |    00000884  A$lcc1348
     00000885  A$lcc1348 |    00000887  A$lcc1348 |    00000887  C$main.c$
     0000088A  A$lcc1348 |    0000088A  C$main.c$ |    0000088D  A$lcc1348
     0000088F  A$lcc1348 |    00000891  A$lcc1348 |    00000894  A$lcc1348
     00000896  A$lcc1348 |    00000899  A$lcc1348 |    0000089A  A$lcc1348
     0000089D  A$lcc1348 |    0000089E  A$lcc1348 |    0000089F  A$lcc1348
     000008A0  A$lcc1348 |    000008A0  C$main.c$ |    000008A3  A$lcc1348
     000008A4  A$lcc1348 |    000008A6  A$lcc1348 |    000008A6  C$main.c$
     000008A9  A$lcc1348 |    000008A9  C$main.c$ |    000008AC  A$lcc1348
     000008AE  A$lcc1348 |    000008B0  A$lcc1348 |    000008B3  A$lcc1348
     000008B5  A$lcc1348 |    000008B8  A$lcc1348 |    000008B9  A$lcc1348
     000008BC  A$lcc1348 |    000008BD  A$lcc1348 |    000008BE  A$lcc1348
     000008BF  A$lcc1348 |    000008BF  C$main.c$ |    000008C2  A$lcc1348
     000008C3  A$lcc1348 |    000008C5  A$lcc1348 |    000008C8  A$lcc1348
     000008C9  A$lcc1348 |    000008CA  A$lcc1348 |    000008CA  C$main.c$
     000008CD  A$lcc1348 |    000008CF  A$lcc1348 |    000008CF  C$main.c$
     000008D2  A$lcc1348 |    000008D3  A$lcc1348 |    000008D4  A$lcc1348
     000008D5  A$lcc1348 |    000008D8  A$lcc1348 |    000008D9  A$lcc1348
ASxxxx Linker V03.00 + NoICE + sdld,  page 11.
Hexadecimal  [32-Bits]

Area                       Addr        Size        Decimal Bytes (Attributes)
--------------------       ----        ----        ------- ----- ------------
_CODE                  00000200    00002836 =       10294. bytes (REL,CON)

        Value  Global            Value  Global            Value  Global    
        -----  ------            -----  ------            -----  ------    
     000008DB  A$lcc1348 |    000008DC  A$lcc1348 |    000008DD  A$lcc1348
     000008DE  A$lcc1348 |    000008DF  A$lcc1348 |    000008E0  A$lcc1348
     000008E1  A$lcc1348 |    000008E3  A$lcc1348 |    000008E5  A$lcc1348
     000008E7  A$lcc1348 |    000008E9  A$lcc1348 |    000008EA  A$lcc1348
     000008EC  A$lcc1348 |    000008EE  A$lcc1348 |    000008F0  A$lcc1348
     000008F1  A$lcc1348 |    000008F2  A$lcc1348 |    000008F2  C$main.c$
     000008F5  A$lcc1348 |    000008F6  A$lcc1348 |    000008F8  A$lcc1348
     000008F9  A$lcc1348 |    000008FA  A$lcc1348 |    000008FC  A$lcc1348
     000008FD  A$lcc1348 |    000008FD  C$main.c$ |    00000900  A$lcc1348
     00000900  C$main.c$ |    00000903  A$lcc1348 |    00000906  A$lcc1348
     00000906  C$main.c$ |    00000906  XG$update |    00000907  A$lcc1348
     00000907  C$main.c$ |    00000907  C$main.c$ |    00000907  G$paralla
     00000907  _parallax |    00000909  A$lcc1348 |    0000090A  A$lcc1348
     0000090C  A$lcc1348 |    0000090E  A$lcc1348 |    00000910  A$lcc1348
     00000912  A$lcc1348 |    00000914  A$lcc1348 |    00000916  A$lcc1348
     00000918  A$lcc1348 |    0000091A  A$lcc1348 |    0000091C  A$lcc1348
     0000091E  A$lcc1348 |    00000920  A$lcc1348 |    00000922  A$lcc1348
     00000924  A$lcc1348 |    00000926  A$lcc1348 |    00000928  A$lcc1348
     0000092A  A$lcc1348 |    0000092C  A$lcc1348 |    0000092E  A$lcc1348
     00000931  A$lcc1348 |    00000933  A$lcc1348 |    00000936  A$lcc1348
     00000938  A$lcc1348 |    0000093B  A$lcc1348 |    0000093D  A$lcc1348
     00000940  A$lcc1348 |    00000941  A$lcc1348 |    00000941  C$main.c$
     00000942  A$lcc1348 |    00000944  A$lcc1348 |    00000945  A$lcc1348
     00000947  A$lcc1348 |    00000947  C$main.c$ |    00000949  A$lcc1348
     0000094B  A$lcc1348 |    0000094B  C$main.c$ |    0000094C  A$lcc1348
     0000094C  C$main.c$ |    0000094F  A$lcc1348 |    00000951  A$lcc1348
     00000952  A$lcc1348 |    00000954  A$lcc1348 |    00000954  C$main.c$
     00000956  A$lcc1348 |    00000958  A$lcc1348 |    00000958  C$main.c$
     00000959  A$lcc1348 |    00000959  C$main.c$ |    0000095C  A$lcc1348
     0000095E  A$lcc1348 |    0000095F  A$lcc1348 |    00000961  A$lcc1348
     00000961  C$main.c$ |    00000963  A$lcc1348 |    00000965  A$lcc1348
     00000965  C$main.c$ |    00000966  A$lcc1348 |    00000966  C$main.c$
     00000969  A$lcc1348 |    0000096B  A$lcc1348 |    0000096C  A$lcc1348
     0000096E  A$lcc1348 |    0000096E  C$main.c$ |    00000970  A$lcc1348
     00000972  A$lcc1348 |    00000972  C$main.c$ |    00000973  A$lcc1348
     00000973  C$main.c$ |    00000976  A$lcc1348 |    00000978  A$lcc1348
     00000979  A$lcc1348 |    0000097B  A$lcc1348 |    0000097B  C$main.c$
     0000097D  A$lcc1348 |    0000097F  A$lcc1348 |    0000097F  C$main.c$
     00000980  A$lcc1348 |    00000980  C$main.c$ |    00000983  A$lcc1348
     00000985  A$lcc1348 |    00000986  A$lcc1348 |    00000988  A$lcc1348
     00000988  C$main.c$ |    0000098A  A$lcc1348 |    0000098C  A$lcc1348
     0000098C  C$main.c$ |    0000098D  A$lcc1348 |    0000098D  C$main.c$
     0000098E  A$lcc1348 |    00000990  A$lcc1348 |    00000991  A$lcc1348
     00000993  A$lcc1348 |    00000993  C$main.c$ |    00000995  A$lcc1348
     00000997  A$lcc1348 |    00000997  C$main.c$ |    00000998  A$lcc1348
     00000998  C$main.c$ |    0000099B  A$lcc1348 |    0000099D  A$lcc1348
     0000099E  A$lcc1348 |    000009A0  A$lcc1348 |    000009A0  C$main.c$
     000009A2  A$lcc1348 |    000009A4  A$lcc1348 |    000009A4  C$main.c$
     000009A5  A$lcc1348 |    000009A5  C$main.c$ |    000009A8  A$lcc1348
     000009AA  A$lcc1348 |    000009AB  A$lcc1348 |    000009AD  A$lcc1348
     000009AD  C$main.c$ |    000009AF  A$lcc1348 |    000009B1  A$lcc1348
ASxxxx Linker V03.00 + NoICE + sdld,  page 12.
Hexadecimal  [32-Bits]

Area                       Addr        Size        Decimal Bytes (Attributes)
--------------------       ----        ----        ------- ----- ------------
_CODE                  00000200    00002836 =       10294. bytes (REL,CON)

        Value  Global            Value  Global            Value  Global    
        -----  ------            -----  ------            -----  ------    
     000009B1  C$main.c$ |    000009B2  A$lcc1348 |    000009B2  C$main.c$
     000009B5  A$lcc1348 |    000009B7  A$lcc1348 |    000009B8  A$lcc1348
     000009BA  A$lcc1348 |    000009BA  C$main.c$ |    000009BC  A$lcc1348
     000009BE  A$lcc1348 |    000009BE  C$main.c$ |    000009BF  A$lcc1348
     000009BF  C$main.c$ |    000009C2  A$lcc1348 |    000009C4  A$lcc1348
     000009C5  A$lcc1348 |    000009C7  A$lcc1348 |    000009C7  C$main.c$
     000009C9  A$lcc1348 |    000009CB  A$lcc1348 |    000009CB  C$main.c$
     000009CC  A$lcc1348 |    000009CC  C$main.c$ |    000009CF  A$lcc1348
     000009D1  A$lcc1348 |    000009D2  A$lcc1348 |    000009D4  A$lcc1348
     000009D4  C$main.c$ |    000009D6  A$lcc1348 |    000009D8  A$lcc1348
     000009D8  C$main.c$ |    000009D9  A$lcc1348 |    000009D9  C$main.c$
     000009DA  A$lcc1348 |    000009DC  A$lcc1348 |    000009DD  A$lcc1348
     000009DF  A$lcc1348 |    000009DF  C$main.c$ |    000009E0  A$lcc1348
     000009E2  A$lcc1348 |    000009E2  C$main.c$ |    000009E2  C$main.c$
     000009E2  XG$parall |    000009E3  A$lcc1348 |    000009E3  C$main.c$
     000009E3  G$update_ |    000009E3  _update_p |    000009E6  A$lcc1348
     000009E7  A$lcc1348 |    000009E7  C$main.c$ |    000009E8  A$lcc1348
     000009E8  C$main.c$ |    000009EB  A$lcc1348 |    000009ED  A$lcc1348
     000009EF  A$lcc1348 |    000009F0  A$lcc1348 |    000009F1  A$lcc1348
     000009F3  A$lcc1348 |    000009F3  C$main.c$ |    000009F4  A$lcc1348
     000009F6  A$lcc1348 |    000009F8  A$lcc1348 |    000009F8  C$main.c$
     000009FA  A$lcc1348 |    000009FC  A$lcc1348 |    000009FC  C$main.c$
     000009FD  A$lcc1348 |    000009FF  A$lcc1348 |    000009FF  C$main.c$
     00000A02  A$lcc1348 |    00000A03  A$lcc1348 |    00000A05  A$lcc1348
     00000A07  A$lcc1348 |    00000A07  C$main.c$ |    00000A09  A$lcc1348
     00000A09  C$main.c$ |    00000A0C  A$lcc1348 |    00000A0D  A$lcc1348
     00000A0F  A$lcc1348 |    00000A12  A$lcc1348 |    00000A13  A$lcc1348
     00000A16  A$lcc1348 |    00000A17  A$lcc1348 |    00000A17  C$main.c$
     00000A19  A$lcc1348 |    00000A19  C$main.c$ |    00000A1C  A$lcc1348
     00000A1D  A$lcc1348 |    00000A1F  A$lcc1348 |    00000A1F  C$main.c$
     00000A21  A$lcc1348 |    00000A21  C$main.c$ |    00000A23  A$lcc1348
     00000A26  A$lcc1348 |    00000A27  A$lcc1348 |    00000A2A  A$lcc1348
     00000A2B  A$lcc1348 |    00000A2B  C$main.c$ |    00000A2B  C$main.c$
     00000A2E  A$lcc1348 |    00000A2F  A$lcc1348 |    00000A2F  C$main.c$
     00000A2F  XG$update |    00000A30  A$lcc1348 |    00000A30  C$main.c$
     00000A30  G$scroll_ |    00000A30  _scroll_c |    00000A31  A$lcc1348
     00000A31  C$main.c$ |    00000A34  A$lcc1348 |    00000A35  A$lcc1348
     00000A37  A$lcc1348 |    00000A3A  A$lcc1348 |    00000A3D  A$lcc1348
     00000A3E  A$lcc1348 |    00000A3F  A$lcc1348 |    00000A41  A$lcc1348
     00000A41  C$main.c$ |    00000A44  A$lcc1348 |    00000A45  A$lcc1348
     00000A46  A$lcc1348 |    00000A47  A$lcc1348 |    00000A47  C$main.c$
     00000A48  A$lcc1348 |    00000A49  A$lcc1348 |    00000A4A  A$lcc1348
     00000A4B  A$lcc1348 |    00000A4C  A$lcc1348 |    00000A4D  A$lcc1348
     00000A4D  C$main.c$ |    00000A4E  A$lcc1348 |    00000A4F  A$lcc1348
     00000A50  A$lcc1348 |    00000A51  A$lcc1348 |    00000A52  A$lcc1348
     00000A53  A$lcc1348 |    00000A54  A$lcc1348 |    00000A54  C$main.c$
     00000A57  A$lcc1348 |    00000A58  A$lcc1348 |    00000A5A  A$lcc1348
     00000A5D  A$lcc1348 |    00000A5E  A$lcc1348 |    00000A5E  C$main.c$
     00000A5E  C$main.c$ |    00000A5F  A$lcc1348 |    00000A61  A$lcc1348
     00000A61  C$main.c$ |    00000A64  A$lcc1348 |    00000A65  A$lcc1348
     00000A66  A$lcc1348 |    00000A67  A$lcc1348 |    00000A68  A$lcc1348
ASxxxx Linker V03.00 + NoICE + sdld,  page 13.
Hexadecimal  [32-Bits]

Area                       Addr        Size        Decimal Bytes (Attributes)
--------------------       ----        ----        ------- ----- ------------
_CODE                  00000200    00002836 =       10294. bytes (REL,CON)

        Value  Global            Value  Global            Value  Global    
        -----  ------            -----  ------            -----  ------    
     00000A6B  A$lcc1348 |    00000A6C  A$lcc1348 |    00000A6D  A$lcc1348
     00000A6E  A$lcc1348 |    00000A6E  C$main.c$ |    00000A71  A$lcc1348
     00000A71  C$main.c$ |    00000A74  A$lcc1348 |    00000A76  A$lcc1348
     00000A78  A$lcc1348 |    00000A78  C$main.c$ |    00000A7B  A$lcc1348
     00000A7C  A$lcc1348 |    00000A7D  A$lcc1348 |    00000A7E  A$lcc1348
     00000A7F  A$lcc1348 |    00000A82  A$lcc1348 |    00000A83  A$lcc1348
     00000A84  A$lcc1348 |    00000A85  A$lcc1348 |    00000A85  C$main.c$
     00000A88  A$lcc1348 |    00000A88  C$main.c$ |    00000A8B  A$lcc1348
     00000A8C  A$lcc1348 |    00000A8E  A$lcc1348 |    00000A91  A$lcc1348
     00000A94  A$lcc1348 |    00000A95  A$lcc1348 |    00000A96  A$lcc1348
     00000A98  A$lcc1348 |    00000A98  C$main.c$ |    00000A9B  A$lcc1348
     00000A9C  A$lcc1348 |    00000A9D  A$lcc1348 |    00000A9E  A$lcc1348
     00000A9E  C$main.c$ |    00000AA1  A$lcc1348 |    00000AA2  A$lcc1348
     00000AA4  A$lcc1348 |    00000AA4  C$main.c$ |    00000AA7  A$lcc1348
     00000AA8  A$lcc1348 |    00000AA9  A$lcc1348 |    00000AAA  A$lcc1348
     00000AAB  A$lcc1348 |    00000AAE  A$lcc1348 |    00000AAF  A$lcc1348
     00000AB0  A$lcc1348 |    00000AB1  A$lcc1348 |    00000AB4  A$lcc1348
     00000AB6  A$lcc1348 |    00000AB7  A$lcc1348 |    00000ABA  A$lcc1348
     00000ABB  A$lcc1348 |    00000ABC  A$lcc1348 |    00000ABD  A$lcc1348
     00000AC0  A$lcc1348 |    00000AC1  A$lcc1348 |    00000AC2  A$lcc1348
     00000AC3  A$lcc1348 |    00000AC6  A$lcc1348 |    00000AC8  A$lcc1348
     00000ACA  A$lcc1348 |    00000ACB  A$lcc1348 |    00000ACC  A$lcc1348
     00000ACD  A$lcc1348 |    00000ACE  A$lcc1348 |    00000AD0  A$lcc1348
     00000AD1  A$lcc1348 |    00000AD4  A$lcc1348 |    00000AD6  A$lcc1348
     00000AD6  C$main.c$ |    00000AD9  A$lcc1348 |    00000AD9  C$main.c$
     00000ADC  A$lcc1348 |    00000ADD  A$lcc1348 |    00000ADF  A$lcc1348
     00000ADF  C$main.c$ |    00000AE2  A$lcc1348 |    00000AE4  A$lcc1348
     00000AE6  A$lcc1348 |    00000AE6  C$main.c$ |    00000AE9  A$lcc1348
     00000AEA  A$lcc1348 |    00000AEB  A$lcc1348 |    00000AEC  A$lcc1348
     00000AED  A$lcc1348 |    00000AF0  A$lcc1348 |    00000AF1  A$lcc1348
     00000AF2  A$lcc1348 |    00000AF3  A$lcc1348 |    00000AF3  C$main.c$
     00000AF6  A$lcc1348 |    00000AF6  C$main.c$ |    00000AF9  A$lcc1348
     00000AFB  A$lcc1348 |    00000AFD  A$lcc1348 |    00000AFD  C$main.c$
     00000B00  A$lcc1348 |    00000B01  A$lcc1348 |    00000B02  A$lcc1348
     00000B03  A$lcc1348 |    00000B03  C$main.c$ |    00000B06  A$lcc1348
     00000B07  A$lcc1348 |    00000B08  A$lcc1348 |    00000B09  A$lcc1348
     00000B09  C$main.c$ |    00000B0C  A$lcc1348 |    00000B0D  A$lcc1348
     00000B0E  A$lcc1348 |    00000B0F  A$lcc1348 |    00000B0F  C$main.c$
     00000B12  A$lcc1348 |    00000B13  A$lcc1348 |    00000B14  A$lcc1348
     00000B15  A$lcc1348 |    00000B15  C$main.c$ |    00000B18  A$lcc1348
     00000B19  A$lcc1348 |    00000B1B  A$lcc1348 |    00000B1B  C$main.c$
     00000B1E  A$lcc1348 |    00000B20  A$lcc1348 |    00000B22  A$lcc1348
     00000B22  C$main.c$ |    00000B25  A$lcc1348 |    00000B26  A$lcc1348
     00000B27  A$lcc1348 |    00000B28  A$lcc1348 |    00000B29  A$lcc1348
     00000B2C  A$lcc1348 |    00000B2D  A$lcc1348 |    00000B2E  A$lcc1348
     00000B2F  A$lcc1348 |    00000B2F  C$main.c$ |    00000B32  A$lcc1348
     00000B32  C$main.c$ |    00000B35  A$lcc1348 |    00000B36  A$lcc1348
     00000B38  A$lcc1348 |    00000B3B  A$lcc1348 |    00000B3E  A$lcc1348
     00000B3F  A$lcc1348 |    00000B40  A$lcc1348 |    00000B42  A$lcc1348
     00000B42  C$main.c$ |    00000B45  A$lcc1348 |    00000B46  A$lcc1348
     00000B47  A$lcc1348 |    00000B48  A$lcc1348 |    00000B48  C$main.c$
ASxxxx Linker V03.00 + NoICE + sdld,  page 14.
Hexadecimal  [32-Bits]

Area                       Addr        Size        Decimal Bytes (Attributes)
--------------------       ----        ----        ------- ----- ------------
_CODE                  00000200    00002836 =       10294. bytes (REL,CON)

        Value  Global            Value  Global            Value  Global    
        -----  ------            -----  ------            -----  ------    
     00000B4B  A$lcc1348 |    00000B4C  A$lcc1348 |    00000B4D  A$lcc1348
     00000B4E  A$lcc1348 |    00000B4E  C$main.c$ |    00000B51  A$lcc1348
     00000B52  A$lcc1348 |    00000B53  A$lcc1348 |    00000B53  C$main.c$
     00000B53  XG$scroll |    00000B54  A$lcc1348 |    00000B54  C$main.c$
     00000B54  C$main.c$ |    00000B54  G$pause_g |    00000B54  _pause_ga
     00000B57  A$lcc1348 |    00000B59  A$lcc1348 |    00000B59  C$main.c$
     00000B5C  A$lcc1348 |    00000B5D  A$lcc1348 |    00000B60  A$lcc1348
     00000B61  A$lcc1348 |    00000B64  A$lcc1348 |    00000B65  A$lcc1348
     00000B66  A$lcc1348 |    00000B67  A$lcc1348 |    00000B67  C$main.c$
     00000B6A  A$lcc1348 |    00000B6B  A$lcc1348 |    00000B6C  A$lcc1348
     00000B6D  A$lcc1348 |    00000B6D  C$main.c$ |    00000B6F  A$lcc1348
     00000B70  A$lcc1348 |    00000B71  A$lcc1348 |    00000B74  A$lcc1348
     00000B75  A$lcc1348 |    00000B76  A$lcc1348 |    00000B77  A$lcc1348
     00000B78  A$lcc1348 |    00000B7B  A$lcc1348 |    00000B7D  A$lcc1348
     00000B7D  C$main.c$ |    00000B80  A$lcc1348 |    00000B81  A$lcc1348
     00000B83  A$lcc1348 |    00000B84  A$lcc1348 |    00000B85  A$lcc1348
     00000B85  C$main.c$ |    00000B86  A$lcc1348 |    00000B86  C$main.c$
     00000B86  XG$pause_ |    00000B88  A$lcc1348 |    00000B88  C$main.c$
     00000B88  C$main.c$ |    00000B88  G$unpause |    00000B88  _unpause_
     00000B8B  A$lcc1348 |    00000B8D  A$lcc1348 |    00000B8D  C$main.c$
     00000B90  A$lcc1348 |    00000B91  A$lcc1348 |    00000B94  A$lcc1348
     00000B95  A$lcc1348 |    00000B98  A$lcc1348 |    00000B99  A$lcc1348
     00000B9A  A$lcc1348 |    00000B9B  A$lcc1348 |    00000B9B  C$main.c$
     00000B9D  A$lcc1348 |    00000B9E  A$lcc1348 |    00000B9F  A$lcc1348
     00000BA0  A$lcc1348 |    00000BA0  C$main.c$ |    00000BA1  A$lcc1348
     00000BA2  A$lcc1348 |    00000BA3  A$lcc1348 |    00000BA6  A$lcc1348
     00000BA7  A$lcc1348 |    00000BA8  A$lcc1348 |    00000BA9  A$lcc1348
     00000BAA  A$lcc1348 |    00000BAD  A$lcc1348 |    00000BAF  A$lcc1348
     00000BAF  C$main.c$ |    00000BB2  A$lcc1348 |    00000BB3  A$lcc1348
     00000BB5  A$lcc1348 |    00000BB6  A$lcc1348 |    00000BB7  A$lcc1348
     00000BB7  C$main.c$ |    00000BB8  A$lcc1348 |    00000BB8  C$main.c$
     00000BB8  XG$unpaus |    00000BBA  A$lcc1348 |    00000BBA  C$main.c$
     00000BBA  G$drain_t |    00000BBA  _drain_ti |    00000BBB  A$lcc1348
     00000BBC  A$lcc1348 |    00000BBC  C$main.c$ |    00000BBF  A$lcc1348
     00000BC0  A$lcc1348 |    00000BC2  A$lcc1348 |    00000BC3  A$lcc1348
     00000BC5  A$lcc1348 |    00000BC7  A$lcc1348 |    00000BC8  A$lcc1348
     00000BC8  C$main.c$ |    00000BC9  A$lcc1348 |    00000BCA  A$lcc1348
     00000BCC  A$lcc1348 |    00000BCE  A$lcc1348 |    00000BD1  A$lcc1348
     00000BD2  A$lcc1348 |    00000BD4  A$lcc1348 |    00000BD6  A$lcc1348
     00000BD8  A$lcc1348 |    00000BDA  A$lcc1348 |    00000BDC  A$lcc1348
     00000BDE  A$lcc1348 |    00000BDF  A$lcc1348 |    00000BDF  C$main.c$
     00000BE1  A$lcc1348 |    00000BE2  A$lcc1348 |    00000BE4  A$lcc1348
     00000BE5  A$lcc1348 |    00000BE8  A$lcc1348 |    00000BE9  A$lcc1348
     00000BEA  A$lcc1348 |    00000BEA  C$main.c$ |    00000BED  A$lcc1348
     00000BEE  A$lcc1348 |    00000BF1  A$lcc1348 |    00000BF2  A$lcc1348
     00000BF4  A$lcc1348 |    00000BF5  A$lcc1348 |    00000BF8  A$lcc1348
     00000BF9  A$lcc1348 |    00000BFA  A$lcc1348 |    00000BFB  A$lcc1348
     00000BFC  A$lcc1348 |    00000BFF  A$lcc1348 |    00000C00  A$lcc1348
     00000C01  A$lcc1348 |    00000C02  A$lcc1348 |    00000C03  A$lcc1348
     00000C04  A$lcc1348 |    00000C05  A$lcc1348 |    00000C06  A$lcc1348
     00000C09  A$lcc1348 |    00000C0A  A$lcc1348 |    00000C0B  A$lcc1348
ASxxxx Linker V03.00 + NoICE + sdld,  page 15.
Hexadecimal  [32-Bits]

Area                       Addr        Size        Decimal Bytes (Attributes)
--------------------       ----        ----        ------- ----- ------------
_CODE                  00000200    00002836 =       10294. bytes (REL,CON)

        Value  Global            Value  Global            Value  Global    
        -----  ------            -----  ------            -----  ------    
     00000C0B  C$main.c$ |    00000C0D  A$lcc1348 |    00000C0E  A$lcc1348
     00000C10  A$lcc1348 |    00000C12  A$lcc1348 |    00000C13  A$lcc1348
     00000C15  A$lcc1348 |    00000C16  A$lcc1348 |    00000C17  A$lcc1348
     00000C19  A$lcc1348 |    00000C1A  A$lcc1348 |    00000C1B  A$lcc1348
     00000C1D  A$lcc1348 |    00000C1E  A$lcc1348 |    00000C1F  A$lcc1348
     00000C21  A$lcc1348 |    00000C21  C$main.c$ |    00000C23  A$lcc1348
     00000C24  A$lcc1348 |    00000C26  A$lcc1348 |    00000C27  A$lcc1348
     00000C29  A$lcc1348 |    00000C2A  A$lcc1348 |    00000C2B  A$lcc1348
     00000C2C  A$lcc1348 |    00000C2D  A$lcc1348 |    00000C30  A$lcc1348
     00000C32  A$lcc1348 |    00000C32  C$main.c$ |    00000C35  A$lcc1348
     00000C36  A$lcc1348 |    00000C36  C$main.c$ |    00000C39  A$lcc1348
     00000C3A  A$lcc1348 |    00000C3C  A$lcc1348 |    00000C3D  A$lcc1348
     00000C3E  A$lcc1348 |    00000C40  A$lcc1348 |    00000C41  A$lcc1348
     00000C41  C$main.c$ |    00000C44  A$lcc1348 |    00000C44  C$main.c$
     00000C47  A$lcc1348 |    00000C48  A$lcc1348 |    00000C4A  A$lcc1348
     00000C4B  A$lcc1348 |    00000C4C  A$lcc1348 |    00000C4C  C$main.c$
     00000C4E  A$lcc1348 |    00000C4F  A$lcc1348 |    00000C51  A$lcc1348
     00000C53  A$lcc1348 |    00000C53  C$main.c$ |    00000C56  A$lcc1348
     00000C58  A$lcc1348 |    00000C58  C$main.c$ |    00000C5B  A$lcc1348
     00000C5D  A$lcc1348 |    00000C5E  A$lcc1348 |    00000C5F  A$lcc1348
     00000C5F  C$main.c$ |    00000C5F  XG$drain_ |    00000C60  A$lcc1348
     00000C60  C$main.c$ |    00000C60  G$reload_ |    00000C60  _reload_t
     00000C61  A$lcc1348 |    00000C62  A$lcc1348 |    00000C62  C$main.c$
     00000C65  A$lcc1348 |    00000C66  A$lcc1348 |    00000C68  A$lcc1348
     00000C69  A$lcc1348 |    00000C6B  A$lcc1348 |    00000C6D  A$lcc1348
     00000C6E  A$lcc1348 |    00000C6E  C$main.c$ |    00000C6F  A$lcc1348
     00000C70  A$lcc1348 |    00000C72  A$lcc1348 |    00000C74  A$lcc1348
     00000C77  A$lcc1348 |    00000C78  A$lcc1348 |    00000C7A  A$lcc1348
     00000C7C  A$lcc1348 |    00000C7E  A$lcc1348 |    00000C80  A$lcc1348
     00000C82  A$lcc1348 |    00000C84  A$lcc1348 |    00000C84  C$main.c$
     00000C86  A$lcc1348 |    00000C87  A$lcc1348 |    00000C88  A$lcc1348
     00000C8A  A$lcc1348 |    00000C8B  A$lcc1348 |    00000C8E  A$lcc1348
     00000C8F  A$lcc1348 |    00000C90  A$lcc1348 |    00000C90  C$main.c$
     00000C93  A$lcc1348 |    00000C94  A$lcc1348 |    00000C97  A$lcc1348
     00000C98  A$lcc1348 |    00000C9A  A$lcc1348 |    00000C9A  C$main.c$
     00000C9B  A$lcc1348 |    00000C9C  A$lcc1348 |    00000C9D  A$lcc1348
     00000C9F  A$lcc1348 |    00000CA1  A$lcc1348 |    00000CA2  A$lcc1348
     00000CA3  A$lcc1348 |    00000CA4  A$lcc1348 |    00000CA5  A$lcc1348
     00000CA6  A$lcc1348 |    00000CA7  A$lcc1348 |    00000CA9  A$lcc1348
     00000CAA  A$lcc1348 |    00000CAB  A$lcc1348 |    00000CAD  A$lcc1348
     00000CAE  A$lcc1348 |    00000CAF  A$lcc1348 |    00000CB1  A$lcc1348
     00000CB1  C$main.c$ |    00000CB3  A$lcc1348 |    00000CB4  A$lcc1348
     00000CB6  A$lcc1348 |    00000CB7  A$lcc1348 |    00000CB8  A$lcc1348
     00000CBA  A$lcc1348 |    00000CBB  A$lcc1348 |    00000CBC  A$lcc1348
     00000CBD  A$lcc1348 |    00000CBE  A$lcc1348 |    00000CC1  A$lcc1348
     00000CC3  A$lcc1348 |    00000CC3  C$main.c$ |    00000CC6  A$lcc1348
     00000CC7  A$lcc1348 |    00000CC7  C$main.c$ |    00000CC9  A$lcc1348
     00000CCA  A$lcc1348 |    00000CCC  A$lcc1348 |    00000CCE  A$lcc1348
     00000CCE  C$main.c$ |    00000CD1  A$lcc1348 |    00000CD1  C$main.c$
     00000CD4  A$lcc1348 |    00000CD4  C$main.c$ |    00000CD7  A$lcc1348
     00000CD9  A$lcc1348 |    00000CDA  A$lcc1348 |    00000CDB  A$lcc1348
ASxxxx Linker V03.00 + NoICE + sdld,  page 16.
Hexadecimal  [32-Bits]

Area                       Addr        Size        Decimal Bytes (Attributes)
--------------------       ----        ----        ------- ----- ------------
_CODE                  00000200    00002836 =       10294. bytes (REL,CON)

        Value  Global            Value  Global            Value  Global    
        -----  ------            -----  ------            -----  ------    
     00000CDB  C$main.c$ |    00000CDB  XG$reload |    00000CDC  A$lcc1348
     00000CDC  C$main.c$ |    00000CDC  C$main.c$ |    00000CDC  G$pts_200
     00000CDC  _pts_200_ |    00000CDF  A$lcc1348 |    00000CE0  A$lcc1348
     00000CE2  A$lcc1348 |    00000CE3  A$lcc1348 |    00000CE4  A$lcc1348
     00000CE6  A$lcc1348 |    00000CE7  A$lcc1348 |    00000CE7  C$main.c$
     00000CEA  A$lcc1348 |    00000CEA  C$main.c$ |    00000CED  A$lcc1348
     00000CEF  A$lcc1348 |    00000CEF  C$main.c$ |    00000CEF  XG$pts_20
     00000CF0  A$lcc1348 |    00000CF0  C$main.c$ |    00000CF0  G$collide
     00000CF0  _collide_ |    00000CF2  A$lcc1348 |    00000CF4  A$lcc1348
     00000CF5  A$lcc1348 |    00000CF6  A$lcc1348 |    00000CF7  A$lcc1348
     00000CF7  C$main.c$ |    00000CFA  A$lcc1348 |    00000CFB  A$lcc1348
     00000CFC  A$lcc1348 |    00000CFE  A$lcc1348 |    00000D00  A$lcc1348
     00000D00  C$main.c$ |    00000D01  A$lcc1348 |    00000D02  A$lcc1348
     00000D04  A$lcc1348 |    00000D04  C$main.c$ |    00000D05  A$lcc1348
     00000D06  A$lcc1348 |    00000D07  A$lcc1348 |    00000D08  A$lcc1348
     00000D09  A$lcc1348 |    00000D0A  A$lcc1348 |    00000D0B  A$lcc1348
     00000D0D  A$lcc1348 |    00000D0E  A$lcc1348 |    00000D10  A$lcc1348
     00000D11  A$lcc1348 |    00000D12  A$lcc1348 |    00000D13  A$lcc1348
     00000D14  A$lcc1348 |    00000D14  C$main.c$ |    00000D16  A$lcc1348
     00000D17  A$lcc1348 |    00000D19  A$lcc1348 |    00000D1A  A$lcc1348
     00000D1B  A$lcc1348 |    00000D1C  A$lcc1348 |    00000D1C  C$main.c$
     00000D1E  A$lcc1348 |    00000D1F  A$lcc1348 |    00000D20  A$lcc1348
     00000D21  A$lcc1348 |    00000D24  A$lcc1348 |    00000D25  A$lcc1348
     00000D26  A$lcc1348 |    00000D27  A$lcc1348 |    00000D29  A$lcc1348
     00000D2A  A$lcc1348 |    00000D2B  A$lcc1348 |    00000D2C  A$lcc1348
     00000D2E  A$lcc1348 |    00000D2F  A$lcc1348 |    00000D30  A$lcc1348
     00000D31  A$lcc1348 |    00000D32  A$lcc1348 |    00000D33  A$lcc1348
     00000D34  A$lcc1348 |    00000D36  A$lcc1348 |    00000D36  C$main.c$
     00000D37  A$lcc1348 |    00000D38  A$lcc1348 |    00000D39  A$lcc1348
     00000D3A  A$lcc1348 |    00000D3B  A$lcc1348 |    00000D3D  A$lcc1348
     00000D3D  C$main.c$ |    00000D3E  A$lcc1348 |    00000D3F  A$lcc1348
     00000D41  A$lcc1348 |    00000D42  A$lcc1348 |    00000D44  A$lcc1348
     00000D46  A$lcc1348 |    00000D47  A$lcc1348 |    00000D49  A$lcc1348
     00000D4A  A$lcc1348 |    00000D4C  A$lcc1348 |    00000D4E  A$lcc1348
     00000D4F  A$lcc1348 |    00000D51  A$lcc1348 |    00000D52  A$lcc1348
     00000D54  A$lcc1348 |    00000D56  A$lcc1348 |    00000D57  A$lcc1348
     00000D58  A$lcc1348 |    00000D5A  A$lcc1348 |    00000D5B  A$lcc1348
     00000D5D  A$lcc1348 |    00000D5E  A$lcc1348 |    00000D5F  A$lcc1348
     00000D60  A$lcc1348 |    00000D63  A$lcc1348 |    00000D64  A$lcc1348
     00000D65  A$lcc1348 |    00000D66  A$lcc1348 |    00000D67  A$lcc1348
     00000D68  A$lcc1348 |    00000D69  A$lcc1348 |    00000D6A  A$lcc1348
     00000D6B  A$lcc1348 |    00000D6E  A$lcc1348 |    00000D6F  A$lcc1348
     00000D70  A$lcc1348 |    00000D71  A$lcc1348 |    00000D73  A$lcc1348
     00000D74  A$lcc1348 |    00000D75  A$lcc1348 |    00000D77  A$lcc1348
     00000D78  A$lcc1348 |    00000D79  A$lcc1348 |    00000D7A  A$lcc1348
     00000D7C  A$lcc1348 |    00000D7D  A$lcc1348 |    00000D7E  A$lcc1348
     00000D7F  A$lcc1348 |    00000D80  A$lcc1348 |    00000D82  A$lcc1348
     00000D83  A$lcc1348 |    00000D84  A$lcc1348 |    00000D85  A$lcc1348
     00000D86  A$lcc1348 |    00000D87  A$lcc1348 |    00000D89  A$lcc1348
     00000D8A  A$lcc1348 |    00000D8B  A$lcc1348 |    00000D8C  A$lcc1348
     00000D8D  A$lcc1348 |    00000D8E  A$lcc1348 |    00000D90  A$lcc1348
ASxxxx Linker V03.00 + NoICE + sdld,  page 17.
Hexadecimal  [32-Bits]

Area                       Addr        Size        Decimal Bytes (Attributes)
--------------------       ----        ----        ------- ----- ------------
_CODE                  00000200    00002836 =       10294. bytes (REL,CON)

        Value  Global            Value  Global            Value  Global    
        -----  ------            -----  ------            -----  ------    
     00000D91  A$lcc1348 |    00000D92  A$lcc1348 |    00000D93  A$lcc1348
     00000D95  A$lcc1348 |    00000D96  A$lcc1348 |    00000D97  A$lcc1348
     00000D98  A$lcc1348 |    00000D9B  A$lcc1348 |    00000D9C  A$lcc1348
     00000D9E  A$lcc1348 |    00000D9E  C$main.c$ |    00000DA1  A$lcc1348
     00000DA2  A$lcc1348 |    00000DA3  A$lcc1348 |    00000DA4  A$lcc1348
     00000DA5  A$lcc1348 |    00000DA7  A$lcc1348 |    00000DA8  A$lcc1348
     00000DAA  A$lcc1348 |    00000DAA  C$main.c$ |    00000DAC  A$lcc1348
     00000DAD  A$lcc1348 |    00000DAE  A$lcc1348 |    00000DAF  A$lcc1348
     00000DB1  A$lcc1348 |    00000DB1  C$main.c$ |    00000DB3  A$lcc1348
     00000DB4  A$lcc1348 |    00000DB5  A$lcc1348 |    00000DB6  A$lcc1348
     00000DB7  A$lcc1348 |    00000DB8  A$lcc1348 |    00000DB9  A$lcc1348
     00000DBC  A$lcc1348 |    00000DBD  A$lcc1348 |    00000DBE  A$lcc1348
     00000DBF  A$lcc1348 |    00000DC2  A$lcc1348 |    00000DC3  A$lcc1348
     00000DC4  A$lcc1348 |    00000DC5  A$lcc1348 |    00000DC7  A$lcc1348
     00000DC8  A$lcc1348 |    00000DC9  A$lcc1348 |    00000DCC  A$lcc1348
     00000DCD  A$lcc1348 |    00000DCD  C$main.c$ |    00000DD0  A$lcc1348
     00000DD2  A$lcc1348 |    00000DD4  A$lcc1348 |    00000DD4  C$main.c$
     00000DD5  A$lcc1348 |    00000DD7  A$lcc1348 |    00000DD8  A$lcc1348
     00000DDA  A$lcc1348 |    00000DDA  C$main.c$ |    00000DDD  A$lcc1348
     00000DDE  A$lcc1348 |    00000DE0  A$lcc1348 |    00000DE0  C$main.c$
     00000DE3  A$lcc1348 |    00000DE5  A$lcc1348 |    00000DE5  C$main.c$
     00000DE5  XG$collid |    00000DE6  A$lcc1348 |    00000DE6  C$main.c$
     00000DE6  G$win_che |    00000DE6  _win_chec |    00000DE8  A$lcc1348
     00000DEA  A$lcc1348 |    00000DEB  A$lcc1348 |    00000DEB  C$main.c$
     00000DED  A$lcc1348 |    00000DEE  A$lcc1348 |    00000DEF  A$lcc1348
     00000DF0  A$lcc1348 |    00000DF1  A$lcc1348 |    00000DF2  A$lcc1348
     00000DF3  A$lcc1348 |    00000DF4  A$lcc1348 |    00000DF7  A$lcc1348
     00000DF8  A$lcc1348 |    00000DF9  A$lcc1348 |    00000DFA  A$lcc1348
     00000DFC  A$lcc1348 |    00000DFD  A$lcc1348 |    00000DFE  A$lcc1348
     00000DFF  A$lcc1348 |    00000E01  A$lcc1348 |    00000E02  A$lcc1348
     00000E03  A$lcc1348 |    00000E04  A$lcc1348 |    00000E05  A$lcc1348
     00000E07  A$lcc1348 |    00000E09  A$lcc1348 |    00000E0A  A$lcc1348
     00000E0B  A$lcc1348 |    00000E0C  A$lcc1348 |    00000E0D  A$lcc1348
     00000E0E  A$lcc1348 |    00000E0F  A$lcc1348 |    00000E12  A$lcc1348
     00000E13  A$lcc1348 |    00000E14  A$lcc1348 |    00000E15  A$lcc1348
     00000E16  A$lcc1348 |    00000E17  A$lcc1348 |    00000E18  A$lcc1348
     00000E1A  A$lcc1348 |    00000E1C  A$lcc1348 |    00000E1D  A$lcc1348
     00000E1F  A$lcc1348 |    00000E20  A$lcc1348 |    00000E22  A$lcc1348
     00000E23  A$lcc1348 |    00000E25  A$lcc1348 |    00000E26  A$lcc1348
     00000E28  A$lcc1348 |    00000E29  A$lcc1348 |    00000E2B  A$lcc1348
     00000E2B  C$main.c$ |    00000E2D  A$lcc1348 |    00000E2E  A$lcc1348
     00000E30  A$lcc1348 |    00000E31  A$lcc1348 |    00000E32  A$lcc1348
     00000E33  A$lcc1348 |    00000E34  A$lcc1348 |    00000E35  A$lcc1348
     00000E36  A$lcc1348 |    00000E39  A$lcc1348 |    00000E3A  A$lcc1348
     00000E3B  A$lcc1348 |    00000E3C  A$lcc1348 |    00000E3E  A$lcc1348
     00000E3F  A$lcc1348 |    00000E40  A$lcc1348 |    00000E41  A$lcc1348
     00000E43  A$lcc1348 |    00000E44  A$lcc1348 |    00000E45  A$lcc1348
     00000E46  A$lcc1348 |    00000E47  A$lcc1348 |    00000E49  A$lcc1348
     00000E4B  A$lcc1348 |    00000E4D  A$lcc1348 |    00000E4E  A$lcc1348
     00000E4F  A$lcc1348 |    00000E50  A$lcc1348 |    00000E53  A$lcc1348
     00000E54  A$lcc1348 |    00000E55  A$lcc1348 |    00000E56  A$lcc1348
ASxxxx Linker V03.00 + NoICE + sdld,  page 18.
Hexadecimal  [32-Bits]

Area                       Addr        Size        Decimal Bytes (Attributes)
--------------------       ----        ----        ------- ----- ------------
_CODE                  00000200    00002836 =       10294. bytes (REL,CON)

        Value  Global            Value  Global            Value  Global    
        -----  ------            -----  ------            -----  ------    
     00000E58  A$lcc1348 |    00000E5A  A$lcc1348 |    00000E5C  A$lcc1348
     00000E5E  A$lcc1348 |    00000E60  A$lcc1348 |    00000E62  A$lcc1348
     00000E62  C$main.c$ |    00000E64  A$lcc1348 |    00000E65  A$lcc1348
     00000E66  A$lcc1348 |    00000E67  A$lcc1348 |    00000E6A  A$lcc1348
     00000E6B  A$lcc1348 |    00000E6C  A$lcc1348 |    00000E6D  A$lcc1348
     00000E6F  A$lcc1348 |    00000E70  A$lcc1348 |    00000E71  A$lcc1348
     00000E72  A$lcc1348 |    00000E74  A$lcc1348 |    00000E75  A$lcc1348
     00000E76  A$lcc1348 |    00000E77  A$lcc1348 |    00000E78  A$lcc1348
     00000E79  A$lcc1348 |    00000E7A  A$lcc1348 |    00000E7B  A$lcc1348
     00000E7C  A$lcc1348 |    00000E7E  A$lcc1348 |    00000E80  A$lcc1348
     00000E81  A$lcc1348 |    00000E82  A$lcc1348 |    00000E83  A$lcc1348
     00000E84  A$lcc1348 |    00000E85  A$lcc1348 |    00000E86  A$lcc1348
     00000E89  A$lcc1348 |    00000E8A  A$lcc1348 |    00000E8B  A$lcc1348
     00000E8C  A$lcc1348 |    00000E8E  A$lcc1348 |    00000E8F  A$lcc1348
     00000E90  A$lcc1348 |    00000E91  A$lcc1348 |    00000E93  A$lcc1348
     00000E94  A$lcc1348 |    00000E96  A$lcc1348 |    00000E97  A$lcc1348
     00000E98  A$lcc1348 |    00000E99  A$lcc1348 |    00000E9B  A$lcc1348
     00000E9D  A$lcc1348 |    00000E9F  A$lcc1348 |    00000EA1  A$lcc1348
     00000EA3  A$lcc1348 |    00000EA5  A$lcc1348 |    00000EA5  C$main.c$
     00000EA7  A$lcc1348 |    00000EA8  A$lcc1348 |    00000EAA  A$lcc1348
     00000EAB  A$lcc1348 |    00000EAD  A$lcc1348 |    00000EAE  A$lcc1348
     00000EB0  A$lcc1348 |    00000EB1  A$lcc1348 |    00000EB3  A$lcc1348
     00000EB5  A$lcc1348 |    00000EB7  A$lcc1348 |    00000EB8  A$lcc1348
     00000EBA  A$lcc1348 |    00000EBB  A$lcc1348 |    00000EBD  A$lcc1348
     00000EBE  A$lcc1348 |    00000EBF  A$lcc1348 |    00000EC0  A$lcc1348
     00000EC1  A$lcc1348 |    00000EC2  A$lcc1348 |    00000EC3  A$lcc1348
     00000EC3  C$main.c$ |    00000EC5  A$lcc1348 |    00000EC6  A$lcc1348
     00000EC7  A$lcc1348 |    00000EC8  A$lcc1348 |    00000EC9  A$lcc1348
     00000ECA  A$lcc1348 |    00000ECB  A$lcc1348 |    00000ECB  C$main.c$
     00000ECE  A$lcc1348 |    00000ECF  A$lcc1348 |    00000ED0  A$lcc1348
     00000ED2  A$lcc1348 |    00000ED3  A$lcc1348 |    00000ED6  A$lcc1348
     00000ED7  A$lcc1348 |    00000ED8  A$lcc1348 |    00000ED9  A$lcc1348
     00000EDB  A$lcc1348 |    00000EDC  A$lcc1348 |    00000EDD  A$lcc1348
     00000EDF  A$lcc1348 |    00000EE0  A$lcc1348 |    00000EE1  A$lcc1348
     00000EE3  A$lcc1348 |    00000EE3  C$main.c$ |    00000EE6  A$lcc1348
     00000EE7  A$lcc1348 |    00000EE8  A$lcc1348 |    00000EEA  A$lcc1348
     00000EEA  C$main.c$ |    00000EEB  A$lcc1348 |    00000EEC  A$lcc1348
     00000EEC  C$main.c$ |    00000EEF  A$lcc1348 |    00000EF0  A$lcc1348
     00000EF2  A$lcc1348 |    00000EF2  C$main.c$ |    00000EF5  A$lcc1348
     00000EF5  C$main.c$ |    00000EF8  A$lcc1348 |    00000EF9  A$lcc1348
     00000EFC  A$lcc1348 |    00000EFD  A$lcc1348 |    00000F00  A$lcc1348
     00000F01  A$lcc1348 |    00000F04  A$lcc1348 |    00000F06  A$lcc1348
     00000F06  C$main.c$ |    00000F09  A$lcc1348 |    00000F0B  A$lcc1348
     00000F0E  A$lcc1348 |    00000F0F  A$lcc1348 |    00000F10  A$lcc1348
     00000F11  A$lcc1348 |    00000F14  A$lcc1348 |    00000F15  A$lcc1348
     00000F16  A$lcc1348 |    00000F17  A$lcc1348 |    00000F18  A$lcc1348
     00000F19  A$lcc1348 |    00000F1A  A$lcc1348 |    00000F1D  A$lcc1348
     00000F1E  A$lcc1348 |    00000F1E  C$main.c$ |    00000F21  A$lcc1348
     00000F21  C$main.c$ |    00000F24  A$lcc1348 |    00000F27  A$lcc1348
     00000F27  C$main.c$ |    00000F29  A$lcc1348 |    00000F2A  A$lcc1348
     00000F2C  A$lcc1348 |    00000F2E  A$lcc1348 |    00000F2F  A$lcc1348
ASxxxx Linker V03.00 + NoICE + sdld,  page 19.
Hexadecimal  [32-Bits]

Area                       Addr        Size        Decimal Bytes (Attributes)
--------------------       ----        ----        ------- ----- ------------
_CODE                  00000200    00002836 =       10294. bytes (REL,CON)

        Value  Global            Value  Global            Value  Global    
        -----  ------            -----  ------            -----  ------    
     00000F31  A$lcc1348 |    00000F33  A$lcc1348 |    00000F33  C$main.c$
     00000F36  A$lcc1348 |    00000F37  A$lcc1348 |    00000F38  A$lcc1348
     00000F3A  A$lcc1348 |    00000F3A  C$main.c$ |    00000F3B  A$lcc1348
     00000F3C  A$lcc1348 |    00000F3C  C$main.c$ |    00000F3F  A$lcc1348
     00000F40  A$lcc1348 |    00000F42  A$lcc1348 |    00000F42  C$main.c$
     00000F45  A$lcc1348 |    00000F45  C$main.c$ |    00000F48  A$lcc1348
     00000F49  A$lcc1348 |    00000F4C  A$lcc1348 |    00000F4D  A$lcc1348
     00000F50  A$lcc1348 |    00000F51  A$lcc1348 |    00000F54  A$lcc1348
     00000F56  A$lcc1348 |    00000F56  C$main.c$ |    00000F59  A$lcc1348
     00000F5B  A$lcc1348 |    00000F5E  A$lcc1348 |    00000F5F  A$lcc1348
     00000F60  A$lcc1348 |    00000F61  A$lcc1348 |    00000F64  A$lcc1348
     00000F65  A$lcc1348 |    00000F66  A$lcc1348 |    00000F67  A$lcc1348
     00000F68  A$lcc1348 |    00000F69  A$lcc1348 |    00000F6A  A$lcc1348
     00000F6D  A$lcc1348 |    00000F6E  A$lcc1348 |    00000F6E  C$main.c$
     00000F71  A$lcc1348 |    00000F71  C$main.c$ |    00000F74  A$lcc1348
     00000F77  A$lcc1348 |    00000F77  C$main.c$ |    00000F79  A$lcc1348
     00000F7A  A$lcc1348 |    00000F7C  A$lcc1348 |    00000F7E  A$lcc1348
     00000F7F  A$lcc1348 |    00000F81  A$lcc1348 |    00000F83  A$lcc1348
     00000F83  C$main.c$ |    00000F86  A$lcc1348 |    00000F87  A$lcc1348
     00000F88  A$lcc1348 |    00000F8A  A$lcc1348 |    00000F8A  C$main.c$
     00000F8B  A$lcc1348 |    00000F8C  A$lcc1348 |    00000F8C  C$main.c$
     00000F8F  A$lcc1348 |    00000F90  A$lcc1348 |    00000F92  A$lcc1348
     00000F92  C$main.c$ |    00000F95  A$lcc1348 |    00000F95  C$main.c$
     00000F98  A$lcc1348 |    00000F99  A$lcc1348 |    00000F9C  A$lcc1348
     00000F9D  A$lcc1348 |    00000FA0  A$lcc1348 |    00000FA1  A$lcc1348
     00000FA4  A$lcc1348 |    00000FA6  A$lcc1348 |    00000FA6  C$main.c$
     00000FA9  A$lcc1348 |    00000FAB  A$lcc1348 |    00000FAE  A$lcc1348
     00000FAF  A$lcc1348 |    00000FB0  A$lcc1348 |    00000FB1  A$lcc1348
     00000FB4  A$lcc1348 |    00000FB5  A$lcc1348 |    00000FB6  A$lcc1348
     00000FB7  A$lcc1348 |    00000FB8  A$lcc1348 |    00000FB9  A$lcc1348
     00000FBA  A$lcc1348 |    00000FBD  A$lcc1348 |    00000FBE  A$lcc1348
     00000FBE  C$main.c$ |    00000FC1  A$lcc1348 |    00000FC1  C$main.c$
     00000FC4  A$lcc1348 |    00000FC7  A$lcc1348 |    00000FC7  C$main.c$
     00000FC9  A$lcc1348 |    00000FCA  A$lcc1348 |    00000FCC  A$lcc1348
     00000FCE  A$lcc1348 |    00000FCF  A$lcc1348 |    00000FD1  A$lcc1348
     00000FD3  A$lcc1348 |    00000FD3  C$main.c$ |    00000FD6  A$lcc1348
     00000FD7  A$lcc1348 |    00000FD8  A$lcc1348 |    00000FDA  A$lcc1348
     00000FDA  C$main.c$ |    00000FDB  A$lcc1348 |    00000FDC  A$lcc1348
     00000FDC  C$main.c$ |    00000FDF  A$lcc1348 |    00000FE0  A$lcc1348
     00000FE2  A$lcc1348 |    00000FE2  C$main.c$ |    00000FE5  A$lcc1348
     00000FE5  C$main.c$ |    00000FE8  A$lcc1348 |    00000FE9  A$lcc1348
     00000FEC  A$lcc1348 |    00000FED  A$lcc1348 |    00000FF0  A$lcc1348
     00000FF1  A$lcc1348 |    00000FF4  A$lcc1348 |    00000FF6  A$lcc1348
     00000FF6  C$main.c$ |    00000FF9  A$lcc1348 |    00000FFB  A$lcc1348
     00000FFE  A$lcc1348 |    00000FFF  A$lcc1348 |    00001000  A$lcc1348
     00001001  A$lcc1348 |    00001004  A$lcc1348 |    00001005  A$lcc1348
     00001006  A$lcc1348 |    00001007  A$lcc1348 |    00001008  A$lcc1348
     00001009  A$lcc1348 |    0000100A  A$lcc1348 |    0000100D  A$lcc1348
     0000100E  A$lcc1348 |    0000100E  C$main.c$ |    00001010  A$lcc1348
     00001010  C$main.c$ |    00001013  A$lcc1348 |    00001015  A$lcc1348
     00001015  C$main.c$ |    00001017  A$lcc1348 |    00001018  A$lcc1348
ASxxxx Linker V03.00 + NoICE + sdld,  page 20.
Hexadecimal  [32-Bits]

Area                       Addr        Size        Decimal Bytes (Attributes)
--------------------       ----        ----        ------- ----- ------------
_CODE                  00000200    00002836 =       10294. bytes (REL,CON)

        Value  Global            Value  Global            Value  Global    
        -----  ------            -----  ------            -----  ------    
     0000101A  A$lcc1348 |    0000101C  A$lcc1348 |    0000101D  A$lcc1348
     0000101F  A$lcc1348 |    00001021  A$lcc1348 |    00001021  C$main.c$
     00001024  A$lcc1348 |    00001025  A$lcc1348 |    00001026  A$lcc1348
     00001028  A$lcc1348 |    00001028  C$main.c$ |    00001029  A$lcc1348
     0000102A  A$lcc1348 |    0000102A  C$main.c$ |    0000102D  A$lcc1348
     0000102E  A$lcc1348 |    00001030  A$lcc1348 |    00001030  C$main.c$
     00001033  A$lcc1348 |    00001033  C$main.c$ |    00001036  A$lcc1348
     00001037  A$lcc1348 |    0000103A  A$lcc1348 |    0000103B  A$lcc1348
     0000103E  A$lcc1348 |    0000103F  A$lcc1348 |    00001042  A$lcc1348
     00001044  A$lcc1348 |    00001044  C$main.c$ |    00001047  A$lcc1348
     00001049  A$lcc1348 |    0000104C  A$lcc1348 |    0000104D  A$lcc1348
     0000104E  A$lcc1348 |    0000104F  A$lcc1348 |    00001052  A$lcc1348
     00001053  A$lcc1348 |    00001054  A$lcc1348 |    00001055  A$lcc1348
     00001056  A$lcc1348 |    00001057  A$lcc1348 |    00001058  A$lcc1348
     0000105B  A$lcc1348 |    0000105C  A$lcc1348 |    0000105C  C$main.c$
     0000105E  A$lcc1348 |    0000105E  C$main.c$ |    00001061  A$lcc1348
     00001063  A$lcc1348 |    00001063  C$main.c$ |    00001066  A$lcc1348
     00001068  A$lcc1348 |    00001068  C$main.c$ |    00001068  XG$win_ch
     00001069  A$lcc1348 |    00001069  C$main.c$ |    00001069  G$collide
     00001069  _collide_ |    0000106B  A$lcc1348 |    0000106D  A$lcc1348
     0000106E  A$lcc1348 |    0000106F  A$lcc1348 |    0000106F  C$main.c$
     00001072  A$lcc1348 |    00001073  A$lcc1348 |    00001074  A$lcc1348
     00001076  A$lcc1348 |    00001077  A$lcc1348 |    00001078  A$lcc1348
     00001079  A$lcc1348 |    0000107A  A$lcc1348 |    0000107C  A$lcc1348
     0000107E  A$lcc1348 |    0000107E  C$main.c$ |    00001080  A$lcc1348
[...]
--------------------       ----        ----        ------- ----- ------------
_HEADER3               00000000    00000008 =           8. bytes (ABS,CON)

        Value  Global            Value  Global            Value  Global    
        -----  ------            -----  ------            -----  ------    
ASxxxx Linker V03.00 + NoICE + sdld,  page 35.
Hexadecimal  [32-Bits]

Area                       Addr        Size        Decimal Bytes (Attributes)
--------------------       ----        ----        ------- ----- ------------
_HEADER4               00000000    0000004C =          76. bytes (ABS,CON)

        Value  Global            Value  Global            Value  Global    
        -----  ------            -----  ------            -----  ------    
     00000080  .int      |    0000008F  _wait_int |    0000009C  __standar
     000000AC  _refresh_
ASxxxx Linker V03.00 + NoICE + sdld,  page 36.
Hexadecimal  [32-Bits]

Area                       Addr        Size        Decimal Bytes (Attributes)
--------------------       ----        ----        ------- ----- ------------
_HEADER5               00000000    00000002 =           2. bytes (ABS,CON)

        Value  Global            Value  Global            Value  Global    
        -----  ------            -----  ------            -----  ------    
ASxxxx Linker V03.00 + NoICE + sdld,  page 37.
Hexadecimal  [32-Bits]

Area                       Addr        Size        Decimal Bytes (Attributes)
--------------------       ----        ----        ------- ----- ------------
_HEADER6               00000000    00000030 =          48. bytes (ABS,CON)

        Value  Global            Value  Global            Value  Global    
        -----  ------            -----  ------            -----  ------    
ASxxxx Linker V03.00 + NoICE + sdld,  page 38.
Hexadecimal  [32-Bits]

Area                       Addr        Size        Decimal Bytes (Attributes)
--------------------       ----        ----        ------- ----- ------------
_HEADER7               00000000    00000006 =           6. bytes (ABS,CON)

        Value  Global            Value  Global            Value  Global    
        -----  ------            -----  ------            -----  ------    
ASxxxx Linker V03.00 + NoICE + sdld,  page 39.
Hexadecimal  [32-Bits]

Area                       Addr        Size        Decimal Bytes (Attributes)
--------------------       ----        ----        ------- ----- ------------
_HEADER8               00000000    00000003 =           3. bytes (ABS,CON)

        Value  Global            Value  Global            Value  Global    
        -----  ------            -----  ------            -----  ------    
ASxxxx Linker V03.00 + NoICE + sdld,  page 40.
Hexadecimal  [32-Bits]

Area                       Addr        Size        Decimal Bytes (Attributes)
--------------------       ----        ----        ------- ----- ------------
_HEADER9               00000000    00000001 =           1. bytes (ABS,CON)

        Value  Global            Value  Global            Value  Global    
        -----  ------            -----  ------            -----  ------    
ASxxxx Linker V03.00 + NoICE + sdld,  page 41.
Hexadecimal  [32-Bits]

Area                       Addr        Size        Decimal Bytes (Attributes)
--------------------       ----        ----        ------- ----- ------------
_HEADERa               00000000    00000001 =           1. bytes (ABS,CON)

        Value  Global            Value  Global            Value  Global    
        -----  ------            -----  ------            -----  ------    
ASxxxx Linker V03.00 + NoICE + sdld,  page 42.
Hexadecimal  [32-Bits]

Area                       Addr        Size        Decimal Bytes (Attributes)
--------------------       ----        ----        ------- ----- ------------
_HEADERb               00000000    00000001 =           1. bytes (ABS,CON)

        Value  Global            Value  Global            Value  Global    
        -----  ------            -----  ------            -----  ------    
ASxxxx Linker V03.00 + NoICE + sdld,  page 43.
Hexadecimal  [32-Bits]

Area                       Addr        Size        Decimal Bytes (Attributes)
--------------------       ----        ----        ------- ----- ------------
_HEADERc               00000000    00000002 =           2. bytes (ABS,CON)

        Value  Global            Value  Global            Value  Global    
        -----  ------            -----  ------            -----  ------    
ASxxxx Linker V03.00 + NoICE + sdld,  page 44.
Hexadecimal  [32-Bits]

Area                       Addr        Size        Decimal Bytes (Attributes)
--------------------       ----        ----        ------- ----- ------------
_HEADERd               00000000    00000001 =           1. bytes (ABS,CON)

        Value  Global            Value  Global            Value  Global    
        -----  ------            -----  ------            -----  ------    
ASxxxx Linker V03.00 + NoICE + sdld,  page 45.
Hexadecimal  [32-Bits]

Area                       Addr        Size        Decimal Bytes (Attributes)
--------------------       ----        ----        ------- ----- ------------
_HEADERe               00000000    00000001 =           1. bytes (ABS,CON)

        Value  Global            Value  Global            Value  Global    
        -----  ------            -----  ------            -----  ------    
ASxxxx Linker V03.00 + NoICE + sdld,  page 46.
Hexadecimal  [32-Bits]

Area                       Addr        Size        Decimal Bytes (Attributes)
--------------------       ----        ----        ------- ----- ------------
_HEADERf               00000000    00000002 =           2. bytes (ABS,CON)

        Value  Global            Value  Global            Value  Global    
        -----  ------            -----  ------            -----  ------    
ASxxxx Linker V03.00 + NoICE + sdld,  page 47.
Hexadecimal  [32-Bits]

Area                       Addr        Size        Decimal Bytes (Attributes)
--------------------       ----        ----        ------- ----- ------------
_HEADER10              00000000    00000084 =         132. bytes (ABS,CON)

        Value  Global            Value  Global            Value  Global    
        -----  ------            -----  ------            -----  ------    
     00000150  .reset    |    00000150  _reset    |    00000157  .code_sta
     000001B9  _exit     |    000001BD  _set_inte
ASxxxx Linker V03.00 + NoICE + sdld,  page 48.
Hexadecimal  [32-Bits]

Area                       Addr        Size        Decimal Bytes (Attributes)
--------------------       ----        ----        ------- ----- ------------
_HEADER11              00000000    00000001 =           1. bytes (ABS,CON)

        Value  Global            Value  Global            Value  Global    
        -----  ------            -----  ------            -----  ------    
ASxxxx Linker V03.00 + NoICE + sdld,  page 49.
Hexadecimal  [32-Bits]

Area                       Addr        Size        Decimal Bytes (Attributes)
--------------------       ----        ----        ------- ----- ------------
_HOME                  00002A36    000002AB =         683. bytes (REL,CON)

        Value  Global            Value  Global            Value  Global    
        -----  ------            -----  ------            -----  ------    
     00002A36  .memset_s |    00002A3F  .memcpy_s |    00002A5C  .remove_V
     00002A5F  .remove_i |    00002A7C  .add_VBL  |    00002A7F  .add_int 
     00002A8A  .wait_vbl |    00002A8A  _wait_vbl |    00002A9A  .display_
     00002A9A  _display_ |    00002AB2  _remove_V |    00002ABD  _add_VBL 
     00002AC8  _rand     |    00002AC8  _randw    |    00002AF3  _initrand
     00002AF5  .initrand |    00002AFE  _set_tile |    00002B03  _set_bkg_
     00002B03  _set_win_ |    00002B0B  _set_spri |    00002B3B  .padup   
     00002B3B  _waitpadu |    00002B4B  .jpad     |    00002B4B  _joypad  
     00002B73  _waitpad  |    00002B74  .wait_pad |    00002B7B  ___sdcc_c
     00002BAB  _add_LCD  |    00002BB6  .add_LCD  |    00002BBC  _remove_L
     00002BC7  .remove_L |    00002BCD  _set_bkg_ |    00002BE1  _uitoa   
     00002BF0  _itoa     |    00002BFF  .itoa     |    00002C13  .utoa    
     00002C87  .set_xy_w |    00002C90  .set_xy_b |    00002C9F  .set_xy_t
ASxxxx Linker V03.00 + NoICE + sdld,  page 50.
Hexadecimal  [32-Bits]

Area                       Addr        Size        Decimal Bytes (Attributes)
--------------------       ----        ----        ------- ----- ------------
_CODE_0                00002CE1    00000440 =        1088. bytes (REL,CON)

        Value  Global            Value  Global            Value  Global    
        -----  ------            -----  ------            -----  ------    
     00002CE1  G$FONT$0_ |    00002CE1  _FONT    
ASxxxx Linker V03.00 + NoICE + sdld,  page 51.
Hexadecimal  [32-Bits]

Area                       Addr        Size        Decimal Bytes (Attributes)
--------------------       ----        ----        ------- ----- ------------
_INITIALIZER           00003121    00000056 =          86. bytes (REL,CON)

        Value  Global            Value  Global            Value  Global    
        -----  ------            -----  ------            -----  ------    
     00003121  Fmain$__x |    00003145  Fmain$__x |    00003148  Fmain$__x
     0000314C  Fmain$__x |    00003150  Fmain$__x |    00003157  Fmain$__x
     0000315C  Fmain$__x |    0000315D  Fmain$__x |    00003162  Fmain$__x
     00003167  Fmain$__x |    0000316E  Fmain$__x |    00003174  Fmain$__x
ASxxxx Linker V03.00 + NoICE + sdld,  page 52.
Hexadecimal  [32-Bits]

Area                       Addr        Size        Decimal Bytes (Attributes)
--------------------       ----        ----        ------- ----- ------------
_GSINIT                00003177    0000000C =          12. bytes (REL,CON)

        Value  Global            Value  Global            Value  Global    
        -----  ------            -----  ------            -----  ------    
     00003177  gsinit   
ASxxxx Linker V03.00 + NoICE + sdld,  page 53.
Hexadecimal  [32-Bits]

Area                       Addr        Size        Decimal Bytes (Attributes)
--------------------       ----        ----        ------- ----- ------------
_GSFINAL               00003183    00000001 =           1. bytes (REL,CON)

        Value  Global            Value  Global            Value  Global    
        -----  ------            -----  ------            -----  ------    
ASxxxx Linker V03.00 + NoICE + sdld,  page 54.
Hexadecimal  [32-Bits]

Area                       Addr        Size        Decimal Bytes (Attributes)
--------------------       ----        ----        ------- ----- ------------
_DATA                  0000C0A0    00000086 =         134. bytes (REL,CON)

        Value  Global            Value  Global            Value  Global    
        -----  ------            -----  ------            -----  ------    
     0000C0A0  __cpu     |    0000C0A1  __is_GBA  |    0000C0A2  .mode    
     0000C0A3  .sys_time |    0000C0A3  _sys_time |    0000C0A5  .int_0x40
     0000C0B1  G$scroll$ |    0000C0B1  _scroll   |    0000C0BB  G$PLAYER$
     0000C0BB  _PLAYER   |    0000C0C3  G$LOG_FRO |    0000C0C3  _LOG_FROG
     0000C0CB  G$FLY$0_0 |    0000C0CB  _FLY      |    0000C0D3  G$joy$0_0
     0000C0D3  _joy      |    0000C0D4  G$last_jo |    0000C0D4  _last_joy
     0000C0D5  G$is_movi |    0000C0D5  _is_movin |    0000C0D6  G$is_anim
     0000C0D6  _is_anima |    0000C0D7  G$is_dyin |    0000C0D7  _is_dying
     0000C0D8  G$turtles |    0000C0D8  _turtles_ |    0000C0D9  G$move_x$
     0000C0D9  _move_x   |    0000C0DA  G$move_y$ |    0000C0DA  _move_y  
     0000C0DB  G$scx_cou |    0000C0DB  _scx_coun |    0000C0DC  G$turtle_
     0000C0DC  _turtle_c |    0000C0DD  G$dive_co |    0000C0DD  _dive_cou
     0000C0DE  G$timer$0 |    0000C0DE  _timer    |    0000C0E0  G$fly_tim
     0000C0E0  _fly_time |    0000C0E2  G$fly_res |    0000C0E2  _fly_resp
     0000C0E4  G$timer_t |    0000C0E4  _timer_ti |    0000C0E5  G$pause_t
     0000C0E5  _pause_ti |    0000C0E6  G$flash$0 |    0000C0E6  _flash   
     0000C0E7  G$GAMESTA |    0000C0E7  _GAMESTAT |    0000C0E8  G$TIMERST
     0000C0E8  _TIMERSTA |    0000C0E9  G$turtle_ |    0000C0E9  _turtle_t
     0000C0EA  G$dive_ti |    0000C0EA  _dive_til |    0000C0EB  G$cave$0_
     0000C0EB  _cave     |    0000C0F0  G$y_min$0 |    0000C0F0  _y_min   
     0000C0F1  G$vram_ad |    0000C0F1  _vram_add |    0000C0F3  G$score$0
     0000C0F3  _score    |    0000C0F5  G$score_b |    0000C0F5  _score_bu
     0000C0FA  G$current |    0000C0FA  _current_ |    0000C0FB  G$level_b
     0000C0FB  _level_bu |    0000C113  G$animati |    0000C113  _animatio
     0000C114  G$death_a |    0000C114  _death_an |    0000C115  G$seed$0_
     0000C115  _seed     |    0000C117  G$debug_r |    0000C117  _debug_rn
     0000C118  G$debug_f |    0000C118  _debug_fl |    0000C119  ___rand_s
     0000C11B  ___curren |    0000C11D  ___curren |    0000C11E  .int_0x48
ASxxxx Linker V03.00 + NoICE + sdld,  page 55.
Hexadecimal  [32-Bits]

Area                       Addr        Size        Decimal Bytes (Attributes)
--------------------       ----        ----        ------- ----- ------------
_INITIALIZED           0000C126    00000056 =          86. bytes (REL,CON)

        Value  Global            Value  Global            Value  Global    
        -----  ------            -----  ------            -----  ------    
     0000C126  G$scroll_ |    0000C126  _scroll_r |    0000C14A  G$turtle_
     0000C14A  _turtle_d |    0000C14D  G$turtle_ |    0000C14D  _turtle_d
     0000C151  G$turtle_ |    0000C151  _turtle_t |    0000C155  G$dive_ti
     0000C155  _dive_til |    0000C15C  G$cave_fl |    0000C15C  _cave_fly
     0000C161  G$lives$0 |    0000C161  _lives    |    0000C162  G$PLAYER1
     0000C162  _PLAYER1U |    0000C167  G$PLAYER2 |    0000C167  _PLAYER2U
     0000C16C  G$level_t |    0000C16C  _level_te |    0000C173  G$pause_t
     0000C173  _pause_te |    0000C179  G$death_a |    0000C179  _death_an
     0000C17A  ___render |    0000C17B  __map_til
ASxxxx Linker V03.00 + NoICE + sdld,  page 56.
Hexadecimal  [32-Bits]

Area                       Addr        Size        Decimal Bytes (Attributes)
--------------------       ----        ----        ------- ----- ------------
_HRAM12                00000000    00000003 =           3. bytes (ABS,CON)

        Value  Global            Value  Global            Value  Global    
        -----  ------            -----  ------            -----  ------    
     0000FF90  __current |    0000FF92  __shadow_
ASxxxx Linker V03.00 + NoICE + sdld,  page 57.
Hexadecimal  [32-Bits]

Area                       Addr        Size        Decimal Bytes (Attributes)
--------------------       ----        ----        ------- ----- ------------
_CODE_1                00014000    00000426 =        1062. bytes (REL,CON)

        Value  Global            Value  Global            Value  Global    
        -----  ------            -----  ------            -----  ------    
     00014000  C$fly.c$9 |    00014000  G$__func_ |    00014000  G$fly_pal
     00014000  ___func_f |    00014000  _fly_pale |    00014008  G$fly_til
     00014008  _fly_tile |    00014048  G$fly_met |    00014048  _fly_meta
     00014054  G$fly_met |    00014054  _fly_meta |    00014056  C$frogger
     00014056  G$__func_ |    00014056  G$frogger |    00014056  ___func_f
     00014056  _frogger_ |    00014060  G$frogger |    00014060  _frogger_
     000142A0  G$frogger |    000142A0  _frogger_ |    000142AC  G$frogger
     000142AC  _frogger_ |    000142B8  G$frogger |    000142B8  _frogger_
     000142C4  G$frogger |    000142C4  _frogger_ |    000142D0  G$frogger
     000142D0  _frogger_ |    000142DC  G$frogger |    000142DC  _frogger_
     000142E8  G$frogger |    000142E8  _frogger_ |    000142F4  G$frogger
     000142F4  _frogger_ |    00014300  G$frogger |    00014300  _frogger_
     0001430C  G$frogger |    0001430C  _frogger_ |    0001431E  G$frogger
     0001431E  _frogger_ |    00014332  G$frogger |    00014332  _frogger_
     00014346  G$frogger |    00014346  _frogger_ |    00014378  C$frogger
     00014378  G$__func_ |    00014378  G$frogger |    00014378  ___func_f
     00014378  _frogger_ |    00014380  G$frogger |    00014380  _frogger_
     000143C0  G$frogger |    000143C0  _frogger_ |    000143CC  G$frogger
     000143CC  _frogger_ |    000143CE  C$log_fro |    000143CE  G$__func_
     000143CE  G$log_fro |    000143CE  ___func_l |    000143CE  _log_frog
     000143D8  G$log_fro |    000143D8  _log_frog |    00014418  G$log_fro
     00014418  _log_frog |    00014424  G$log_fro |    00014424  _log_frog
ASxxxx Linker V03.00 + NoICE + sdld,  page 58.
Hexadecimal  [32-Bits]

Area                       Addr        Size        Decimal Bytes (Attributes)
--------------------       ----        ----        ------- ----- ------------
_HEADER_LCD0           00000000    00000003 =           3. bytes (ABS,CON)

        Value  Global            Value  Global            Value  Global    
        -----  ------            -----  ------            -----  ------    
ASxxxx Linker V03.00 + NoICE + sdld,  page 59.

Files Linked                              [ module(s) ]

C:\c_code\gbdk\lib/gb/crt0.o              [ Runtime ]
C:\Users\EMART~1\AppData\Local\Temp/lcc134840.rel
                                          [ main ]
C:\Users\EMART~1\AppData\Local\Temp/lcc134841.rel
                                          [ bkg_map ]
C:\Users\EMART~1\AppData\Local\Temp/lcc134842.rel
                                          [ bkg_tiles ]
C:\Users\EMART~1\AppData\Local\Temp/lcc134843.rel
                                          [ collision_map ]
C:\Users\EMART~1\AppData\Local\Temp/lcc134844.rel
                                          [ fly ]
C:\Users\EMART~1\AppData\Local\Temp/lcc134845.rel
                                          [ font ]
C:\Users\EMART~1\AppData\Local\Temp/lcc134846.rel
                                          [ frog_lives ]
C:\Users\EMART~1\AppData\Local\Temp/lcc134847.rel
                                          [ frogger ]
C:\Users\EMART~1\AppData\Local\Temp/lcc134848.rel
                                          [ frogger_16 ]
C:\Users\EMART~1\AppData\Local\Temp/lcc134849.rel
                                          [ log_frog ]
C:\Users\EMART~1\AppData\Local\Temp/lcc1348410.rel
                                          [ reset_timer ]
C:\Users\EMART~1\AppData\Local\Temp/lcc1348411.rel
                                          [ win_frog ]


Libraries Linked                          [ object file ]

C:\c_code\gbdk\lib/sm83/sm83.lib          [ rand.o ]
C:\c_code\gbdk\lib/gb/gb.lib              [ sfr.o ]
C:\c_code\gbdk\lib/gb/gb.lib              [ get_tile.o ]
C:\c_code\gbdk\lib/gb/gb.lib              [ set_tile.o ]
C:\c_code\gbdk\lib/gb/gb.lib              [ metasprites_hide.o ]
C:\c_code\gbdk\lib/gb/gb.lib              [ set_data.o ]
C:\c_code\gbdk\lib/gb/gb.lib              [ metasprites_flip.o ]
C:\c_code\gbdk\lib/sm83/sm83.lib          [ sprintf.o ]
C:\c_code\gbdk\lib/gb/gb.lib              [ pad.o ]
C:\c_code\gbdk\lib/gb/gb.lib              [ metasprites.o ]
C:\c_code\gbdk\lib/sm83/sm83.lib          [ __sdcc_call_hl.o ]
C:\c_code\gbdk\lib/gb/gb.lib              [ lcd.o ]
C:\c_code\gbdk\lib/gb/gb.lib              [ get_addr.o ]
C:\c_code\gbdk\lib/sm83/sm83.lib          [ div.o ]
C:\c_code\gbdk\lib/gb/gb.lib              [ set_bk_t.o ]
C:\c_code\gbdk\lib/sm83/sm83.lib          [ itoa.o ]
C:\c_code\gbdk\lib/gb/gb.lib              [ set_xy_t.o ]

ASxxxx Linker V03.00 + NoICE + sdld,  page 60.

User Base Address Definitions

_DATA=0xC0A0
_CODE=0x0200
ASxxxx Linker V03.00 + NoICE + sdld,  page 61.

User Global Definitions

_shadow_OAM=0xC000
.STACK=0xE000
.refresh_OAM=0xFF80

