ASxxxx Linker V03.00 + NoICE + sdld,  page 1.
Hexadecimal  [32-Bits]

Area                       Addr        Size        Decimal Bytes (Attributes)
--------------------       ----        ----        ------- ----- ------------
.  .ABS.               00000000    00000000 =           0. bytes (ABS,CON)

        Value  Global            Value  Global            Value  Global    
        -----  ------            -----  ------            -----  ------    
     00000000  .__.ABS.  |    00000000  _rRAMG    |    00000000  l__BASE  
     00000000  l__BSS    |    00000000  l__CABS   |    00000000  l__DABS  
     00000000  l__HEADER |    00000000  l__HEADER |    00000000  l__HEAP  
     00000000  l__HRAM   |    00000000  l__LIT    |    00000000  s__CABS  
     00000000  s__DABS   |    00000000  s__HEADER |    00000000  s__HEADER
     00000000  s__HEADER |    00000000  s__HEADER |    00000000  s__HEADER
     00000000  s__HEADER |    00000000  s__HEADER |    00000000  s__HEADER
     00000000  s__HEADER |    00000000  s__HEADER |    00000000  s__HEADER
     00000000  s__HEADER |    00000000  s__HEADER |    00000000  s__HEADER
     00000000  s__HEADER |    00000000  s__HEADER |    00000000  s__HEADER
     00000000  s__HEADER |    00000000  s__HEADER |    00000000  s__HEADER
     00000000  s__HEADER |    00000000  s__HRAM   |    00000000  s__HRAM12
     00000001  ___bank_f |    00000001  ___bank_f |    00000001  ___bank_t
     00000001  l__GSFINA |    00000001  l__HEADER |    00000001  l__HEADER
     00000001  l__HEADER |    00000001  l__HEADER |    00000001  l__HEADER
     00000001  l__HEADER |    00000001  l__HEADER |    00000002  l__HEADER
     00000002  l__HEADER |    00000002  l__HEADER |    00000003  l__HEADER
     00000003  l__HEADER |    00000003  l__HRAM12 |    00000005  l__HEADER
     00000006  l__HEADER |    00000007  l__HEADER |    00000008  l__HEADER
     0000000C  l__GSINIT |    00000030  l__HEADER |    0000004B  l__INITIA
     0000004B  l__INITIA |    0000004E  l__HEADER |    00000073  l__DATA  
     00000082  l__HEADER |    00000200  s__CODE   |    0000039E  l__HOME  
     000003D0  l__CODE_1 |    00000440  l__CODE_0 |    00002000  _rROMB0  
     0000217C  l__CODE   |    0000237C  s__HOME   |    0000271A  s__BASE  
     0000271A  s__CODE_0 |    00002B5A  s__INITIA |    00002B5A  s__LIT   
     00002BA5  s__GSINIT |    00002BB1  s__GSFINA |    00003000  _rROMB1  
     00004000  _rRAMB    |    00008000  __VRAM    |    00008000  __VRAM800
     00008800  __VRAM880 |    00009000  __VRAM900 |    00009800  __SCRN0  
     00009C00  __SCRN1   |    0000A000  __SRAM    |    0000C000  __RAM    
     0000C000  _shadow_O |    0000C0A0  s__DATA   |    0000C113  s__BSS   
     0000C113  s__INITIA |    0000C15E  s__HEAP   |    0000D000  __RAMBANK
     0000E000  .STACK    |    0000FE00  __OAMRAM  |    0000FF00  _P1_REG  
     0000FF00  __IO      |    0000FF01  _SB_REG   |    0000FF02  _SC_REG  
     0000FF04  _DIV_REG  |    0000FF05  _TIMA_REG |    0000FF06  _TMA_REG 
     0000FF07  _TAC_REG  |    0000FF0F  _IF_REG   |    0000FF10  _NR10_REG
     0000FF11  _NR11_REG |    0000FF12  _NR12_REG |    0000FF13  _NR13_REG
     0000FF14  _NR14_REG |    0000FF16  _NR21_REG |    0000FF17  _NR22_REG
     0000FF18  _NR23_REG |    0000FF19  _NR24_REG |    0000FF1A  _NR30_REG
     0000FF1B  _NR31_REG |    0000FF1C  _NR32_REG |    0000FF1D  _NR33_REG
     0000FF1E  _NR34_REG |    0000FF20  _NR41_REG |    0000FF21  _NR42_REG
     0000FF22  _NR43_REG |    0000FF23  _NR44_REG |    0000FF24  _NR50_REG
     0000FF25  _NR51_REG |    0000FF26  _NR52_REG |    0000FF30  _AUD3WAVE
     0000FF30  _PCM_SAMP |    0000FF30  __AUD3WAV |    0000FF40  _LCDC_REG
     0000FF41  _STAT_REG |    0000FF42  _SCY_REG  |    0000FF43  _SCX_REG 
     0000FF44  _LY_REG   |    0000FF45  _LYC_REG  |    0000FF46  _DMA_REG 
     0000FF47  _BGP_REG  |    0000FF48  _OBP0_REG |    0000FF49  _OBP1_REG
     0000FF4A  _WY_REG   |    0000FF4B  _WX_REG   |    0000FF4D  _KEY1_REG
     0000FF4F  _VBK_REG  |    0000FF51  _HDMA1_RE |    0000FF52  _HDMA2_RE
     0000FF53  _HDMA3_RE |    0000FF54  _HDMA4_RE |    0000FF55  _HDMA5_RE
     0000FF56  _RP_REG   |    0000FF68  _BCPS_REG |    0000FF69  _BCPD_REG
ASxxxx Linker V03.00 + NoICE + sdld,  page 2.
Hexadecimal  [32-Bits]

Area                       Addr        Size        Decimal Bytes (Attributes)
--------------------       ----        ----        ------- ----- ------------
.  .ABS.               00000000    00000000 =           0. bytes (ABS,CON)

        Value  Global            Value  Global            Value  Global    
        -----  ------            -----  ------            -----  ------    
     0000FF6A  _OCPS_REG |    0000FF6B  _OCPD_REG |    0000FF70  _SVBK_REG
     0000FF76  _PCM12_RE |    0000FF77  _PCM34_RE |    0000FF80  .refresh_
     0000FF80  __HRAM    |    0000FFFF  _IE_REG   |    00014000  s__CODE_1
ASxxxx Linker V03.00 + NoICE + sdld,  page 3.
Hexadecimal  [32-Bits]

Area                       Addr        Size        Decimal Bytes (Attributes)
--------------------       ----        ----        ------- ----- ------------
_CODE                  00000200    0000217C =        8572. bytes (REL,CON)

        Value  Global            Value  Global            Value  Global    
        -----  ------            -----  ------            -----  ------    
     00000200  A$lcc1370 |    00000200  C$main.c$ |    00000200  G$render_
     00000200  _render_a |    00000201  A$lcc1370 |    00000201  C$main.c$
     00000204  A$lcc1370 |    00000205  A$lcc1370 |    00000205  C$main.c$
     00000208  A$lcc1370 |    00000209  A$lcc1370 |    0000020B  A$lcc1370
     0000020C  A$lcc1370 |    0000020D  A$lcc1370 |    0000020E  A$lcc1370
     0000020F  A$lcc1370 |    00000210  A$lcc1370 |    00000212  A$lcc1370
     00000215  A$lcc1370 |    00000216  A$lcc1370 |    00000216  C$main.c$
     00000216  C$main.c$ |    00000217  A$lcc1370 |    00000218  A$lcc1370
     0000021A  A$lcc1370 |    0000021D  A$lcc1370 |    0000021F  A$lcc1370
     00000220  A$lcc1370 |    00000223  A$lcc1370 |    00000225  A$lcc1370
     00000226  A$lcc1370 |    00000229  A$lcc1370 |    0000022A  A$lcc1370
     0000022B  A$lcc1370 |    0000022C  A$lcc1370 |    0000022F  A$lcc1370
     00000230  A$lcc1370 |    00000231  A$lcc1370 |    00000232  A$lcc1370
     00000235  A$lcc1370 |    00000237  A$lcc1370 |    00000239  A$lcc1370
     0000023B  A$lcc1370 |    0000023D  A$lcc1370 |    00000240  A$lcc1370
     00000242  A$lcc1370 |    00000245  A$lcc1370 |    00000246  A$lcc1370
     00000247  A$lcc1370 |    00000248  A$lcc1370 |    00000249  A$lcc1370
     0000024B  A$lcc1370 |    0000024C  A$lcc1370 |    0000024E  A$lcc1370
     0000024F  A$lcc1370 |    00000252  A$lcc1370 |    00000254  A$lcc1370
     00000254  C$main.c$ |    00000256  A$lcc1370 |    00000256  C$main.c$
     00000257  A$lcc1370 |    00000258  A$lcc1370 |    0000025A  A$lcc1370
     0000025D  A$lcc1370 |    0000025E  A$lcc1370 |    00000261  A$lcc1370
     00000262  A$lcc1370 |    00000265  A$lcc1370 |    00000266  A$lcc1370
     00000267  A$lcc1370 |    00000268  A$lcc1370 |    00000269  A$lcc1370
     0000026C  A$lcc1370 |    0000026D  A$lcc1370 |    0000026E  A$lcc1370
     0000026F  A$lcc1370 |    00000272  A$lcc1370 |    00000274  A$lcc1370
     00000275  A$lcc1370 |    00000276  A$lcc1370 |    00000277  A$lcc1370
     00000278  A$lcc1370 |    00000279  A$lcc1370 |    0000027A  A$lcc1370
     0000027B  A$lcc1370 |    0000027C  A$lcc1370 |    0000027F  A$lcc1370
     00000281  A$lcc1370 |    00000281  C$main.c$ |    00000281  C$main.c$
     00000284  A$lcc1370 |    00000286  A$lcc1370 |    00000286  C$main.c$
     00000289  A$lcc1370 |    0000028B  A$lcc1370 |    0000028C  A$lcc1370
     0000028C  C$main.c$ |    0000028C  XG$render |    0000028D  A$lcc1370
     0000028D  C$main.c$ |    0000028D  C$main.c$ |    0000028D  G$update_
     0000028D  _update_l |    00000290  A$lcc1370 |    00000291  A$lcc1370
     00000294  A$lcc1370 |    00000295  A$lcc1370 |    00000298  A$lcc1370
     00000299  A$lcc1370 |    0000029A  A$lcc1370 |    0000029B  A$lcc1370
     0000029B  C$main.c$ |    0000029E  A$lcc1370 |    0000029F  A$lcc1370
     000002A2  A$lcc1370 |    000002A3  A$lcc1370 |    000002A6  A$lcc1370
     000002A7  A$lcc1370 |    000002AA  A$lcc1370 |    000002AC  A$lcc1370
     000002AC  C$main.c$ |    000002AF  A$lcc1370 |    000002B0  A$lcc1370
     000002B1  A$lcc1370 |    000002B3  A$lcc1370 |    000002B3  C$main.c$
     000002B5  A$lcc1370 |    000002B6  A$lcc1370 |    000002B7  A$lcc1370
     000002BA  A$lcc1370 |    000002BB  A$lcc1370 |    000002BC  A$lcc1370
     000002BD  A$lcc1370 |    000002BE  A$lcc1370 |    000002C1  A$lcc1370
     000002C3  A$lcc1370 |    000002C3  C$main.c$ |    000002C6  A$lcc1370
     000002C7  A$lcc1370 |    000002C9  A$lcc1370 |    000002CA  A$lcc1370
     000002CB  A$lcc1370 |    000002CB  C$main.c$ |    000002CC  A$lcc1370
     000002CE  A$lcc1370 |    000002CE  C$main.c$ |    000002D1  A$lcc1370
     000002D2  A$lcc1370 |    000002D5  A$lcc1370 |    000002D6  A$lcc1370
ASxxxx Linker V03.00 + NoICE + sdld,  page 4.
Hexadecimal  [32-Bits]

Area                       Addr        Size        Decimal Bytes (Attributes)
--------------------       ----        ----        ------- ----- ------------
_CODE                  00000200    0000217C =        8572. bytes (REL,CON)

        Value  Global            Value  Global            Value  Global    
        -----  ------            -----  ------            -----  ------    
     000002D9  A$lcc1370 |    000002DA  A$lcc1370 |    000002DB  A$lcc1370
     000002DC  A$lcc1370 |    000002DC  C$main.c$ |    000002DF  A$lcc1370
     000002E1  A$lcc1370 |    000002E2  A$lcc1370 |    000002E3  A$lcc1370
     000002E6  A$lcc1370 |    000002E7  A$lcc1370 |    000002E8  A$lcc1370
     000002E9  A$lcc1370 |    000002EA  A$lcc1370 |    000002ED  A$lcc1370
     000002EF  A$lcc1370 |    000002EF  C$main.c$ |    000002EF  XG$update
     000002F0  Fmain$__s |    000002F3  A$lcc1370 |    000002F3  C$main.c$
     000002F3  C$main.c$ |    000002F3  G$update_ |    000002F3  _update_p
     000002F6  A$lcc1370 |    000002F7  A$lcc1370 |    000002FA  A$lcc1370
     000002FB  A$lcc1370 |    000002FE  A$lcc1370 |    000002FF  A$lcc1370
     00000300  A$lcc1370 |    00000301  A$lcc1370 |    00000301  C$main.c$
     00000304  A$lcc1370 |    00000305  A$lcc1370 |    00000306  A$lcc1370
     00000307  A$lcc1370 |    00000307  C$main.c$ |    00000309  A$lcc1370
     0000030A  A$lcc1370 |    0000030B  A$lcc1370 |    0000030E  A$lcc1370
     0000030F  A$lcc1370 |    00000310  A$lcc1370 |    00000311  A$lcc1370
     00000312  A$lcc1370 |    00000315  A$lcc1370 |    00000317  A$lcc1370
     00000317  C$main.c$ |    0000031A  A$lcc1370 |    0000031B  A$lcc1370
     0000031D  A$lcc1370 |    0000031E  A$lcc1370 |    0000031F  A$lcc1370
     0000031F  C$main.c$ |    00000320  A$lcc1370 |    00000320  C$main.c$
     00000320  XG$update |    00000322  A$lcc1370 |    00000322  C$main.c$
     00000322  C$main.c$ |    00000322  G$update_ |    00000322  _update_s
     00000325  A$lcc1370 |    00000326  A$lcc1370 |    00000328  A$lcc1370
     00000329  A$lcc1370 |    0000032B  A$lcc1370 |    0000032D  A$lcc1370
     0000032E  A$lcc1370 |    0000032F  A$lcc1370 |    00000330  A$lcc1370
     00000332  A$lcc1370 |    00000332  C$main.c$ |    00000335  A$lcc1370
     00000336  A$lcc1370 |    00000339  A$lcc1370 |    0000033A  A$lcc1370
     0000033D  A$lcc1370 |    0000033E  A$lcc1370 |    0000033F  A$lcc1370
     00000340  A$lcc1370 |    00000342  A$lcc1370 |    00000342  C$main.c$
     00000345  A$lcc1370 |    00000346  A$lcc1370 |    00000348  A$lcc1370
     00000349  A$lcc1370 |    0000034B  A$lcc1370 |    0000034D  A$lcc1370
     0000034E  A$lcc1370 |    00000350  A$lcc1370 |    00000352  A$lcc1370
     00000353  A$lcc1370 |    00000355  A$lcc1370 |    00000355  C$main.c$
     00000358  A$lcc1370 |    00000359  A$lcc1370 |    0000035C  A$lcc1370
     0000035D  A$lcc1370 |    00000360  A$lcc1370 |    00000361  A$lcc1370
     00000362  A$lcc1370 |    00000363  A$lcc1370 |    00000365  A$lcc1370
     00000365  C$main.c$ |    00000367  A$lcc1370 |    00000369  A$lcc1370
     0000036C  A$lcc1370 |    0000036D  A$lcc1370 |    0000036F  A$lcc1370
     00000370  A$lcc1370 |    00000372  A$lcc1370 |    00000374  A$lcc1370
     00000374  C$main.c$ |    00000377  A$lcc1370 |    00000378  A$lcc1370
     0000037B  A$lcc1370 |    0000037C  A$lcc1370 |    0000037F  A$lcc1370
     00000380  A$lcc1370 |    00000381  A$lcc1370 |    00000382  A$lcc1370
     00000384  A$lcc1370 |    00000384  C$main.c$ |    00000387  A$lcc1370
     00000389  A$lcc1370 |    0000038A  A$lcc1370 |    0000038B  A$lcc1370
     0000038D  A$lcc1370 |    0000038E  A$lcc1370 |    00000390  A$lcc1370
     00000390  C$main.c$ |    00000393  A$lcc1370 |    00000394  A$lcc1370
     00000397  A$lcc1370 |    00000398  A$lcc1370 |    0000039B  A$lcc1370
     0000039C  A$lcc1370 |    0000039D  A$lcc1370 |    0000039E  A$lcc1370
     0000039E  C$main.c$ |    000003A1  A$lcc1370 |    000003A2  A$lcc1370
     000003A3  A$lcc1370 |    000003A4  A$lcc1370 |    000003A5  A$lcc1370
     000003A8  A$lcc1370 |    000003A9  A$lcc1370 |    000003AC  A$lcc1370
     000003AD  A$lcc1370 |    000003B0  A$lcc1370 |    000003B2  A$lcc1370
ASxxxx Linker V03.00 + NoICE + sdld,  page 5.
Hexadecimal  [32-Bits]

Area                       Addr        Size        Decimal Bytes (Attributes)
--------------------       ----        ----        ------- ----- ------------
_CODE                  00000200    0000217C =        8572. bytes (REL,CON)

        Value  Global            Value  Global            Value  Global    
        -----  ------            -----  ------            -----  ------    
     000003B2  C$main.c$ |    000003B5  A$lcc1370 |    000003B6  A$lcc1370
     000003B7  A$lcc1370 |    000003B8  A$lcc1370 |    000003B8  C$main.c$
     000003BA  A$lcc1370 |    000003BB  A$lcc1370 |    000003BC  A$lcc1370
     000003BF  A$lcc1370 |    000003C0  A$lcc1370 |    000003C1  A$lcc1370
     000003C2  A$lcc1370 |    000003C3  A$lcc1370 |    000003C6  A$lcc1370
     000003C8  A$lcc1370 |    000003C8  C$main.c$ |    000003CB  A$lcc1370
     000003CC  A$lcc1370 |    000003CE  A$lcc1370 |    000003CF  A$lcc1370
     000003D0  A$lcc1370 |    000003D0  C$main.c$ |    000003D1  A$lcc1370
     000003D1  C$main.c$ |    000003D1  XG$update |    000003D3  Fmain$__s
     000003D6  A$lcc1370 |    000003D6  C$main.c$ |    000003D6  C$main.c$
     000003D6  G$update_ |    000003D6  _update_f |    000003D9  A$lcc1370
     000003DA  A$lcc1370 |    000003DC  A$lcc1370 |    000003DD  A$lcc1370
     000003DE  A$lcc1370 |    000003E0  A$lcc1370 |    000003E0  C$main.c$
     000003E3  A$lcc1370 |    000003E4  A$lcc1370 |    000003E5  A$lcc1370
     000003E6  A$lcc1370 |    000003E9  A$lcc1370 |    000003EB  A$lcc1370
     000003EB  C$main.c$ |    000003EC  A$lcc1370 |    000003EC  C$main.c$
     000003ED  A$lcc1370 |    000003EF  A$lcc1370 |    000003EF  C$main.c$
     000003F0  A$lcc1370 |    000003F1  A$lcc1370 |    000003F3  A$lcc1370
     000003F4  A$lcc1370 |    000003F7  A$lcc1370 |    000003F8  A$lcc1370
     000003F9  A$lcc1370 |    000003FC  A$lcc1370 |    000003FE  A$lcc1370
     000003FE  C$main.c$ |    000003FE  XG$update |    000003FF  A$lcc1370
     000003FF  C$main.c$ |    000003FF  G$update_ |    000003FF  _update_f
     00000400  A$lcc1370 |    00000403  A$lcc1370 |    00000405  A$lcc1370
     00000406  A$lcc1370 |    00000406  C$main.c$ |    00000409  A$lcc1370
     00000409  C$main.c$ |    0000040B  A$lcc1370 |    0000040C  A$lcc1370
     0000040D  A$lcc1370 |    0000040F  A$lcc1370 |    00000411  A$lcc1370
     00000412  A$lcc1370 |    00000413  A$lcc1370 |    00000415  A$lcc1370
     00000417  A$lcc1370 |    00000418  A$lcc1370 |    0000041A  A$lcc1370
     0000041D  A$lcc1370 |    0000041F  A$lcc1370 |    00000420  A$lcc1370
     00000422  A$lcc1370 |    00000424  A$lcc1370 |    00000427  A$lcc1370
     00000427  C$main.c$ |    00000428  A$lcc1370 |    00000429  A$lcc1370
     0000042C  A$lcc1370 |    0000042D  A$lcc1370 |    00000430  A$lcc1370
     00000431  A$lcc1370 |    00000432  A$lcc1370 |    00000433  A$lcc1370
     00000436  A$lcc1370 |    00000437  A$lcc1370 |    00000438  A$lcc1370
     00000439  A$lcc1370 |    0000043C  A$lcc1370 |    0000043E  A$lcc1370
     0000043F  A$lcc1370 |    00000440  A$lcc1370 |    00000441  A$lcc1370
     00000443  A$lcc1370 |    00000444  A$lcc1370 |    00000447  A$lcc1370
     00000449  A$lcc1370 |    00000449  C$main.c$ |    0000044C  A$lcc1370
     0000044C  C$main.c$ |    0000044D  A$lcc1370 |    0000044F  A$lcc1370
     00000450  A$lcc1370 |    00000453  A$lcc1370 |    00000455  A$lcc1370
     00000456  A$lcc1370 |    00000459  A$lcc1370 |    0000045A  A$lcc1370
     0000045B  A$lcc1370 |    0000045C  A$lcc1370 |    0000045F  A$lcc1370
     00000460  A$lcc1370 |    00000461  A$lcc1370 |    00000462  A$lcc1370
     00000465  A$lcc1370 |    00000467  A$lcc1370 |    00000469  A$lcc1370
     0000046B  A$lcc1370 |    0000046D  A$lcc1370 |    00000470  A$lcc1370
     00000472  A$lcc1370 |    00000475  A$lcc1370 |    00000476  A$lcc1370
     00000477  A$lcc1370 |    00000478  A$lcc1370 |    00000479  A$lcc1370
     0000047B  A$lcc1370 |    0000047C  A$lcc1370 |    0000047E  A$lcc1370
     0000047F  A$lcc1370 |    00000482  A$lcc1370 |    00000484  A$lcc1370
     00000484  C$main.c$ |    00000486  A$lcc1370 |    00000486  C$main.c$
     00000487  A$lcc1370 |    00000488  A$lcc1370 |    0000048B  A$lcc1370
ASxxxx Linker V03.00 + NoICE + sdld,  page 6.
Hexadecimal  [32-Bits]

Area                       Addr        Size        Decimal Bytes (Attributes)
--------------------       ----        ----        ------- ----- ------------
_CODE                  00000200    0000217C =        8572. bytes (REL,CON)

        Value  Global            Value  Global            Value  Global    
        -----  ------            -----  ------            -----  ------    
     0000048C  A$lcc1370 |    0000048F  A$lcc1370 |    00000490  A$lcc1370
     00000491  A$lcc1370 |    00000492  A$lcc1370 |    00000495  A$lcc1370
     00000496  A$lcc1370 |    00000497  A$lcc1370 |    00000498  A$lcc1370
     0000049B  A$lcc1370 |    0000049D  A$lcc1370 |    0000049E  A$lcc1370
     0000049F  A$lcc1370 |    000004A0  A$lcc1370 |    000004A2  A$lcc1370
     000004A3  A$lcc1370 |    000004A6  A$lcc1370 |    000004A8  A$lcc1370
     000004A8  C$main.c$ |    000004AA  A$lcc1370 |    000004AA  C$main.c$
     000004AB  A$lcc1370 |    000004AC  A$lcc1370 |    000004AF  A$lcc1370
     000004B1  A$lcc1370 |    000004B2  A$lcc1370 |    000004B5  A$lcc1370
     000004B6  A$lcc1370 |    000004B7  A$lcc1370 |    000004B8  A$lcc1370
     000004BB  A$lcc1370 |    000004BC  A$lcc1370 |    000004BD  A$lcc1370
     000004BE  A$lcc1370 |    000004C1  A$lcc1370 |    000004C3  A$lcc1370
     000004C4  A$lcc1370 |    000004C6  A$lcc1370 |    000004C7  A$lcc1370
     000004C8  A$lcc1370 |    000004C9  A$lcc1370 |    000004CB  A$lcc1370
     000004CC  A$lcc1370 |    000004CF  A$lcc1370 |    000004D1  A$lcc1370
     000004D1  C$main.c$ |    000004D2  A$lcc1370 |    000004D2  C$main.c$
     000004D2  XG$update |    000004D3  A$lcc1370 |    000004D3  C$main.c$
     000004D3  C$main.c$ |    000004D3  G$reset_f |    000004D3  _reset_fr
     000004D6  A$lcc1370 |    000004D6  C$main.c$ |    000004D9  A$lcc1370
     000004DB  A$lcc1370 |    000004DB  C$main.c$ |    000004DE  A$lcc1370
     000004E0  A$lcc1370 |    000004E3  A$lcc1370 |    000004E5  A$lcc1370
     000004E5  C$main.c$ |    000004E8  A$lcc1370 |    000004EA  A$lcc1370
     000004EB  A$lcc1370 |    000004ED  A$lcc1370 |    000004ED  C$main.c$
     000004F0  A$lcc1370 |    000004F1  A$lcc1370 |    000004F2  A$lcc1370
     000004F4  A$lcc1370 |    000004F5  A$lcc1370 |    000004F7  A$lcc1370
     000004F7  C$main.c$ |    000004F8  A$lcc1370 |    000004FB  A$lcc1370
     000004FB  C$main.c$ |    000004FE  A$lcc1370 |    00000500  A$lcc1370
     00000500  C$main.c$ |    00000503  A$lcc1370 |    00000505  A$lcc1370
     00000506  A$lcc1370 |    00000507  A$lcc1370 |    0000050A  A$lcc1370
     0000050B  A$lcc1370 |    0000050E  A$lcc1370 |    0000050F  A$lcc1370
     00000510  A$lcc1370 |    00000511  A$lcc1370 |    00000512  A$lcc1370
     00000515  A$lcc1370 |    00000516  A$lcc1370 |    00000517  A$lcc1370
     00000518  A$lcc1370 |    0000051B  A$lcc1370 |    0000051D  A$lcc1370
     0000051E  A$lcc1370 |    0000051F  A$lcc1370 |    00000520  A$lcc1370
     00000521  A$lcc1370 |    00000522  A$lcc1370 |    00000523  A$lcc1370
     00000524  A$lcc1370 |    00000525  A$lcc1370 |    00000528  A$lcc1370
     0000052A  A$lcc1370 |    0000052A  C$main.c$ |    0000052A  C$main.c$
     0000052A  XG$reset_ |    0000052B  A$lcc1370 |    0000052B  C$main.c$
     0000052B  C$main.c$ |    0000052B  G$reset_t |    0000052B  _reset_ti
     0000052E  A$lcc1370 |    00000530  A$lcc1370 |    00000531  A$lcc1370
     00000533  A$lcc1370 |    00000533  C$main.c$ |    00000536  A$lcc1370
     00000538  A$lcc1370 |    00000538  C$main.c$ |    0000053B  A$lcc1370
     0000053C  A$lcc1370 |    0000053F  A$lcc1370 |    00000540  A$lcc1370
     00000543  A$lcc1370 |    00000544  A$lcc1370 |    00000547  A$lcc1370
     00000549  A$lcc1370 |    00000549  C$main.c$ |    00000549  XG$reset_
     0000054A  A$lcc1370 |    0000054A  C$main.c$ |    0000054A  C$main.c$
     0000054A  G$kill_fr |    0000054A  _kill_fro |    0000054D  A$lcc1370
     0000054E  A$lcc1370 |    0000054F  A$lcc1370 |    00000551  A$lcc1370
     00000551  C$main.c$ |    00000552  A$lcc1370 |    00000553  A$lcc1370
     00000555  A$lcc1370 |    00000555  C$main.c$ |    00000558  A$lcc1370
     0000055A  A$lcc1370 |    0000055A  C$main.c$ |    0000055B  A$lcc1370
ASxxxx Linker V03.00 + NoICE + sdld,  page 7.
Hexadecimal  [32-Bits]

Area                       Addr        Size        Decimal Bytes (Attributes)
--------------------       ----        ----        ------- ----- ------------
_CODE                  00000200    0000217C =        8572. bytes (REL,CON)

        Value  Global            Value  Global            Value  Global    
        -----  ------            -----  ------            -----  ------    
     0000055B  C$main.c$ |    0000055E  A$lcc1370 |    0000055E  C$main.c$
     0000055E  C$main.c$ |    0000055E  XG$kill_f |    00000561  A$lcc1370
     00000561  C$main.c$ |    00000561  C$main.c$ |    00000561  G$init_le
     00000561  _init_lev |    00000564  A$lcc1370 |    00000565  A$lcc1370
     00000568  A$lcc1370 |    00000569  A$lcc1370 |    0000056C  A$lcc1370
     0000056E  A$lcc1370 |    0000056E  C$main.c$ |    00000571  A$lcc1370
     00000572  A$lcc1370 |    00000575  A$lcc1370 |    00000576  A$lcc1370
     00000579  A$lcc1370 |    0000057B  A$lcc1370 |    0000057B  C$main.c$
     0000057E  A$lcc1370 |    0000057F  A$lcc1370 |    00000582  A$lcc1370
     00000583  A$lcc1370 |    00000586  A$lcc1370 |    00000588  A$lcc1370
     00000588  C$main.c$ |    0000058B  A$lcc1370 |    0000058C  A$lcc1370
     0000058F  A$lcc1370 |    00000590  A$lcc1370 |    00000593  A$lcc1370
     00000595  A$lcc1370 |    00000595  C$main.c$ |    00000598  A$lcc1370
     00000599  A$lcc1370 |    0000059C  A$lcc1370 |    0000059D  A$lcc1370
     0000059E  A$lcc1370 |    0000059F  A$lcc1370 |    000005A0  A$lcc1370
     000005A3  A$lcc1370 |    000005A5  A$lcc1370 |    000005A5  C$main.c$
     000005A8  A$lcc1370 |    000005A9  A$lcc1370 |    000005AB  A$lcc1370
     000005AC  A$lcc1370 |    000005AD  A$lcc1370 |    000005B0  A$lcc1370
     000005B2  A$lcc1370 |    000005B2  C$main.c$ |    000005B5  A$lcc1370
     000005B7  A$lcc1370 |    000005B7  C$main.c$ |    000005B8  A$lcc1370
     000005BB  A$lcc1370 |    000005BC  A$lcc1370 |    000005BD  A$lcc1370
     000005BD  C$main.c$ |    000005C0  A$lcc1370 |    000005C0  C$main.c$
     000005C3  A$lcc1370 |    000005C5  A$lcc1370 |    000005C5  C$main.c$
     000005C8  A$lcc1370 |    000005C8  C$main.c$ |    000005CB  A$lcc1370
     000005CB  C$main.c$ |    000005CE  A$lcc1370 |    000005CE  C$main.c$
     000005D1  A$lcc1370 |    000005D1  C$main.c$ |    000005D1  C$main.c$
     000005D1  XG$init_l |    000005D4  A$lcc1370 |    000005D4  C$main.c$
     000005D4  G$move_fr |    000005D4  _move_fro |    000005D5  A$lcc1370
     000005D6  A$lcc1370 |    000005D6  C$main.c$ |    000005D9  A$lcc1370
     000005DA  A$lcc1370 |    000005DD  A$lcc1370 |    000005DD  C$main.c$
     000005E0  A$lcc1370 |    000005E1  A$lcc1370 |    000005E3  A$lcc1370
     000005E4  A$lcc1370 |    000005E5  A$lcc1370 |    000005E6  A$lcc1370
     000005E7  A$lcc1370 |    000005EA  A$lcc1370 |    000005EC  A$lcc1370
     000005EE  A$lcc1370 |    000005F1  A$lcc1370 |    000005F3  A$lcc1370
     000005F6  A$lcc1370 |    000005F7  A$lcc1370 |    000005F8  A$lcc1370
     000005F9  A$lcc1370 |    000005FA  A$lcc1370 |    000005FB  A$lcc1370
     000005FE  A$lcc1370 |    000005FF  A$lcc1370 |    00000600  A$lcc1370
     00000601  A$lcc1370 |    00000604  A$lcc1370 |    00000605  A$lcc1370
     00000608  A$lcc1370 |    00000609  A$lcc1370 |    0000060C  A$lcc1370
     0000060D  A$lcc1370 |    0000060E  A$lcc1370 |    00000610  A$lcc1370
     00000612  A$lcc1370 |    00000614  A$lcc1370 |    00000614  C$main.c$
     00000615  A$lcc1370 |    00000617  A$lcc1370 |    00000619  A$lcc1370
     0000061A  A$lcc1370 |    0000061C  A$lcc1370 |    0000061D  A$lcc1370
     00000620  A$lcc1370 |    00000622  A$lcc1370 |    00000623  A$lcc1370
     00000626  A$lcc1370 |    00000627  A$lcc1370 |    00000628  A$lcc1370
     00000629  A$lcc1370 |    0000062C  A$lcc1370 |    0000062D  A$lcc1370
     0000062E  A$lcc1370 |    00000631  A$lcc1370 |    00000633  A$lcc1370
     00000635  A$lcc1370 |    00000636  A$lcc1370 |    00000637  A$lcc1370
     00000638  A$lcc1370 |    00000639  A$lcc1370 |    0000063B  A$lcc1370
     0000063C  A$lcc1370 |    0000063F  A$lcc1370 |    00000641  A$lcc1370
     00000641  C$main.c$ |    00000644  A$lcc1370 |    00000644  C$main.c$
ASxxxx Linker V03.00 + NoICE + sdld,  page 8.
Hexadecimal  [32-Bits]

Area                       Addr        Size        Decimal Bytes (Attributes)
--------------------       ----        ----        ------- ----- ------------
_CODE                  00000200    0000217C =        8572. bytes (REL,CON)

        Value  Global            Value  Global            Value  Global    
        -----  ------            -----  ------            -----  ------    
     00000645  A$lcc1370 |    00000647  A$lcc1370 |    0000064A  A$lcc1370
     0000064B  A$lcc1370 |    0000064D  A$lcc1370 |    0000064E  A$lcc1370
     00000651  A$lcc1370 |    00000653  A$lcc1370 |    00000654  A$lcc1370
     00000657  A$lcc1370 |    00000658  A$lcc1370 |    00000659  A$lcc1370
     0000065A  A$lcc1370 |    0000065D  A$lcc1370 |    0000065E  A$lcc1370
     0000065F  A$lcc1370 |    00000662  A$lcc1370 |    00000664  A$lcc1370
     00000666  A$lcc1370 |    00000667  A$lcc1370 |    00000669  A$lcc1370
     0000066A  A$lcc1370 |    0000066B  A$lcc1370 |    0000066C  A$lcc1370
     0000066D  A$lcc1370 |    0000066F  A$lcc1370 |    00000670  A$lcc1370
     00000673  A$lcc1370 |    00000675  A$lcc1370 |    00000675  C$main.c$
     00000678  A$lcc1370 |    00000678  C$main.c$ |    0000067B  A$lcc1370
     0000067C  A$lcc1370 |    0000067F  A$lcc1370 |    0000067F  C$main.c$
     00000682  A$lcc1370 |    00000683  A$lcc1370 |    00000684  A$lcc1370
     00000685  A$lcc1370 |    00000688  A$lcc1370 |    0000068A  A$lcc1370
     0000068C  A$lcc1370 |    0000068F  A$lcc1370 |    00000691  A$lcc1370
     00000694  A$lcc1370 |    00000695  A$lcc1370 |    00000696  A$lcc1370
     00000697  A$lcc1370 |    0000069A  A$lcc1370 |    0000069B  A$lcc1370
     0000069C  A$lcc1370 |    0000069D  A$lcc1370 |    000006A0  A$lcc1370
     000006A1  A$lcc1370 |    000006A4  A$lcc1370 |    000006A5  A$lcc1370
     000006A7  A$lcc1370 |    000006A7  C$main.c$ |    000006A7  C$main.c$
     000006A8  A$lcc1370 |    000006A9  A$lcc1370 |    000006AA  A$lcc1370
     000006AA  C$main.c$ |    000006AB  A$lcc1370 |    000006AC  A$lcc1370
     000006AE  A$lcc1370 |    000006B1  A$lcc1370 |    000006B3  A$lcc1370
     000006B4  A$lcc1370 |    000006B7  A$lcc1370 |    000006B9  A$lcc1370
     000006BA  A$lcc1370 |    000006BD  A$lcc1370 |    000006BE  A$lcc1370
     000006BF  A$lcc1370 |    000006C0  A$lcc1370 |    000006C1  A$lcc1370
     000006C4  A$lcc1370 |    000006C5  A$lcc1370 |    000006C6  A$lcc1370
     000006C7  A$lcc1370 |    000006CA  A$lcc1370 |    000006CC  A$lcc1370
     000006CE  A$lcc1370 |    000006CF  A$lcc1370 |    000006D0  A$lcc1370
     000006D1  A$lcc1370 |    000006D2  A$lcc1370 |    000006D4  A$lcc1370
     000006D5  A$lcc1370 |    000006D8  A$lcc1370 |    000006DA  A$lcc1370
     000006DA  C$main.c$ |    000006DC  A$lcc1370 |    000006DC  C$main.c$
     000006DD  A$lcc1370 |    000006DF  A$lcc1370 |    000006E2  A$lcc1370
     000006E4  A$lcc1370 |    000006E6  A$lcc1370 |    000006E7  A$lcc1370
     000006EA  A$lcc1370 |    000006EC  A$lcc1370 |    000006ED  A$lcc1370
     000006F0  A$lcc1370 |    000006F1  A$lcc1370 |    000006F2  A$lcc1370
     000006F3  A$lcc1370 |    000006F4  A$lcc1370 |    000006F7  A$lcc1370
     000006F8  A$lcc1370 |    000006F9  A$lcc1370 |    000006FA  A$lcc1370
     000006FD  A$lcc1370 |    000006FF  A$lcc1370 |    00000701  A$lcc1370
     00000703  A$lcc1370 |    00000705  A$lcc1370 |    00000708  A$lcc1370
     0000070A  A$lcc1370 |    0000070D  A$lcc1370 |    0000070F  A$lcc1370
     00000710  A$lcc1370 |    00000711  A$lcc1370 |    00000712  A$lcc1370
     00000713  A$lcc1370 |    00000714  A$lcc1370 |    00000716  A$lcc1370
     00000717  A$lcc1370 |    0000071A  A$lcc1370 |    0000071C  A$lcc1370
     0000071C  C$main.c$ |    0000071D  A$lcc1370 |    0000071E  A$lcc1370
     0000071E  C$main.c$ |    0000071E  XG$move_f |    0000071F  A$lcc1370
     0000071F  C$main.c$ |    0000071F  C$main.c$ |    0000071F  G$update_
     0000071F  _update_m |    00000722  A$lcc1370 |    00000723  A$lcc1370
     00000725  A$lcc1370 |    00000725  C$main.c$ |    00000728  A$lcc1370
     00000728  C$main.c$ |    0000072B  A$lcc1370 |    0000072D  A$lcc1370
     0000072F  A$lcc1370 |    00000732  A$lcc1370 |    00000734  A$lcc1370
ASxxxx Linker V03.00 + NoICE + sdld,  page 9.
Hexadecimal  [32-Bits]

Area                       Addr        Size        Decimal Bytes (Attributes)
--------------------       ----        ----        ------- ----- ------------
_CODE                  00000200    0000217C =        8572. bytes (REL,CON)

        Value  Global            Value  Global            Value  Global    
        -----  ------            -----  ------            -----  ------    
     00000737  A$lcc1370 |    00000738  A$lcc1370 |    0000073B  A$lcc1370
     0000073C  A$lcc1370 |    0000073D  A$lcc1370 |    0000073E  A$lcc1370
     0000073E  C$main.c$ |    00000741  A$lcc1370 |    00000742  A$lcc1370
     00000744  A$lcc1370 |    00000744  C$main.c$ |    00000747  A$lcc1370
     00000747  C$main.c$ |    0000074A  A$lcc1370 |    0000074C  A$lcc1370
     0000074E  A$lcc1370 |    00000751  A$lcc1370 |    00000753  A$lcc1370
     00000756  A$lcc1370 |    00000757  A$lcc1370 |    0000075A  A$lcc1370
     0000075B  A$lcc1370 |    0000075C  A$lcc1370 |    0000075D  A$lcc1370
     0000075D  C$main.c$ |    00000760  A$lcc1370 |    00000761  A$lcc1370
     00000763  A$lcc1370 |    00000766  A$lcc1370 |    00000767  A$lcc1370
     00000768  A$lcc1370 |    00000768  C$main.c$ |    0000076B  A$lcc1370
     0000076D  A$lcc1370 |    0000076D  C$main.c$ |    00000770  A$lcc1370
     00000771  A$lcc1370 |    00000772  A$lcc1370 |    00000773  A$lcc1370
     00000776  A$lcc1370 |    00000777  A$lcc1370 |    00000779  A$lcc1370
     0000077A  A$lcc1370 |    0000077B  A$lcc1370 |    0000077C  A$lcc1370
     0000077D  A$lcc1370 |    0000077E  A$lcc1370 |    0000077F  A$lcc1370
     00000781  A$lcc1370 |    00000783  A$lcc1370 |    00000785  A$lcc1370
     00000787  A$lcc1370 |    00000788  A$lcc1370 |    0000078A  A$lcc1370
     0000078C  A$lcc1370 |    0000078E  A$lcc1370 |    0000078F  A$lcc1370
     00000790  A$lcc1370 |    00000790  C$main.c$ |    00000793  A$lcc1370
     00000794  A$lcc1370 |    00000796  A$lcc1370 |    00000797  A$lcc1370
     00000798  A$lcc1370 |    0000079A  A$lcc1370 |    0000079B  A$lcc1370
     0000079B  C$main.c$ |    0000079E  A$lcc1370 |    0000079E  C$main.c$
     000007A1  A$lcc1370 |    000007A4  A$lcc1370 |    000007A4  C$main.c$
     000007A4  XG$update |    000007A5  A$lcc1370 |    000007A5  C$main.c$
     000007A5  C$main.c$ |    000007A5  G$paralla |    000007A5  _parallax
     000007A7  A$lcc1370 |    000007A8  A$lcc1370 |    000007AA  A$lcc1370
     000007AC  A$lcc1370 |    000007AE  A$lcc1370 |    000007B0  A$lcc1370
     000007B2  A$lcc1370 |    000007B4  A$lcc1370 |    000007B6  A$lcc1370
     000007B8  A$lcc1370 |    000007BA  A$lcc1370 |    000007BC  A$lcc1370
     000007BE  A$lcc1370 |    000007C0  A$lcc1370 |    000007C2  A$lcc1370
     000007C4  A$lcc1370 |    000007C6  A$lcc1370 |    000007C8  A$lcc1370
     000007CA  A$lcc1370 |    000007CC  A$lcc1370 |    000007CF  A$lcc1370
     000007D1  A$lcc1370 |    000007D4  A$lcc1370 |    000007D6  A$lcc1370
     000007D9  A$lcc1370 |    000007DB  A$lcc1370 |    000007DE  A$lcc1370
     000007DF  A$lcc1370 |    000007DF  C$main.c$ |    000007E0  A$lcc1370
     000007E2  A$lcc1370 |    000007E3  A$lcc1370 |    000007E5  A$lcc1370
     000007E5  C$main.c$ |    000007E7  A$lcc1370 |    000007E9  A$lcc1370
     000007E9  C$main.c$ |    000007EA  A$lcc1370 |    000007EA  C$main.c$
     000007ED  A$lcc1370 |    000007EF  A$lcc1370 |    000007F0  A$lcc1370
     000007F2  A$lcc1370 |    000007F2  C$main.c$ |    000007F4  A$lcc1370
     000007F6  A$lcc1370 |    000007F6  C$main.c$ |    000007F7  A$lcc1370
     000007F7  C$main.c$ |    000007FA  A$lcc1370 |    000007FC  A$lcc1370
     000007FD  A$lcc1370 |    000007FF  A$lcc1370 |    000007FF  C$main.c$
     00000801  A$lcc1370 |    00000803  A$lcc1370 |    00000803  C$main.c$
     00000804  A$lcc1370 |    00000804  C$main.c$ |    00000807  A$lcc1370
     00000809  A$lcc1370 |    0000080A  A$lcc1370 |    0000080C  A$lcc1370
     0000080C  C$main.c$ |    0000080E  A$lcc1370 |    00000810  A$lcc1370
     00000810  C$main.c$ |    00000811  A$lcc1370 |    00000811  C$main.c$
     00000814  A$lcc1370 |    00000816  A$lcc1370 |    00000817  A$lcc1370
     00000819  A$lcc1370 |    00000819  C$main.c$ |    0000081B  A$lcc1370
ASxxxx Linker V03.00 + NoICE + sdld,  page 10.
Hexadecimal  [32-Bits]

Area                       Addr        Size        Decimal Bytes (Attributes)
--------------------       ----        ----        ------- ----- ------------
_CODE                  00000200    0000217C =        8572. bytes (REL,CON)

        Value  Global            Value  Global            Value  Global    
        -----  ------            -----  ------            -----  ------    
     0000081D  A$lcc1370 |    0000081D  C$main.c$ |    0000081E  A$lcc1370
     0000081E  C$main.c$ |    00000821  A$lcc1370 |    00000823  A$lcc1370
     00000824  A$lcc1370 |    00000826  A$lcc1370 |    00000826  C$main.c$
     00000828  A$lcc1370 |    0000082A  A$lcc1370 |    0000082A  C$main.c$
     0000082B  A$lcc1370 |    0000082B  C$main.c$ |    0000082C  A$lcc1370
     0000082E  A$lcc1370 |    0000082F  A$lcc1370 |    00000831  A$lcc1370
     00000831  C$main.c$ |    00000833  A$lcc1370 |    00000835  A$lcc1370
     00000835  C$main.c$ |    00000836  A$lcc1370 |    00000836  C$main.c$
     00000839  A$lcc1370 |    0000083B  A$lcc1370 |    0000083C  A$lcc1370
     0000083E  A$lcc1370 |    0000083E  C$main.c$ |    00000840  A$lcc1370
     00000842  A$lcc1370 |    00000842  C$main.c$ |    00000843  A$lcc1370
     00000843  C$main.c$ |    00000846  A$lcc1370 |    00000848  A$lcc1370
     00000849  A$lcc1370 |    0000084B  A$lcc1370 |    0000084B  C$main.c$
     0000084D  A$lcc1370 |    0000084F  A$lcc1370 |    0000084F  C$main.c$
     00000850  A$lcc1370 |    00000850  C$main.c$ |    00000853  A$lcc1370
     00000855  A$lcc1370 |    00000856  A$lcc1370 |    00000858  A$lcc1370
     00000858  C$main.c$ |    0000085A  A$lcc1370 |    0000085C  A$lcc1370
     0000085C  C$main.c$ |    0000085D  A$lcc1370 |    0000085D  C$main.c$
     00000860  A$lcc1370 |    00000862  A$lcc1370 |    00000863  A$lcc1370
     00000865  A$lcc1370 |    00000865  C$main.c$ |    00000867  A$lcc1370
     00000869  A$lcc1370 |    00000869  C$main.c$ |    0000086A  A$lcc1370
     0000086A  C$main.c$ |    0000086D  A$lcc1370 |    0000086F  A$lcc1370
     00000870  A$lcc1370 |    00000872  A$lcc1370 |    00000872  C$main.c$
     00000874  A$lcc1370 |    00000876  A$lcc1370 |    00000876  C$main.c$
     00000877  A$lcc1370 |    00000877  C$main.c$ |    00000878  A$lcc1370
     0000087A  A$lcc1370 |    0000087B  A$lcc1370 |    0000087D  A$lcc1370
     0000087D  C$main.c$ |    0000087E  A$lcc1370 |    00000880  A$lcc1370
     00000880  C$main.c$ |    00000880  C$main.c$ |    00000880  XG$parall
     00000881  A$lcc1370 |    00000881  C$main.c$ |    00000881  C$main.c$
     00000881  G$scroll_ |    00000881  _scroll_c |    00000884  A$lcc1370
     00000885  A$lcc1370 |    00000887  A$lcc1370 |    0000088A  A$lcc1370
     0000088B  A$lcc1370 |    0000088C  A$lcc1370 |    0000088F  A$lcc1370
     00000891  A$lcc1370 |    00000892  A$lcc1370 |    00000893  A$lcc1370
     00000895  A$lcc1370 |    00000895  C$main.c$ |    00000898  A$lcc1370
     00000899  A$lcc1370 |    0000089A  A$lcc1370 |    0000089B  A$lcc1370
     0000089B  C$main.c$ |    0000089C  A$lcc1370 |    0000089D  A$lcc1370
     0000089E  A$lcc1370 |    0000089F  A$lcc1370 |    000008A0  A$lcc1370
     000008A1  A$lcc1370 |    000008A1  C$main.c$ |    000008A2  A$lcc1370
     000008A3  A$lcc1370 |    000008A4  A$lcc1370 |    000008A5  A$lcc1370
     000008A6  A$lcc1370 |    000008A7  A$lcc1370 |    000008A8  A$lcc1370
     000008A8  C$main.c$ |    000008AB  A$lcc1370 |    000008AC  A$lcc1370
     000008AE  A$lcc1370 |    000008B1  A$lcc1370 |    000008B2  A$lcc1370
     000008B2  C$main.c$ |    000008B2  C$main.c$ |    000008B3  A$lcc1370
     000008B5  A$lcc1370 |    000008B5  C$main.c$ |    000008B8  A$lcc1370
     000008B9  A$lcc1370 |    000008BA  A$lcc1370 |    000008BB  A$lcc1370
     000008BC  A$lcc1370 |    000008BF  A$lcc1370 |    000008C0  A$lcc1370
     000008C1  A$lcc1370 |    000008C2  A$lcc1370 |    000008C2  C$main.c$
     000008C5  A$lcc1370 |    000008C5  C$main.c$ |    000008C8  A$lcc1370
     000008CA  A$lcc1370 |    000008CC  A$lcc1370 |    000008CC  C$main.c$
     000008CF  A$lcc1370 |    000008D0  A$lcc1370 |    000008D1  A$lcc1370
     000008D2  A$lcc1370 |    000008D3  A$lcc1370 |    000008D6  A$lcc1370
ASxxxx Linker V03.00 + NoICE + sdld,  page 11.
Hexadecimal  [32-Bits]

Area                       Addr        Size        Decimal Bytes (Attributes)
--------------------       ----        ----        ------- ----- ------------
_CODE                  00000200    0000217C =        8572. bytes (REL,CON)

        Value  Global            Value  Global            Value  Global    
        -----  ------            -----  ------            -----  ------    
     000008D7  A$lcc1370 |    000008D8  A$lcc1370 |    000008D9  A$lcc1370
     000008D9  C$main.c$ |    000008DC  A$lcc1370 |    000008DC  C$main.c$
     000008DF  A$lcc1370 |    000008E0  A$lcc1370 |    000008E2  A$lcc1370
     000008E5  A$lcc1370 |    000008E6  A$lcc1370 |    000008E7  A$lcc1370
     000008EA  A$lcc1370 |    000008EC  A$lcc1370 |    000008ED  A$lcc1370
     000008EE  A$lcc1370 |    000008F0  A$lcc1370 |    000008F0  C$main.c$
     000008F3  A$lcc1370 |    000008F4  A$lcc1370 |    000008F5  A$lcc1370
     000008F6  A$lcc1370 |    000008F6  C$main.c$ |    000008F9  A$lcc1370
     000008FA  A$lcc1370 |    000008FC  A$lcc1370 |    000008FC  C$main.c$
     000008FF  A$lcc1370 |    00000901  A$lcc1370 |    00000903  A$lcc1370
     00000903  C$main.c$ |    00000906  A$lcc1370 |    00000907  A$lcc1370
     00000908  A$lcc1370 |    00000909  A$lcc1370 |    0000090A  A$lcc1370
     0000090D  A$lcc1370 |    0000090E  A$lcc1370 |    0000090F  A$lcc1370
     00000910  A$lcc1370 |    00000910  C$main.c$ |    00000913  A$lcc1370
     00000913  C$main.c$ |    00000916  A$lcc1370 |    00000918  A$lcc1370
     0000091A  A$lcc1370 |    0000091A  C$main.c$ |    0000091D  A$lcc1370
     0000091E  A$lcc1370 |    0000091F  A$lcc1370 |    00000920  A$lcc1370
     00000920  C$main.c$ |    00000923  A$lcc1370 |    00000924  A$lcc1370
     00000925  A$lcc1370 |    00000926  A$lcc1370 |    00000926  C$main.c$
     00000929  A$lcc1370 |    0000092A  A$lcc1370 |    0000092B  A$lcc1370
     0000092C  A$lcc1370 |    0000092C  C$main.c$ |    0000092F  A$lcc1370
     00000930  A$lcc1370 |    00000931  A$lcc1370 |    00000932  A$lcc1370
     00000932  C$main.c$ |    00000935  A$lcc1370 |    00000936  A$lcc1370
     00000938  A$lcc1370 |    00000938  C$main.c$ |    0000093B  A$lcc1370
     0000093D  A$lcc1370 |    0000093F  A$lcc1370 |    0000093F  C$main.c$
     00000942  A$lcc1370 |    00000943  A$lcc1370 |    00000944  A$lcc1370
     00000945  A$lcc1370 |    00000946  A$lcc1370 |    00000949  A$lcc1370
     0000094A  A$lcc1370 |    0000094B  A$lcc1370 |    0000094C  A$lcc1370
     0000094C  C$main.c$ |    0000094F  A$lcc1370 |    0000094F  C$main.c$
     00000952  A$lcc1370 |    00000953  A$lcc1370 |    00000955  A$lcc1370
     00000958  A$lcc1370 |    00000959  A$lcc1370 |    0000095A  A$lcc1370
     0000095D  A$lcc1370 |    0000095F  A$lcc1370 |    00000960  A$lcc1370
     00000961  A$lcc1370 |    00000963  A$lcc1370 |    00000963  C$main.c$
     00000966  A$lcc1370 |    00000967  A$lcc1370 |    00000968  A$lcc1370
     00000969  A$lcc1370 |    00000969  C$main.c$ |    0000096C  A$lcc1370
     0000096D  A$lcc1370 |    0000096E  A$lcc1370 |    0000096F  A$lcc1370
     0000096F  C$main.c$ |    00000972  A$lcc1370 |    00000973  A$lcc1370
     00000973  C$main.c$ |    00000973  XG$scroll |    00000974  A$lcc1370
     00000974  C$main.c$ |    00000974  G$drain_t |    00000974  _drain_ti
     00000975  A$lcc1370 |    00000975  C$main.c$ |    00000978  A$lcc1370
     00000979  A$lcc1370 |    0000097B  A$lcc1370 |    0000097C  A$lcc1370
     0000097E  A$lcc1370 |    0000097F  A$lcc1370 |    00000981  A$lcc1370
     00000982  A$lcc1370 |    00000982  C$main.c$ |    00000983  A$lcc1370
     00000984  A$lcc1370 |    00000986  A$lcc1370 |    00000988  A$lcc1370
     0000098B  A$lcc1370 |    0000098C  A$lcc1370 |    0000098E  A$lcc1370
     00000990  A$lcc1370 |    00000992  A$lcc1370 |    00000994  A$lcc1370
     00000996  A$lcc1370 |    00000998  A$lcc1370 |    00000999  A$lcc1370
     00000999  C$main.c$ |    0000099B  A$lcc1370 |    0000099C  A$lcc1370
     0000099E  A$lcc1370 |    0000099F  A$lcc1370 |    000009A0  A$lcc1370
     000009A1  A$lcc1370 |    000009A2  A$lcc1370 |    000009A5  A$lcc1370
     000009A6  A$lcc1370 |    000009A7  A$lcc1370 |    000009A7  C$main.c$
ASxxxx Linker V03.00 + NoICE + sdld,  page 12.
Hexadecimal  [32-Bits]

Area                       Addr        Size        Decimal Bytes (Attributes)
--------------------       ----        ----        ------- ----- ------------
_CODE                  00000200    0000217C =        8572. bytes (REL,CON)

        Value  Global            Value  Global            Value  Global    
        -----  ------            -----  ------            -----  ------    
     000009A9  A$lcc1370 |    000009AA  A$lcc1370 |    000009AC  A$lcc1370
     000009AF  A$lcc1370 |    000009B0  A$lcc1370 |    000009B2  A$lcc1370
     000009B3  A$lcc1370 |    000009B4  A$lcc1370 |    000009B6  A$lcc1370
     000009B7  A$lcc1370 |    000009B8  A$lcc1370 |    000009BA  A$lcc1370
     000009BA  C$main.c$ |    000009BC  A$lcc1370 |    000009BD  A$lcc1370
     000009BF  A$lcc1370 |    000009C0  A$lcc1370 |    000009C2  A$lcc1370
     000009C3  A$lcc1370 |    000009C4  A$lcc1370 |    000009C5  A$lcc1370
     000009C8  A$lcc1370 |    000009CA  A$lcc1370 |    000009CA  C$main.c$
     000009CD  A$lcc1370 |    000009CE  A$lcc1370 |    000009CE  C$main.c$
     000009D1  A$lcc1370 |    000009D2  A$lcc1370 |    000009D4  A$lcc1370
     000009D5  A$lcc1370 |    000009D6  A$lcc1370 |    000009D8  A$lcc1370
     000009D9  A$lcc1370 |    000009D9  C$main.c$ |    000009DC  A$lcc1370
     000009DC  C$main.c$ |    000009DF  A$lcc1370 |    000009E0  A$lcc1370
     000009E2  A$lcc1370 |    000009E3  A$lcc1370 |    000009E4  A$lcc1370
     000009E4  C$main.c$ |    000009E7  A$lcc1370 |    000009E9  A$lcc1370
     000009EB  A$lcc1370 |    000009EB  C$main.c$ |    000009EE  A$lcc1370
     000009EE  C$main.c$ |    000009F1  A$lcc1370 |    000009F1  C$main.c$
     000009F4  A$lcc1370 |    000009F6  A$lcc1370 |    000009F7  A$lcc1370
     000009F7  C$main.c$ |    000009F7  XG$drain_ |    000009F8  A$lcc1370
     000009F8  C$main.c$ |    000009F8  G$win_che |    000009F8  _win_chec
     000009FA  A$lcc1370 |    000009FA  C$main.c$ |    000009FC  A$lcc1370
     000009FD  A$lcc1370 |    000009FF  A$lcc1370 |    00000A00  A$lcc1370
     00000A01  A$lcc1370 |    00000A02  A$lcc1370 |    00000A03  A$lcc1370
     00000A04  A$lcc1370 |    00000A05  A$lcc1370 |    00000A08  A$lcc1370
     00000A09  A$lcc1370 |    00000A0A  A$lcc1370 |    00000A0B  A$lcc1370
     00000A0D  A$lcc1370 |    00000A0E  A$lcc1370 |    00000A0F  A$lcc1370
     00000A10  A$lcc1370 |    00000A12  A$lcc1370 |    00000A13  A$lcc1370
     00000A14  A$lcc1370 |    00000A15  A$lcc1370 |    00000A16  A$lcc1370
     00000A18  A$lcc1370 |    00000A1A  A$lcc1370 |    00000A1B  A$lcc1370
     00000A1C  A$lcc1370 |    00000A1D  A$lcc1370 |    00000A1E  A$lcc1370
     00000A1F  A$lcc1370 |    00000A20  A$lcc1370 |    00000A23  A$lcc1370
     00000A24  A$lcc1370 |    00000A25  A$lcc1370 |    00000A26  A$lcc1370
     00000A27  A$lcc1370 |    00000A28  A$lcc1370 |    00000A29  A$lcc1370
     00000A2B  A$lcc1370 |    00000A2D  A$lcc1370 |    00000A2E  A$lcc1370
     00000A30  A$lcc1370 |    00000A31  A$lcc1370 |    00000A33  A$lcc1370
     00000A34  A$lcc1370 |    00000A36  A$lcc1370 |    00000A37  A$lcc1370
     00000A39  A$lcc1370 |    00000A3A  A$lcc1370 |    00000A3C  A$lcc1370
     00000A3C  C$main.c$ |    00000A3E  A$lcc1370 |    00000A3F  A$lcc1370
     00000A41  A$lcc1370 |    00000A42  A$lcc1370 |    00000A43  A$lcc1370
     00000A44  A$lcc1370 |    00000A45  A$lcc1370 |    00000A46  A$lcc1370
     00000A47  A$lcc1370 |    00000A4A  A$lcc1370 |    00000A4B  A$lcc1370
     00000A4C  A$lcc1370 |    00000A4D  A$lcc1370 |    00000A4F  A$lcc1370
     00000A50  A$lcc1370 |    00000A51  A$lcc1370 |    00000A52  A$lcc1370
     00000A54  A$lcc1370 |    00000A55  A$lcc1370 |    00000A56  A$lcc1370
     00000A57  A$lcc1370 |    00000A58  A$lcc1370 |    00000A5A  A$lcc1370
     00000A5C  A$lcc1370 |    00000A5E  A$lcc1370 |    00000A5F  A$lcc1370
     00000A60  A$lcc1370 |    00000A61  A$lcc1370 |    00000A64  A$lcc1370
     00000A65  A$lcc1370 |    00000A66  A$lcc1370 |    00000A67  A$lcc1370
     00000A69  A$lcc1370 |    00000A6B  A$lcc1370 |    00000A6D  A$lcc1370
     00000A6F  A$lcc1370 |    00000A71  A$lcc1370 |    00000A73  A$lcc1370
     00000A73  C$main.c$ |    00000A75  A$lcc1370 |    00000A76  A$lcc1370
ASxxxx Linker V03.00 + NoICE + sdld,  page 13.
Hexadecimal  [32-Bits]

Area                       Addr        Size        Decimal Bytes (Attributes)
--------------------       ----        ----        ------- ----- ------------
_CODE                  00000200    0000217C =        8572. bytes (REL,CON)

        Value  Global            Value  Global            Value  Global    
        -----  ------            -----  ------            -----  ------    
     00000A77  A$lcc1370 |    00000A78  A$lcc1370 |    00000A7B  A$lcc1370
     00000A7C  A$lcc1370 |    00000A7D  A$lcc1370 |    00000A7E  A$lcc1370
     00000A80  A$lcc1370 |    00000A81  A$lcc1370 |    00000A82  A$lcc1370
     00000A83  A$lcc1370 |    00000A85  A$lcc1370 |    00000A86  A$lcc1370
     00000A87  A$lcc1370 |    00000A88  A$lcc1370 |    00000A89  A$lcc1370
     00000A8A  A$lcc1370 |    00000A8B  A$lcc1370 |    00000A8C  A$lcc1370
     00000A8D  A$lcc1370 |    00000A8F  A$lcc1370 |    00000A91  A$lcc1370
     00000A92  A$lcc1370 |    00000A93  A$lcc1370 |    00000A94  A$lcc1370
     00000A95  A$lcc1370 |    00000A96  A$lcc1370 |    00000A97  A$lcc1370
     00000A9A  A$lcc1370 |    00000A9B  A$lcc1370 |    00000A9C  A$lcc1370
     00000A9D  A$lcc1370 |    00000A9F  A$lcc1370 |    00000AA0  A$lcc1370
     00000AA1  A$lcc1370 |    00000AA2  A$lcc1370 |    00000AA4  A$lcc1370
     00000AA5  A$lcc1370 |    00000AA7  A$lcc1370 |    00000AA8  A$lcc1370
     00000AA9  A$lcc1370 |    00000AAA  A$lcc1370 |    00000AAC  A$lcc1370
     00000AAE  A$lcc1370 |    00000AB0  A$lcc1370 |    00000AB2  A$lcc1370
     00000AB4  A$lcc1370 |    00000AB6  A$lcc1370 |    00000AB6  C$main.c$
     00000AB8  A$lcc1370 |    00000AB9  A$lcc1370 |    00000ABB  A$lcc1370
     00000ABC  A$lcc1370 |    00000ABE  A$lcc1370 |    00000ABF  A$lcc1370
     00000AC1  A$lcc1370 |    00000AC2  A$lcc1370 |    00000AC4  A$lcc1370
     00000AC6  A$lcc1370 |    00000AC8  A$lcc1370 |    00000AC9  A$lcc1370
     00000ACB  A$lcc1370 |    00000ACC  A$lcc1370 |    00000ACE  A$lcc1370
     00000ACF  A$lcc1370 |    00000AD0  A$lcc1370 |    00000AD1  A$lcc1370
     00000AD2  A$lcc1370 |    00000AD3  A$lcc1370 |    00000AD4  A$lcc1370
     00000AD4  C$main.c$ |    00000AD6  A$lcc1370 |    00000AD7  A$lcc1370
     00000AD8  A$lcc1370 |    00000AD9  A$lcc1370 |    00000ADA  A$lcc1370
     00000ADB  A$lcc1370 |    00000ADC  A$lcc1370 |    00000ADC  C$main.c$
     00000ADF  A$lcc1370 |    00000AE0  A$lcc1370 |    00000AE1  A$lcc1370
     00000AE4  A$lcc1370 |    00000AE5  A$lcc1370 |    00000AE6  A$lcc1370
     00000AE7  A$lcc1370 |    00000AE9  A$lcc1370 |    00000AEA  A$lcc1370
     00000AEB  A$lcc1370 |    00000AED  A$lcc1370 |    00000AED  C$main.c$
     00000AF0  A$lcc1370 |    00000AF1  A$lcc1370 |    00000AF4  A$lcc1370
     00000AF5  A$lcc1370 |    00000AF8  A$lcc1370 |    00000AF9  A$lcc1370
     00000AFC  A$lcc1370 |    00000AFE  A$lcc1370 |    00000AFE  C$main.c$
     00000B01  A$lcc1370 |    00000B03  A$lcc1370 |    00000B06  A$lcc1370
     00000B07  A$lcc1370 |    00000B08  A$lcc1370 |    00000B09  A$lcc1370
     00000B0C  A$lcc1370 |    00000B0D  A$lcc1370 |    00000B0E  A$lcc1370
     00000B0F  A$lcc1370 |    00000B10  A$lcc1370 |    00000B11  A$lcc1370
     00000B12  A$lcc1370 |    00000B15  A$lcc1370 |    00000B16  A$lcc1370
     00000B16  C$main.c$ |    00000B19  A$lcc1370 |    00000B19  C$main.c$
     00000B1A  A$lcc1370 |    00000B1C  A$lcc1370 |    00000B1E  A$lcc1370
     00000B1F  A$lcc1370 |    00000B21  A$lcc1370 |    00000B23  A$lcc1370
     00000B23  C$main.c$ |    00000B26  A$lcc1370 |    00000B27  A$lcc1370
     00000B2A  A$lcc1370 |    00000B2B  A$lcc1370 |    00000B2E  A$lcc1370
     00000B2F  A$lcc1370 |    00000B32  A$lcc1370 |    00000B34  A$lcc1370
     00000B34  C$main.c$ |    00000B37  A$lcc1370 |    00000B39  A$lcc1370
     00000B3C  A$lcc1370 |    00000B3D  A$lcc1370 |    00000B3E  A$lcc1370
     00000B3F  A$lcc1370 |    00000B42  A$lcc1370 |    00000B43  A$lcc1370
     00000B44  A$lcc1370 |    00000B45  A$lcc1370 |    00000B46  A$lcc1370
     00000B47  A$lcc1370 |    00000B48  A$lcc1370 |    00000B4B  A$lcc1370
     00000B4C  A$lcc1370 |    00000B4C  C$main.c$ |    00000B4F  A$lcc1370
     00000B4F  C$main.c$ |    00000B50  A$lcc1370 |    00000B52  A$lcc1370
ASxxxx Linker V03.00 + NoICE + sdld,  page 14.
Hexadecimal  [32-Bits]

Area                       Addr        Size        Decimal Bytes (Attributes)
--------------------       ----        ----        ------- ----- ------------
_CODE                  00000200    0000217C =        8572. bytes (REL,CON)

        Value  Global            Value  Global            Value  Global    
        -----  ------            -----  ------            -----  ------    
     00000B54  A$lcc1370 |    00000B55  A$lcc1370 |    00000B57  A$lcc1370
     00000B59  A$lcc1370 |    00000B59  C$main.c$ |    00000B5C  A$lcc1370
     00000B5D  A$lcc1370 |    00000B60  A$lcc1370 |    00000B61  A$lcc1370
     00000B64  A$lcc1370 |    00000B65  A$lcc1370 |    00000B68  A$lcc1370
     00000B6A  A$lcc1370 |    00000B6A  C$main.c$ |    00000B6D  A$lcc1370
     00000B6F  A$lcc1370 |    00000B72  A$lcc1370 |    00000B73  A$lcc1370
     00000B74  A$lcc1370 |    00000B75  A$lcc1370 |    00000B78  A$lcc1370
     00000B79  A$lcc1370 |    00000B7A  A$lcc1370 |    00000B7B  A$lcc1370
     00000B7C  A$lcc1370 |    00000B7D  A$lcc1370 |    00000B7E  A$lcc1370
     00000B81  A$lcc1370 |    00000B82  A$lcc1370 |    00000B82  C$main.c$
     00000B84  A$lcc1370 |    00000B84  C$main.c$ |    00000B85  A$lcc1370
     00000B87  A$lcc1370 |    00000B89  A$lcc1370 |    00000B8A  A$lcc1370
     00000B8C  A$lcc1370 |    00000B8E  A$lcc1370 |    00000B8E  C$main.c$
     00000B91  A$lcc1370 |    00000B92  A$lcc1370 |    00000B95  A$lcc1370
     00000B96  A$lcc1370 |    00000B99  A$lcc1370 |    00000B9A  A$lcc1370
     00000B9D  A$lcc1370 |    00000B9F  A$lcc1370 |    00000B9F  C$main.c$
     00000BA2  A$lcc1370 |    00000BA4  A$lcc1370 |    00000BA7  A$lcc1370
     00000BA8  A$lcc1370 |    00000BA9  A$lcc1370 |    00000BAA  A$lcc1370
     00000BAD  A$lcc1370 |    00000BAE  A$lcc1370 |    00000BAF  A$lcc1370
     00000BB0  A$lcc1370 |    00000BB1  A$lcc1370 |    00000BB2  A$lcc1370
     00000BB3  A$lcc1370 |    00000BB6  A$lcc1370 |    00000BB7  A$lcc1370
     00000BB7  C$main.c$ |    00000BB9  A$lcc1370 |    00000BB9  C$main.c$
     00000BBA  A$lcc1370 |    00000BBC  A$lcc1370 |    00000BBE  A$lcc1370
     00000BBF  A$lcc1370 |    00000BC1  A$lcc1370 |    00000BC3  A$lcc1370
     00000BC3  C$main.c$ |    00000BC6  A$lcc1370 |    00000BC7  A$lcc1370
     00000BCA  A$lcc1370 |    00000BCB  A$lcc1370 |    00000BCE  A$lcc1370
     00000BCF  A$lcc1370 |    00000BD2  A$lcc1370 |    00000BD4  A$lcc1370
     00000BD4  C$main.c$ |    00000BD7  A$lcc1370 |    00000BD9  A$lcc1370
     00000BDC  A$lcc1370 |    00000BDD  A$lcc1370 |    00000BDE  A$lcc1370
     00000BDF  A$lcc1370 |    00000BE2  A$lcc1370 |    00000BE3  A$lcc1370
     00000BE4  A$lcc1370 |    00000BE5  A$lcc1370 |    00000BE6  A$lcc1370
     00000BE7  A$lcc1370 |    00000BE8  A$lcc1370 |    00000BEB  A$lcc1370
     00000BEC  A$lcc1370 |    00000BEC  C$main.c$ |    00000BEE  A$lcc1370
     00000BEE  C$main.c$ |    00000BF1  A$lcc1370 |    00000BF3  A$lcc1370
     00000BF3  C$main.c$ |    00000BF3  XG$win_ch |    00000BF4  A$lcc1370
     00000BF4  C$main.c$ |    00000BF4  G$collide |    00000BF4  _collide_
     00000BF6  A$lcc1370 |    00000BF6  C$main.c$ |    00000BF9  A$lcc1370
     00000BFA  A$lcc1370 |    00000BFB  A$lcc1370 |    00000BFC  A$lcc1370
     00000BFD  A$lcc1370 |    00000BFF  A$lcc1370 |    00000C00  A$lcc1370
     00000C01  A$lcc1370 |    00000C02  A$lcc1370 |    00000C03  A$lcc1370
     00000C05  A$lcc1370 |    00000C07  A$lcc1370 |    00000C07  C$main.c$
     00000C09  A$lcc1370 |    00000C0B  A$lcc1370 |    00000C0B  C$main.c$
     00000C0D  A$lcc1370 |    00000C0F  A$lcc1370 |    00000C11  A$lcc1370
     00000C11  C$main.c$ |    00000C13  A$lcc1370 |    00000C15  A$lcc1370
     00000C15  C$main.c$ |    00000C17  A$lcc1370 |    00000C19  A$lcc1370
     00000C19  C$main.c$ |    00000C1B  A$lcc1370 |    00000C1C  A$lcc1370
     00000C1E  A$lcc1370 |    00000C1F  A$lcc1370 |    00000C20  A$lcc1370
     00000C21  A$lcc1370 |    00000C22  A$lcc1370 |    00000C23  A$lcc1370
     00000C24  A$lcc1370 |    00000C27  A$lcc1370 |    00000C28  A$lcc1370
     00000C29  A$lcc1370 |    00000C2A  A$lcc1370 |    00000C2C  A$lcc1370
     00000C2D  A$lcc1370 |    00000C2E  A$lcc1370 |    00000C2F  A$lcc1370
ASxxxx Linker V03.00 + NoICE + sdld,  page 15.
Hexadecimal  [32-Bits]

Area                       Addr        Size        Decimal Bytes (Attributes)
--------------------       ----        ----        ------- ----- ------------
_CODE                  00000200    0000217C =        8572. bytes (REL,CON)

        Value  Global            Value  Global            Value  Global    
        -----  ------            -----  ------            -----  ------    
     00000C31  A$lcc1370 |    00000C32  A$lcc1370 |    00000C33  A$lcc1370
     00000C34  A$lcc1370 |    00000C35  A$lcc1370 |    00000C37  A$lcc1370
     00000C39  A$lcc1370 |    00000C3A  A$lcc1370 |    00000C3B  A$lcc1370
     00000C3C  A$lcc1370 |    00000C3D  A$lcc1370 |    00000C3E  A$lcc1370
     00000C3F  A$lcc1370 |    00000C42  A$lcc1370 |    00000C43  A$lcc1370
     00000C44  A$lcc1370 |    00000C45  A$lcc1370 |    00000C47  A$lcc1370
     00000C49  A$lcc1370 |    00000C4B  A$lcc1370 |    00000C4D  A$lcc1370
     00000C4F  A$lcc1370 |    00000C51  A$lcc1370 |    00000C51  C$main.c$
     00000C54  A$lcc1370 |    00000C55  A$lcc1370 |    00000C56  A$lcc1370
     00000C57  A$lcc1370 |    00000C58  A$lcc1370 |    00000C59  A$lcc1370
     00000C5A  A$lcc1370 |    00000C5B  A$lcc1370 |    00000C5C  A$lcc1370
     00000C5C  C$main.c$ |    00000C5D  A$lcc1370 |    00000C5F  A$lcc1370
     00000C60  A$lcc1370 |    00000C61  A$lcc1370 |    00000C63  A$lcc1370
     00000C66  A$lcc1370 |    00000C68  A$lcc1370 |    00000C69  A$lcc1370
     00000C69  C$main.c$ |    00000C6B  A$lcc1370 |    00000C6C  A$lcc1370
     00000C6E  A$lcc1370 |    00000C6F  A$lcc1370 |    00000C71  A$lcc1370
     00000C73  A$lcc1370 |    00000C74  A$lcc1370 |    00000C76  A$lcc1370
     00000C78  A$lcc1370 |    00000C79  A$lcc1370 |    00000C7A  A$lcc1370
     00000C7B  A$lcc1370 |    00000C7C  A$lcc1370 |    00000C7D  A$lcc1370
     00000C7E  A$lcc1370 |    00000C80  A$lcc1370 |    00000C81  A$lcc1370
     00000C83  A$lcc1370 |    00000C84  A$lcc1370 |    00000C85  A$lcc1370
     00000C86  A$lcc1370 |    00000C87  A$lcc1370 |    00000C88  A$lcc1370
     00000C89  A$lcc1370 |    00000C8A  A$lcc1370 |    00000C8B  A$lcc1370
     00000C8C  A$lcc1370 |    00000C8D  A$lcc1370 |    00000C8F  A$lcc1370
     00000C90  A$lcc1370 |    00000C92  A$lcc1370 |    00000C93  A$lcc1370
     00000C95  A$lcc1370 |    00000C96  A$lcc1370 |    00000C98  A$lcc1370
     00000C99  A$lcc1370 |    00000C9B  A$lcc1370 |    00000C9D  A$lcc1370
     00000C9F  A$lcc1370 |    00000CA0  A$lcc1370 |    00000CA1  A$lcc1370
     00000CA4  A$lcc1370 |    00000CA5  A$lcc1370 |    00000CA6  A$lcc1370
     00000CA7  A$lcc1370 |    00000CA9  A$lcc1370 |    00000CAA  A$lcc1370
     00000CAB  A$lcc1370 |    00000CAC  A$lcc1370 |    00000CAE  A$lcc1370
     00000CAF  A$lcc1370 |    00000CB1  A$lcc1370 |    00000CB3  A$lcc1370
     00000CB4  A$lcc1370 |    00000CB6  A$lcc1370 |    00000CB7  A$lcc1370
     00000CB9  A$lcc1370 |    00000CBA  A$lcc1370 |    00000CBC  A$lcc1370
     00000CBD  A$lcc1370 |    00000CBF  A$lcc1370 |    00000CC0  A$lcc1370
     00000CC2  A$lcc1370 |    00000CC2  C$main.c$ |    00000CC4  A$lcc1370
     00000CC5  A$lcc1370 |    00000CC6  A$lcc1370 |    00000CC8  A$lcc1370
     00000CC9  A$lcc1370 |    00000CCA  A$lcc1370 |    00000CCB  A$lcc1370
     00000CCC  A$lcc1370 |    00000CCD  A$lcc1370 |    00000CCE  A$lcc1370
     00000CD0  A$lcc1370 |    00000CD1  A$lcc1370 |    00000CD2  A$lcc1370
     00000CD3  A$lcc1370 |    00000CD4  A$lcc1370 |    00000CD5  A$lcc1370
     00000CD6  A$lcc1370 |    00000CD8  A$lcc1370 |    00000CD9  A$lcc1370
     00000CDA  A$lcc1370 |    00000CDB  A$lcc1370 |    00000CDD  A$lcc1370
     00000CDE  A$lcc1370 |    00000CDF  A$lcc1370 |    00000CE0  A$lcc1370
     00000CE1  A$lcc1370 |    00000CE2  A$lcc1370 |    00000CE3  A$lcc1370
     00000CE4  A$lcc1370 |    00000CE5  A$lcc1370 |    00000CE7  A$lcc1370
     00000CE9  A$lcc1370 |    00000CEA  A$lcc1370 |    00000CEB  A$lcc1370
     00000CEC  A$lcc1370 |    00000CED  A$lcc1370 |    00000CF0  A$lcc1370
     00000CF1  A$lcc1370 |    00000CF2  A$lcc1370 |    00000CF3  A$lcc1370
     00000CF5  A$lcc1370 |    00000CF6  A$lcc1370 |    00000CF7  A$lcc1370
     00000CF8  A$lcc1370 |    00000CFA  A$lcc1370 |    00000CFB  A$lcc1370
ASxxxx Linker V03.00 + NoICE + sdld,  page 16.
Hexadecimal  [32-Bits]

Area                       Addr        Size        Decimal Bytes (Attributes)
--------------------       ----        ----        ------- ----- ------------
_CODE                  00000200    0000217C =        8572. bytes (REL,CON)

        Value  Global            Value  Global            Value  Global    
        -----  ------            -----  ------            -----  ------    
     00000CFD  A$lcc1370 |    00000CFE  A$lcc1370 |    00000CFF  A$lcc1370
     00000CFF  C$main.c$ |    00000D00  A$lcc1370 |    00000D01  A$lcc1370
     00000D03  A$lcc1370 |    00000D05  A$lcc1370 |    00000D07  A$lcc1370
     00000D09  A$lcc1370 |    00000D0B  A$lcc1370 |    00000D0D  A$lcc1370
     00000D0E  A$lcc1370 |    00000D0F  A$lcc1370 |    00000D11  A$lcc1370
     00000D12  A$lcc1370 |    00000D13  A$lcc1370 |    00000D14  A$lcc1370
     00000D15  A$lcc1370 |    00000D16  A$lcc1370 |    00000D19  A$lcc1370
     00000D1A  A$lcc1370 |    00000D1B  A$lcc1370 |    00000D1C  A$lcc1370
     00000D1E  A$lcc1370 |    00000D1F  A$lcc1370 |    00000D21  A$lcc1370
     00000D21  C$main.c$ |    00000D22  A$lcc1370 |    00000D24  A$lcc1370
     00000D25  A$lcc1370 |    00000D26  A$lcc1370 |    00000D27  A$lcc1370
     00000D28  A$lcc1370 |    00000D2B  A$lcc1370 |    00000D2C  A$lcc1370
     00000D2E  A$lcc1370 |    00000D2F  A$lcc1370 |    00000D30  A$lcc1370
     00000D32  A$lcc1370 |    00000D32  C$main.c$ |    00000D35  A$lcc1370
     00000D36  A$lcc1370 |    00000D37  A$lcc1370 |    00000D38  A$lcc1370
     00000D39  A$lcc1370 |    00000D3B  A$lcc1370 |    00000D3C  A$lcc1370
     00000D3D  A$lcc1370 |    00000D3E  A$lcc1370 |    00000D3F  A$lcc1370
     00000D41  A$lcc1370 |    00000D43  A$lcc1370 |    00000D43  C$main.c$
     00000D45  A$lcc1370 |    00000D46  A$lcc1370 |    00000D48  A$lcc1370
     00000D49  A$lcc1370 |    00000D4B  A$lcc1370 |    00000D4D  A$lcc1370
     00000D4E  A$lcc1370 |    00000D50  A$lcc1370 |    00000D51  A$lcc1370
     00000D52  A$lcc1370 |    00000D54  A$lcc1370 |    00000D55  A$lcc1370
     00000D57  A$lcc1370 |    00000D59  A$lcc1370 |    00000D5A  A$lcc1370
     00000D5C  A$lcc1370 |    00000D5D  A$lcc1370 |    00000D5F  A$lcc1370
     00000D62  A$lcc1370 |    00000D63  A$lcc1370 |    00000D65  A$lcc1370
     00000D66  A$lcc1370 |    00000D67  A$lcc1370 |    00000D69  A$lcc1370
     00000D6A  A$lcc1370 |    00000D6D  A$lcc1370 |    00000D6D  C$main.c$
     00000D70  A$lcc1370 |    00000D72  A$lcc1370 |    00000D75  A$lcc1370
     00000D75  C$main.c$ |    00000D75  C$main.c$ |    00000D76  A$lcc1370
     00000D78  A$lcc1370 |    00000D79  A$lcc1370 |    00000D7B  A$lcc1370
     00000D7C  A$lcc1370 |    00000D7E  A$lcc1370 |    00000D7F  A$lcc1370
     00000D81  A$lcc1370 |    00000D81  C$main.c$ |    00000D83  A$lcc1370
     00000D84  A$lcc1370 |    00000D86  A$lcc1370 |    00000D87  A$lcc1370
     00000D89  A$lcc1370 |    00000D8B  A$lcc1370 |    00000D8C  A$lcc1370
     00000D8D  A$lcc1370 |    00000D8F  A$lcc1370 |    00000D91  A$lcc1370
     00000D92  A$lcc1370 |    00000D94  A$lcc1370 |    00000D95  A$lcc1370
     00000D96  A$lcc1370 |    00000D98  A$lcc1370 |    00000D99  A$lcc1370
     00000D9B  A$lcc1370 |    00000D9D  A$lcc1370 |    00000D9F  A$lcc1370
     00000DA1  A$lcc1370 |    00000DA3  A$lcc1370 |    00000DA4  A$lcc1370
     00000DA5  A$lcc1370 |    00000DA7  A$lcc1370 |    00000DA8  A$lcc1370
     00000DAA  A$lcc1370 |    00000DAA  C$main.c$ |    00000DAD  A$lcc1370
     00000DAF  A$lcc1370 |    00000DB2  A$lcc1370 |    00000DB2  C$main.c$
     00000DB5  A$lcc1370 |    00000DB6  A$lcc1370 |    00000DB9  A$lcc1370
     00000DB9  C$main.c$ |    00000DBC  A$lcc1370 |    00000DBE  A$lcc1370
     00000DC1  A$lcc1370 |    00000DC1  C$main.c$ |    00000DC3  A$lcc1370
     00000DC4  A$lcc1370 |    00000DC6  A$lcc1370 |    00000DC7  A$lcc1370
     00000DC9  A$lcc1370 |    00000DCB  A$lcc1370 |    00000DCC  A$lcc1370
     00000DCD  A$lcc1370 |    00000DCF  A$lcc1370 |    00000DD0  A$lcc1370
     00000DD1  A$lcc1370 |    00000DD3  A$lcc1370 |    00000DD4  A$lcc1370
     00000DD6  A$lcc1370 |    00000DD7  A$lcc1370 |    00000DD9  A$lcc1370
     00000DDA  A$lcc1370 |    00000DDB  A$lcc1370 |    00000DDD  A$lcc1370
ASxxxx Linker V03.00 + NoICE + sdld,  page 17.
Hexadecimal  [32-Bits]

Area                       Addr        Size        Decimal Bytes (Attributes)
--------------------       ----        ----        ------- ----- ------------
_CODE                  00000200    0000217C =        8572. bytes (REL,CON)

        Value  Global            Value  Global            Value  Global    
        -----  ------            -----  ------            -----  ------    
     00000DDE  A$lcc1370 |    00000DDF  A$lcc1370 |    00000DE1  A$lcc1370
     00000DE2  A$lcc1370 |    00000DE4  A$lcc1370 |    00000DE5  A$lcc1370
     00000DE6  A$lcc1370 |    00000DE6  C$main.c$ |    00000DE7  A$lcc1370
     00000DE9  A$lcc1370 |    00000DEA  A$lcc1370 |    00000DEC  A$lcc1370
     00000DEC  C$main.c$ |    00000DEE  A$lcc1370 |    00000DF0  A$lcc1370
     00000DF2  A$lcc1370 |    00000DF4  A$lcc1370 |    00000DF6  A$lcc1370
     00000DF8  A$lcc1370 |    00000DFA  A$lcc1370 |    00000DFC  A$lcc1370
     00000DFE  A$lcc1370 |    00000DFE  C$main.c$ |    00000E01  A$lcc1370
     00000E03  A$lcc1370 |    00000E05  A$lcc1370 |    00000E05  C$main.c$
     00000E08  A$lcc1370 |    00000E09  A$lcc1370 |    00000E0B  A$lcc1370
     00000E0B  C$main.c$ |    00000E0E  A$lcc1370 |    00000E10  A$lcc1370
     00000E12  A$lcc1370 |    00000E12  C$main.c$ |    00000E13  A$lcc1370
     00000E15  A$lcc1370 |    00000E16  A$lcc1370 |    00000E18  A$lcc1370
     00000E18  C$main.c$ |    00000E1A  A$lcc1370 |    00000E1C  A$lcc1370
     00000E1E  A$lcc1370 |    00000E20  A$lcc1370 |    00000E22  A$lcc1370
     00000E24  A$lcc1370 |    00000E26  A$lcc1370 |    00000E28  A$lcc1370
     00000E2A  A$lcc1370 |    00000E2A  C$main.c$ |    00000E2D  A$lcc1370
     00000E2F  A$lcc1370 |    00000E31  A$lcc1370 |    00000E31  C$main.c$
     00000E34  A$lcc1370 |    00000E35  A$lcc1370 |    00000E37  A$lcc1370
     00000E37  C$main.c$ |    00000E3A  A$lcc1370 |    00000E3C  A$lcc1370
     00000E3E  A$lcc1370 |    00000E3E  C$main.c$ |    00000E3F  A$lcc1370
     00000E41  A$lcc1370 |    00000E42  A$lcc1370 |    00000E44  A$lcc1370
     00000E44  C$main.c$ |    00000E46  A$lcc1370 |    00000E48  A$lcc1370
     00000E4A  A$lcc1370 |    00000E4C  A$lcc1370 |    00000E4E  A$lcc1370
     00000E50  A$lcc1370 |    00000E52  A$lcc1370 |    00000E54  A$lcc1370
     00000E56  A$lcc1370 |    00000E56  C$main.c$ |    00000E59  A$lcc1370
     00000E5B  A$lcc1370 |    00000E5D  A$lcc1370 |    00000E5D  C$main.c$
     00000E60  A$lcc1370 |    00000E61  A$lcc1370 |    00000E63  A$lcc1370
     00000E63  C$main.c$ |    00000E66  A$lcc1370 |    00000E68  A$lcc1370
     00000E6A  A$lcc1370 |    00000E6A  C$main.c$ |    00000E6B  A$lcc1370
     00000E6D  A$lcc1370 |    00000E6E  A$lcc1370 |    00000E70  A$lcc1370
     00000E70  C$main.c$ |    00000E73  A$lcc1370 |    00000E74  A$lcc1370
     00000E75  A$lcc1370 |    00000E76  A$lcc1370 |    00000E77  A$lcc1370
     00000E78  A$lcc1370 |    00000E7B  A$lcc1370 |    00000E7C  A$lcc1370
     00000E7E  A$lcc1370 |    00000E7E  C$main.c$ |    00000E7E  XG$collid
     00000E7F  A$lcc1370 |    00000E7F  C$main.c$ |    00000E7F  C$main.c$
     00000E7F  G$animate |    00000E7F  _animate_ |    00000E82  A$lcc1370
     00000E83  A$lcc1370 |    00000E83  C$main.c$ |    00000E86  A$lcc1370
     00000E87  A$lcc1370 |    00000E87  C$main.c$ |    00000E89  A$lcc1370
     00000E89  C$main.c$ |    00000E8C  A$lcc1370 |    00000E8E  A$lcc1370
     00000E90  A$lcc1370 |    00000E90  C$main.c$ |    00000E93  A$lcc1370
     00000E96  A$lcc1370 |    00000E97  A$lcc1370 |    00000E98  A$lcc1370
     00000E99  A$lcc1370 |    00000E9B  A$lcc1370 |    00000E9C  A$lcc1370
     00000E9E  A$lcc1370 |    00000E9F  A$lcc1370 |    00000EA0  A$lcc1370
     00000EA0  C$main.c$ |    00000EA2  A$lcc1370 |    00000EA3  A$lcc1370
     00000EA5  A$lcc1370 |    00000EA7  A$lcc1370 |    00000EA7  C$main.c$
     00000EA9  A$lcc1370 |    00000EAA  A$lcc1370 |    00000EAB  A$lcc1370
     00000EAC  A$lcc1370 |    00000EAD  A$lcc1370 |    00000EB0  A$lcc1370
     00000EB1  A$lcc1370 |    00000EB2  A$lcc1370 |    00000EB3  A$lcc1370
     00000EB3  C$main.c$ |    00000EB4  A$lcc1370 |    00000EB6  A$lcc1370
     00000EB7  A$lcc1370 |    00000EB8  A$lcc1370 |    00000EB9  A$lcc1370
ASxxxx Linker V03.00 + NoICE + sdld,  page 18.
Hexadecimal  [32-Bits]

Area                       Addr        Size        Decimal Bytes (Attributes)
--------------------       ----        ----        ------- ----- ------------
_CODE                  00000200    0000217C =        8572. bytes (REL,CON)

        Value  Global            Value  Global            Value  Global    
        -----  ------            -----  ------            -----  ------    
     00000EBA  A$lcc1370 |    00000EBD  A$lcc1370 |    00000EBE  A$lcc1370
     00000EBF  A$lcc1370 |    00000EBF  C$main.c$ |    00000EC0  A$lcc1370
     00000EC2  A$lcc1370 |    00000EC4  A$lcc1370 |    00000EC6  A$lcc1370
     00000EC7  A$lcc1370 |    00000EC9  A$lcc1370 |    00000EC9  C$main.c$
     00000ECA  A$lcc1370 |    00000ECB  A$lcc1370 |    00000ECD  A$lcc1370
     00000ECE  A$lcc1370 |    00000ECF  A$lcc1370 |    00000ED0  A$lcc1370
     00000ED3  A$lcc1370 |    00000ED5  A$lcc1370 |    00000ED6  A$lcc1370
     00000ED6  C$main.c$ |    00000ED7  A$lcc1370 |    00000ED9  A$lcc1370
     00000EDB  A$lcc1370 |    00000EDD  A$lcc1370 |    00000EDE  A$lcc1370
     00000EE0  A$lcc1370 |    00000EE0  C$main.c$ |    00000EE1  A$lcc1370
     00000EE3  A$lcc1370 |    00000EE4  A$lcc1370 |    00000EE5  A$lcc1370
     00000EE6  A$lcc1370 |    00000EE9  A$lcc1370 |    00000EEB  A$lcc1370
     00000EEB  C$main.c$ |    00000EEC  A$lcc1370 |    00000EEE  A$lcc1370
     00000EEE  C$main.c$ |    00000EF1  A$lcc1370 |    00000EF3  A$lcc1370
     00000EF5  A$lcc1370 |    00000EF8  A$lcc1370 |    00000EF9  A$lcc1370
     00000EFA  A$lcc1370 |    00000EFC  A$lcc1370 |    00000EFC  C$main.c$
     00000EFE  A$lcc1370 |    00000EFE  C$main.c$ |    00000F01  A$lcc1370
     00000F02  A$lcc1370 |    00000F03  A$lcc1370 |    00000F03  C$main.c$
     00000F06  A$lcc1370 |    00000F08  A$lcc1370 |    00000F09  A$lcc1370
     00000F09  C$main.c$ |    00000F0C  A$lcc1370 |    00000F0D  A$lcc1370
     00000F0E  A$lcc1370 |    00000F10  A$lcc1370 |    00000F11  A$lcc1370
     00000F14  A$lcc1370 |    00000F15  A$lcc1370 |    00000F16  A$lcc1370
     00000F19  A$lcc1370 |    00000F1B  A$lcc1370 |    00000F1C  A$lcc1370
     00000F1F  A$lcc1370 |    00000F20  A$lcc1370 |    00000F21  A$lcc1370
     00000F21  C$main.c$ |    00000F22  A$lcc1370 |    00000F23  A$lcc1370
     00000F25  A$lcc1370 |    00000F25  C$main.c$ |    00000F28  A$lcc1370
     00000F29  A$lcc1370 |    00000F2A  A$lcc1370 |    00000F2C  A$lcc1370
     00000F2C  C$main.c$ |    00000F2D  A$lcc1370 |    00000F2E  A$lcc1370
     00000F2F  A$lcc1370 |    00000F30  A$lcc1370 |    00000F32  A$lcc1370
     00000F33  A$lcc1370 |    00000F34  A$lcc1370 |    00000F35  A$lcc1370
     00000F36  A$lcc1370 |    00000F39  A$lcc1370 |    00000F3B  A$lcc1370
     00000F3C  A$lcc1370 |    00000F3C  C$main.c$ |    00000F3D  A$lcc1370
     00000F3F  A$lcc1370 |    00000F3F  C$main.c$ |    00000F42  A$lcc1370
     00000F43  A$lcc1370 |    00000F44  A$lcc1370 |    00000F46  A$lcc1370
     00000F46  C$main.c$ |    00000F47  A$lcc1370 |    00000F48  A$lcc1370
     00000F49  A$lcc1370 |    00000F4A  A$lcc1370 |    00000F4C  A$lcc1370
     00000F4D  A$lcc1370 |    00000F4E  A$lcc1370 |    00000F4F  A$lcc1370
     00000F50  A$lcc1370 |    00000F53  A$lcc1370 |    00000F55  A$lcc1370
     00000F56  A$lcc1370 |    00000F56  C$main.c$ |    00000F57  A$lcc1370
     00000F59  A$lcc1370 |    00000F59  C$main.c$ |    00000F5C  A$lcc1370
     00000F5E  A$lcc1370 |    00000F5E  C$main.c$ |    00000F61  A$lcc1370
     00000F63  A$lcc1370 |    00000F64  A$lcc1370 |    00000F64  C$main.c$
     00000F67  A$lcc1370 |    00000F68  A$lcc1370 |    00000F69  A$lcc1370
     00000F6B  A$lcc1370 |    00000F6B  C$main.c$ |    00000F6C  A$lcc1370
     00000F6D  A$lcc1370 |    00000F6E  A$lcc1370 |    00000F70  A$lcc1370
     00000F71  A$lcc1370 |    00000F72  A$lcc1370 |    00000F73  A$lcc1370
     00000F74  A$lcc1370 |    00000F77  A$lcc1370 |    00000F79  A$lcc1370
     00000F7A  A$lcc1370 |    00000F7A  C$main.c$ |    00000F7B  A$lcc1370
     00000F7D  A$lcc1370 |    00000F7D  C$main.c$ |    00000F80  A$lcc1370
     00000F81  A$lcc1370 |    00000F82  A$lcc1370 |    00000F83  A$lcc1370
     00000F83  C$main.c$ |    00000F84  A$lcc1370 |    00000F85  A$lcc1370
ASxxxx Linker V03.00 + NoICE + sdld,  page 19.
Hexadecimal  [32-Bits]

Area                       Addr        Size        Decimal Bytes (Attributes)
--------------------       ----        ----        ------- ----- ------------
_CODE                  00000200    0000217C =        8572. bytes (REL,CON)

        Value  Global            Value  Global            Value  Global    
        -----  ------            -----  ------            -----  ------    
     00000F86  A$lcc1370 |    00000F88  A$lcc1370 |    00000F89  A$lcc1370
     00000F8A  A$lcc1370 |    00000F8B  A$lcc1370 |    00000F8C  A$lcc1370
     00000F8F  A$lcc1370 |    00000F91  A$lcc1370 |    00000F92  A$lcc1370
     00000F92  C$main.c$ |    00000F93  A$lcc1370 |    00000F93  C$main.c$
     00000F93  XG$animat |    00000F95  A$lcc1370 |    00000F95  C$main.c$
     00000F95  C$main.c$ |    00000F95  G$stage_t |    00000F95  _stage_ti
     00000F98  A$lcc1370 |    00000F99  A$lcc1370 |    00000F9B  A$lcc1370
     00000F9D  A$lcc1370 |    00000F9E  A$lcc1370 |    00000F9F  A$lcc1370
     00000FA0  A$lcc1370 |    00000FA2  A$lcc1370 |    00000FA5  A$lcc1370
     00000FA7  A$lcc1370 |    00000FA9  A$lcc1370 |    00000FA9  C$main.c$
     00000FAC  A$lcc1370 |    00000FAD  A$lcc1370 |    00000FAE  A$lcc1370
     00000FAF  A$lcc1370 |    00000FB1  A$lcc1370 |    00000FB3  A$lcc1370
     00000FB5  A$lcc1370 |    00000FB7  A$lcc1370 |    00000FB9  A$lcc1370
     00000FBB  A$lcc1370 |    00000FBD  A$lcc1370 |    00000FBF  A$lcc1370
     00000FC1  A$lcc1370 |    00000FC3  A$lcc1370 |    00000FC4  A$lcc1370
     00000FC6  A$lcc1370 |    00000FC7  A$lcc1370 |    00000FC7  C$main.c$
     00000FC8  A$lcc1370 |    00000FC8  C$main.c$ |    00000FCA  A$lcc1370
     00000FCB  A$lcc1370 |    00000FCD  A$lcc1370 |    00000FCE  A$lcc1370
     00000FCF  A$lcc1370 |    00000FD0  A$lcc1370 |    00000FD1  A$lcc1370
     00000FD4  A$lcc1370 |    00000FD5  A$lcc1370 |    00000FD5  C$main.c$
     00000FD6  A$lcc1370 |    00000FD8  A$lcc1370 |    00000FD9  A$lcc1370
     00000FDC  A$lcc1370 |    00000FDD  A$lcc1370 |    00000FDE  A$lcc1370
     00000FE0  A$lcc1370 |    00000FE1  A$lcc1370 |    00000FE2  A$lcc1370
     00000FE4  A$lcc1370 |    00000FE5  A$lcc1370 |    00000FE6  A$lcc1370
     00000FE8  A$lcc1370 |    00000FE8  C$main.c$ |    00000FE9  A$lcc1370
     00000FEB  A$lcc1370 |    00000FEC  A$lcc1370 |    00000FEE  A$lcc1370
     00000FEF  A$lcc1370 |    00000FF0  A$lcc1370 |    00000FF1  A$lcc1370
     00000FF4  A$lcc1370 |    00000FF6  A$lcc1370 |    00000FF6  C$main.c$
     00000FF9  A$lcc1370 |    00000FFA  A$lcc1370 |    00000FFA  C$main.c$
     00000FFD  A$lcc1370 |    00000FFE  A$lcc1370 |    00001000  A$lcc1370
     00001001  A$lcc1370 |    00001002  A$lcc1370 |    00001002  C$main.c$
     00001005  A$lcc1370 |    00001007  A$lcc1370 |    00001008  A$lcc1370
     00001008  C$main.c$ |    0000100B  A$lcc1370 |    0000100B  C$main.c$
     0000100B  C$main.c$ |    0000100B  XG$stage_ |    0000100E  A$lcc1370
     0000100E  C$main.c$ |    0000100E  C$main.c$ |    0000100E  G$render_
     0000100E  _render_d |    00001011  A$lcc1370 |    00001013  A$lcc1370
     00001015  A$lcc1370 |    00001018  A$lcc1370 |    00001019  A$lcc1370
     0000101C  A$lcc1370 |    0000101D  A$lcc1370 |    00001020  A$lcc1370
     00001021  A$lcc1370 |    00001023  A$lcc1370 |    00001024  A$lcc1370
     00001027  A$lcc1370 |    00001028  A$lcc1370 |    00001029  A$lcc1370
     0000102A  A$lcc1370 |    0000102B  A$lcc1370 |    0000102C  A$lcc1370
     0000102F  A$lcc1370 |    00001030  A$lcc1370 |    00001031  A$lcc1370
     00001032  A$lcc1370 |    00001035  A$lcc1370 |    00001037  A$lcc1370
     00001038  A$lcc1370 |    00001039  A$lcc1370 |    0000103A  A$lcc1370
     0000103B  A$lcc1370 |    0000103C  A$lcc1370 |    0000103D  A$lcc1370
     0000103E  A$lcc1370 |    0000103F  A$lcc1370 |    00001042  A$lcc1370
     00001044  A$lcc1370 |    00001044  C$main.c$ |    00001047  A$lcc1370
     00001048  A$lcc1370 |    00001048  C$main.c$ |    00001049  A$lcc1370
     0000104B  A$lcc1370 |    0000104C  A$lcc1370 |    0000104F  A$lcc1370
     00001050  A$lcc1370 |    00001051  A$lcc1370 |    00001052  A$lcc1370
     00001053  A$lcc1370 |    00001055  A$lcc1370 |    00001055  C$main.c$
ASxxxx Linker V03.00 + NoICE + sdld,  page 20.
Hexadecimal  [32-Bits]

Area                       Addr        Size        Decimal Bytes (Attributes)
--------------------       ----        ----        ------- ----- ------------
_CODE                  00000200    0000217C =        8572. bytes (REL,CON)

        Value  Global            Value  Global            Value  Global    
        -----  ------            -----  ------            -----  ------    
     00001058  A$lcc1370 |    00001058  C$main.c$ |    0000105B  A$lcc1370
     0000105D  A$lcc1370 |    0000105D  C$main.c$ |    00001060  A$lcc1370
     00001062  A$lcc1370 |    00001062  C$main.c$ |    00001065  A$lcc1370
     00001067  A$lcc1370 |    00001067  C$main.c$ |    0000106A  A$lcc1370
     0000106B  A$lcc1370 |    0000106B  C$main.c$ |    0000106B  XG$render
     0000106C  A$lcc1370 |    0000106C  C$main.c$ |    0000106C  C$main.c$
     0000106C  G$edge_de |    0000106C  _edge_dea |    0000106E  A$lcc1370
     0000106F  A$lcc1370 |    00001071  A$lcc1370 |    00001074  A$lcc1370
     00001075  A$lcc1370 |    00001076  A$lcc1370 |    00001077  A$lcc1370
     00001077  C$main.c$ |    0000107A  A$lcc1370 |    0000107C  A$lcc1370
     0000107C  C$main.c$ |    0000107F  A$lcc1370 |    00001081  A$lcc1370
     00001081  C$main.c$ |    00001084  A$lcc1370 |    00001086  A$lcc1370
     00001086  C$main.c$ |    00001086  XG$edge_d |    00001087  A$lcc1370
     00001087  C$main.c$ |    00001087  C$main.c$ |    00001087  G$main$0$
     00001087  _main     |    00001089  A$lcc1370 |    0000108B  A$lcc1370
     0000108B  C$main.c$ |    0000108C  A$lcc1370 |    0000108E  A$lcc1370
     0000108E  C$main.c$ |    0000108F  A$lcc1370 |    0000108F  C$main.c$
     00001092  A$lcc1370 |    00001093  A$lcc1370 |    00001096  A$lcc1370
     00001097  A$lcc1370 |    00001098  A$lcc1370 |    00001098  C$main.c$
     0000109A  A$lcc1370 |    0000109B  A$lcc1370 |    0000109C  A$lcc1370
     0000109F  A$lcc1370 |    000010A0  A$lcc1370 |    000010A0  C$main.c$
     000010A1  A$lcc1370 |    000010A3  A$lcc1370 |    000010A3  C$main.c$
     000010A5  A$lcc1370 |    000010A7  A$lcc1370 |    000010A7  C$main.c$
     000010A9  A$lcc1370 |    000010AB  A$lcc1370 |    000010AD  A$lcc1370
     000010AD  C$main.c$ |    000010AF  A$lcc1370 |    000010B1  A$lcc1370
     000010B3  A$lcc1370 |    000010B3  C$main.c$ |    000010B5  A$lcc1370
[...]
--------------------       ----        ----        ------- ----- ------------
_HEADER3               00000000    00000008 =           8. bytes (ABS,CON)

        Value  Global            Value  Global            Value  Global    
        -----  ------            -----  ------            -----  ------    
ASxxxx Linker V03.00 + NoICE + sdld,  page 27.
Hexadecimal  [32-Bits]

Area                       Addr        Size        Decimal Bytes (Attributes)
--------------------       ----        ----        ------- ----- ------------
_HEADER4               00000000    0000004E =          78. bytes (ABS,CON)

        Value  Global            Value  Global            Value  Global    
        -----  ------            -----  ------            -----  ------    
     00000080  .int      |    0000008F  _wait_int |    0000009C  __standar
     000000AC  _refresh_
ASxxxx Linker V03.00 + NoICE + sdld,  page 28.
Hexadecimal  [32-Bits]

Area                       Addr        Size        Decimal Bytes (Attributes)
--------------------       ----        ----        ------- ----- ------------
_HEADER5               00000000    00000002 =           2. bytes (ABS,CON)

        Value  Global            Value  Global            Value  Global    
        -----  ------            -----  ------            -----  ------    
ASxxxx Linker V03.00 + NoICE + sdld,  page 29.
Hexadecimal  [32-Bits]

Area                       Addr        Size        Decimal Bytes (Attributes)
--------------------       ----        ----        ------- ----- ------------
_HEADER6               00000000    00000030 =          48. bytes (ABS,CON)

        Value  Global            Value  Global            Value  Global    
        -----  ------            -----  ------            -----  ------    
ASxxxx Linker V03.00 + NoICE + sdld,  page 30.
Hexadecimal  [32-Bits]

Area                       Addr        Size        Decimal Bytes (Attributes)
--------------------       ----        ----        ------- ----- ------------
_HEADER7               00000000    00000006 =           6. bytes (ABS,CON)

        Value  Global            Value  Global            Value  Global    
        -----  ------            -----  ------            -----  ------    
ASxxxx Linker V03.00 + NoICE + sdld,  page 31.
Hexadecimal  [32-Bits]

Area                       Addr        Size        Decimal Bytes (Attributes)
--------------------       ----        ----        ------- ----- ------------
_HEADER8               00000000    00000003 =           3. bytes (ABS,CON)

        Value  Global            Value  Global            Value  Global    
        -----  ------            -----  ------            -----  ------    
ASxxxx Linker V03.00 + NoICE + sdld,  page 32.
Hexadecimal  [32-Bits]

Area                       Addr        Size        Decimal Bytes (Attributes)
--------------------       ----        ----        ------- ----- ------------
_HEADER9               00000000    00000001 =           1. bytes (ABS,CON)

        Value  Global            Value  Global            Value  Global    
        -----  ------            -----  ------            -----  ------    
ASxxxx Linker V03.00 + NoICE + sdld,  page 33.
Hexadecimal  [32-Bits]

Area                       Addr        Size        Decimal Bytes (Attributes)
--------------------       ----        ----        ------- ----- ------------
_HEADERa               00000000    00000001 =           1. bytes (ABS,CON)

        Value  Global            Value  Global            Value  Global    
        -----  ------            -----  ------            -----  ------    
ASxxxx Linker V03.00 + NoICE + sdld,  page 34.
Hexadecimal  [32-Bits]

Area                       Addr        Size        Decimal Bytes (Attributes)
--------------------       ----        ----        ------- ----- ------------
_HEADERb               00000000    00000001 =           1. bytes (ABS,CON)

        Value  Global            Value  Global            Value  Global    
        -----  ------            -----  ------            -----  ------    
ASxxxx Linker V03.00 + NoICE + sdld,  page 35.
Hexadecimal  [32-Bits]

Area                       Addr        Size        Decimal Bytes (Attributes)
--------------------       ----        ----        ------- ----- ------------
_HEADERc               00000000    00000002 =           2. bytes (ABS,CON)

        Value  Global            Value  Global            Value  Global    
        -----  ------            -----  ------            -----  ------    
ASxxxx Linker V03.00 + NoICE + sdld,  page 36.
Hexadecimal  [32-Bits]

Area                       Addr        Size        Decimal Bytes (Attributes)
--------------------       ----        ----        ------- ----- ------------
_HEADERd               00000000    00000001 =           1. bytes (ABS,CON)

        Value  Global            Value  Global            Value  Global    
        -----  ------            -----  ------            -----  ------    
ASxxxx Linker V03.00 + NoICE + sdld,  page 37.
Hexadecimal  [32-Bits]

Area                       Addr        Size        Decimal Bytes (Attributes)
--------------------       ----        ----        ------- ----- ------------
_HEADERe               00000000    00000001 =           1. bytes (ABS,CON)

        Value  Global            Value  Global            Value  Global    
        -----  ------            -----  ------            -----  ------    
ASxxxx Linker V03.00 + NoICE + sdld,  page 38.
Hexadecimal  [32-Bits]

Area                       Addr        Size        Decimal Bytes (Attributes)
--------------------       ----        ----        ------- ----- ------------
_HEADERf               00000000    00000002 =           2. bytes (ABS,CON)

        Value  Global            Value  Global            Value  Global    
        -----  ------            -----  ------            -----  ------    
ASxxxx Linker V03.00 + NoICE + sdld,  page 39.
Hexadecimal  [32-Bits]

Area                       Addr        Size        Decimal Bytes (Attributes)
--------------------       ----        ----        ------- ----- ------------
_HEADER10              00000000    00000082 =         130. bytes (ABS,CON)

        Value  Global            Value  Global            Value  Global    
        -----  ------            -----  ------            -----  ------    
     00000150  .reset    |    00000150  _reset    |    00000157  .code_sta
     000001B7  _exit     |    000001BB  _set_inte
ASxxxx Linker V03.00 + NoICE + sdld,  page 40.
Hexadecimal  [32-Bits]

Area                       Addr        Size        Decimal Bytes (Attributes)
--------------------       ----        ----        ------- ----- ------------
_HEADER11              00000000    00000001 =           1. bytes (ABS,CON)

        Value  Global            Value  Global            Value  Global    
        -----  ------            -----  ------            -----  ------    
ASxxxx Linker V03.00 + NoICE + sdld,  page 41.
Hexadecimal  [32-Bits]

Area                       Addr        Size        Decimal Bytes (Attributes)
--------------------       ----        ----        ------- ----- ------------
_HOME                  0000237C    0000039E =         926. bytes (REL,CON)

        Value  Global            Value  Global            Value  Global    
        -----  ------            -----  ------            -----  ------    
     0000237C  .memset_s |    00002385  .memcpy_s |    000023A2  .remove_V
     000023A5  .remove_i |    000023C2  .add_VBL  |    000023C5  .add_int 
     000023D0  .wait_vbl |    000023D0  _wait_vbl |    000023E0  .display_
     000023E0  _display_ |    000023F8  _remove_V |    00002403  _add_VBL 
     0000240E  _set_tile |    00002413  _set_bkg_ |    00002413  _set_win_
     0000241B  _set_spri |    0000244B  .padup    |    0000244B  _waitpadu
     0000245B  .jpad     |    0000245B  _joypad   |    00002483  _waitpad 
     00002486  .wait_pad |    0000248D  ___sdcc_c |    000024BD  _add_LCD 
     000024C8  .add_LCD  |    000024CE  _remove_L |    000024D9  .remove_L
     000024DF  __divsuch |    000024EC  __modsuch |    000024F6  __divusch
     00002508  __modusch |    00002518  __divscha |    00002524  __modscha
     0000252E  __divsint |    0000253F  __modsint |    0000254E  __divucha
     0000255A  __moducha |    00002564  __divuint |    00002575  __moduint
     00002584  .div8     |    00002584  .mod8     |    0000258C  .div16   
     0000258C  .mod16    |    000025C2  .divu8    |    000025C2  .modu8   
     000025C5  .divu16   |    000025C5  .modu16   |    00002606  _set_bkg_
     0000261A  _uitoa    |    00002629  _itoa     |    00002638  .itoa    
     0000264C  .utoa     |    000026C0  .set_xy_w |    000026C9  .set_xy_b
     000026D8  .set_xy_t
ASxxxx Linker V03.00 + NoICE + sdld,  page 42.
Hexadecimal  [32-Bits]

Area                       Addr        Size        Decimal Bytes (Attributes)
--------------------       ----        ----        ------- ----- ------------
_CODE_0                0000271A    00000440 =        1088. bytes (REL,CON)

        Value  Global            Value  Global            Value  Global    
        -----  ------            -----  ------            -----  ------    
     0000271A  G$FONT$0_ |    0000271A  _FONT    
ASxxxx Linker V03.00 + NoICE + sdld,  page 43.
Hexadecimal  [32-Bits]

Area                       Addr        Size        Decimal Bytes (Attributes)
--------------------       ----        ----        ------- ----- ------------
_INITIALIZER           00002B5A    0000004B =          75. bytes (REL,CON)

        Value  Global            Value  Global            Value  Global    
        -----  ------            -----  ------            -----  ------    
     00002B5A  Fmain$__x |    00002B7E  Fmain$__x |    00002B81  Fmain$__x
     00002B85  Fmain$__x |    00002B89  Fmain$__x |    00002B90  Fmain$__x
     00002B91  Fmain$__x |    00002B96  Fmain$__x |    00002B9B  Fmain$__x
     00002BA2  Fmain$__x
ASxxxx Linker V03.00 + NoICE + sdld,  page 44.
Hexadecimal  [32-Bits]

Area                       Addr        Size        Decimal Bytes (Attributes)
--------------------       ----        ----        ------- ----- ------------
_GSINIT                00002BA5    0000000C =          12. bytes (REL,CON)

        Value  Global            Value  Global            Value  Global    
        -----  ------            -----  ------            -----  ------    
     00002BA5  gsinit   
ASxxxx Linker V03.00 + NoICE + sdld,  page 45.
Hexadecimal  [32-Bits]

Area                       Addr        Size        Decimal Bytes (Attributes)
--------------------       ----        ----        ------- ----- ------------
_GSFINAL               00002BB1    00000001 =           1. bytes (REL,CON)

        Value  Global            Value  Global            Value  Global    
        -----  ------            -----  ------            -----  ------    
ASxxxx Linker V03.00 + NoICE + sdld,  page 46.
Hexadecimal  [32-Bits]

Area                       Addr        Size        Decimal Bytes (Attributes)
--------------------       ----        ----        ------- ----- ------------
_DATA                  0000C0A0    00000073 =         115. bytes (REL,CON)

        Value  Global            Value  Global            Value  Global    
        -----  ------            -----  ------            -----  ------    
     0000C0A0  __cpu     |    0000C0A1  __is_GBA  |    0000C0A2  .mode    
     0000C0A3  .sys_time |    0000C0A3  _sys_time |    0000C0A5  .int_0x40
     0000C0B9  G$scroll$ |    0000C0B9  _scroll   |    0000C0C3  G$PLAYER$
     0000C0C3  _PLAYER   |    0000C0CA  G$joy$0_0 |    0000C0CA  _joy     
     0000C0CB  G$last_jo |    0000C0CB  _last_joy |    0000C0CC  G$is_movi
     0000C0CC  _is_movin |    0000C0CD  G$is_anim |    0000C0CD  _is_anima
     0000C0CE  G$is_dyin |    0000C0CE  _is_dying |    0000C0CF  G$turtles
     0000C0CF  _turtles_ |    0000C0D0  G$move_x$ |    0000C0D0  _move_x  
     0000C0D1  G$move_y$ |    0000C0D1  _move_y   |    0000C0D2  G$scx_cou
     0000C0D2  _scx_coun |    0000C0D3  G$turtle_ |    0000C0D3  _turtle_c
     0000C0D4  G$dive_co |    0000C0D4  _dive_cou |    0000C0D5  G$timer$0
     0000C0D5  _timer    |    0000C0D7  G$timer_t |    0000C0D7  _timer_ti
     0000C0D8  G$GAMESTA |    0000C0D8  _GAMESTAT |    0000C0D9  G$turtle_
     0000C0D9  _turtle_t |    0000C0DA  G$dive_ti |    0000C0DA  _dive_til
     0000C0DB  G$y_min$0 |    0000C0DB  _y_min    |    0000C0DC  G$vram_ad
     0000C0DC  _vram_add |    0000C0DE  G$score$0 |    0000C0DE  _score   
     0000C0E0  G$score_b |    0000C0E0  _score_bu |    0000C0E5  G$current
     0000C0E5  _current_ |    0000C0E6  G$level_b |    0000C0E6  _level_bu
     0000C0FE  G$animati |    0000C0FE  _animatio |    0000C0FF  G$death_a
     0000C0FF  _death_an |    0000C100  ___curren |    0000C102  ___curren
     0000C103  .int_0x48
ASxxxx Linker V03.00 + NoICE + sdld,  page 47.
Hexadecimal  [32-Bits]

Area                       Addr        Size        Decimal Bytes (Attributes)
--------------------       ----        ----        ------- ----- ------------
_INITIALIZED           0000C113    0000004B =          75. bytes (REL,CON)

        Value  Global            Value  Global            Value  Global    
        -----  ------            -----  ------            -----  ------    
     0000C113  G$scroll_ |    0000C113  _scroll_r |    0000C137  G$turtle_
     0000C137  _turtle_d |    0000C13A  G$turtle_ |    0000C13A  _turtle_d
     0000C13E  G$turtle_ |    0000C13E  _turtle_t |    0000C142  G$dive_ti
     0000C142  _dive_til |    0000C149  G$lives$0 |    0000C149  _lives   
     0000C14A  G$PLAYER1 |    0000C14A  _PLAYER1U |    0000C14F  G$PLAYER2
     0000C14F  _PLAYER2U |    0000C154  G$level_t |    0000C154  _level_te
     0000C15B  G$death_a |    0000C15B  _death_an |    0000C15C  ___render
     0000C15D  __map_til
ASxxxx Linker V03.00 + NoICE + sdld,  page 48.
Hexadecimal  [32-Bits]

Area                       Addr        Size        Decimal Bytes (Attributes)
--------------------       ----        ----        ------- ----- ------------
_HRAM12                00000000    00000003 =           3. bytes (ABS,CON)

        Value  Global            Value  Global            Value  Global    
        -----  ------            -----  ------            -----  ------    
     0000FF90  __current |    0000FF92  __shadow_
ASxxxx Linker V03.00 + NoICE + sdld,  page 49.
Hexadecimal  [32-Bits]

Area                       Addr        Size        Decimal Bytes (Attributes)
--------------------       ----        ----        ------- ----- ------------
_CODE_1                00014000    000003D0 =         976. bytes (REL,CON)

        Value  Global            Value  Global            Value  Global    
        -----  ------            -----  ------            -----  ------    
     00014000  C$frogger |    00014000  G$__func_ |    00014000  G$frogger
     00014000  ___func_f |    00014000  _frogger_ |    0001400A  G$frogger
     0001400A  _frogger_ |    0001424A  G$frogger |    0001424A  _frogger_
     00014256  G$frogger |    00014256  _frogger_ |    00014262  G$frogger
     00014262  _frogger_ |    0001426E  G$frogger |    0001426E  _frogger_
     0001427A  G$frogger |    0001427A  _frogger_ |    00014286  G$frogger
     00014286  _frogger_ |    00014292  G$frogger |    00014292  _frogger_
     0001429E  G$frogger |    0001429E  _frogger_ |    000142AA  G$frogger
     000142AA  _frogger_ |    000142B6  G$frogger |    000142B6  _frogger_
     000142C8  G$frogger |    000142C8  _frogger_ |    000142DC  G$frogger
     000142DC  _frogger_ |    000142F0  G$frogger |    000142F0  _frogger_
     00014322  C$frogger |    00014322  G$__func_ |    00014322  G$frogger
     00014322  ___func_f |    00014322  _frogger_ |    0001432A  G$frogger
     0001432A  _frogger_ |    0001436A  G$frogger |    0001436A  _frogger_
     00014376  G$frogger |    00014376  _frogger_ |    00014378  C$tophat_
     00014378  G$__func_ |    00014378  G$tophat_ |    00014378  ___func_t
     00014378  _tophat_f |    00014382  G$tophat_ |    00014382  _tophat_f
     000143C2  G$tophat_ |    000143C2  _tophat_f |    000143CE  G$tophat_
     000143CE  _tophat_f
ASxxxx Linker V03.00 + NoICE + sdld,  page 50.
Hexadecimal  [32-Bits]

Area                       Addr        Size        Decimal Bytes (Attributes)
--------------------       ----        ----        ------- ----- ------------
_HEADER_LCD0           00000000    00000003 =           3. bytes (ABS,CON)

        Value  Global            Value  Global            Value  Global    
        -----  ------            -----  ------            -----  ------    
ASxxxx Linker V03.00 + NoICE + sdld,  page 51.

Files Linked                              [ module(s) ]

C:\c_code\gbdk\lib/small/asxxxx/gb/crt0.o
                                          [ Runtime ]
C:\Users\EMART~1\AppData\Local\Temp/lcc137040.rel
                                          [ main ]
C:\Users\EMART~1\AppData\Local\Temp/lcc137041.rel
                                          [ bkg_map ]
C:\Users\EMART~1\AppData\Local\Temp/lcc137042.rel
                                          [ bkg_tiles ]
C:\Users\EMART~1\AppData\Local\Temp/lcc137043.rel
                                          [ collision_map ]
C:\Users\EMART~1\AppData\Local\Temp/lcc137044.rel
                                          [ font ]
C:\Users\EMART~1\AppData\Local\Temp/lcc137045.rel
                                          [ frog_lives ]
C:\Users\EMART~1\AppData\Local\Temp/lcc137046.rel
                                          [ frogger ]
C:\Users\EMART~1\AppData\Local\Temp/lcc137047.rel
                                          [ frogger_16 ]
C:\Users\EMART~1\AppData\Local\Temp/lcc137048.rel
                                          [ reset_timer ]
C:\Users\EMART~1\AppData\Local\Temp/lcc137049.rel
                                          [ tophat_frog ]
C:\Users\EMART~1\AppData\Local\Temp/lcc1370410.rel
                                          [ win_frog ]


Libraries Linked                          [ object file ]

C:\c_code\gbdk\lib/small/asxxxx/gb/gb.lib
                                          [ sfr.o ]
C:\c_code\gbdk\lib/small/asxxxx/gb/gb.lib
                                          [ get_tile.o ]
C:\c_code\gbdk\lib/small/asxxxx/gb/gb.lib
                                          [ set_tile.o ]
C:\c_code\gbdk\lib/small/asxxxx/gb/gb.lib
                                          [ metasprites_hide.o ]
C:\c_code\gbdk\lib/small/asxxxx/gb/gb.lib
                                          [ set_data.o ]
C:\c_code\gbdk\lib/small/asxxxx/gb/gb.lib
                                          [ metasprites_flip.o ]
C:\c_code\gbdk\lib/small/asxxxx/gbz80/gbz80.lib
                                          [ sprintf.o ]
C:\c_code\gbdk\lib/small/asxxxx/gb/gb.lib
                                          [ pad.o ]
C:\c_code\gbdk\lib/small/asxxxx/gb/gb.lib
                                          [ metasprites.o ]
C:\c_code\gbdk\lib/small/asxxxx/gbz80/gbz80.lib
                                          [ __sdcc_call_hl.o ]
C:\c_code\gbdk\lib/small/asxxxx/gb/gb.lib
                                          [ lcd.o ]
C:\c_code\gbdk\lib/small/asxxxx/gb/gb.lib
                                          [ get_addr.o ]
C:\c_code\gbdk\lib/small/asxxxx/gbz80/gbz80.lib
                                          [ div.o ]
C:\c_code\gbdk\lib/small/asxxxx/gb/gb.lib
                                          [ set_bk_t.o ]
C:\c_code\gbdk\lib/small/asxxxx/gbz80/gbz80.lib
                                          [ itoa.o ]
C:\c_code\gbdk\lib/small/asxxxx/gb/gb.lib
                                          [ set_xy_t.o ]

ASxxxx Linker V03.00 + NoICE + sdld,  page 52.

User Base Address Definitions

_DATA=0xC0A0
_CODE=0x0200
ASxxxx Linker V03.00 + NoICE + sdld,  page 53.

User Global Definitions

_shadow_OAM=0xC000
.STACK=0xE000
.refresh_OAM=0xFF80

