ASxxxx Linker V03.00 + NoICE + sdld,  page 1.
Hexadecimal  [32-Bits]

Area                       Addr        Size        Decimal Bytes (Attributes)
--------------------       ----        ----        ------- ----- ------------
.  .ABS.               00000000    00000000 =           0. bytes (ABS,CON)

        Value  Global            Value  Global            Value  Global    
        -----  ------            -----  ------            -----  ------    
     00000000  .__.ABS.  |    00000000  _rRAMG    |    00000000  l__BASE  
     00000000  l__BSS    |    00000000  l__CABS   |    00000000  l__DABS  
     00000000  l__HEADER |    00000000  l__HEADER |    00000000  l__HEAP  
     00000000  l__HRAM   |    00000000  l__LIT    |    00000000  s__CABS  
     00000000  s__DABS   |    00000000  s__HEADER |    00000000  s__HEADER
     00000000  s__HEADER |    00000000  s__HEADER |    00000000  s__HEADER
     00000000  s__HEADER |    00000000  s__HEADER |    00000000  s__HEADER
     00000000  s__HEADER |    00000000  s__HEADER |    00000000  s__HEADER
     00000000  s__HEADER |    00000000  s__HEADER |    00000000  s__HEADER
     00000000  s__HEADER |    00000000  s__HEADER |    00000000  s__HEADER
     00000000  s__HEADER |    00000000  s__HEADER |    00000000  s__HEADER
     00000000  s__HEADER |    00000000  s__HRAM   |    00000000  s__HRAM12
     00000001  ___bank_f |    00000001  ___bank_f |    00000001  l__GSFINA
     00000001  l__HEADER |    00000001  l__HEADER |    00000001  l__HEADER
     00000001  l__HEADER |    00000001  l__HEADER |    00000001  l__HEADER
     00000001  l__HEADER |    00000002  l__HEADER |    00000002  l__HEADER
     00000002  l__HEADER |    00000003  l__HEADER |    00000003  l__HEADER
     00000003  l__HRAM12 |    00000005  l__HEADER |    00000006  l__HEADER
     00000007  l__HEADER |    00000008  l__HEADER |    0000000C  l__GSINIT
     00000030  l__HEADER |    00000037  l__INITIA |    00000037  l__INITIA
     0000004F  l__HEADER |    00000053  l__DATA   |    00000082  l__HEADER
     000000AC  l__CODE_1 |    00000200  s__CODE   |    0000039A  l__HOME  
     00000440  l__CODE_0 |    00001BE1  l__CODE   |    00001DE1  s__HOME  
     00002000  _rROMB0   |    0000217B  s__BASE   |    0000217B  s__CODE_0
     000025BB  s__INITIA |    000025BB  s__LIT    |    000025F2  s__GSINIT
     000025FE  s__GSFINA |    00003000  _rROMB1   |    00004000  _rRAMB   
     00008000  __VRAM    |    00008000  __VRAM800 |    00008800  __VRAM880
     00009000  __VRAM900 |    00009800  __SCRN0   |    00009C00  __SCRN1  
     0000A000  __SRAM    |    0000C000  __RAM     |    0000C000  _shadow_O
     0000C0A0  s__DATA   |    0000C0F3  s__BSS    |    0000C0F3  s__INITIA
     0000C12A  s__HEAP   |    0000D000  __RAMBANK |    0000E000  .STACK   
     0000FE00  __OAMRAM  |    0000FF00  _P1_REG   |    0000FF00  __IO     
     0000FF01  _SB_REG   |    0000FF02  _SC_REG   |    0000FF04  _DIV_REG 
     0000FF05  _TIMA_REG |    0000FF06  _TMA_REG  |    0000FF07  _TAC_REG 
     0000FF0F  _IF_REG   |    0000FF10  _NR10_REG |    0000FF11  _NR11_REG
     0000FF12  _NR12_REG |    0000FF13  _NR13_REG |    0000FF14  _NR14_REG
     0000FF16  _NR21_REG |    0000FF17  _NR22_REG |    0000FF18  _NR23_REG
     0000FF19  _NR24_REG |    0000FF1A  _NR30_REG |    0000FF1B  _NR31_REG
     0000FF1C  _NR32_REG |    0000FF1D  _NR33_REG |    0000FF1E  _NR34_REG
     0000FF20  _NR41_REG |    0000FF21  _NR42_REG |    0000FF22  _NR43_REG
     0000FF23  _NR44_REG |    0000FF24  _NR50_REG |    0000FF25  _NR51_REG
     0000FF26  _NR52_REG |    0000FF30  _PCM_SAMP |    0000FF30  __AUD3WAV
     0000FF40  _LCDC_REG |    0000FF41  _STAT_REG |    0000FF42  _SCY_REG 
     0000FF43  _SCX_REG  |    0000FF44  _LY_REG   |    0000FF45  _LYC_REG 
     0000FF46  _DMA_REG  |    0000FF47  _BGP_REG  |    0000FF48  _OBP0_REG
     0000FF49  _OBP1_REG |    0000FF4A  _WY_REG   |    0000FF4B  _WX_REG  
     0000FF4D  _KEY1_REG |    0000FF4F  _VBK_REG  |    0000FF51  _HDMA1_RE
     0000FF52  _HDMA2_RE |    0000FF53  _HDMA3_RE |    0000FF54  _HDMA4_RE
     0000FF55  _HDMA5_RE |    0000FF56  _RP_REG   |    0000FF68  _BCPS_REG
     0000FF69  _BCPD_REG |    0000FF6A  _OCPS_REG |    0000FF6B  _OCPD_REG
ASxxxx Linker V03.00 + NoICE + sdld,  page 2.
Hexadecimal  [32-Bits]

Area                       Addr        Size        Decimal Bytes (Attributes)
--------------------       ----        ----        ------- ----- ------------
.  .ABS.               00000000    00000000 =           0. bytes (ABS,CON)

        Value  Global            Value  Global            Value  Global    
        -----  ------            -----  ------            -----  ------    
     0000FF70  _SVBK_REG |    0000FF76  _PCM12_RE |    0000FF77  _PCM34_RE
     0000FF80  .refresh_ |    0000FF80  __HRAM    |    0000FFFF  _IE_REG  
     00014000  s__CODE_1
ASxxxx Linker V03.00 + NoICE + sdld,  page 3.
Hexadecimal  [32-Bits]

Area                       Addr        Size        Decimal Bytes (Attributes)
--------------------       ----        ----        ------- ----- ------------
_CODE                  00000200    00001BE1 =        7137. bytes (REL,CON)

        Value  Global            Value  Global            Value  Global    
        -----  ------            -----  ------            -----  ------    
     00000200  A$lcc1936 |    00000200  C$main.c$ |    00000200  C$main.c$
     00000200  G$update_ |    00000200  _update_s |    00000203  A$lcc1936
     00000204  A$lcc1936 |    00000206  A$lcc1936 |    00000207  A$lcc1936
     00000209  A$lcc1936 |    0000020B  A$lcc1936 |    0000020C  A$lcc1936
     0000020D  A$lcc1936 |    0000020E  A$lcc1936 |    00000210  A$lcc1936
     00000210  C$main.c$ |    00000213  A$lcc1936 |    00000214  A$lcc1936
     00000217  A$lcc1936 |    00000218  A$lcc1936 |    0000021B  A$lcc1936
     0000021C  A$lcc1936 |    0000021D  A$lcc1936 |    0000021E  A$lcc1936
     00000220  A$lcc1936 |    00000220  C$main.c$ |    00000223  A$lcc1936
     00000224  A$lcc1936 |    00000226  A$lcc1936 |    00000227  A$lcc1936
     00000229  A$lcc1936 |    0000022B  A$lcc1936 |    0000022C  A$lcc1936
     0000022E  A$lcc1936 |    00000230  A$lcc1936 |    00000231  A$lcc1936
     00000233  A$lcc1936 |    00000233  C$main.c$ |    00000236  A$lcc1936
     00000237  A$lcc1936 |    0000023A  A$lcc1936 |    0000023B  A$lcc1936
     0000023E  A$lcc1936 |    0000023F  A$lcc1936 |    00000240  A$lcc1936
     00000241  A$lcc1936 |    00000243  A$lcc1936 |    00000243  C$main.c$
     00000245  A$lcc1936 |    00000247  A$lcc1936 |    0000024A  A$lcc1936
     0000024B  A$lcc1936 |    0000024D  A$lcc1936 |    0000024E  A$lcc1936
     00000250  A$lcc1936 |    00000252  A$lcc1936 |    00000252  C$main.c$
     00000255  A$lcc1936 |    00000256  A$lcc1936 |    00000259  A$lcc1936
     0000025A  A$lcc1936 |    0000025D  A$lcc1936 |    0000025E  A$lcc1936
     0000025F  A$lcc1936 |    00000260  A$lcc1936 |    00000262  A$lcc1936
     00000262  C$main.c$ |    00000265  A$lcc1936 |    00000267  A$lcc1936
     00000268  A$lcc1936 |    00000269  A$lcc1936 |    0000026B  A$lcc1936
     0000026C  A$lcc1936 |    0000026E  A$lcc1936 |    0000026E  C$main.c$
     00000271  A$lcc1936 |    00000272  A$lcc1936 |    00000275  A$lcc1936
     00000276  A$lcc1936 |    00000279  A$lcc1936 |    0000027A  A$lcc1936
     0000027B  A$lcc1936 |    0000027C  A$lcc1936 |    0000027C  C$main.c$
     0000027F  A$lcc1936 |    00000280  A$lcc1936 |    00000281  A$lcc1936
     00000282  A$lcc1936 |    00000283  A$lcc1936 |    00000286  A$lcc1936
     00000287  A$lcc1936 |    0000028A  A$lcc1936 |    0000028B  A$lcc1936
     0000028E  A$lcc1936 |    00000290  A$lcc1936 |    00000290  C$main.c$
     00000293  A$lcc1936 |    00000294  A$lcc1936 |    00000295  A$lcc1936
     00000296  A$lcc1936 |    00000296  C$main.c$ |    00000298  A$lcc1936
     00000299  A$lcc1936 |    0000029A  A$lcc1936 |    0000029D  A$lcc1936
     0000029E  A$lcc1936 |    0000029F  A$lcc1936 |    000002A0  A$lcc1936
     000002A1  A$lcc1936 |    000002A4  A$lcc1936 |    000002A6  A$lcc1936
     000002A6  C$main.c$ |    000002A9  A$lcc1936 |    000002AA  A$lcc1936
     000002AC  A$lcc1936 |    000002AD  A$lcc1936 |    000002AE  A$lcc1936
     000002AE  C$main.c$ |    000002AF  A$lcc1936 |    000002AF  C$main.c$
     000002AF  XG$update |    000002B1  Fmain$__s |    000002B4  A$lcc1936
     000002B4  C$main.c$ |    000002B4  C$main.c$ |    000002B4  G$reset_f
     000002B4  _reset_fr |    000002B7  A$lcc1936 |    000002B9  A$lcc1936
     000002B9  C$main.c$ |    000002BC  A$lcc1936 |    000002BE  A$lcc1936
     000002C1  A$lcc1936 |    000002C3  A$lcc1936 |    000002C3  C$main.c$
     000002C6  A$lcc1936 |    000002C8  A$lcc1936 |    000002C9  A$lcc1936
     000002CB  A$lcc1936 |    000002CB  C$main.c$ |    000002CE  A$lcc1936
     000002CF  A$lcc1936 |    000002D0  A$lcc1936 |    000002D2  A$lcc1936
     000002D3  A$lcc1936 |    000002D5  A$lcc1936 |    000002D5  C$main.c$
     000002D6  A$lcc1936 |    000002D9  A$lcc1936 |    000002D9  C$main.c$
ASxxxx Linker V03.00 + NoICE + sdld,  page 4.
Hexadecimal  [32-Bits]

Area                       Addr        Size        Decimal Bytes (Attributes)
--------------------       ----        ----        ------- ----- ------------
_CODE                  00000200    00001BE1 =        7137. bytes (REL,CON)

        Value  Global            Value  Global            Value  Global    
        -----  ------            -----  ------            -----  ------    
     000002DC  A$lcc1936 |    000002DE  A$lcc1936 |    000002DF  A$lcc1936
     000002E0  A$lcc1936 |    000002E3  A$lcc1936 |    000002E4  A$lcc1936
     000002E7  A$lcc1936 |    000002E8  A$lcc1936 |    000002E9  A$lcc1936
     000002EA  A$lcc1936 |    000002EB  A$lcc1936 |    000002EE  A$lcc1936
     000002EF  A$lcc1936 |    000002F0  A$lcc1936 |    000002F1  A$lcc1936
     000002F4  A$lcc1936 |    000002F6  A$lcc1936 |    000002F7  A$lcc1936
     000002F8  A$lcc1936 |    000002F9  A$lcc1936 |    000002FA  A$lcc1936
     000002FB  A$lcc1936 |    000002FC  A$lcc1936 |    000002FD  A$lcc1936
     000002FE  A$lcc1936 |    00000301  A$lcc1936 |    00000303  A$lcc1936
     00000303  C$main.c$ |    00000303  C$main.c$ |    00000303  XG$reset_
     00000304  A$lcc1936 |    00000304  C$main.c$ |    00000304  C$main.c$
     00000304  G$reset_t |    00000304  _reset_ti |    00000307  A$lcc1936
     00000309  A$lcc1936 |    0000030A  A$lcc1936 |    0000030C  A$lcc1936
     0000030C  C$main.c$ |    0000030F  A$lcc1936 |    00000310  A$lcc1936
     00000313  A$lcc1936 |    00000314  A$lcc1936 |    00000317  A$lcc1936
     00000318  A$lcc1936 |    0000031B  A$lcc1936 |    0000031D  A$lcc1936
     0000031D  C$main.c$ |    0000031D  XG$reset_ |    0000031E  A$lcc1936
     0000031E  C$main.c$ |    0000031E  C$main.c$ |    0000031E  G$init_le
     0000031E  _init_lev |    00000321  A$lcc1936 |    00000322  A$lcc1936
     00000325  A$lcc1936 |    00000326  A$lcc1936 |    00000329  A$lcc1936
     0000032B  A$lcc1936 |    0000032B  C$main.c$ |    0000032E  A$lcc1936
     0000032F  A$lcc1936 |    00000332  A$lcc1936 |    00000333  A$lcc1936
     00000336  A$lcc1936 |    00000338  A$lcc1936 |    00000338  C$main.c$
     0000033B  A$lcc1936 |    0000033C  A$lcc1936 |    0000033F  A$lcc1936
     00000340  A$lcc1936 |    00000343  A$lcc1936 |    00000345  A$lcc1936
     00000345  C$main.c$ |    00000348  A$lcc1936 |    00000349  A$lcc1936
     0000034C  A$lcc1936 |    0000034D  A$lcc1936 |    0000034E  A$lcc1936
     0000034F  A$lcc1936 |    00000350  A$lcc1936 |    00000353  A$lcc1936
     00000355  A$lcc1936 |    00000355  C$main.c$ |    00000358  A$lcc1936
     00000359  A$lcc1936 |    0000035B  A$lcc1936 |    0000035C  A$lcc1936
     0000035D  A$lcc1936 |    00000360  A$lcc1936 |    00000362  A$lcc1936
     00000362  C$main.c$ |    00000365  A$lcc1936 |    00000367  A$lcc1936
     00000367  C$main.c$ |    00000368  A$lcc1936 |    0000036B  A$lcc1936
     0000036C  A$lcc1936 |    0000036D  A$lcc1936 |    0000036D  C$main.c$
     00000370  A$lcc1936 |    00000370  C$main.c$ |    00000373  A$lcc1936
     00000373  C$main.c$ |    00000373  C$main.c$ |    00000373  XG$init_l
     00000376  A$lcc1936 |    00000376  C$main.c$ |    00000376  G$move_fr
     00000376  _move_fro |    00000377  A$lcc1936 |    00000378  A$lcc1936
     00000378  C$main.c$ |    0000037B  A$lcc1936 |    0000037C  A$lcc1936
     0000037E  A$lcc1936 |    0000037E  C$main.c$ |    00000381  A$lcc1936
     00000382  A$lcc1936 |    00000384  A$lcc1936 |    00000385  A$lcc1936
     00000386  A$lcc1936 |    00000387  A$lcc1936 |    00000388  A$lcc1936
     0000038B  A$lcc1936 |    0000038D  A$lcc1936 |    0000038F  A$lcc1936
     00000392  A$lcc1936 |    00000394  A$lcc1936 |    00000397  A$lcc1936
     00000398  A$lcc1936 |    00000399  A$lcc1936 |    0000039A  A$lcc1936
     0000039B  A$lcc1936 |    0000039C  A$lcc1936 |    0000039F  A$lcc1936
     000003A0  A$lcc1936 |    000003A1  A$lcc1936 |    000003A2  A$lcc1936
     000003A5  A$lcc1936 |    000003A7  A$lcc1936 |    000003A8  A$lcc1936
     000003AB  A$lcc1936 |    000003AC  A$lcc1936 |    000003AD  A$lcc1936
     000003AE  A$lcc1936 |    000003B1  A$lcc1936 |    000003B2  A$lcc1936
     000003B3  A$lcc1936 |    000003B4  A$lcc1936 |    000003B7  A$lcc1936
ASxxxx Linker V03.00 + NoICE + sdld,  page 5.
Hexadecimal  [32-Bits]

Area                       Addr        Size        Decimal Bytes (Attributes)
--------------------       ----        ----        ------- ----- ------------
_CODE                  00000200    00001BE1 =        7137. bytes (REL,CON)

        Value  Global            Value  Global            Value  Global    
        -----  ------            -----  ------            -----  ------    
     000003B9  A$lcc1936 |    000003BB  A$lcc1936 |    000003BC  A$lcc1936
     000003BD  A$lcc1936 |    000003BE  A$lcc1936 |    000003BF  A$lcc1936
     000003C1  A$lcc1936 |    000003C2  A$lcc1936 |    000003C5  A$lcc1936
     000003C7  A$lcc1936 |    000003C7  C$main.c$ |    000003C9  A$lcc1936
     000003C9  C$main.c$ |    000003CC  A$lcc1936 |    000003CD  A$lcc1936
     000003CF  A$lcc1936 |    000003CF  C$main.c$ |    000003D2  A$lcc1936
     000003D3  A$lcc1936 |    000003D4  A$lcc1936 |    000003D5  A$lcc1936
     000003D8  A$lcc1936 |    000003DA  A$lcc1936 |    000003DC  A$lcc1936
     000003DF  A$lcc1936 |    000003E1  A$lcc1936 |    000003E4  A$lcc1936
     000003E5  A$lcc1936 |    000003E6  A$lcc1936 |    000003E7  A$lcc1936
     000003EA  A$lcc1936 |    000003EB  A$lcc1936 |    000003EC  A$lcc1936
     000003ED  A$lcc1936 |    000003F0  A$lcc1936 |    000003F1  A$lcc1936
     000003F4  A$lcc1936 |    000003F5  A$lcc1936 |    000003F6  A$lcc1936
     000003F7  A$lcc1936 |    000003F8  A$lcc1936 |    000003FB  A$lcc1936
     000003FC  A$lcc1936 |    000003FD  A$lcc1936 |    000003FE  A$lcc1936
     00000401  A$lcc1936 |    00000403  A$lcc1936 |    00000404  A$lcc1936
     00000405  A$lcc1936 |    00000406  A$lcc1936 |    00000407  A$lcc1936
     00000408  A$lcc1936 |    00000409  A$lcc1936 |    0000040A  A$lcc1936
     0000040B  A$lcc1936 |    0000040E  A$lcc1936 |    00000410  A$lcc1936
     00000410  C$main.c$ |    00000411  A$lcc1936 |    00000412  A$lcc1936
     00000412  C$main.c$ |    00000412  XG$move_f |    00000413  A$lcc1936
     00000413  C$main.c$ |    00000413  C$main.c$ |    00000413  G$update_
     00000413  _update_m |    00000416  A$lcc1936 |    00000417  A$lcc1936
     00000419  A$lcc1936 |    00000419  C$main.c$ |    0000041C  A$lcc1936
     0000041C  C$main.c$ |    0000041F  A$lcc1936 |    00000421  A$lcc1936
     00000423  A$lcc1936 |    00000426  A$lcc1936 |    00000428  A$lcc1936
     0000042B  A$lcc1936 |    0000042C  A$lcc1936 |    0000042F  A$lcc1936
     00000430  A$lcc1936 |    00000431  A$lcc1936 |    00000432  A$lcc1936
     00000432  C$main.c$ |    00000435  A$lcc1936 |    00000436  A$lcc1936
     00000438  A$lcc1936 |    00000438  C$main.c$ |    0000043B  A$lcc1936
     0000043B  C$main.c$ |    0000043E  A$lcc1936 |    00000440  A$lcc1936
     00000442  A$lcc1936 |    00000445  A$lcc1936 |    00000447  A$lcc1936
     0000044A  A$lcc1936 |    0000044B  A$lcc1936 |    0000044E  A$lcc1936
     0000044F  A$lcc1936 |    00000450  A$lcc1936 |    00000451  A$lcc1936
     00000451  C$main.c$ |    00000454  A$lcc1936 |    00000455  A$lcc1936
     00000457  A$lcc1936 |    0000045A  A$lcc1936 |    0000045B  A$lcc1936
     0000045C  A$lcc1936 |    0000045C  C$main.c$ |    0000045F  A$lcc1936
     00000461  A$lcc1936 |    00000461  C$main.c$ |    00000464  A$lcc1936
     00000465  A$lcc1936 |    00000466  A$lcc1936 |    00000467  A$lcc1936
     0000046A  A$lcc1936 |    0000046B  A$lcc1936 |    0000046D  A$lcc1936
     0000046E  A$lcc1936 |    0000046F  A$lcc1936 |    00000470  A$lcc1936
     00000471  A$lcc1936 |    00000472  A$lcc1936 |    00000473  A$lcc1936
     00000475  A$lcc1936 |    00000477  A$lcc1936 |    00000479  A$lcc1936
     0000047B  A$lcc1936 |    0000047C  A$lcc1936 |    0000047E  A$lcc1936
     00000480  A$lcc1936 |    00000482  A$lcc1936 |    00000483  A$lcc1936
     00000484  A$lcc1936 |    00000484  C$main.c$ |    00000487  A$lcc1936
     00000488  A$lcc1936 |    0000048A  A$lcc1936 |    0000048B  A$lcc1936
     0000048C  A$lcc1936 |    0000048E  A$lcc1936 |    0000048F  A$lcc1936
     0000048F  C$main.c$ |    00000492  A$lcc1936 |    00000492  C$main.c$
     00000495  A$lcc1936 |    00000498  A$lcc1936 |    00000498  C$main.c$
     00000498  XG$update |    00000499  A$lcc1936 |    00000499  C$main.c$
ASxxxx Linker V03.00 + NoICE + sdld,  page 6.
Hexadecimal  [32-Bits]

Area                       Addr        Size        Decimal Bytes (Attributes)
--------------------       ----        ----        ------- ----- ------------
_CODE                  00000200    00001BE1 =        7137. bytes (REL,CON)

        Value  Global            Value  Global            Value  Global    
        -----  ------            -----  ------            -----  ------    
     00000499  C$main.c$ |    00000499  G$paralla |    00000499  _parallax
     0000049B  A$lcc1936 |    0000049C  A$lcc1936 |    0000049E  A$lcc1936
     000004A0  A$lcc1936 |    000004A2  A$lcc1936 |    000004A4  A$lcc1936
     000004A6  A$lcc1936 |    000004A8  A$lcc1936 |    000004AA  A$lcc1936
     000004AC  A$lcc1936 |    000004AE  A$lcc1936 |    000004B0  A$lcc1936
     000004B2  A$lcc1936 |    000004B4  A$lcc1936 |    000004B6  A$lcc1936
     000004B8  A$lcc1936 |    000004BA  A$lcc1936 |    000004BC  A$lcc1936
     000004BE  A$lcc1936 |    000004C0  A$lcc1936 |    000004C3  A$lcc1936
     000004C5  A$lcc1936 |    000004C8  A$lcc1936 |    000004CA  A$lcc1936
     000004CD  A$lcc1936 |    000004CF  A$lcc1936 |    000004D2  A$lcc1936
     000004D3  A$lcc1936 |    000004D3  C$main.c$ |    000004D4  A$lcc1936
     000004D6  A$lcc1936 |    000004D7  A$lcc1936 |    000004D9  A$lcc1936
     000004D9  C$main.c$ |    000004DB  A$lcc1936 |    000004DD  A$lcc1936
     000004DD  C$main.c$ |    000004DE  A$lcc1936 |    000004DE  C$main.c$
     000004E1  A$lcc1936 |    000004E3  A$lcc1936 |    000004E4  A$lcc1936
     000004E6  A$lcc1936 |    000004E6  C$main.c$ |    000004E8  A$lcc1936
     000004EA  A$lcc1936 |    000004EA  C$main.c$ |    000004EB  A$lcc1936
     000004EB  C$main.c$ |    000004EE  A$lcc1936 |    000004F0  A$lcc1936
     000004F1  A$lcc1936 |    000004F3  A$lcc1936 |    000004F3  C$main.c$
     000004F5  A$lcc1936 |    000004F7  A$lcc1936 |    000004F7  C$main.c$
     000004F8  A$lcc1936 |    000004F8  C$main.c$ |    000004FB  A$lcc1936
     000004FD  A$lcc1936 |    000004FE  A$lcc1936 |    00000500  A$lcc1936
     00000500  C$main.c$ |    00000502  A$lcc1936 |    00000504  A$lcc1936
     00000504  C$main.c$ |    00000505  A$lcc1936 |    00000505  C$main.c$
     00000508  A$lcc1936 |    0000050A  A$lcc1936 |    0000050B  A$lcc1936
     0000050D  A$lcc1936 |    0000050D  C$main.c$ |    0000050F  A$lcc1936
     00000511  A$lcc1936 |    00000511  C$main.c$ |    00000512  A$lcc1936
     00000512  C$main.c$ |    00000515  A$lcc1936 |    00000517  A$lcc1936
     00000518  A$lcc1936 |    0000051A  A$lcc1936 |    0000051A  C$main.c$
     0000051C  A$lcc1936 |    0000051E  A$lcc1936 |    0000051E  C$main.c$
     0000051F  A$lcc1936 |    0000051F  C$main.c$ |    00000520  A$lcc1936
     00000522  A$lcc1936 |    00000523  A$lcc1936 |    00000525  A$lcc1936
     00000525  C$main.c$ |    00000527  A$lcc1936 |    00000529  A$lcc1936
     00000529  C$main.c$ |    0000052A  A$lcc1936 |    0000052A  C$main.c$
     0000052D  A$lcc1936 |    0000052F  A$lcc1936 |    00000530  A$lcc1936
     00000532  A$lcc1936 |    00000532  C$main.c$ |    00000534  A$lcc1936
     00000536  A$lcc1936 |    00000536  C$main.c$ |    00000537  A$lcc1936
     00000537  C$main.c$ |    0000053A  A$lcc1936 |    0000053C  A$lcc1936
     0000053D  A$lcc1936 |    0000053F  A$lcc1936 |    0000053F  C$main.c$
     00000541  A$lcc1936 |    00000543  A$lcc1936 |    00000543  C$main.c$
     00000544  A$lcc1936 |    00000544  C$main.c$ |    00000547  A$lcc1936
     00000549  A$lcc1936 |    0000054A  A$lcc1936 |    0000054C  A$lcc1936
     0000054C  C$main.c$ |    0000054E  A$lcc1936 |    00000550  A$lcc1936
     00000550  C$main.c$ |    00000551  A$lcc1936 |    00000551  C$main.c$
     00000554  A$lcc1936 |    00000556  A$lcc1936 |    00000557  A$lcc1936
     00000559  A$lcc1936 |    00000559  C$main.c$ |    0000055B  A$lcc1936
     0000055D  A$lcc1936 |    0000055D  C$main.c$ |    0000055E  A$lcc1936
     0000055E  C$main.c$ |    00000561  A$lcc1936 |    00000563  A$lcc1936
     00000564  A$lcc1936 |    00000566  A$lcc1936 |    00000566  C$main.c$
     00000568  A$lcc1936 |    0000056A  A$lcc1936 |    0000056A  C$main.c$
     0000056B  A$lcc1936 |    0000056B  C$main.c$ |    0000056C  A$lcc1936
ASxxxx Linker V03.00 + NoICE + sdld,  page 7.
Hexadecimal  [32-Bits]

Area                       Addr        Size        Decimal Bytes (Attributes)
--------------------       ----        ----        ------- ----- ------------
_CODE                  00000200    00001BE1 =        7137. bytes (REL,CON)

        Value  Global            Value  Global            Value  Global    
        -----  ------            -----  ------            -----  ------    
     0000056E  A$lcc1936 |    0000056F  A$lcc1936 |    00000571  A$lcc1936
     00000571  C$main.c$ |    00000572  A$lcc1936 |    00000574  A$lcc1936
     00000574  C$main.c$ |    00000574  C$main.c$ |    00000574  XG$parall
     00000575  A$lcc1936 |    00000575  C$main.c$ |    00000575  G$scroll_
     00000575  _scroll_c |    00000576  A$lcc1936 |    00000576  C$main.c$
     00000579  A$lcc1936 |    0000057A  A$lcc1936 |    0000057C  A$lcc1936
     0000057F  A$lcc1936 |    00000580  A$lcc1936 |    00000581  A$lcc1936
     00000584  A$lcc1936 |    00000586  A$lcc1936 |    00000587  A$lcc1936
     00000588  A$lcc1936 |    0000058B  A$lcc1936 |    0000058B  C$main.c$
     0000058E  A$lcc1936 |    0000058F  A$lcc1936 |    00000590  A$lcc1936
     00000591  A$lcc1936 |    00000591  C$main.c$ |    00000592  A$lcc1936
     00000593  A$lcc1936 |    00000594  A$lcc1936 |    00000595  A$lcc1936
     00000596  A$lcc1936 |    00000597  A$lcc1936 |    00000597  C$main.c$
     00000598  A$lcc1936 |    00000599  A$lcc1936 |    0000059A  A$lcc1936
     0000059B  A$lcc1936 |    0000059C  A$lcc1936 |    0000059D  A$lcc1936
     0000059E  A$lcc1936 |    000005A1  A$lcc1936 |    000005A2  A$lcc1936
     000005A2  C$main.c$ |    000005A2  C$main.c$ |    000005A2  C$main.c$
     000005A3  A$lcc1936 |    000005A5  A$lcc1936 |    000005A5  C$main.c$
     000005A8  A$lcc1936 |    000005A9  A$lcc1936 |    000005AA  A$lcc1936
     000005AB  A$lcc1936 |    000005AC  A$lcc1936 |    000005AF  A$lcc1936
     000005B0  A$lcc1936 |    000005B1  A$lcc1936 |    000005B2  A$lcc1936
     000005B5  A$lcc1936 |    000005B7  A$lcc1936 |    000005B8  A$lcc1936
     000005BB  A$lcc1936 |    000005BC  A$lcc1936 |    000005BD  A$lcc1936
     000005BE  A$lcc1936 |    000005BF  A$lcc1936 |    000005C2  A$lcc1936
     000005C3  A$lcc1936 |    000005C4  A$lcc1936 |    000005C5  A$lcc1936
     000005C8  A$lcc1936 |    000005CA  A$lcc1936 |    000005CC  A$lcc1936
     000005CD  A$lcc1936 |    000005CE  A$lcc1936 |    000005CF  A$lcc1936
     000005D0  A$lcc1936 |    000005D2  A$lcc1936 |    000005D3  A$lcc1936
     000005D6  A$lcc1936 |    000005D8  A$lcc1936 |    000005D8  C$main.c$
     000005D8  C$main.c$ |    000005DB  A$lcc1936 |    000005DD  A$lcc1936
     000005DF  A$lcc1936 |    000005DF  C$main.c$ |    000005E2  A$lcc1936
     000005E3  A$lcc1936 |    000005E4  A$lcc1936 |    000005E5  A$lcc1936
     000005E6  A$lcc1936 |    000005E9  A$lcc1936 |    000005EA  A$lcc1936
     000005EB  A$lcc1936 |    000005EC  A$lcc1936 |    000005EF  A$lcc1936
     000005F1  A$lcc1936 |    000005F2  A$lcc1936 |    000005F5  A$lcc1936
     000005F6  A$lcc1936 |    000005F7  A$lcc1936 |    000005F8  A$lcc1936
     000005F9  A$lcc1936 |    000005FC  A$lcc1936 |    000005FD  A$lcc1936
     000005FE  A$lcc1936 |    000005FF  A$lcc1936 |    00000602  A$lcc1936
     00000604  A$lcc1936 |    00000606  A$lcc1936 |    00000607  A$lcc1936
     00000608  A$lcc1936 |    00000609  A$lcc1936 |    0000060A  A$lcc1936
     0000060C  A$lcc1936 |    0000060D  A$lcc1936 |    00000610  A$lcc1936
     00000612  A$lcc1936 |    00000612  C$main.c$ |    00000612  C$main.c$
     00000615  A$lcc1936 |    00000616  A$lcc1936 |    00000618  A$lcc1936
     0000061B  A$lcc1936 |    0000061C  A$lcc1936 |    0000061D  A$lcc1936
     00000620  A$lcc1936 |    00000622  A$lcc1936 |    00000623  A$lcc1936
     00000624  A$lcc1936 |    00000626  A$lcc1936 |    00000626  C$main.c$
     00000629  A$lcc1936 |    0000062A  A$lcc1936 |    0000062B  A$lcc1936
     0000062C  A$lcc1936 |    0000062C  C$main.c$ |    0000062F  A$lcc1936
     00000631  A$lcc1936 |    00000633  A$lcc1936 |    00000633  C$main.c$
     00000636  A$lcc1936 |    00000637  A$lcc1936 |    00000638  A$lcc1936
     00000639  A$lcc1936 |    0000063A  A$lcc1936 |    0000063D  A$lcc1936
ASxxxx Linker V03.00 + NoICE + sdld,  page 8.
Hexadecimal  [32-Bits]

Area                       Addr        Size        Decimal Bytes (Attributes)
--------------------       ----        ----        ------- ----- ------------
_CODE                  00000200    00001BE1 =        7137. bytes (REL,CON)

        Value  Global            Value  Global            Value  Global    
        -----  ------            -----  ------            -----  ------    
     0000063E  A$lcc1936 |    0000063F  A$lcc1936 |    00000640  A$lcc1936
     00000643  A$lcc1936 |    00000645  A$lcc1936 |    00000646  A$lcc1936
     00000649  A$lcc1936 |    0000064A  A$lcc1936 |    0000064B  A$lcc1936
     0000064C  A$lcc1936 |    0000064D  A$lcc1936 |    00000650  A$lcc1936
     00000651  A$lcc1936 |    00000652  A$lcc1936 |    00000653  A$lcc1936
     00000656  A$lcc1936 |    00000658  A$lcc1936 |    0000065A  A$lcc1936
     0000065B  A$lcc1936 |    0000065C  A$lcc1936 |    0000065D  A$lcc1936
     0000065E  A$lcc1936 |    00000660  A$lcc1936 |    00000661  A$lcc1936
     00000664  A$lcc1936 |    00000666  A$lcc1936 |    00000666  C$main.c$
     00000666  C$main.c$ |    00000669  A$lcc1936 |    0000066B  A$lcc1936
     0000066D  A$lcc1936 |    0000066D  C$main.c$ |    00000670  A$lcc1936
     00000671  A$lcc1936 |    00000672  A$lcc1936 |    00000673  A$lcc1936
     00000673  C$main.c$ |    00000676  A$lcc1936 |    00000677  A$lcc1936
     00000678  A$lcc1936 |    00000679  A$lcc1936 |    00000679  C$main.c$
     0000067C  A$lcc1936 |    0000067D  A$lcc1936 |    0000067E  A$lcc1936
     0000067F  A$lcc1936 |    0000067F  C$main.c$ |    00000682  A$lcc1936
     00000683  A$lcc1936 |    00000684  A$lcc1936 |    00000685  A$lcc1936
     00000685  C$main.c$ |    00000688  A$lcc1936 |    0000068A  A$lcc1936
     0000068C  A$lcc1936 |    0000068C  C$main.c$ |    0000068F  A$lcc1936
     00000690  A$lcc1936 |    00000691  A$lcc1936 |    00000692  A$lcc1936
     00000693  A$lcc1936 |    00000694  A$lcc1936 |    00000695  A$lcc1936
     00000696  A$lcc1936 |    00000697  A$lcc1936 |    00000698  A$lcc1936
     00000699  A$lcc1936 |    0000069A  A$lcc1936 |    0000069B  A$lcc1936
     0000069E  A$lcc1936 |    0000069F  A$lcc1936 |    000006A0  A$lcc1936
     000006A3  A$lcc1936 |    000006A4  A$lcc1936 |    000006A5  A$lcc1936
     000006A6  A$lcc1936 |    000006A7  A$lcc1936 |    000006AA  A$lcc1936
     000006AB  A$lcc1936 |    000006AC  A$lcc1936 |    000006AD  A$lcc1936
     000006B0  A$lcc1936 |    000006B2  A$lcc1936 |    000006B3  A$lcc1936
     000006B4  A$lcc1936 |    000006B5  A$lcc1936 |    000006B6  A$lcc1936
     000006B7  A$lcc1936 |    000006B8  A$lcc1936 |    000006B9  A$lcc1936
     000006BA  A$lcc1936 |    000006BD  A$lcc1936 |    000006BF  A$lcc1936
     000006BF  C$main.c$ |    000006BF  C$main.c$ |    000006C2  A$lcc1936
     000006C3  A$lcc1936 |    000006C5  A$lcc1936 |    000006C8  A$lcc1936
     000006C9  A$lcc1936 |    000006CA  A$lcc1936 |    000006CD  A$lcc1936
     000006CF  A$lcc1936 |    000006D0  A$lcc1936 |    000006D1  A$lcc1936
     000006D3  A$lcc1936 |    000006D3  C$main.c$ |    000006D6  A$lcc1936
     000006D7  A$lcc1936 |    000006D8  A$lcc1936 |    000006D9  A$lcc1936
     000006D9  C$main.c$ |    000006DC  A$lcc1936 |    000006DD  A$lcc1936
     000006DE  A$lcc1936 |    000006DF  A$lcc1936 |    000006DF  C$main.c$
     000006E2  A$lcc1936 |    000006E3  A$lcc1936 |    000006E4  A$lcc1936
     000006E4  C$main.c$ |    000006E4  XG$scroll |    000006E5  A$lcc1936
     000006E5  C$main.c$ |    000006E5  G$win_che |    000006E5  _win_chec
     000006E7  A$lcc1936 |    000006E7  C$main.c$ |    000006E9  A$lcc1936
     000006EA  A$lcc1936 |    000006EC  A$lcc1936 |    000006ED  A$lcc1936
     000006EE  A$lcc1936 |    000006EF  A$lcc1936 |    000006F0  A$lcc1936
     000006F1  A$lcc1936 |    000006F2  A$lcc1936 |    000006F5  A$lcc1936
     000006F6  A$lcc1936 |    000006F7  A$lcc1936 |    000006F8  A$lcc1936
     000006FA  A$lcc1936 |    000006FB  A$lcc1936 |    000006FC  A$lcc1936
     000006FD  A$lcc1936 |    000006FF  A$lcc1936 |    00000700  A$lcc1936
     00000701  A$lcc1936 |    00000702  A$lcc1936 |    00000703  A$lcc1936
     00000705  A$lcc1936 |    00000707  A$lcc1936 |    00000708  A$lcc1936
ASxxxx Linker V03.00 + NoICE + sdld,  page 9.
Hexadecimal  [32-Bits]

Area                       Addr        Size        Decimal Bytes (Attributes)
--------------------       ----        ----        ------- ----- ------------
_CODE                  00000200    00001BE1 =        7137. bytes (REL,CON)

        Value  Global            Value  Global            Value  Global    
        -----  ------            -----  ------            -----  ------    
     00000709  A$lcc1936 |    0000070A  A$lcc1936 |    0000070B  A$lcc1936
     0000070C  A$lcc1936 |    0000070D  A$lcc1936 |    00000710  A$lcc1936
     00000711  A$lcc1936 |    00000712  A$lcc1936 |    00000713  A$lcc1936
     00000714  A$lcc1936 |    00000715  A$lcc1936 |    00000716  A$lcc1936
     00000718  A$lcc1936 |    0000071A  A$lcc1936 |    0000071B  A$lcc1936
     0000071D  A$lcc1936 |    0000071E  A$lcc1936 |    00000720  A$lcc1936
     00000721  A$lcc1936 |    00000723  A$lcc1936 |    00000724  A$lcc1936
     00000726  A$lcc1936 |    00000727  A$lcc1936 |    00000729  A$lcc1936
     00000729  C$main.c$ |    0000072B  A$lcc1936 |    0000072C  A$lcc1936
     0000072E  A$lcc1936 |    0000072F  A$lcc1936 |    00000730  A$lcc1936
     00000731  A$lcc1936 |    00000732  A$lcc1936 |    00000733  A$lcc1936
     00000734  A$lcc1936 |    00000737  A$lcc1936 |    00000738  A$lcc1936
     00000739  A$lcc1936 |    0000073A  A$lcc1936 |    0000073C  A$lcc1936
     0000073D  A$lcc1936 |    0000073E  A$lcc1936 |    0000073F  A$lcc1936
     00000741  A$lcc1936 |    00000742  A$lcc1936 |    00000743  A$lcc1936
     00000744  A$lcc1936 |    00000745  A$lcc1936 |    00000747  A$lcc1936
     00000749  A$lcc1936 |    0000074B  A$lcc1936 |    0000074C  A$lcc1936
     0000074D  A$lcc1936 |    0000074E  A$lcc1936 |    00000751  A$lcc1936
     00000752  A$lcc1936 |    00000753  A$lcc1936 |    00000754  A$lcc1936
     00000756  A$lcc1936 |    00000758  A$lcc1936 |    0000075A  A$lcc1936
     0000075C  A$lcc1936 |    0000075E  A$lcc1936 |    00000760  A$lcc1936
     00000760  C$main.c$ |    00000762  A$lcc1936 |    00000763  A$lcc1936
     00000764  A$lcc1936 |    00000765  A$lcc1936 |    00000768  A$lcc1936
     00000769  A$lcc1936 |    0000076A  A$lcc1936 |    0000076B  A$lcc1936
     0000076D  A$lcc1936 |    0000076E  A$lcc1936 |    0000076F  A$lcc1936
     00000770  A$lcc1936 |    00000772  A$lcc1936 |    00000773  A$lcc1936
     00000774  A$lcc1936 |    00000775  A$lcc1936 |    00000776  A$lcc1936
     00000777  A$lcc1936 |    00000778  A$lcc1936 |    00000779  A$lcc1936
     0000077A  A$lcc1936 |    0000077C  A$lcc1936 |    0000077E  A$lcc1936
     0000077F  A$lcc1936 |    00000780  A$lcc1936 |    00000781  A$lcc1936
     00000782  A$lcc1936 |    00000783  A$lcc1936 |    00000784  A$lcc1936
     00000787  A$lcc1936 |    00000788  A$lcc1936 |    00000789  A$lcc1936
     0000078A  A$lcc1936 |    0000078C  A$lcc1936 |    0000078D  A$lcc1936
     0000078E  A$lcc1936 |    0000078F  A$lcc1936 |    00000791  A$lcc1936
     00000792  A$lcc1936 |    00000794  A$lcc1936 |    00000795  A$lcc1936
     00000796  A$lcc1936 |    00000797  A$lcc1936 |    00000799  A$lcc1936
     0000079B  A$lcc1936 |    0000079D  A$lcc1936 |    0000079F  A$lcc1936
     000007A1  A$lcc1936 |    000007A3  A$lcc1936 |    000007A3  C$main.c$
     000007A5  A$lcc1936 |    000007A6  A$lcc1936 |    000007A8  A$lcc1936
     000007A9  A$lcc1936 |    000007AB  A$lcc1936 |    000007AC  A$lcc1936
     000007AE  A$lcc1936 |    000007AF  A$lcc1936 |    000007B1  A$lcc1936
     000007B3  A$lcc1936 |    000007B5  A$lcc1936 |    000007B6  A$lcc1936
     000007B8  A$lcc1936 |    000007B9  A$lcc1936 |    000007BB  A$lcc1936
     000007BC  A$lcc1936 |    000007BD  A$lcc1936 |    000007BE  A$lcc1936
     000007BF  A$lcc1936 |    000007C0  A$lcc1936 |    000007C1  A$lcc1936
     000007C1  C$main.c$ |    000007C3  A$lcc1936 |    000007C4  A$lcc1936
     000007C5  A$lcc1936 |    000007C6  A$lcc1936 |    000007C7  A$lcc1936
     000007C8  A$lcc1936 |    000007C9  A$lcc1936 |    000007C9  C$main.c$
     000007CC  A$lcc1936 |    000007CD  A$lcc1936 |    000007CE  A$lcc1936
     000007D1  A$lcc1936 |    000007D2  A$lcc1936 |    000007D3  A$lcc1936
     000007D4  A$lcc1936 |    000007D6  A$lcc1936 |    000007D7  A$lcc1936
ASxxxx Linker V03.00 + NoICE + sdld,  page 10.
Hexadecimal  [32-Bits]

Area                       Addr        Size        Decimal Bytes (Attributes)
--------------------       ----        ----        ------- ----- ------------
_CODE                  00000200    00001BE1 =        7137. bytes (REL,CON)

        Value  Global            Value  Global            Value  Global    
        -----  ------            -----  ------            -----  ------    
     000007D8  A$lcc1936 |    000007DA  A$lcc1936 |    000007DA  C$main.c$
     000007DD  A$lcc1936 |    000007DE  A$lcc1936 |    000007E1  A$lcc1936
     000007E2  A$lcc1936 |    000007E5  A$lcc1936 |    000007E6  A$lcc1936
     000007E9  A$lcc1936 |    000007EB  A$lcc1936 |    000007EB  C$main.c$
     000007EE  A$lcc1936 |    000007F1  A$lcc1936 |    000007F1  C$main.c$
     000007F2  A$lcc1936 |    000007F4  A$lcc1936 |    000007F6  A$lcc1936
     000007F7  A$lcc1936 |    000007F9  A$lcc1936 |    000007FB  A$lcc1936
     000007FB  C$main.c$ |    000007FE  A$lcc1936 |    000007FF  A$lcc1936
     00000802  A$lcc1936 |    00000803  A$lcc1936 |    00000806  A$lcc1936
     00000807  A$lcc1936 |    0000080A  A$lcc1936 |    0000080C  A$lcc1936
     0000080C  C$main.c$ |    0000080F  A$lcc1936 |    00000811  A$lcc1936
     00000811  C$main.c$ |    00000812  A$lcc1936 |    00000814  A$lcc1936
     00000816  A$lcc1936 |    00000817  A$lcc1936 |    00000819  A$lcc1936
     0000081B  A$lcc1936 |    0000081B  C$main.c$ |    0000081E  A$lcc1936
     0000081F  A$lcc1936 |    00000822  A$lcc1936 |    00000823  A$lcc1936
     00000826  A$lcc1936 |    00000827  A$lcc1936 |    0000082A  A$lcc1936
     0000082C  A$lcc1936 |    0000082C  C$main.c$ |    0000082F  A$lcc1936
     00000831  A$lcc1936 |    00000831  C$main.c$ |    00000832  A$lcc1936
     00000834  A$lcc1936 |    00000836  A$lcc1936 |    00000837  A$lcc1936
     00000839  A$lcc1936 |    0000083B  A$lcc1936 |    0000083B  C$main.c$
     0000083E  A$lcc1936 |    0000083F  A$lcc1936 |    00000842  A$lcc1936
     00000843  A$lcc1936 |    00000846  A$lcc1936 |    00000847  A$lcc1936
     0000084A  A$lcc1936 |    0000084C  A$lcc1936 |    0000084C  C$main.c$
     0000084F  A$lcc1936 |    00000851  A$lcc1936 |    00000851  C$main.c$
     00000852  A$lcc1936 |    00000854  A$lcc1936 |    00000856  A$lcc1936
     00000857  A$lcc1936 |    00000859  A$lcc1936 |    0000085B  A$lcc1936
     0000085B  C$main.c$ |    0000085E  A$lcc1936 |    0000085F  A$lcc1936
     00000862  A$lcc1936 |    00000863  A$lcc1936 |    00000866  A$lcc1936
     00000867  A$lcc1936 |    0000086A  A$lcc1936 |    0000086C  A$lcc1936
     0000086C  C$main.c$ |    0000086F  A$lcc1936 |    00000871  A$lcc1936
     00000871  C$main.c$ |    00000874  A$lcc1936 |    00000876  A$lcc1936
     00000876  C$main.c$ |    00000876  XG$win_ch |    00000877  A$lcc1936
     00000877  C$main.c$ |    00000877  G$collide |    00000877  _collide_
     00000879  A$lcc1936 |    00000879  C$main.c$ |    0000087C  A$lcc1936
     0000087D  A$lcc1936 |    0000087E  A$lcc1936 |    0000087F  A$lcc1936
     00000880  A$lcc1936 |    00000882  A$lcc1936 |    00000883  A$lcc1936
     00000884  A$lcc1936 |    00000885  A$lcc1936 |    00000886  A$lcc1936
     00000888  A$lcc1936 |    0000088A  A$lcc1936 |    0000088A  C$main.c$
     0000088C  A$lcc1936 |    0000088E  A$lcc1936 |    0000088E  C$main.c$
     00000890  A$lcc1936 |    00000892  A$lcc1936 |    00000894  A$lcc1936
     00000894  C$main.c$ |    00000896  A$lcc1936 |    00000898  A$lcc1936
     00000898  C$main.c$ |    0000089A  A$lcc1936 |    0000089C  A$lcc1936
     0000089C  C$main.c$ |    0000089E  A$lcc1936 |    0000089F  A$lcc1936
     000008A1  A$lcc1936 |    000008A2  A$lcc1936 |    000008A3  A$lcc1936
     000008A4  A$lcc1936 |    000008A5  A$lcc1936 |    000008A6  A$lcc1936
     000008A7  A$lcc1936 |    000008AA  A$lcc1936 |    000008AB  A$lcc1936
     000008AC  A$lcc1936 |    000008AD  A$lcc1936 |    000008AF  A$lcc1936
     000008B0  A$lcc1936 |    000008B1  A$lcc1936 |    000008B2  A$lcc1936
     000008B4  A$lcc1936 |    000008B5  A$lcc1936 |    000008B6  A$lcc1936
     000008B7  A$lcc1936 |    000008B8  A$lcc1936 |    000008BA  A$lcc1936
     000008BC  A$lcc1936 |    000008BD  A$lcc1936 |    000008BE  A$lcc1936
ASxxxx Linker V03.00 + NoICE + sdld,  page 11.
Hexadecimal  [32-Bits]

Area                       Addr        Size        Decimal Bytes (Attributes)
--------------------       ----        ----        ------- ----- ------------
_CODE                  00000200    00001BE1 =        7137. bytes (REL,CON)

        Value  Global            Value  Global            Value  Global    
        -----  ------            -----  ------            -----  ------    
     000008BF  A$lcc1936 |    000008C0  A$lcc1936 |    000008C1  A$lcc1936
     000008C2  A$lcc1936 |    000008C5  A$lcc1936 |    000008C6  A$lcc1936
     000008C7  A$lcc1936 |    000008C8  A$lcc1936 |    000008CA  A$lcc1936
     000008CC  A$lcc1936 |    000008CE  A$lcc1936 |    000008D0  A$lcc1936
     000008D2  A$lcc1936 |    000008D4  A$lcc1936 |    000008D4  C$main.c$
     000008D7  A$lcc1936 |    000008D8  A$lcc1936 |    000008D9  A$lcc1936
     000008DA  A$lcc1936 |    000008DB  A$lcc1936 |    000008DC  A$lcc1936
     000008DD  A$lcc1936 |    000008DE  A$lcc1936 |    000008DF  A$lcc1936
     000008DF  C$main.c$ |    000008E0  A$lcc1936 |    000008E2  A$lcc1936
     000008E3  A$lcc1936 |    000008E4  A$lcc1936 |    000008E6  A$lcc1936
     000008E9  A$lcc1936 |    000008EB  A$lcc1936 |    000008EC  A$lcc1936
     000008EC  C$main.c$ |    000008EE  A$lcc1936 |    000008EF  A$lcc1936
     000008F1  A$lcc1936 |    000008F2  A$lcc1936 |    000008F4  A$lcc1936
     000008F6  A$lcc1936 |    000008F7  A$lcc1936 |    000008F9  A$lcc1936
     000008FB  A$lcc1936 |    000008FC  A$lcc1936 |    000008FD  A$lcc1936
     000008FE  A$lcc1936 |    000008FF  A$lcc1936 |    00000900  A$lcc1936
     00000901  A$lcc1936 |    00000903  A$lcc1936 |    00000904  A$lcc1936
     00000906  A$lcc1936 |    00000907  A$lcc1936 |    00000908  A$lcc1936
     00000909  A$lcc1936 |    0000090A  A$lcc1936 |    0000090B  A$lcc1936
     0000090C  A$lcc1936 |    0000090D  A$lcc1936 |    0000090E  A$lcc1936
     0000090F  A$lcc1936 |    00000910  A$lcc1936 |    00000912  A$lcc1936
     00000913  A$lcc1936 |    00000915  A$lcc1936 |    00000916  A$lcc1936
     00000918  A$lcc1936 |    00000919  A$lcc1936 |    0000091B  A$lcc1936
     0000091C  A$lcc1936 |    0000091E  A$lcc1936 |    00000920  A$lcc1936
     00000922  A$lcc1936 |    00000923  A$lcc1936 |    00000924  A$lcc1936
     00000927  A$lcc1936 |    00000928  A$lcc1936 |    00000929  A$lcc1936
     0000092A  A$lcc1936 |    0000092C  A$lcc1936 |    0000092D  A$lcc1936
     0000092E  A$lcc1936 |    0000092F  A$lcc1936 |    00000931  A$lcc1936
     00000932  A$lcc1936 |    00000934  A$lcc1936 |    00000936  A$lcc1936
     00000937  A$lcc1936 |    00000939  A$lcc1936 |    0000093A  A$lcc1936
     0000093C  A$lcc1936 |    0000093D  A$lcc1936 |    0000093F  A$lcc1936
     00000940  A$lcc1936 |    00000942  A$lcc1936 |    00000943  A$lcc1936
     00000945  A$lcc1936 |    00000945  C$main.c$ |    00000947  A$lcc1936
     00000948  A$lcc1936 |    00000949  A$lcc1936 |    0000094B  A$lcc1936
     0000094C  A$lcc1936 |    0000094D  A$lcc1936 |    0000094E  A$lcc1936
     0000094F  A$lcc1936 |    00000950  A$lcc1936 |    00000951  A$lcc1936
     00000953  A$lcc1936 |    00000954  A$lcc1936 |    00000955  A$lcc1936
     00000956  A$lcc1936 |    00000957  A$lcc1936 |    00000958  A$lcc1936
     00000959  A$lcc1936 |    0000095B  A$lcc1936 |    0000095C  A$lcc1936
     0000095D  A$lcc1936 |    0000095E  A$lcc1936 |    00000960  A$lcc1936
     00000961  A$lcc1936 |    00000962  A$lcc1936 |    00000963  A$lcc1936
     00000964  A$lcc1936 |    00000965  A$lcc1936 |    00000966  A$lcc1936
     00000967  A$lcc1936 |    00000968  A$lcc1936 |    0000096A  A$lcc1936
     0000096C  A$lcc1936 |    0000096D  A$lcc1936 |    0000096E  A$lcc1936
     0000096F  A$lcc1936 |    00000970  A$lcc1936 |    00000973  A$lcc1936
     00000974  A$lcc1936 |    00000975  A$lcc1936 |    00000976  A$lcc1936
     00000978  A$lcc1936 |    00000979  A$lcc1936 |    0000097A  A$lcc1936
     0000097B  A$lcc1936 |    0000097D  A$lcc1936 |    0000097E  A$lcc1936
     00000980  A$lcc1936 |    00000981  A$lcc1936 |    00000982  A$lcc1936
     00000982  C$main.c$ |    00000983  A$lcc1936 |    00000984  A$lcc1936
     00000986  A$lcc1936 |    00000988  A$lcc1936 |    0000098A  A$lcc1936
ASxxxx Linker V03.00 + NoICE + sdld,  page 12.
Hexadecimal  [32-Bits]

Area                       Addr        Size        Decimal Bytes (Attributes)
--------------------       ----        ----        ------- ----- ------------
_CODE                  00000200    00001BE1 =        7137. bytes (REL,CON)

        Value  Global            Value  Global            Value  Global    
        -----  ------            -----  ------            -----  ------    
     0000098C  A$lcc1936 |    0000098E  A$lcc1936 |    00000990  A$lcc1936
     00000991  A$lcc1936 |    00000992  A$lcc1936 |    00000994  A$lcc1936
     00000995  A$lcc1936 |    00000996  A$lcc1936 |    00000997  A$lcc1936
     00000998  A$lcc1936 |    00000999  A$lcc1936 |    0000099C  A$lcc1936
     0000099D  A$lcc1936 |    0000099E  A$lcc1936 |    0000099F  A$lcc1936
     000009A1  A$lcc1936 |    000009A2  A$lcc1936 |    000009A4  A$lcc1936
     000009A4  C$main.c$ |    000009A5  A$lcc1936 |    000009A7  A$lcc1936
     000009A8  A$lcc1936 |    000009A9  A$lcc1936 |    000009AA  A$lcc1936
     000009AB  A$lcc1936 |    000009AE  A$lcc1936 |    000009AF  A$lcc1936
     000009B1  A$lcc1936 |    000009B2  A$lcc1936 |    000009B3  A$lcc1936
     000009B5  A$lcc1936 |    000009B5  C$main.c$ |    000009B8  A$lcc1936
     000009B9  A$lcc1936 |    000009BA  A$lcc1936 |    000009BB  A$lcc1936
     000009BC  A$lcc1936 |    000009BE  A$lcc1936 |    000009BF  A$lcc1936
     000009C0  A$lcc1936 |    000009C1  A$lcc1936 |    000009C2  A$lcc1936
     000009C4  A$lcc1936 |    000009C6  A$lcc1936 |    000009C6  C$main.c$
     000009C8  A$lcc1936 |    000009C9  A$lcc1936 |    000009CB  A$lcc1936
     000009CC  A$lcc1936 |    000009CE  A$lcc1936 |    000009D0  A$lcc1936
     000009D1  A$lcc1936 |    000009D3  A$lcc1936 |    000009D4  A$lcc1936
     000009D5  A$lcc1936 |    000009D7  A$lcc1936 |    000009D8  A$lcc1936
     000009DA  A$lcc1936 |    000009DC  A$lcc1936 |    000009DD  A$lcc1936
     000009DF  A$lcc1936 |    000009E0  A$lcc1936 |    000009E2  A$lcc1936
     000009E5  A$lcc1936 |    000009E6  A$lcc1936 |    000009E8  A$lcc1936
     000009E9  A$lcc1936 |    000009EA  A$lcc1936 |    000009EC  A$lcc1936
     000009ED  A$lcc1936 |    000009F0  A$lcc1936 |    000009F0  C$main.c$
     000009F3  A$lcc1936 |    000009F6  A$lcc1936 |    000009F6  C$main.c$
     000009F6  C$main.c$ |    000009F7  A$lcc1936 |    000009F9  A$lcc1936
     000009FA  A$lcc1936 |    000009FC  A$lcc1936 |    000009FD  A$lcc1936
     000009FF  A$lcc1936 |    00000A00  A$lcc1936 |    00000A02  A$lcc1936
     00000A02  C$main.c$ |    00000A04  A$lcc1936 |    00000A05  A$lcc1936
     00000A07  A$lcc1936 |    00000A08  A$lcc1936 |    00000A0A  A$lcc1936
     00000A0C  A$lcc1936 |    00000A0D  A$lcc1936 |    00000A0E  A$lcc1936
     00000A10  A$lcc1936 |    00000A12  A$lcc1936 |    00000A13  A$lcc1936
     00000A15  A$lcc1936 |    00000A16  A$lcc1936 |    00000A17  A$lcc1936
     00000A19  A$lcc1936 |    00000A1A  A$lcc1936 |    00000A1C  A$lcc1936
     00000A1E  A$lcc1936 |    00000A20  A$lcc1936 |    00000A22  A$lcc1936
     00000A24  A$lcc1936 |    00000A25  A$lcc1936 |    00000A26  A$lcc1936
     00000A28  A$lcc1936 |    00000A29  A$lcc1936 |    00000A2B  A$lcc1936
     00000A2B  C$main.c$ |    00000A2E  A$lcc1936 |    00000A30  A$lcc1936
     00000A33  A$lcc1936 |    00000A33  C$main.c$ |    00000A36  A$lcc1936
     00000A37  A$lcc1936 |    00000A3A  A$lcc1936 |    00000A3A  C$main.c$
     00000A3D  A$lcc1936 |    00000A40  A$lcc1936 |    00000A40  C$main.c$
     00000A42  A$lcc1936 |    00000A43  A$lcc1936 |    00000A45  A$lcc1936
     00000A46  A$lcc1936 |    00000A48  A$lcc1936 |    00000A4A  A$lcc1936
     00000A4B  A$lcc1936 |    00000A4C  A$lcc1936 |    00000A4E  A$lcc1936
     00000A4F  A$lcc1936 |    00000A50  A$lcc1936 |    00000A52  A$lcc1936
     00000A53  A$lcc1936 |    00000A55  A$lcc1936 |    00000A56  A$lcc1936
     00000A58  A$lcc1936 |    00000A59  A$lcc1936 |    00000A5A  A$lcc1936
     00000A5C  A$lcc1936 |    00000A5D  A$lcc1936 |    00000A5E  A$lcc1936
     00000A60  A$lcc1936 |    00000A61  A$lcc1936 |    00000A63  A$lcc1936
     00000A64  A$lcc1936 |    00000A65  A$lcc1936 |    00000A65  C$main.c$
     00000A66  A$lcc1936 |    00000A68  A$lcc1936 |    00000A69  A$lcc1936
ASxxxx Linker V03.00 + NoICE + sdld,  page 13.
Hexadecimal  [32-Bits]

Area                       Addr        Size        Decimal Bytes (Attributes)
--------------------       ----        ----        ------- ----- ------------
_CODE                  00000200    00001BE1 =        7137. bytes (REL,CON)

        Value  Global            Value  Global            Value  Global    
        -----  ------            -----  ------            -----  ------    
     00000A6B  A$lcc1936 |    00000A6B  C$main.c$ |    00000A6D  A$lcc1936
     00000A6F  A$lcc1936 |    00000A71  A$lcc1936 |    00000A73  A$lcc1936
     00000A75  A$lcc1936 |    00000A77  A$lcc1936 |    00000A79  A$lcc1936
     00000A7B  A$lcc1936 |    00000A7D  A$lcc1936 |    00000A7D  C$main.c$
     00000A80  A$lcc1936 |    00000A82  A$lcc1936 |    00000A84  A$lcc1936
     00000A84  C$main.c$ |    00000A87  A$lcc1936 |    00000A88  A$lcc1936
     00000A8A  A$lcc1936 |    00000A8A  C$main.c$ |    00000A8D  A$lcc1936
     00000A8F  A$lcc1936 |    00000A8F  C$main.c$ |    00000A90  A$lcc1936
     00000A92  A$lcc1936 |    00000A93  A$lcc1936 |    00000A95  A$lcc1936
     00000A95  C$main.c$ |    00000A97  A$lcc1936 |    00000A99  A$lcc1936
     00000A9B  A$lcc1936 |    00000A9D  A$lcc1936 |    00000A9F  A$lcc1936
     00000AA1  A$lcc1936 |    00000AA3  A$lcc1936 |    00000AA5  A$lcc1936
     00000AA7  A$lcc1936 |    00000AA7  C$main.c$ |    00000AAA  A$lcc1936
     00000AAC  A$lcc1936 |    00000AAE  A$lcc1936 |    00000AAE  C$main.c$
     00000AB1  A$lcc1936 |    00000AB2  A$lcc1936 |    00000AB4  A$lcc1936
     00000AB4  C$main.c$ |    00000AB7  A$lcc1936 |    00000AB9  A$lcc1936
     00000AB9  C$main.c$ |    00000ABA  A$lcc1936 |    00000ABC  A$lcc1936
     00000ABD  A$lcc1936 |    00000ABF  A$lcc1936 |    00000ABF  C$main.c$
     00000AC1  A$lcc1936 |    00000AC3  A$lcc1936 |    00000AC5  A$lcc1936
     00000AC7  A$lcc1936 |    00000AC9  A$lcc1936 |    00000ACB  A$lcc1936
     00000ACD  A$lcc1936 |    00000ACF  A$lcc1936 |    00000AD1  A$lcc1936
     00000AD1  C$main.c$ |    00000AD4  A$lcc1936 |    00000AD6  A$lcc1936
     00000AD8  A$lcc1936 |    00000AD8  C$main.c$ |    00000ADB  A$lcc1936
     00000ADC  A$lcc1936 |    00000ADE  A$lcc1936 |    00000ADE  C$main.c$
     00000AE1  A$lcc1936 |    00000AE3  A$lcc1936 |    00000AE3  C$main.c$
     00000AE4  A$lcc1936 |    00000AE6  A$lcc1936 |    00000AE7  A$lcc1936
     00000AE9  A$lcc1936 |    00000AE9  C$main.c$ |    00000AEC  A$lcc1936
     00000AED  A$lcc1936 |    00000AEE  A$lcc1936 |    00000AEF  A$lcc1936
     00000AF0  A$lcc1936 |    00000AF1  A$lcc1936 |    00000AF4  A$lcc1936
     00000AF5  A$lcc1936 |    00000AF7  A$lcc1936 |    00000AF7  C$main.c$
     00000AF7  XG$collid |    00000AF8  A$lcc1936 |    00000AF8  C$main.c$
     00000AF8  C$main.c$ |    00000AF8  G$animate |    00000AF8  _animate_
     00000AFB  A$lcc1936 |    00000AFC  A$lcc1936 |    00000AFC  C$main.c$
     00000AFF  A$lcc1936 |    00000B00  A$lcc1936 |    00000B00  C$main.c$
     00000B02  A$lcc1936 |    00000B02  C$main.c$ |    00000B05  A$lcc1936
     00000B07  A$lcc1936 |    00000B09  A$lcc1936 |    00000B09  C$main.c$
     00000B0C  A$lcc1936 |    00000B0F  A$lcc1936 |    00000B10  A$lcc1936
     00000B11  A$lcc1936 |    00000B12  A$lcc1936 |    00000B14  A$lcc1936
     00000B15  A$lcc1936 |    00000B17  A$lcc1936 |    00000B18  A$lcc1936
     00000B19  A$lcc1936 |    00000B19  C$main.c$ |    00000B1B  A$lcc1936
     00000B1C  A$lcc1936 |    00000B1E  A$lcc1936 |    00000B20  A$lcc1936
     00000B20  C$main.c$ |    00000B22  A$lcc1936 |    00000B23  A$lcc1936
     00000B24  A$lcc1936 |    00000B25  A$lcc1936 |    00000B26  A$lcc1936
     00000B29  A$lcc1936 |    00000B2A  A$lcc1936 |    00000B2B  A$lcc1936
     00000B2C  A$lcc1936 |    00000B2C  C$main.c$ |    00000B2D  A$lcc1936
     00000B2F  A$lcc1936 |    00000B30  A$lcc1936 |    00000B31  A$lcc1936
     00000B32  A$lcc1936 |    00000B33  A$lcc1936 |    00000B36  A$lcc1936
     00000B37  A$lcc1936 |    00000B38  A$lcc1936 |    00000B38  C$main.c$
     00000B39  A$lcc1936 |    00000B3B  A$lcc1936 |    00000B3D  A$lcc1936
     00000B3F  A$lcc1936 |    00000B40  A$lcc1936 |    00000B42  A$lcc1936
     00000B42  C$main.c$ |    00000B43  A$lcc1936 |    00000B44  A$lcc1936
ASxxxx Linker V03.00 + NoICE + sdld,  page 14.
Hexadecimal  [32-Bits]

Area                       Addr        Size        Decimal Bytes (Attributes)
--------------------       ----        ----        ------- ----- ------------
_CODE                  00000200    00001BE1 =        7137. bytes (REL,CON)

        Value  Global            Value  Global            Value  Global    
        -----  ------            -----  ------            -----  ------    
     00000B46  A$lcc1936 |    00000B47  A$lcc1936 |    00000B48  A$lcc1936
     00000B49  A$lcc1936 |    00000B4C  A$lcc1936 |    00000B4E  A$lcc1936
     00000B4F  A$lcc1936 |    00000B4F  C$main.c$ |    00000B50  A$lcc1936
     00000B52  A$lcc1936 |    00000B54  A$lcc1936 |    00000B56  A$lcc1936
     00000B57  A$lcc1936 |    00000B59  A$lcc1936 |    00000B59  C$main.c$
     00000B5A  A$lcc1936 |    00000B5C  A$lcc1936 |    00000B5D  A$lcc1936
     00000B5E  A$lcc1936 |    00000B5F  A$lcc1936 |    00000B62  A$lcc1936
     00000B64  A$lcc1936 |    00000B64  C$main.c$ |    00000B65  A$lcc1936
     00000B67  A$lcc1936 |    00000B67  C$main.c$ |    00000B6A  A$lcc1936
     00000B6C  A$lcc1936 |    00000B6E  A$lcc1936 |    00000B71  A$lcc1936
     00000B72  A$lcc1936 |    00000B73  A$lcc1936 |    00000B75  A$lcc1936
     00000B75  C$main.c$ |    00000B77  A$lcc1936 |    00000B77  C$main.c$
     00000B7A  A$lcc1936 |    00000B7B  A$lcc1936 |    00000B7C  A$lcc1936
     00000B7C  C$main.c$ |    00000B7F  A$lcc1936 |    00000B81  A$lcc1936
     00000B82  A$lcc1936 |    00000B82  C$main.c$ |    00000B85  A$lcc1936
     00000B86  A$lcc1936 |    00000B87  A$lcc1936 |    00000B89  A$lcc1936
     00000B8A  A$lcc1936 |    00000B8D  A$lcc1936 |    00000B8E  A$lcc1936
     00000B8F  A$lcc1936 |    00000B92  A$lcc1936 |    00000B94  A$lcc1936
     00000B95  A$lcc1936 |    00000B98  A$lcc1936 |    00000B99  A$lcc1936
     00000B9A  A$lcc1936 |    00000B9A  C$main.c$ |    00000B9B  A$lcc1936
     00000B9C  A$lcc1936 |    00000B9E  A$lcc1936 |    00000B9E  C$main.c$
     00000BA1  A$lcc1936 |    00000BA2  A$lcc1936 |    00000BA3  A$lcc1936
     00000BA5  A$lcc1936 |    00000BA5  C$main.c$ |    00000BA6  A$lcc1936
     00000BA7  A$lcc1936 |    00000BA8  A$lcc1936 |    00000BA9  A$lcc1936
     00000BAB  A$lcc1936 |    00000BAC  A$lcc1936 |    00000BAD  A$lcc1936
     00000BAE  A$lcc1936 |    00000BAF  A$lcc1936 |    00000BB2  A$lcc1936
     00000BB4  A$lcc1936 |    00000BB5  A$lcc1936 |    00000BB5  C$main.c$
     00000BB6  A$lcc1936 |    00000BB8  A$lcc1936 |    00000BB8  C$main.c$
     00000BBB  A$lcc1936 |    00000BBC  A$lcc1936 |    00000BBD  A$lcc1936
     00000BBF  A$lcc1936 |    00000BBF  C$main.c$ |    00000BC0  A$lcc1936
     00000BC1  A$lcc1936 |    00000BC2  A$lcc1936 |    00000BC3  A$lcc1936
     00000BC5  A$lcc1936 |    00000BC6  A$lcc1936 |    00000BC7  A$lcc1936
     00000BC8  A$lcc1936 |    00000BC9  A$lcc1936 |    00000BCC  A$lcc1936
     00000BCE  A$lcc1936 |    00000BCF  A$lcc1936 |    00000BCF  C$main.c$
     00000BD0  A$lcc1936 |    00000BD2  A$lcc1936 |    00000BD2  C$main.c$
     00000BD5  A$lcc1936 |    00000BD7  A$lcc1936 |    00000BD7  C$main.c$
     00000BDA  A$lcc1936 |    00000BDC  A$lcc1936 |    00000BDD  A$lcc1936
     00000BDD  C$main.c$ |    00000BE0  A$lcc1936 |    00000BE1  A$lcc1936
     00000BE2  A$lcc1936 |    00000BE4  A$lcc1936 |    00000BE4  C$main.c$
     00000BE5  A$lcc1936 |    00000BE6  A$lcc1936 |    00000BE7  A$lcc1936
     00000BE9  A$lcc1936 |    00000BEA  A$lcc1936 |    00000BEB  A$lcc1936
     00000BEC  A$lcc1936 |    00000BED  A$lcc1936 |    00000BF0  A$lcc1936
     00000BF2  A$lcc1936 |    00000BF3  A$lcc1936 |    00000BF3  C$main.c$
     00000BF4  A$lcc1936 |    00000BF6  A$lcc1936 |    00000BF6  C$main.c$
     00000BF9  A$lcc1936 |    00000BFA  A$lcc1936 |    00000BFB  A$lcc1936
     00000BFC  A$lcc1936 |    00000BFC  C$main.c$ |    00000BFD  A$lcc1936
     00000BFE  A$lcc1936 |    00000BFF  A$lcc1936 |    00000C01  A$lcc1936
     00000C02  A$lcc1936 |    00000C03  A$lcc1936 |    00000C04  A$lcc1936
     00000C05  A$lcc1936 |    00000C08  A$lcc1936 |    00000C0A  A$lcc1936
     00000C0B  A$lcc1936 |    00000C0B  C$main.c$ |    00000C0C  A$lcc1936
     00000C0C  C$main.c$ |    00000C0C  XG$animat |    00000C0E  A$lcc1936
ASxxxx Linker V03.00 + NoICE + sdld,  page 15.
Hexadecimal  [32-Bits]

Area                       Addr        Size        Decimal Bytes (Attributes)
--------------------       ----        ----        ------- ----- ------------
_CODE                  00000200    00001BE1 =        7137. bytes (REL,CON)

        Value  Global            Value  Global            Value  Global    
        -----  ------            -----  ------            -----  ------    
     00000C0E  C$main.c$ |    00000C0E  C$main.c$ |    00000C0E  G$stage_t
     00000C0E  _stage_ti |    00000C11  A$lcc1936 |    00000C12  A$lcc1936
     00000C14  A$lcc1936 |    00000C16  A$lcc1936 |    00000C17  A$lcc1936
     00000C18  A$lcc1936 |    00000C19  A$lcc1936 |    00000C1B  A$lcc1936
     00000C1E  A$lcc1936 |    00000C20  A$lcc1936 |    00000C22  A$lcc1936
     00000C22  C$main.c$ |    00000C25  A$lcc1936 |    00000C26  A$lcc1936
     00000C27  A$lcc1936 |    00000C28  A$lcc1936 |    00000C2A  A$lcc1936
     00000C2C  A$lcc1936 |    00000C2E  A$lcc1936 |    00000C30  A$lcc1936
     00000C32  A$lcc1936 |    00000C34  A$lcc1936 |    00000C36  A$lcc1936
     00000C38  A$lcc1936 |    00000C3A  A$lcc1936 |    00000C3C  A$lcc1936
     00000C3D  A$lcc1936 |    00000C3F  A$lcc1936 |    00000C40  A$lcc1936
     00000C40  C$main.c$ |    00000C41  A$lcc1936 |    00000C41  C$main.c$
     00000C43  A$lcc1936 |    00000C44  A$lcc1936 |    00000C46  A$lcc1936
     00000C47  A$lcc1936 |    00000C48  A$lcc1936 |    00000C49  A$lcc1936
     00000C4A  A$lcc1936 |    00000C4D  A$lcc1936 |    00000C4E  A$lcc1936
     00000C4E  C$main.c$ |    00000C4F  A$lcc1936 |    00000C51  A$lcc1936
     00000C52  A$lcc1936 |    00000C55  A$lcc1936 |    00000C56  A$lcc1936
     00000C57  A$lcc1936 |    00000C59  A$lcc1936 |    00000C5A  A$lcc1936
     00000C5B  A$lcc1936 |    00000C5D  A$lcc1936 |    00000C5E  A$lcc1936
     00000C5F  A$lcc1936 |    00000C61  A$lcc1936 |    00000C61  C$main.c$
     00000C62  A$lcc1936 |    00000C64  A$lcc1936 |    00000C65  A$lcc1936
     00000C67  A$lcc1936 |    00000C68  A$lcc1936 |    00000C69  A$lcc1936
     00000C6A  A$lcc1936 |    00000C6D  A$lcc1936 |    00000C6F  A$lcc1936
     00000C6F  C$main.c$ |    00000C72  A$lcc1936 |    00000C73  A$lcc1936
     00000C74  A$lcc1936 |    00000C75  A$lcc1936 |    00000C76  A$lcc1936
     00000C77  A$lcc1936 |    00000C79  A$lcc1936 |    00000C7A  A$lcc1936
     00000C7B  A$lcc1936 |    00000C7C  A$lcc1936 |    00000C7D  A$lcc1936
     00000C7E  A$lcc1936 |    00000C7F  A$lcc1936 |    00000C81  A$lcc1936
     00000C82  A$lcc1936 |    00000C82  C$main.c$ |    00000C85  A$lcc1936
     00000C85  C$main.c$ |    00000C85  C$main.c$ |    00000C85  XG$stage_
     00000C88  A$lcc1936 |    00000C88  C$main.c$ |    00000C88  C$main.c$
     00000C88  G$main$0$ |    00000C88  _main     |    00000C8A  A$lcc1936
     00000C8C  A$lcc1936 |    00000C8C  C$main.c$ |    00000C8D  A$lcc1936
     00000C8F  A$lcc1936 |    00000C8F  C$main.c$ |    00000C90  A$lcc1936
     00000C90  C$main.c$ |    00000C93  A$lcc1936 |    00000C94  A$lcc1936
     00000C97  A$lcc1936 |    00000C98  A$lcc1936 |    00000C99  A$lcc1936
     00000C99  C$main.c$ |    00000C9B  A$lcc1936 |    00000C9C  A$lcc1936
     00000C9D  A$lcc1936 |    00000CA0  A$lcc1936 |    00000CA1  A$lcc1936
     00000CA1  C$main.c$ |    00000CA2  A$lcc1936 |    00000CA4  A$lcc1936
     00000CA4  C$main.c$ |    00000CA6  A$lcc1936 |    00000CA8  A$lcc1936
     00000CA8  C$main.c$ |    00000CAA  A$lcc1936 |    00000CAC  A$lcc1936
     00000CAE  A$lcc1936 |    00000CAE  C$main.c$ |    00000CB0  A$lcc1936
     00000CB2  A$lcc1936 |    00000CB4  A$lcc1936 |    00000CB4  C$main.c$
     00000CB6  A$lcc1936 |    00000CB8  A$lcc1936 |    00000CBA  A$lcc1936
     00000CBA  C$main.c$ |    00000CBC  A$lcc1936 |    00000CBE  A$lcc1936
     00000CC0  A$lcc1936 |    00000CC0  C$main.c$ |    00000CC3  A$lcc1936
     00000CC3  C$main.c$ |    00000CC3  C$main.c$ |    00000CC6  A$lcc1936
     00000CC9  A$lcc1936 |    00000CC9  C$main.c$ |    00000CCC  A$lcc1936
     00000CCF  A$lcc1936 |    00000CD0  A$lcc1936 |    00000CD0  C$main.c$
     00000CD3  A$lcc1936 |    00000CD4  A$lcc1936 |    00000CD7  A$lcc1936
     00000CD8  A$lcc1936 |    00000CD9  A$lcc1936 |    00000CDA  A$lcc1936
ASxxxx Linker V03.00 + NoICE + sdld,  page 16.
Hexadecimal  [32-Bits]

Area                       Addr        Size        Decimal Bytes (Attributes)
--------------------       ----        ----        ------- ----- ------------
_CODE                  00000200    00001BE1 =        7137. bytes (REL,CON)

        Value  Global            Value  Global            Value  Global    
        -----  ------            -----  ------            -----  ------    
     00000CDB  A$lcc1936 |    00000CDE  A$lcc1936 |    00000CDF  A$lcc1936
     00000CDF  C$main.c$ |    00000CE2  A$lcc1936 |    00000CE3  A$lcc1936
     00000CE6  A$lcc1936 |    00000CE6  C$main.c$ |    00000CE9  A$lcc1936
     00000CEC  A$lcc1936 |    00000CED  A$lcc1936 |    00000CEE  A$lcc1936
     00000CEF  A$lcc1936 |    00000CF0  A$lcc1936 |    00000CF2  A$lcc1936
     00000CF5  A$lcc1936 |    00000CF7  A$lcc1936 |    00000CF9  A$lcc1936
     00000CF9  C$main.c$ |    00000CF9  C$main.c$ |    00000CFC  A$lcc1936
     00000CFE  A$lcc1936 |    00000D00  A$lcc1936 |    00000D03  A$lcc1936
     00000D05  A$lcc1936 |    00000D07  A$lcc1936 |    00000D09  A$lcc1936
     00000D09  C$main.c$ |    00000D09  C$main.c$ |    00000D0B  A$lcc1936
     00000D0D  A$lcc1936 |    00000D0D  C$main.c$ |    00000D10  A$lcc1936
     00000D12  A$lcc1936 |    00000D12  C$main.c$ |    00000D15  A$lcc1936
     00000D17  A$lcc1936 |    00000D17  C$main.c$ |    00000D19  A$lcc1936
     00000D19  C$main.c$ |    00000D19  C$main.c$ |    00000D1B  A$lcc1936
     00000D1D  A$lcc1936 |    00000D1D  C$main.c$ |    00000D20  A$lcc1936
     00000D22  A$lcc1936 |    00000D22  C$main.c$ |    00000D25  A$lcc1936
     00000D27  A$lcc1936 |    00000D27  C$main.c$ |    00000D29  A$lcc1936
     00000D29  C$main.c$ |    00000D29  C$main.c$ |    00000D2B  A$lcc1936
     00000D2D  A$lcc1936 |    00000D2D  C$main.c$ |    00000D30  A$lcc1936
     00000D32  A$lcc1936 |    00000D32  C$main.c$ |    00000D35  A$lcc1936
     00000D37  A$lcc1936 |    00000D37  C$main.c$ |    00000D3A  A$lcc1936
     00000D3C  A$lcc1936 |    00000D3C  C$main.c$ |    00000D3E  A$lcc1936
     00000D3E  C$main.c$ |    00000D3E  C$main.c$ |    00000D41  A$lcc1936
     00000D42  A$lcc1936 |    00000D43  A$lcc1936 |    00000D44  A$lcc1936
     00000D45  A$lcc1936 |    00000D47  A$lcc1936 |    00000D49  A$lcc1936
     00000D4A  A$lcc1936 |    00000D4C  A$lcc1936 |    00000D4D  A$lcc1936
     00000D4F  A$lcc1936 |    00000D51  A$lcc1936 |    00000D53  A$lcc1936
     00000D55  A$lcc1936 |    00000D56  A$lcc1936 |    00000D58  A$lcc1936
     00000D5A  A$lcc1936 |    00000D5C  A$lcc1936 |    00000D5D  A$lcc1936
     00000D5F  A$lcc1936 |    00000D61  A$lcc1936 |    00000D63  A$lcc1936
     00000D63  C$main.c$ |    00000D66  A$lcc1936 |    00000D68  A$lcc1936
     00000D68  C$main.c$ |    00000D6B  A$lcc1936 |    00000D6D  A$lcc1936
     00000D6D  C$main.c$ |    00000D70  A$lcc1936 |    00000D72  A$lcc1936
     00000D72  C$main.c$ |    00000D72  C$main.c$ |    00000D75  A$lcc1936
     00000D75  C$main.c$ |    00000D78  A$lcc1936 |    00000D78  C$main.c$
     00000D7B  A$lcc1936 |    00000D7B  C$main.c$ |    00000D7E  A$lcc1936
     00000D7E  C$main.c$ |    00000D81  A$lcc1936 |    00000D83  A$lcc1936
     00000D85  A$lcc1936 |    00000D85  C$main.c$ |    00000D88  A$lcc1936
     00000D88  C$main.c$ |    00000D8B  A$lcc1936 |    00000D8D  A$lcc1936
     00000D8F  A$lcc1936 |    00000D8F  C$main.c$ |    00000D92  A$lcc1936
     00000D93  A$lcc1936 |    00000D95  A$lcc1936 |    00000D96  A$lcc1936
     00000D97  A$lcc1936 |    00000D9A  A$lcc1936 |    00000D9C  A$lcc1936
     00000D9C  C$main.c$ |    00000D9F  A$lcc1936 |    00000D9F  C$main.c$
     00000DA2  A$lcc1936 |    00000DA2  C$main.c$ |    00000DA2  XG$main$0
     00000DA5  G$BKG_MAP |    00000DA5  _BKG_MAP  |    000011A5  G$BKG_TIL
     000011A5  _BKG_TILE |    00001495  G$COLLISI |    00001495  _COLLISIO
     00001895  G$RESET_T |    00001895  _RESET_TI |    0000189F  G$WIN_FRO
     0000189F  _WIN_FROG |    000018A3  _get_vram |    000018B0  _get_win_
     000018B8  _get_bkg_ |    000018DF  _set_vram |    000018EE  _set_win_
     000018F6  _set_bkg_ |    000019CA  ___printf |    00001D61  _sprintf 
     00001D82  ___move_m |    00001DBA  _get_win_ |    00001DC2  _get_bkg_
ASxxxx Linker V03.00 + NoICE + sdld,  page 17.
Hexadecimal  [32-Bits]

Area                       Addr        Size        Decimal Bytes (Attributes)
--------------------       ----        ----        ------- ----- ------------
_HEADER0               00000000    00000001 =           1. bytes (ABS,CON)

        Value  Global            Value  Global            Value  Global    
        -----  ------            -----  ------            -----  ------    
     00000020  .call_hl 
ASxxxx Linker V03.00 + NoICE + sdld,  page 18.
Hexadecimal  [32-Bits]

Area                       Addr        Size        Decimal Bytes (Attributes)
--------------------       ----        ----        ------- ----- ------------
_HEADER1               00000000    00000005 =           5. bytes (ABS,CON)

        Value  Global            Value  Global            Value  Global    
        -----  ------            -----  ------            -----  ------    
     00000028  .MemsetSm
ASxxxx Linker V03.00 + NoICE + sdld,  page 19.
Hexadecimal  [32-Bits]

Area                       Addr        Size        Decimal Bytes (Attributes)
--------------------       ----        ----        ------- ----- ------------
_HEADER2               00000000    00000007 =           7. bytes (ABS,CON)

        Value  Global            Value  Global            Value  Global    
        -----  ------            -----  ------            -----  ------    
     00000030  .MemcpySm
ASxxxx Linker V03.00 + NoICE + sdld,  page 20.
Hexadecimal  [32-Bits]

Area                       Addr        Size        Decimal Bytes (Attributes)
--------------------       ----        ----        ------- ----- ------------
_HEADER3               00000000    00000008 =           8. bytes (ABS,CON)

        Value  Global            Value  Global            Value  Global    
        -----  ------            -----  ------            -----  ------    
ASxxxx Linker V03.00 + NoICE + sdld,  page 21.
Hexadecimal  [32-Bits]

Area                       Addr        Size        Decimal Bytes (Attributes)
--------------------       ----        ----        ------- ----- ------------
_HEADER4               00000000    0000004F =          79. bytes (ABS,CON)

        Value  Global            Value  Global            Value  Global    
        -----  ------            -----  ------            -----  ------    
     00000080  .int      |    0000008F  _wait_int |    0000009C  __standar
     000000AC  _refresh_
ASxxxx Linker V03.00 + NoICE + sdld,  page 22.
Hexadecimal  [32-Bits]

Area                       Addr        Size        Decimal Bytes (Attributes)
--------------------       ----        ----        ------- ----- ------------
_HEADER5               00000000    00000002 =           2. bytes (ABS,CON)

        Value  Global            Value  Global            Value  Global    
        -----  ------            -----  ------            -----  ------    
ASxxxx Linker V03.00 + NoICE + sdld,  page 23.
Hexadecimal  [32-Bits]

Area                       Addr        Size        Decimal Bytes (Attributes)
--------------------       ----        ----        ------- ----- ------------
_HEADER6               00000000    00000030 =          48. bytes (ABS,CON)

        Value  Global            Value  Global            Value  Global    
        -----  ------            -----  ------            -----  ------    
ASxxxx Linker V03.00 + NoICE + sdld,  page 24.
Hexadecimal  [32-Bits]

Area                       Addr        Size        Decimal Bytes (Attributes)
--------------------       ----        ----        ------- ----- ------------
_HEADER7               00000000    00000006 =           6. bytes (ABS,CON)

        Value  Global            Value  Global            Value  Global    
        -----  ------            -----  ------            -----  ------    
ASxxxx Linker V03.00 + NoICE + sdld,  page 25.
Hexadecimal  [32-Bits]

Area                       Addr        Size        Decimal Bytes (Attributes)
--------------------       ----        ----        ------- ----- ------------
_HEADER8               00000000    00000003 =           3. bytes (ABS,CON)

        Value  Global            Value  Global            Value  Global    
        -----  ------            -----  ------            -----  ------    
ASxxxx Linker V03.00 + NoICE + sdld,  page 26.
Hexadecimal  [32-Bits]

Area                       Addr        Size        Decimal Bytes (Attributes)
--------------------       ----        ----        ------- ----- ------------
_HEADER9               00000000    00000001 =           1. bytes (ABS,CON)

        Value  Global            Value  Global            Value  Global    
        -----  ------            -----  ------            -----  ------    
ASxxxx Linker V03.00 + NoICE + sdld,  page 27.
Hexadecimal  [32-Bits]

Area                       Addr        Size        Decimal Bytes (Attributes)
--------------------       ----        ----        ------- ----- ------------
_HEADERa               00000000    00000001 =           1. bytes (ABS,CON)

        Value  Global            Value  Global            Value  Global    
        -----  ------            -----  ------            -----  ------    
ASxxxx Linker V03.00 + NoICE + sdld,  page 28.
Hexadecimal  [32-Bits]

Area                       Addr        Size        Decimal Bytes (Attributes)
--------------------       ----        ----        ------- ----- ------------
_HEADERb               00000000    00000001 =           1. bytes (ABS,CON)

        Value  Global            Value  Global            Value  Global    
        -----  ------            -----  ------            -----  ------    
ASxxxx Linker V03.00 + NoICE + sdld,  page 29.
Hexadecimal  [32-Bits]

Area                       Addr        Size        Decimal Bytes (Attributes)
--------------------       ----        ----        ------- ----- ------------
_HEADERc               00000000    00000002 =           2. bytes (ABS,CON)

        Value  Global            Value  Global            Value  Global    
        -----  ------            -----  ------            -----  ------    
ASxxxx Linker V03.00 + NoICE + sdld,  page 30.
Hexadecimal  [32-Bits]

Area                       Addr        Size        Decimal Bytes (Attributes)
--------------------       ----        ----        ------- ----- ------------
_HEADERd               00000000    00000001 =           1. bytes (ABS,CON)

        Value  Global            Value  Global            Value  Global    
        -----  ------            -----  ------            -----  ------    
ASxxxx Linker V03.00 + NoICE + sdld,  page 31.
Hexadecimal  [32-Bits]

Area                       Addr        Size        Decimal Bytes (Attributes)
--------------------       ----        ----        ------- ----- ------------
_HEADERe               00000000    00000001 =           1. bytes (ABS,CON)

        Value  Global            Value  Global            Value  Global    
        -----  ------            -----  ------            -----  ------    
ASxxxx Linker V03.00 + NoICE + sdld,  page 32.
Hexadecimal  [32-Bits]

Area                       Addr        Size        Decimal Bytes (Attributes)
--------------------       ----        ----        ------- ----- ------------
_HEADERf               00000000    00000002 =           2. bytes (ABS,CON)

        Value  Global            Value  Global            Value  Global    
        -----  ------            -----  ------            -----  ------    
ASxxxx Linker V03.00 + NoICE + sdld,  page 33.
Hexadecimal  [32-Bits]

Area                       Addr        Size        Decimal Bytes (Attributes)
--------------------       ----        ----        ------- ----- ------------
_HEADER10              00000000    00000082 =         130. bytes (ABS,CON)

        Value  Global            Value  Global            Value  Global    
        -----  ------            -----  ------            -----  ------    
     00000150  .reset    |    00000150  _reset    |    00000157  .code_sta
     000001B7  _exit     |    000001BB  _set_inte
ASxxxx Linker V03.00 + NoICE + sdld,  page 34.
Hexadecimal  [32-Bits]

Area                       Addr        Size        Decimal Bytes (Attributes)
--------------------       ----        ----        ------- ----- ------------
_HEADER11              00000000    00000001 =           1. bytes (ABS,CON)

        Value  Global            Value  Global            Value  Global    
        -----  ------            -----  ------            -----  ------    
ASxxxx Linker V03.00 + NoICE + sdld,  page 35.
Hexadecimal  [32-Bits]

Area                       Addr        Size        Decimal Bytes (Attributes)
--------------------       ----        ----        ------- ----- ------------
_HOME                  00001DE1    0000039A =         922. bytes (REL,CON)

        Value  Global            Value  Global            Value  Global    
        -----  ------            -----  ------            -----  ------    
     00001DE1  .memset_s |    00001DEA  .memcpy_s |    00001E07  .remove_V
     00001E0A  .remove_i |    00001E27  .add_VBL  |    00001E2A  .add_int 
     00001E35  .wait_vbl |    00001E35  _wait_vbl |    00001E45  .display_
     00001E45  _display_ |    00001E5D  _remove_V |    00001E68  _add_VBL 
     00001E73  _set_tile |    00001E78  _set_bkg_ |    00001E78  _set_win_
     00001E80  _set_spri |    00001EB0  .padup    |    00001EB0  _waitpadu
     00001EC0  .jpad     |    00001EC0  _joypad   |    00001EE8  _waitpad 
     00001EEB  .wait_pad |    00001EF2  ___sdcc_c |    00001F22  _add_LCD 
     00001F2D  .add_LCD  |    00001F33  _remove_L |    00001F3E  .remove_L
     00001F44  __divsuch |    00001F51  __modsuch |    00001F5B  __divusch
     00001F6D  __modusch |    00001F7D  __divscha |    00001F89  __modscha
     00001F93  __divsint |    00001FA4  __modsint |    00001FB3  __divucha
     00001FBF  __moducha |    00001FC9  __divuint |    00001FDA  __moduint
     00001FE9  .div8     |    00001FE9  .mod8     |    00001FF1  .div16   
     00001FF1  .mod16    |    00002027  .divu8    |    00002027  .modu8   
     0000202A  .divu16   |    0000202A  .modu16   |    0000206B  _set_bkg_
     0000207F  _uitoa    |    0000208E  _itoa     |    0000209D  .itoa    
     000020B1  .utoa     |    00002125  .set_xy_w |    0000212E  .set_xy_b
     0000213D  .set_xy_t
ASxxxx Linker V03.00 + NoICE + sdld,  page 36.
Hexadecimal  [32-Bits]

Area                       Addr        Size        Decimal Bytes (Attributes)
--------------------       ----        ----        ------- ----- ------------
_CODE_0                0000217B    00000440 =        1088. bytes (REL,CON)

        Value  Global            Value  Global            Value  Global    
        -----  ------            -----  ------            -----  ------    
     0000217B  G$FONT$0_ |    0000217B  _FONT    
ASxxxx Linker V03.00 + NoICE + sdld,  page 37.
Hexadecimal  [32-Bits]

Area                       Addr        Size        Decimal Bytes (Attributes)
--------------------       ----        ----        ------- ----- ------------
_INITIALIZER           000025BB    00000037 =          55. bytes (REL,CON)

        Value  Global            Value  Global            Value  Global    
        -----  ------            -----  ------            -----  ------    
     000025BB  Fmain$__x |    000025DF  Fmain$__x |    000025E2  Fmain$__x
     000025E6  Fmain$__x |    000025EA  Fmain$__x
ASxxxx Linker V03.00 + NoICE + sdld,  page 38.
Hexadecimal  [32-Bits]

Area                       Addr        Size        Decimal Bytes (Attributes)
--------------------       ----        ----        ------- ----- ------------
_GSINIT                000025F2    0000000C =          12. bytes (REL,CON)

        Value  Global            Value  Global            Value  Global    
        -----  ------            -----  ------            -----  ------    
     000025F2  gsinit   
ASxxxx Linker V03.00 + NoICE + sdld,  page 39.
Hexadecimal  [32-Bits]

Area                       Addr        Size        Decimal Bytes (Attributes)
--------------------       ----        ----        ------- ----- ------------
_GSFINAL               000025FE    00000001 =           1. bytes (REL,CON)

        Value  Global            Value  Global            Value  Global    
        -----  ------            -----  ------            -----  ------    
ASxxxx Linker V03.00 + NoICE + sdld,  page 40.
Hexadecimal  [32-Bits]

Area                       Addr        Size        Decimal Bytes (Attributes)
--------------------       ----        ----        ------- ----- ------------
_DATA                  0000C0A0    00000053 =          83. bytes (REL,CON)

        Value  Global            Value  Global            Value  Global    
        -----  ------            -----  ------            -----  ------    
     0000C0A0  __cpu     |    0000C0A1  __is_GBA  |    0000C0A2  .mode    
     0000C0A3  .sys_time |    0000C0A3  _sys_time |    0000C0A5  .int_0x40
     0000C0B9  G$scroll$ |    0000C0B9  _scroll   |    0000C0C3  G$PLAYER$
     0000C0C3  _PLAYER   |    0000C0C9  G$joy$0_0 |    0000C0C9  _joy     
     0000C0CA  G$last_jo |    0000C0CA  _last_joy |    0000C0CB  G$is_movi
     0000C0CB  _is_movin |    0000C0CC  G$turtles |    0000C0CC  _turtles_
     0000C0CD  G$move_x$ |    0000C0CD  _move_x   |    0000C0CE  G$move_y$
     0000C0CE  _move_y   |    0000C0CF  G$scx_cou |    0000C0CF  _scx_coun
     0000C0D0  G$turtle_ |    0000C0D0  _turtle_c |    0000C0D1  G$dive_co
     0000C0D1  _dive_cou |    0000C0D2  G$timer$0 |    0000C0D2  _timer   
     0000C0D4  G$turtle_ |    0000C0D4  _turtle_t |    0000C0D5  G$dive_ti
     0000C0D5  _dive_til |    0000C0D6  G$y_min$0 |    0000C0D6  _y_min   
     0000C0D7  G$vram_ad |    0000C0D7  _vram_add |    0000C0D9  G$score$0
     0000C0D9  _score    |    0000C0DB  G$text_bu |    0000C0DB  _text_buf
     0000C0E0  ___curren |    0000C0E2  ___curren |    0000C0E3  .int_0x48
ASxxxx Linker V03.00 + NoICE + sdld,  page 41.
Hexadecimal  [32-Bits]

Area                       Addr        Size        Decimal Bytes (Attributes)
--------------------       ----        ----        ------- ----- ------------
_INITIALIZED           0000C0F3    00000037 =          55. bytes (REL,CON)

        Value  Global            Value  Global            Value  Global    
        -----  ------            -----  ------            -----  ------    
     0000C0F3  G$scroll_ |    0000C0F3  _scroll_r |    0000C117  G$turtle_
     0000C117  _turtle_d |    0000C11A  G$turtle_ |    0000C11A  _turtle_d
     0000C11E  G$turtle_ |    0000C11E  _turtle_t |    0000C122  G$dive_ti
     0000C122  _dive_til |    0000C129  ___render
ASxxxx Linker V03.00 + NoICE + sdld,  page 42.
Hexadecimal  [32-Bits]

Area                       Addr        Size        Decimal Bytes (Attributes)
--------------------       ----        ----        ------- ----- ------------
_HRAM12                00000000    00000003 =           3. bytes (ABS,CON)

        Value  Global            Value  Global            Value  Global    
        -----  ------            -----  ------            -----  ------    
     0000FF90  __current |    0000FF92  __shadow_
ASxxxx Linker V03.00 + NoICE + sdld,  page 43.
Hexadecimal  [32-Bits]

Area                       Addr        Size        Decimal Bytes (Attributes)
--------------------       ----        ----        ------- ----- ------------
_CODE_1                00014000    000000AC =         172. bytes (REL,CON)

        Value  Global            Value  Global            Value  Global    
        -----  ------            -----  ------            -----  ------    
     00014000  C$frogger |    00014000  G$__func_ |    00014000  G$frogger
     00014000  ___func_f |    00014000  _frogger_ |    00014008  G$frogger
     00014008  _frogger_ |    00014048  G$frogger |    00014048  _frogger_
     00014054  G$frogger |    00014054  _frogger_ |    00014056  C$frogger
     00014056  G$__func_ |    00014056  G$frogger |    00014056  ___func_f
     00014056  _frogger_ |    0001405E  G$frogger |    0001405E  _frogger_
     0001409E  G$frogger |    0001409E  _frogger_ |    000140AA  G$frogger
     000140AA  _frogger_
ASxxxx Linker V03.00 + NoICE + sdld,  page 44.
Hexadecimal  [32-Bits]

Area                       Addr        Size        Decimal Bytes (Attributes)
--------------------       ----        ----        ------- ----- ------------
_HEADER_LCD0           00000000    00000003 =           3. bytes (ABS,CON)

        Value  Global            Value  Global            Value  Global    
        -----  ------            -----  ------            -----  ------    
ASxxxx Linker V03.00 + NoICE + sdld,  page 45.

Files Linked                              [ module(s) ]

C:\c_code\gbdk\lib/small/asxxxx/gb/crt0.o
                                          [ Runtime ]
C:\Users\User\AppData\Local\Temp/lcc193600.rel
                                          [ main ]
C:\Users\User\AppData\Local\Temp/lcc193601.rel
                                          [ bkg_map ]
C:\Users\User\AppData\Local\Temp/lcc193602.rel
                                          [ bkg_tiles ]
C:\Users\User\AppData\Local\Temp/lcc193603.rel
                                          [ collision_map ]
C:\Users\User\AppData\Local\Temp/lcc193604.rel
                                          [ font ]
C:\Users\User\AppData\Local\Temp/lcc193605.rel
                                          [ frogger ]
C:\Users\User\AppData\Local\Temp/lcc193606.rel
                                          [ frogger_16 ]
C:\Users\User\AppData\Local\Temp/lcc193607.rel
                                          [ reset_timer ]
C:\Users\User\AppData\Local\Temp/lcc193608.rel
                                          [ win_frog ]


Libraries Linked                          [ object file ]

C:\c_code\gbdk\lib/small/asxxxx/gb/gb.lib
                                          [ sfr.o ]
C:\c_code\gbdk\lib/small/asxxxx/gb/gb.lib
                                          [ get_tile.o ]
C:\c_code\gbdk\lib/small/asxxxx/gb/gb.lib
                                          [ set_tile.o ]
C:\c_code\gbdk\lib/small/asxxxx/gb/gb.lib
                                          [ set_data.o ]
C:\c_code\gbdk\lib/small/asxxxx/gbz80/gbz80.lib
                                          [ sprintf.o ]
C:\c_code\gbdk\lib/small/asxxxx/gb/gb.lib
                                          [ pad.o ]
C:\c_code\gbdk\lib/small/asxxxx/gb/gb.lib
                                          [ metasprites.o ]
C:\c_code\gbdk\lib/small/asxxxx/gbz80/gbz80.lib
                                          [ __sdcc_call_hl.o ]
C:\c_code\gbdk\lib/small/asxxxx/gb/gb.lib
                                          [ lcd.o ]
C:\c_code\gbdk\lib/small/asxxxx/gb/gb.lib
                                          [ get_addr.o ]
C:\c_code\gbdk\lib/small/asxxxx/gbz80/gbz80.lib
                                          [ div.o ]
C:\c_code\gbdk\lib/small/asxxxx/gb/gb.lib
                                          [ set_bk_t.o ]
C:\c_code\gbdk\lib/small/asxxxx/gbz80/gbz80.lib
                                          [ itoa.o ]
C:\c_code\gbdk\lib/small/asxxxx/gb/gb.lib
                                          [ set_xy_t.o ]

ASxxxx Linker V03.00 + NoICE + sdld,  page 46.

User Base Address Definitions

_DATA=0xC0A0
_CODE=0x0200
ASxxxx Linker V03.00 + NoICE + sdld,  page 47.

User Global Definitions

_shadow_OAM=0xC000
.STACK=0xE000
.refresh_OAM=0xFF80

