ASxxxx Linker V03.00 + NoICE + sdld,  page 1.
Hexadecimal  [32-Bits]

Area                       Addr        Size        Decimal Bytes (Attributes)
--------------------       ----        ----        ------- ----- ------------
.  .ABS.               00000000    00000000 =           0. bytes (ABS,CON)

        Value  Global            Value  Global            Value  Global    
        -----  ------            -----  ------            -----  ------    
     00000000  .__.ABS.  |    00000000  _rRAMG    |    00000000  l__BASE  
     00000000  l__BSS    |    00000000  l__CABS   |    00000000  l__DABS  
     00000000  l__HEADER |    00000000  l__HEADER |    00000000  l__HEAP  
     00000000  l__HRAM   |    00000000  l__LIT    |    00000000  s__CABS  
     00000000  s__DABS   |    00000000  s__HEADER |    00000000  s__HEADER
     00000000  s__HEADER |    00000000  s__HEADER |    00000000  s__HEADER
     00000000  s__HEADER |    00000000  s__HEADER |    00000000  s__HEADER
     00000000  s__HEADER |    00000000  s__HEADER |    00000000  s__HEADER
     00000000  s__HEADER |    00000000  s__HEADER |    00000000  s__HEADER
     00000000  s__HEADER |    00000000  s__HEADER |    00000000  s__HEADER
     00000000  s__HEADER |    00000000  s__HEADER |    00000000  s__HEADER
     00000000  s__HEADER |    00000000  s__HRAM   |    00000000  s__HRAM12
     00000001  ___bank_f |    00000001  ___bank_f |    00000001  l__GSFINA
     00000001  l__HEADER |    00000001  l__HEADER |    00000001  l__HEADER
     00000001  l__HEADER |    00000001  l__HEADER |    00000001  l__HEADER
     00000001  l__HEADER |    00000002  l__HEADER |    00000002  l__HEADER
     00000002  l__HEADER |    00000003  l__HEADER |    00000003  l__HEADER
     00000003  l__HRAM12 |    00000005  l__HEADER |    00000006  l__HEADER
     00000007  l__HEADER |    00000008  l__HEADER |    0000000C  l__GSINIT
     00000030  l__HEADER |    00000048  l__INITIA |    00000048  l__INITIA
     0000004F  l__HEADER |    0000006E  l__DATA   |    00000082  l__HEADER
     000000AC  l__CODE_1 |    00000200  s__CODE   |    0000039A  l__HOME  
     00000440  l__CODE_0 |    00001D1B  l__CODE   |    00001F1B  s__HOME  
     00002000  _rROMB0   |    000022B5  s__BASE   |    000022B5  s__CODE_0
     000026F5  s__INITIA |    000026F5  s__LIT    |    0000273D  s__GSINIT
     00002749  s__GSFINA |    00003000  _rROMB1   |    00004000  _rRAMB   
     00008000  __VRAM    |    00008000  __VRAM800 |    00008800  __VRAM880
     00009000  __VRAM900 |    00009800  __SCRN0   |    00009C00  __SCRN1  
     0000A000  __SRAM    |    0000C000  __RAM     |    0000C000  _shadow_O
     0000C0A0  s__DATA   |    0000C10E  s__BSS    |    0000C10E  s__INITIA
     0000C156  s__HEAP   |    0000D000  __RAMBANK |    0000E000  .STACK   
     0000FE00  __OAMRAM  |    0000FF00  _P1_REG   |    0000FF00  __IO     
     0000FF01  _SB_REG   |    0000FF02  _SC_REG   |    0000FF04  _DIV_REG 
     0000FF05  _TIMA_REG |    0000FF06  _TMA_REG  |    0000FF07  _TAC_REG 
     0000FF0F  _IF_REG   |    0000FF10  _NR10_REG |    0000FF11  _NR11_REG
     0000FF12  _NR12_REG |    0000FF13  _NR13_REG |    0000FF14  _NR14_REG
     0000FF16  _NR21_REG |    0000FF17  _NR22_REG |    0000FF18  _NR23_REG
     0000FF19  _NR24_REG |    0000FF1A  _NR30_REG |    0000FF1B  _NR31_REG
     0000FF1C  _NR32_REG |    0000FF1D  _NR33_REG |    0000FF1E  _NR34_REG
     0000FF20  _NR41_REG |    0000FF21  _NR42_REG |    0000FF22  _NR43_REG
     0000FF23  _NR44_REG |    0000FF24  _NR50_REG |    0000FF25  _NR51_REG
     0000FF26  _NR52_REG |    0000FF30  _PCM_SAMP |    0000FF30  __AUD3WAV
     0000FF40  _LCDC_REG |    0000FF41  _STAT_REG |    0000FF42  _SCY_REG 
     0000FF43  _SCX_REG  |    0000FF44  _LY_REG   |    0000FF45  _LYC_REG 
     0000FF46  _DMA_REG  |    0000FF47  _BGP_REG  |    0000FF48  _OBP0_REG
     0000FF49  _OBP1_REG |    0000FF4A  _WY_REG   |    0000FF4B  _WX_REG  
     0000FF4D  _KEY1_REG |    0000FF4F  _VBK_REG  |    0000FF51  _HDMA1_RE
     0000FF52  _HDMA2_RE |    0000FF53  _HDMA3_RE |    0000FF54  _HDMA4_RE
     0000FF55  _HDMA5_RE |    0000FF56  _RP_REG   |    0000FF68  _BCPS_REG
     0000FF69  _BCPD_REG |    0000FF6A  _OCPS_REG |    0000FF6B  _OCPD_REG
ASxxxx Linker V03.00 + NoICE + sdld,  page 2.
Hexadecimal  [32-Bits]

Area                       Addr        Size        Decimal Bytes (Attributes)
--------------------       ----        ----        ------- ----- ------------
.  .ABS.               00000000    00000000 =           0. bytes (ABS,CON)

        Value  Global            Value  Global            Value  Global    
        -----  ------            -----  ------            -----  ------    
     0000FF70  _SVBK_REG |    0000FF76  _PCM12_RE |    0000FF77  _PCM34_RE
     0000FF80  .refresh_ |    0000FF80  __HRAM    |    0000FFFF  _IE_REG  
     00014000  s__CODE_1
ASxxxx Linker V03.00 + NoICE + sdld,  page 3.
Hexadecimal  [32-Bits]

Area                       Addr        Size        Decimal Bytes (Attributes)
--------------------       ----        ----        ------- ----- ------------
_CODE                  00000200    00001D1B =        7451. bytes (REL,CON)

        Value  Global            Value  Global            Value  Global    
        -----  ------            -----  ------            -----  ------    
     00000200  A$lcc2587 |    00000200  C$main.c$ |    00000200  C$main.c$
     00000200  G$update_ |    00000200  _update_l |    00000203  A$lcc2587
     00000204  A$lcc2587 |    00000207  A$lcc2587 |    00000208  A$lcc2587
     0000020B  A$lcc2587 |    0000020C  A$lcc2587 |    0000020D  A$lcc2587
     0000020E  A$lcc2587 |    0000020E  C$main.c$ |    00000211  A$lcc2587
     00000212  A$lcc2587 |    00000215  A$lcc2587 |    00000216  A$lcc2587
     00000219  A$lcc2587 |    0000021A  A$lcc2587 |    0000021D  A$lcc2587
     0000021F  A$lcc2587 |    0000021F  C$main.c$ |    00000222  A$lcc2587
     00000223  A$lcc2587 |    00000224  A$lcc2587 |    00000226  A$lcc2587
     00000226  C$main.c$ |    00000228  A$lcc2587 |    00000229  A$lcc2587
     0000022A  A$lcc2587 |    0000022D  A$lcc2587 |    0000022E  A$lcc2587
     0000022F  A$lcc2587 |    00000230  A$lcc2587 |    00000231  A$lcc2587
     00000234  A$lcc2587 |    00000236  A$lcc2587 |    00000236  C$main.c$
     00000239  A$lcc2587 |    0000023A  A$lcc2587 |    0000023C  A$lcc2587
     0000023D  A$lcc2587 |    0000023E  A$lcc2587 |    0000023E  C$main.c$
     0000023F  A$lcc2587 |    00000241  A$lcc2587 |    00000241  C$main.c$
     00000244  A$lcc2587 |    00000245  A$lcc2587 |    00000248  A$lcc2587
     00000249  A$lcc2587 |    0000024C  A$lcc2587 |    0000024D  A$lcc2587
     0000024E  A$lcc2587 |    0000024F  A$lcc2587 |    0000024F  C$main.c$
     00000252  A$lcc2587 |    00000254  A$lcc2587 |    00000255  A$lcc2587
     00000256  A$lcc2587 |    00000259  A$lcc2587 |    0000025A  A$lcc2587
     0000025B  A$lcc2587 |    0000025C  A$lcc2587 |    0000025D  A$lcc2587
     00000260  A$lcc2587 |    00000262  A$lcc2587 |    00000262  C$main.c$
     00000262  XG$update |    00000263  Fmain$__s |    00000266  A$lcc2587
     00000266  C$main.c$ |    00000266  C$main.c$ |    00000266  G$update_
     00000266  _update_p |    00000269  A$lcc2587 |    0000026A  A$lcc2587
     0000026D  A$lcc2587 |    0000026E  A$lcc2587 |    00000271  A$lcc2587
     00000272  A$lcc2587 |    00000273  A$lcc2587 |    00000274  A$lcc2587
     00000274  C$main.c$ |    00000277  A$lcc2587 |    00000278  A$lcc2587
     00000279  A$lcc2587 |    0000027A  A$lcc2587 |    0000027A  C$main.c$
     0000027C  A$lcc2587 |    0000027D  A$lcc2587 |    0000027E  A$lcc2587
     00000281  A$lcc2587 |    00000282  A$lcc2587 |    00000283  A$lcc2587
     00000284  A$lcc2587 |    00000285  A$lcc2587 |    00000288  A$lcc2587
     0000028A  A$lcc2587 |    0000028A  C$main.c$ |    0000028D  A$lcc2587
     0000028E  A$lcc2587 |    00000290  A$lcc2587 |    00000291  A$lcc2587
     00000292  A$lcc2587 |    00000292  C$main.c$ |    00000293  A$lcc2587
     00000293  C$main.c$ |    00000293  XG$update |    00000295  A$lcc2587
     00000295  C$main.c$ |    00000295  C$main.c$ |    00000295  G$update_
     00000295  _update_s |    00000298  A$lcc2587 |    00000299  A$lcc2587
     0000029B  A$lcc2587 |    0000029C  A$lcc2587 |    0000029E  A$lcc2587
     000002A0  A$lcc2587 |    000002A1  A$lcc2587 |    000002A2  A$lcc2587
     000002A3  A$lcc2587 |    000002A5  A$lcc2587 |    000002A5  C$main.c$
     000002A8  A$lcc2587 |    000002A9  A$lcc2587 |    000002AC  A$lcc2587
     000002AD  A$lcc2587 |    000002B0  A$lcc2587 |    000002B1  A$lcc2587
     000002B2  A$lcc2587 |    000002B3  A$lcc2587 |    000002B5  A$lcc2587
     000002B5  C$main.c$ |    000002B8  A$lcc2587 |    000002B9  A$lcc2587
     000002BB  A$lcc2587 |    000002BC  A$lcc2587 |    000002BE  A$lcc2587
     000002C0  A$lcc2587 |    000002C1  A$lcc2587 |    000002C3  A$lcc2587
     000002C5  A$lcc2587 |    000002C6  A$lcc2587 |    000002C8  A$lcc2587
     000002C8  C$main.c$ |    000002CB  A$lcc2587 |    000002CC  A$lcc2587
ASxxxx Linker V03.00 + NoICE + sdld,  page 4.
Hexadecimal  [32-Bits]

Area                       Addr        Size        Decimal Bytes (Attributes)
--------------------       ----        ----        ------- ----- ------------
_CODE                  00000200    00001D1B =        7451. bytes (REL,CON)

        Value  Global            Value  Global            Value  Global    
        -----  ------            -----  ------            -----  ------    
     000002CF  A$lcc2587 |    000002D0  A$lcc2587 |    000002D3  A$lcc2587
     000002D4  A$lcc2587 |    000002D5  A$lcc2587 |    000002D6  A$lcc2587
     000002D8  A$lcc2587 |    000002D8  C$main.c$ |    000002DA  A$lcc2587
     000002DC  A$lcc2587 |    000002DF  A$lcc2587 |    000002E0  A$lcc2587
     000002E2  A$lcc2587 |    000002E3  A$lcc2587 |    000002E5  A$lcc2587
     000002E7  A$lcc2587 |    000002E7  C$main.c$ |    000002EA  A$lcc2587
     000002EB  A$lcc2587 |    000002EE  A$lcc2587 |    000002EF  A$lcc2587
     000002F2  A$lcc2587 |    000002F3  A$lcc2587 |    000002F4  A$lcc2587
     000002F5  A$lcc2587 |    000002F7  A$lcc2587 |    000002F7  C$main.c$
     000002FA  A$lcc2587 |    000002FC  A$lcc2587 |    000002FD  A$lcc2587
     000002FE  A$lcc2587 |    00000300  A$lcc2587 |    00000301  A$lcc2587
     00000303  A$lcc2587 |    00000303  C$main.c$ |    00000306  A$lcc2587
     00000307  A$lcc2587 |    0000030A  A$lcc2587 |    0000030B  A$lcc2587
     0000030E  A$lcc2587 |    0000030F  A$lcc2587 |    00000310  A$lcc2587
     00000311  A$lcc2587 |    00000311  C$main.c$ |    00000314  A$lcc2587
     00000315  A$lcc2587 |    00000316  A$lcc2587 |    00000317  A$lcc2587
     00000318  A$lcc2587 |    0000031B  A$lcc2587 |    0000031C  A$lcc2587
     0000031F  A$lcc2587 |    00000320  A$lcc2587 |    00000323  A$lcc2587
     00000325  A$lcc2587 |    00000325  C$main.c$ |    00000328  A$lcc2587
     00000329  A$lcc2587 |    0000032A  A$lcc2587 |    0000032B  A$lcc2587
     0000032B  C$main.c$ |    0000032D  A$lcc2587 |    0000032E  A$lcc2587
     0000032F  A$lcc2587 |    00000332  A$lcc2587 |    00000333  A$lcc2587
     00000334  A$lcc2587 |    00000335  A$lcc2587 |    00000336  A$lcc2587
     00000339  A$lcc2587 |    0000033B  A$lcc2587 |    0000033B  C$main.c$
     0000033E  A$lcc2587 |    0000033F  A$lcc2587 |    00000341  A$lcc2587
     00000342  A$lcc2587 |    00000343  A$lcc2587 |    00000343  C$main.c$
     00000344  A$lcc2587 |    00000344  C$main.c$ |    00000344  XG$update
     00000346  Fmain$__s |    00000349  A$lcc2587 |    00000349  C$main.c$
     00000349  C$main.c$ |    00000349  G$reset_f |    00000349  _reset_fr
     0000034C  A$lcc2587 |    0000034E  A$lcc2587 |    0000034E  C$main.c$
     00000351  A$lcc2587 |    00000353  A$lcc2587 |    00000356  A$lcc2587
     00000358  A$lcc2587 |    00000358  C$main.c$ |    0000035B  A$lcc2587
     0000035D  A$lcc2587 |    0000035E  A$lcc2587 |    00000360  A$lcc2587
     00000360  C$main.c$ |    00000363  A$lcc2587 |    00000364  A$lcc2587
     00000365  A$lcc2587 |    00000367  A$lcc2587 |    00000368  A$lcc2587
     0000036A  A$lcc2587 |    0000036A  C$main.c$ |    0000036B  A$lcc2587
     0000036E  A$lcc2587 |    0000036E  C$main.c$ |    00000371  A$lcc2587
     00000373  A$lcc2587 |    00000374  A$lcc2587 |    00000375  A$lcc2587
     00000378  A$lcc2587 |    00000379  A$lcc2587 |    0000037C  A$lcc2587
     0000037D  A$lcc2587 |    0000037E  A$lcc2587 |    0000037F  A$lcc2587
     00000380  A$lcc2587 |    00000383  A$lcc2587 |    00000384  A$lcc2587
     00000385  A$lcc2587 |    00000386  A$lcc2587 |    00000389  A$lcc2587
     0000038B  A$lcc2587 |    0000038C  A$lcc2587 |    0000038D  A$lcc2587
     0000038E  A$lcc2587 |    0000038F  A$lcc2587 |    00000390  A$lcc2587
     00000391  A$lcc2587 |    00000392  A$lcc2587 |    00000393  A$lcc2587
     00000396  A$lcc2587 |    00000398  A$lcc2587 |    00000398  C$main.c$
     00000398  C$main.c$ |    00000398  XG$reset_ |    00000399  A$lcc2587
     00000399  C$main.c$ |    00000399  C$main.c$ |    00000399  G$reset_t
     00000399  _reset_ti |    0000039C  A$lcc2587 |    0000039E  A$lcc2587
     0000039F  A$lcc2587 |    000003A1  A$lcc2587 |    000003A1  C$main.c$
     000003A4  A$lcc2587 |    000003A6  A$lcc2587 |    000003A6  C$main.c$
ASxxxx Linker V03.00 + NoICE + sdld,  page 5.
Hexadecimal  [32-Bits]

Area                       Addr        Size        Decimal Bytes (Attributes)
--------------------       ----        ----        ------- ----- ------------
_CODE                  00000200    00001D1B =        7451. bytes (REL,CON)

        Value  Global            Value  Global            Value  Global    
        -----  ------            -----  ------            -----  ------    
     000003A9  A$lcc2587 |    000003AA  A$lcc2587 |    000003AD  A$lcc2587
     000003AE  A$lcc2587 |    000003B1  A$lcc2587 |    000003B2  A$lcc2587
     000003B5  A$lcc2587 |    000003B7  A$lcc2587 |    000003B7  C$main.c$
     000003B7  XG$reset_ |    000003B8  A$lcc2587 |    000003B8  C$main.c$
     000003B8  C$main.c$ |    000003B8  G$init_le |    000003B8  _init_lev
     000003BB  A$lcc2587 |    000003BC  A$lcc2587 |    000003BF  A$lcc2587
     000003C0  A$lcc2587 |    000003C3  A$lcc2587 |    000003C5  A$lcc2587
     000003C5  C$main.c$ |    000003C8  A$lcc2587 |    000003C9  A$lcc2587
     000003CC  A$lcc2587 |    000003CD  A$lcc2587 |    000003D0  A$lcc2587
     000003D2  A$lcc2587 |    000003D2  C$main.c$ |    000003D5  A$lcc2587
     000003D6  A$lcc2587 |    000003D9  A$lcc2587 |    000003DA  A$lcc2587
     000003DD  A$lcc2587 |    000003DF  A$lcc2587 |    000003DF  C$main.c$
     000003E2  A$lcc2587 |    000003E3  A$lcc2587 |    000003E6  A$lcc2587
     000003E7  A$lcc2587 |    000003E8  A$lcc2587 |    000003E9  A$lcc2587
     000003EA  A$lcc2587 |    000003ED  A$lcc2587 |    000003EF  A$lcc2587
     000003EF  C$main.c$ |    000003F2  A$lcc2587 |    000003F3  A$lcc2587
     000003F5  A$lcc2587 |    000003F6  A$lcc2587 |    000003F7  A$lcc2587
     000003FA  A$lcc2587 |    000003FC  A$lcc2587 |    000003FC  C$main.c$
     000003FF  A$lcc2587 |    00000401  A$lcc2587 |    00000401  C$main.c$
     00000402  A$lcc2587 |    00000405  A$lcc2587 |    00000406  A$lcc2587
     00000407  A$lcc2587 |    00000407  C$main.c$ |    0000040A  A$lcc2587
     0000040A  C$main.c$ |    0000040D  A$lcc2587 |    0000040F  A$lcc2587
     0000040F  C$main.c$ |    00000412  A$lcc2587 |    00000412  C$main.c$
     00000415  A$lcc2587 |    00000415  C$main.c$ |    00000418  A$lcc2587
     00000418  C$main.c$ |    00000418  C$main.c$ |    00000418  XG$init_l
     0000041B  A$lcc2587 |    0000041B  C$main.c$ |    0000041B  G$move_fr
     0000041B  _move_fro |    0000041C  A$lcc2587 |    0000041D  A$lcc2587
     0000041D  C$main.c$ |    00000420  A$lcc2587 |    00000421  A$lcc2587
     00000423  A$lcc2587 |    00000423  C$main.c$ |    00000426  A$lcc2587
     00000427  A$lcc2587 |    00000429  A$lcc2587 |    0000042A  A$lcc2587
     0000042B  A$lcc2587 |    0000042C  A$lcc2587 |    0000042D  A$lcc2587
     00000430  A$lcc2587 |    00000432  A$lcc2587 |    00000434  A$lcc2587
     00000437  A$lcc2587 |    00000439  A$lcc2587 |    0000043C  A$lcc2587
     0000043D  A$lcc2587 |    0000043E  A$lcc2587 |    0000043F  A$lcc2587
     00000440  A$lcc2587 |    00000441  A$lcc2587 |    00000444  A$lcc2587
     00000445  A$lcc2587 |    00000446  A$lcc2587 |    00000447  A$lcc2587
     0000044A  A$lcc2587 |    0000044C  A$lcc2587 |    0000044D  A$lcc2587
     00000450  A$lcc2587 |    00000451  A$lcc2587 |    00000452  A$lcc2587
     00000453  A$lcc2587 |    00000456  A$lcc2587 |    00000457  A$lcc2587
     00000458  A$lcc2587 |    00000459  A$lcc2587 |    0000045C  A$lcc2587
     0000045E  A$lcc2587 |    00000460  A$lcc2587 |    00000461  A$lcc2587
     00000462  A$lcc2587 |    00000463  A$lcc2587 |    00000464  A$lcc2587
     00000466  A$lcc2587 |    00000467  A$lcc2587 |    0000046A  A$lcc2587
     0000046C  A$lcc2587 |    0000046C  C$main.c$ |    0000046E  A$lcc2587
     0000046E  C$main.c$ |    00000471  A$lcc2587 |    00000472  A$lcc2587
     00000474  A$lcc2587 |    00000474  C$main.c$ |    00000477  A$lcc2587
     00000478  A$lcc2587 |    00000479  A$lcc2587 |    0000047A  A$lcc2587
     0000047D  A$lcc2587 |    0000047F  A$lcc2587 |    00000481  A$lcc2587
     00000484  A$lcc2587 |    00000486  A$lcc2587 |    00000489  A$lcc2587
     0000048A  A$lcc2587 |    0000048B  A$lcc2587 |    0000048C  A$lcc2587
     0000048F  A$lcc2587 |    00000490  A$lcc2587 |    00000491  A$lcc2587
ASxxxx Linker V03.00 + NoICE + sdld,  page 6.
Hexadecimal  [32-Bits]

Area                       Addr        Size        Decimal Bytes (Attributes)
--------------------       ----        ----        ------- ----- ------------
_CODE                  00000200    00001D1B =        7451. bytes (REL,CON)

        Value  Global            Value  Global            Value  Global    
        -----  ------            -----  ------            -----  ------    
     00000492  A$lcc2587 |    00000495  A$lcc2587 |    00000496  A$lcc2587
     00000499  A$lcc2587 |    0000049A  A$lcc2587 |    0000049B  A$lcc2587
     0000049C  A$lcc2587 |    0000049D  A$lcc2587 |    000004A0  A$lcc2587
     000004A1  A$lcc2587 |    000004A2  A$lcc2587 |    000004A3  A$lcc2587
     000004A6  A$lcc2587 |    000004A8  A$lcc2587 |    000004A9  A$lcc2587
     000004AA  A$lcc2587 |    000004AB  A$lcc2587 |    000004AC  A$lcc2587
     000004AD  A$lcc2587 |    000004AE  A$lcc2587 |    000004AF  A$lcc2587
     000004B0  A$lcc2587 |    000004B3  A$lcc2587 |    000004B5  A$lcc2587
     000004B5  C$main.c$ |    000004B6  A$lcc2587 |    000004B7  A$lcc2587
     000004B7  C$main.c$ |    000004B7  XG$move_f |    000004B8  A$lcc2587
     000004B8  C$main.c$ |    000004B8  C$main.c$ |    000004B8  G$update_
     000004B8  _update_m |    000004BB  A$lcc2587 |    000004BC  A$lcc2587
     000004BE  A$lcc2587 |    000004BE  C$main.c$ |    000004C1  A$lcc2587
     000004C1  C$main.c$ |    000004C4  A$lcc2587 |    000004C6  A$lcc2587
     000004C8  A$lcc2587 |    000004CB  A$lcc2587 |    000004CD  A$lcc2587
     000004D0  A$lcc2587 |    000004D1  A$lcc2587 |    000004D4  A$lcc2587
     000004D5  A$lcc2587 |    000004D6  A$lcc2587 |    000004D7  A$lcc2587
     000004D7  C$main.c$ |    000004DA  A$lcc2587 |    000004DB  A$lcc2587
     000004DD  A$lcc2587 |    000004DD  C$main.c$ |    000004E0  A$lcc2587
     000004E0  C$main.c$ |    000004E3  A$lcc2587 |    000004E5  A$lcc2587
     000004E7  A$lcc2587 |    000004EA  A$lcc2587 |    000004EC  A$lcc2587
     000004EF  A$lcc2587 |    000004F0  A$lcc2587 |    000004F3  A$lcc2587
     000004F4  A$lcc2587 |    000004F5  A$lcc2587 |    000004F6  A$lcc2587
     000004F6  C$main.c$ |    000004F9  A$lcc2587 |    000004FA  A$lcc2587
     000004FC  A$lcc2587 |    000004FF  A$lcc2587 |    00000500  A$lcc2587
     00000501  A$lcc2587 |    00000501  C$main.c$ |    00000504  A$lcc2587
     00000506  A$lcc2587 |    00000506  C$main.c$ |    00000509  A$lcc2587
     0000050A  A$lcc2587 |    0000050B  A$lcc2587 |    0000050C  A$lcc2587
     0000050F  A$lcc2587 |    00000510  A$lcc2587 |    00000512  A$lcc2587
     00000513  A$lcc2587 |    00000514  A$lcc2587 |    00000515  A$lcc2587
     00000516  A$lcc2587 |    00000517  A$lcc2587 |    00000518  A$lcc2587
     0000051A  A$lcc2587 |    0000051C  A$lcc2587 |    0000051E  A$lcc2587
     00000520  A$lcc2587 |    00000521  A$lcc2587 |    00000523  A$lcc2587
     00000525  A$lcc2587 |    00000527  A$lcc2587 |    00000528  A$lcc2587
     00000529  A$lcc2587 |    00000529  C$main.c$ |    0000052C  A$lcc2587
     0000052D  A$lcc2587 |    0000052F  A$lcc2587 |    00000530  A$lcc2587
     00000531  A$lcc2587 |    00000533  A$lcc2587 |    00000534  A$lcc2587
     00000534  C$main.c$ |    00000537  A$lcc2587 |    00000537  C$main.c$
     0000053A  A$lcc2587 |    0000053D  A$lcc2587 |    0000053D  C$main.c$
     0000053D  XG$update |    0000053E  A$lcc2587 |    0000053E  C$main.c$
     0000053E  C$main.c$ |    0000053E  G$paralla |    0000053E  _parallax
     00000540  A$lcc2587 |    00000541  A$lcc2587 |    00000543  A$lcc2587
     00000545  A$lcc2587 |    00000547  A$lcc2587 |    00000549  A$lcc2587
     0000054B  A$lcc2587 |    0000054D  A$lcc2587 |    0000054F  A$lcc2587
     00000551  A$lcc2587 |    00000553  A$lcc2587 |    00000555  A$lcc2587
     00000557  A$lcc2587 |    00000559  A$lcc2587 |    0000055B  A$lcc2587
     0000055D  A$lcc2587 |    0000055F  A$lcc2587 |    00000561  A$lcc2587
     00000563  A$lcc2587 |    00000565  A$lcc2587 |    00000568  A$lcc2587
     0000056A  A$lcc2587 |    0000056D  A$lcc2587 |    0000056F  A$lcc2587
     00000572  A$lcc2587 |    00000574  A$lcc2587 |    00000577  A$lcc2587
     00000578  A$lcc2587 |    00000578  C$main.c$ |    00000579  A$lcc2587
ASxxxx Linker V03.00 + NoICE + sdld,  page 7.
Hexadecimal  [32-Bits]

Area                       Addr        Size        Decimal Bytes (Attributes)
--------------------       ----        ----        ------- ----- ------------
_CODE                  00000200    00001D1B =        7451. bytes (REL,CON)

        Value  Global            Value  Global            Value  Global    
        -----  ------            -----  ------            -----  ------    
     0000057B  A$lcc2587 |    0000057C  A$lcc2587 |    0000057E  A$lcc2587
     0000057E  C$main.c$ |    00000580  A$lcc2587 |    00000582  A$lcc2587
     00000582  C$main.c$ |    00000583  A$lcc2587 |    00000583  C$main.c$
     00000586  A$lcc2587 |    00000588  A$lcc2587 |    00000589  A$lcc2587
     0000058B  A$lcc2587 |    0000058B  C$main.c$ |    0000058D  A$lcc2587
     0000058F  A$lcc2587 |    0000058F  C$main.c$ |    00000590  A$lcc2587
     00000590  C$main.c$ |    00000593  A$lcc2587 |    00000595  A$lcc2587
     00000596  A$lcc2587 |    00000598  A$lcc2587 |    00000598  C$main.c$
     0000059A  A$lcc2587 |    0000059C  A$lcc2587 |    0000059C  C$main.c$
     0000059D  A$lcc2587 |    0000059D  C$main.c$ |    000005A0  A$lcc2587
     000005A2  A$lcc2587 |    000005A3  A$lcc2587 |    000005A5  A$lcc2587
     000005A5  C$main.c$ |    000005A7  A$lcc2587 |    000005A9  A$lcc2587
     000005A9  C$main.c$ |    000005AA  A$lcc2587 |    000005AA  C$main.c$
     000005AD  A$lcc2587 |    000005AF  A$lcc2587 |    000005B0  A$lcc2587
     000005B2  A$lcc2587 |    000005B2  C$main.c$ |    000005B4  A$lcc2587
     000005B6  A$lcc2587 |    000005B6  C$main.c$ |    000005B7  A$lcc2587
     000005B7  C$main.c$ |    000005BA  A$lcc2587 |    000005BC  A$lcc2587
     000005BD  A$lcc2587 |    000005BF  A$lcc2587 |    000005BF  C$main.c$
     000005C1  A$lcc2587 |    000005C3  A$lcc2587 |    000005C3  C$main.c$
     000005C4  A$lcc2587 |    000005C4  C$main.c$ |    000005C5  A$lcc2587
     000005C7  A$lcc2587 |    000005C8  A$lcc2587 |    000005CA  A$lcc2587
     000005CA  C$main.c$ |    000005CC  A$lcc2587 |    000005CE  A$lcc2587
     000005CE  C$main.c$ |    000005CF  A$lcc2587 |    000005CF  C$main.c$
     000005D2  A$lcc2587 |    000005D4  A$lcc2587 |    000005D5  A$lcc2587
     000005D7  A$lcc2587 |    000005D7  C$main.c$ |    000005D9  A$lcc2587
     000005DB  A$lcc2587 |    000005DB  C$main.c$ |    000005DC  A$lcc2587
     000005DC  C$main.c$ |    000005DF  A$lcc2587 |    000005E1  A$lcc2587
     000005E2  A$lcc2587 |    000005E4  A$lcc2587 |    000005E4  C$main.c$
     000005E6  A$lcc2587 |    000005E8  A$lcc2587 |    000005E8  C$main.c$
     000005E9  A$lcc2587 |    000005E9  C$main.c$ |    000005EC  A$lcc2587
     000005EE  A$lcc2587 |    000005EF  A$lcc2587 |    000005F1  A$lcc2587
     000005F1  C$main.c$ |    000005F3  A$lcc2587 |    000005F5  A$lcc2587
     000005F5  C$main.c$ |    000005F6  A$lcc2587 |    000005F6  C$main.c$
     000005F9  A$lcc2587 |    000005FB  A$lcc2587 |    000005FC  A$lcc2587
     000005FE  A$lcc2587 |    000005FE  C$main.c$ |    00000600  A$lcc2587
     00000602  A$lcc2587 |    00000602  C$main.c$ |    00000603  A$lcc2587
     00000603  C$main.c$ |    00000606  A$lcc2587 |    00000608  A$lcc2587
     00000609  A$lcc2587 |    0000060B  A$lcc2587 |    0000060B  C$main.c$
     0000060D  A$lcc2587 |    0000060F  A$lcc2587 |    0000060F  C$main.c$
     00000610  A$lcc2587 |    00000610  C$main.c$ |    00000611  A$lcc2587
     00000613  A$lcc2587 |    00000614  A$lcc2587 |    00000616  A$lcc2587
     00000616  C$main.c$ |    00000617  A$lcc2587 |    00000619  A$lcc2587
     00000619  C$main.c$ |    00000619  C$main.c$ |    00000619  XG$parall
     0000061A  A$lcc2587 |    0000061A  C$main.c$ |    0000061A  G$scroll_
     0000061A  _scroll_c |    0000061B  A$lcc2587 |    0000061B  C$main.c$
     0000061E  A$lcc2587 |    0000061F  A$lcc2587 |    00000621  A$lcc2587
     00000624  A$lcc2587 |    00000625  A$lcc2587 |    00000626  A$lcc2587
     00000629  A$lcc2587 |    0000062B  A$lcc2587 |    0000062C  A$lcc2587
     0000062D  A$lcc2587 |    00000630  A$lcc2587 |    00000630  C$main.c$
     00000633  A$lcc2587 |    00000634  A$lcc2587 |    00000635  A$lcc2587
     00000636  A$lcc2587 |    00000636  C$main.c$ |    00000637  A$lcc2587
ASxxxx Linker V03.00 + NoICE + sdld,  page 8.
Hexadecimal  [32-Bits]

Area                       Addr        Size        Decimal Bytes (Attributes)
--------------------       ----        ----        ------- ----- ------------
_CODE                  00000200    00001D1B =        7451. bytes (REL,CON)

        Value  Global            Value  Global            Value  Global    
        -----  ------            -----  ------            -----  ------    
     00000638  A$lcc2587 |    00000639  A$lcc2587 |    0000063A  A$lcc2587
     0000063B  A$lcc2587 |    0000063C  A$lcc2587 |    0000063C  C$main.c$
     0000063D  A$lcc2587 |    0000063E  A$lcc2587 |    0000063F  A$lcc2587
     00000640  A$lcc2587 |    00000641  A$lcc2587 |    00000642  A$lcc2587
     00000643  A$lcc2587 |    00000646  A$lcc2587 |    00000647  A$lcc2587
     00000647  C$main.c$ |    00000647  C$main.c$ |    00000647  C$main.c$
     00000648  A$lcc2587 |    0000064A  A$lcc2587 |    0000064A  C$main.c$
     0000064D  A$lcc2587 |    0000064E  A$lcc2587 |    0000064F  A$lcc2587
     00000650  A$lcc2587 |    00000651  A$lcc2587 |    00000654  A$lcc2587
     00000655  A$lcc2587 |    00000656  A$lcc2587 |    00000657  A$lcc2587
     0000065A  A$lcc2587 |    0000065C  A$lcc2587 |    0000065D  A$lcc2587
     00000660  A$lcc2587 |    00000661  A$lcc2587 |    00000662  A$lcc2587
     00000663  A$lcc2587 |    00000664  A$lcc2587 |    00000667  A$lcc2587
     00000668  A$lcc2587 |    00000669  A$lcc2587 |    0000066A  A$lcc2587
     0000066D  A$lcc2587 |    0000066F  A$lcc2587 |    00000671  A$lcc2587
     00000672  A$lcc2587 |    00000673  A$lcc2587 |    00000674  A$lcc2587
     00000675  A$lcc2587 |    00000677  A$lcc2587 |    00000678  A$lcc2587
     0000067B  A$lcc2587 |    0000067D  A$lcc2587 |    0000067D  C$main.c$
     0000067D  C$main.c$ |    00000680  A$lcc2587 |    00000682  A$lcc2587
     00000684  A$lcc2587 |    00000684  C$main.c$ |    00000687  A$lcc2587
     00000688  A$lcc2587 |    00000689  A$lcc2587 |    0000068A  A$lcc2587
     0000068B  A$lcc2587 |    0000068E  A$lcc2587 |    0000068F  A$lcc2587
     00000690  A$lcc2587 |    00000691  A$lcc2587 |    00000694  A$lcc2587
     00000696  A$lcc2587 |    00000697  A$lcc2587 |    0000069A  A$lcc2587
     0000069B  A$lcc2587 |    0000069C  A$lcc2587 |    0000069D  A$lcc2587
     0000069E  A$lcc2587 |    000006A1  A$lcc2587 |    000006A2  A$lcc2587
     000006A3  A$lcc2587 |    000006A4  A$lcc2587 |    000006A7  A$lcc2587
     000006A9  A$lcc2587 |    000006AB  A$lcc2587 |    000006AC  A$lcc2587
     000006AD  A$lcc2587 |    000006AE  A$lcc2587 |    000006AF  A$lcc2587
     000006B1  A$lcc2587 |    000006B2  A$lcc2587 |    000006B5  A$lcc2587
     000006B7  A$lcc2587 |    000006B7  C$main.c$ |    000006B7  C$main.c$
     000006BA  A$lcc2587 |    000006BB  A$lcc2587 |    000006BD  A$lcc2587
     000006C0  A$lcc2587 |    000006C1  A$lcc2587 |    000006C2  A$lcc2587
     000006C5  A$lcc2587 |    000006C7  A$lcc2587 |    000006C8  A$lcc2587
     000006C9  A$lcc2587 |    000006CB  A$lcc2587 |    000006CB  C$main.c$
     000006CE  A$lcc2587 |    000006CF  A$lcc2587 |    000006D0  A$lcc2587
     000006D1  A$lcc2587 |    000006D1  C$main.c$ |    000006D4  A$lcc2587
     000006D6  A$lcc2587 |    000006D8  A$lcc2587 |    000006D8  C$main.c$
     000006DB  A$lcc2587 |    000006DC  A$lcc2587 |    000006DD  A$lcc2587
     000006DE  A$lcc2587 |    000006DF  A$lcc2587 |    000006E2  A$lcc2587
     000006E3  A$lcc2587 |    000006E4  A$lcc2587 |    000006E5  A$lcc2587
     000006E8  A$lcc2587 |    000006EA  A$lcc2587 |    000006EB  A$lcc2587
     000006EE  A$lcc2587 |    000006EF  A$lcc2587 |    000006F0  A$lcc2587
     000006F1  A$lcc2587 |    000006F2  A$lcc2587 |    000006F5  A$lcc2587
     000006F6  A$lcc2587 |    000006F7  A$lcc2587 |    000006F8  A$lcc2587
     000006FB  A$lcc2587 |    000006FD  A$lcc2587 |    000006FF  A$lcc2587
     00000700  A$lcc2587 |    00000701  A$lcc2587 |    00000702  A$lcc2587
     00000703  A$lcc2587 |    00000705  A$lcc2587 |    00000706  A$lcc2587
     00000709  A$lcc2587 |    0000070B  A$lcc2587 |    0000070B  C$main.c$
     0000070B  C$main.c$ |    0000070E  A$lcc2587 |    00000710  A$lcc2587
     00000712  A$lcc2587 |    00000712  C$main.c$ |    00000715  A$lcc2587
ASxxxx Linker V03.00 + NoICE + sdld,  page 9.
Hexadecimal  [32-Bits]

Area                       Addr        Size        Decimal Bytes (Attributes)
--------------------       ----        ----        ------- ----- ------------
_CODE                  00000200    00001D1B =        7451. bytes (REL,CON)

        Value  Global            Value  Global            Value  Global    
        -----  ------            -----  ------            -----  ------    
     00000716  A$lcc2587 |    00000717  A$lcc2587 |    00000718  A$lcc2587
     00000718  C$main.c$ |    0000071B  A$lcc2587 |    0000071C  A$lcc2587
     0000071D  A$lcc2587 |    0000071E  A$lcc2587 |    0000071E  C$main.c$
     00000721  A$lcc2587 |    00000722  A$lcc2587 |    00000723  A$lcc2587
     00000724  A$lcc2587 |    00000724  C$main.c$ |    00000727  A$lcc2587
     00000728  A$lcc2587 |    00000729  A$lcc2587 |    0000072A  A$lcc2587
     0000072A  C$main.c$ |    0000072D  A$lcc2587 |    0000072F  A$lcc2587
     00000731  A$lcc2587 |    00000731  C$main.c$ |    00000734  A$lcc2587
     00000735  A$lcc2587 |    00000736  A$lcc2587 |    00000737  A$lcc2587
     00000738  A$lcc2587 |    00000739  A$lcc2587 |    0000073A  A$lcc2587
     0000073B  A$lcc2587 |    0000073C  A$lcc2587 |    0000073D  A$lcc2587
     0000073E  A$lcc2587 |    0000073F  A$lcc2587 |    00000740  A$lcc2587
     00000743  A$lcc2587 |    00000744  A$lcc2587 |    00000745  A$lcc2587
     00000748  A$lcc2587 |    00000749  A$lcc2587 |    0000074A  A$lcc2587
     0000074B  A$lcc2587 |    0000074C  A$lcc2587 |    0000074F  A$lcc2587
     00000750  A$lcc2587 |    00000751  A$lcc2587 |    00000752  A$lcc2587
     00000755  A$lcc2587 |    00000757  A$lcc2587 |    00000758  A$lcc2587
     00000759  A$lcc2587 |    0000075A  A$lcc2587 |    0000075B  A$lcc2587
     0000075C  A$lcc2587 |    0000075D  A$lcc2587 |    0000075E  A$lcc2587
     0000075F  A$lcc2587 |    00000762  A$lcc2587 |    00000764  A$lcc2587
     00000764  C$main.c$ |    00000764  C$main.c$ |    00000767  A$lcc2587
     00000768  A$lcc2587 |    0000076A  A$lcc2587 |    0000076D  A$lcc2587
     0000076E  A$lcc2587 |    0000076F  A$lcc2587 |    00000772  A$lcc2587
     00000774  A$lcc2587 |    00000775  A$lcc2587 |    00000776  A$lcc2587
     00000778  A$lcc2587 |    00000778  C$main.c$ |    0000077B  A$lcc2587
     0000077C  A$lcc2587 |    0000077D  A$lcc2587 |    0000077E  A$lcc2587
     0000077E  C$main.c$ |    00000781  A$lcc2587 |    00000782  A$lcc2587
     00000783  A$lcc2587 |    00000784  A$lcc2587 |    00000784  C$main.c$
     00000787  A$lcc2587 |    00000788  A$lcc2587 |    00000789  A$lcc2587
     00000789  C$main.c$ |    00000789  XG$scroll |    0000078A  A$lcc2587
     0000078A  C$main.c$ |    0000078A  G$drain_t |    0000078A  _drain_ti
     0000078B  A$lcc2587 |    0000078B  C$main.c$ |    0000078E  A$lcc2587
     0000078F  A$lcc2587 |    00000791  A$lcc2587 |    00000792  A$lcc2587
     00000794  A$lcc2587 |    00000795  A$lcc2587 |    00000797  A$lcc2587
     00000798  A$lcc2587 |    00000798  C$main.c$ |    00000799  A$lcc2587
     0000079A  A$lcc2587 |    0000079C  A$lcc2587 |    0000079E  A$lcc2587
     000007A1  A$lcc2587 |    000007A2  A$lcc2587 |    000007A4  A$lcc2587
     000007A6  A$lcc2587 |    000007A8  A$lcc2587 |    000007AA  A$lcc2587
     000007AC  A$lcc2587 |    000007AE  A$lcc2587 |    000007AF  A$lcc2587
     000007AF  C$main.c$ |    000007B1  A$lcc2587 |    000007B2  A$lcc2587
     000007B4  A$lcc2587 |    000007B5  A$lcc2587 |    000007B6  A$lcc2587
     000007B7  A$lcc2587 |    000007B8  A$lcc2587 |    000007BB  A$lcc2587
     000007BC  A$lcc2587 |    000007BD  A$lcc2587 |    000007BD  C$main.c$
     000007BF  A$lcc2587 |    000007C0  A$lcc2587 |    000007C2  A$lcc2587
     000007C5  A$lcc2587 |    000007C6  A$lcc2587 |    000007C8  A$lcc2587
     000007C9  A$lcc2587 |    000007CA  A$lcc2587 |    000007CC  A$lcc2587
     000007CD  A$lcc2587 |    000007CE  A$lcc2587 |    000007D0  A$lcc2587
     000007D0  C$main.c$ |    000007D2  A$lcc2587 |    000007D3  A$lcc2587
     000007D5  A$lcc2587 |    000007D6  A$lcc2587 |    000007D8  A$lcc2587
     000007D9  A$lcc2587 |    000007DA  A$lcc2587 |    000007DB  A$lcc2587
     000007DE  A$lcc2587 |    000007E0  A$lcc2587 |    000007E0  C$main.c$
ASxxxx Linker V03.00 + NoICE + sdld,  page 10.
Hexadecimal  [32-Bits]

Area                       Addr        Size        Decimal Bytes (Attributes)
--------------------       ----        ----        ------- ----- ------------
_CODE                  00000200    00001D1B =        7451. bytes (REL,CON)

        Value  Global            Value  Global            Value  Global    
        -----  ------            -----  ------            -----  ------    
     000007E3  A$lcc2587 |    000007E4  A$lcc2587 |    000007E4  C$main.c$
     000007E7  A$lcc2587 |    000007E8  A$lcc2587 |    000007EA  A$lcc2587
     000007EB  A$lcc2587 |    000007EC  A$lcc2587 |    000007EE  A$lcc2587
     000007EF  A$lcc2587 |    000007EF  C$main.c$ |    000007F2  A$lcc2587
     000007F2  C$main.c$ |    000007F5  A$lcc2587 |    000007F6  A$lcc2587
     000007F8  A$lcc2587 |    000007F9  A$lcc2587 |    000007FA  A$lcc2587
     000007FA  C$main.c$ |    000007FD  A$lcc2587 |    000007FF  A$lcc2587
     00000801  A$lcc2587 |    00000801  C$main.c$ |    00000804  A$lcc2587
     00000804  C$main.c$ |    00000807  A$lcc2587 |    00000807  C$main.c$
     0000080A  A$lcc2587 |    0000080C  A$lcc2587 |    0000080D  A$lcc2587
     0000080D  C$main.c$ |    0000080D  XG$drain_ |    0000080E  A$lcc2587
     0000080E  C$main.c$ |    0000080E  G$win_che |    0000080E  _win_chec
     00000810  A$lcc2587 |    00000810  C$main.c$ |    00000812  A$lcc2587
     00000813  A$lcc2587 |    00000815  A$lcc2587 |    00000816  A$lcc2587
     00000817  A$lcc2587 |    00000818  A$lcc2587 |    00000819  A$lcc2587
     0000081A  A$lcc2587 |    0000081B  A$lcc2587 |    0000081E  A$lcc2587
     0000081F  A$lcc2587 |    00000820  A$lcc2587 |    00000821  A$lcc2587
     00000823  A$lcc2587 |    00000824  A$lcc2587 |    00000825  A$lcc2587
     00000826  A$lcc2587 |    00000828  A$lcc2587 |    00000829  A$lcc2587
     0000082A  A$lcc2587 |    0000082B  A$lcc2587 |    0000082C  A$lcc2587
     0000082E  A$lcc2587 |    00000830  A$lcc2587 |    00000831  A$lcc2587
     00000832  A$lcc2587 |    00000833  A$lcc2587 |    00000834  A$lcc2587
     00000835  A$lcc2587 |    00000836  A$lcc2587 |    00000839  A$lcc2587
     0000083A  A$lcc2587 |    0000083B  A$lcc2587 |    0000083C  A$lcc2587
     0000083D  A$lcc2587 |    0000083E  A$lcc2587 |    0000083F  A$lcc2587
     00000841  A$lcc2587 |    00000843  A$lcc2587 |    00000844  A$lcc2587
     00000846  A$lcc2587 |    00000847  A$lcc2587 |    00000849  A$lcc2587
     0000084A  A$lcc2587 |    0000084C  A$lcc2587 |    0000084D  A$lcc2587
     0000084F  A$lcc2587 |    00000850  A$lcc2587 |    00000852  A$lcc2587
     00000852  C$main.c$ |    00000854  A$lcc2587 |    00000855  A$lcc2587
     00000857  A$lcc2587 |    00000858  A$lcc2587 |    00000859  A$lcc2587
     0000085A  A$lcc2587 |    0000085B  A$lcc2587 |    0000085C  A$lcc2587
     0000085D  A$lcc2587 |    00000860  A$lcc2587 |    00000861  A$lcc2587
     00000862  A$lcc2587 |    00000863  A$lcc2587 |    00000865  A$lcc2587
     00000866  A$lcc2587 |    00000867  A$lcc2587 |    00000868  A$lcc2587
     0000086A  A$lcc2587 |    0000086B  A$lcc2587 |    0000086C  A$lcc2587
     0000086D  A$lcc2587 |    0000086E  A$lcc2587 |    00000870  A$lcc2587
     00000872  A$lcc2587 |    00000874  A$lcc2587 |    00000875  A$lcc2587
     00000876  A$lcc2587 |    00000877  A$lcc2587 |    0000087A  A$lcc2587
     0000087B  A$lcc2587 |    0000087C  A$lcc2587 |    0000087D  A$lcc2587
     0000087F  A$lcc2587 |    00000881  A$lcc2587 |    00000883  A$lcc2587
     00000885  A$lcc2587 |    00000887  A$lcc2587 |    00000889  A$lcc2587
     00000889  C$main.c$ |    0000088B  A$lcc2587 |    0000088C  A$lcc2587
     0000088D  A$lcc2587 |    0000088E  A$lcc2587 |    00000891  A$lcc2587
     00000892  A$lcc2587 |    00000893  A$lcc2587 |    00000894  A$lcc2587
     00000896  A$lcc2587 |    00000897  A$lcc2587 |    00000898  A$lcc2587
     00000899  A$lcc2587 |    0000089B  A$lcc2587 |    0000089C  A$lcc2587
     0000089D  A$lcc2587 |    0000089E  A$lcc2587 |    0000089F  A$lcc2587
     000008A0  A$lcc2587 |    000008A1  A$lcc2587 |    000008A2  A$lcc2587
     000008A3  A$lcc2587 |    000008A5  A$lcc2587 |    000008A7  A$lcc2587
     000008A8  A$lcc2587 |    000008A9  A$lcc2587 |    000008AA  A$lcc2587
ASxxxx Linker V03.00 + NoICE + sdld,  page 11.
Hexadecimal  [32-Bits]

Area                       Addr        Size        Decimal Bytes (Attributes)
--------------------       ----        ----        ------- ----- ------------
_CODE                  00000200    00001D1B =        7451. bytes (REL,CON)

        Value  Global            Value  Global            Value  Global    
        -----  ------            -----  ------            -----  ------    
     000008AB  A$lcc2587 |    000008AC  A$lcc2587 |    000008AD  A$lcc2587
     000008B0  A$lcc2587 |    000008B1  A$lcc2587 |    000008B2  A$lcc2587
     000008B3  A$lcc2587 |    000008B5  A$lcc2587 |    000008B6  A$lcc2587
     000008B7  A$lcc2587 |    000008B8  A$lcc2587 |    000008BA  A$lcc2587
     000008BB  A$lcc2587 |    000008BD  A$lcc2587 |    000008BE  A$lcc2587
     000008BF  A$lcc2587 |    000008C0  A$lcc2587 |    000008C2  A$lcc2587
     000008C4  A$lcc2587 |    000008C6  A$lcc2587 |    000008C8  A$lcc2587
     000008CA  A$lcc2587 |    000008CC  A$lcc2587 |    000008CC  C$main.c$
     000008CE  A$lcc2587 |    000008CF  A$lcc2587 |    000008D1  A$lcc2587
     000008D2  A$lcc2587 |    000008D4  A$lcc2587 |    000008D5  A$lcc2587
     000008D7  A$lcc2587 |    000008D8  A$lcc2587 |    000008DA  A$lcc2587
     000008DC  A$lcc2587 |    000008DE  A$lcc2587 |    000008DF  A$lcc2587
     000008E1  A$lcc2587 |    000008E2  A$lcc2587 |    000008E4  A$lcc2587
     000008E5  A$lcc2587 |    000008E6  A$lcc2587 |    000008E7  A$lcc2587
     000008E8  A$lcc2587 |    000008E9  A$lcc2587 |    000008EA  A$lcc2587
     000008EA  C$main.c$ |    000008EC  A$lcc2587 |    000008ED  A$lcc2587
     000008EE  A$lcc2587 |    000008EF  A$lcc2587 |    000008F0  A$lcc2587
     000008F1  A$lcc2587 |    000008F2  A$lcc2587 |    000008F2  C$main.c$
     000008F5  A$lcc2587 |    000008F6  A$lcc2587 |    000008F7  A$lcc2587
     000008FA  A$lcc2587 |    000008FB  A$lcc2587 |    000008FC  A$lcc2587
     000008FD  A$lcc2587 |    000008FF  A$lcc2587 |    00000900  A$lcc2587
     00000901  A$lcc2587 |    00000903  A$lcc2587 |    00000903  C$main.c$
     00000906  A$lcc2587 |    00000907  A$lcc2587 |    0000090A  A$lcc2587
     0000090B  A$lcc2587 |    0000090E  A$lcc2587 |    0000090F  A$lcc2587
     00000912  A$lcc2587 |    00000914  A$lcc2587 |    00000914  C$main.c$
     00000917  A$lcc2587 |    00000917  C$main.c$ |    0000091A  A$lcc2587
     0000091D  A$lcc2587 |    0000091D  C$main.c$ |    0000091E  A$lcc2587
     00000920  A$lcc2587 |    00000922  A$lcc2587 |    00000923  A$lcc2587
     00000925  A$lcc2587 |    00000927  A$lcc2587 |    00000927  C$main.c$
     0000092A  A$lcc2587 |    0000092B  A$lcc2587 |    0000092E  A$lcc2587
     0000092F  A$lcc2587 |    00000932  A$lcc2587 |    00000933  A$lcc2587
     00000936  A$lcc2587 |    00000938  A$lcc2587 |    00000938  C$main.c$
     0000093B  A$lcc2587 |    0000093D  A$lcc2587 |    0000093D  C$main.c$
     0000093E  A$lcc2587 |    00000940  A$lcc2587 |    00000942  A$lcc2587
     00000943  A$lcc2587 |    00000945  A$lcc2587 |    00000947  A$lcc2587
     00000947  C$main.c$ |    0000094A  A$lcc2587 |    0000094B  A$lcc2587
     0000094E  A$lcc2587 |    0000094F  A$lcc2587 |    00000952  A$lcc2587
     00000953  A$lcc2587 |    00000956  A$lcc2587 |    00000958  A$lcc2587
     00000958  C$main.c$ |    0000095B  A$lcc2587 |    0000095D  A$lcc2587
     0000095D  C$main.c$ |    0000095E  A$lcc2587 |    00000960  A$lcc2587
     00000962  A$lcc2587 |    00000963  A$lcc2587 |    00000965  A$lcc2587
     00000967  A$lcc2587 |    00000967  C$main.c$ |    0000096A  A$lcc2587
     0000096B  A$lcc2587 |    0000096E  A$lcc2587 |    0000096F  A$lcc2587
     00000972  A$lcc2587 |    00000973  A$lcc2587 |    00000976  A$lcc2587
     00000978  A$lcc2587 |    00000978  C$main.c$ |    0000097B  A$lcc2587
     0000097D  A$lcc2587 |    0000097D  C$main.c$ |    0000097E  A$lcc2587
     00000980  A$lcc2587 |    00000982  A$lcc2587 |    00000983  A$lcc2587
     00000985  A$lcc2587 |    00000987  A$lcc2587 |    00000987  C$main.c$
     0000098A  A$lcc2587 |    0000098B  A$lcc2587 |    0000098E  A$lcc2587
     0000098F  A$lcc2587 |    00000992  A$lcc2587 |    00000993  A$lcc2587
     00000996  A$lcc2587 |    00000998  A$lcc2587 |    00000998  C$main.c$
ASxxxx Linker V03.00 + NoICE + sdld,  page 12.
Hexadecimal  [32-Bits]

Area                       Addr        Size        Decimal Bytes (Attributes)
--------------------       ----        ----        ------- ----- ------------
_CODE                  00000200    00001D1B =        7451. bytes (REL,CON)

        Value  Global            Value  Global            Value  Global    
        -----  ------            -----  ------            -----  ------    
     0000099B  A$lcc2587 |    0000099D  A$lcc2587 |    0000099D  C$main.c$
     000009A0  A$lcc2587 |    000009A0  C$main.c$ |    000009A3  A$lcc2587
     000009A5  A$lcc2587 |    000009A7  A$lcc2587 |    000009A7  C$main.c$
     000009A7  XG$win_ch |    000009A8  A$lcc2587 |    000009A8  C$main.c$
     000009A8  G$collide |    000009A8  _collide_ |    000009AA  A$lcc2587
     000009AA  C$main.c$ |    000009AD  A$lcc2587 |    000009AE  A$lcc2587
     000009AF  A$lcc2587 |    000009B0  A$lcc2587 |    000009B1  A$lcc2587
     000009B3  A$lcc2587 |    000009B4  A$lcc2587 |    000009B5  A$lcc2587
     000009B6  A$lcc2587 |    000009B7  A$lcc2587 |    000009B9  A$lcc2587
     000009BB  A$lcc2587 |    000009BB  C$main.c$ |    000009BD  A$lcc2587
     000009BF  A$lcc2587 |    000009BF  C$main.c$ |    000009C1  A$lcc2587
     000009C3  A$lcc2587 |    000009C5  A$lcc2587 |    000009C5  C$main.c$
     000009C7  A$lcc2587 |    000009C9  A$lcc2587 |    000009C9  C$main.c$
     000009CB  A$lcc2587 |    000009CD  A$lcc2587 |    000009CD  C$main.c$
     000009CF  A$lcc2587 |    000009D0  A$lcc2587 |    000009D2  A$lcc2587
     000009D3  A$lcc2587 |    000009D4  A$lcc2587 |    000009D5  A$lcc2587
     000009D6  A$lcc2587 |    000009D7  A$lcc2587 |    000009D8  A$lcc2587
     000009DB  A$lcc2587 |    000009DC  A$lcc2587 |    000009DD  A$lcc2587
     000009DE  A$lcc2587 |    000009E0  A$lcc2587 |    000009E1  A$lcc2587
     000009E2  A$lcc2587 |    000009E3  A$lcc2587 |    000009E5  A$lcc2587
     000009E6  A$lcc2587 |    000009E7  A$lcc2587 |    000009E8  A$lcc2587
     000009E9  A$lcc2587 |    000009EB  A$lcc2587 |    000009ED  A$lcc2587
     000009EE  A$lcc2587 |    000009EF  A$lcc2587 |    000009F0  A$lcc2587
     000009F1  A$lcc2587 |    000009F2  A$lcc2587 |    000009F3  A$lcc2587
     000009F6  A$lcc2587 |    000009F7  A$lcc2587 |    000009F8  A$lcc2587
     000009F9  A$lcc2587 |    000009FB  A$lcc2587 |    000009FD  A$lcc2587
     000009FF  A$lcc2587 |    00000A01  A$lcc2587 |    00000A03  A$lcc2587
     00000A05  A$lcc2587 |    00000A05  C$main.c$ |    00000A08  A$lcc2587
     00000A09  A$lcc2587 |    00000A0A  A$lcc2587 |    00000A0B  A$lcc2587
     00000A0C  A$lcc2587 |    00000A0D  A$lcc2587 |    00000A0E  A$lcc2587
     00000A0F  A$lcc2587 |    00000A10  A$lcc2587 |    00000A10  C$main.c$
     00000A11  A$lcc2587 |    00000A13  A$lcc2587 |    00000A14  A$lcc2587
     00000A15  A$lcc2587 |    00000A17  A$lcc2587 |    00000A1A  A$lcc2587
     00000A1C  A$lcc2587 |    00000A1D  A$lcc2587 |    00000A1D  C$main.c$
     00000A1F  A$lcc2587 |    00000A20  A$lcc2587 |    00000A22  A$lcc2587
     00000A23  A$lcc2587 |    00000A25  A$lcc2587 |    00000A27  A$lcc2587
     00000A28  A$lcc2587 |    00000A2A  A$lcc2587 |    00000A2C  A$lcc2587
     00000A2D  A$lcc2587 |    00000A2E  A$lcc2587 |    00000A2F  A$lcc2587
     00000A30  A$lcc2587 |    00000A31  A$lcc2587 |    00000A32  A$lcc2587
     00000A34  A$lcc2587 |    00000A35  A$lcc2587 |    00000A37  A$lcc2587
     00000A38  A$lcc2587 |    00000A39  A$lcc2587 |    00000A3A  A$lcc2587
     00000A3B  A$lcc2587 |    00000A3C  A$lcc2587 |    00000A3D  A$lcc2587
     00000A3E  A$lcc2587 |    00000A3F  A$lcc2587 |    00000A40  A$lcc2587
     00000A41  A$lcc2587 |    00000A43  A$lcc2587 |    00000A44  A$lcc2587
     00000A46  A$lcc2587 |    00000A47  A$lcc2587 |    00000A49  A$lcc2587
     00000A4A  A$lcc2587 |    00000A4C  A$lcc2587 |    00000A4D  A$lcc2587
     00000A4F  A$lcc2587 |    00000A51  A$lcc2587 |    00000A53  A$lcc2587
     00000A54  A$lcc2587 |    00000A55  A$lcc2587 |    00000A58  A$lcc2587
     00000A59  A$lcc2587 |    00000A5A  A$lcc2587 |    00000A5B  A$lcc2587
     00000A5D  A$lcc2587 |    00000A5E  A$lcc2587 |    00000A5F  A$lcc2587
     00000A60  A$lcc2587 |    00000A62  A$lcc2587 |    00000A63  A$lcc2587
ASxxxx Linker V03.00 + NoICE + sdld,  page 13.
Hexadecimal  [32-Bits]

Area                       Addr        Size        Decimal Bytes (Attributes)
--------------------       ----        ----        ------- ----- ------------
_CODE                  00000200    00001D1B =        7451. bytes (REL,CON)

        Value  Global            Value  Global            Value  Global    
        -----  ------            -----  ------            -----  ------    
     00000A65  A$lcc2587 |    00000A67  A$lcc2587 |    00000A68  A$lcc2587
     00000A6A  A$lcc2587 |    00000A6B  A$lcc2587 |    00000A6D  A$lcc2587
     00000A6E  A$lcc2587 |    00000A70  A$lcc2587 |    00000A71  A$lcc2587
     00000A73  A$lcc2587 |    00000A74  A$lcc2587 |    00000A76  A$lcc2587
     00000A76  C$main.c$ |    00000A78  A$lcc2587 |    00000A79  A$lcc2587
     00000A7A  A$lcc2587 |    00000A7C  A$lcc2587 |    00000A7D  A$lcc2587
     00000A7E  A$lcc2587 |    00000A7F  A$lcc2587 |    00000A80  A$lcc2587
     00000A81  A$lcc2587 |    00000A82  A$lcc2587 |    00000A84  A$lcc2587
     00000A85  A$lcc2587 |    00000A86  A$lcc2587 |    00000A87  A$lcc2587
     00000A88  A$lcc2587 |    00000A89  A$lcc2587 |    00000A8A  A$lcc2587
     00000A8C  A$lcc2587 |    00000A8D  A$lcc2587 |    00000A8E  A$lcc2587
     00000A8F  A$lcc2587 |    00000A91  A$lcc2587 |    00000A92  A$lcc2587
     00000A93  A$lcc2587 |    00000A94  A$lcc2587 |    00000A95  A$lcc2587
     00000A96  A$lcc2587 |    00000A97  A$lcc2587 |    00000A98  A$lcc2587
     00000A99  A$lcc2587 |    00000A9B  A$lcc2587 |    00000A9D  A$lcc2587
     00000A9E  A$lcc2587 |    00000A9F  A$lcc2587 |    00000AA0  A$lcc2587
     00000AA1  A$lcc2587 |    00000AA4  A$lcc2587 |    00000AA5  A$lcc2587
     00000AA6  A$lcc2587 |    00000AA7  A$lcc2587 |    00000AA9  A$lcc2587
     00000AAA  A$lcc2587 |    00000AAB  A$lcc2587 |    00000AAC  A$lcc2587
     00000AAE  A$lcc2587 |    00000AAF  A$lcc2587 |    00000AB1  A$lcc2587
     00000AB2  A$lcc2587 |    00000AB3  A$lcc2587 |    00000AB3  C$main.c$
     00000AB4  A$lcc2587 |    00000AB5  A$lcc2587 |    00000AB7  A$lcc2587
     00000AB9  A$lcc2587 |    00000ABB  A$lcc2587 |    00000ABD  A$lcc2587
     00000ABF  A$lcc2587 |    00000AC1  A$lcc2587 |    00000AC2  A$lcc2587
     00000AC3  A$lcc2587 |    00000AC5  A$lcc2587 |    00000AC6  A$lcc2587
     00000AC7  A$lcc2587 |    00000AC8  A$lcc2587 |    00000AC9  A$lcc2587
     00000ACA  A$lcc2587 |    00000ACD  A$lcc2587 |    00000ACE  A$lcc2587
     00000ACF  A$lcc2587 |    00000AD0  A$lcc2587 |    00000AD2  A$lcc2587
     00000AD3  A$lcc2587 |    00000AD5  A$lcc2587 |    00000AD5  C$main.c$
     00000AD6  A$lcc2587 |    00000AD8  A$lcc2587 |    00000AD9  A$lcc2587
     00000ADA  A$lcc2587 |    00000ADB  A$lcc2587 |    00000ADC  A$lcc2587
     00000ADF  A$lcc2587 |    00000AE0  A$lcc2587 |    00000AE2  A$lcc2587
     00000AE3  A$lcc2587 |    00000AE4  A$lcc2587 |    00000AE6  A$lcc2587
     00000AE6  C$main.c$ |    00000AE9  A$lcc2587 |    00000AEA  A$lcc2587
     00000AEB  A$lcc2587 |    00000AEC  A$lcc2587 |    00000AED  A$lcc2587
     00000AEF  A$lcc2587 |    00000AF0  A$lcc2587 |    00000AF1  A$lcc2587
     00000AF2  A$lcc2587 |    00000AF3  A$lcc2587 |    00000AF5  A$lcc2587
     00000AF7  A$lcc2587 |    00000AF7  C$main.c$ |    00000AF9  A$lcc2587
     00000AFA  A$lcc2587 |    00000AFC  A$lcc2587 |    00000AFD  A$lcc2587
     00000AFF  A$lcc2587 |    00000B01  A$lcc2587 |    00000B02  A$lcc2587
     00000B04  A$lcc2587 |    00000B05  A$lcc2587 |    00000B06  A$lcc2587
     00000B08  A$lcc2587 |    00000B09  A$lcc2587 |    00000B0B  A$lcc2587
     00000B0D  A$lcc2587 |    00000B0E  A$lcc2587 |    00000B10  A$lcc2587
     00000B11  A$lcc2587 |    00000B13  A$lcc2587 |    00000B16  A$lcc2587
     00000B17  A$lcc2587 |    00000B19  A$lcc2587 |    00000B1A  A$lcc2587
     00000B1B  A$lcc2587 |    00000B1D  A$lcc2587 |    00000B1E  A$lcc2587
     00000B21  A$lcc2587 |    00000B21  C$main.c$ |    00000B24  A$lcc2587
     00000B27  A$lcc2587 |    00000B27  C$main.c$ |    00000B27  C$main.c$
     00000B28  A$lcc2587 |    00000B2A  A$lcc2587 |    00000B2B  A$lcc2587
     00000B2D  A$lcc2587 |    00000B2E  A$lcc2587 |    00000B30  A$lcc2587
     00000B31  A$lcc2587 |    00000B33  A$lcc2587 |    00000B33  C$main.c$
ASxxxx Linker V03.00 + NoICE + sdld,  page 14.
Hexadecimal  [32-Bits]

Area                       Addr        Size        Decimal Bytes (Attributes)
--------------------       ----        ----        ------- ----- ------------
_CODE                  00000200    00001D1B =        7451. bytes (REL,CON)

        Value  Global            Value  Global            Value  Global    
        -----  ------            -----  ------            -----  ------    
     00000B35  A$lcc2587 |    00000B36  A$lcc2587 |    00000B38  A$lcc2587
     00000B39  A$lcc2587 |    00000B3B  A$lcc2587 |    00000B3D  A$lcc2587
     00000B3E  A$lcc2587 |    00000B3F  A$lcc2587 |    00000B41  A$lcc2587
     00000B43  A$lcc2587 |    00000B44  A$lcc2587 |    00000B46  A$lcc2587
     00000B47  A$lcc2587 |    00000B48  A$lcc2587 |    00000B4A  A$lcc2587
     00000B4B  A$lcc2587 |    00000B4D  A$lcc2587 |    00000B4F  A$lcc2587
     00000B51  A$lcc2587 |    00000B53  A$lcc2587 |    00000B55  A$lcc2587
     00000B56  A$lcc2587 |    00000B57  A$lcc2587 |    00000B59  A$lcc2587
     00000B5A  A$lcc2587 |    00000B5C  A$lcc2587 |    00000B5C  C$main.c$
     00000B5F  A$lcc2587 |    00000B61  A$lcc2587 |    00000B64  A$lcc2587
     00000B64  C$main.c$ |    00000B67  A$lcc2587 |    00000B68  A$lcc2587
     00000B6B  A$lcc2587 |    00000B6B  C$main.c$ |    00000B6E  A$lcc2587
     00000B71  A$lcc2587 |    00000B71  C$main.c$ |    00000B73  A$lcc2587
     00000B74  A$lcc2587 |    00000B76  A$lcc2587 |    00000B77  A$lcc2587
     00000B79  A$lcc2587 |    00000B7B  A$lcc2587 |    00000B7C  A$lcc2587
     00000B7D  A$lcc2587 |    00000B7F  A$lcc2587 |    00000B80  A$lcc2587
     00000B81  A$lcc2587 |    00000B83  A$lcc2587 |    00000B84  A$lcc2587
     00000B86  A$lcc2587 |    00000B87  A$lcc2587 |    00000B89  A$lcc2587
     00000B8A  A$lcc2587 |    00000B8B  A$lcc2587 |    00000B8D  A$lcc2587
     00000B8E  A$lcc2587 |    00000B8F  A$lcc2587 |    00000B91  A$lcc2587
     00000B92  A$lcc2587 |    00000B94  A$lcc2587 |    00000B95  A$lcc2587
     00000B96  A$lcc2587 |    00000B96  C$main.c$ |    00000B97  A$lcc2587
     00000B99  A$lcc2587 |    00000B9A  A$lcc2587 |    00000B9C  A$lcc2587
     00000B9C  C$main.c$ |    00000B9E  A$lcc2587 |    00000BA0  A$lcc2587
     00000BA2  A$lcc2587 |    00000BA4  A$lcc2587 |    00000BA6  A$lcc2587
     00000BA8  A$lcc2587 |    00000BAA  A$lcc2587 |    00000BAC  A$lcc2587
     00000BAE  A$lcc2587 |    00000BAE  C$main.c$ |    00000BB1  A$lcc2587
     00000BB3  A$lcc2587 |    00000BB5  A$lcc2587 |    00000BB5  C$main.c$
     00000BB8  A$lcc2587 |    00000BB9  A$lcc2587 |    00000BBB  A$lcc2587
     00000BBB  C$main.c$ |    00000BBE  A$lcc2587 |    00000BC0  A$lcc2587
     00000BC0  C$main.c$ |    00000BC1  A$lcc2587 |    00000BC3  A$lcc2587
     00000BC4  A$lcc2587 |    00000BC6  A$lcc2587 |    00000BC6  C$main.c$
     00000BC8  A$lcc2587 |    00000BCA  A$lcc2587 |    00000BCC  A$lcc2587
     00000BCE  A$lcc2587 |    00000BD0  A$lcc2587 |    00000BD2  A$lcc2587
     00000BD4  A$lcc2587 |    00000BD6  A$lcc2587 |    00000BD8  A$lcc2587
     00000BD8  C$main.c$ |    00000BDB  A$lcc2587 |    00000BDD  A$lcc2587
     00000BDF  A$lcc2587 |    00000BDF  C$main.c$ |    00000BE2  A$lcc2587
     00000BE3  A$lcc2587 |    00000BE5  A$lcc2587 |    00000BE5  C$main.c$
     00000BE8  A$lcc2587 |    00000BEA  A$lcc2587 |    00000BEA  C$main.c$
     00000BEB  A$lcc2587 |    00000BED  A$lcc2587 |    00000BEE  A$lcc2587
     00000BF0  A$lcc2587 |    00000BF0  C$main.c$ |    00000BF2  A$lcc2587
     00000BF4  A$lcc2587 |    00000BF6  A$lcc2587 |    00000BF8  A$lcc2587
     00000BFA  A$lcc2587 |    00000BFC  A$lcc2587 |    00000BFE  A$lcc2587
     00000C00  A$lcc2587 |    00000C02  A$lcc2587 |    00000C02  C$main.c$
     00000C05  A$lcc2587 |    00000C07  A$lcc2587 |    00000C09  A$lcc2587
     00000C09  C$main.c$ |    00000C0C  A$lcc2587 |    00000C0D  A$lcc2587
     00000C0F  A$lcc2587 |    00000C0F  C$main.c$ |    00000C12  A$lcc2587
     00000C14  A$lcc2587 |    00000C14  C$main.c$ |    00000C15  A$lcc2587
     00000C17  A$lcc2587 |    00000C18  A$lcc2587 |    00000C1A  A$lcc2587
     00000C1A  C$main.c$ |    00000C1D  A$lcc2587 |    00000C1E  A$lcc2587
     00000C1F  A$lcc2587 |    00000C20  A$lcc2587 |    00000C21  A$lcc2587
ASxxxx Linker V03.00 + NoICE + sdld,  page 15.
Hexadecimal  [32-Bits]

Area                       Addr        Size        Decimal Bytes (Attributes)
--------------------       ----        ----        ------- ----- ------------
_CODE                  00000200    00001D1B =        7451. bytes (REL,CON)

        Value  Global            Value  Global            Value  Global    
        -----  ------            -----  ------            -----  ------    
     00000C22  A$lcc2587 |    00000C25  A$lcc2587 |    00000C26  A$lcc2587
     00000C28  A$lcc2587 |    00000C28  C$main.c$ |    00000C28  XG$collid
     00000C29  A$lcc2587 |    00000C29  C$main.c$ |    00000C29  C$main.c$
     00000C29  G$animate |    00000C29  _animate_ |    00000C2C  A$lcc2587
     00000C2D  A$lcc2587 |    00000C2D  C$main.c$ |    00000C30  A$lcc2587
     00000C31  A$lcc2587 |    00000C31  C$main.c$ |    00000C33  A$lcc2587
     00000C33  C$main.c$ |    00000C36  A$lcc2587 |    00000C38  A$lcc2587
     00000C3A  A$lcc2587 |    00000C3A  C$main.c$ |    00000C3D  A$lcc2587
     00000C40  A$lcc2587 |    00000C41  A$lcc2587 |    00000C42  A$lcc2587
     00000C43  A$lcc2587 |    00000C45  A$lcc2587 |    00000C46  A$lcc2587
     00000C48  A$lcc2587 |    00000C49  A$lcc2587 |    00000C4A  A$lcc2587
     00000C4A  C$main.c$ |    00000C4C  A$lcc2587 |    00000C4D  A$lcc2587
     00000C4F  A$lcc2587 |    00000C51  A$lcc2587 |    00000C51  C$main.c$
     00000C53  A$lcc2587 |    00000C54  A$lcc2587 |    00000C55  A$lcc2587
     00000C56  A$lcc2587 |    00000C57  A$lcc2587 |    00000C5A  A$lcc2587
     00000C5B  A$lcc2587 |    00000C5C  A$lcc2587 |    00000C5D  A$lcc2587
     00000C5D  C$main.c$ |    00000C5E  A$lcc2587 |    00000C60  A$lcc2587
     00000C61  A$lcc2587 |    00000C62  A$lcc2587 |    00000C63  A$lcc2587
     00000C64  A$lcc2587 |    00000C67  A$lcc2587 |    00000C68  A$lcc2587
     00000C69  A$lcc2587 |    00000C69  C$main.c$ |    00000C6A  A$lcc2587
     00000C6C  A$lcc2587 |    00000C6E  A$lcc2587 |    00000C70  A$lcc2587
     00000C71  A$lcc2587 |    00000C73  A$lcc2587 |    00000C73  C$main.c$
     00000C74  A$lcc2587 |    00000C75  A$lcc2587 |    00000C77  A$lcc2587
     00000C78  A$lcc2587 |    00000C79  A$lcc2587 |    00000C7A  A$lcc2587
     00000C7D  A$lcc2587 |    00000C7F  A$lcc2587 |    00000C80  A$lcc2587
     00000C80  C$main.c$ |    00000C81  A$lcc2587 |    00000C83  A$lcc2587
     00000C85  A$lcc2587 |    00000C87  A$lcc2587 |    00000C88  A$lcc2587
     00000C8A  A$lcc2587 |    00000C8A  C$main.c$ |    00000C8B  A$lcc2587
     00000C8D  A$lcc2587 |    00000C8E  A$lcc2587 |    00000C8F  A$lcc2587
     00000C90  A$lcc2587 |    00000C93  A$lcc2587 |    00000C95  A$lcc2587
     00000C95  C$main.c$ |    00000C96  A$lcc2587 |    00000C98  A$lcc2587
     00000C98  C$main.c$ |    00000C9B  A$lcc2587 |    00000C9D  A$lcc2587
     00000C9F  A$lcc2587 |    00000CA2  A$lcc2587 |    00000CA3  A$lcc2587
     00000CA4  A$lcc2587 |    00000CA6  A$lcc2587 |    00000CA6  C$main.c$
     00000CA8  A$lcc2587 |    00000CA8  C$main.c$ |    00000CAB  A$lcc2587
     00000CAC  A$lcc2587 |    00000CAD  A$lcc2587 |    00000CAD  C$main.c$
     00000CB0  A$lcc2587 |    00000CB2  A$lcc2587 |    00000CB3  A$lcc2587
     00000CB3  C$main.c$ |    00000CB6  A$lcc2587 |    00000CB7  A$lcc2587
     00000CB8  A$lcc2587 |    00000CBA  A$lcc2587 |    00000CBB  A$lcc2587
     00000CBE  A$lcc2587 |    00000CBF  A$lcc2587 |    00000CC0  A$lcc2587
     00000CC3  A$lcc2587 |    00000CC5  A$lcc2587 |    00000CC6  A$lcc2587
     00000CC9  A$lcc2587 |    00000CCA  A$lcc2587 |    00000CCB  A$lcc2587
     00000CCB  C$main.c$ |    00000CCC  A$lcc2587 |    00000CCD  A$lcc2587
     00000CCF  A$lcc2587 |    00000CCF  C$main.c$ |    00000CD2  A$lcc2587
     00000CD3  A$lcc2587 |    00000CD4  A$lcc2587 |    00000CD6  A$lcc2587
     00000CD6  C$main.c$ |    00000CD7  A$lcc2587 |    00000CD8  A$lcc2587
     00000CD9  A$lcc2587 |    00000CDA  A$lcc2587 |    00000CDC  A$lcc2587
     00000CDD  A$lcc2587 |    00000CDE  A$lcc2587 |    00000CDF  A$lcc2587
     00000CE0  A$lcc2587 |    00000CE3  A$lcc2587 |    00000CE5  A$lcc2587
     00000CE6  A$lcc2587 |    00000CE6  C$main.c$ |    00000CE7  A$lcc2587
     00000CE9  A$lcc2587 |    00000CE9  C$main.c$ |    00000CEC  A$lcc2587
ASxxxx Linker V03.00 + NoICE + sdld,  page 16.
Hexadecimal  [32-Bits]

Area                       Addr        Size        Decimal Bytes (Attributes)
--------------------       ----        ----        ------- ----- ------------
_CODE                  00000200    00001D1B =        7451. bytes (REL,CON)

        Value  Global            Value  Global            Value  Global    
        -----  ------            -----  ------            -----  ------    
     00000CED  A$lcc2587 |    00000CEE  A$lcc2587 |    00000CF0  A$lcc2587
     00000CF0  C$main.c$ |    00000CF1  A$lcc2587 |    00000CF2  A$lcc2587
     00000CF3  A$lcc2587 |    00000CF4  A$lcc2587 |    00000CF6  A$lcc2587
     00000CF7  A$lcc2587 |    00000CF8  A$lcc2587 |    00000CF9  A$lcc2587
     00000CFA  A$lcc2587 |    00000CFD  A$lcc2587 |    00000CFF  A$lcc2587
     00000D00  A$lcc2587 |    00000D00  C$main.c$ |    00000D01  A$lcc2587
     00000D03  A$lcc2587 |    00000D03  C$main.c$ |    00000D06  A$lcc2587
     00000D08  A$lcc2587 |    00000D08  C$main.c$ |    00000D0B  A$lcc2587
     00000D0D  A$lcc2587 |    00000D0E  A$lcc2587 |    00000D0E  C$main.c$
     00000D11  A$lcc2587 |    00000D12  A$lcc2587 |    00000D13  A$lcc2587
     00000D15  A$lcc2587 |    00000D15  C$main.c$ |    00000D16  A$lcc2587
     00000D17  A$lcc2587 |    00000D18  A$lcc2587 |    00000D1A  A$lcc2587
     00000D1B  A$lcc2587 |    00000D1C  A$lcc2587 |    00000D1D  A$lcc2587
     00000D1E  A$lcc2587 |    00000D21  A$lcc2587 |    00000D23  A$lcc2587
     00000D24  A$lcc2587 |    00000D24  C$main.c$ |    00000D25  A$lcc2587
     00000D27  A$lcc2587 |    00000D27  C$main.c$ |    00000D2A  A$lcc2587
     00000D2B  A$lcc2587 |    00000D2C  A$lcc2587 |    00000D2D  A$lcc2587
     00000D2D  C$main.c$ |    00000D2E  A$lcc2587 |    00000D2F  A$lcc2587
     00000D30  A$lcc2587 |    00000D32  A$lcc2587 |    00000D33  A$lcc2587
     00000D34  A$lcc2587 |    00000D35  A$lcc2587 |    00000D36  A$lcc2587
     00000D39  A$lcc2587 |    00000D3B  A$lcc2587 |    00000D3C  A$lcc2587
     00000D3C  C$main.c$ |    00000D3D  A$lcc2587 |    00000D3D  C$main.c$
     00000D3D  XG$animat |    00000D3F  A$lcc2587 |    00000D3F  C$main.c$
     00000D3F  C$main.c$ |    00000D3F  G$stage_t |    00000D3F  _stage_ti
     00000D42  A$lcc2587 |    00000D43  A$lcc2587 |    00000D45  A$lcc2587
     00000D47  A$lcc2587 |    00000D48  A$lcc2587 |    00000D49  A$lcc2587
     00000D4A  A$lcc2587 |    00000D4C  A$lcc2587 |    00000D4F  A$lcc2587
     00000D51  A$lcc2587 |    00000D53  A$lcc2587 |    00000D53  C$main.c$
     00000D56  A$lcc2587 |    00000D57  A$lcc2587 |    00000D58  A$lcc2587
     00000D59  A$lcc2587 |    00000D5B  A$lcc2587 |    00000D5D  A$lcc2587
     00000D5F  A$lcc2587 |    00000D61  A$lcc2587 |    00000D63  A$lcc2587
     00000D65  A$lcc2587 |    00000D67  A$lcc2587 |    00000D69  A$lcc2587
     00000D6B  A$lcc2587 |    00000D6D  A$lcc2587 |    00000D6E  A$lcc2587
     00000D70  A$lcc2587 |    00000D71  A$lcc2587 |    00000D71  C$main.c$
     00000D72  A$lcc2587 |    00000D72  C$main.c$ |    00000D74  A$lcc2587
     00000D75  A$lcc2587 |    00000D77  A$lcc2587 |    00000D78  A$lcc2587
     00000D79  A$lcc2587 |    00000D7A  A$lcc2587 |    00000D7B  A$lcc2587
     00000D7E  A$lcc2587 |    00000D7F  A$lcc2587 |    00000D7F  C$main.c$
     00000D80  A$lcc2587 |    00000D82  A$lcc2587 |    00000D83  A$lcc2587
     00000D86  A$lcc2587 |    00000D87  A$lcc2587 |    00000D88  A$lcc2587
     00000D8A  A$lcc2587 |    00000D8B  A$lcc2587 |    00000D8C  A$lcc2587
     00000D8E  A$lcc2587 |    00000D8F  A$lcc2587 |    00000D90  A$lcc2587
     00000D92  A$lcc2587 |    00000D92  C$main.c$ |    00000D93  A$lcc2587
     00000D95  A$lcc2587 |    00000D96  A$lcc2587 |    00000D98  A$lcc2587
     00000D99  A$lcc2587 |    00000D9A  A$lcc2587 |    00000D9B  A$lcc2587
     00000D9E  A$lcc2587 |    00000DA0  A$lcc2587 |    00000DA0  C$main.c$
     00000DA3  A$lcc2587 |    00000DA4  A$lcc2587 |    00000DA4  C$main.c$
     00000DA7  A$lcc2587 |    00000DA8  A$lcc2587 |    00000DAA  A$lcc2587
     00000DAB  A$lcc2587 |    00000DAC  A$lcc2587 |    00000DAC  C$main.c$
     00000DAF  A$lcc2587 |    00000DB1  A$lcc2587 |    00000DB2  A$lcc2587
     00000DB2  C$main.c$ |    00000DB5  A$lcc2587 |    00000DB5  C$main.c$
ASxxxx Linker V03.00 + NoICE + sdld,  page 17.
Hexadecimal  [32-Bits]

Area                       Addr        Size        Decimal Bytes (Attributes)
--------------------       ----        ----        ------- ----- ------------
_CODE                  00000200    00001D1B =        7451. bytes (REL,CON)

        Value  Global            Value  Global            Value  Global    
        -----  ------            -----  ------            -----  ------    
     00000DB5  C$main.c$ |    00000DB5  XG$stage_ |    00000DB8  A$lcc2587
     00000DB8  C$main.c$ |    00000DB8  C$main.c$ |    00000DB8  G$main$0$
     00000DB8  _main     |    00000DBA  A$lcc2587 |    00000DBC  A$lcc2587
     00000DBC  C$main.c$ |    00000DBD  A$lcc2587 |    00000DBF  A$lcc2587
     00000DBF  C$main.c$ |    00000DC0  A$lcc2587 |    00000DC0  C$main.c$
     00000DC3  A$lcc2587 |    00000DC4  A$lcc2587 |    00000DC7  A$lcc2587
     00000DC8  A$lcc2587 |    00000DC9  A$lcc2587 |    00000DC9  C$main.c$
     00000DCB  A$lcc2587 |    00000DCC  A$lcc2587 |    00000DCD  A$lcc2587
     00000DD0  A$lcc2587 |    00000DD1  A$lcc2587 |    00000DD1  C$main.c$
     00000DD2  A$lcc2587 |    00000DD4  A$lcc2587 |    00000DD4  C$main.c$
     00000DD6  A$lcc2587 |    00000DD8  A$lcc2587 |    00000DD8  C$main.c$
     00000DDA  A$lcc2587 |    00000DDC  A$lcc2587 |    00000DDE  A$lcc2587
     00000DDE  C$main.c$ |    00000DE0  A$lcc2587 |    00000DE2  A$lcc2587
     00000DE4  A$lcc2587 |    00000DE4  C$main.c$ |    00000DE6  A$lcc2587
     00000DE8  A$lcc2587 |    00000DEA  A$lcc2587 |    00000DEA  C$main.c$
     00000DEC  A$lcc2587 |    00000DEE  A$lcc2587 |    00000DF0  A$lcc2587
     00000DF0  C$main.c$ |    00000DF3  A$lcc2587 |    00000DF5  A$lcc2587
     00000DF5  C$main.c$ |    00000DF8  A$lcc2587 |    00000DF8  C$main.c$
     00000DFB  A$lcc2587 |    00000DFC  A$lcc2587 |    00000DFF  A$lcc2587
     00000DFF  C$main.c$ |    00000E02  A$lcc2587 |    00000E05  A$lcc2587
     00000E05  C$main.c$ |    00000E08  A$lcc2587 |    00000E0B  A$lcc2587
     00000E0C  A$lcc2587 |    00000E0C  C$main.c$ |    00000E0F  A$lcc2587
     00000E10  A$lcc2587 |    00000E13  A$lcc2587 |    00000E14  A$lcc2587
     00000E15  A$lcc2587 |    00000E16  A$lcc2587 |    00000E17  A$lcc2587
     00000E1A  A$lcc2587 |    00000E1B  A$lcc2587 |    00000E1B  C$main.c$
     00000E1E  A$lcc2587 |    00000E1F  A$lcc2587 |    00000E22  A$lcc2587
     00000E22  C$main.c$ |    00000E25  A$lcc2587 |    00000E28  A$lcc2587
     00000E29  A$lcc2587 |    00000E2A  A$lcc2587 |    00000E2B  A$lcc2587
     00000E2C  A$lcc2587 |    00000E2E  A$lcc2587 |    00000E31  A$lcc2587
     00000E33  A$lcc2587 |    00000E35  A$lcc2587 |    00000E35  C$main.c$
     00000E35  C$main.c$ |    00000E38  A$lcc2587 |    00000E3A  A$lcc2587
     00000E3C  A$lcc2587 |    00000E3F  A$lcc2587 |    00000E41  A$lcc2587
     00000E43  A$lcc2587 |    00000E45  A$lcc2587 |    00000E45  C$main.c$
     00000E45  C$main.c$ |    00000E47  A$lcc2587 |    00000E49  A$lcc2587
     00000E49  C$main.c$ |    00000E4C  A$lcc2587 |    00000E4E  A$lcc2587
     00000E4E  C$main.c$ |    00000E51  A$lcc2587 |    00000E53  A$lcc2587
     00000E53  C$main.c$ |    00000E55  A$lcc2587 |    00000E55  C$main.c$
     00000E55  C$main.c$ |    00000E57  A$lcc2587 |    00000E59  A$lcc2587
     00000E59  C$main.c$ |    00000E5C  A$lcc2587 |    00000E5E  A$lcc2587
     00000E5E  C$main.c$ |    00000E61  A$lcc2587 |    00000E63  A$lcc2587
     00000E63  C$main.c$ |    00000E65  A$lcc2587 |    00000E65  C$main.c$
     00000E65  C$main.c$ |    00000E67  A$lcc2587 |    00000E69  A$lcc2587
     00000E69  C$main.c$ |    00000E6C  A$lcc2587 |    00000E6E  A$lcc2587
     00000E6E  C$main.c$ |    00000E71  A$lcc2587 |    00000E73  A$lcc2587
     00000E73  C$main.c$ |    00000E76  A$lcc2587 |    00000E78  A$lcc2587
     00000E78  C$main.c$ |    00000E7A  A$lcc2587 |    00000E7A  C$main.c$
     00000E7A  C$main.c$ |    00000E7D  A$lcc2587 |    00000E7E  A$lcc2587
     00000E7F  A$lcc2587 |    00000E80  A$lcc2587 |    00000E81  A$lcc2587
     00000E83  A$lcc2587 |    00000E85  A$lcc2587 |    00000E86  A$lcc2587
     00000E88  A$lcc2587 |    00000E89  A$lcc2587 |    00000E8B  A$lcc2587
     00000E8D  A$lcc2587 |    00000E8F  A$lcc2587 |    00000E91  A$lcc2587
ASxxxx Linker V03.00 + NoICE + sdld,  page 18.
Hexadecimal  [32-Bits]

Area                       Addr        Size        Decimal Bytes (Attributes)
--------------------       ----        ----        ------- ----- ------------
_CODE                  00000200    00001D1B =        7451. bytes (REL,CON)

        Value  Global            Value  Global            Value  Global    
        -----  ------            -----  ------            -----  ------    
     00000E92  A$lcc2587 |    00000E94  A$lcc2587 |    00000E96  A$lcc2587
     00000E98  A$lcc2587 |    00000E99  A$lcc2587 |    00000E9B  A$lcc2587
     00000E9D  A$lcc2587 |    00000E9F  A$lcc2587 |    00000E9F  C$main.c$
     00000EA2  A$lcc2587 |    00000EA4  A$lcc2587 |    00000EA4  C$main.c$
     00000EA7  A$lcc2587 |    00000EA9  A$lcc2587 |    00000EA9  C$main.c$
     00000EAC  A$lcc2587 |    00000EAE  A$lcc2587 |    00000EAE  C$main.c$
     00000EAE  C$main.c$ |    00000EB1  A$lcc2587 |    00000EB1  C$main.c$
     00000EB4  A$lcc2587 |    00000EB4  C$main.c$ |    00000EB7  A$lcc2587
     00000EB7  C$main.c$ |    00000EBA  A$lcc2587 |    00000EBA  C$main.c$
     00000EBD  A$lcc2587 |    00000EBF  A$lcc2587 |    00000EC1  A$lcc2587
     00000EC1  C$main.c$ |    00000EC4  A$lcc2587 |    00000EC4  C$main.c$
     00000EC7  A$lcc2587 |    00000EC7  C$main.c$ |    00000ECA  A$lcc2587
     00000ECD  A$lcc2587 |    00000ECD  C$main.c$ |    00000ED0  A$lcc2587
     00000ED1  A$lcc2587 |    00000ED4  A$lcc2587 |    00000ED4  C$main.c$
     00000ED7  A$lcc2587 |    00000ED7  C$main.c$ |    00000EDA  A$lcc2587
     00000EDA  C$main.c$ |    00000EDD  A$lcc2587 |    00000EDD  C$main.c$
     00000EDD  XG$main$0 |    00000EDF  G$BKG_MAP |    00000EDF  _BKG_MAP 
     000012DF  G$BKG_TIL |    000012DF  _BKG_TILE |    000015CF  G$COLLISI
     000015CF  _COLLISIO |    000019CF  G$RESET_T |    000019CF  _RESET_TI
     000019D9  G$WIN_FRO |    000019D9  _WIN_FROG |    000019DD  _get_vram
     000019EA  _get_win_ |    000019F2  _get_bkg_ |    00001A19  _set_vram
     00001A28  _set_win_ |    00001A30  _set_bkg_ |    00001B04  ___printf
     00001E9B  _sprintf  |    00001EBC  ___move_m |    00001EF4  _get_win_
     00001EFC  _get_bkg_
ASxxxx Linker V03.00 + NoICE + sdld,  page 19.
Hexadecimal  [32-Bits]

Area                       Addr        Size        Decimal Bytes (Attributes)
--------------------       ----        ----        ------- ----- ------------
_HEADER0               00000000    00000001 =           1. bytes (ABS,CON)

        Value  Global            Value  Global            Value  Global    
        -----  ------            -----  ------            -----  ------    
     00000020  .call_hl 
ASxxxx Linker V03.00 + NoICE + sdld,  page 20.
Hexadecimal  [32-Bits]

Area                       Addr        Size        Decimal Bytes (Attributes)
--------------------       ----        ----        ------- ----- ------------
_HEADER1               00000000    00000005 =           5. bytes (ABS,CON)

        Value  Global            Value  Global            Value  Global    
        -----  ------            -----  ------            -----  ------    
     00000028  .MemsetSm
ASxxxx Linker V03.00 + NoICE + sdld,  page 21.
Hexadecimal  [32-Bits]

Area                       Addr        Size        Decimal Bytes (Attributes)
--------------------       ----        ----        ------- ----- ------------
_HEADER2               00000000    00000007 =           7. bytes (ABS,CON)

        Value  Global            Value  Global            Value  Global    
        -----  ------            -----  ------            -----  ------    
     00000030  .MemcpySm
ASxxxx Linker V03.00 + NoICE + sdld,  page 22.
Hexadecimal  [32-Bits]

Area                       Addr        Size        Decimal Bytes (Attributes)
--------------------       ----        ----        ------- ----- ------------
_HEADER3               00000000    00000008 =           8. bytes (ABS,CON)

        Value  Global            Value  Global            Value  Global    
        -----  ------            -----  ------            -----  ------    
ASxxxx Linker V03.00 + NoICE + sdld,  page 23.
Hexadecimal  [32-Bits]

Area                       Addr        Size        Decimal Bytes (Attributes)
--------------------       ----        ----        ------- ----- ------------
_HEADER4               00000000    0000004F =          79. bytes (ABS,CON)

        Value  Global            Value  Global            Value  Global    
        -----  ------            -----  ------            -----  ------    
     00000080  .int      |    0000008F  _wait_int |    0000009C  __standar
     000000AC  _refresh_
ASxxxx Linker V03.00 + NoICE + sdld,  page 24.
Hexadecimal  [32-Bits]

Area                       Addr        Size        Decimal Bytes (Attributes)
--------------------       ----        ----        ------- ----- ------------
_HEADER5               00000000    00000002 =           2. bytes (ABS,CON)

        Value  Global            Value  Global            Value  Global    
        -----  ------            -----  ------            -----  ------    
ASxxxx Linker V03.00 + NoICE + sdld,  page 25.
Hexadecimal  [32-Bits]

Area                       Addr        Size        Decimal Bytes (Attributes)
--------------------       ----        ----        ------- ----- ------------
_HEADER6               00000000    00000030 =          48. bytes (ABS,CON)

        Value  Global            Value  Global            Value  Global    
        -----  ------            -----  ------            -----  ------    
ASxxxx Linker V03.00 + NoICE + sdld,  page 26.
Hexadecimal  [32-Bits]

Area                       Addr        Size        Decimal Bytes (Attributes)
--------------------       ----        ----        ------- ----- ------------
_HEADER7               00000000    00000006 =           6. bytes (ABS,CON)

        Value  Global            Value  Global            Value  Global    
        -----  ------            -----  ------            -----  ------    
ASxxxx Linker V03.00 + NoICE + sdld,  page 27.
Hexadecimal  [32-Bits]

Area                       Addr        Size        Decimal Bytes (Attributes)
--------------------       ----        ----        ------- ----- ------------
_HEADER8               00000000    00000003 =           3. bytes (ABS,CON)

        Value  Global            Value  Global            Value  Global    
        -----  ------            -----  ------            -----  ------    
ASxxxx Linker V03.00 + NoICE + sdld,  page 28.
Hexadecimal  [32-Bits]

Area                       Addr        Size        Decimal Bytes (Attributes)
--------------------       ----        ----        ------- ----- ------------
_HEADER9               00000000    00000001 =           1. bytes (ABS,CON)

        Value  Global            Value  Global            Value  Global    
        -----  ------            -----  ------            -----  ------    
ASxxxx Linker V03.00 + NoICE + sdld,  page 29.
Hexadecimal  [32-Bits]

Area                       Addr        Size        Decimal Bytes (Attributes)
--------------------       ----        ----        ------- ----- ------------
_HEADERa               00000000    00000001 =           1. bytes (ABS,CON)

        Value  Global            Value  Global            Value  Global    
        -----  ------            -----  ------            -----  ------    
ASxxxx Linker V03.00 + NoICE + sdld,  page 30.
Hexadecimal  [32-Bits]

Area                       Addr        Size        Decimal Bytes (Attributes)
--------------------       ----        ----        ------- ----- ------------
_HEADERb               00000000    00000001 =           1. bytes (ABS,CON)

        Value  Global            Value  Global            Value  Global    
        -----  ------            -----  ------            -----  ------    
ASxxxx Linker V03.00 + NoICE + sdld,  page 31.
Hexadecimal  [32-Bits]

Area                       Addr        Size        Decimal Bytes (Attributes)
--------------------       ----        ----        ------- ----- ------------
_HEADERc               00000000    00000002 =           2. bytes (ABS,CON)

        Value  Global            Value  Global            Value  Global    
        -----  ------            -----  ------            -----  ------    
ASxxxx Linker V03.00 + NoICE + sdld,  page 32.
Hexadecimal  [32-Bits]

Area                       Addr        Size        Decimal Bytes (Attributes)
--------------------       ----        ----        ------- ----- ------------
_HEADERd               00000000    00000001 =           1. bytes (ABS,CON)

        Value  Global            Value  Global            Value  Global    
        -----  ------            -----  ------            -----  ------    
ASxxxx Linker V03.00 + NoICE + sdld,  page 33.
Hexadecimal  [32-Bits]

Area                       Addr        Size        Decimal Bytes (Attributes)
--------------------       ----        ----        ------- ----- ------------
_HEADERe               00000000    00000001 =           1. bytes (ABS,CON)

        Value  Global            Value  Global            Value  Global    
        -----  ------            -----  ------            -----  ------    
ASxxxx Linker V03.00 + NoICE + sdld,  page 34.
Hexadecimal  [32-Bits]

Area                       Addr        Size        Decimal Bytes (Attributes)
--------------------       ----        ----        ------- ----- ------------
_HEADERf               00000000    00000002 =           2. bytes (ABS,CON)

        Value  Global            Value  Global            Value  Global    
        -----  ------            -----  ------            -----  ------    
ASxxxx Linker V03.00 + NoICE + sdld,  page 35.
Hexadecimal  [32-Bits]

Area                       Addr        Size        Decimal Bytes (Attributes)
--------------------       ----        ----        ------- ----- ------------
_HEADER10              00000000    00000082 =         130. bytes (ABS,CON)

        Value  Global            Value  Global            Value  Global    
        -----  ------            -----  ------            -----  ------    
     00000150  .reset    |    00000150  _reset    |    00000157  .code_sta
     000001B7  _exit     |    000001BB  _set_inte
ASxxxx Linker V03.00 + NoICE + sdld,  page 36.
Hexadecimal  [32-Bits]

Area                       Addr        Size        Decimal Bytes (Attributes)
--------------------       ----        ----        ------- ----- ------------
_HEADER11              00000000    00000001 =           1. bytes (ABS,CON)

        Value  Global            Value  Global            Value  Global    
        -----  ------            -----  ------            -----  ------    
ASxxxx Linker V03.00 + NoICE + sdld,  page 37.
Hexadecimal  [32-Bits]

Area                       Addr        Size        Decimal Bytes (Attributes)
--------------------       ----        ----        ------- ----- ------------
_HOME                  00001F1B    0000039A =         922. bytes (REL,CON)

        Value  Global            Value  Global            Value  Global    
        -----  ------            -----  ------            -----  ------    
     00001F1B  .memset_s |    00001F24  .memcpy_s |    00001F41  .remove_V
     00001F44  .remove_i |    00001F61  .add_VBL  |    00001F64  .add_int 
     00001F6F  .wait_vbl |    00001F6F  _wait_vbl |    00001F7F  .display_
     00001F7F  _display_ |    00001F97  _remove_V |    00001FA2  _add_VBL 
     00001FAD  _set_tile |    00001FB2  _set_bkg_ |    00001FB2  _set_win_
     00001FBA  _set_spri |    00001FEA  .padup    |    00001FEA  _waitpadu
     00001FFA  .jpad     |    00001FFA  _joypad   |    00002022  _waitpad 
     00002025  .wait_pad |    0000202C  ___sdcc_c |    0000205C  _add_LCD 
     00002067  .add_LCD  |    0000206D  _remove_L |    00002078  .remove_L
     0000207E  __divsuch |    0000208B  __modsuch |    00002095  __divusch
     000020A7  __modusch |    000020B7  __divscha |    000020C3  __modscha
     000020CD  __divsint |    000020DE  __modsint |    000020ED  __divucha
     000020F9  __moducha |    00002103  __divuint |    00002114  __moduint
     00002123  .div8     |    00002123  .mod8     |    0000212B  .div16   
     0000212B  .mod16    |    00002161  .divu8    |    00002161  .modu8   
     00002164  .divu16   |    00002164  .modu16   |    000021A5  _set_bkg_
     000021B9  _uitoa    |    000021C8  _itoa     |    000021D7  .itoa    
     000021EB  .utoa     |    0000225F  .set_xy_w |    00002268  .set_xy_b
     00002277  .set_xy_t
ASxxxx Linker V03.00 + NoICE + sdld,  page 38.
Hexadecimal  [32-Bits]

Area                       Addr        Size        Decimal Bytes (Attributes)
--------------------       ----        ----        ------- ----- ------------
_CODE_0                000022B5    00000440 =        1088. bytes (REL,CON)

        Value  Global            Value  Global            Value  Global    
        -----  ------            -----  ------            -----  ------    
     000022B5  G$FONT$0_ |    000022B5  _FONT    
ASxxxx Linker V03.00 + NoICE + sdld,  page 39.
Hexadecimal  [32-Bits]

Area                       Addr        Size        Decimal Bytes (Attributes)
--------------------       ----        ----        ------- ----- ------------
_INITIALIZER           000026F5    00000048 =          72. bytes (REL,CON)

        Value  Global            Value  Global            Value  Global    
        -----  ------            -----  ------            -----  ------    
     000026F5  Fmain$__x |    00002719  Fmain$__x |    0000271C  Fmain$__x
     00002720  Fmain$__x |    00002724  Fmain$__x |    0000272B  Fmain$__x
     00002730  Fmain$__x |    00002735  Fmain$__x
ASxxxx Linker V03.00 + NoICE + sdld,  page 40.
Hexadecimal  [32-Bits]

Area                       Addr        Size        Decimal Bytes (Attributes)
--------------------       ----        ----        ------- ----- ------------
_GSINIT                0000273D    0000000C =          12. bytes (REL,CON)

        Value  Global            Value  Global            Value  Global    
        -----  ------            -----  ------            -----  ------    
     0000273D  gsinit   
ASxxxx Linker V03.00 + NoICE + sdld,  page 41.
Hexadecimal  [32-Bits]

Area                       Addr        Size        Decimal Bytes (Attributes)
--------------------       ----        ----        ------- ----- ------------
_GSFINAL               00002749    00000001 =           1. bytes (REL,CON)

        Value  Global            Value  Global            Value  Global    
        -----  ------            -----  ------            -----  ------    
ASxxxx Linker V03.00 + NoICE + sdld,  page 42.
Hexadecimal  [32-Bits]

Area                       Addr        Size        Decimal Bytes (Attributes)
--------------------       ----        ----        ------- ----- ------------
_DATA                  0000C0A0    0000006E =         110. bytes (REL,CON)

        Value  Global            Value  Global            Value  Global    
        -----  ------            -----  ------            -----  ------    
     0000C0A0  __cpu     |    0000C0A1  __is_GBA  |    0000C0A2  .mode    
     0000C0A3  .sys_time |    0000C0A3  _sys_time |    0000C0A5  .int_0x40
     0000C0B9  G$scroll$ |    0000C0B9  _scroll   |    0000C0C3  G$PLAYER$
     0000C0C3  _PLAYER   |    0000C0C9  G$joy$0_0 |    0000C0C9  _joy     
     0000C0CA  G$last_jo |    0000C0CA  _last_joy |    0000C0CB  G$is_movi
     0000C0CB  _is_movin |    0000C0CC  G$turtles |    0000C0CC  _turtles_
     0000C0CD  G$move_x$ |    0000C0CD  _move_x   |    0000C0CE  G$move_y$
     0000C0CE  _move_y   |    0000C0CF  G$scx_cou |    0000C0CF  _scx_coun
     0000C0D0  G$turtle_ |    0000C0D0  _turtle_c |    0000C0D1  G$dive_co
     0000C0D1  _dive_cou |    0000C0D2  G$timer$0 |    0000C0D2  _timer   
     0000C0D4  G$timer_t |    0000C0D4  _timer_ti |    0000C0D5  G$GAMESTA
     0000C0D5  _GAMESTAT |    0000C0D6  G$turtle_ |    0000C0D6  _turtle_t
     0000C0D7  G$dive_ti |    0000C0D7  _dive_til |    0000C0D8  G$y_min$0
     0000C0D8  _y_min    |    0000C0D9  G$vram_ad |    0000C0D9  _vram_add
     0000C0DB  G$score$0 |    0000C0DB  _score    |    0000C0DD  G$score_b
     0000C0DD  _score_bu |    0000C0E2  G$current |    0000C0E2  _current_
     0000C0E3  G$level_b |    0000C0E3  _level_bu |    0000C0FB  ___curren
     0000C0FD  ___curren |    0000C0FE  .int_0x48
ASxxxx Linker V03.00 + NoICE + sdld,  page 43.
Hexadecimal  [32-Bits]

Area                       Addr        Size        Decimal Bytes (Attributes)
--------------------       ----        ----        ------- ----- ------------
_INITIALIZED           0000C10E    00000048 =          72. bytes (REL,CON)

        Value  Global            Value  Global            Value  Global    
        -----  ------            -----  ------            -----  ------    
     0000C10E  G$scroll_ |    0000C10E  _scroll_r |    0000C132  G$turtle_
     0000C132  _turtle_d |    0000C135  G$turtle_ |    0000C135  _turtle_d
     0000C139  G$turtle_ |    0000C139  _turtle_t |    0000C13D  G$dive_ti
     0000C13D  _dive_til |    0000C144  G$PLAYER1 |    0000C144  _PLAYER1U
     0000C149  G$PLAYER2 |    0000C149  _PLAYER2U |    0000C14E  G$level_t
     0000C14E  _level_te |    0000C155  ___render
ASxxxx Linker V03.00 + NoICE + sdld,  page 44.
Hexadecimal  [32-Bits]

Area                       Addr        Size        Decimal Bytes (Attributes)
--------------------       ----        ----        ------- ----- ------------
_HRAM12                00000000    00000003 =           3. bytes (ABS,CON)

        Value  Global            Value  Global            Value  Global    
        -----  ------            -----  ------            -----  ------    
     0000FF90  __current |    0000FF92  __shadow_
ASxxxx Linker V03.00 + NoICE + sdld,  page 45.
Hexadecimal  [32-Bits]

Area                       Addr        Size        Decimal Bytes (Attributes)
--------------------       ----        ----        ------- ----- ------------
_CODE_1                00014000    000000AC =         172. bytes (REL,CON)

        Value  Global            Value  Global            Value  Global    
        -----  ------            -----  ------            -----  ------    
     00014000  C$frogger |    00014000  G$__func_ |    00014000  G$frogger
     00014000  ___func_f |    00014000  _frogger_ |    00014008  G$frogger
     00014008  _frogger_ |    00014048  G$frogger |    00014048  _frogger_
     00014054  G$frogger |    00014054  _frogger_ |    00014056  C$frogger
     00014056  G$__func_ |    00014056  G$frogger |    00014056  ___func_f
     00014056  _frogger_ |    0001405E  G$frogger |    0001405E  _frogger_
     0001409E  G$frogger |    0001409E  _frogger_ |    000140AA  G$frogger
     000140AA  _frogger_
ASxxxx Linker V03.00 + NoICE + sdld,  page 46.
Hexadecimal  [32-Bits]

Area                       Addr        Size        Decimal Bytes (Attributes)
--------------------       ----        ----        ------- ----- ------------
_HEADER_LCD0           00000000    00000003 =           3. bytes (ABS,CON)

        Value  Global            Value  Global            Value  Global    
        -----  ------            -----  ------            -----  ------    
ASxxxx Linker V03.00 + NoICE + sdld,  page 47.

Files Linked                              [ module(s) ]

C:\c_code\gbdk\lib/small/asxxxx/gb/crt0.o
                                          [ Runtime ]
C:\Users\User\AppData\Local\Temp/lcc258720.rel
                                          [ main ]
C:\Users\User\AppData\Local\Temp/lcc258721.rel
                                          [ bkg_map ]
C:\Users\User\AppData\Local\Temp/lcc258722.rel
                                          [ bkg_tiles ]
C:\Users\User\AppData\Local\Temp/lcc258723.rel
                                          [ collision_map ]
C:\Users\User\AppData\Local\Temp/lcc258724.rel
                                          [ font ]
C:\Users\User\AppData\Local\Temp/lcc258725.rel
                                          [ frogger ]
C:\Users\User\AppData\Local\Temp/lcc258726.rel
                                          [ frogger_16 ]
C:\Users\User\AppData\Local\Temp/lcc258727.rel
                                          [ reset_timer ]
C:\Users\User\AppData\Local\Temp/lcc258728.rel
                                          [ win_frog ]


Libraries Linked                          [ object file ]

C:\c_code\gbdk\lib/small/asxxxx/gb/gb.lib
                                          [ sfr.o ]
C:\c_code\gbdk\lib/small/asxxxx/gb/gb.lib
                                          [ get_tile.o ]
C:\c_code\gbdk\lib/small/asxxxx/gb/gb.lib
                                          [ set_tile.o ]
C:\c_code\gbdk\lib/small/asxxxx/gb/gb.lib
                                          [ set_data.o ]
C:\c_code\gbdk\lib/small/asxxxx/gbz80/gbz80.lib
                                          [ sprintf.o ]
C:\c_code\gbdk\lib/small/asxxxx/gb/gb.lib
                                          [ pad.o ]
C:\c_code\gbdk\lib/small/asxxxx/gb/gb.lib
                                          [ metasprites.o ]
C:\c_code\gbdk\lib/small/asxxxx/gbz80/gbz80.lib
                                          [ __sdcc_call_hl.o ]
C:\c_code\gbdk\lib/small/asxxxx/gb/gb.lib
                                          [ lcd.o ]
C:\c_code\gbdk\lib/small/asxxxx/gb/gb.lib
                                          [ get_addr.o ]
C:\c_code\gbdk\lib/small/asxxxx/gbz80/gbz80.lib
                                          [ div.o ]
C:\c_code\gbdk\lib/small/asxxxx/gb/gb.lib
                                          [ set_bk_t.o ]
C:\c_code\gbdk\lib/small/asxxxx/gbz80/gbz80.lib
                                          [ itoa.o ]
C:\c_code\gbdk\lib/small/asxxxx/gb/gb.lib
                                          [ set_xy_t.o ]

ASxxxx Linker V03.00 + NoICE + sdld,  page 48.

User Base Address Definitions

_DATA=0xC0A0
_CODE=0x0200
ASxxxx Linker V03.00 + NoICE + sdld,  page 49.

User Global Definitions

_shadow_OAM=0xC000
.STACK=0xE000
.refresh_OAM=0xFF80

