ASxxxx Linker V03.00 + NoICE + sdld,  page 1.
Hexadecimal  [32-Bits]

Area                       Addr        Size        Decimal Bytes (Attributes)
--------------------       ----        ----        ------- ----- ------------
.  .ABS.               00000000    00000000 =           0. bytes (ABS,CON)

        Value  Global            Value  Global            Value  Global    
        -----  ------            -----  ------            -----  ------    
     00000000  .__.ABS.  |    00000000  _rRAMG    |    00000000  l__BASE  
     00000000  l__BSS    |    00000000  l__CABS   |    00000000  l__DABS  
     00000000  l__HEADER |    00000000  l__HEADER |    00000000  l__HEAP  
     00000000  l__HRAM   |    00000000  l__LIT    |    00000000  s__CABS  
     00000000  s__DABS   |    00000000  s__HEADER |    00000000  s__HEADER
     00000000  s__HEADER |    00000000  s__HEADER |    00000000  s__HEADER
     00000000  s__HEADER |    00000000  s__HEADER |    00000000  s__HEADER
     00000000  s__HEADER |    00000000  s__HEADER |    00000000  s__HEADER
     00000000  s__HEADER |    00000000  s__HEADER |    00000000  s__HEADER
     00000000  s__HEADER |    00000000  s__HEADER |    00000000  s__HEADER
     00000000  s__HEADER |    00000000  s__HEADER |    00000000  s__HEADER
     00000000  s__HEADER |    00000000  s__HRAM   |    00000000  s__HRAM12
     00000001  ___bank_f |    00000001  ___bank_f |    00000001  ___bank_t
     00000001  l__GSFINA |    00000001  l__HEADER |    00000001  l__HEADER
     00000001  l__HEADER |    00000001  l__HEADER |    00000001  l__HEADER
     00000001  l__HEADER |    00000001  l__HEADER |    00000002  l__HEADER
     00000002  l__HEADER |    00000002  l__HEADER |    00000003  l__HEADER
     00000003  l__HEADER |    00000003  l__HRAM12 |    00000005  l__HEADER
     00000006  l__HEADER |    00000007  l__HEADER |    00000008  l__HEADER
     0000000C  l__GSINIT |    00000030  l__HEADER |    0000004B  l__INITIA
     0000004B  l__INITIA |    0000004E  l__HEADER |    0000007A  l__DATA  
     00000082  l__HEADER |    00000200  s__CODE   |    0000039E  l__HOME  
     000003D0  l__CODE_1 |    00000440  l__CODE_0 |    00002000  _rROMB0  
     0000229B  l__CODE   |    0000249B  s__HOME   |    00002839  s__BASE  
     00002839  s__CODE_0 |    00002C79  s__INITIA |    00002C79  s__LIT   
     00002CC4  s__GSINIT |    00002CD0  s__GSFINA |    00003000  _rROMB1  
     00004000  _rRAMB    |    00008000  __VRAM    |    00008000  __VRAM800
     00008800  __VRAM880 |    00009000  __VRAM900 |    00009800  __SCRN0  
     00009C00  __SCRN1   |    0000A000  __SRAM    |    0000C000  __RAM    
     0000C000  _shadow_O |    0000C0A0  s__DATA   |    0000C11A  s__BSS   
     0000C11A  s__INITIA |    0000C165  s__HEAP   |    0000D000  __RAMBANK
     0000E000  .STACK    |    0000FE00  __OAMRAM  |    0000FF00  _P1_REG  
     0000FF00  __IO      |    0000FF01  _SB_REG   |    0000FF02  _SC_REG  
     0000FF04  _DIV_REG  |    0000FF05  _TIMA_REG |    0000FF06  _TMA_REG 
     0000FF07  _TAC_REG  |    0000FF0F  _IF_REG   |    0000FF10  _NR10_REG
     0000FF11  _NR11_REG |    0000FF12  _NR12_REG |    0000FF13  _NR13_REG
     0000FF14  _NR14_REG |    0000FF16  _NR21_REG |    0000FF17  _NR22_REG
     0000FF18  _NR23_REG |    0000FF19  _NR24_REG |    0000FF1A  _NR30_REG
     0000FF1B  _NR31_REG |    0000FF1C  _NR32_REG |    0000FF1D  _NR33_REG
     0000FF1E  _NR34_REG |    0000FF20  _NR41_REG |    0000FF21  _NR42_REG
     0000FF22  _NR43_REG |    0000FF23  _NR44_REG |    0000FF24  _NR50_REG
     0000FF25  _NR51_REG |    0000FF26  _NR52_REG |    0000FF30  _AUD3WAVE
     0000FF30  _PCM_SAMP |    0000FF30  __AUD3WAV |    0000FF40  _LCDC_REG
     0000FF41  _STAT_REG |    0000FF42  _SCY_REG  |    0000FF43  _SCX_REG 
     0000FF44  _LY_REG   |    0000FF45  _LYC_REG  |    0000FF46  _DMA_REG 
     0000FF47  _BGP_REG  |    0000FF48  _OBP0_REG |    0000FF49  _OBP1_REG
     0000FF4A  _WY_REG   |    0000FF4B  _WX_REG   |    0000FF4D  _KEY1_REG
     0000FF4F  _VBK_REG  |    0000FF51  _HDMA1_RE |    0000FF52  _HDMA2_RE
     0000FF53  _HDMA3_RE |    0000FF54  _HDMA4_RE |    0000FF55  _HDMA5_RE
     0000FF56  _RP_REG   |    0000FF68  _BCPS_REG |    0000FF69  _BCPD_REG
ASxxxx Linker V03.00 + NoICE + sdld,  page 2.
Hexadecimal  [32-Bits]

Area                       Addr        Size        Decimal Bytes (Attributes)
--------------------       ----        ----        ------- ----- ------------
.  .ABS.               00000000    00000000 =           0. bytes (ABS,CON)

        Value  Global            Value  Global            Value  Global    
        -----  ------            -----  ------            -----  ------    
     0000FF6A  _OCPS_REG |    0000FF6B  _OCPD_REG |    0000FF70  _SVBK_REG
     0000FF76  _PCM12_RE |    0000FF77  _PCM34_RE |    0000FF80  .refresh_
     0000FF80  __HRAM    |    0000FFFF  _IE_REG   |    00014000  s__CODE_1
ASxxxx Linker V03.00 + NoICE + sdld,  page 3.
Hexadecimal  [32-Bits]

Area                       Addr        Size        Decimal Bytes (Attributes)
--------------------       ----        ----        ------- ----- ------------
_CODE                  00000200    0000229B =        8859. bytes (REL,CON)

        Value  Global            Value  Global            Value  Global    
        -----  ------            -----  ------            -----  ------    
     00000200  A$lcc7680 |    00000200  C$main.c$ |    00000200  C$main.c$
     00000200  G$kill_fr |    00000200  _kill_fro |    00000203  A$lcc7680
     00000205  A$lcc7680 |    00000205  C$main.c$ |    00000208  A$lcc7680
     0000020A  A$lcc7680 |    0000020A  C$main.c$ |    0000020D  A$lcc7680
     0000020F  A$lcc7680 |    0000020F  C$main.c$ |    0000020F  XG$kill_f
     00000210  A$lcc7680 |    00000210  C$main.c$ |    00000210  G$render_
     00000210  _render_a |    00000211  A$lcc7680 |    00000211  C$main.c$
     00000214  A$lcc7680 |    00000215  A$lcc7680 |    00000215  C$main.c$
     00000218  A$lcc7680 |    00000219  A$lcc7680 |    0000021B  A$lcc7680
     0000021C  A$lcc7680 |    0000021D  A$lcc7680 |    0000021E  A$lcc7680
     0000021F  A$lcc7680 |    00000220  A$lcc7680 |    00000222  A$lcc7680
     00000225  A$lcc7680 |    00000226  A$lcc7680 |    00000226  C$main.c$
     00000226  C$main.c$ |    00000227  A$lcc7680 |    00000228  A$lcc7680
     0000022A  A$lcc7680 |    0000022D  A$lcc7680 |    0000022F  A$lcc7680
     00000230  A$lcc7680 |    00000233  A$lcc7680 |    00000235  A$lcc7680
     00000236  A$lcc7680 |    00000239  A$lcc7680 |    0000023A  A$lcc7680
     0000023B  A$lcc7680 |    0000023C  A$lcc7680 |    0000023F  A$lcc7680
     00000240  A$lcc7680 |    00000241  A$lcc7680 |    00000242  A$lcc7680
     00000245  A$lcc7680 |    00000247  A$lcc7680 |    00000249  A$lcc7680
     0000024B  A$lcc7680 |    0000024D  A$lcc7680 |    00000250  A$lcc7680
     00000252  A$lcc7680 |    00000255  A$lcc7680 |    00000256  A$lcc7680
     00000257  A$lcc7680 |    00000258  A$lcc7680 |    00000259  A$lcc7680
     0000025B  A$lcc7680 |    0000025C  A$lcc7680 |    0000025E  A$lcc7680
     0000025F  A$lcc7680 |    00000262  A$lcc7680 |    00000264  A$lcc7680
     00000264  C$main.c$ |    00000266  A$lcc7680 |    00000266  C$main.c$
     00000267  A$lcc7680 |    00000268  A$lcc7680 |    0000026A  A$lcc7680
     0000026D  A$lcc7680 |    0000026E  A$lcc7680 |    00000271  A$lcc7680
     00000272  A$lcc7680 |    00000275  A$lcc7680 |    00000276  A$lcc7680
     00000277  A$lcc7680 |    00000278  A$lcc7680 |    00000279  A$lcc7680
     0000027C  A$lcc7680 |    0000027D  A$lcc7680 |    0000027E  A$lcc7680
     0000027F  A$lcc7680 |    00000282  A$lcc7680 |    00000284  A$lcc7680
     00000285  A$lcc7680 |    00000286  A$lcc7680 |    00000287  A$lcc7680
     00000288  A$lcc7680 |    00000289  A$lcc7680 |    0000028A  A$lcc7680
     0000028B  A$lcc7680 |    0000028C  A$lcc7680 |    0000028F  A$lcc7680
     00000291  A$lcc7680 |    00000291  C$main.c$ |    00000291  C$main.c$
     00000294  A$lcc7680 |    00000296  A$lcc7680 |    00000296  C$main.c$
     00000299  A$lcc7680 |    0000029B  A$lcc7680 |    0000029C  A$lcc7680
     0000029C  C$main.c$ |    0000029C  XG$render |    0000029D  A$lcc7680
     0000029D  C$main.c$ |    0000029D  C$main.c$ |    0000029D  G$update_
     0000029D  _update_l |    000002A0  A$lcc7680 |    000002A1  A$lcc7680
     000002A4  A$lcc7680 |    000002A5  A$lcc7680 |    000002A8  A$lcc7680
     000002A9  A$lcc7680 |    000002AA  A$lcc7680 |    000002AB  A$lcc7680
     000002AB  C$main.c$ |    000002AE  A$lcc7680 |    000002AF  A$lcc7680
     000002B2  A$lcc7680 |    000002B3  A$lcc7680 |    000002B6  A$lcc7680
     000002B7  A$lcc7680 |    000002BA  A$lcc7680 |    000002BC  A$lcc7680
     000002BC  C$main.c$ |    000002BF  A$lcc7680 |    000002C0  A$lcc7680
     000002C1  A$lcc7680 |    000002C3  A$lcc7680 |    000002C3  C$main.c$
     000002C5  A$lcc7680 |    000002C6  A$lcc7680 |    000002C7  A$lcc7680
     000002CA  A$lcc7680 |    000002CB  A$lcc7680 |    000002CC  A$lcc7680
     000002CD  A$lcc7680 |    000002CE  A$lcc7680 |    000002D1  A$lcc7680
ASxxxx Linker V03.00 + NoICE + sdld,  page 4.
Hexadecimal  [32-Bits]

Area                       Addr        Size        Decimal Bytes (Attributes)
--------------------       ----        ----        ------- ----- ------------
_CODE                  00000200    0000229B =        8859. bytes (REL,CON)

        Value  Global            Value  Global            Value  Global    
        -----  ------            -----  ------            -----  ------    
     000002D3  A$lcc7680 |    000002D3  C$main.c$ |    000002D6  A$lcc7680
     000002D7  A$lcc7680 |    000002D9  A$lcc7680 |    000002DA  A$lcc7680
     000002DB  A$lcc7680 |    000002DB  C$main.c$ |    000002DC  A$lcc7680
     000002DE  A$lcc7680 |    000002DE  C$main.c$ |    000002E1  A$lcc7680
     000002E2  A$lcc7680 |    000002E5  A$lcc7680 |    000002E6  A$lcc7680
     000002E9  A$lcc7680 |    000002EA  A$lcc7680 |    000002EB  A$lcc7680
     000002EC  A$lcc7680 |    000002EC  C$main.c$ |    000002EF  A$lcc7680
     000002F1  A$lcc7680 |    000002F2  A$lcc7680 |    000002F3  A$lcc7680
     000002F6  A$lcc7680 |    000002F7  A$lcc7680 |    000002F8  A$lcc7680
     000002F9  A$lcc7680 |    000002FA  A$lcc7680 |    000002FD  A$lcc7680
     000002FF  A$lcc7680 |    000002FF  C$main.c$ |    000002FF  XG$update
     00000300  Fmain$__s |    00000303  A$lcc7680 |    00000303  C$main.c$
     00000303  C$main.c$ |    00000303  G$update_ |    00000303  _update_p
     00000306  A$lcc7680 |    00000307  A$lcc7680 |    0000030A  A$lcc7680
     0000030B  A$lcc7680 |    0000030E  A$lcc7680 |    0000030F  A$lcc7680
     00000310  A$lcc7680 |    00000311  A$lcc7680 |    00000311  C$main.c$
     00000314  A$lcc7680 |    00000315  A$lcc7680 |    00000316  A$lcc7680
     00000317  A$lcc7680 |    00000317  C$main.c$ |    00000319  A$lcc7680
     0000031A  A$lcc7680 |    0000031B  A$lcc7680 |    0000031E  A$lcc7680
     0000031F  A$lcc7680 |    00000320  A$lcc7680 |    00000321  A$lcc7680
     00000322  A$lcc7680 |    00000325  A$lcc7680 |    00000327  A$lcc7680
     00000327  C$main.c$ |    0000032A  A$lcc7680 |    0000032B  A$lcc7680
     0000032D  A$lcc7680 |    0000032E  A$lcc7680 |    0000032F  A$lcc7680
     0000032F  C$main.c$ |    00000330  A$lcc7680 |    00000330  C$main.c$
     00000330  XG$update |    00000332  A$lcc7680 |    00000332  C$main.c$
     00000332  C$main.c$ |    00000332  G$update_ |    00000332  _update_s
     00000335  A$lcc7680 |    00000336  A$lcc7680 |    00000338  A$lcc7680
     00000339  A$lcc7680 |    0000033B  A$lcc7680 |    0000033D  A$lcc7680
     0000033E  A$lcc7680 |    0000033F  A$lcc7680 |    00000340  A$lcc7680
     00000342  A$lcc7680 |    00000342  C$main.c$ |    00000345  A$lcc7680
     00000346  A$lcc7680 |    00000349  A$lcc7680 |    0000034A  A$lcc7680
     0000034D  A$lcc7680 |    0000034E  A$lcc7680 |    0000034F  A$lcc7680
     00000350  A$lcc7680 |    00000352  A$lcc7680 |    00000352  C$main.c$
     00000355  A$lcc7680 |    00000356  A$lcc7680 |    00000358  A$lcc7680
     00000359  A$lcc7680 |    0000035B  A$lcc7680 |    0000035D  A$lcc7680
     0000035E  A$lcc7680 |    00000360  A$lcc7680 |    00000362  A$lcc7680
     00000363  A$lcc7680 |    00000365  A$lcc7680 |    00000365  C$main.c$
     00000368  A$lcc7680 |    00000369  A$lcc7680 |    0000036C  A$lcc7680
     0000036D  A$lcc7680 |    00000370  A$lcc7680 |    00000371  A$lcc7680
     00000372  A$lcc7680 |    00000373  A$lcc7680 |    00000375  A$lcc7680
     00000375  C$main.c$ |    00000377  A$lcc7680 |    00000379  A$lcc7680
     0000037C  A$lcc7680 |    0000037D  A$lcc7680 |    0000037F  A$lcc7680
     00000380  A$lcc7680 |    00000382  A$lcc7680 |    00000384  A$lcc7680
     00000384  C$main.c$ |    00000387  A$lcc7680 |    00000388  A$lcc7680
     0000038B  A$lcc7680 |    0000038C  A$lcc7680 |    0000038F  A$lcc7680
     00000390  A$lcc7680 |    00000391  A$lcc7680 |    00000392  A$lcc7680
     00000394  A$lcc7680 |    00000394  C$main.c$ |    00000397  A$lcc7680
     00000399  A$lcc7680 |    0000039A  A$lcc7680 |    0000039B  A$lcc7680
     0000039D  A$lcc7680 |    0000039E  A$lcc7680 |    000003A0  A$lcc7680
     000003A0  C$main.c$ |    000003A3  A$lcc7680 |    000003A4  A$lcc7680
     000003A7  A$lcc7680 |    000003A8  A$lcc7680 |    000003AB  A$lcc7680
ASxxxx Linker V03.00 + NoICE + sdld,  page 5.
Hexadecimal  [32-Bits]

Area                       Addr        Size        Decimal Bytes (Attributes)
--------------------       ----        ----        ------- ----- ------------
_CODE                  00000200    0000229B =        8859. bytes (REL,CON)

        Value  Global            Value  Global            Value  Global    
        -----  ------            -----  ------            -----  ------    
     000003AC  A$lcc7680 |    000003AD  A$lcc7680 |    000003AE  A$lcc7680
     000003AE  C$main.c$ |    000003B1  A$lcc7680 |    000003B2  A$lcc7680
     000003B3  A$lcc7680 |    000003B4  A$lcc7680 |    000003B5  A$lcc7680
     000003B8  A$lcc7680 |    000003B9  A$lcc7680 |    000003BC  A$lcc7680
     000003BD  A$lcc7680 |    000003C0  A$lcc7680 |    000003C2  A$lcc7680
     000003C2  C$main.c$ |    000003C5  A$lcc7680 |    000003C6  A$lcc7680
     000003C7  A$lcc7680 |    000003C8  A$lcc7680 |    000003C8  C$main.c$
     000003CA  A$lcc7680 |    000003CB  A$lcc7680 |    000003CC  A$lcc7680
     000003CF  A$lcc7680 |    000003D0  A$lcc7680 |    000003D1  A$lcc7680
     000003D2  A$lcc7680 |    000003D3  A$lcc7680 |    000003D6  A$lcc7680
     000003D8  A$lcc7680 |    000003D8  C$main.c$ |    000003DB  A$lcc7680
     000003DC  A$lcc7680 |    000003DE  A$lcc7680 |    000003DF  A$lcc7680
     000003E0  A$lcc7680 |    000003E0  C$main.c$ |    000003E1  A$lcc7680
     000003E1  C$main.c$ |    000003E1  XG$update |    000003E3  Fmain$__s
     000003E6  A$lcc7680 |    000003E6  C$main.c$ |    000003E6  C$main.c$
     000003E6  G$update_ |    000003E6  _update_f |    000003E9  A$lcc7680
     000003EA  A$lcc7680 |    000003EC  A$lcc7680 |    000003ED  A$lcc7680
     000003EE  A$lcc7680 |    000003F0  A$lcc7680 |    000003F0  C$main.c$
     000003F3  A$lcc7680 |    000003F4  A$lcc7680 |    000003F5  A$lcc7680
     000003F6  A$lcc7680 |    000003F9  A$lcc7680 |    000003FB  A$lcc7680
     000003FB  C$main.c$ |    000003FC  A$lcc7680 |    000003FC  C$main.c$
     000003FD  A$lcc7680 |    000003FF  A$lcc7680 |    000003FF  C$main.c$
     00000400  A$lcc7680 |    00000401  A$lcc7680 |    00000403  A$lcc7680
     00000404  A$lcc7680 |    00000407  A$lcc7680 |    00000408  A$lcc7680
     00000409  A$lcc7680 |    0000040C  A$lcc7680 |    0000040E  A$lcc7680
     0000040E  C$main.c$ |    0000040E  XG$update |    0000040F  A$lcc7680
     0000040F  C$main.c$ |    0000040F  G$update_ |    0000040F  _update_f
     00000410  A$lcc7680 |    00000413  A$lcc7680 |    00000415  A$lcc7680
     00000416  A$lcc7680 |    00000416  C$main.c$ |    00000419  A$lcc7680
     00000419  C$main.c$ |    0000041B  A$lcc7680 |    0000041C  A$lcc7680
     0000041D  A$lcc7680 |    0000041F  A$lcc7680 |    00000421  A$lcc7680
     00000422  A$lcc7680 |    00000423  A$lcc7680 |    00000425  A$lcc7680
     00000427  A$lcc7680 |    00000428  A$lcc7680 |    0000042A  A$lcc7680
     0000042D  A$lcc7680 |    0000042F  A$lcc7680 |    00000430  A$lcc7680
     00000432  A$lcc7680 |    00000434  A$lcc7680 |    00000437  A$lcc7680
     00000437  C$main.c$ |    00000438  A$lcc7680 |    00000439  A$lcc7680
     0000043C  A$lcc7680 |    0000043D  A$lcc7680 |    00000440  A$lcc7680
     00000441  A$lcc7680 |    00000442  A$lcc7680 |    00000443  A$lcc7680
     00000446  A$lcc7680 |    00000447  A$lcc7680 |    00000448  A$lcc7680
     00000449  A$lcc7680 |    0000044C  A$lcc7680 |    0000044E  A$lcc7680
     0000044F  A$lcc7680 |    00000450  A$lcc7680 |    00000451  A$lcc7680
     00000453  A$lcc7680 |    00000454  A$lcc7680 |    00000457  A$lcc7680
     00000459  A$lcc7680 |    00000459  C$main.c$ |    0000045C  A$lcc7680
     0000045C  C$main.c$ |    0000045D  A$lcc7680 |    0000045F  A$lcc7680
     00000460  A$lcc7680 |    00000463  A$lcc7680 |    00000465  A$lcc7680
     00000466  A$lcc7680 |    00000469  A$lcc7680 |    0000046A  A$lcc7680
     0000046B  A$lcc7680 |    0000046C  A$lcc7680 |    0000046F  A$lcc7680
     00000470  A$lcc7680 |    00000471  A$lcc7680 |    00000472  A$lcc7680
     00000475  A$lcc7680 |    00000477  A$lcc7680 |    00000479  A$lcc7680
     0000047B  A$lcc7680 |    0000047D  A$lcc7680 |    00000480  A$lcc7680
     00000482  A$lcc7680 |    00000485  A$lcc7680 |    00000486  A$lcc7680
ASxxxx Linker V03.00 + NoICE + sdld,  page 6.
Hexadecimal  [32-Bits]

Area                       Addr        Size        Decimal Bytes (Attributes)
--------------------       ----        ----        ------- ----- ------------
_CODE                  00000200    0000229B =        8859. bytes (REL,CON)

        Value  Global            Value  Global            Value  Global    
        -----  ------            -----  ------            -----  ------    
     00000487  A$lcc7680 |    00000488  A$lcc7680 |    00000489  A$lcc7680
     0000048B  A$lcc7680 |    0000048C  A$lcc7680 |    0000048E  A$lcc7680
     0000048F  A$lcc7680 |    00000492  A$lcc7680 |    00000494  A$lcc7680
     00000494  C$main.c$ |    00000496  A$lcc7680 |    00000496  C$main.c$
     00000497  A$lcc7680 |    00000498  A$lcc7680 |    0000049B  A$lcc7680
     0000049C  A$lcc7680 |    0000049F  A$lcc7680 |    000004A0  A$lcc7680
     000004A1  A$lcc7680 |    000004A2  A$lcc7680 |    000004A5  A$lcc7680
     000004A6  A$lcc7680 |    000004A7  A$lcc7680 |    000004A8  A$lcc7680
     000004AB  A$lcc7680 |    000004AD  A$lcc7680 |    000004AE  A$lcc7680
     000004AF  A$lcc7680 |    000004B0  A$lcc7680 |    000004B2  A$lcc7680
     000004B3  A$lcc7680 |    000004B6  A$lcc7680 |    000004B8  A$lcc7680
     000004B8  C$main.c$ |    000004BA  A$lcc7680 |    000004BA  C$main.c$
     000004BB  A$lcc7680 |    000004BC  A$lcc7680 |    000004BF  A$lcc7680
     000004C1  A$lcc7680 |    000004C2  A$lcc7680 |    000004C5  A$lcc7680
     000004C6  A$lcc7680 |    000004C7  A$lcc7680 |    000004C8  A$lcc7680
     000004CB  A$lcc7680 |    000004CC  A$lcc7680 |    000004CD  A$lcc7680
     000004CE  A$lcc7680 |    000004D1  A$lcc7680 |    000004D3  A$lcc7680
     000004D4  A$lcc7680 |    000004D6  A$lcc7680 |    000004D7  A$lcc7680
     000004D8  A$lcc7680 |    000004D9  A$lcc7680 |    000004DB  A$lcc7680
     000004DC  A$lcc7680 |    000004DF  A$lcc7680 |    000004E1  A$lcc7680
     000004E1  C$main.c$ |    000004E2  A$lcc7680 |    000004E2  C$main.c$
     000004E2  XG$update |    000004E3  A$lcc7680 |    000004E3  C$main.c$
     000004E3  C$main.c$ |    000004E3  G$reset_f |    000004E3  _reset_fr
     000004E6  A$lcc7680 |    000004E6  C$main.c$ |    000004E9  A$lcc7680
     000004EB  A$lcc7680 |    000004EB  C$main.c$ |    000004EE  A$lcc7680
     000004F0  A$lcc7680 |    000004F3  A$lcc7680 |    000004F5  A$lcc7680
     000004F5  C$main.c$ |    000004F8  A$lcc7680 |    000004FA  A$lcc7680
     000004FB  A$lcc7680 |    000004FD  A$lcc7680 |    000004FD  C$main.c$
     00000500  A$lcc7680 |    00000501  A$lcc7680 |    00000502  A$lcc7680
     00000504  A$lcc7680 |    00000505  A$lcc7680 |    00000507  A$lcc7680
     00000507  C$main.c$ |    00000508  A$lcc7680 |    0000050B  A$lcc7680
     0000050B  C$main.c$ |    0000050E  A$lcc7680 |    00000510  A$lcc7680
     00000510  C$main.c$ |    00000513  A$lcc7680 |    00000515  A$lcc7680
     00000516  A$lcc7680 |    00000517  A$lcc7680 |    0000051A  A$lcc7680
     0000051B  A$lcc7680 |    0000051E  A$lcc7680 |    0000051F  A$lcc7680
     00000520  A$lcc7680 |    00000521  A$lcc7680 |    00000522  A$lcc7680
     00000525  A$lcc7680 |    00000526  A$lcc7680 |    00000527  A$lcc7680
     00000528  A$lcc7680 |    0000052B  A$lcc7680 |    0000052D  A$lcc7680
     0000052E  A$lcc7680 |    0000052F  A$lcc7680 |    00000530  A$lcc7680
     00000531  A$lcc7680 |    00000532  A$lcc7680 |    00000533  A$lcc7680
     00000534  A$lcc7680 |    00000535  A$lcc7680 |    00000538  A$lcc7680
     0000053A  A$lcc7680 |    0000053A  C$main.c$ |    0000053A  C$main.c$
     0000053A  XG$reset_ |    0000053B  A$lcc7680 |    0000053B  C$main.c$
     0000053B  C$main.c$ |    0000053B  G$reset_t |    0000053B  _reset_ti
     0000053E  A$lcc7680 |    00000540  A$lcc7680 |    00000541  A$lcc7680
     00000543  A$lcc7680 |    00000543  C$main.c$ |    00000546  A$lcc7680
     00000548  A$lcc7680 |    00000548  C$main.c$ |    0000054B  A$lcc7680
     0000054C  A$lcc7680 |    0000054F  A$lcc7680 |    00000550  A$lcc7680
     00000553  A$lcc7680 |    00000554  A$lcc7680 |    00000557  A$lcc7680
     00000559  A$lcc7680 |    00000559  C$main.c$ |    00000559  XG$reset_
     0000055A  A$lcc7680 |    0000055A  C$main.c$ |    0000055A  C$main.c$
ASxxxx Linker V03.00 + NoICE + sdld,  page 7.
Hexadecimal  [32-Bits]

Area                       Addr        Size        Decimal Bytes (Attributes)
--------------------       ----        ----        ------- ----- ------------
_CODE                  00000200    0000229B =        8859. bytes (REL,CON)

        Value  Global            Value  Global            Value  Global    
        -----  ------            -----  ------            -----  ------    
     0000055A  G$frog_de |    0000055A  _frog_dea |    0000055D  A$lcc7680
     0000055E  A$lcc7680 |    0000055F  A$lcc7680 |    00000561  A$lcc7680
     00000561  C$main.c$ |    00000562  A$lcc7680 |    00000563  A$lcc7680
     00000565  A$lcc7680 |    00000565  C$main.c$ |    00000568  A$lcc7680
     0000056A  A$lcc7680 |    0000056A  C$main.c$ |    0000056B  A$lcc7680
     0000056B  C$main.c$ |    0000056E  A$lcc7680 |    0000056E  C$main.c$
     0000056E  C$main.c$ |    0000056E  XG$frog_d |    00000571  A$lcc7680
     00000571  C$main.c$ |    00000571  C$main.c$ |    00000571  G$init_le
     00000571  _init_lev |    00000574  A$lcc7680 |    00000575  A$lcc7680
     00000578  A$lcc7680 |    00000579  A$lcc7680 |    0000057C  A$lcc7680
     0000057E  A$lcc7680 |    0000057E  C$main.c$ |    00000581  A$lcc7680
     00000582  A$lcc7680 |    00000585  A$lcc7680 |    00000586  A$lcc7680
     00000589  A$lcc7680 |    0000058B  A$lcc7680 |    0000058B  C$main.c$
     0000058E  A$lcc7680 |    0000058F  A$lcc7680 |    00000592  A$lcc7680
     00000593  A$lcc7680 |    00000596  A$lcc7680 |    00000598  A$lcc7680
     00000598  C$main.c$ |    0000059B  A$lcc7680 |    0000059C  A$lcc7680
     0000059F  A$lcc7680 |    000005A0  A$lcc7680 |    000005A3  A$lcc7680
     000005A5  A$lcc7680 |    000005A5  C$main.c$ |    000005A8  A$lcc7680
     000005A9  A$lcc7680 |    000005AC  A$lcc7680 |    000005AD  A$lcc7680
     000005B0  A$lcc7680 |    000005B2  A$lcc7680 |    000005B2  C$main.c$
     000005B5  A$lcc7680 |    000005B6  A$lcc7680 |    000005B9  A$lcc7680
     000005BA  A$lcc7680 |    000005BB  A$lcc7680 |    000005BC  A$lcc7680
     000005BD  A$lcc7680 |    000005C0  A$lcc7680 |    000005C2  A$lcc7680
     000005C2  C$main.c$ |    000005C5  A$lcc7680 |    000005C6  A$lcc7680
     000005C8  A$lcc7680 |    000005C9  A$lcc7680 |    000005CA  A$lcc7680
     000005CD  A$lcc7680 |    000005CF  A$lcc7680 |    000005CF  C$main.c$
     000005D2  A$lcc7680 |    000005D4  A$lcc7680 |    000005D4  C$main.c$
     000005D7  A$lcc7680 |    000005D9  A$lcc7680 |    000005DA  A$lcc7680
     000005DC  A$lcc7680 |    000005DC  C$main.c$ |    000005DF  A$lcc7680
     000005E1  A$lcc7680 |    000005E2  A$lcc7680 |    000005E4  A$lcc7680
     000005E4  C$main.c$ |    000005E7  A$lcc7680 |    000005E9  A$lcc7680
     000005E9  C$main.c$ |    000005EA  A$lcc7680 |    000005ED  A$lcc7680
     000005EE  A$lcc7680 |    000005EF  A$lcc7680 |    000005EF  C$main.c$
     000005F2  A$lcc7680 |    000005F2  C$main.c$ |    000005F5  A$lcc7680
     000005F7  A$lcc7680 |    000005F7  C$main.c$ |    000005FA  A$lcc7680
     000005FA  C$main.c$ |    000005FD  A$lcc7680 |    000005FD  C$main.c$
     00000600  A$lcc7680 |    00000600  C$main.c$ |    00000603  A$lcc7680
     00000603  C$main.c$ |    00000603  C$main.c$ |    00000603  XG$init_l
     00000606  A$lcc7680 |    00000606  C$main.c$ |    00000606  G$move_fr
     00000606  _move_fro |    00000607  A$lcc7680 |    00000608  A$lcc7680
     00000608  C$main.c$ |    0000060B  A$lcc7680 |    0000060C  A$lcc7680
     0000060F  A$lcc7680 |    0000060F  C$main.c$ |    00000612  A$lcc7680
     00000613  A$lcc7680 |    00000615  A$lcc7680 |    00000616  A$lcc7680
     00000617  A$lcc7680 |    00000618  A$lcc7680 |    00000619  A$lcc7680
     0000061C  A$lcc7680 |    0000061E  A$lcc7680 |    00000620  A$lcc7680
     00000623  A$lcc7680 |    00000625  A$lcc7680 |    00000628  A$lcc7680
     00000629  A$lcc7680 |    0000062A  A$lcc7680 |    0000062B  A$lcc7680
     0000062C  A$lcc7680 |    0000062D  A$lcc7680 |    00000630  A$lcc7680
     00000631  A$lcc7680 |    00000632  A$lcc7680 |    00000633  A$lcc7680
     00000636  A$lcc7680 |    00000637  A$lcc7680 |    0000063A  A$lcc7680
     0000063B  A$lcc7680 |    0000063E  A$lcc7680 |    0000063F  A$lcc7680
ASxxxx Linker V03.00 + NoICE + sdld,  page 8.
Hexadecimal  [32-Bits]

Area                       Addr        Size        Decimal Bytes (Attributes)
--------------------       ----        ----        ------- ----- ------------
_CODE                  00000200    0000229B =        8859. bytes (REL,CON)

        Value  Global            Value  Global            Value  Global    
        -----  ------            -----  ------            -----  ------    
     00000640  A$lcc7680 |    00000642  A$lcc7680 |    00000644  A$lcc7680
     00000646  A$lcc7680 |    00000646  C$main.c$ |    00000647  A$lcc7680
     00000649  A$lcc7680 |    0000064B  A$lcc7680 |    0000064C  A$lcc7680
     0000064E  A$lcc7680 |    0000064F  A$lcc7680 |    00000652  A$lcc7680
     00000654  A$lcc7680 |    00000655  A$lcc7680 |    00000658  A$lcc7680
     00000659  A$lcc7680 |    0000065A  A$lcc7680 |    0000065B  A$lcc7680
     0000065E  A$lcc7680 |    0000065F  A$lcc7680 |    00000660  A$lcc7680
     00000663  A$lcc7680 |    00000665  A$lcc7680 |    00000667  A$lcc7680
     00000668  A$lcc7680 |    00000669  A$lcc7680 |    0000066A  A$lcc7680
     0000066B  A$lcc7680 |    0000066D  A$lcc7680 |    0000066E  A$lcc7680
     00000671  A$lcc7680 |    00000673  A$lcc7680 |    00000673  C$main.c$
     00000676  A$lcc7680 |    00000676  C$main.c$ |    00000677  A$lcc7680
     00000679  A$lcc7680 |    0000067C  A$lcc7680 |    0000067D  A$lcc7680
     0000067F  A$lcc7680 |    00000680  A$lcc7680 |    00000683  A$lcc7680
     00000685  A$lcc7680 |    00000686  A$lcc7680 |    00000689  A$lcc7680
     0000068A  A$lcc7680 |    0000068B  A$lcc7680 |    0000068C  A$lcc7680
     0000068F  A$lcc7680 |    00000690  A$lcc7680 |    00000691  A$lcc7680
     00000694  A$lcc7680 |    00000696  A$lcc7680 |    00000698  A$lcc7680
     00000699  A$lcc7680 |    0000069B  A$lcc7680 |    0000069C  A$lcc7680
     0000069D  A$lcc7680 |    0000069E  A$lcc7680 |    0000069F  A$lcc7680
     000006A1  A$lcc7680 |    000006A2  A$lcc7680 |    000006A5  A$lcc7680
     000006A7  A$lcc7680 |    000006A7  C$main.c$ |    000006AA  A$lcc7680
     000006AA  C$main.c$ |    000006AD  A$lcc7680 |    000006AE  A$lcc7680
     000006B1  A$lcc7680 |    000006B1  C$main.c$ |    000006B4  A$lcc7680
     000006B5  A$lcc7680 |    000006B6  A$lcc7680 |    000006B7  A$lcc7680
     000006BA  A$lcc7680 |    000006BC  A$lcc7680 |    000006BE  A$lcc7680
     000006C1  A$lcc7680 |    000006C3  A$lcc7680 |    000006C6  A$lcc7680
     000006C7  A$lcc7680 |    000006C8  A$lcc7680 |    000006C9  A$lcc7680
     000006CC  A$lcc7680 |    000006CD  A$lcc7680 |    000006CE  A$lcc7680
     000006CF  A$lcc7680 |    000006D2  A$lcc7680 |    000006D3  A$lcc7680
     000006D6  A$lcc7680 |    000006D7  A$lcc7680 |    000006D9  A$lcc7680
     000006D9  C$main.c$ |    000006D9  C$main.c$ |    000006DA  A$lcc7680
     000006DB  A$lcc7680 |    000006DC  A$lcc7680 |    000006DC  C$main.c$
     000006DD  A$lcc7680 |    000006DE  A$lcc7680 |    000006E0  A$lcc7680
     000006E3  A$lcc7680 |    000006E5  A$lcc7680 |    000006E6  A$lcc7680
     000006E9  A$lcc7680 |    000006EB  A$lcc7680 |    000006EC  A$lcc7680
     000006EF  A$lcc7680 |    000006F0  A$lcc7680 |    000006F1  A$lcc7680
     000006F2  A$lcc7680 |    000006F3  A$lcc7680 |    000006F6  A$lcc7680
     000006F7  A$lcc7680 |    000006F8  A$lcc7680 |    000006F9  A$lcc7680
     000006FC  A$lcc7680 |    000006FE  A$lcc7680 |    00000700  A$lcc7680
     00000701  A$lcc7680 |    00000702  A$lcc7680 |    00000703  A$lcc7680
     00000704  A$lcc7680 |    00000706  A$lcc7680 |    00000707  A$lcc7680
     0000070A  A$lcc7680 |    0000070C  A$lcc7680 |    0000070C  C$main.c$
     0000070E  A$lcc7680 |    0000070E  C$main.c$ |    0000070F  A$lcc7680
     00000711  A$lcc7680 |    00000714  A$lcc7680 |    00000716  A$lcc7680
     00000718  A$lcc7680 |    00000719  A$lcc7680 |    0000071C  A$lcc7680
     0000071E  A$lcc7680 |    0000071F  A$lcc7680 |    00000722  A$lcc7680
     00000723  A$lcc7680 |    00000724  A$lcc7680 |    00000725  A$lcc7680
     00000726  A$lcc7680 |    00000729  A$lcc7680 |    0000072A  A$lcc7680
     0000072B  A$lcc7680 |    0000072C  A$lcc7680 |    0000072F  A$lcc7680
     00000731  A$lcc7680 |    00000733  A$lcc7680 |    00000735  A$lcc7680
ASxxxx Linker V03.00 + NoICE + sdld,  page 9.
Hexadecimal  [32-Bits]

Area                       Addr        Size        Decimal Bytes (Attributes)
--------------------       ----        ----        ------- ----- ------------
_CODE                  00000200    0000229B =        8859. bytes (REL,CON)

        Value  Global            Value  Global            Value  Global    
        -----  ------            -----  ------            -----  ------    
     00000737  A$lcc7680 |    0000073A  A$lcc7680 |    0000073C  A$lcc7680
     0000073F  A$lcc7680 |    00000741  A$lcc7680 |    00000742  A$lcc7680
     00000743  A$lcc7680 |    00000744  A$lcc7680 |    00000745  A$lcc7680
     00000746  A$lcc7680 |    00000748  A$lcc7680 |    00000749  A$lcc7680
     0000074C  A$lcc7680 |    0000074E  A$lcc7680 |    0000074E  C$main.c$
     0000074F  A$lcc7680 |    00000750  A$lcc7680 |    00000750  C$main.c$
     00000750  XG$move_f |    00000751  A$lcc7680 |    00000751  C$main.c$
     00000751  C$main.c$ |    00000751  G$update_ |    00000751  _update_m
     00000754  A$lcc7680 |    00000755  A$lcc7680 |    00000757  A$lcc7680
     00000757  C$main.c$ |    0000075A  A$lcc7680 |    0000075A  C$main.c$
     0000075D  A$lcc7680 |    0000075F  A$lcc7680 |    00000761  A$lcc7680
     00000764  A$lcc7680 |    00000766  A$lcc7680 |    00000769  A$lcc7680
     0000076A  A$lcc7680 |    0000076D  A$lcc7680 |    0000076E  A$lcc7680
     0000076F  A$lcc7680 |    00000770  A$lcc7680 |    00000770  C$main.c$
     00000773  A$lcc7680 |    00000774  A$lcc7680 |    00000776  A$lcc7680
     00000776  C$main.c$ |    00000779  A$lcc7680 |    00000779  C$main.c$
     0000077C  A$lcc7680 |    0000077E  A$lcc7680 |    00000780  A$lcc7680
     00000783  A$lcc7680 |    00000785  A$lcc7680 |    00000788  A$lcc7680
     00000789  A$lcc7680 |    0000078C  A$lcc7680 |    0000078D  A$lcc7680
     0000078E  A$lcc7680 |    0000078F  A$lcc7680 |    0000078F  C$main.c$
     00000792  A$lcc7680 |    00000793  A$lcc7680 |    00000795  A$lcc7680
     00000798  A$lcc7680 |    00000799  A$lcc7680 |    0000079A  A$lcc7680
     0000079A  C$main.c$ |    0000079D  A$lcc7680 |    0000079F  A$lcc7680
     0000079F  C$main.c$ |    000007A2  A$lcc7680 |    000007A3  A$lcc7680
     000007A4  A$lcc7680 |    000007A5  A$lcc7680 |    000007A8  A$lcc7680
     000007A9  A$lcc7680 |    000007AB  A$lcc7680 |    000007AC  A$lcc7680
     000007AD  A$lcc7680 |    000007AE  A$lcc7680 |    000007AF  A$lcc7680
     000007B0  A$lcc7680 |    000007B1  A$lcc7680 |    000007B3  A$lcc7680
     000007B5  A$lcc7680 |    000007B7  A$lcc7680 |    000007B9  A$lcc7680
     000007BA  A$lcc7680 |    000007BC  A$lcc7680 |    000007BE  A$lcc7680
     000007C0  A$lcc7680 |    000007C1  A$lcc7680 |    000007C2  A$lcc7680
     000007C2  C$main.c$ |    000007C5  A$lcc7680 |    000007C6  A$lcc7680
     000007C8  A$lcc7680 |    000007C9  A$lcc7680 |    000007CA  A$lcc7680
     000007CC  A$lcc7680 |    000007CD  A$lcc7680 |    000007CD  C$main.c$
     000007D0  A$lcc7680 |    000007D0  C$main.c$ |    000007D3  A$lcc7680
     000007D6  A$lcc7680 |    000007D6  C$main.c$ |    000007D6  XG$update
     000007D7  A$lcc7680 |    000007D7  C$main.c$ |    000007D7  C$main.c$
     000007D7  G$paralla |    000007D7  _parallax |    000007D9  A$lcc7680
     000007DA  A$lcc7680 |    000007DC  A$lcc7680 |    000007DE  A$lcc7680
     000007E0  A$lcc7680 |    000007E2  A$lcc7680 |    000007E4  A$lcc7680
     000007E6  A$lcc7680 |    000007E8  A$lcc7680 |    000007EA  A$lcc7680
     000007EC  A$lcc7680 |    000007EE  A$lcc7680 |    000007F0  A$lcc7680
     000007F2  A$lcc7680 |    000007F4  A$lcc7680 |    000007F6  A$lcc7680
     000007F8  A$lcc7680 |    000007FA  A$lcc7680 |    000007FC  A$lcc7680
     000007FE  A$lcc7680 |    00000801  A$lcc7680 |    00000803  A$lcc7680
     00000806  A$lcc7680 |    00000808  A$lcc7680 |    0000080B  A$lcc7680
     0000080D  A$lcc7680 |    00000810  A$lcc7680 |    00000811  A$lcc7680
     00000811  C$main.c$ |    00000812  A$lcc7680 |    00000814  A$lcc7680
     00000815  A$lcc7680 |    00000817  A$lcc7680 |    00000817  C$main.c$
     00000819  A$lcc7680 |    0000081B  A$lcc7680 |    0000081B  C$main.c$
     0000081C  A$lcc7680 |    0000081C  C$main.c$ |    0000081F  A$lcc7680
ASxxxx Linker V03.00 + NoICE + sdld,  page 10.
Hexadecimal  [32-Bits]

Area                       Addr        Size        Decimal Bytes (Attributes)
--------------------       ----        ----        ------- ----- ------------
_CODE                  00000200    0000229B =        8859. bytes (REL,CON)

        Value  Global            Value  Global            Value  Global    
        -----  ------            -----  ------            -----  ------    
     00000821  A$lcc7680 |    00000822  A$lcc7680 |    00000824  A$lcc7680
     00000824  C$main.c$ |    00000826  A$lcc7680 |    00000828  A$lcc7680
     00000828  C$main.c$ |    00000829  A$lcc7680 |    00000829  C$main.c$
     0000082C  A$lcc7680 |    0000082E  A$lcc7680 |    0000082F  A$lcc7680
     00000831  A$lcc7680 |    00000831  C$main.c$ |    00000833  A$lcc7680
     00000835  A$lcc7680 |    00000835  C$main.c$ |    00000836  A$lcc7680
     00000836  C$main.c$ |    00000839  A$lcc7680 |    0000083B  A$lcc7680
     0000083C  A$lcc7680 |    0000083E  A$lcc7680 |    0000083E  C$main.c$
     00000840  A$lcc7680 |    00000842  A$lcc7680 |    00000842  C$main.c$
     00000843  A$lcc7680 |    00000843  C$main.c$ |    00000846  A$lcc7680
     00000848  A$lcc7680 |    00000849  A$lcc7680 |    0000084B  A$lcc7680
     0000084B  C$main.c$ |    0000084D  A$lcc7680 |    0000084F  A$lcc7680
     0000084F  C$main.c$ |    00000850  A$lcc7680 |    00000850  C$main.c$
     00000853  A$lcc7680 |    00000855  A$lcc7680 |    00000856  A$lcc7680
     00000858  A$lcc7680 |    00000858  C$main.c$ |    0000085A  A$lcc7680
     0000085C  A$lcc7680 |    0000085C  C$main.c$ |    0000085D  A$lcc7680
     0000085D  C$main.c$ |    0000085E  A$lcc7680 |    00000860  A$lcc7680
     00000861  A$lcc7680 |    00000863  A$lcc7680 |    00000863  C$main.c$
     00000865  A$lcc7680 |    00000867  A$lcc7680 |    00000867  C$main.c$
     00000868  A$lcc7680 |    00000868  C$main.c$ |    0000086B  A$lcc7680
     0000086D  A$lcc7680 |    0000086E  A$lcc7680 |    00000870  A$lcc7680
     00000870  C$main.c$ |    00000872  A$lcc7680 |    00000874  A$lcc7680
     00000874  C$main.c$ |    00000875  A$lcc7680 |    00000875  C$main.c$
     00000878  A$lcc7680 |    0000087A  A$lcc7680 |    0000087B  A$lcc7680
     0000087D  A$lcc7680 |    0000087D  C$main.c$ |    0000087F  A$lcc7680
     00000881  A$lcc7680 |    00000881  C$main.c$ |    00000882  A$lcc7680
     00000882  C$main.c$ |    00000885  A$lcc7680 |    00000887  A$lcc7680
     00000888  A$lcc7680 |    0000088A  A$lcc7680 |    0000088A  C$main.c$
     0000088C  A$lcc7680 |    0000088E  A$lcc7680 |    0000088E  C$main.c$
     0000088F  A$lcc7680 |    0000088F  C$main.c$ |    00000892  A$lcc7680
     00000894  A$lcc7680 |    00000895  A$lcc7680 |    00000897  A$lcc7680
     00000897  C$main.c$ |    00000899  A$lcc7680 |    0000089B  A$lcc7680
     0000089B  C$main.c$ |    0000089C  A$lcc7680 |    0000089C  C$main.c$
     0000089F  A$lcc7680 |    000008A1  A$lcc7680 |    000008A2  A$lcc7680
     000008A4  A$lcc7680 |    000008A4  C$main.c$ |    000008A6  A$lcc7680
     000008A8  A$lcc7680 |    000008A8  C$main.c$ |    000008A9  A$lcc7680
     000008A9  C$main.c$ |    000008AA  A$lcc7680 |    000008AC  A$lcc7680
     000008AD  A$lcc7680 |    000008AF  A$lcc7680 |    000008AF  C$main.c$
     000008B0  A$lcc7680 |    000008B2  A$lcc7680 |    000008B2  C$main.c$
     000008B2  C$main.c$ |    000008B2  XG$parall |    000008B3  A$lcc7680
     000008B3  C$main.c$ |    000008B3  G$scroll_ |    000008B3  _scroll_c
     000008B4  A$lcc7680 |    000008B4  C$main.c$ |    000008B7  A$lcc7680
     000008B8  A$lcc7680 |    000008BA  A$lcc7680 |    000008BD  A$lcc7680
     000008BE  A$lcc7680 |    000008BF  A$lcc7680 |    000008C2  A$lcc7680
     000008C4  A$lcc7680 |    000008C5  A$lcc7680 |    000008C6  A$lcc7680
     000008C7  A$lcc7680 |    000008C9  A$lcc7680 |    000008C9  C$main.c$
     000008CC  A$lcc7680 |    000008CD  A$lcc7680 |    000008CE  A$lcc7680
     000008CF  A$lcc7680 |    000008CF  C$main.c$ |    000008D0  A$lcc7680
     000008D1  A$lcc7680 |    000008D2  A$lcc7680 |    000008D3  A$lcc7680
     000008D4  A$lcc7680 |    000008D5  A$lcc7680 |    000008D5  C$main.c$
     000008D6  A$lcc7680 |    000008D7  A$lcc7680 |    000008D8  A$lcc7680
ASxxxx Linker V03.00 + NoICE + sdld,  page 11.
Hexadecimal  [32-Bits]

Area                       Addr        Size        Decimal Bytes (Attributes)
--------------------       ----        ----        ------- ----- ------------
_CODE                  00000200    0000229B =        8859. bytes (REL,CON)

        Value  Global            Value  Global            Value  Global    
        -----  ------            -----  ------            -----  ------    
     000008D9  A$lcc7680 |    000008DA  A$lcc7680 |    000008DB  A$lcc7680
     000008DC  A$lcc7680 |    000008DC  C$main.c$ |    000008DF  A$lcc7680
     000008E0  A$lcc7680 |    000008E2  A$lcc7680 |    000008E5  A$lcc7680
     000008E6  A$lcc7680 |    000008E6  C$main.c$ |    000008E6  C$main.c$
     000008E7  A$lcc7680 |    000008E9  A$lcc7680 |    000008E9  C$main.c$
     000008EC  A$lcc7680 |    000008ED  A$lcc7680 |    000008EE  A$lcc7680
     000008EF  A$lcc7680 |    000008F0  A$lcc7680 |    000008F3  A$lcc7680
     000008F4  A$lcc7680 |    000008F5  A$lcc7680 |    000008F6  A$lcc7680
     000008F6  C$main.c$ |    000008F9  A$lcc7680 |    000008F9  C$main.c$
     000008FC  A$lcc7680 |    000008FE  A$lcc7680 |    00000900  A$lcc7680
     00000900  C$main.c$ |    00000903  A$lcc7680 |    00000904  A$lcc7680
     00000905  A$lcc7680 |    00000906  A$lcc7680 |    00000907  A$lcc7680
     0000090A  A$lcc7680 |    0000090B  A$lcc7680 |    0000090C  A$lcc7680
     0000090D  A$lcc7680 |    0000090D  C$main.c$ |    00000910  A$lcc7680
     00000910  C$main.c$ |    00000913  A$lcc7680 |    00000914  A$lcc7680
     00000916  A$lcc7680 |    00000919  A$lcc7680 |    0000091A  A$lcc7680
     0000091B  A$lcc7680 |    0000091E  A$lcc7680 |    00000920  A$lcc7680
     00000921  A$lcc7680 |    00000922  A$lcc7680 |    00000923  A$lcc7680
     00000925  A$lcc7680 |    00000925  C$main.c$ |    00000928  A$lcc7680
     00000929  A$lcc7680 |    0000092A  A$lcc7680 |    0000092B  A$lcc7680
     0000092B  C$main.c$ |    0000092E  A$lcc7680 |    0000092F  A$lcc7680
     00000931  A$lcc7680 |    00000931  C$main.c$ |    00000934  A$lcc7680
     00000935  A$lcc7680 |    00000936  A$lcc7680 |    00000937  A$lcc7680
     00000938  A$lcc7680 |    0000093B  A$lcc7680 |    0000093C  A$lcc7680
     0000093D  A$lcc7680 |    0000093E  A$lcc7680 |    00000941  A$lcc7680
     00000943  A$lcc7680 |    00000944  A$lcc7680 |    00000947  A$lcc7680
     00000948  A$lcc7680 |    00000949  A$lcc7680 |    0000094A  A$lcc7680
     0000094D  A$lcc7680 |    0000094E  A$lcc7680 |    0000094F  A$lcc7680
     00000950  A$lcc7680 |    00000953  A$lcc7680 |    00000955  A$lcc7680
     00000957  A$lcc7680 |    00000958  A$lcc7680 |    00000959  A$lcc7680
     0000095A  A$lcc7680 |    0000095B  A$lcc7680 |    0000095D  A$lcc7680
     0000095E  A$lcc7680 |    00000961  A$lcc7680 |    00000963  A$lcc7680
     00000963  C$main.c$ |    00000963  C$main.c$ |    00000966  A$lcc7680
     00000967  A$lcc7680 |    00000969  A$lcc7680 |    00000969  C$main.c$
     0000096C  A$lcc7680 |    0000096E  A$lcc7680 |    00000970  A$lcc7680
     00000970  C$main.c$ |    00000973  A$lcc7680 |    00000974  A$lcc7680
     00000975  A$lcc7680 |    00000976  A$lcc7680 |    00000977  A$lcc7680
     0000097A  A$lcc7680 |    0000097B  A$lcc7680 |    0000097C  A$lcc7680
     0000097D  A$lcc7680 |    0000097D  C$main.c$ |    00000980  A$lcc7680
     00000980  C$main.c$ |    00000983  A$lcc7680 |    00000985  A$lcc7680
     00000987  A$lcc7680 |    00000987  C$main.c$ |    0000098A  A$lcc7680
     0000098B  A$lcc7680 |    0000098C  A$lcc7680 |    0000098D  A$lcc7680
     0000098D  C$main.c$ |    00000990  A$lcc7680 |    00000991  A$lcc7680
     00000992  A$lcc7680 |    00000993  A$lcc7680 |    00000993  C$main.c$
     00000996  A$lcc7680 |    00000997  A$lcc7680 |    00000998  A$lcc7680
     00000999  A$lcc7680 |    00000999  C$main.c$ |    0000099C  A$lcc7680
     0000099D  A$lcc7680 |    0000099E  A$lcc7680 |    0000099F  A$lcc7680
     0000099F  C$main.c$ |    000009A2  A$lcc7680 |    000009A3  A$lcc7680
     000009A5  A$lcc7680 |    000009A5  C$main.c$ |    000009A8  A$lcc7680
     000009AA  A$lcc7680 |    000009AC  A$lcc7680 |    000009AC  C$main.c$
     000009AF  A$lcc7680 |    000009B0  A$lcc7680 |    000009B1  A$lcc7680
ASxxxx Linker V03.00 + NoICE + sdld,  page 12.
Hexadecimal  [32-Bits]

Area                       Addr        Size        Decimal Bytes (Attributes)
--------------------       ----        ----        ------- ----- ------------
_CODE                  00000200    0000229B =        8859. bytes (REL,CON)

        Value  Global            Value  Global            Value  Global    
        -----  ------            -----  ------            -----  ------    
     000009B2  A$lcc7680 |    000009B3  A$lcc7680 |    000009B6  A$lcc7680
     000009B7  A$lcc7680 |    000009B8  A$lcc7680 |    000009B9  A$lcc7680
     000009B9  C$main.c$ |    000009BC  A$lcc7680 |    000009BC  C$main.c$
     000009BF  A$lcc7680 |    000009C0  A$lcc7680 |    000009C2  A$lcc7680
     000009C5  A$lcc7680 |    000009C6  A$lcc7680 |    000009C7  A$lcc7680
     000009CA  A$lcc7680 |    000009CC  A$lcc7680 |    000009CD  A$lcc7680
     000009CE  A$lcc7680 |    000009D0  A$lcc7680 |    000009D0  C$main.c$
     000009D3  A$lcc7680 |    000009D4  A$lcc7680 |    000009D5  A$lcc7680
     000009D6  A$lcc7680 |    000009D6  C$main.c$ |    000009D9  A$lcc7680
     000009DA  A$lcc7680 |    000009DB  A$lcc7680 |    000009DC  A$lcc7680
     000009DC  C$main.c$ |    000009DF  A$lcc7680 |    000009E0  A$lcc7680
     000009E1  A$lcc7680 |    000009E1  C$main.c$ |    000009E1  XG$scroll
     000009E2  A$lcc7680 |    000009E2  C$main.c$ |    000009E2  G$drain_t
     000009E2  _drain_ti |    000009E3  A$lcc7680 |    000009E4  A$lcc7680
     000009E4  C$main.c$ |    000009E7  A$lcc7680 |    000009E8  A$lcc7680
     000009EA  A$lcc7680 |    000009EB  A$lcc7680 |    000009ED  A$lcc7680
     000009EF  A$lcc7680 |    000009F0  A$lcc7680 |    000009F0  C$main.c$
     000009F1  A$lcc7680 |    000009F2  A$lcc7680 |    000009F4  A$lcc7680
     000009F6  A$lcc7680 |    000009F9  A$lcc7680 |    000009FA  A$lcc7680
     000009FC  A$lcc7680 |    000009FE  A$lcc7680 |    00000A00  A$lcc7680
     00000A02  A$lcc7680 |    00000A04  A$lcc7680 |    00000A06  A$lcc7680
     00000A07  A$lcc7680 |    00000A07  C$main.c$ |    00000A09  A$lcc7680
     00000A0A  A$lcc7680 |    00000A0C  A$lcc7680 |    00000A0D  A$lcc7680
     00000A10  A$lcc7680 |    00000A11  A$lcc7680 |    00000A12  A$lcc7680
     00000A12  C$main.c$ |    00000A15  A$lcc7680 |    00000A16  A$lcc7680
     00000A19  A$lcc7680 |    00000A1A  A$lcc7680 |    00000A1C  A$lcc7680
     00000A1D  A$lcc7680 |    00000A20  A$lcc7680 |    00000A21  A$lcc7680
     00000A22  A$lcc7680 |    00000A23  A$lcc7680 |    00000A24  A$lcc7680
     00000A27  A$lcc7680 |    00000A28  A$lcc7680 |    00000A29  A$lcc7680
     00000A2A  A$lcc7680 |    00000A2B  A$lcc7680 |    00000A2C  A$lcc7680
     00000A2D  A$lcc7680 |    00000A2E  A$lcc7680 |    00000A31  A$lcc7680
     00000A32  A$lcc7680 |    00000A33  A$lcc7680 |    00000A33  C$main.c$
     00000A35  A$lcc7680 |    00000A36  A$lcc7680 |    00000A38  A$lcc7680
     00000A3A  A$lcc7680 |    00000A3B  A$lcc7680 |    00000A3D  A$lcc7680
     00000A3E  A$lcc7680 |    00000A3F  A$lcc7680 |    00000A41  A$lcc7680
     00000A42  A$lcc7680 |    00000A43  A$lcc7680 |    00000A45  A$lcc7680
     00000A46  A$lcc7680 |    00000A47  A$lcc7680 |    00000A49  A$lcc7680
     00000A49  C$main.c$ |    00000A4B  A$lcc7680 |    00000A4C  A$lcc7680
     00000A4E  A$lcc7680 |    00000A4F  A$lcc7680 |    00000A51  A$lcc7680
     00000A52  A$lcc7680 |    00000A53  A$lcc7680 |    00000A54  A$lcc7680
     00000A55  A$lcc7680 |    00000A58  A$lcc7680 |    00000A5A  A$lcc7680
     00000A5A  C$main.c$ |    00000A5D  A$lcc7680 |    00000A5E  A$lcc7680
     00000A5E  C$main.c$ |    00000A61  A$lcc7680 |    00000A62  A$lcc7680
     00000A64  A$lcc7680 |    00000A65  A$lcc7680 |    00000A66  A$lcc7680
     00000A68  A$lcc7680 |    00000A69  A$lcc7680 |    00000A69  C$main.c$
     00000A6C  A$lcc7680 |    00000A6C  C$main.c$ |    00000A6F  A$lcc7680
     00000A70  A$lcc7680 |    00000A72  A$lcc7680 |    00000A73  A$lcc7680
     00000A74  A$lcc7680 |    00000A74  C$main.c$ |    00000A76  A$lcc7680
     00000A77  A$lcc7680 |    00000A79  A$lcc7680 |    00000A7B  A$lcc7680
     00000A7B  C$main.c$ |    00000A7E  A$lcc7680 |    00000A80  A$lcc7680
     00000A80  C$main.c$ |    00000A83  A$lcc7680 |    00000A85  A$lcc7680
ASxxxx Linker V03.00 + NoICE + sdld,  page 13.
Hexadecimal  [32-Bits]

Area                       Addr        Size        Decimal Bytes (Attributes)
--------------------       ----        ----        ------- ----- ------------
_CODE                  00000200    0000229B =        8859. bytes (REL,CON)

        Value  Global            Value  Global            Value  Global    
        -----  ------            -----  ------            -----  ------    
     00000A86  A$lcc7680 |    00000A87  A$lcc7680 |    00000A87  C$main.c$
     00000A87  XG$drain_ |    00000A88  A$lcc7680 |    00000A88  C$main.c$
     00000A88  G$reload_ |    00000A88  _reload_t |    00000A89  A$lcc7680
     00000A8A  A$lcc7680 |    00000A8A  C$main.c$ |    00000A8D  A$lcc7680
     00000A8E  A$lcc7680 |    00000A90  A$lcc7680 |    00000A91  A$lcc7680
     00000A93  A$lcc7680 |    00000A95  A$lcc7680 |    00000A96  A$lcc7680
     00000A96  C$main.c$ |    00000A97  A$lcc7680 |    00000A98  A$lcc7680
     00000A9A  A$lcc7680 |    00000A9C  A$lcc7680 |    00000A9F  A$lcc7680
     00000AA0  A$lcc7680 |    00000AA2  A$lcc7680 |    00000AA4  A$lcc7680
     00000AA6  A$lcc7680 |    00000AA8  A$lcc7680 |    00000AAA  A$lcc7680
     00000AAC  A$lcc7680 |    00000AAC  C$main.c$ |    00000AAE  A$lcc7680
     00000AAF  A$lcc7680 |    00000AB0  A$lcc7680 |    00000AB2  A$lcc7680
     00000AB3  A$lcc7680 |    00000AB6  A$lcc7680 |    00000AB7  A$lcc7680
     00000AB8  A$lcc7680 |    00000AB8  C$main.c$ |    00000ABB  A$lcc7680
     00000ABC  A$lcc7680 |    00000ABF  A$lcc7680 |    00000AC0  A$lcc7680
     00000AC2  A$lcc7680 |    00000AC2  C$main.c$ |    00000AC3  A$lcc7680
     00000AC4  A$lcc7680 |    00000AC5  A$lcc7680 |    00000AC7  A$lcc7680
     00000AC9  A$lcc7680 |    00000ACA  A$lcc7680 |    00000ACB  A$lcc7680
     00000ACC  A$lcc7680 |    00000ACD  A$lcc7680 |    00000ACE  A$lcc7680
     00000ACF  A$lcc7680 |    00000AD1  A$lcc7680 |    00000AD2  A$lcc7680
     00000AD3  A$lcc7680 |    00000AD5  A$lcc7680 |    00000AD6  A$lcc7680
     00000AD7  A$lcc7680 |    00000AD9  A$lcc7680 |    00000AD9  C$main.c$
     00000ADB  A$lcc7680 |    00000ADC  A$lcc7680 |    00000ADE  A$lcc7680
     00000ADF  A$lcc7680 |    00000AE0  A$lcc7680 |    00000AE2  A$lcc7680
     00000AE3  A$lcc7680 |    00000AE4  A$lcc7680 |    00000AE5  A$lcc7680
     00000AE6  A$lcc7680 |    00000AE9  A$lcc7680 |    00000AEB  A$lcc7680
     00000AEB  C$main.c$ |    00000AEE  A$lcc7680 |    00000AEF  A$lcc7680
     00000AEF  C$main.c$ |    00000AF1  A$lcc7680 |    00000AF2  A$lcc7680
     00000AF4  A$lcc7680 |    00000AF6  A$lcc7680 |    00000AF6  C$main.c$
     00000AF9  A$lcc7680 |    00000AF9  C$main.c$ |    00000AFC  A$lcc7680
     00000AFC  C$main.c$ |    00000AFF  A$lcc7680 |    00000B01  A$lcc7680
     00000B02  A$lcc7680 |    00000B03  A$lcc7680 |    00000B03  C$main.c$
     00000B03  XG$reload |    00000B04  A$lcc7680 |    00000B04  C$main.c$
     00000B04  G$win_che |    00000B04  _win_chec |    00000B06  A$lcc7680
     00000B06  C$main.c$ |    00000B08  A$lcc7680 |    00000B09  A$lcc7680
     00000B0B  A$lcc7680 |    00000B0C  A$lcc7680 |    00000B0D  A$lcc7680
     00000B0E  A$lcc7680 |    00000B0F  A$lcc7680 |    00000B10  A$lcc7680
     00000B11  A$lcc7680 |    00000B14  A$lcc7680 |    00000B15  A$lcc7680
     00000B16  A$lcc7680 |    00000B17  A$lcc7680 |    00000B19  A$lcc7680
     00000B1A  A$lcc7680 |    00000B1B  A$lcc7680 |    00000B1C  A$lcc7680
     00000B1E  A$lcc7680 |    00000B1F  A$lcc7680 |    00000B20  A$lcc7680
     00000B21  A$lcc7680 |    00000B22  A$lcc7680 |    00000B24  A$lcc7680
     00000B26  A$lcc7680 |    00000B27  A$lcc7680 |    00000B28  A$lcc7680
     00000B29  A$lcc7680 |    00000B2A  A$lcc7680 |    00000B2B  A$lcc7680
     00000B2C  A$lcc7680 |    00000B2F  A$lcc7680 |    00000B30  A$lcc7680
     00000B31  A$lcc7680 |    00000B32  A$lcc7680 |    00000B33  A$lcc7680
     00000B34  A$lcc7680 |    00000B35  A$lcc7680 |    00000B37  A$lcc7680
     00000B39  A$lcc7680 |    00000B3A  A$lcc7680 |    00000B3C  A$lcc7680
     00000B3D  A$lcc7680 |    00000B3F  A$lcc7680 |    00000B40  A$lcc7680
     00000B42  A$lcc7680 |    00000B43  A$lcc7680 |    00000B45  A$lcc7680
     00000B46  A$lcc7680 |    00000B48  A$lcc7680 |    00000B48  C$main.c$
ASxxxx Linker V03.00 + NoICE + sdld,  page 14.
Hexadecimal  [32-Bits]

Area                       Addr        Size        Decimal Bytes (Attributes)
--------------------       ----        ----        ------- ----- ------------
_CODE                  00000200    0000229B =        8859. bytes (REL,CON)

        Value  Global            Value  Global            Value  Global    
        -----  ------            -----  ------            -----  ------    
     00000B4A  A$lcc7680 |    00000B4B  A$lcc7680 |    00000B4D  A$lcc7680
     00000B4E  A$lcc7680 |    00000B4F  A$lcc7680 |    00000B50  A$lcc7680
     00000B51  A$lcc7680 |    00000B52  A$lcc7680 |    00000B53  A$lcc7680
     00000B56  A$lcc7680 |    00000B57  A$lcc7680 |    00000B58  A$lcc7680
     00000B59  A$lcc7680 |    00000B5B  A$lcc7680 |    00000B5C  A$lcc7680
     00000B5D  A$lcc7680 |    00000B5E  A$lcc7680 |    00000B60  A$lcc7680
     00000B61  A$lcc7680 |    00000B62  A$lcc7680 |    00000B63  A$lcc7680
     00000B64  A$lcc7680 |    00000B66  A$lcc7680 |    00000B68  A$lcc7680
     00000B6A  A$lcc7680 |    00000B6B  A$lcc7680 |    00000B6C  A$lcc7680
     00000B6D  A$lcc7680 |    00000B70  A$lcc7680 |    00000B71  A$lcc7680
     00000B72  A$lcc7680 |    00000B73  A$lcc7680 |    00000B75  A$lcc7680
     00000B77  A$lcc7680 |    00000B79  A$lcc7680 |    00000B7B  A$lcc7680
     00000B7D  A$lcc7680 |    00000B7F  A$lcc7680 |    00000B7F  C$main.c$
     00000B81  A$lcc7680 |    00000B82  A$lcc7680 |    00000B83  A$lcc7680
     00000B84  A$lcc7680 |    00000B87  A$lcc7680 |    00000B88  A$lcc7680
     00000B89  A$lcc7680 |    00000B8A  A$lcc7680 |    00000B8C  A$lcc7680
     00000B8D  A$lcc7680 |    00000B8E  A$lcc7680 |    00000B8F  A$lcc7680
     00000B91  A$lcc7680 |    00000B92  A$lcc7680 |    00000B93  A$lcc7680
     00000B94  A$lcc7680 |    00000B95  A$lcc7680 |    00000B96  A$lcc7680
     00000B97  A$lcc7680 |    00000B98  A$lcc7680 |    00000B99  A$lcc7680
     00000B9B  A$lcc7680 |    00000B9D  A$lcc7680 |    00000B9E  A$lcc7680
     00000B9F  A$lcc7680 |    00000BA0  A$lcc7680 |    00000BA1  A$lcc7680
     00000BA2  A$lcc7680 |    00000BA3  A$lcc7680 |    00000BA6  A$lcc7680
     00000BA7  A$lcc7680 |    00000BA8  A$lcc7680 |    00000BA9  A$lcc7680
     00000BAB  A$lcc7680 |    00000BAC  A$lcc7680 |    00000BAD  A$lcc7680
     00000BAE  A$lcc7680 |    00000BB0  A$lcc7680 |    00000BB1  A$lcc7680
     00000BB3  A$lcc7680 |    00000BB4  A$lcc7680 |    00000BB5  A$lcc7680
     00000BB6  A$lcc7680 |    00000BB8  A$lcc7680 |    00000BBA  A$lcc7680
     00000BBC  A$lcc7680 |    00000BBE  A$lcc7680 |    00000BC0  A$lcc7680
     00000BC2  A$lcc7680 |    00000BC2  C$main.c$ |    00000BC4  A$lcc7680
     00000BC5  A$lcc7680 |    00000BC7  A$lcc7680 |    00000BC8  A$lcc7680
     00000BCA  A$lcc7680 |    00000BCB  A$lcc7680 |    00000BCD  A$lcc7680
     00000BCE  A$lcc7680 |    00000BD0  A$lcc7680 |    00000BD2  A$lcc7680
     00000BD4  A$lcc7680 |    00000BD5  A$lcc7680 |    00000BD7  A$lcc7680
     00000BD8  A$lcc7680 |    00000BDA  A$lcc7680 |    00000BDB  A$lcc7680
     00000BDC  A$lcc7680 |    00000BDD  A$lcc7680 |    00000BDE  A$lcc7680
     00000BDF  A$lcc7680 |    00000BE0  A$lcc7680 |    00000BE0  C$main.c$
     00000BE2  A$lcc7680 |    00000BE3  A$lcc7680 |    00000BE4  A$lcc7680
     00000BE5  A$lcc7680 |    00000BE6  A$lcc7680 |    00000BE7  A$lcc7680
     00000BE8  A$lcc7680 |    00000BE8  C$main.c$ |    00000BEB  A$lcc7680
     00000BEC  A$lcc7680 |    00000BED  A$lcc7680 |    00000BF0  A$lcc7680
     00000BF1  A$lcc7680 |    00000BF2  A$lcc7680 |    00000BF3  A$lcc7680
     00000BF5  A$lcc7680 |    00000BF6  A$lcc7680 |    00000BF7  A$lcc7680
     00000BF9  A$lcc7680 |    00000BF9  C$main.c$ |    00000BFC  A$lcc7680
     00000BFD  A$lcc7680 |    00000C00  A$lcc7680 |    00000C01  A$lcc7680
     00000C04  A$lcc7680 |    00000C05  A$lcc7680 |    00000C08  A$lcc7680
     00000C0A  A$lcc7680 |    00000C0A  C$main.c$ |    00000C0D  A$lcc7680
     00000C0F  A$lcc7680 |    00000C12  A$lcc7680 |    00000C13  A$lcc7680
     00000C14  A$lcc7680 |    00000C15  A$lcc7680 |    00000C18  A$lcc7680
     00000C19  A$lcc7680 |    00000C1A  A$lcc7680 |    00000C1B  A$lcc7680
     00000C1C  A$lcc7680 |    00000C1D  A$lcc7680 |    00000C1E  A$lcc7680
ASxxxx Linker V03.00 + NoICE + sdld,  page 15.
Hexadecimal  [32-Bits]

Area                       Addr        Size        Decimal Bytes (Attributes)
--------------------       ----        ----        ------- ----- ------------
_CODE                  00000200    0000229B =        8859. bytes (REL,CON)

        Value  Global            Value  Global            Value  Global    
        -----  ------            -----  ------            -----  ------    
     00000C21  A$lcc7680 |    00000C22  A$lcc7680 |    00000C22  C$main.c$
     00000C25  A$lcc7680 |    00000C25  C$main.c$ |    00000C26  A$lcc7680
     00000C28  A$lcc7680 |    00000C2A  A$lcc7680 |    00000C2B  A$lcc7680
     00000C2D  A$lcc7680 |    00000C2F  A$lcc7680 |    00000C2F  C$main.c$
     00000C32  A$lcc7680 |    00000C33  A$lcc7680 |    00000C36  A$lcc7680
     00000C37  A$lcc7680 |    00000C3A  A$lcc7680 |    00000C3B  A$lcc7680
     00000C3E  A$lcc7680 |    00000C40  A$lcc7680 |    00000C40  C$main.c$
     00000C43  A$lcc7680 |    00000C45  A$lcc7680 |    00000C48  A$lcc7680
     00000C49  A$lcc7680 |    00000C4A  A$lcc7680 |    00000C4B  A$lcc7680
     00000C4E  A$lcc7680 |    00000C4F  A$lcc7680 |    00000C50  A$lcc7680
     00000C51  A$lcc7680 |    00000C52  A$lcc7680 |    00000C53  A$lcc7680
     00000C54  A$lcc7680 |    00000C57  A$lcc7680 |    00000C58  A$lcc7680
     00000C58  C$main.c$ |    00000C5B  A$lcc7680 |    00000C5B  C$main.c$
     00000C5C  A$lcc7680 |    00000C5E  A$lcc7680 |    00000C60  A$lcc7680
     00000C61  A$lcc7680 |    00000C63  A$lcc7680 |    00000C65  A$lcc7680
     00000C65  C$main.c$ |    00000C68  A$lcc7680 |    00000C69  A$lcc7680
     00000C6C  A$lcc7680 |    00000C6D  A$lcc7680 |    00000C70  A$lcc7680
     00000C71  A$lcc7680 |    00000C74  A$lcc7680 |    00000C76  A$lcc7680
     00000C76  C$main.c$ |    00000C79  A$lcc7680 |    00000C7B  A$lcc7680
     00000C7E  A$lcc7680 |    00000C7F  A$lcc7680 |    00000C80  A$lcc7680
     00000C81  A$lcc7680 |    00000C84  A$lcc7680 |    00000C85  A$lcc7680
     00000C86  A$lcc7680 |    00000C87  A$lcc7680 |    00000C88  A$lcc7680
     00000C89  A$lcc7680 |    00000C8A  A$lcc7680 |    00000C8D  A$lcc7680
     00000C8E  A$lcc7680 |    00000C8E  C$main.c$ |    00000C90  A$lcc7680
     00000C90  C$main.c$ |    00000C91  A$lcc7680 |    00000C93  A$lcc7680
     00000C95  A$lcc7680 |    00000C96  A$lcc7680 |    00000C98  A$lcc7680
     00000C9A  A$lcc7680 |    00000C9A  C$main.c$ |    00000C9D  A$lcc7680
     00000C9E  A$lcc7680 |    00000CA1  A$lcc7680 |    00000CA2  A$lcc7680
     00000CA5  A$lcc7680 |    00000CA6  A$lcc7680 |    00000CA9  A$lcc7680
     00000CAB  A$lcc7680 |    00000CAB  C$main.c$ |    00000CAE  A$lcc7680
     00000CB0  A$lcc7680 |    00000CB3  A$lcc7680 |    00000CB4  A$lcc7680
     00000CB5  A$lcc7680 |    00000CB6  A$lcc7680 |    00000CB9  A$lcc7680
     00000CBA  A$lcc7680 |    00000CBB  A$lcc7680 |    00000CBC  A$lcc7680
     00000CBD  A$lcc7680 |    00000CBE  A$lcc7680 |    00000CBF  A$lcc7680
     00000CC2  A$lcc7680 |    00000CC3  A$lcc7680 |    00000CC3  C$main.c$
     00000CC5  A$lcc7680 |    00000CC5  C$main.c$ |    00000CC6  A$lcc7680
     00000CC8  A$lcc7680 |    00000CCA  A$lcc7680 |    00000CCB  A$lcc7680
     00000CCD  A$lcc7680 |    00000CCF  A$lcc7680 |    00000CCF  C$main.c$
     00000CD2  A$lcc7680 |    00000CD3  A$lcc7680 |    00000CD6  A$lcc7680
     00000CD7  A$lcc7680 |    00000CDA  A$lcc7680 |    00000CDB  A$lcc7680
     00000CDE  A$lcc7680 |    00000CE0  A$lcc7680 |    00000CE0  C$main.c$
     00000CE3  A$lcc7680 |    00000CE5  A$lcc7680 |    00000CE8  A$lcc7680
     00000CE9  A$lcc7680 |    00000CEA  A$lcc7680 |    00000CEB  A$lcc7680
     00000CEE  A$lcc7680 |    00000CEF  A$lcc7680 |    00000CF0  A$lcc7680
     00000CF1  A$lcc7680 |    00000CF2  A$lcc7680 |    00000CF3  A$lcc7680
     00000CF4  A$lcc7680 |    00000CF7  A$lcc7680 |    00000CF8  A$lcc7680
     00000CF8  C$main.c$ |    00000CFA  A$lcc7680 |    00000CFA  C$main.c$
     00000CFD  A$lcc7680 |    00000CFF  A$lcc7680 |    00000CFF  C$main.c$
     00000CFF  XG$win_ch |    00000D00  A$lcc7680 |    00000D00  C$main.c$
     00000D00  G$collide |    00000D00  _collide_ |    00000D02  A$lcc7680
     00000D02  C$main.c$ |    00000D05  A$lcc7680 |    00000D06  A$lcc7680
ASxxxx Linker V03.00 + NoICE + sdld,  page 16.
Hexadecimal  [32-Bits]

Area                       Addr        Size        Decimal Bytes (Attributes)
--------------------       ----        ----        ------- ----- ------------
_CODE                  00000200    0000229B =        8859. bytes (REL,CON)

        Value  Global            Value  Global            Value  Global    
        -----  ------            -----  ------            -----  ------    
     00000D07  A$lcc7680 |    00000D08  A$lcc7680 |    00000D09  A$lcc7680
     00000D0B  A$lcc7680 |    00000D0C  A$lcc7680 |    00000D0D  A$lcc7680
     00000D0E  A$lcc7680 |    00000D0F  A$lcc7680 |    00000D11  A$lcc7680
     00000D13  A$lcc7680 |    00000D13  C$main.c$ |    00000D15  A$lcc7680
     00000D17  A$lcc7680 |    00000D17  C$main.c$ |    00000D19  A$lcc7680
     00000D1B  A$lcc7680 |    00000D1D  A$lcc7680 |    00000D1D  C$main.c$
     00000D1F  A$lcc7680 |    00000D21  A$lcc7680 |    00000D21  C$main.c$
     00000D23  A$lcc7680 |    00000D25  A$lcc7680 |    00000D25  C$main.c$
     00000D27  A$lcc7680 |    00000D28  A$lcc7680 |    00000D2A  A$lcc7680
     00000D2B  A$lcc7680 |    00000D2C  A$lcc7680 |    00000D2D  A$lcc7680
     00000D2E  A$lcc7680 |    00000D2F  A$lcc7680 |    00000D30  A$lcc7680
     00000D33  A$lcc7680 |    00000D34  A$lcc7680 |    00000D35  A$lcc7680
     00000D36  A$lcc7680 |    00000D38  A$lcc7680 |    00000D39  A$lcc7680
     00000D3A  A$lcc7680 |    00000D3B  A$lcc7680 |    00000D3D  A$lcc7680
     00000D3E  A$lcc7680 |    00000D3F  A$lcc7680 |    00000D40  A$lcc7680
     00000D41  A$lcc7680 |    00000D43  A$lcc7680 |    00000D45  A$lcc7680
     00000D46  A$lcc7680 |    00000D47  A$lcc7680 |    00000D48  A$lcc7680
     00000D49  A$lcc7680 |    00000D4A  A$lcc7680 |    00000D4B  A$lcc7680
     00000D4E  A$lcc7680 |    00000D4F  A$lcc7680 |    00000D50  A$lcc7680
     00000D51  A$lcc7680 |    00000D53  A$lcc7680 |    00000D55  A$lcc7680
     00000D57  A$lcc7680 |    00000D59  A$lcc7680 |    00000D5B  A$lcc7680
     00000D5D  A$lcc7680 |    00000D5D  C$main.c$ |    00000D60  A$lcc7680
     00000D61  A$lcc7680 |    00000D62  A$lcc7680 |    00000D63  A$lcc7680
     00000D64  A$lcc7680 |    00000D65  A$lcc7680 |    00000D66  A$lcc7680
     00000D67  A$lcc7680 |    00000D68  A$lcc7680 |    00000D68  C$main.c$
     00000D69  A$lcc7680 |    00000D6B  A$lcc7680 |    00000D6C  A$lcc7680
     00000D6D  A$lcc7680 |    00000D6F  A$lcc7680 |    00000D72  A$lcc7680
     00000D74  A$lcc7680 |    00000D75  A$lcc7680 |    00000D75  C$main.c$
     00000D77  A$lcc7680 |    00000D78  A$lcc7680 |    00000D7A  A$lcc7680
     00000D7B  A$lcc7680 |    00000D7D  A$lcc7680 |    00000D7F  A$lcc7680
     00000D80  A$lcc7680 |    00000D82  A$lcc7680 |    00000D84  A$lcc7680
     00000D85  A$lcc7680 |    00000D86  A$lcc7680 |    00000D87  A$lcc7680
     00000D88  A$lcc7680 |    00000D89  A$lcc7680 |    00000D8A  A$lcc7680
     00000D8C  A$lcc7680 |    00000D8D  A$lcc7680 |    00000D8F  A$lcc7680
     00000D90  A$lcc7680 |    00000D91  A$lcc7680 |    00000D92  A$lcc7680
     00000D93  A$lcc7680 |    00000D94  A$lcc7680 |    00000D95  A$lcc7680
     00000D96  A$lcc7680 |    00000D97  A$lcc7680 |    00000D98  A$lcc7680
     00000D99  A$lcc7680 |    00000D9B  A$lcc7680 |    00000D9C  A$lcc7680
     00000D9E  A$lcc7680 |    00000D9F  A$lcc7680 |    00000DA1  A$lcc7680
     00000DA2  A$lcc7680 |    00000DA4  A$lcc7680 |    00000DA5  A$lcc7680
     00000DA7  A$lcc7680 |    00000DA9  A$lcc7680 |    00000DAB  A$lcc7680
     00000DAC  A$lcc7680 |    00000DAD  A$lcc7680 |    00000DB0  A$lcc7680
     00000DB1  A$lcc7680 |    00000DB2  A$lcc7680 |    00000DB3  A$lcc7680
     00000DB5  A$lcc7680 |    00000DB6  A$lcc7680 |    00000DB7  A$lcc7680
     00000DB8  A$lcc7680 |    00000DBA  A$lcc7680 |    00000DBB  A$lcc7680
     00000DBD  A$lcc7680 |    00000DBF  A$lcc7680 |    00000DC0  A$lcc7680
     00000DC2  A$lcc7680 |    00000DC3  A$lcc7680 |    00000DC5  A$lcc7680
     00000DC6  A$lcc7680 |    00000DC8  A$lcc7680 |    00000DC9  A$lcc7680
     00000DCB  A$lcc7680 |    00000DCC  A$lcc7680 |    00000DCE  A$lcc7680
     00000DCE  C$main.c$ |    00000DD0  A$lcc7680 |    00000DD1  A$lcc7680
     00000DD2  A$lcc7680 |    00000DD4  A$lcc7680 |    00000DD5  A$lcc7680
ASxxxx Linker V03.00 + NoICE + sdld,  page 17.
Hexadecimal  [32-Bits]

Area                       Addr        Size        Decimal Bytes (Attributes)
--------------------       ----        ----        ------- ----- ------------
_CODE                  00000200    0000229B =        8859. bytes (REL,CON)

        Value  Global            Value  Global            Value  Global    
        -----  ------            -----  ------            -----  ------    
     00000DD6  A$lcc7680 |    00000DD7  A$lcc7680 |    00000DD8  A$lcc7680
     00000DD9  A$lcc7680 |    00000DDA  A$lcc7680 |    00000DDC  A$lcc7680
     00000DDD  A$lcc7680 |    00000DDE  A$lcc7680 |    00000DDF  A$lcc7680
     00000DE0  A$lcc7680 |    00000DE1  A$lcc7680 |    00000DE2  A$lcc7680
     00000DE4  A$lcc7680 |    00000DE5  A$lcc7680 |    00000DE6  A$lcc7680
     00000DE7  A$lcc7680 |    00000DE9  A$lcc7680 |    00000DEA  A$lcc7680
     00000DEB  A$lcc7680 |    00000DEC  A$lcc7680 |    00000DED  A$lcc7680
     00000DEE  A$lcc7680 |    00000DEF  A$lcc7680 |    00000DF0  A$lcc7680
     00000DF1  A$lcc7680 |    00000DF3  A$lcc7680 |    00000DF5  A$lcc7680
     00000DF6  A$lcc7680 |    00000DF7  A$lcc7680 |    00000DF8  A$lcc7680
     00000DF9  A$lcc7680 |    00000DFC  A$lcc7680 |    00000DFD  A$lcc7680
     00000DFE  A$lcc7680 |    00000DFF  A$lcc7680 |    00000E01  A$lcc7680
     00000E02  A$lcc7680 |    00000E03  A$lcc7680 |    00000E04  A$lcc7680
     00000E06  A$lcc7680 |    00000E07  A$lcc7680 |    00000E09  A$lcc7680
     00000E0A  A$lcc7680 |    00000E0B  A$lcc7680 |    00000E0B  C$main.c$
     00000E0C  A$lcc7680 |    00000E0D  A$lcc7680 |    00000E0F  A$lcc7680
     00000E11  A$lcc7680 |    00000E13  A$lcc7680 |    00000E15  A$lcc7680
     00000E17  A$lcc7680 |    00000E19  A$lcc7680 |    00000E1A  A$lcc7680
     00000E1B  A$lcc7680 |    00000E1D  A$lcc7680 |    00000E1E  A$lcc7680
     00000E1F  A$lcc7680 |    00000E20  A$lcc7680 |    00000E21  A$lcc7680
     00000E22  A$lcc7680 |    00000E25  A$lcc7680 |    00000E26  A$lcc7680
     00000E27  A$lcc7680 |    00000E28  A$lcc7680 |    00000E2A  A$lcc7680
     00000E2B  A$lcc7680 |    00000E2D  A$lcc7680 |    00000E2D  C$main.c$
     00000E2E  A$lcc7680 |    00000E30  A$lcc7680 |    00000E31  A$lcc7680
     00000E32  A$lcc7680 |    00000E33  A$lcc7680 |    00000E34  A$lcc7680
     00000E37  A$lcc7680 |    00000E38  A$lcc7680 |    00000E3A  A$lcc7680
     00000E3B  A$lcc7680 |    00000E3C  A$lcc7680 |    00000E3E  A$lcc7680
     00000E3E  C$main.c$ |    00000E41  A$lcc7680 |    00000E42  A$lcc7680
     00000E43  A$lcc7680 |    00000E44  A$lcc7680 |    00000E45  A$lcc7680
     00000E47  A$lcc7680 |    00000E48  A$lcc7680 |    00000E49  A$lcc7680
     00000E4A  A$lcc7680 |    00000E4B  A$lcc7680 |    00000E4D  A$lcc7680
     00000E4F  A$lcc7680 |    00000E4F  C$main.c$ |    00000E51  A$lcc7680
     00000E52  A$lcc7680 |    00000E54  A$lcc7680 |    00000E55  A$lcc7680
     00000E57  A$lcc7680 |    00000E59  A$lcc7680 |    00000E5A  A$lcc7680
     00000E5C  A$lcc7680 |    00000E5D  A$lcc7680 |    00000E5E  A$lcc7680
     00000E60  A$lcc7680 |    00000E61  A$lcc7680 |    00000E63  A$lcc7680
     00000E65  A$lcc7680 |    00000E66  A$lcc7680 |    00000E68  A$lcc7680
     00000E69  A$lcc7680 |    00000E6B  A$lcc7680 |    00000E6E  A$lcc7680
     00000E6F  A$lcc7680 |    00000E71  A$lcc7680 |    00000E72  A$lcc7680
     00000E73  A$lcc7680 |    00000E75  A$lcc7680 |    00000E76  A$lcc7680
     00000E79  A$lcc7680 |    00000E79  C$main.c$ |    00000E7C  A$lcc7680
     00000E7E  A$lcc7680 |    00000E81  A$lcc7680 |    00000E81  C$main.c$
     00000E81  C$main.c$ |    00000E82  A$lcc7680 |    00000E84  A$lcc7680
     00000E85  A$lcc7680 |    00000E87  A$lcc7680 |    00000E88  A$lcc7680
     00000E8A  A$lcc7680 |    00000E8B  A$lcc7680 |    00000E8D  A$lcc7680
     00000E8D  C$main.c$ |    00000E8F  A$lcc7680 |    00000E90  A$lcc7680
     00000E92  A$lcc7680 |    00000E93  A$lcc7680 |    00000E95  A$lcc7680
     00000E97  A$lcc7680 |    00000E98  A$lcc7680 |    00000E99  A$lcc7680
     00000E9B  A$lcc7680 |    00000E9D  A$lcc7680 |    00000E9E  A$lcc7680
     00000EA0  A$lcc7680 |    00000EA1  A$lcc7680 |    00000EA2  A$lcc7680
     00000EA4  A$lcc7680 |    00000EA5  A$lcc7680 |    00000EA7  A$lcc7680
ASxxxx Linker V03.00 + NoICE + sdld,  page 18.
Hexadecimal  [32-Bits]

Area                       Addr        Size        Decimal Bytes (Attributes)
--------------------       ----        ----        ------- ----- ------------
_CODE                  00000200    0000229B =        8859. bytes (REL,CON)

        Value  Global            Value  Global            Value  Global    
        -----  ------            -----  ------            -----  ------    
     00000EA9  A$lcc7680 |    00000EAB  A$lcc7680 |    00000EAD  A$lcc7680
     00000EAF  A$lcc7680 |    00000EB0  A$lcc7680 |    00000EB1  A$lcc7680
     00000EB3  A$lcc7680 |    00000EB4  A$lcc7680 |    00000EB6  A$lcc7680
     00000EB6  C$main.c$ |    00000EB9  A$lcc7680 |    00000EBB  A$lcc7680
     00000EBE  A$lcc7680 |    00000EBE  C$main.c$ |    00000EC1  A$lcc7680
     00000EC2  A$lcc7680 |    00000EC5  A$lcc7680 |    00000EC5  C$main.c$
     00000EC8  A$lcc7680 |    00000ECA  A$lcc7680 |    00000ECD  A$lcc7680
     00000ECD  C$main.c$ |    00000ECF  A$lcc7680 |    00000ED0  A$lcc7680
     00000ED2  A$lcc7680 |    00000ED3  A$lcc7680 |    00000ED5  A$lcc7680
     00000ED7  A$lcc7680 |    00000ED8  A$lcc7680 |    00000ED9  A$lcc7680
     00000EDB  A$lcc7680 |    00000EDC  A$lcc7680 |    00000EDD  A$lcc7680
     00000EDF  A$lcc7680 |    00000EE0  A$lcc7680 |    00000EE2  A$lcc7680
     00000EE3  A$lcc7680 |    00000EE5  A$lcc7680 |    00000EE6  A$lcc7680
     00000EE7  A$lcc7680 |    00000EE9  A$lcc7680 |    00000EEA  A$lcc7680
     00000EEB  A$lcc7680 |    00000EED  A$lcc7680 |    00000EEE  A$lcc7680
     00000EF0  A$lcc7680 |    00000EF1  A$lcc7680 |    00000EF2  A$lcc7680
     00000EF2  C$main.c$ |    00000EF3  A$lcc7680 |    00000EF5  A$lcc7680
     00000EF6  A$lcc7680 |    00000EF8  A$lcc7680 |    00000EF8  C$main.c$
     00000EFA  A$lcc7680 |    00000EFC  A$lcc7680 |    00000EFE  A$lcc7680
     00000F00  A$lcc7680 |    00000F02  A$lcc7680 |    00000F04  A$lcc7680
     00000F06  A$lcc7680 |    00000F08  A$lcc7680 |    00000F0A  A$lcc7680
     00000F0A  C$main.c$ |    00000F0D  A$lcc7680 |    00000F0F  A$lcc7680
     00000F11  A$lcc7680 |    00000F11  C$main.c$ |    00000F14  A$lcc7680
     00000F15  A$lcc7680 |    00000F17  A$lcc7680 |    00000F17  C$main.c$
     00000F1A  A$lcc7680 |    00000F1C  A$lcc7680 |    00000F1E  A$lcc7680
     00000F1E  C$main.c$ |    00000F1F  A$lcc7680 |    00000F21  A$lcc7680
     00000F22  A$lcc7680 |    00000F24  A$lcc7680 |    00000F24  C$main.c$
     00000F26  A$lcc7680 |    00000F28  A$lcc7680 |    00000F2A  A$lcc7680
     00000F2C  A$lcc7680 |    00000F2E  A$lcc7680 |    00000F30  A$lcc7680
     00000F32  A$lcc7680 |    00000F34  A$lcc7680 |    00000F36  A$lcc7680
     00000F36  C$main.c$ |    00000F39  A$lcc7680 |    00000F3B  A$lcc7680
     00000F3D  A$lcc7680 |    00000F3D  C$main.c$ |    00000F40  A$lcc7680
     00000F41  A$lcc7680 |    00000F43  A$lcc7680 |    00000F43  C$main.c$
     00000F46  A$lcc7680 |    00000F48  A$lcc7680 |    00000F4A  A$lcc7680
     00000F4A  C$main.c$ |    00000F4B  A$lcc7680 |    00000F4D  A$lcc7680
     00000F4E  A$lcc7680 |    00000F50  A$lcc7680 |    00000F50  C$main.c$
     00000F52  A$lcc7680 |    00000F54  A$lcc7680 |    00000F56  A$lcc7680
     00000F58  A$lcc7680 |    00000F5A  A$lcc7680 |    00000F5C  A$lcc7680
     00000F5E  A$lcc7680 |    00000F60  A$lcc7680 |    00000F62  A$lcc7680
     00000F62  C$main.c$ |    00000F65  A$lcc7680 |    00000F67  A$lcc7680
     00000F69  A$lcc7680 |    00000F69  C$main.c$ |    00000F6C  A$lcc7680
     00000F6D  A$lcc7680 |    00000F6F  A$lcc7680 |    00000F6F  C$main.c$
     00000F72  A$lcc7680 |    00000F74  A$lcc7680 |    00000F76  A$lcc7680
     00000F76  C$main.c$ |    00000F77  A$lcc7680 |    00000F79  A$lcc7680
     00000F7A  A$lcc7680 |    00000F7C  A$lcc7680 |    00000F7C  C$main.c$
     00000F7F  A$lcc7680 |    00000F80  A$lcc7680 |    00000F81  A$lcc7680
     00000F82  A$lcc7680 |    00000F83  A$lcc7680 |    00000F84  A$lcc7680
     00000F87  A$lcc7680 |    00000F88  A$lcc7680 |    00000F8A  A$lcc7680
     00000F8A  C$main.c$ |    00000F8A  XG$collid |    00000F8B  A$lcc7680
     00000F8B  C$main.c$ |    00000F8B  C$main.c$ |    00000F8B  G$animate
     00000F8B  _animate_ |    00000F8E  A$lcc7680 |    00000F8F  A$lcc7680
ASxxxx Linker V03.00 + NoICE + sdld,  page 19.
Hexadecimal  [32-Bits]

Area                       Addr        Size        Decimal Bytes (Attributes)
--------------------       ----        ----        ------- ----- ------------
_CODE                  00000200    0000229B =        8859. bytes (REL,CON)

        Value  Global            Value  Global            Value  Global    
        -----  ------            -----  ------            -----  ------    
     00000F8F  C$main.c$ |    00000F92  A$lcc7680 |    00000F93  A$lcc7680
     00000F93  C$main.c$ |    00000F95  A$lcc7680 |    00000F95  C$main.c$
     00000F98  A$lcc7680 |    00000F9A  A$lcc7680 |    00000F9C  A$lcc7680
     00000F9C  C$main.c$ |    00000F9F  A$lcc7680 |    00000FA2  A$lcc7680
     00000FA3  A$lcc7680 |    00000FA4  A$lcc7680 |    00000FA5  A$lcc7680
     00000FA7  A$lcc7680 |    00000FA8  A$lcc7680 |    00000FAA  A$lcc7680
     00000FAB  A$lcc7680 |    00000FAC  A$lcc7680 |    00000FAC  C$main.c$
     00000FAE  A$lcc7680 |    00000FAF  A$lcc7680 |    00000FB1  A$lcc7680
     00000FB3  A$lcc7680 |    00000FB3  C$main.c$ |    00000FB5  A$lcc7680
     00000FB6  A$lcc7680 |    00000FB7  A$lcc7680 |    00000FB8  A$lcc7680
     00000FB9  A$lcc7680 |    00000FBC  A$lcc7680 |    00000FBD  A$lcc7680
     00000FBE  A$lcc7680 |    00000FBF  A$lcc7680 |    00000FBF  C$main.c$
     00000FC0  A$lcc7680 |    00000FC2  A$lcc7680 |    00000FC3  A$lcc7680
     00000FC4  A$lcc7680 |    00000FC5  A$lcc7680 |    00000FC6  A$lcc7680
     00000FC9  A$lcc7680 |    00000FCA  A$lcc7680 |    00000FCB  A$lcc7680
     00000FCB  C$main.c$ |    00000FCC  A$lcc7680 |    00000FCE  A$lcc7680
     00000FD0  A$lcc7680 |    00000FD2  A$lcc7680 |    00000FD3  A$lcc7680
     00000FD5  A$lcc7680 |    00000FD5  C$main.c$ |    00000FD6  A$lcc7680
     00000FD7  A$lcc7680 |    00000FD9  A$lcc7680 |    00000FDA  A$lcc7680
     00000FDB  A$lcc7680 |    00000FDC  A$lcc7680 |    00000FDF  A$lcc7680
     00000FE1  A$lcc7680 |    00000FE2  A$lcc7680 |    00000FE2  C$main.c$
     00000FE3  A$lcc7680 |    00000FE5  A$lcc7680 |    00000FE7  A$lcc7680
     00000FE9  A$lcc7680 |    00000FEA  A$lcc7680 |    00000FEC  A$lcc7680
     00000FEC  C$main.c$ |    00000FED  A$lcc7680 |    00000FEF  A$lcc7680
     00000FF0  A$lcc7680 |    00000FF1  A$lcc7680 |    00000FF2  A$lcc7680
     00000FF5  A$lcc7680 |    00000FF7  A$lcc7680 |    00000FF7  C$main.c$
     00000FF8  A$lcc7680 |    00000FFA  A$lcc7680 |    00000FFA  C$main.c$
     00000FFD  A$lcc7680 |    00000FFF  A$lcc7680 |    00001001  A$lcc7680
     00001004  A$lcc7680 |    00001005  A$lcc7680 |    00001006  A$lcc7680
     00001008  A$lcc7680 |    00001008  C$main.c$ |    0000100A  A$lcc7680
     0000100A  C$main.c$ |    0000100D  A$lcc7680 |    0000100E  A$lcc7680
     0000100F  A$lcc7680 |    0000100F  C$main.c$ |    00001012  A$lcc7680
     00001014  A$lcc7680 |    00001015  A$lcc7680 |    00001015  C$main.c$
     00001018  A$lcc7680 |    00001019  A$lcc7680 |    0000101A  A$lcc7680
     0000101C  A$lcc7680 |    0000101D  A$lcc7680 |    00001020  A$lcc7680
     00001021  A$lcc7680 |    00001022  A$lcc7680 |    00001025  A$lcc7680
     00001027  A$lcc7680 |    00001028  A$lcc7680 |    0000102B  A$lcc7680
     0000102C  A$lcc7680 |    0000102D  A$lcc7680 |    0000102D  C$main.c$
     0000102E  A$lcc7680 |    0000102F  A$lcc7680 |    00001031  A$lcc7680
     00001031  C$main.c$ |    00001034  A$lcc7680 |    00001035  A$lcc7680
     00001036  A$lcc7680 |    00001038  A$lcc7680 |    00001038  C$main.c$
     00001039  A$lcc7680 |    0000103A  A$lcc7680 |    0000103B  A$lcc7680
     0000103C  A$lcc7680 |    0000103E  A$lcc7680 |    0000103F  A$lcc7680
     00001040  A$lcc7680 |    00001041  A$lcc7680 |    00001042  A$lcc7680
     00001045  A$lcc7680 |    00001047  A$lcc7680 |    00001048  A$lcc7680
     00001048  C$main.c$ |    00001049  A$lcc7680 |    0000104B  A$lcc7680
     0000104B  C$main.c$ |    0000104E  A$lcc7680 |    0000104F  A$lcc7680
     00001050  A$lcc7680 |    00001052  A$lcc7680 |    00001052  C$main.c$
     00001053  A$lcc7680 |    00001054  A$lcc7680 |    00001055  A$lcc7680
     00001056  A$lcc7680 |    00001058  A$lcc7680 |    00001059  A$lcc7680
     0000105A  A$lcc7680 |    0000105B  A$lcc7680 |    0000105C  A$lcc7680
ASxxxx Linker V03.00 + NoICE + sdld,  page 20.
Hexadecimal  [32-Bits]

Area                       Addr        Size        Decimal Bytes (Attributes)
--------------------       ----        ----        ------- ----- ------------
_CODE                  00000200    0000229B =        8859. bytes (REL,CON)

        Value  Global            Value  Global            Value  Global    
        -----  ------            -----  ------            -----  ------    
     0000105F  A$lcc7680 |    00001061  A$lcc7680 |    00001062  A$lcc7680
     00001062  C$main.c$ |    00001063  A$lcc7680 |    00001065  A$lcc7680
     00001065  C$main.c$ |    00001068  A$lcc7680 |    0000106A  A$lcc7680
     0000106A  C$main.c$ |    0000106D  A$lcc7680 |    0000106F  A$lcc7680
     00001070  A$lcc7680 |    00001070  C$main.c$ |    00001073  A$lcc7680
     00001074  A$lcc7680 |    00001075  A$lcc7680 |    00001077  A$lcc7680
     00001077  C$main.c$ |    00001078  A$lcc7680 |    00001079  A$lcc7680
     0000107A  A$lcc7680 |    0000107C  A$lcc7680 |    0000107D  A$lcc7680
     0000107E  A$lcc7680 |    0000107F  A$lcc7680 |    00001080  A$lcc7680
     00001083  A$lcc7680 |    00001085  A$lcc7680 |    00001086  A$lcc7680
     00001086  C$main.c$ |    00001087  A$lcc7680 |    00001089  A$lcc7680
     00001089  C$main.c$ |    0000108C  A$lcc7680 |    0000108D  A$lcc7680
     0000108E  A$lcc7680 |    0000108F  A$lcc7680 |    0000108F  C$main.c$
     00001090  A$lcc7680 |    00001091  A$lcc7680 |    00001092  A$lcc7680
     00001094  A$lcc7680 |    00001095  A$lcc7680 |    00001096  A$lcc7680
     00001097  A$lcc7680 |    00001098  A$lcc7680 |    0000109B  A$lcc7680
     0000109D  A$lcc7680 |    0000109E  A$lcc7680 |    0000109E  C$main.c$
     0000109F  A$lcc7680 |    0000109F  C$main.c$ |    0000109F  XG$animat
     000010A1  A$lcc7680 |    000010A1  C$main.c$ |    000010A1  C$main.c$
     000010A1  G$stage_t |    000010A1  _stage_ti |    000010A4  A$lcc7680
     000010A5  A$lcc7680 |    000010A7  A$lcc7680 |    000010A9  A$lcc7680
     000010AA  A$lcc7680 |    000010AB  A$lcc7680 |    000010AC  A$lcc7680
     000010AE  A$lcc7680 |    000010B1  A$lcc7680 |    000010B3  A$lcc7680
     000010B5  A$lcc7680 |    000010B5  C$main.c$ |    000010B8  A$lcc7680
     000010B9  A$lcc7680 |    000010BA  A$lcc7680 |    000010BB  A$lcc7680
     000010BD  A$lcc7680 |    000010BF  A$lcc7680 |    000010C1  A$lcc7680
[...]
--------------------       ----        ----        ------- ----- ------------
_HEADER3               00000000    00000008 =           8. bytes (ABS,CON)

        Value  Global            Value  Global            Value  Global    
        -----  ------            -----  ------            -----  ------    
ASxxxx Linker V03.00 + NoICE + sdld,  page 28.
Hexadecimal  [32-Bits]

Area                       Addr        Size        Decimal Bytes (Attributes)
--------------------       ----        ----        ------- ----- ------------
_HEADER4               00000000    0000004E =          78. bytes (ABS,CON)

        Value  Global            Value  Global            Value  Global    
        -----  ------            -----  ------            -----  ------    
     00000080  .int      |    0000008F  _wait_int |    0000009C  __standar
     000000AC  _refresh_
ASxxxx Linker V03.00 + NoICE + sdld,  page 29.
Hexadecimal  [32-Bits]

Area                       Addr        Size        Decimal Bytes (Attributes)
--------------------       ----        ----        ------- ----- ------------
_HEADER5               00000000    00000002 =           2. bytes (ABS,CON)

        Value  Global            Value  Global            Value  Global    
        -----  ------            -----  ------            -----  ------    
ASxxxx Linker V03.00 + NoICE + sdld,  page 30.
Hexadecimal  [32-Bits]

Area                       Addr        Size        Decimal Bytes (Attributes)
--------------------       ----        ----        ------- ----- ------------
_HEADER6               00000000    00000030 =          48. bytes (ABS,CON)

        Value  Global            Value  Global            Value  Global    
        -----  ------            -----  ------            -----  ------    
ASxxxx Linker V03.00 + NoICE + sdld,  page 31.
Hexadecimal  [32-Bits]

Area                       Addr        Size        Decimal Bytes (Attributes)
--------------------       ----        ----        ------- ----- ------------
_HEADER7               00000000    00000006 =           6. bytes (ABS,CON)

        Value  Global            Value  Global            Value  Global    
        -----  ------            -----  ------            -----  ------    
ASxxxx Linker V03.00 + NoICE + sdld,  page 32.
Hexadecimal  [32-Bits]

Area                       Addr        Size        Decimal Bytes (Attributes)
--------------------       ----        ----        ------- ----- ------------
_HEADER8               00000000    00000003 =           3. bytes (ABS,CON)

        Value  Global            Value  Global            Value  Global    
        -----  ------            -----  ------            -----  ------    
ASxxxx Linker V03.00 + NoICE + sdld,  page 33.
Hexadecimal  [32-Bits]

Area                       Addr        Size        Decimal Bytes (Attributes)
--------------------       ----        ----        ------- ----- ------------
_HEADER9               00000000    00000001 =           1. bytes (ABS,CON)

        Value  Global            Value  Global            Value  Global    
        -----  ------            -----  ------            -----  ------    
ASxxxx Linker V03.00 + NoICE + sdld,  page 34.
Hexadecimal  [32-Bits]

Area                       Addr        Size        Decimal Bytes (Attributes)
--------------------       ----        ----        ------- ----- ------------
_HEADERa               00000000    00000001 =           1. bytes (ABS,CON)

        Value  Global            Value  Global            Value  Global    
        -----  ------            -----  ------            -----  ------    
ASxxxx Linker V03.00 + NoICE + sdld,  page 35.
Hexadecimal  [32-Bits]

Area                       Addr        Size        Decimal Bytes (Attributes)
--------------------       ----        ----        ------- ----- ------------
_HEADERb               00000000    00000001 =           1. bytes (ABS,CON)

        Value  Global            Value  Global            Value  Global    
        -----  ------            -----  ------            -----  ------    
ASxxxx Linker V03.00 + NoICE + sdld,  page 36.
Hexadecimal  [32-Bits]

Area                       Addr        Size        Decimal Bytes (Attributes)
--------------------       ----        ----        ------- ----- ------------
_HEADERc               00000000    00000002 =           2. bytes (ABS,CON)

        Value  Global            Value  Global            Value  Global    
        -----  ------            -----  ------            -----  ------    
ASxxxx Linker V03.00 + NoICE + sdld,  page 37.
Hexadecimal  [32-Bits]

Area                       Addr        Size        Decimal Bytes (Attributes)
--------------------       ----        ----        ------- ----- ------------
_HEADERd               00000000    00000001 =           1. bytes (ABS,CON)

        Value  Global            Value  Global            Value  Global    
        -----  ------            -----  ------            -----  ------    
ASxxxx Linker V03.00 + NoICE + sdld,  page 38.
Hexadecimal  [32-Bits]

Area                       Addr        Size        Decimal Bytes (Attributes)
--------------------       ----        ----        ------- ----- ------------
_HEADERe               00000000    00000001 =           1. bytes (ABS,CON)

        Value  Global            Value  Global            Value  Global    
        -----  ------            -----  ------            -----  ------    
ASxxxx Linker V03.00 + NoICE + sdld,  page 39.
Hexadecimal  [32-Bits]

Area                       Addr        Size        Decimal Bytes (Attributes)
--------------------       ----        ----        ------- ----- ------------
_HEADERf               00000000    00000002 =           2. bytes (ABS,CON)

        Value  Global            Value  Global            Value  Global    
        -----  ------            -----  ------            -----  ------    
ASxxxx Linker V03.00 + NoICE + sdld,  page 40.
Hexadecimal  [32-Bits]

Area                       Addr        Size        Decimal Bytes (Attributes)
--------------------       ----        ----        ------- ----- ------------
_HEADER10              00000000    00000082 =         130. bytes (ABS,CON)

        Value  Global            Value  Global            Value  Global    
        -----  ------            -----  ------            -----  ------    
     00000150  .reset    |    00000150  _reset    |    00000157  .code_sta
     000001B7  _exit     |    000001BB  _set_inte
ASxxxx Linker V03.00 + NoICE + sdld,  page 41.
Hexadecimal  [32-Bits]

Area                       Addr        Size        Decimal Bytes (Attributes)
--------------------       ----        ----        ------- ----- ------------
_HEADER11              00000000    00000001 =           1. bytes (ABS,CON)

        Value  Global            Value  Global            Value  Global    
        -----  ------            -----  ------            -----  ------    
ASxxxx Linker V03.00 + NoICE + sdld,  page 42.
Hexadecimal  [32-Bits]

Area                       Addr        Size        Decimal Bytes (Attributes)
--------------------       ----        ----        ------- ----- ------------
_HOME                  0000249B    0000039E =         926. bytes (REL,CON)

        Value  Global            Value  Global            Value  Global    
        -----  ------            -----  ------            -----  ------    
     0000249B  .memset_s |    000024A4  .memcpy_s |    000024C1  .remove_V
     000024C4  .remove_i |    000024E1  .add_VBL  |    000024E4  .add_int 
     000024EF  .wait_vbl |    000024EF  _wait_vbl |    000024FF  .display_
     000024FF  _display_ |    00002517  _remove_V |    00002522  _add_VBL 
     0000252D  _set_tile |    00002532  _set_bkg_ |    00002532  _set_win_
     0000253A  _set_spri |    0000256A  .padup    |    0000256A  _waitpadu
     0000257A  .jpad     |    0000257A  _joypad   |    000025A2  _waitpad 
     000025A5  .wait_pad |    000025AC  ___sdcc_c |    000025DC  _add_LCD 
     000025E7  .add_LCD  |    000025ED  _remove_L |    000025F8  .remove_L
     000025FE  __divsuch |    0000260B  __modsuch |    00002615  __divusch
     00002627  __modusch |    00002637  __divscha |    00002643  __modscha
     0000264D  __divsint |    0000265E  __modsint |    0000266D  __divucha
     00002679  __moducha |    00002683  __divuint |    00002694  __moduint
     000026A3  .div8     |    000026A3  .mod8     |    000026AB  .div16   
     000026AB  .mod16    |    000026E1  .divu8    |    000026E1  .modu8   
     000026E4  .divu16   |    000026E4  .modu16   |    00002725  _set_bkg_
     00002739  _uitoa    |    00002748  _itoa     |    00002757  .itoa    
     0000276B  .utoa     |    000027DF  .set_xy_w |    000027E8  .set_xy_b
     000027F7  .set_xy_t
ASxxxx Linker V03.00 + NoICE + sdld,  page 43.
Hexadecimal  [32-Bits]

Area                       Addr        Size        Decimal Bytes (Attributes)
--------------------       ----        ----        ------- ----- ------------
_CODE_0                00002839    00000440 =        1088. bytes (REL,CON)

        Value  Global            Value  Global            Value  Global    
        -----  ------            -----  ------            -----  ------    
     00002839  G$FONT$0_ |    00002839  _FONT    
ASxxxx Linker V03.00 + NoICE + sdld,  page 44.
Hexadecimal  [32-Bits]

Area                       Addr        Size        Decimal Bytes (Attributes)
--------------------       ----        ----        ------- ----- ------------
_INITIALIZER           00002C79    0000004B =          75. bytes (REL,CON)

        Value  Global            Value  Global            Value  Global    
        -----  ------            -----  ------            -----  ------    
     00002C79  Fmain$__x |    00002C9D  Fmain$__x |    00002CA0  Fmain$__x
     00002CA4  Fmain$__x |    00002CA8  Fmain$__x |    00002CAF  Fmain$__x
     00002CB0  Fmain$__x |    00002CB5  Fmain$__x |    00002CBA  Fmain$__x
     00002CC1  Fmain$__x
ASxxxx Linker V03.00 + NoICE + sdld,  page 45.
Hexadecimal  [32-Bits]

Area                       Addr        Size        Decimal Bytes (Attributes)
--------------------       ----        ----        ------- ----- ------------
_GSINIT                00002CC4    0000000C =          12. bytes (REL,CON)

        Value  Global            Value  Global            Value  Global    
        -----  ------            -----  ------            -----  ------    
     00002CC4  gsinit   
ASxxxx Linker V03.00 + NoICE + sdld,  page 46.
Hexadecimal  [32-Bits]

Area                       Addr        Size        Decimal Bytes (Attributes)
--------------------       ----        ----        ------- ----- ------------
_GSFINAL               00002CD0    00000001 =           1. bytes (REL,CON)

        Value  Global            Value  Global            Value  Global    
        -----  ------            -----  ------            -----  ------    
ASxxxx Linker V03.00 + NoICE + sdld,  page 47.
Hexadecimal  [32-Bits]

Area                       Addr        Size        Decimal Bytes (Attributes)
--------------------       ----        ----        ------- ----- ------------
_DATA                  0000C0A0    0000007A =         122. bytes (REL,CON)

        Value  Global            Value  Global            Value  Global    
        -----  ------            -----  ------            -----  ------    
     0000C0A0  __cpu     |    0000C0A1  __is_GBA  |    0000C0A2  .mode    
     0000C0A3  .sys_time |    0000C0A3  _sys_time |    0000C0A5  .int_0x40
     0000C0B9  G$scroll$ |    0000C0B9  _scroll   |    0000C0C3  G$PLAYER$
     0000C0C3  _PLAYER   |    0000C0CA  G$TOPHAT_ |    0000C0CA  _TOPHAT_F
     0000C0D1  G$joy$0_0 |    0000C0D1  _joy      |    0000C0D2  G$last_jo
     0000C0D2  _last_joy |    0000C0D3  G$is_movi |    0000C0D3  _is_movin
     0000C0D4  G$is_anim |    0000C0D4  _is_anima |    0000C0D5  G$is_dyin
     0000C0D5  _is_dying |    0000C0D6  G$turtles |    0000C0D6  _turtles_
     0000C0D7  G$move_x$ |    0000C0D7  _move_x   |    0000C0D8  G$move_y$
     0000C0D8  _move_y   |    0000C0D9  G$scx_cou |    0000C0D9  _scx_coun
     0000C0DA  G$turtle_ |    0000C0DA  _turtle_c |    0000C0DB  G$dive_co
     0000C0DB  _dive_cou |    0000C0DC  G$timer$0 |    0000C0DC  _timer   
     0000C0DE  G$timer_t |    0000C0DE  _timer_ti |    0000C0DF  G$GAMESTA
     0000C0DF  _GAMESTAT |    0000C0E0  G$turtle_ |    0000C0E0  _turtle_t
     0000C0E1  G$dive_ti |    0000C0E1  _dive_til |    0000C0E2  G$y_min$0
     0000C0E2  _y_min    |    0000C0E3  G$vram_ad |    0000C0E3  _vram_add
     0000C0E5  G$score$0 |    0000C0E5  _score    |    0000C0E7  G$score_b
     0000C0E7  _score_bu |    0000C0EC  G$current |    0000C0EC  _current_
     0000C0ED  G$level_b |    0000C0ED  _level_bu |    0000C105  G$animati
     0000C105  _animatio |    0000C106  G$death_a |    0000C106  _death_an
     0000C107  ___curren |    0000C109  ___curren |    0000C10A  .int_0x48
ASxxxx Linker V03.00 + NoICE + sdld,  page 48.
Hexadecimal  [32-Bits]

Area                       Addr        Size        Decimal Bytes (Attributes)
--------------------       ----        ----        ------- ----- ------------
_INITIALIZED           0000C11A    0000004B =          75. bytes (REL,CON)

        Value  Global            Value  Global            Value  Global    
        -----  ------            -----  ------            -----  ------    
     0000C11A  G$scroll_ |    0000C11A  _scroll_r |    0000C13E  G$turtle_
     0000C13E  _turtle_d |    0000C141  G$turtle_ |    0000C141  _turtle_d
     0000C145  G$turtle_ |    0000C145  _turtle_t |    0000C149  G$dive_ti
     0000C149  _dive_til |    0000C150  G$lives$0 |    0000C150  _lives   
     0000C151  G$PLAYER1 |    0000C151  _PLAYER1U |    0000C156  G$PLAYER2
     0000C156  _PLAYER2U |    0000C15B  G$level_t |    0000C15B  _level_te
     0000C162  G$death_a |    0000C162  _death_an |    0000C163  ___render
     0000C164  __map_til
ASxxxx Linker V03.00 + NoICE + sdld,  page 49.
Hexadecimal  [32-Bits]

Area                       Addr        Size        Decimal Bytes (Attributes)
--------------------       ----        ----        ------- ----- ------------
_HRAM12                00000000    00000003 =           3. bytes (ABS,CON)

        Value  Global            Value  Global            Value  Global    
        -----  ------            -----  ------            -----  ------    
     0000FF90  __current |    0000FF92  __shadow_
ASxxxx Linker V03.00 + NoICE + sdld,  page 50.
Hexadecimal  [32-Bits]

Area                       Addr        Size        Decimal Bytes (Attributes)
--------------------       ----        ----        ------- ----- ------------
_CODE_1                00014000    000003D0 =         976. bytes (REL,CON)

        Value  Global            Value  Global            Value  Global    
        -----  ------            -----  ------            -----  ------    
     00014000  C$frogger |    00014000  G$__func_ |    00014000  G$frogger
     00014000  ___func_f |    00014000  _frogger_ |    0001400A  G$frogger
     0001400A  _frogger_ |    0001424A  G$frogger |    0001424A  _frogger_
     00014256  G$frogger |    00014256  _frogger_ |    00014262  G$frogger
     00014262  _frogger_ |    0001426E  G$frogger |    0001426E  _frogger_
     0001427A  G$frogger |    0001427A  _frogger_ |    00014286  G$frogger
     00014286  _frogger_ |    00014292  G$frogger |    00014292  _frogger_
     0001429E  G$frogger |    0001429E  _frogger_ |    000142AA  G$frogger
     000142AA  _frogger_ |    000142B6  G$frogger |    000142B6  _frogger_
     000142C8  G$frogger |    000142C8  _frogger_ |    000142DC  G$frogger
     000142DC  _frogger_ |    000142F0  G$frogger |    000142F0  _frogger_
     00014322  C$frogger |    00014322  G$__func_ |    00014322  G$frogger
     00014322  ___func_f |    00014322  _frogger_ |    0001432A  G$frogger
     0001432A  _frogger_ |    0001436A  G$frogger |    0001436A  _frogger_
     00014376  G$frogger |    00014376  _frogger_ |    00014378  C$tophat_
     00014378  G$__func_ |    00014378  G$tophat_ |    00014378  ___func_t
     00014378  _tophat_f |    00014382  G$tophat_ |    00014382  _tophat_f
     000143C2  G$tophat_ |    000143C2  _tophat_f |    000143CE  G$tophat_
     000143CE  _tophat_f
ASxxxx Linker V03.00 + NoICE + sdld,  page 51.
Hexadecimal  [32-Bits]

Area                       Addr        Size        Decimal Bytes (Attributes)
--------------------       ----        ----        ------- ----- ------------
_HEADER_LCD0           00000000    00000003 =           3. bytes (ABS,CON)

        Value  Global            Value  Global            Value  Global    
        -----  ------            -----  ------            -----  ------    
ASxxxx Linker V03.00 + NoICE + sdld,  page 52.

Files Linked                              [ module(s) ]

C:\c_code\gbdk\lib/small/asxxxx/gb/crt0.o
                                          [ Runtime ]
C:\Users\EMART~1\AppData\Local\Temp/lcc7680.rel
                                          [ main ]
C:\Users\EMART~1\AppData\Local\Temp/lcc7681.rel
                                          [ bkg_map ]
C:\Users\EMART~1\AppData\Local\Temp/lcc7682.rel
                                          [ bkg_tiles ]
C:\Users\EMART~1\AppData\Local\Temp/lcc7683.rel
                                          [ collision_map ]
C:\Users\EMART~1\AppData\Local\Temp/lcc7684.rel
                                          [ font ]
C:\Users\EMART~1\AppData\Local\Temp/lcc7685.rel
                                          [ frog_lives ]
C:\Users\EMART~1\AppData\Local\Temp/lcc7686.rel
                                          [ frogger ]
C:\Users\EMART~1\AppData\Local\Temp/lcc7687.rel
                                          [ frogger_16 ]
C:\Users\EMART~1\AppData\Local\Temp/lcc7688.rel
                                          [ reset_timer ]
C:\Users\EMART~1\AppData\Local\Temp/lcc7689.rel
                                          [ tophat_frog ]
C:\Users\EMART~1\AppData\Local\Temp/lcc76810.rel
                                          [ win_frog ]


Libraries Linked                          [ object file ]

C:\c_code\gbdk\lib/small/asxxxx/gb/gb.lib
                                          [ sfr.o ]
C:\c_code\gbdk\lib/small/asxxxx/gb/gb.lib
                                          [ get_tile.o ]
C:\c_code\gbdk\lib/small/asxxxx/gb/gb.lib
                                          [ set_tile.o ]
C:\c_code\gbdk\lib/small/asxxxx/gb/gb.lib
                                          [ metasprites_hide.o ]
C:\c_code\gbdk\lib/small/asxxxx/gb/gb.lib
                                          [ set_data.o ]
C:\c_code\gbdk\lib/small/asxxxx/gb/gb.lib
                                          [ metasprites_flip.o ]
C:\c_code\gbdk\lib/small/asxxxx/gbz80/gbz80.lib
                                          [ sprintf.o ]
C:\c_code\gbdk\lib/small/asxxxx/gb/gb.lib
                                          [ pad.o ]
C:\c_code\gbdk\lib/small/asxxxx/gb/gb.lib
                                          [ metasprites.o ]
C:\c_code\gbdk\lib/small/asxxxx/gbz80/gbz80.lib
                                          [ __sdcc_call_hl.o ]
C:\c_code\gbdk\lib/small/asxxxx/gb/gb.lib
                                          [ lcd.o ]
C:\c_code\gbdk\lib/small/asxxxx/gb/gb.lib
                                          [ get_addr.o ]
C:\c_code\gbdk\lib/small/asxxxx/gbz80/gbz80.lib
                                          [ div.o ]
C:\c_code\gbdk\lib/small/asxxxx/gb/gb.lib
                                          [ set_bk_t.o ]
C:\c_code\gbdk\lib/small/asxxxx/gbz80/gbz80.lib
                                          [ itoa.o ]
C:\c_code\gbdk\lib/small/asxxxx/gb/gb.lib
                                          [ set_xy_t.o ]

ASxxxx Linker V03.00 + NoICE + sdld,  page 53.

User Base Address Definitions

_DATA=0xC0A0
_CODE=0x0200
ASxxxx Linker V03.00 + NoICE + sdld,  page 54.

User Global Definitions

_shadow_OAM=0xC000
.STACK=0xE000
.refresh_OAM=0xFF80

