ASxxxx Linker V03.00 + NoICE + sdld,  page 1.
Hexadecimal  [32-Bits]

Area                       Addr        Size        Decimal Bytes (Attributes)
--------------------       ----        ----        ------- ----- ------------
.  .ABS.               00000000    00000000 =           0. bytes (ABS,CON)

        Value  Global            Value  Global            Value  Global    
        -----  ------            -----  ------            -----  ------    
     00000000  .__.ABS.  |    00000000  _rRAMG    |    00000000  l__BASE  
     00000000  l__BSS    |    00000000  l__CABS   |    00000000  l__DABS  
     00000000  l__FONT_H |    00000000  l__HEADER |    00000000  l__HEADER
     00000000  l__HEAP   |    00000000  l__HRAM   |    00000000  l__LIT   
     00000000  s__CABS   |    00000000  s__DABS   |    00000000  s__FONT_H
     00000000  s__FONT_H |    00000000  s__HEADER |    00000000  s__HEADER
     00000000  s__HEADER |    00000000  s__HEADER |    00000000  s__HEADER
     00000000  s__HEADER |    00000000  s__HEADER |    00000000  s__HEADER
     00000000  s__HEADER |    00000000  s__HEADER |    00000000  s__HEADER
     00000000  s__HEADER |    00000000  s__HEADER |    00000000  s__HEADER
     00000000  s__HEADER |    00000000  s__HEADER |    00000000  s__HEADER
     00000000  s__HEADER |    00000000  s__HEADER |    00000000  s__HEADER
     00000000  s__HEADER |    00000000  s__HRAM   |    00000000  s__HRAM12
     00000001  ___bank_f |    00000001  ___bank_f |    00000001  ___bank_t
     00000001  l__GSFINA |    00000001  l__HEADER |    00000001  l__HEADER
     00000001  l__HEADER |    00000001  l__HEADER |    00000001  l__HEADER
     00000001  l__HEADER |    00000001  l__HEADER |    00000002  l__HEADER
     00000002  l__HEADER |    00000002  l__HEADER |    00000003  l__FONT_H
     00000003  l__HEADER |    00000003  l__HEADER |    00000003  l__HRAM12
     00000005  l__HEADER |    00000006  l__HEADER |    00000007  l__HEADER
     00000008  l__HEADER |    0000000C  l__GSINIT |    00000030  l__HEADER
     0000004E  l__HEADER |    00000050  l__INITIA |    00000050  l__INITIA
     00000082  l__HEADER |    00000090  l__DATA   |    00000200  s__CODE  
     000003D0  l__CODE_1 |    00000440  l__CODE_0 |    00000A34  l__HOME  
     00002000  _rROMB0   |    000023B5  l__CODE   |    000025B5  s__HOME  
     00002FE9  s__BASE   |    00002FE9  s__CODE_0 |    00003000  _rROMB1  
     00003429  s__INITIA |    00003429  s__LIT    |    00003479  s__GSINIT
     00003485  s__GSFINA |    00004000  _rRAMB    |    00008000  __VRAM   
     00008000  __VRAM800 |    00008800  __VRAM880 |    00009000  __VRAM900
     00009800  __SCRN0   |    00009C00  __SCRN1   |    0000A000  __SRAM   
     0000C000  __RAM     |    0000C000  _shadow_O |    0000C0A0  s__DATA  
     0000C130  s__BSS    |    0000C130  s__INITIA |    0000C180  s__HEAP  
     0000D000  __RAMBANK |    0000E000  .STACK    |    0000FE00  __OAMRAM 
     0000FF00  _P1_REG   |    0000FF00  __IO      |    0000FF01  _SB_REG  
     0000FF02  _SC_REG   |    0000FF04  _DIV_REG  |    0000FF05  _TIMA_REG
     0000FF06  _TMA_REG  |    0000FF07  _TAC_REG  |    0000FF0F  _IF_REG  
     0000FF10  _NR10_REG |    0000FF11  _NR11_REG |    0000FF12  _NR12_REG
     0000FF13  _NR13_REG |    0000FF14  _NR14_REG |    0000FF16  _NR21_REG
     0000FF17  _NR22_REG |    0000FF18  _NR23_REG |    0000FF19  _NR24_REG
     0000FF1A  _NR30_REG |    0000FF1B  _NR31_REG |    0000FF1C  _NR32_REG
     0000FF1D  _NR33_REG |    0000FF1E  _NR34_REG |    0000FF20  _NR41_REG
     0000FF21  _NR42_REG |    0000FF22  _NR43_REG |    0000FF23  _NR44_REG
     0000FF24  _NR50_REG |    0000FF25  _NR51_REG |    0000FF26  _NR52_REG
     0000FF30  _AUD3WAVE |    0000FF30  _PCM_SAMP |    0000FF30  __AUD3WAV
     0000FF40  _LCDC_REG |    0000FF41  _STAT_REG |    0000FF42  _SCY_REG 
     0000FF43  _SCX_REG  |    0000FF44  _LY_REG   |    0000FF45  _LYC_REG 
     0000FF46  _DMA_REG  |    0000FF47  _BGP_REG  |    0000FF48  _OBP0_REG
     0000FF49  _OBP1_REG |    0000FF4A  _WY_REG   |    0000FF4B  _WX_REG  
     0000FF4D  _KEY1_REG |    0000FF4F  _VBK_REG  |    0000FF51  _HDMA1_RE
     0000FF52  _HDMA2_RE |    0000FF53  _HDMA3_RE |    0000FF54  _HDMA4_RE
ASxxxx Linker V03.00 + NoICE + sdld,  page 2.
Hexadecimal  [32-Bits]

Area                       Addr        Size        Decimal Bytes (Attributes)
--------------------       ----        ----        ------- ----- ------------
.  .ABS.               00000000    00000000 =           0. bytes (ABS,CON)

        Value  Global            Value  Global            Value  Global    
        -----  ------            -----  ------            -----  ------    
     0000FF55  _HDMA5_RE |    0000FF56  _RP_REG   |    0000FF68  _BCPS_REG
     0000FF69  _BCPD_REG |    0000FF6A  _OCPS_REG |    0000FF6B  _OCPD_REG
     0000FF70  _SVBK_REG |    0000FF76  _PCM12_RE |    0000FF77  _PCM34_RE
     0000FF80  .refresh_ |    0000FF80  __HRAM    |    0000FFFF  _IE_REG  
     00014000  s__CODE_1
ASxxxx Linker V03.00 + NoICE + sdld,  page 3.
Hexadecimal  [32-Bits]

Area                       Addr        Size        Decimal Bytes (Attributes)
--------------------       ----        ----        ------- ----- ------------
_CODE                  00000200    000023B5 =        9141. bytes (REL,CON)

        Value  Global            Value  Global            Value  Global    
        -----  ------            -----  ------            -----  ------    
     00000200  A$lcc2669 |    00000200  C$main.c$ |    00000200  C$main.c$
     00000200  G$kill_fr |    00000200  _kill_fro |    00000203  A$lcc2669
     00000205  A$lcc2669 |    00000205  C$main.c$ |    00000208  A$lcc2669
     0000020A  A$lcc2669 |    0000020A  C$main.c$ |    0000020D  A$lcc2669
     0000020F  A$lcc2669 |    0000020F  C$main.c$ |    0000020F  XG$kill_f
     00000210  A$lcc2669 |    00000210  C$main.c$ |    00000210  G$render_
     00000210  _render_a |    00000211  A$lcc2669 |    00000211  C$main.c$
     00000214  A$lcc2669 |    00000215  A$lcc2669 |    00000215  C$main.c$
     00000218  A$lcc2669 |    00000219  A$lcc2669 |    0000021B  A$lcc2669
     0000021C  A$lcc2669 |    0000021D  A$lcc2669 |    0000021E  A$lcc2669
     0000021F  A$lcc2669 |    00000220  A$lcc2669 |    00000222  A$lcc2669
     00000225  A$lcc2669 |    00000226  A$lcc2669 |    00000226  C$main.c$
     00000226  C$main.c$ |    00000227  A$lcc2669 |    00000228  A$lcc2669
     0000022A  A$lcc2669 |    0000022D  A$lcc2669 |    0000022F  A$lcc2669
     00000230  A$lcc2669 |    00000233  A$lcc2669 |    00000235  A$lcc2669
     00000236  A$lcc2669 |    00000239  A$lcc2669 |    0000023A  A$lcc2669
     0000023B  A$lcc2669 |    0000023C  A$lcc2669 |    0000023F  A$lcc2669
     00000240  A$lcc2669 |    00000241  A$lcc2669 |    00000242  A$lcc2669
     00000245  A$lcc2669 |    00000247  A$lcc2669 |    00000249  A$lcc2669
     0000024B  A$lcc2669 |    0000024D  A$lcc2669 |    00000250  A$lcc2669
     00000252  A$lcc2669 |    00000255  A$lcc2669 |    00000256  A$lcc2669
     00000257  A$lcc2669 |    00000258  A$lcc2669 |    00000259  A$lcc2669
     0000025B  A$lcc2669 |    0000025C  A$lcc2669 |    0000025E  A$lcc2669
     0000025F  A$lcc2669 |    00000262  A$lcc2669 |    00000264  A$lcc2669
     00000264  C$main.c$ |    00000266  A$lcc2669 |    00000266  C$main.c$
     00000267  A$lcc2669 |    00000268  A$lcc2669 |    0000026A  A$lcc2669
     0000026D  A$lcc2669 |    0000026E  A$lcc2669 |    00000271  A$lcc2669
     00000272  A$lcc2669 |    00000275  A$lcc2669 |    00000276  A$lcc2669
     00000277  A$lcc2669 |    00000278  A$lcc2669 |    00000279  A$lcc2669
     0000027C  A$lcc2669 |    0000027D  A$lcc2669 |    0000027E  A$lcc2669
     0000027F  A$lcc2669 |    00000282  A$lcc2669 |    00000284  A$lcc2669
     00000285  A$lcc2669 |    00000286  A$lcc2669 |    00000287  A$lcc2669
     00000288  A$lcc2669 |    00000289  A$lcc2669 |    0000028A  A$lcc2669
     0000028B  A$lcc2669 |    0000028C  A$lcc2669 |    0000028F  A$lcc2669
     00000291  A$lcc2669 |    00000291  C$main.c$ |    00000291  C$main.c$
     00000294  A$lcc2669 |    00000296  A$lcc2669 |    00000296  C$main.c$
     00000299  A$lcc2669 |    0000029B  A$lcc2669 |    0000029C  A$lcc2669
     0000029C  C$main.c$ |    0000029C  XG$render |    0000029D  A$lcc2669
     0000029D  C$main.c$ |    0000029D  C$main.c$ |    0000029D  G$update_
     0000029D  _update_l |    000002A0  A$lcc2669 |    000002A1  A$lcc2669
     000002A4  A$lcc2669 |    000002A5  A$lcc2669 |    000002A8  A$lcc2669
     000002A9  A$lcc2669 |    000002AA  A$lcc2669 |    000002AB  A$lcc2669
     000002AB  C$main.c$ |    000002AE  A$lcc2669 |    000002AF  A$lcc2669
     000002B2  A$lcc2669 |    000002B3  A$lcc2669 |    000002B6  A$lcc2669
     000002B7  A$lcc2669 |    000002BA  A$lcc2669 |    000002BC  A$lcc2669
     000002BC  C$main.c$ |    000002BF  A$lcc2669 |    000002C0  A$lcc2669
     000002C1  A$lcc2669 |    000002C3  A$lcc2669 |    000002C3  C$main.c$
     000002C5  A$lcc2669 |    000002C6  A$lcc2669 |    000002C7  A$lcc2669
     000002CA  A$lcc2669 |    000002CB  A$lcc2669 |    000002CC  A$lcc2669
     000002CD  A$lcc2669 |    000002CE  A$lcc2669 |    000002D1  A$lcc2669
ASxxxx Linker V03.00 + NoICE + sdld,  page 4.
Hexadecimal  [32-Bits]

Area                       Addr        Size        Decimal Bytes (Attributes)
--------------------       ----        ----        ------- ----- ------------
_CODE                  00000200    000023B5 =        9141. bytes (REL,CON)

        Value  Global            Value  Global            Value  Global    
        -----  ------            -----  ------            -----  ------    
     000002D3  A$lcc2669 |    000002D3  C$main.c$ |    000002D6  A$lcc2669
     000002D7  A$lcc2669 |    000002D9  A$lcc2669 |    000002DA  A$lcc2669
     000002DB  A$lcc2669 |    000002DB  C$main.c$ |    000002DC  A$lcc2669
     000002DE  A$lcc2669 |    000002DE  C$main.c$ |    000002E1  A$lcc2669
     000002E2  A$lcc2669 |    000002E5  A$lcc2669 |    000002E6  A$lcc2669
     000002E9  A$lcc2669 |    000002EA  A$lcc2669 |    000002EB  A$lcc2669
     000002EC  A$lcc2669 |    000002EC  C$main.c$ |    000002EF  A$lcc2669
     000002F1  A$lcc2669 |    000002F2  A$lcc2669 |    000002F3  A$lcc2669
     000002F6  A$lcc2669 |    000002F7  A$lcc2669 |    000002F8  A$lcc2669
     000002F9  A$lcc2669 |    000002FA  A$lcc2669 |    000002FD  A$lcc2669
     000002FF  A$lcc2669 |    000002FF  C$main.c$ |    000002FF  XG$update
     00000300  Fmain$__s |    00000303  A$lcc2669 |    00000303  C$main.c$
     00000303  C$main.c$ |    00000303  G$update_ |    00000303  _update_p
     00000306  A$lcc2669 |    00000307  A$lcc2669 |    0000030A  A$lcc2669
     0000030B  A$lcc2669 |    0000030E  A$lcc2669 |    0000030F  A$lcc2669
     00000310  A$lcc2669 |    00000311  A$lcc2669 |    00000311  C$main.c$
     00000314  A$lcc2669 |    00000315  A$lcc2669 |    00000316  A$lcc2669
     00000317  A$lcc2669 |    00000317  C$main.c$ |    00000319  A$lcc2669
     0000031A  A$lcc2669 |    0000031B  A$lcc2669 |    0000031E  A$lcc2669
     0000031F  A$lcc2669 |    00000320  A$lcc2669 |    00000321  A$lcc2669
     00000322  A$lcc2669 |    00000325  A$lcc2669 |    00000327  A$lcc2669
     00000327  C$main.c$ |    0000032A  A$lcc2669 |    0000032B  A$lcc2669
     0000032D  A$lcc2669 |    0000032E  A$lcc2669 |    0000032F  A$lcc2669
     0000032F  C$main.c$ |    00000330  A$lcc2669 |    00000330  C$main.c$
     00000330  XG$update |    00000332  A$lcc2669 |    00000332  C$main.c$
     00000332  C$main.c$ |    00000332  G$update_ |    00000332  _update_s
     00000335  A$lcc2669 |    00000336  A$lcc2669 |    00000338  A$lcc2669
     00000339  A$lcc2669 |    0000033B  A$lcc2669 |    0000033D  A$lcc2669
     0000033E  A$lcc2669 |    0000033F  A$lcc2669 |    00000340  A$lcc2669
     00000342  A$lcc2669 |    00000342  C$main.c$ |    00000345  A$lcc2669
     00000346  A$lcc2669 |    00000349  A$lcc2669 |    0000034A  A$lcc2669
     0000034D  A$lcc2669 |    0000034E  A$lcc2669 |    0000034F  A$lcc2669
     00000350  A$lcc2669 |    00000352  A$lcc2669 |    00000352  C$main.c$
     00000355  A$lcc2669 |    00000356  A$lcc2669 |    00000358  A$lcc2669
     00000359  A$lcc2669 |    0000035B  A$lcc2669 |    0000035D  A$lcc2669
     0000035E  A$lcc2669 |    00000360  A$lcc2669 |    00000362  A$lcc2669
     00000363  A$lcc2669 |    00000365  A$lcc2669 |    00000365  C$main.c$
     00000368  A$lcc2669 |    00000369  A$lcc2669 |    0000036C  A$lcc2669
     0000036D  A$lcc2669 |    00000370  A$lcc2669 |    00000371  A$lcc2669
     00000372  A$lcc2669 |    00000373  A$lcc2669 |    00000375  A$lcc2669
     00000375  C$main.c$ |    00000377  A$lcc2669 |    00000379  A$lcc2669
     0000037C  A$lcc2669 |    0000037D  A$lcc2669 |    0000037F  A$lcc2669
     00000380  A$lcc2669 |    00000382  A$lcc2669 |    00000384  A$lcc2669
     00000384  C$main.c$ |    00000387  A$lcc2669 |    00000388  A$lcc2669
     0000038B  A$lcc2669 |    0000038C  A$lcc2669 |    0000038F  A$lcc2669
     00000390  A$lcc2669 |    00000391  A$lcc2669 |    00000392  A$lcc2669
     00000394  A$lcc2669 |    00000394  C$main.c$ |    00000397  A$lcc2669
     00000399  A$lcc2669 |    0000039A  A$lcc2669 |    0000039B  A$lcc2669
     0000039D  A$lcc2669 |    0000039E  A$lcc2669 |    000003A0  A$lcc2669
     000003A0  C$main.c$ |    000003A3  A$lcc2669 |    000003A4  A$lcc2669
     000003A7  A$lcc2669 |    000003A8  A$lcc2669 |    000003AB  A$lcc2669
ASxxxx Linker V03.00 + NoICE + sdld,  page 5.
Hexadecimal  [32-Bits]

Area                       Addr        Size        Decimal Bytes (Attributes)
--------------------       ----        ----        ------- ----- ------------
_CODE                  00000200    000023B5 =        9141. bytes (REL,CON)

        Value  Global            Value  Global            Value  Global    
        -----  ------            -----  ------            -----  ------    
     000003AC  A$lcc2669 |    000003AD  A$lcc2669 |    000003AE  A$lcc2669
     000003AE  C$main.c$ |    000003B1  A$lcc2669 |    000003B2  A$lcc2669
     000003B3  A$lcc2669 |    000003B4  A$lcc2669 |    000003B5  A$lcc2669
     000003B8  A$lcc2669 |    000003B9  A$lcc2669 |    000003BC  A$lcc2669
     000003BD  A$lcc2669 |    000003C0  A$lcc2669 |    000003C2  A$lcc2669
     000003C2  C$main.c$ |    000003C5  A$lcc2669 |    000003C6  A$lcc2669
     000003C7  A$lcc2669 |    000003C8  A$lcc2669 |    000003C8  C$main.c$
     000003CA  A$lcc2669 |    000003CB  A$lcc2669 |    000003CC  A$lcc2669
     000003CF  A$lcc2669 |    000003D0  A$lcc2669 |    000003D1  A$lcc2669
     000003D2  A$lcc2669 |    000003D3  A$lcc2669 |    000003D6  A$lcc2669
     000003D8  A$lcc2669 |    000003D8  C$main.c$ |    000003DB  A$lcc2669
     000003DC  A$lcc2669 |    000003DE  A$lcc2669 |    000003DF  A$lcc2669
     000003E0  A$lcc2669 |    000003E0  C$main.c$ |    000003E1  A$lcc2669
     000003E1  C$main.c$ |    000003E1  XG$update |    000003E3  Fmain$__s
     000003E6  A$lcc2669 |    000003E6  C$main.c$ |    000003E6  C$main.c$
     000003E6  G$update_ |    000003E6  _update_f |    000003E9  A$lcc2669
     000003EA  A$lcc2669 |    000003EC  A$lcc2669 |    000003ED  A$lcc2669
     000003EE  A$lcc2669 |    000003F0  A$lcc2669 |    000003F0  C$main.c$
     000003F3  A$lcc2669 |    000003F4  A$lcc2669 |    000003F5  A$lcc2669
     000003F6  A$lcc2669 |    000003F9  A$lcc2669 |    000003FB  A$lcc2669
     000003FB  C$main.c$ |    000003FC  A$lcc2669 |    000003FC  C$main.c$
     000003FD  A$lcc2669 |    000003FF  A$lcc2669 |    000003FF  C$main.c$
     00000400  A$lcc2669 |    00000401  A$lcc2669 |    00000403  A$lcc2669
     00000404  A$lcc2669 |    00000407  A$lcc2669 |    00000408  A$lcc2669
     00000409  A$lcc2669 |    0000040C  A$lcc2669 |    0000040E  A$lcc2669
     0000040E  C$main.c$ |    0000040E  XG$update |    0000040F  A$lcc2669
     0000040F  C$main.c$ |    0000040F  G$update_ |    0000040F  _update_f
     00000410  A$lcc2669 |    00000413  A$lcc2669 |    00000415  A$lcc2669
     00000416  A$lcc2669 |    00000416  C$main.c$ |    00000419  A$lcc2669
     00000419  C$main.c$ |    0000041B  A$lcc2669 |    0000041C  A$lcc2669
     0000041D  A$lcc2669 |    0000041F  A$lcc2669 |    00000421  A$lcc2669
     00000422  A$lcc2669 |    00000423  A$lcc2669 |    00000425  A$lcc2669
     00000427  A$lcc2669 |    00000428  A$lcc2669 |    0000042A  A$lcc2669
     0000042D  A$lcc2669 |    0000042F  A$lcc2669 |    00000430  A$lcc2669
     00000432  A$lcc2669 |    00000434  A$lcc2669 |    00000437  A$lcc2669
     00000437  C$main.c$ |    00000438  A$lcc2669 |    00000439  A$lcc2669
     0000043C  A$lcc2669 |    0000043D  A$lcc2669 |    00000440  A$lcc2669
     00000441  A$lcc2669 |    00000442  A$lcc2669 |    00000443  A$lcc2669
     00000446  A$lcc2669 |    00000447  A$lcc2669 |    00000448  A$lcc2669
     00000449  A$lcc2669 |    0000044C  A$lcc2669 |    0000044E  A$lcc2669
     0000044F  A$lcc2669 |    00000450  A$lcc2669 |    00000451  A$lcc2669
     00000453  A$lcc2669 |    00000454  A$lcc2669 |    00000457  A$lcc2669
     00000459  A$lcc2669 |    00000459  C$main.c$ |    0000045C  A$lcc2669
     0000045C  C$main.c$ |    0000045D  A$lcc2669 |    0000045F  A$lcc2669
     00000460  A$lcc2669 |    00000463  A$lcc2669 |    00000465  A$lcc2669
     00000466  A$lcc2669 |    00000469  A$lcc2669 |    0000046A  A$lcc2669
     0000046B  A$lcc2669 |    0000046C  A$lcc2669 |    0000046F  A$lcc2669
     00000470  A$lcc2669 |    00000471  A$lcc2669 |    00000472  A$lcc2669
     00000475  A$lcc2669 |    00000477  A$lcc2669 |    00000479  A$lcc2669
     0000047B  A$lcc2669 |    0000047D  A$lcc2669 |    00000480  A$lcc2669
     00000482  A$lcc2669 |    00000485  A$lcc2669 |    00000486  A$lcc2669
ASxxxx Linker V03.00 + NoICE + sdld,  page 6.
Hexadecimal  [32-Bits]

Area                       Addr        Size        Decimal Bytes (Attributes)
--------------------       ----        ----        ------- ----- ------------
_CODE                  00000200    000023B5 =        9141. bytes (REL,CON)

        Value  Global            Value  Global            Value  Global    
        -----  ------            -----  ------            -----  ------    
     00000487  A$lcc2669 |    00000488  A$lcc2669 |    00000489  A$lcc2669
     0000048B  A$lcc2669 |    0000048C  A$lcc2669 |    0000048E  A$lcc2669
     0000048F  A$lcc2669 |    00000492  A$lcc2669 |    00000494  A$lcc2669
     00000494  C$main.c$ |    00000496  A$lcc2669 |    00000496  C$main.c$
     00000497  A$lcc2669 |    00000498  A$lcc2669 |    0000049B  A$lcc2669
     0000049C  A$lcc2669 |    0000049F  A$lcc2669 |    000004A0  A$lcc2669
     000004A1  A$lcc2669 |    000004A2  A$lcc2669 |    000004A5  A$lcc2669
     000004A6  A$lcc2669 |    000004A7  A$lcc2669 |    000004A8  A$lcc2669
     000004AB  A$lcc2669 |    000004AD  A$lcc2669 |    000004AE  A$lcc2669
     000004AF  A$lcc2669 |    000004B0  A$lcc2669 |    000004B2  A$lcc2669
     000004B3  A$lcc2669 |    000004B6  A$lcc2669 |    000004B8  A$lcc2669
     000004B8  C$main.c$ |    000004BA  A$lcc2669 |    000004BA  C$main.c$
     000004BB  A$lcc2669 |    000004BC  A$lcc2669 |    000004BF  A$lcc2669
     000004C1  A$lcc2669 |    000004C2  A$lcc2669 |    000004C5  A$lcc2669
     000004C6  A$lcc2669 |    000004C7  A$lcc2669 |    000004C8  A$lcc2669
     000004CB  A$lcc2669 |    000004CC  A$lcc2669 |    000004CD  A$lcc2669
     000004CE  A$lcc2669 |    000004D1  A$lcc2669 |    000004D3  A$lcc2669
     000004D4  A$lcc2669 |    000004D6  A$lcc2669 |    000004D7  A$lcc2669
     000004D8  A$lcc2669 |    000004D9  A$lcc2669 |    000004DB  A$lcc2669
     000004DC  A$lcc2669 |    000004DF  A$lcc2669 |    000004E1  A$lcc2669
     000004E1  C$main.c$ |    000004E2  A$lcc2669 |    000004E2  C$main.c$
     000004E2  XG$update |    000004E3  A$lcc2669 |    000004E3  C$main.c$
     000004E3  C$main.c$ |    000004E3  G$reset_f |    000004E3  _reset_fr
     000004E6  A$lcc2669 |    000004E6  C$main.c$ |    000004E9  A$lcc2669
     000004EB  A$lcc2669 |    000004EB  C$main.c$ |    000004EE  A$lcc2669
     000004F0  A$lcc2669 |    000004F3  A$lcc2669 |    000004F5  A$lcc2669
     000004F5  C$main.c$ |    000004F8  A$lcc2669 |    000004FA  A$lcc2669
     000004FB  A$lcc2669 |    000004FD  A$lcc2669 |    000004FD  C$main.c$
     00000500  A$lcc2669 |    00000501  A$lcc2669 |    00000502  A$lcc2669
     00000504  A$lcc2669 |    00000505  A$lcc2669 |    00000507  A$lcc2669
     00000507  C$main.c$ |    00000508  A$lcc2669 |    0000050B  A$lcc2669
     0000050B  C$main.c$ |    0000050E  A$lcc2669 |    00000510  A$lcc2669
     00000510  C$main.c$ |    00000513  A$lcc2669 |    00000515  A$lcc2669
     00000516  A$lcc2669 |    00000517  A$lcc2669 |    0000051A  A$lcc2669
     0000051B  A$lcc2669 |    0000051E  A$lcc2669 |    0000051F  A$lcc2669
     00000520  A$lcc2669 |    00000521  A$lcc2669 |    00000522  A$lcc2669
     00000525  A$lcc2669 |    00000526  A$lcc2669 |    00000527  A$lcc2669
     00000528  A$lcc2669 |    0000052B  A$lcc2669 |    0000052D  A$lcc2669
     0000052E  A$lcc2669 |    0000052F  A$lcc2669 |    00000530  A$lcc2669
     00000531  A$lcc2669 |    00000532  A$lcc2669 |    00000533  A$lcc2669
     00000534  A$lcc2669 |    00000535  A$lcc2669 |    00000538  A$lcc2669
     0000053A  A$lcc2669 |    0000053A  C$main.c$ |    0000053A  C$main.c$
     0000053A  XG$reset_ |    0000053B  A$lcc2669 |    0000053B  C$main.c$
     0000053B  C$main.c$ |    0000053B  G$reset_t |    0000053B  _reset_ti
     0000053E  A$lcc2669 |    00000540  A$lcc2669 |    00000541  A$lcc2669
     00000543  A$lcc2669 |    00000543  C$main.c$ |    00000546  A$lcc2669
     00000548  A$lcc2669 |    00000548  C$main.c$ |    0000054B  A$lcc2669
     0000054C  A$lcc2669 |    0000054F  A$lcc2669 |    00000550  A$lcc2669
     00000553  A$lcc2669 |    00000554  A$lcc2669 |    00000557  A$lcc2669
     00000559  A$lcc2669 |    00000559  C$main.c$ |    00000559  XG$reset_
     0000055A  A$lcc2669 |    0000055A  C$main.c$ |    0000055A  C$main.c$
ASxxxx Linker V03.00 + NoICE + sdld,  page 7.
Hexadecimal  [32-Bits]

Area                       Addr        Size        Decimal Bytes (Attributes)
--------------------       ----        ----        ------- ----- ------------
_CODE                  00000200    000023B5 =        9141. bytes (REL,CON)

        Value  Global            Value  Global            Value  Global    
        -----  ------            -----  ------            -----  ------    
     0000055A  G$frog_de |    0000055A  _frog_dea |    0000055D  A$lcc2669
     0000055E  A$lcc2669 |    0000055F  A$lcc2669 |    00000561  A$lcc2669
     00000561  C$main.c$ |    00000562  A$lcc2669 |    00000563  A$lcc2669
     00000565  A$lcc2669 |    00000565  C$main.c$ |    00000568  A$lcc2669
     0000056A  A$lcc2669 |    0000056A  C$main.c$ |    0000056B  A$lcc2669
     0000056B  C$main.c$ |    0000056E  A$lcc2669 |    0000056E  C$main.c$
     0000056E  C$main.c$ |    0000056E  XG$frog_d |    00000571  A$lcc2669
     00000571  C$main.c$ |    00000571  C$main.c$ |    00000571  G$init_le
     00000571  _init_lev |    00000574  A$lcc2669 |    00000575  A$lcc2669
     00000578  A$lcc2669 |    00000579  A$lcc2669 |    0000057C  A$lcc2669
     0000057E  A$lcc2669 |    0000057E  C$main.c$ |    00000581  A$lcc2669
     00000582  A$lcc2669 |    00000585  A$lcc2669 |    00000586  A$lcc2669
     00000589  A$lcc2669 |    0000058B  A$lcc2669 |    0000058B  C$main.c$
     0000058E  A$lcc2669 |    0000058F  A$lcc2669 |    00000592  A$lcc2669
     00000593  A$lcc2669 |    00000596  A$lcc2669 |    00000598  A$lcc2669
     00000598  C$main.c$ |    0000059B  A$lcc2669 |    0000059C  A$lcc2669
     0000059F  A$lcc2669 |    000005A0  A$lcc2669 |    000005A3  A$lcc2669
     000005A5  A$lcc2669 |    000005A5  C$main.c$ |    000005A8  A$lcc2669
     000005A9  A$lcc2669 |    000005AC  A$lcc2669 |    000005AD  A$lcc2669
     000005B0  A$lcc2669 |    000005B2  A$lcc2669 |    000005B2  C$main.c$
     000005B5  A$lcc2669 |    000005B6  A$lcc2669 |    000005B9  A$lcc2669
     000005BA  A$lcc2669 |    000005BB  A$lcc2669 |    000005BC  A$lcc2669
     000005BD  A$lcc2669 |    000005C0  A$lcc2669 |    000005C2  A$lcc2669
     000005C2  C$main.c$ |    000005C5  A$lcc2669 |    000005C6  A$lcc2669
     000005C8  A$lcc2669 |    000005C9  A$lcc2669 |    000005CA  A$lcc2669
     000005CD  A$lcc2669 |    000005CF  A$lcc2669 |    000005CF  C$main.c$
     000005D2  A$lcc2669 |    000005D4  A$lcc2669 |    000005D4  C$main.c$
     000005D7  A$lcc2669 |    000005D9  A$lcc2669 |    000005DA  A$lcc2669
     000005DC  A$lcc2669 |    000005DC  C$main.c$ |    000005DF  A$lcc2669
     000005E1  A$lcc2669 |    000005E2  A$lcc2669 |    000005E4  A$lcc2669
     000005E4  C$main.c$ |    000005E7  A$lcc2669 |    000005E9  A$lcc2669
     000005E9  C$main.c$ |    000005EA  A$lcc2669 |    000005ED  A$lcc2669
     000005EE  A$lcc2669 |    000005EF  A$lcc2669 |    000005EF  C$main.c$
     000005F2  A$lcc2669 |    000005F2  C$main.c$ |    000005F5  A$lcc2669
     000005F7  A$lcc2669 |    000005F7  C$main.c$ |    000005FA  A$lcc2669
     000005FA  C$main.c$ |    000005FD  A$lcc2669 |    000005FD  C$main.c$
     00000600  A$lcc2669 |    00000600  C$main.c$ |    00000603  A$lcc2669
     00000603  C$main.c$ |    00000603  C$main.c$ |    00000603  XG$init_l
     00000606  A$lcc2669 |    00000606  C$main.c$ |    00000606  G$move_fr
     00000606  _move_fro |    00000607  A$lcc2669 |    00000608  A$lcc2669
     00000608  C$main.c$ |    0000060B  A$lcc2669 |    0000060C  A$lcc2669
     0000060F  A$lcc2669 |    0000060F  C$main.c$ |    00000612  A$lcc2669
     00000613  A$lcc2669 |    00000615  A$lcc2669 |    00000616  A$lcc2669
     00000617  A$lcc2669 |    00000618  A$lcc2669 |    00000619  A$lcc2669
     0000061C  A$lcc2669 |    0000061E  A$lcc2669 |    00000620  A$lcc2669
     00000623  A$lcc2669 |    00000625  A$lcc2669 |    00000628  A$lcc2669
     00000629  A$lcc2669 |    0000062A  A$lcc2669 |    0000062B  A$lcc2669
     0000062C  A$lcc2669 |    0000062D  A$lcc2669 |    00000630  A$lcc2669
     00000631  A$lcc2669 |    00000632  A$lcc2669 |    00000633  A$lcc2669
     00000636  A$lcc2669 |    00000637  A$lcc2669 |    0000063A  A$lcc2669
     0000063B  A$lcc2669 |    0000063E  A$lcc2669 |    0000063F  A$lcc2669
ASxxxx Linker V03.00 + NoICE + sdld,  page 8.
Hexadecimal  [32-Bits]

Area                       Addr        Size        Decimal Bytes (Attributes)
--------------------       ----        ----        ------- ----- ------------
_CODE                  00000200    000023B5 =        9141. bytes (REL,CON)

        Value  Global            Value  Global            Value  Global    
        -----  ------            -----  ------            -----  ------    
     00000640  A$lcc2669 |    00000642  A$lcc2669 |    00000644  A$lcc2669
     00000646  A$lcc2669 |    00000646  C$main.c$ |    00000647  A$lcc2669
     00000649  A$lcc2669 |    0000064B  A$lcc2669 |    0000064C  A$lcc2669
     0000064E  A$lcc2669 |    0000064F  A$lcc2669 |    00000652  A$lcc2669
     00000654  A$lcc2669 |    00000655  A$lcc2669 |    00000658  A$lcc2669
     00000659  A$lcc2669 |    0000065A  A$lcc2669 |    0000065B  A$lcc2669
     0000065E  A$lcc2669 |    0000065F  A$lcc2669 |    00000660  A$lcc2669
     00000663  A$lcc2669 |    00000665  A$lcc2669 |    00000667  A$lcc2669
     00000668  A$lcc2669 |    00000669  A$lcc2669 |    0000066A  A$lcc2669
     0000066B  A$lcc2669 |    0000066D  A$lcc2669 |    0000066E  A$lcc2669
     00000671  A$lcc2669 |    00000673  A$lcc2669 |    00000673  C$main.c$
     00000676  A$lcc2669 |    00000676  C$main.c$ |    00000677  A$lcc2669
     00000679  A$lcc2669 |    0000067C  A$lcc2669 |    0000067D  A$lcc2669
     0000067F  A$lcc2669 |    00000680  A$lcc2669 |    00000683  A$lcc2669
     00000685  A$lcc2669 |    00000686  A$lcc2669 |    00000689  A$lcc2669
     0000068A  A$lcc2669 |    0000068B  A$lcc2669 |    0000068C  A$lcc2669
     0000068F  A$lcc2669 |    00000690  A$lcc2669 |    00000691  A$lcc2669
     00000694  A$lcc2669 |    00000696  A$lcc2669 |    00000698  A$lcc2669
     00000699  A$lcc2669 |    0000069B  A$lcc2669 |    0000069C  A$lcc2669
     0000069D  A$lcc2669 |    0000069E  A$lcc2669 |    0000069F  A$lcc2669
     000006A1  A$lcc2669 |    000006A2  A$lcc2669 |    000006A5  A$lcc2669
     000006A7  A$lcc2669 |    000006A7  C$main.c$ |    000006AA  A$lcc2669
     000006AA  C$main.c$ |    000006AD  A$lcc2669 |    000006AE  A$lcc2669
     000006B1  A$lcc2669 |    000006B1  C$main.c$ |    000006B4  A$lcc2669
     000006B5  A$lcc2669 |    000006B6  A$lcc2669 |    000006B7  A$lcc2669
     000006BA  A$lcc2669 |    000006BC  A$lcc2669 |    000006BE  A$lcc2669
     000006C1  A$lcc2669 |    000006C3  A$lcc2669 |    000006C6  A$lcc2669
     000006C7  A$lcc2669 |    000006C8  A$lcc2669 |    000006C9  A$lcc2669
     000006CC  A$lcc2669 |    000006CD  A$lcc2669 |    000006CE  A$lcc2669
     000006CF  A$lcc2669 |    000006D2  A$lcc2669 |    000006D3  A$lcc2669
     000006D6  A$lcc2669 |    000006D7  A$lcc2669 |    000006D9  A$lcc2669
     000006D9  C$main.c$ |    000006D9  C$main.c$ |    000006DA  A$lcc2669
     000006DB  A$lcc2669 |    000006DC  A$lcc2669 |    000006DC  C$main.c$
     000006DD  A$lcc2669 |    000006DE  A$lcc2669 |    000006E0  A$lcc2669
     000006E3  A$lcc2669 |    000006E5  A$lcc2669 |    000006E6  A$lcc2669
     000006E9  A$lcc2669 |    000006EB  A$lcc2669 |    000006EC  A$lcc2669
     000006EF  A$lcc2669 |    000006F0  A$lcc2669 |    000006F1  A$lcc2669
     000006F2  A$lcc2669 |    000006F3  A$lcc2669 |    000006F6  A$lcc2669
     000006F7  A$lcc2669 |    000006F8  A$lcc2669 |    000006F9  A$lcc2669
     000006FC  A$lcc2669 |    000006FE  A$lcc2669 |    00000700  A$lcc2669
     00000701  A$lcc2669 |    00000702  A$lcc2669 |    00000703  A$lcc2669
     00000704  A$lcc2669 |    00000706  A$lcc2669 |    00000707  A$lcc2669
     0000070A  A$lcc2669 |    0000070C  A$lcc2669 |    0000070C  C$main.c$
     0000070E  A$lcc2669 |    0000070E  C$main.c$ |    0000070F  A$lcc2669
     00000711  A$lcc2669 |    00000714  A$lcc2669 |    00000716  A$lcc2669
     00000718  A$lcc2669 |    00000719  A$lcc2669 |    0000071C  A$lcc2669
     0000071E  A$lcc2669 |    0000071F  A$lcc2669 |    00000722  A$lcc2669
     00000723  A$lcc2669 |    00000724  A$lcc2669 |    00000725  A$lcc2669
     00000726  A$lcc2669 |    00000729  A$lcc2669 |    0000072A  A$lcc2669
     0000072B  A$lcc2669 |    0000072C  A$lcc2669 |    0000072F  A$lcc2669
     00000731  A$lcc2669 |    00000733  A$lcc2669 |    00000735  A$lcc2669
ASxxxx Linker V03.00 + NoICE + sdld,  page 9.
Hexadecimal  [32-Bits]

Area                       Addr        Size        Decimal Bytes (Attributes)
--------------------       ----        ----        ------- ----- ------------
_CODE                  00000200    000023B5 =        9141. bytes (REL,CON)

        Value  Global            Value  Global            Value  Global    
        -----  ------            -----  ------            -----  ------    
     00000737  A$lcc2669 |    0000073A  A$lcc2669 |    0000073C  A$lcc2669
     0000073F  A$lcc2669 |    00000741  A$lcc2669 |    00000742  A$lcc2669
     00000743  A$lcc2669 |    00000744  A$lcc2669 |    00000745  A$lcc2669
     00000746  A$lcc2669 |    00000748  A$lcc2669 |    00000749  A$lcc2669
     0000074C  A$lcc2669 |    0000074E  A$lcc2669 |    0000074E  C$main.c$
     0000074F  A$lcc2669 |    00000750  A$lcc2669 |    00000750  C$main.c$
     00000750  XG$move_f |    00000751  A$lcc2669 |    00000751  C$main.c$
     00000751  C$main.c$ |    00000751  G$animate |    00000751  XG$animat
     00000751  _animate_ |    00000752  A$lcc2669 |    00000752  C$main.c$
     00000752  C$main.c$ |    00000752  G$update_ |    00000752  _update_m
     00000755  A$lcc2669 |    00000756  A$lcc2669 |    00000758  A$lcc2669
     00000758  C$main.c$ |    0000075B  A$lcc2669 |    0000075B  C$main.c$
     0000075E  A$lcc2669 |    00000760  A$lcc2669 |    00000762  A$lcc2669
     00000765  A$lcc2669 |    00000767  A$lcc2669 |    0000076A  A$lcc2669
     0000076B  A$lcc2669 |    0000076E  A$lcc2669 |    0000076F  A$lcc2669
     00000770  A$lcc2669 |    00000771  A$lcc2669 |    00000771  C$main.c$
     00000774  A$lcc2669 |    00000775  A$lcc2669 |    00000777  A$lcc2669
     00000777  C$main.c$ |    0000077A  A$lcc2669 |    0000077A  C$main.c$
     0000077D  A$lcc2669 |    0000077F  A$lcc2669 |    00000781  A$lcc2669
     00000784  A$lcc2669 |    00000786  A$lcc2669 |    00000789  A$lcc2669
     0000078A  A$lcc2669 |    0000078D  A$lcc2669 |    0000078E  A$lcc2669
     0000078F  A$lcc2669 |    00000790  A$lcc2669 |    00000790  C$main.c$
     00000793  A$lcc2669 |    00000794  A$lcc2669 |    00000796  A$lcc2669
     00000799  A$lcc2669 |    0000079A  A$lcc2669 |    0000079B  A$lcc2669
     0000079B  C$main.c$ |    0000079E  A$lcc2669 |    000007A0  A$lcc2669
     000007A0  C$main.c$ |    000007A3  A$lcc2669 |    000007A4  A$lcc2669
     000007A5  A$lcc2669 |    000007A6  A$lcc2669 |    000007A9  A$lcc2669
     000007AA  A$lcc2669 |    000007AC  A$lcc2669 |    000007AD  A$lcc2669
     000007AE  A$lcc2669 |    000007AF  A$lcc2669 |    000007B0  A$lcc2669
     000007B1  A$lcc2669 |    000007B2  A$lcc2669 |    000007B4  A$lcc2669
     000007B6  A$lcc2669 |    000007B8  A$lcc2669 |    000007BA  A$lcc2669
     000007BB  A$lcc2669 |    000007BD  A$lcc2669 |    000007BF  A$lcc2669
     000007C1  A$lcc2669 |    000007C2  A$lcc2669 |    000007C3  A$lcc2669
     000007C3  C$main.c$ |    000007C6  A$lcc2669 |    000007C7  A$lcc2669
     000007C9  A$lcc2669 |    000007CA  A$lcc2669 |    000007CB  A$lcc2669
     000007CD  A$lcc2669 |    000007CE  A$lcc2669 |    000007CE  C$main.c$
     000007D1  A$lcc2669 |    000007D1  C$main.c$ |    000007D4  A$lcc2669
     000007D7  A$lcc2669 |    000007D7  C$main.c$ |    000007D7  XG$update
     000007D8  A$lcc2669 |    000007D8  C$main.c$ |    000007D8  C$main.c$
     000007D8  G$paralla |    000007D8  _parallax |    000007DA  A$lcc2669
     000007DB  A$lcc2669 |    000007DD  A$lcc2669 |    000007DF  A$lcc2669
     000007E1  A$lcc2669 |    000007E3  A$lcc2669 |    000007E5  A$lcc2669
     000007E7  A$lcc2669 |    000007E9  A$lcc2669 |    000007EB  A$lcc2669
     000007ED  A$lcc2669 |    000007EF  A$lcc2669 |    000007F1  A$lcc2669
     000007F3  A$lcc2669 |    000007F5  A$lcc2669 |    000007F7  A$lcc2669
     000007F9  A$lcc2669 |    000007FB  A$lcc2669 |    000007FD  A$lcc2669
     000007FF  A$lcc2669 |    00000802  A$lcc2669 |    00000804  A$lcc2669
     00000807  A$lcc2669 |    00000809  A$lcc2669 |    0000080C  A$lcc2669
     0000080E  A$lcc2669 |    00000811  A$lcc2669 |    00000812  A$lcc2669
     00000812  C$main.c$ |    00000813  A$lcc2669 |    00000815  A$lcc2669
     00000816  A$lcc2669 |    00000818  A$lcc2669 |    00000818  C$main.c$
ASxxxx Linker V03.00 + NoICE + sdld,  page 10.
Hexadecimal  [32-Bits]

Area                       Addr        Size        Decimal Bytes (Attributes)
--------------------       ----        ----        ------- ----- ------------
_CODE                  00000200    000023B5 =        9141. bytes (REL,CON)

        Value  Global            Value  Global            Value  Global    
        -----  ------            -----  ------            -----  ------    
     0000081A  A$lcc2669 |    0000081C  A$lcc2669 |    0000081C  C$main.c$
     0000081D  A$lcc2669 |    0000081D  C$main.c$ |    00000820  A$lcc2669
     00000822  A$lcc2669 |    00000823  A$lcc2669 |    00000825  A$lcc2669
     00000825  C$main.c$ |    00000827  A$lcc2669 |    00000829  A$lcc2669
     00000829  C$main.c$ |    0000082A  A$lcc2669 |    0000082A  C$main.c$
     0000082D  A$lcc2669 |    0000082F  A$lcc2669 |    00000830  A$lcc2669
     00000832  A$lcc2669 |    00000832  C$main.c$ |    00000834  A$lcc2669
     00000836  A$lcc2669 |    00000836  C$main.c$ |    00000837  A$lcc2669
     00000837  C$main.c$ |    0000083A  A$lcc2669 |    0000083C  A$lcc2669
     0000083D  A$lcc2669 |    0000083F  A$lcc2669 |    0000083F  C$main.c$
     00000841  A$lcc2669 |    00000843  A$lcc2669 |    00000843  C$main.c$
     00000844  A$lcc2669 |    00000844  C$main.c$ |    00000847  A$lcc2669
     00000849  A$lcc2669 |    0000084A  A$lcc2669 |    0000084C  A$lcc2669
     0000084C  C$main.c$ |    0000084E  A$lcc2669 |    00000850  A$lcc2669
     00000850  C$main.c$ |    00000851  A$lcc2669 |    00000851  C$main.c$
     00000854  A$lcc2669 |    00000856  A$lcc2669 |    00000857  A$lcc2669
     00000859  A$lcc2669 |    00000859  C$main.c$ |    0000085B  A$lcc2669
     0000085D  A$lcc2669 |    0000085D  C$main.c$ |    0000085E  A$lcc2669
     0000085E  C$main.c$ |    0000085F  A$lcc2669 |    00000861  A$lcc2669
     00000862  A$lcc2669 |    00000864  A$lcc2669 |    00000864  C$main.c$
     00000866  A$lcc2669 |    00000868  A$lcc2669 |    00000868  C$main.c$
     00000869  A$lcc2669 |    00000869  C$main.c$ |    0000086C  A$lcc2669
     0000086E  A$lcc2669 |    0000086F  A$lcc2669 |    00000871  A$lcc2669
     00000871  C$main.c$ |    00000873  A$lcc2669 |    00000875  A$lcc2669
     00000875  C$main.c$ |    00000876  A$lcc2669 |    00000876  C$main.c$
     00000879  A$lcc2669 |    0000087B  A$lcc2669 |    0000087C  A$lcc2669
     0000087E  A$lcc2669 |    0000087E  C$main.c$ |    00000880  A$lcc2669
     00000882  A$lcc2669 |    00000882  C$main.c$ |    00000883  A$lcc2669
     00000883  C$main.c$ |    00000886  A$lcc2669 |    00000888  A$lcc2669
     00000889  A$lcc2669 |    0000088B  A$lcc2669 |    0000088B  C$main.c$
     0000088D  A$lcc2669 |    0000088F  A$lcc2669 |    0000088F  C$main.c$
     00000890  A$lcc2669 |    00000890  C$main.c$ |    00000893  A$lcc2669
     00000895  A$lcc2669 |    00000896  A$lcc2669 |    00000898  A$lcc2669
     00000898  C$main.c$ |    0000089A  A$lcc2669 |    0000089C  A$lcc2669
     0000089C  C$main.c$ |    0000089D  A$lcc2669 |    0000089D  C$main.c$
     000008A0  A$lcc2669 |    000008A2  A$lcc2669 |    000008A3  A$lcc2669
     000008A5  A$lcc2669 |    000008A5  C$main.c$ |    000008A7  A$lcc2669
     000008A9  A$lcc2669 |    000008A9  C$main.c$ |    000008AA  A$lcc2669
     000008AA  C$main.c$ |    000008AB  A$lcc2669 |    000008AD  A$lcc2669
     000008AE  A$lcc2669 |    000008B0  A$lcc2669 |    000008B0  C$main.c$
     000008B1  A$lcc2669 |    000008B3  A$lcc2669 |    000008B3  C$main.c$
     000008B3  C$main.c$ |    000008B3  XG$parall |    000008B4  A$lcc2669
     000008B4  C$main.c$ |    000008B4  G$scroll_ |    000008B4  _scroll_c
     000008B5  A$lcc2669 |    000008B5  C$main.c$ |    000008B8  A$lcc2669
     000008B9  A$lcc2669 |    000008BB  A$lcc2669 |    000008BE  A$lcc2669
     000008BF  A$lcc2669 |    000008C0  A$lcc2669 |    000008C3  A$lcc2669
     000008C5  A$lcc2669 |    000008C6  A$lcc2669 |    000008C7  A$lcc2669
     000008C8  A$lcc2669 |    000008CA  A$lcc2669 |    000008CA  C$main.c$
     000008CD  A$lcc2669 |    000008CE  A$lcc2669 |    000008CF  A$lcc2669
     000008D0  A$lcc2669 |    000008D0  C$main.c$ |    000008D1  A$lcc2669
     000008D2  A$lcc2669 |    000008D3  A$lcc2669 |    000008D4  A$lcc2669
ASxxxx Linker V03.00 + NoICE + sdld,  page 11.
Hexadecimal  [32-Bits]

Area                       Addr        Size        Decimal Bytes (Attributes)
--------------------       ----        ----        ------- ----- ------------
_CODE                  00000200    000023B5 =        9141. bytes (REL,CON)

        Value  Global            Value  Global            Value  Global    
        -----  ------            -----  ------            -----  ------    
     000008D5  A$lcc2669 |    000008D6  A$lcc2669 |    000008D6  C$main.c$
     000008D7  A$lcc2669 |    000008D8  A$lcc2669 |    000008D9  A$lcc2669
     000008DA  A$lcc2669 |    000008DB  A$lcc2669 |    000008DC  A$lcc2669
     000008DD  A$lcc2669 |    000008DD  C$main.c$ |    000008E0  A$lcc2669
     000008E1  A$lcc2669 |    000008E3  A$lcc2669 |    000008E6  A$lcc2669
     000008E7  A$lcc2669 |    000008E7  C$main.c$ |    000008E7  C$main.c$
     000008E8  A$lcc2669 |    000008EA  A$lcc2669 |    000008EA  C$main.c$
     000008ED  A$lcc2669 |    000008EE  A$lcc2669 |    000008EF  A$lcc2669
     000008F0  A$lcc2669 |    000008F1  A$lcc2669 |    000008F4  A$lcc2669
     000008F5  A$lcc2669 |    000008F6  A$lcc2669 |    000008F7  A$lcc2669
     000008F7  C$main.c$ |    000008FA  A$lcc2669 |    000008FA  C$main.c$
     000008FD  A$lcc2669 |    000008FF  A$lcc2669 |    00000901  A$lcc2669
     00000901  C$main.c$ |    00000904  A$lcc2669 |    00000905  A$lcc2669
     00000906  A$lcc2669 |    00000907  A$lcc2669 |    00000908  A$lcc2669
     0000090B  A$lcc2669 |    0000090C  A$lcc2669 |    0000090D  A$lcc2669
     0000090E  A$lcc2669 |    0000090E  C$main.c$ |    00000911  A$lcc2669
     00000911  C$main.c$ |    00000914  A$lcc2669 |    00000915  A$lcc2669
     00000917  A$lcc2669 |    0000091A  A$lcc2669 |    0000091B  A$lcc2669
     0000091C  A$lcc2669 |    0000091F  A$lcc2669 |    00000921  A$lcc2669
     00000922  A$lcc2669 |    00000923  A$lcc2669 |    00000924  A$lcc2669
     00000926  A$lcc2669 |    00000926  C$main.c$ |    00000929  A$lcc2669
     0000092A  A$lcc2669 |    0000092B  A$lcc2669 |    0000092C  A$lcc2669
     0000092C  C$main.c$ |    0000092F  A$lcc2669 |    00000930  A$lcc2669
     00000932  A$lcc2669 |    00000932  C$main.c$ |    00000935  A$lcc2669
     00000936  A$lcc2669 |    00000937  A$lcc2669 |    00000938  A$lcc2669
     00000939  A$lcc2669 |    0000093C  A$lcc2669 |    0000093D  A$lcc2669
     0000093E  A$lcc2669 |    0000093F  A$lcc2669 |    00000942  A$lcc2669
     00000944  A$lcc2669 |    00000945  A$lcc2669 |    00000948  A$lcc2669
     00000949  A$lcc2669 |    0000094A  A$lcc2669 |    0000094B  A$lcc2669
     0000094E  A$lcc2669 |    0000094F  A$lcc2669 |    00000950  A$lcc2669
     00000951  A$lcc2669 |    00000954  A$lcc2669 |    00000956  A$lcc2669
     00000958  A$lcc2669 |    00000959  A$lcc2669 |    0000095A  A$lcc2669
     0000095B  A$lcc2669 |    0000095C  A$lcc2669 |    0000095E  A$lcc2669
     0000095F  A$lcc2669 |    00000962  A$lcc2669 |    00000964  A$lcc2669
     00000964  C$main.c$ |    00000964  C$main.c$ |    00000967  A$lcc2669
     00000968  A$lcc2669 |    0000096A  A$lcc2669 |    0000096A  C$main.c$
     0000096D  A$lcc2669 |    0000096F  A$lcc2669 |    00000971  A$lcc2669
     00000971  C$main.c$ |    00000974  A$lcc2669 |    00000975  A$lcc2669
     00000976  A$lcc2669 |    00000977  A$lcc2669 |    00000978  A$lcc2669
     0000097B  A$lcc2669 |    0000097C  A$lcc2669 |    0000097D  A$lcc2669
     0000097E  A$lcc2669 |    0000097E  C$main.c$ |    00000981  A$lcc2669
     00000981  C$main.c$ |    00000984  A$lcc2669 |    00000986  A$lcc2669
     00000988  A$lcc2669 |    00000988  C$main.c$ |    0000098B  A$lcc2669
     0000098C  A$lcc2669 |    0000098D  A$lcc2669 |    0000098E  A$lcc2669
     0000098E  C$main.c$ |    00000991  A$lcc2669 |    00000992  A$lcc2669
     00000993  A$lcc2669 |    00000994  A$lcc2669 |    00000994  C$main.c$
     00000997  A$lcc2669 |    00000998  A$lcc2669 |    00000999  A$lcc2669
     0000099A  A$lcc2669 |    0000099A  C$main.c$ |    0000099D  A$lcc2669
     0000099E  A$lcc2669 |    0000099F  A$lcc2669 |    000009A0  A$lcc2669
     000009A0  C$main.c$ |    000009A3  A$lcc2669 |    000009A4  A$lcc2669
     000009A6  A$lcc2669 |    000009A6  C$main.c$ |    000009A9  A$lcc2669
ASxxxx Linker V03.00 + NoICE + sdld,  page 12.
Hexadecimal  [32-Bits]

Area                       Addr        Size        Decimal Bytes (Attributes)
--------------------       ----        ----        ------- ----- ------------
_CODE                  00000200    000023B5 =        9141. bytes (REL,CON)

        Value  Global            Value  Global            Value  Global    
        -----  ------            -----  ------            -----  ------    
     000009AB  A$lcc2669 |    000009AD  A$lcc2669 |    000009AD  C$main.c$
     000009B0  A$lcc2669 |    000009B1  A$lcc2669 |    000009B2  A$lcc2669
     000009B3  A$lcc2669 |    000009B4  A$lcc2669 |    000009B7  A$lcc2669
     000009B8  A$lcc2669 |    000009B9  A$lcc2669 |    000009BA  A$lcc2669
     000009BA  C$main.c$ |    000009BD  A$lcc2669 |    000009BD  C$main.c$
     000009C0  A$lcc2669 |    000009C1  A$lcc2669 |    000009C3  A$lcc2669
     000009C6  A$lcc2669 |    000009C7  A$lcc2669 |    000009C8  A$lcc2669
     000009CB  A$lcc2669 |    000009CD  A$lcc2669 |    000009CE  A$lcc2669
     000009CF  A$lcc2669 |    000009D1  A$lcc2669 |    000009D1  C$main.c$
     000009D4  A$lcc2669 |    000009D5  A$lcc2669 |    000009D6  A$lcc2669
     000009D7  A$lcc2669 |    000009D7  C$main.c$ |    000009DA  A$lcc2669
     000009DB  A$lcc2669 |    000009DC  A$lcc2669 |    000009DD  A$lcc2669
     000009DD  C$main.c$ |    000009E0  A$lcc2669 |    000009E1  A$lcc2669
     000009E2  A$lcc2669 |    000009E2  C$main.c$ |    000009E2  XG$scroll
     000009E3  A$lcc2669 |    000009E3  C$main.c$ |    000009E3  G$drain_t
     000009E3  _drain_ti |    000009E4  A$lcc2669 |    000009E5  A$lcc2669
     000009E5  C$main.c$ |    000009E8  A$lcc2669 |    000009E9  A$lcc2669
     000009EB  A$lcc2669 |    000009EC  A$lcc2669 |    000009EE  A$lcc2669
     000009F0  A$lcc2669 |    000009F1  A$lcc2669 |    000009F1  C$main.c$
     000009F2  A$lcc2669 |    000009F3  A$lcc2669 |    000009F5  A$lcc2669
     000009F7  A$lcc2669 |    000009FA  A$lcc2669 |    000009FB  A$lcc2669
     000009FD  A$lcc2669 |    000009FF  A$lcc2669 |    00000A01  A$lcc2669
     00000A03  A$lcc2669 |    00000A05  A$lcc2669 |    00000A07  A$lcc2669
     00000A08  A$lcc2669 |    00000A08  C$main.c$ |    00000A0A  A$lcc2669
     00000A0B  A$lcc2669 |    00000A0D  A$lcc2669 |    00000A0E  A$lcc2669
     00000A11  A$lcc2669 |    00000A12  A$lcc2669 |    00000A13  A$lcc2669
     00000A13  C$main.c$ |    00000A16  A$lcc2669 |    00000A17  A$lcc2669
     00000A1A  A$lcc2669 |    00000A1B  A$lcc2669 |    00000A1D  A$lcc2669
     00000A1E  A$lcc2669 |    00000A21  A$lcc2669 |    00000A22  A$lcc2669
     00000A23  A$lcc2669 |    00000A24  A$lcc2669 |    00000A25  A$lcc2669
     00000A28  A$lcc2669 |    00000A29  A$lcc2669 |    00000A2A  A$lcc2669
     00000A2B  A$lcc2669 |    00000A2C  A$lcc2669 |    00000A2D  A$lcc2669
     00000A2E  A$lcc2669 |    00000A2F  A$lcc2669 |    00000A32  A$lcc2669
     00000A33  A$lcc2669 |    00000A34  A$lcc2669 |    00000A34  C$main.c$
     00000A36  A$lcc2669 |    00000A37  A$lcc2669 |    00000A39  A$lcc2669
     00000A3B  A$lcc2669 |    00000A3C  A$lcc2669 |    00000A3E  A$lcc2669
     00000A3F  A$lcc2669 |    00000A40  A$lcc2669 |    00000A42  A$lcc2669
     00000A43  A$lcc2669 |    00000A44  A$lcc2669 |    00000A46  A$lcc2669
     00000A47  A$lcc2669 |    00000A48  A$lcc2669 |    00000A4A  A$lcc2669
     00000A4A  C$main.c$ |    00000A4C  A$lcc2669 |    00000A4D  A$lcc2669
     00000A4F  A$lcc2669 |    00000A50  A$lcc2669 |    00000A52  A$lcc2669
     00000A53  A$lcc2669 |    00000A54  A$lcc2669 |    00000A55  A$lcc2669
     00000A56  A$lcc2669 |    00000A59  A$lcc2669 |    00000A5B  A$lcc2669
     00000A5B  C$main.c$ |    00000A5E  A$lcc2669 |    00000A5F  A$lcc2669
     00000A5F  C$main.c$ |    00000A62  A$lcc2669 |    00000A63  A$lcc2669
     00000A65  A$lcc2669 |    00000A66  A$lcc2669 |    00000A67  A$lcc2669
     00000A69  A$lcc2669 |    00000A6A  A$lcc2669 |    00000A6A  C$main.c$
     00000A6D  A$lcc2669 |    00000A6D  C$main.c$ |    00000A70  A$lcc2669
     00000A71  A$lcc2669 |    00000A73  A$lcc2669 |    00000A74  A$lcc2669
     00000A75  A$lcc2669 |    00000A75  C$main.c$ |    00000A77  A$lcc2669
     00000A78  A$lcc2669 |    00000A7A  A$lcc2669 |    00000A7C  A$lcc2669
ASxxxx Linker V03.00 + NoICE + sdld,  page 13.
Hexadecimal  [32-Bits]

Area                       Addr        Size        Decimal Bytes (Attributes)
--------------------       ----        ----        ------- ----- ------------
_CODE                  00000200    000023B5 =        9141. bytes (REL,CON)

        Value  Global            Value  Global            Value  Global    
        -----  ------            -----  ------            -----  ------    
     00000A7C  C$main.c$ |    00000A7F  A$lcc2669 |    00000A81  A$lcc2669
     00000A81  C$main.c$ |    00000A84  A$lcc2669 |    00000A86  A$lcc2669
     00000A87  A$lcc2669 |    00000A88  A$lcc2669 |    00000A88  C$main.c$
     00000A88  XG$drain_ |    00000A89  A$lcc2669 |    00000A89  C$main.c$
     00000A89  G$reload_ |    00000A89  _reload_t |    00000A8A  A$lcc2669
     00000A8B  A$lcc2669 |    00000A8B  C$main.c$ |    00000A8E  A$lcc2669
     00000A8F  A$lcc2669 |    00000A91  A$lcc2669 |    00000A92  A$lcc2669
     00000A94  A$lcc2669 |    00000A96  A$lcc2669 |    00000A97  A$lcc2669
     00000A97  C$main.c$ |    00000A98  A$lcc2669 |    00000A99  A$lcc2669
     00000A9B  A$lcc2669 |    00000A9D  A$lcc2669 |    00000AA0  A$lcc2669
     00000AA1  A$lcc2669 |    00000AA3  A$lcc2669 |    00000AA5  A$lcc2669
     00000AA7  A$lcc2669 |    00000AA9  A$lcc2669 |    00000AAB  A$lcc2669
     00000AAD  A$lcc2669 |    00000AAD  C$main.c$ |    00000AAF  A$lcc2669
     00000AB0  A$lcc2669 |    00000AB1  A$lcc2669 |    00000AB3  A$lcc2669
     00000AB4  A$lcc2669 |    00000AB7  A$lcc2669 |    00000AB8  A$lcc2669
     00000AB9  A$lcc2669 |    00000AB9  C$main.c$ |    00000ABC  A$lcc2669
     00000ABD  A$lcc2669 |    00000AC0  A$lcc2669 |    00000AC1  A$lcc2669
     00000AC3  A$lcc2669 |    00000AC3  C$main.c$ |    00000AC4  A$lcc2669
     00000AC5  A$lcc2669 |    00000AC6  A$lcc2669 |    00000AC8  A$lcc2669
     00000ACA  A$lcc2669 |    00000ACB  A$lcc2669 |    00000ACC  A$lcc2669
     00000ACD  A$lcc2669 |    00000ACE  A$lcc2669 |    00000ACF  A$lcc2669
     00000AD0  A$lcc2669 |    00000AD2  A$lcc2669 |    00000AD3  A$lcc2669
     00000AD4  A$lcc2669 |    00000AD6  A$lcc2669 |    00000AD7  A$lcc2669
     00000AD8  A$lcc2669 |    00000ADA  A$lcc2669 |    00000ADA  C$main.c$
     00000ADC  A$lcc2669 |    00000ADD  A$lcc2669 |    00000ADF  A$lcc2669
     00000AE0  A$lcc2669 |    00000AE1  A$lcc2669 |    00000AE3  A$lcc2669
     00000AE4  A$lcc2669 |    00000AE5  A$lcc2669 |    00000AE6  A$lcc2669
     00000AE7  A$lcc2669 |    00000AEA  A$lcc2669 |    00000AEC  A$lcc2669
     00000AEC  C$main.c$ |    00000AEF  A$lcc2669 |    00000AF0  A$lcc2669
     00000AF0  C$main.c$ |    00000AF2  A$lcc2669 |    00000AF3  A$lcc2669
     00000AF5  A$lcc2669 |    00000AF7  A$lcc2669 |    00000AF7  C$main.c$
     00000AFA  A$lcc2669 |    00000AFA  C$main.c$ |    00000AFD  A$lcc2669
     00000AFD  C$main.c$ |    00000B00  A$lcc2669 |    00000B02  A$lcc2669
     00000B03  A$lcc2669 |    00000B04  A$lcc2669 |    00000B04  C$main.c$
     00000B04  XG$reload |    00000B05  A$lcc2669 |    00000B05  C$main.c$
     00000B05  G$win_che |    00000B05  _win_chec |    00000B07  A$lcc2669
     00000B07  C$main.c$ |    00000B09  A$lcc2669 |    00000B0A  A$lcc2669
     00000B0C  A$lcc2669 |    00000B0D  A$lcc2669 |    00000B0E  A$lcc2669
     00000B0F  A$lcc2669 |    00000B10  A$lcc2669 |    00000B11  A$lcc2669
     00000B12  A$lcc2669 |    00000B15  A$lcc2669 |    00000B16  A$lcc2669
     00000B17  A$lcc2669 |    00000B18  A$lcc2669 |    00000B1A  A$lcc2669
     00000B1B  A$lcc2669 |    00000B1C  A$lcc2669 |    00000B1D  A$lcc2669
     00000B1F  A$lcc2669 |    00000B20  A$lcc2669 |    00000B21  A$lcc2669
     00000B22  A$lcc2669 |    00000B23  A$lcc2669 |    00000B25  A$lcc2669
     00000B27  A$lcc2669 |    00000B28  A$lcc2669 |    00000B29  A$lcc2669
     00000B2A  A$lcc2669 |    00000B2B  A$lcc2669 |    00000B2C  A$lcc2669
     00000B2D  A$lcc2669 |    00000B30  A$lcc2669 |    00000B31  A$lcc2669
     00000B32  A$lcc2669 |    00000B33  A$lcc2669 |    00000B34  A$lcc2669
     00000B35  A$lcc2669 |    00000B36  A$lcc2669 |    00000B38  A$lcc2669
     00000B3A  A$lcc2669 |    00000B3B  A$lcc2669 |    00000B3D  A$lcc2669
     00000B3E  A$lcc2669 |    00000B40  A$lcc2669 |    00000B41  A$lcc2669
ASxxxx Linker V03.00 + NoICE + sdld,  page 14.
Hexadecimal  [32-Bits]

Area                       Addr        Size        Decimal Bytes (Attributes)
--------------------       ----        ----        ------- ----- ------------
_CODE                  00000200    000023B5 =        9141. bytes (REL,CON)

        Value  Global            Value  Global            Value  Global    
        -----  ------            -----  ------            -----  ------    
     00000B43  A$lcc2669 |    00000B44  A$lcc2669 |    00000B46  A$lcc2669
     00000B47  A$lcc2669 |    00000B49  A$lcc2669 |    00000B49  C$main.c$
     00000B4B  A$lcc2669 |    00000B4C  A$lcc2669 |    00000B4E  A$lcc2669
     00000B4F  A$lcc2669 |    00000B50  A$lcc2669 |    00000B51  A$lcc2669
     00000B52  A$lcc2669 |    00000B53  A$lcc2669 |    00000B54  A$lcc2669
     00000B57  A$lcc2669 |    00000B58  A$lcc2669 |    00000B59  A$lcc2669
     00000B5A  A$lcc2669 |    00000B5C  A$lcc2669 |    00000B5D  A$lcc2669
     00000B5E  A$lcc2669 |    00000B5F  A$lcc2669 |    00000B61  A$lcc2669
     00000B62  A$lcc2669 |    00000B63  A$lcc2669 |    00000B64  A$lcc2669
     00000B65  A$lcc2669 |    00000B67  A$lcc2669 |    00000B69  A$lcc2669
     00000B6B  A$lcc2669 |    00000B6C  A$lcc2669 |    00000B6D  A$lcc2669
     00000B6E  A$lcc2669 |    00000B71  A$lcc2669 |    00000B72  A$lcc2669
     00000B73  A$lcc2669 |    00000B74  A$lcc2669 |    00000B76  A$lcc2669
     00000B78  A$lcc2669 |    00000B7A  A$lcc2669 |    00000B7C  A$lcc2669
     00000B7E  A$lcc2669 |    00000B80  A$lcc2669 |    00000B80  C$main.c$
     00000B82  A$lcc2669 |    00000B83  A$lcc2669 |    00000B84  A$lcc2669
     00000B85  A$lcc2669 |    00000B88  A$lcc2669 |    00000B89  A$lcc2669
     00000B8A  A$lcc2669 |    00000B8B  A$lcc2669 |    00000B8D  A$lcc2669
     00000B8E  A$lcc2669 |    00000B8F  A$lcc2669 |    00000B90  A$lcc2669
     00000B92  A$lcc2669 |    00000B93  A$lcc2669 |    00000B94  A$lcc2669
     00000B95  A$lcc2669 |    00000B96  A$lcc2669 |    00000B97  A$lcc2669
     00000B98  A$lcc2669 |    00000B99  A$lcc2669 |    00000B9A  A$lcc2669
     00000B9C  A$lcc2669 |    00000B9E  A$lcc2669 |    00000B9F  A$lcc2669
     00000BA0  A$lcc2669 |    00000BA1  A$lcc2669 |    00000BA2  A$lcc2669
     00000BA3  A$lcc2669 |    00000BA4  A$lcc2669 |    00000BA7  A$lcc2669
     00000BA8  A$lcc2669 |    00000BA9  A$lcc2669 |    00000BAA  A$lcc2669
     00000BAC  A$lcc2669 |    00000BAD  A$lcc2669 |    00000BAE  A$lcc2669
     00000BAF  A$lcc2669 |    00000BB1  A$lcc2669 |    00000BB2  A$lcc2669
     00000BB4  A$lcc2669 |    00000BB5  A$lcc2669 |    00000BB6  A$lcc2669
     00000BB7  A$lcc2669 |    00000BB9  A$lcc2669 |    00000BBB  A$lcc2669
     00000BBD  A$lcc2669 |    00000BBF  A$lcc2669 |    00000BC1  A$lcc2669
     00000BC3  A$lcc2669 |    00000BC3  C$main.c$ |    00000BC5  A$lcc2669
     00000BC6  A$lcc2669 |    00000BC8  A$lcc2669 |    00000BC9  A$lcc2669
     00000BCB  A$lcc2669 |    00000BCC  A$lcc2669 |    00000BCE  A$lcc2669
     00000BCF  A$lcc2669 |    00000BD1  A$lcc2669 |    00000BD3  A$lcc2669
     00000BD5  A$lcc2669 |    00000BD6  A$lcc2669 |    00000BD8  A$lcc2669
     00000BD9  A$lcc2669 |    00000BDB  A$lcc2669 |    00000BDC  A$lcc2669
     00000BDD  A$lcc2669 |    00000BDE  A$lcc2669 |    00000BDF  A$lcc2669
     00000BE0  A$lcc2669 |    00000BE1  A$lcc2669 |    00000BE1  C$main.c$
     00000BE3  A$lcc2669 |    00000BE4  A$lcc2669 |    00000BE5  A$lcc2669
     00000BE6  A$lcc2669 |    00000BE7  A$lcc2669 |    00000BE8  A$lcc2669
     00000BE9  A$lcc2669 |    00000BE9  C$main.c$ |    00000BEC  A$lcc2669
     00000BED  A$lcc2669 |    00000BEE  A$lcc2669 |    00000BF1  A$lcc2669
     00000BF2  A$lcc2669 |    00000BF3  A$lcc2669 |    00000BF4  A$lcc2669
     00000BF6  A$lcc2669 |    00000BF7  A$lcc2669 |    00000BF8  A$lcc2669
     00000BFA  A$lcc2669 |    00000BFA  C$main.c$ |    00000BFD  A$lcc2669
     00000BFE  A$lcc2669 |    00000C01  A$lcc2669 |    00000C02  A$lcc2669
     00000C05  A$lcc2669 |    00000C06  A$lcc2669 |    00000C09  A$lcc2669
     00000C0B  A$lcc2669 |    00000C0B  C$main.c$ |    00000C0E  A$lcc2669
     00000C10  A$lcc2669 |    00000C13  A$lcc2669 |    00000C14  A$lcc2669
     00000C15  A$lcc2669 |    00000C16  A$lcc2669 |    00000C19  A$lcc2669
ASxxxx Linker V03.00 + NoICE + sdld,  page 15.
Hexadecimal  [32-Bits]

Area                       Addr        Size        Decimal Bytes (Attributes)
--------------------       ----        ----        ------- ----- ------------
_CODE                  00000200    000023B5 =        9141. bytes (REL,CON)

        Value  Global            Value  Global            Value  Global    
        -----  ------            -----  ------            -----  ------    
     00000C1A  A$lcc2669 |    00000C1B  A$lcc2669 |    00000C1C  A$lcc2669
     00000C1D  A$lcc2669 |    00000C1E  A$lcc2669 |    00000C1F  A$lcc2669
     00000C22  A$lcc2669 |    00000C23  A$lcc2669 |    00000C23  C$main.c$
     00000C26  A$lcc2669 |    00000C26  C$main.c$ |    00000C27  A$lcc2669
     00000C29  A$lcc2669 |    00000C2B  A$lcc2669 |    00000C2C  A$lcc2669
     00000C2E  A$lcc2669 |    00000C30  A$lcc2669 |    00000C30  C$main.c$
     00000C33  A$lcc2669 |    00000C34  A$lcc2669 |    00000C37  A$lcc2669
     00000C38  A$lcc2669 |    00000C3B  A$lcc2669 |    00000C3C  A$lcc2669
     00000C3F  A$lcc2669 |    00000C41  A$lcc2669 |    00000C41  C$main.c$
     00000C44  A$lcc2669 |    00000C46  A$lcc2669 |    00000C49  A$lcc2669
     00000C4A  A$lcc2669 |    00000C4B  A$lcc2669 |    00000C4C  A$lcc2669
     00000C4F  A$lcc2669 |    00000C50  A$lcc2669 |    00000C51  A$lcc2669
     00000C52  A$lcc2669 |    00000C53  A$lcc2669 |    00000C54  A$lcc2669
     00000C55  A$lcc2669 |    00000C58  A$lcc2669 |    00000C59  A$lcc2669
     00000C59  C$main.c$ |    00000C5C  A$lcc2669 |    00000C5C  C$main.c$
     00000C5D  A$lcc2669 |    00000C5F  A$lcc2669 |    00000C61  A$lcc2669
     00000C62  A$lcc2669 |    00000C64  A$lcc2669 |    00000C66  A$lcc2669
     00000C66  C$main.c$ |    00000C69  A$lcc2669 |    00000C6A  A$lcc2669
     00000C6D  A$lcc2669 |    00000C6E  A$lcc2669 |    00000C71  A$lcc2669
     00000C72  A$lcc2669 |    00000C75  A$lcc2669 |    00000C77  A$lcc2669
     00000C77  C$main.c$ |    00000C7A  A$lcc2669 |    00000C7C  A$lcc2669
     00000C7F  A$lcc2669 |    00000C80  A$lcc2669 |    00000C81  A$lcc2669
     00000C82  A$lcc2669 |    00000C85  A$lcc2669 |    00000C86  A$lcc2669
     00000C87  A$lcc2669 |    00000C88  A$lcc2669 |    00000C89  A$lcc2669
     00000C8A  A$lcc2669 |    00000C8B  A$lcc2669 |    00000C8E  A$lcc2669
     00000C8F  A$lcc2669 |    00000C8F  C$main.c$ |    00000C91  A$lcc2669
     00000C91  C$main.c$ |    00000C92  A$lcc2669 |    00000C94  A$lcc2669
     00000C96  A$lcc2669 |    00000C97  A$lcc2669 |    00000C99  A$lcc2669
     00000C9B  A$lcc2669 |    00000C9B  C$main.c$ |    00000C9E  A$lcc2669
     00000C9F  A$lcc2669 |    00000CA2  A$lcc2669 |    00000CA3  A$lcc2669
     00000CA6  A$lcc2669 |    00000CA7  A$lcc2669 |    00000CAA  A$lcc2669
     00000CAC  A$lcc2669 |    00000CAC  C$main.c$ |    00000CAF  A$lcc2669
     00000CB1  A$lcc2669 |    00000CB4  A$lcc2669 |    00000CB5  A$lcc2669
     00000CB6  A$lcc2669 |    00000CB7  A$lcc2669 |    00000CBA  A$lcc2669
     00000CBB  A$lcc2669 |    00000CBC  A$lcc2669 |    00000CBD  A$lcc2669
     00000CBE  A$lcc2669 |    00000CBF  A$lcc2669 |    00000CC0  A$lcc2669
     00000CC3  A$lcc2669 |    00000CC4  A$lcc2669 |    00000CC4  C$main.c$
     00000CC6  A$lcc2669 |    00000CC6  C$main.c$ |    00000CC7  A$lcc2669
     00000CC9  A$lcc2669 |    00000CCB  A$lcc2669 |    00000CCC  A$lcc2669
     00000CCE  A$lcc2669 |    00000CD0  A$lcc2669 |    00000CD0  C$main.c$
     00000CD3  A$lcc2669 |    00000CD4  A$lcc2669 |    00000CD7  A$lcc2669
     00000CD8  A$lcc2669 |    00000CDB  A$lcc2669 |    00000CDC  A$lcc2669
     00000CDF  A$lcc2669 |    00000CE1  A$lcc2669 |    00000CE1  C$main.c$
     00000CE4  A$lcc2669 |    00000CE6  A$lcc2669 |    00000CE9  A$lcc2669
     00000CEA  A$lcc2669 |    00000CEB  A$lcc2669 |    00000CEC  A$lcc2669
     00000CEF  A$lcc2669 |    00000CF0  A$lcc2669 |    00000CF1  A$lcc2669
     00000CF2  A$lcc2669 |    00000CF3  A$lcc2669 |    00000CF4  A$lcc2669
     00000CF5  A$lcc2669 |    00000CF8  A$lcc2669 |    00000CF9  A$lcc2669
     00000CF9  C$main.c$ |    00000CFB  A$lcc2669 |    00000CFB  C$main.c$
     00000CFE  A$lcc2669 |    00000D00  A$lcc2669 |    00000D00  C$main.c$
     00000D00  XG$win_ch |    00000D01  A$lcc2669 |    00000D01  C$main.c$
ASxxxx Linker V03.00 + NoICE + sdld,  page 16.
Hexadecimal  [32-Bits]

Area                       Addr        Size        Decimal Bytes (Attributes)
--------------------       ----        ----        ------- ----- ------------
_CODE                  00000200    000023B5 =        9141. bytes (REL,CON)

        Value  Global            Value  Global            Value  Global    
        -----  ------            -----  ------            -----  ------    
     00000D01  G$collide |    00000D01  _collide_ |    00000D03  A$lcc2669
     00000D03  C$main.c$ |    00000D06  A$lcc2669 |    00000D07  A$lcc2669
     00000D08  A$lcc2669 |    00000D09  A$lcc2669 |    00000D0A  A$lcc2669
     00000D0C  A$lcc2669 |    00000D0D  A$lcc2669 |    00000D0E  A$lcc2669
     00000D0F  A$lcc2669 |    00000D10  A$lcc2669 |    00000D12  A$lcc2669
     00000D14  A$lcc2669 |    00000D14  C$main.c$ |    00000D16  A$lcc2669
     00000D18  A$lcc2669 |    00000D18  C$main.c$ |    00000D1A  A$lcc2669
     00000D1C  A$lcc2669 |    00000D1E  A$lcc2669 |    00000D1E  C$main.c$
     00000D20  A$lcc2669 |    00000D22  A$lcc2669 |    00000D22  C$main.c$
     00000D24  A$lcc2669 |    00000D26  A$lcc2669 |    00000D26  C$main.c$
     00000D28  A$lcc2669 |    00000D29  A$lcc2669 |    00000D2B  A$lcc2669
     00000D2C  A$lcc2669 |    00000D2D  A$lcc2669 |    00000D2E  A$lcc2669
     00000D2F  A$lcc2669 |    00000D30  A$lcc2669 |    00000D31  A$lcc2669
     00000D34  A$lcc2669 |    00000D35  A$lcc2669 |    00000D36  A$lcc2669
     00000D37  A$lcc2669 |    00000D39  A$lcc2669 |    00000D3A  A$lcc2669
     00000D3B  A$lcc2669 |    00000D3C  A$lcc2669 |    00000D3E  A$lcc2669
     00000D3F  A$lcc2669 |    00000D40  A$lcc2669 |    00000D41  A$lcc2669
     00000D42  A$lcc2669 |    00000D44  A$lcc2669 |    00000D46  A$lcc2669
     00000D47  A$lcc2669 |    00000D48  A$lcc2669 |    00000D49  A$lcc2669
     00000D4A  A$lcc2669 |    00000D4B  A$lcc2669 |    00000D4C  A$lcc2669
     00000D4F  A$lcc2669 |    00000D50  A$lcc2669 |    00000D51  A$lcc2669
     00000D52  A$lcc2669 |    00000D54  A$lcc2669 |    00000D56  A$lcc2669
     00000D58  A$lcc2669 |    00000D5A  A$lcc2669 |    00000D5C  A$lcc2669
     00000D5E  A$lcc2669 |    00000D5E  C$main.c$ |    00000D61  A$lcc2669
     00000D62  A$lcc2669 |    00000D63  A$lcc2669 |    00000D64  A$lcc2669
     00000D65  A$lcc2669 |    00000D66  A$lcc2669 |    00000D67  A$lcc2669
     00000D68  A$lcc2669 |    00000D69  A$lcc2669 |    00000D69  C$main.c$
     00000D6A  A$lcc2669 |    00000D6C  A$lcc2669 |    00000D6D  A$lcc2669
     00000D6E  A$lcc2669 |    00000D70  A$lcc2669 |    00000D73  A$lcc2669
     00000D75  A$lcc2669 |    00000D76  A$lcc2669 |    00000D76  C$main.c$
     00000D78  A$lcc2669 |    00000D79  A$lcc2669 |    00000D7B  A$lcc2669
     00000D7C  A$lcc2669 |    00000D7E  A$lcc2669 |    00000D80  A$lcc2669
     00000D81  A$lcc2669 |    00000D83  A$lcc2669 |    00000D84  A$lcc2669
     00000D86  A$lcc2669 |    00000D87  A$lcc2669 |    00000D88  A$lcc2669
     00000D8A  A$lcc2669 |    00000D8B  A$lcc2669 |    00000D8C  A$lcc2669
     00000D8D  A$lcc2669 |    00000D8E  A$lcc2669 |    00000D8F  A$lcc2669
     00000D90  A$lcc2669 |    00000D92  A$lcc2669 |    00000D93  A$lcc2669
     00000D95  A$lcc2669 |    00000D96  A$lcc2669 |    00000D97  A$lcc2669
     00000D98  A$lcc2669 |    00000D99  A$lcc2669 |    00000D9A  A$lcc2669
     00000D9B  A$lcc2669 |    00000D9C  A$lcc2669 |    00000D9D  A$lcc2669
     00000D9E  A$lcc2669 |    00000DA0  A$lcc2669 |    00000DA1  A$lcc2669
     00000DA2  A$lcc2669 |    00000DA3  A$lcc2669 |    00000DA5  A$lcc2669
     00000DA6  A$lcc2669 |    00000DA7  A$lcc2669 |    00000DA9  A$lcc2669
     00000DAA  A$lcc2669 |    00000DAC  A$lcc2669 |    00000DAD  A$lcc2669
     00000DAF  A$lcc2669 |    00000DB0  A$lcc2669 |    00000DB2  A$lcc2669
     00000DB4  A$lcc2669 |    00000DB6  A$lcc2669 |    00000DB7  A$lcc2669
     00000DB8  A$lcc2669 |    00000DB9  A$lcc2669 |    00000DBA  A$lcc2669
     00000DBD  A$lcc2669 |    00000DBE  A$lcc2669 |    00000DBF  A$lcc2669
     00000DC0  A$lcc2669 |    00000DC2  A$lcc2669 |    00000DC3  A$lcc2669
     00000DC4  A$lcc2669 |    00000DC5  A$lcc2669 |    00000DC7  A$lcc2669
     00000DC8  A$lcc2669 |    00000DCA  A$lcc2669 |    00000DCC  A$lcc2669
ASxxxx Linker V03.00 + NoICE + sdld,  page 17.
Hexadecimal  [32-Bits]

Area                       Addr        Size        Decimal Bytes (Attributes)
--------------------       ----        ----        ------- ----- ------------
_CODE                  00000200    000023B5 =        9141. bytes (REL,CON)

        Value  Global            Value  Global            Value  Global    
        -----  ------            -----  ------            -----  ------    
     00000DCD  A$lcc2669 |    00000DCF  A$lcc2669 |    00000DD0  A$lcc2669
     00000DD2  A$lcc2669 |    00000DD3  A$lcc2669 |    00000DD5  A$lcc2669
     00000DD6  A$lcc2669 |    00000DD8  A$lcc2669 |    00000DD9  A$lcc2669
     00000DDB  A$lcc2669 |    00000DDB  C$main.c$ |    00000DDD  A$lcc2669
     00000DDE  A$lcc2669 |    00000DDF  A$lcc2669 |    00000DE0  A$lcc2669
     00000DE1  A$lcc2669 |    00000DE2  A$lcc2669 |    00000DE3  A$lcc2669
     00000DE4  A$lcc2669 |    00000DE5  A$lcc2669 |    00000DE6  A$lcc2669
     00000DE7  A$lcc2669 |    00000DE8  A$lcc2669 |    00000DE9  A$lcc2669
     00000DEA  A$lcc2669 |    00000DEB  A$lcc2669 |    00000DEC  A$lcc2669
     00000DED  A$lcc2669 |    00000DEF  A$lcc2669 |    00000DF0  A$lcc2669
     00000DF1  A$lcc2669 |    00000DF2  A$lcc2669 |    00000DF3  A$lcc2669
     00000DF4  A$lcc2669 |    00000DF5  A$lcc2669 |    00000DF7  A$lcc2669
     00000DF8  A$lcc2669 |    00000DF9  A$lcc2669 |    00000DFA  A$lcc2669
     00000DFC  A$lcc2669 |    00000DFD  A$lcc2669 |    00000DFE  A$lcc2669
     00000DFF  A$lcc2669 |    00000E00  A$lcc2669 |    00000E01  A$lcc2669
     00000E02  A$lcc2669 |    00000E03  A$lcc2669 |    00000E04  A$lcc2669
     00000E06  A$lcc2669 |    00000E08  A$lcc2669 |    00000E09  A$lcc2669
     00000E0A  A$lcc2669 |    00000E0B  A$lcc2669 |    00000E0C  A$lcc2669
     00000E0F  A$lcc2669 |    00000E10  A$lcc2669 |    00000E11  A$lcc2669
     00000E12  A$lcc2669 |    00000E14  A$lcc2669 |    00000E15  A$lcc2669
     00000E16  A$lcc2669 |    00000E17  A$lcc2669 |    00000E19  A$lcc2669
     00000E1A  A$lcc2669 |    00000E1C  A$lcc2669 |    00000E1D  A$lcc2669
     00000E1E  A$lcc2669 |    00000E1E  C$main.c$ |    00000E1F  A$lcc2669
     00000E20  A$lcc2669 |    00000E22  A$lcc2669 |    00000E24  A$lcc2669
     00000E26  A$lcc2669 |    00000E28  A$lcc2669 |    00000E2A  A$lcc2669
     00000E2C  A$lcc2669 |    00000E2D  A$lcc2669 |    00000E2E  A$lcc2669
     00000E30  A$lcc2669 |    00000E31  A$lcc2669 |    00000E32  A$lcc2669
     00000E33  A$lcc2669 |    00000E34  A$lcc2669 |    00000E35  A$lcc2669
     00000E38  A$lcc2669 |    00000E39  A$lcc2669 |    00000E3A  A$lcc2669
     00000E3B  A$lcc2669 |    00000E3D  A$lcc2669 |    00000E3E  A$lcc2669
     00000E40  A$lcc2669 |    00000E40  C$main.c$ |    00000E41  A$lcc2669
     00000E43  A$lcc2669 |    00000E44  A$lcc2669 |    00000E45  A$lcc2669
     00000E46  A$lcc2669 |    00000E47  A$lcc2669 |    00000E4A  A$lcc2669
     00000E4B  A$lcc2669 |    00000E4D  A$lcc2669 |    00000E4E  A$lcc2669
     00000E4F  A$lcc2669 |    00000E51  A$lcc2669 |    00000E51  C$main.c$
     00000E54  A$lcc2669 |    00000E55  A$lcc2669 |    00000E56  A$lcc2669
     00000E57  A$lcc2669 |    00000E58  A$lcc2669 |    00000E5A  A$lcc2669
     00000E5B  A$lcc2669 |    00000E5C  A$lcc2669 |    00000E5D  A$lcc2669
     00000E5E  A$lcc2669 |    00000E60  A$lcc2669 |    00000E62  A$lcc2669
     00000E62  C$main.c$ |    00000E64  A$lcc2669 |    00000E65  A$lcc2669
     00000E67  A$lcc2669 |    00000E68  A$lcc2669 |    00000E6A  A$lcc2669
     00000E6C  A$lcc2669 |    00000E6D  A$lcc2669 |    00000E6F  A$lcc2669
     00000E70  A$lcc2669 |    00000E71  A$lcc2669 |    00000E73  A$lcc2669
     00000E74  A$lcc2669 |    00000E76  A$lcc2669 |    00000E78  A$lcc2669
     00000E79  A$lcc2669 |    00000E7B  A$lcc2669 |    00000E7C  A$lcc2669
     00000E7E  A$lcc2669 |    00000E81  A$lcc2669 |    00000E82  A$lcc2669
     00000E84  A$lcc2669 |    00000E85  A$lcc2669 |    00000E86  A$lcc2669
     00000E88  A$lcc2669 |    00000E89  A$lcc2669 |    00000E8C  A$lcc2669
     00000E8C  C$main.c$ |    00000E8F  A$lcc2669 |    00000E91  A$lcc2669
     00000E94  A$lcc2669 |    00000E94  C$main.c$ |    00000E94  C$main.c$
     00000E95  A$lcc2669 |    00000E97  A$lcc2669 |    00000E98  A$lcc2669
ASxxxx Linker V03.00 + NoICE + sdld,  page 18.
Hexadecimal  [32-Bits]

Area                       Addr        Size        Decimal Bytes (Attributes)
--------------------       ----        ----        ------- ----- ------------
_CODE                  00000200    000023B5 =        9141. bytes (REL,CON)

        Value  Global            Value  Global            Value  Global    
        -----  ------            -----  ------            -----  ------    
     00000E9A  A$lcc2669 |    00000E9B  A$lcc2669 |    00000E9D  A$lcc2669
     00000E9E  A$lcc2669 |    00000EA0  A$lcc2669 |    00000EA0  C$main.c$
     00000EA2  A$lcc2669 |    00000EA3  A$lcc2669 |    00000EA5  A$lcc2669
     00000EA6  A$lcc2669 |    00000EA8  A$lcc2669 |    00000EAA  A$lcc2669
     00000EAB  A$lcc2669 |    00000EAC  A$lcc2669 |    00000EAE  A$lcc2669
     00000EB0  A$lcc2669 |    00000EB1  A$lcc2669 |    00000EB3  A$lcc2669
     00000EB4  A$lcc2669 |    00000EB5  A$lcc2669 |    00000EB7  A$lcc2669
     00000EB8  A$lcc2669 |    00000EBA  A$lcc2669 |    00000EBC  A$lcc2669
     00000EBE  A$lcc2669 |    00000EC0  A$lcc2669 |    00000EC2  A$lcc2669
     00000EC3  A$lcc2669 |    00000EC4  A$lcc2669 |    00000EC6  A$lcc2669
     00000EC7  A$lcc2669 |    00000EC9  A$lcc2669 |    00000EC9  C$main.c$
     00000ECC  A$lcc2669 |    00000ECE  A$lcc2669 |    00000ED1  A$lcc2669
     00000ED1  C$main.c$ |    00000ED4  A$lcc2669 |    00000ED5  A$lcc2669
     00000ED8  A$lcc2669 |    00000ED8  C$main.c$ |    00000EDB  A$lcc2669
     00000EDD  A$lcc2669 |    00000EE0  A$lcc2669 |    00000EE0  C$main.c$
     00000EE2  A$lcc2669 |    00000EE3  A$lcc2669 |    00000EE5  A$lcc2669
     00000EE6  A$lcc2669 |    00000EE8  A$lcc2669 |    00000EEA  A$lcc2669
     00000EEB  A$lcc2669 |    00000EED  A$lcc2669 |    00000EEE  A$lcc2669
     00000EF0  A$lcc2669 |    00000EF2  A$lcc2669 |    00000EF3  A$lcc2669
     00000EF4  A$lcc2669 |    00000EF6  A$lcc2669 |    00000EF7  A$lcc2669
     00000EF9  A$lcc2669 |    00000EFA  A$lcc2669 |    00000EFC  A$lcc2669
     00000EFD  A$lcc2669 |    00000EFF  A$lcc2669 |    00000F01  A$lcc2669
     00000F02  A$lcc2669 |    00000F03  A$lcc2669 |    00000F05  A$lcc2669
     00000F06  A$lcc2669 |    00000F08  A$lcc2669 |    00000F09  A$lcc2669
     00000F0B  A$lcc2669 |    00000F0C  A$lcc2669 |    00000F0C  C$main.c$
     00000F0D  A$lcc2669 |    00000F0F  A$lcc2669 |    00000F10  A$lcc2669
     00000F12  A$lcc2669 |    00000F12  C$main.c$ |    00000F13  A$lcc2669
     00000F14  A$lcc2669 |    00000F16  A$lcc2669 |    00000F18  A$lcc2669
     00000F19  A$lcc2669 |    00000F1B  A$lcc2669 |    00000F1D  A$lcc2669
     00000F1F  A$lcc2669 |    00000F21  A$lcc2669 |    00000F23  A$lcc2669
     00000F24  A$lcc2669 |    00000F25  A$lcc2669 |    00000F27  A$lcc2669
     00000F29  A$lcc2669 |    00000F29  C$main.c$ |    00000F2C  A$lcc2669
     00000F2E  A$lcc2669 |    00000F31  A$lcc2669 |    00000F31  C$main.c$
     00000F34  A$lcc2669 |    00000F35  A$lcc2669 |    00000F38  A$lcc2669
     00000F38  C$main.c$ |    00000F3B  A$lcc2669 |    00000F3D  A$lcc2669
     00000F40  A$lcc2669 |    00000F40  C$main.c$ |    00000F41  A$lcc2669
     00000F43  A$lcc2669 |    00000F44  A$lcc2669 |    00000F46  A$lcc2669
     00000F46  C$main.c$ |    00000F48  A$lcc2669 |    00000F4A  A$lcc2669
     00000F4C  A$lcc2669 |    00000F4D  A$lcc2669 |    00000F4F  A$lcc2669
     00000F51  A$lcc2669 |    00000F53  A$lcc2669 |    00000F55  A$lcc2669
     00000F57  A$lcc2669 |    00000F58  A$lcc2669 |    00000F59  A$lcc2669
     00000F5B  A$lcc2669 |    00000F5D  A$lcc2669 |    00000F5D  C$main.c$
     00000F60  A$lcc2669 |    00000F62  A$lcc2669 |    00000F65  A$lcc2669
     00000F65  C$main.c$ |    00000F68  A$lcc2669 |    00000F69  A$lcc2669
     00000F6C  A$lcc2669 |    00000F6C  C$main.c$ |    00000F6F  A$lcc2669
     00000F71  A$lcc2669 |    00000F74  A$lcc2669 |    00000F74  C$main.c$
     00000F74  C$main.c$ |    00000F75  A$lcc2669 |    00000F77  A$lcc2669
     00000F78  A$lcc2669 |    00000F7B  A$lcc2669 |    00000F7B  C$main.c$
     00000F7E  A$lcc2669 |    00000F7F  A$lcc2669 |    00000F82  A$lcc2669
     00000F82  C$main.c$ |    00000F85  A$lcc2669 |    00000F86  A$lcc2669
     00000F88  A$lcc2669 |    00000F89  A$lcc2669 |    00000F8A  A$lcc2669
ASxxxx Linker V03.00 + NoICE + sdld,  page 19.
Hexadecimal  [32-Bits]

Area                       Addr        Size        Decimal Bytes (Attributes)
--------------------       ----        ----        ------- ----- ------------
_CODE                  00000200    000023B5 =        9141. bytes (REL,CON)

        Value  Global            Value  Global            Value  Global    
        -----  ------            -----  ------            -----  ------    
     00000F8B  A$lcc2669 |    00000F8C  A$lcc2669 |    00000F8D  A$lcc2669
     00000F8E  A$lcc2669 |    00000F8F  A$lcc2669 |    00000F90  A$lcc2669
     00000F91  A$lcc2669 |    00000F92  A$lcc2669 |    00000F93  A$lcc2669
     00000F94  A$lcc2669 |    00000F96  A$lcc2669 |    00000F97  A$lcc2669
     00000F98  A$lcc2669 |    00000F99  A$lcc2669 |    00000F9B  A$lcc2669
     00000F9C  A$lcc2669 |    00000F9F  A$lcc2669 |    00000FA0  A$lcc2669
     00000FA1  A$lcc2669 |    00000FA3  A$lcc2669 |    00000FA5  A$lcc2669
     00000FA6  A$lcc2669 |    00000FA7  A$lcc2669 |    00000FA8  A$lcc2669
     00000FA9  A$lcc2669 |    00000FAA  A$lcc2669 |    00000FAB  A$lcc2669
     00000FAD  A$lcc2669 |    00000FAF  A$lcc2669 |    00000FB1  A$lcc2669
     00000FB3  A$lcc2669 |    00000FB4  A$lcc2669 |    00000FB6  A$lcc2669
     00000FB8  A$lcc2669 |    00000FBA  A$lcc2669 |    00000FBB  A$lcc2669
     00000FBD  A$lcc2669 |    00000FBF  A$lcc2669 |    00000FC0  A$lcc2669
     00000FC1  A$lcc2669 |    00000FC2  A$lcc2669 |    00000FC4  A$lcc2669
     00000FC5  A$lcc2669 |    00000FC6  A$lcc2669 |    00000FC7  A$lcc2669
     00000FC8  A$lcc2669 |    00000FC9  A$lcc2669 |    00000FCA  A$lcc2669
     00000FCC  A$lcc2669 |    00000FCD  A$lcc2669 |    00000FCE  A$lcc2669
     00000FCF  A$lcc2669 |    00000FD1  A$lcc2669 |    00000FD2  A$lcc2669
     00000FD5  A$lcc2669 |    00000FD6  A$lcc2669 |    00000FD7  A$lcc2669
     00000FD8  A$lcc2669 |    00000FDA  A$lcc2669 |    00000FDB  A$lcc2669
     00000FDC  A$lcc2669 |    00000FDD  A$lcc2669 |    00000FDE  A$lcc2669
     00000FDF  A$lcc2669 |    00000FE0  A$lcc2669 |    00000FE1  A$lcc2669
     00000FE3  A$lcc2669 |    00000FE5  A$lcc2669 |    00000FE7  A$lcc2669
     00000FE9  A$lcc2669 |    00000FEA  A$lcc2669 |    00000FEC  A$lcc2669
     00000FEE  A$lcc2669 |    00000FF0  A$lcc2669 |    00000FF1  A$lcc2669
     00000FF3  A$lcc2669 |    00000FF3  C$main.c$ |    00000FF6  A$lcc2669
     00000FF7  A$lcc2669 |    00000FF9  A$lcc2669 |    00000FFA  A$lcc2669
     00000FFB  A$lcc2669 |    00000FFD  A$lcc2669 |    00000FFE  A$lcc2669
     00000FFE  C$main.c$ |    00001001  A$lcc2669 |    00001001  C$main.c$
     00001004  A$lcc2669 |    00001006  A$lcc2669 |    00001009  A$lcc2669
     0000100A  A$lcc2669 |    0000100B  A$lcc2669 |    0000100C  A$lcc2669
     0000100F  A$lcc2669 |    00001010  A$lcc2669 |    00001011  A$lcc2669
     00001012  A$lcc2669 |    00001014  A$lcc2669 |    00001015  A$lcc2669
     00001016  A$lcc2669 |    00001019  A$lcc2669 |    0000101A  A$lcc2669
     0000101A  C$main.c$ |    0000101A  C$main.c$ |    0000101C  A$lcc2669
     0000101E  A$lcc2669 |    00001020  A$lcc2669 |    00001021  A$lcc2669
     00001023  A$lcc2669 |    00001025  A$lcc2669 |    00001027  A$lcc2669
     00001029  A$lcc2669 |    0000102B  A$lcc2669 |    0000102C  A$lcc2669
     0000102D  A$lcc2669 |    0000102F  A$lcc2669 |    00001031  A$lcc2669
     00001031  C$main.c$ |    00001034  A$lcc2669 |    00001036  A$lcc2669
     00001038  A$lcc2669 |    00001038  C$main.c$ |    0000103B  A$lcc2669
     0000103C  A$lcc2669 |    0000103E  A$lcc2669 |    0000103E  C$main.c$
     00001041  A$lcc2669 |    00001043  A$lcc2669 |    00001045  A$lcc2669
     00001045  C$main.c$ |    00001046  A$lcc2669 |    00001048  A$lcc2669
     00001049  A$lcc2669 |    0000104B  A$lcc2669 |    0000104B  C$main.c$
     0000104E  A$lcc2669 |    0000104F  A$lcc2669 |    00001050  A$lcc2669
     00001051  A$lcc2669 |    00001052  A$lcc2669 |    00001053  A$lcc2669
     00001056  A$lcc2669 |    00001057  A$lcc2669 |    00001059  A$lcc2669
     00001059  C$main.c$ |    00001059  XG$collid |    0000105A  A$lcc2669
     0000105A  C$main.c$ |    0000105A  C$main.c$ |    0000105A  G$animate
     0000105A  _animate_ |    0000105D  A$lcc2669 |    0000105E  A$lcc2669
ASxxxx Linker V03.00 + NoICE + sdld,  page 20.
Hexadecimal  [32-Bits]

Area                       Addr        Size        Decimal Bytes (Attributes)
--------------------       ----        ----        ------- ----- ------------
_CODE                  00000200    000023B5 =        9141. bytes (REL,CON)

        Value  Global            Value  Global            Value  Global    
        -----  ------            -----  ------            -----  ------    
     0000105E  C$main.c$ |    00001061  A$lcc2669 |    00001062  A$lcc2669
     00001062  C$main.c$ |    00001064  A$lcc2669 |    00001064  C$main.c$
     00001067  A$lcc2669 |    00001069  A$lcc2669 |    0000106B  A$lcc2669
     0000106B  C$main.c$ |    0000106E  A$lcc2669 |    00001071  A$lcc2669
     00001072  A$lcc2669 |    00001073  A$lcc2669 |    00001074  A$lcc2669
     00001076  A$lcc2669 |    00001077  A$lcc2669 |    00001079  A$lcc2669
     0000107A  A$lcc2669 |    0000107B  A$lcc2669 |    0000107B  C$main.c$
     0000107D  A$lcc2669 |    0000107E  A$lcc2669 |    00001080  A$lcc2669
     00001082  A$lcc2669 |    00001082  C$main.c$ |    00001084  A$lcc2669
     00001085  A$lcc2669 |    00001086  A$lcc2669 |    00001087  A$lcc2669
     00001088  A$lcc2669 |    0000108B  A$lcc2669 |    0000108C  A$lcc2669
     0000108D  A$lcc2669 |    0000108E  A$lcc2669 |    0000108E  C$main.c$
     0000108F  A$lcc2669 |    00001091  A$lcc2669 |    00001092  A$lcc2669
     00001093  A$lcc2669 |    00001094  A$lcc2669 |    00001095  A$lcc2669
     00001098  A$lcc2669 |    00001099  A$lcc2669 |    0000109A  A$lcc2669
     0000109A  C$main.c$ |    0000109B  A$lcc2669 |    0000109D  A$lcc2669
     0000109F  A$lcc2669 |    000010A1  A$lcc2669 |    000010A2  A$lcc2669
     000010A4  A$lcc2669 |    000010A4  C$main.c$ |    000010A5  A$lcc2669
     000010A6  A$lcc2669 |    000010A8  A$lcc2669 |    000010A9  A$lcc2669
     000010AA  A$lcc2669 |    000010AB  A$lcc2669 |    000010AE  A$lcc2669
     000010B0  A$lcc2669 |    000010B1  A$lcc2669 |    000010B1  C$main.c$
     000010B2  A$lcc2669 |    000010B4  A$lcc2669 |    000010B6  A$lcc2669
     000010B8  A$lcc2669 |    000010B9  A$lcc2669 |    000010BB  A$lcc2669
     000010BB  C$main.c$ |    000010BC  A$lcc2669 |    000010BE  A$lcc2669
[...]
_HEADER7               00000000    00000006 =           6. bytes (ABS,CON)

        Value  Global            Value  Global            Value  Global    
        -----  ------            -----  ------            -----  ------    
ASxxxx Linker V03.00 + NoICE + sdld,  page 33.
Hexadecimal  [32-Bits]

Area                       Addr        Size        Decimal Bytes (Attributes)
--------------------       ----        ----        ------- ----- ------------
_HEADER8               00000000    00000003 =           3. bytes (ABS,CON)

        Value  Global            Value  Global            Value  Global    
        -----  ------            -----  ------            -----  ------    
ASxxxx Linker V03.00 + NoICE + sdld,  page 34.
Hexadecimal  [32-Bits]

Area                       Addr        Size        Decimal Bytes (Attributes)
--------------------       ----        ----        ------- ----- ------------
_HEADER9               00000000    00000001 =           1. bytes (ABS,CON)

        Value  Global            Value  Global            Value  Global    
        -----  ------            -----  ------            -----  ------    
ASxxxx Linker V03.00 + NoICE + sdld,  page 35.
Hexadecimal  [32-Bits]

Area                       Addr        Size        Decimal Bytes (Attributes)
--------------------       ----        ----        ------- ----- ------------
_HEADERa               00000000    00000001 =           1. bytes (ABS,CON)

        Value  Global            Value  Global            Value  Global    
        -----  ------            -----  ------            -----  ------    
ASxxxx Linker V03.00 + NoICE + sdld,  page 36.
Hexadecimal  [32-Bits]

Area                       Addr        Size        Decimal Bytes (Attributes)
--------------------       ----        ----        ------- ----- ------------
_HEADERb               00000000    00000001 =           1. bytes (ABS,CON)

        Value  Global            Value  Global            Value  Global    
        -----  ------            -----  ------            -----  ------    
ASxxxx Linker V03.00 + NoICE + sdld,  page 37.
Hexadecimal  [32-Bits]

Area                       Addr        Size        Decimal Bytes (Attributes)
--------------------       ----        ----        ------- ----- ------------
_HEADERc               00000000    00000002 =           2. bytes (ABS,CON)

        Value  Global            Value  Global            Value  Global    
        -----  ------            -----  ------            -----  ------    
ASxxxx Linker V03.00 + NoICE + sdld,  page 38.
Hexadecimal  [32-Bits]

Area                       Addr        Size        Decimal Bytes (Attributes)
--------------------       ----        ----        ------- ----- ------------
_HEADERd               00000000    00000001 =           1. bytes (ABS,CON)

        Value  Global            Value  Global            Value  Global    
        -----  ------            -----  ------            -----  ------    
ASxxxx Linker V03.00 + NoICE + sdld,  page 39.
Hexadecimal  [32-Bits]

Area                       Addr        Size        Decimal Bytes (Attributes)
--------------------       ----        ----        ------- ----- ------------
_HEADERe               00000000    00000001 =           1. bytes (ABS,CON)

        Value  Global            Value  Global            Value  Global    
        -----  ------            -----  ------            -----  ------    
ASxxxx Linker V03.00 + NoICE + sdld,  page 40.
Hexadecimal  [32-Bits]

Area                       Addr        Size        Decimal Bytes (Attributes)
--------------------       ----        ----        ------- ----- ------------
_HEADERf               00000000    00000002 =           2. bytes (ABS,CON)

        Value  Global            Value  Global            Value  Global    
        -----  ------            -----  ------            -----  ------    
ASxxxx Linker V03.00 + NoICE + sdld,  page 41.
Hexadecimal  [32-Bits]

Area                       Addr        Size        Decimal Bytes (Attributes)
--------------------       ----        ----        ------- ----- ------------
_HEADER10              00000000    00000082 =         130. bytes (ABS,CON)

        Value  Global            Value  Global            Value  Global    
        -----  ------            -----  ------            -----  ------    
     00000150  .reset    |    00000150  _reset    |    00000157  .code_sta
     000001B7  _exit     |    000001BB  _set_inte
ASxxxx Linker V03.00 + NoICE + sdld,  page 42.
Hexadecimal  [32-Bits]

Area                       Addr        Size        Decimal Bytes (Attributes)
--------------------       ----        ----        ------- ----- ------------
_HEADER11              00000000    00000001 =           1. bytes (ABS,CON)

        Value  Global            Value  Global            Value  Global    
        -----  ------            -----  ------            -----  ------    
ASxxxx Linker V03.00 + NoICE + sdld,  page 43.
Hexadecimal  [32-Bits]

Area                       Addr        Size        Decimal Bytes (Attributes)
--------------------       ----        ----        ------- ----- ------------
_HOME                  000025B5    00000A34 =        2612. bytes (REL,CON)

        Value  Global            Value  Global            Value  Global    
        -----  ------            -----  ------            -----  ------    
     000025B5  .memset_s |    000025BE  .memcpy_s |    000025DB  .remove_V
     000025DE  .remove_i |    000025FB  .add_VBL  |    000025FE  .add_int 
     00002609  .wait_vbl |    00002609  _wait_vbl |    00002619  .display_
     00002619  _display_ |    00002631  _remove_V |    0000263C  _add_VBL 
     00002647  _set_tile |    0000264C  _set_bkg_ |    0000264C  _set_win_
     00002654  _set_spri |    00002684  .padup    |    00002684  _waitpadu
     00002694  .jpad     |    00002694  _joypad   |    000026BC  _waitpad 
     000026BF  .wait_pad |    000026C6  ___sdcc_c |    000026F6  _add_LCD 
     00002701  .add_LCD  |    00002707  _remove_L |    00002712  .remove_L
     00002718  __divsuch |    00002725  __modsuch |    0000272F  __divusch
     00002741  __modusch |    00002751  __divscha |    0000275D  __modscha
     00002767  __divsint |    00002778  __modsint |    00002787  __divucha
     00002793  __moducha |    0000279D  __divuint |    000027AE  __moduint
     000027BD  .div8     |    000027BD  .mod8     |    000027C5  .div16   
     000027C5  .mod16    |    000027FB  .divu8    |    000027FB  .modu8   
     000027FE  .divu16   |    000027FE  .modu16   |    0000283F  _set_bkg_
     00002853  _uitoa    |    00002862  _itoa     |    00002871  .itoa    
     00002885  .utoa     |    000028F9  _font_loa |    00002900  font_load
     00002948  font_copy |    0000297E  font_set  |    0000298B  .put_char
     000029A3  .out_char |    000029A9  .del_char |    000029FF  _putchar 
     00002A08  _setchar  |    00002A11  _font_loa |    00002A1F  _font_set
     00002A2E  _font_ini |    00002A4D  .cls      |    00002A4D  _cls     
     00002A6F  _gotoxy   |    00002A7A  _posx     |    00002A8B  _posy    
     00002AB3  .cr_curs  |    00002AC8  .adv_curs |    00002B24  .tmode   
     00002B4D  .tmode_ou |    00002B56  _color    |    00002B56  _set_1bpp
     00002B65  .drawing_ |    00002B70  .drawing_ |    00002B7D  _font_ibm
     00002F2F  .set_xy_w |    00002F38  .set_xy_b |    00002F47  .set_xy_t
     00002F89  _set_bkg_ |    00002F89  _set_win_ |    00002F91  _set_spri
ASxxxx Linker V03.00 + NoICE + sdld,  page 44.
Hexadecimal  [32-Bits]

Area                       Addr        Size        Decimal Bytes (Attributes)
--------------------       ----        ----        ------- ----- ------------
_CODE_0                00002FE9    00000440 =        1088. bytes (REL,CON)

        Value  Global            Value  Global            Value  Global    
        -----  ------            -----  ------            -----  ------    
     00002FE9  G$FONT$0_ |    00002FE9  _FONT    
ASxxxx Linker V03.00 + NoICE + sdld,  page 45.
Hexadecimal  [32-Bits]

Area                       Addr        Size        Decimal Bytes (Attributes)
--------------------       ----        ----        ------- ----- ------------
_INITIALIZER           00003429    00000050 =          80. bytes (REL,CON)

        Value  Global            Value  Global            Value  Global    
        -----  ------            -----  ------            -----  ------    
     00003429  Fmain$__x |    0000344D  Fmain$__x |    00003450  Fmain$__x
     00003454  Fmain$__x |    00003458  Fmain$__x |    0000345F  Fmain$__x
     00003460  Fmain$__x |    00003465  Fmain$__x |    0000346A  Fmain$__x
     00003471  Fmain$__x
ASxxxx Linker V03.00 + NoICE + sdld,  page 46.
Hexadecimal  [32-Bits]

Area                       Addr        Size        Decimal Bytes (Attributes)
--------------------       ----        ----        ------- ----- ------------
_GSINIT                00003479    0000000C =          12. bytes (REL,CON)

        Value  Global            Value  Global            Value  Global    
        -----  ------            -----  ------            -----  ------    
     00003479  gsinit   
ASxxxx Linker V03.00 + NoICE + sdld,  page 47.
Hexadecimal  [32-Bits]

Area                       Addr        Size        Decimal Bytes (Attributes)
--------------------       ----        ----        ------- ----- ------------
_GSFINAL               00003485    00000001 =           1. bytes (REL,CON)

        Value  Global            Value  Global            Value  Global    
        -----  ------            -----  ------            -----  ------    
ASxxxx Linker V03.00 + NoICE + sdld,  page 48.
Hexadecimal  [32-Bits]

Area                       Addr        Size        Decimal Bytes (Attributes)
--------------------       ----        ----        ------- ----- ------------
_DATA                  0000C0A0    00000090 =         144. bytes (REL,CON)

        Value  Global            Value  Global            Value  Global    
        -----  ------            -----  ------            -----  ------    
     0000C0A0  __cpu     |    0000C0A1  __is_GBA  |    0000C0A2  .mode    
     0000C0A3  .sys_time |    0000C0A3  _sys_time |    0000C0A5  .int_0x40
     0000C0B9  G$scroll$ |    0000C0B9  _scroll   |    0000C0C3  G$PLAYER$
     0000C0C3  _PLAYER   |    0000C0CA  G$TOPHAT_ |    0000C0CA  _TOPHAT_F
     0000C0D1  G$joy$0_0 |    0000C0D1  _joy      |    0000C0D2  G$last_jo
     0000C0D2  _last_joy |    0000C0D3  G$is_movi |    0000C0D3  _is_movin
     0000C0D4  G$is_anim |    0000C0D4  _is_anima |    0000C0D5  G$is_dyin
     0000C0D5  _is_dying |    0000C0D6  G$turtles |    0000C0D6  _turtles_
     0000C0D7  G$move_x$ |    0000C0D7  _move_x   |    0000C0D8  G$move_y$
     0000C0D8  _move_y   |    0000C0D9  G$scx_cou |    0000C0D9  _scx_coun
     0000C0DA  G$turtle_ |    0000C0DA  _turtle_c |    0000C0DB  G$dive_co
     0000C0DB  _dive_cou |    0000C0DC  G$timer$0 |    0000C0DC  _timer   
     0000C0DE  G$timer_t |    0000C0DE  _timer_ti |    0000C0DF  G$GAMESTA
     0000C0DF  _GAMESTAT |    0000C0E0  G$turtle_ |    0000C0E0  _turtle_t
     0000C0E1  G$dive_ti |    0000C0E1  _dive_til |    0000C0E2  G$y_min$0
     0000C0E2  _y_min    |    0000C0E3  G$vram_ad |    0000C0E3  _vram_add
     0000C0E5  G$score$0 |    0000C0E5  _score    |    0000C0E7  G$score_b
     0000C0E7  _score_bu |    0000C0EC  G$current |    0000C0EC  _current_
     0000C0ED  G$level_b |    0000C0ED  _level_bu |    0000C105  G$animati
     0000C105  _animatio |    0000C106  G$death_a |    0000C106  _death_an
     0000C107  ___curren |    0000C109  ___curren |    0000C10A  .int_0x48
     0000C11A  font_curr |    0000C11D  font_firs |    0000C11E  font_tabl
ASxxxx Linker V03.00 + NoICE + sdld,  page 49.
Hexadecimal  [32-Bits]

Area                       Addr        Size        Decimal Bytes (Attributes)
--------------------       ----        ----        ------- ----- ------------
_INITIALIZED           0000C130    00000050 =          80. bytes (REL,CON)

        Value  Global            Value  Global            Value  Global    
        -----  ------            -----  ------            -----  ------    
     0000C130  G$scroll_ |    0000C130  _scroll_r |    0000C154  G$turtle_
     0000C154  _turtle_d |    0000C157  G$turtle_ |    0000C157  _turtle_d
     0000C15B  G$turtle_ |    0000C15B  _turtle_t |    0000C15F  G$dive_ti
     0000C15F  _dive_til |    0000C166  G$lives$0 |    0000C166  _lives   
     0000C167  G$PLAYER1 |    0000C167  _PLAYER1U |    0000C16C  G$PLAYER2
     0000C16C  _PLAYER2U |    0000C171  G$level_t |    0000C171  _level_te
     0000C178  G$death_a |    0000C178  _death_an |    0000C179  ___render
     0000C17A  .curx     |    0000C17B  .cury     |    0000C17C  .fg_colou
     0000C17C  __current |    0000C17D  .bg_colou |    0000C17E  .draw_mod
     0000C17F  __map_til
ASxxxx Linker V03.00 + NoICE + sdld,  page 50.
Hexadecimal  [32-Bits]

Area                       Addr        Size        Decimal Bytes (Attributes)
--------------------       ----        ----        ------- ----- ------------
_HRAM12                00000000    00000003 =           3. bytes (ABS,CON)

        Value  Global            Value  Global            Value  Global    
        -----  ------            -----  ------            -----  ------    
     0000FF90  __current |    0000FF92  __shadow_
ASxxxx Linker V03.00 + NoICE + sdld,  page 51.
Hexadecimal  [32-Bits]

Area                       Addr        Size        Decimal Bytes (Attributes)
--------------------       ----        ----        ------- ----- ------------
_CODE_1                00014000    000003D0 =         976. bytes (REL,CON)

        Value  Global            Value  Global            Value  Global    
        -----  ------            -----  ------            -----  ------    
     00014000  C$frogger |    00014000  G$__func_ |    00014000  G$frogger
     00014000  ___func_f |    00014000  _frogger_ |    0001400A  G$frogger
     0001400A  _frogger_ |    0001424A  G$frogger |    0001424A  _frogger_
     00014256  G$frogger |    00014256  _frogger_ |    00014262  G$frogger
     00014262  _frogger_ |    0001426E  G$frogger |    0001426E  _frogger_
     0001427A  G$frogger |    0001427A  _frogger_ |    00014286  G$frogger
     00014286  _frogger_ |    00014292  G$frogger |    00014292  _frogger_
     0001429E  G$frogger |    0001429E  _frogger_ |    000142AA  G$frogger
     000142AA  _frogger_ |    000142B6  G$frogger |    000142B6  _frogger_
     000142C8  G$frogger |    000142C8  _frogger_ |    000142DC  G$frogger
     000142DC  _frogger_ |    000142F0  G$frogger |    000142F0  _frogger_
     00014322  C$frogger |    00014322  G$__func_ |    00014322  G$frogger
     00014322  ___func_f |    00014322  _frogger_ |    0001432A  G$frogger
     0001432A  _frogger_ |    0001436A  G$frogger |    0001436A  _frogger_
     00014376  G$frogger |    00014376  _frogger_ |    00014378  C$tophat_
     00014378  G$__func_ |    00014378  G$tophat_ |    00014378  ___func_t
     00014378  _tophat_f |    00014382  G$tophat_ |    00014382  _tophat_f
     000143C2  G$tophat_ |    000143C2  _tophat_f |    000143CE  G$tophat_
     000143CE  _tophat_f
ASxxxx Linker V03.00 + NoICE + sdld,  page 52.
Hexadecimal  [32-Bits]

Area                       Addr        Size        Decimal Bytes (Attributes)
--------------------       ----        ----        ------- ----- ------------
_HEADER_LCD0           00000000    00000003 =           3. bytes (ABS,CON)

        Value  Global            Value  Global            Value  Global    
        -----  ------            -----  ------            -----  ------    
ASxxxx Linker V03.00 + NoICE + sdld,  page 53.
Hexadecimal  [32-Bits]

Area                       Addr        Size        Decimal Bytes (Attributes)
--------------------       ----        ----        ------- ----- ------------
_FONT_HEADER0          00000000    00000003 =           3. bytes (ABS,CON)

        Value  Global            Value  Global            Value  Global    
        -----  ------            -----  ------            -----  ------    
ASxxxx Linker V03.00 + NoICE + sdld,  page 54.

Files Linked                              [ module(s) ]

C:\c_code\gbdk\lib/small/asxxxx/gb/crt0.o
                                          [ Runtime ]
C:\Users\EMART~1\AppData\Local\Temp/lcc266920.rel
                                          [ main ]
C:\Users\EMART~1\AppData\Local\Temp/lcc266921.rel
                                          [ bkg_map ]
C:\Users\EMART~1\AppData\Local\Temp/lcc266922.rel
                                          [ bkg_tiles ]
C:\Users\EMART~1\AppData\Local\Temp/lcc266923.rel
                                          [ collision_map ]
C:\Users\EMART~1\AppData\Local\Temp/lcc266924.rel
                                          [ font ]
C:\Users\EMART~1\AppData\Local\Temp/lcc266925.rel
                                          [ frog_lives ]
C:\Users\EMART~1\AppData\Local\Temp/lcc266926.rel
                                          [ frogger ]
C:\Users\EMART~1\AppData\Local\Temp/lcc266927.rel
                                          [ frogger_16 ]
C:\Users\EMART~1\AppData\Local\Temp/lcc266928.rel
                                          [ reset_timer ]
C:\Users\EMART~1\AppData\Local\Temp/lcc266929.rel
                                          [ tophat_frog ]
C:\Users\EMART~1\AppData\Local\Temp/lcc2669210.rel
                                          [ win_frog ]


Libraries Linked                          [ object file ]

C:\c_code\gbdk\lib/small/asxxxx/gb/gb.lib
                                          [ sfr.o ]
C:\c_code\gbdk\lib/small/asxxxx/gb/gb.lib
                                          [ get_tile.o ]
C:\c_code\gbdk\lib/small/asxxxx/gb/gb.lib
                                          [ set_tile.o ]
C:\c_code\gbdk\lib/small/asxxxx/gb/gb.lib
                                          [ metasprites_hide.o ]
C:\c_code\gbdk\lib/small/asxxxx/gb/gb.lib
                                          [ set_data.o ]
C:\c_code\gbdk\lib/small/asxxxx/gb/gb.lib
                                          [ metasprites_flip.o ]
C:\c_code\gbdk\lib/small/asxxxx/gbz80/gbz80.lib
                                          [ sprintf.o ]
C:\c_code\gbdk\lib/small/asxxxx/gb/gb.lib
                                          [ pad.o ]
C:\c_code\gbdk\lib/small/asxxxx/gb/gb.lib
                                          [ metasprites.o ]
C:\c_code\gbdk\lib/small/asxxxx/gbz80/gbz80.lib
                                          [ __sdcc_call_hl.o ]
C:\c_code\gbdk\lib/small/asxxxx/gbz80/gbz80.lib
                                          [ printf.o ]
C:\c_code\gbdk\lib/small/asxxxx/gb/gb.lib
                                          [ lcd.o ]
C:\c_code\gbdk\lib/small/asxxxx/gb/gb.lib
                                          [ get_addr.o ]
C:\c_code\gbdk\lib/small/asxxxx/gbz80/gbz80.lib
                                          [ div.o ]
C:\c_code\gbdk\lib/small/asxxxx/gb/gb.lib
                                          [ set_bk_t.o ]
C:\c_code\gbdk\lib/small/asxxxx/gbz80/gbz80.lib
                                          [ itoa.o ]
C:\c_code\gbdk\lib/small/asxxxx/gb/gb.lib
                                          [ font.o ]
C:\c_code\gbdk\lib/small/asxxxx/gb/gb.lib
                                          [ color.o ]
C:\c_code\gbdk\lib/small/asxxxx/gb/gb.lib
                                          [ drawing_isr.o ]
C:\c_code\gbdk\lib/small/asxxxx/gb/gb.lib
                                          [ f_ibm_sh.o ]
C:\c_code\gbdk\lib/small/asxxxx/gb/gb.lib
                                          [ set_xy_t.o ]
C:\c_code\gbdk\lib/small/asxxxx/gb/gb.lib
                                          [ set_1bit_data.o ]

ASxxxx Linker V03.00 + NoICE + sdld,  page 55.

User Base Address Definitions

_DATA=0xC0A0
_CODE=0x0200
ASxxxx Linker V03.00 + NoICE + sdld,  page 56.

User Global Definitions

_shadow_OAM=0xC000
.STACK=0xE000
.refresh_OAM=0xFF80

