ASxxxx Linker V03.00 + NoICE + sdld,  page 1.
Hexadecimal  [32-Bits]

Area                       Addr        Size        Decimal Bytes (Attributes)
--------------------       ----        ----        ------- ----- ------------
.  .ABS.               00000000    00000000 =           0. bytes (ABS,CON)

        Value  Global            Value  Global            Value  Global    
        -----  ------            -----  ------            -----  ------    
     00000000  .__.ABS.  |    00000000  _rRAMG    |    00000000  l__BASE  
     00000000  l__BSS    |    00000000  l__CABS   |    00000000  l__DABS  
     00000000  l__HEADER |    00000000  l__HEADER |    00000000  l__HEAP  
     00000000  l__HRAM   |    00000000  l__LIT    |    00000000  s__CABS  
     00000000  s__DABS   |    00000000  s__HEADER |    00000000  s__HEADER
     00000000  s__HEADER |    00000000  s__HEADER |    00000000  s__HEADER
     00000000  s__HEADER |    00000000  s__HEADER |    00000000  s__HEADER
     00000000  s__HEADER |    00000000  s__HEADER |    00000000  s__HEADER
     00000000  s__HEADER |    00000000  s__HEADER |    00000000  s__HEADER
     00000000  s__HEADER |    00000000  s__HEADER |    00000000  s__HEADER
     00000000  s__HEADER |    00000000  s__HEADER |    00000000  s__HEADER
     00000000  s__HEADER |    00000000  s__HRAM   |    00000000  s__HRAM12
     00000001  ___bank_f |    00000001  ___bank_f |    00000001  l__GSFINA
     00000001  l__HEADER |    00000001  l__HEADER |    00000001  l__HEADER
     00000001  l__HEADER |    00000001  l__HEADER |    00000001  l__HEADER
     00000001  l__HEADER |    00000002  l__HEADER |    00000002  l__HEADER
     00000002  l__HEADER |    00000003  l__HEADER |    00000003  l__HEADER
     00000003  l__HRAM12 |    00000005  l__HEADER |    00000006  l__HEADER
     00000007  l__HEADER |    00000008  l__HEADER |    0000000C  l__GSINIT
     00000030  l__HEADER |    00000039  l__INITIA |    00000039  l__INITIA
     0000004F  l__HEADER |    00000059  l__DATA   |    00000082  l__HEADER
     000000AC  l__CODE_1 |    00000200  s__CODE   |    0000039A  l__HOME  
     00000440  l__CODE_0 |    000019D1  l__CODE   |    00001BD1  s__HOME  
     00001F6B  s__BASE   |    00001F6B  s__CODE_0 |    00002000  _rROMB0  
     000023AB  s__INITIA |    000023AB  s__LIT    |    000023E4  s__GSINIT
     000023F0  s__GSFINA |    00003000  _rROMB1   |    00004000  _rRAMB   
     00008000  __VRAM    |    00008000  __VRAM800 |    00008800  __VRAM880
     00009000  __VRAM900 |    00009800  __SCRN0   |    00009C00  __SCRN1  
     0000A000  __SRAM    |    0000C000  __RAM     |    0000C000  _shadow_O
     0000C0A0  s__DATA   |    0000C0F9  s__BSS    |    0000C0F9  s__INITIA
     0000C132  s__HEAP   |    0000D000  __RAMBANK |    0000E000  .STACK   
     0000FE00  __OAMRAM  |    0000FF00  _P1_REG   |    0000FF00  __IO     
     0000FF01  _SB_REG   |    0000FF02  _SC_REG   |    0000FF04  _DIV_REG 
     0000FF05  _TIMA_REG |    0000FF06  _TMA_REG  |    0000FF07  _TAC_REG 
     0000FF0F  _IF_REG   |    0000FF10  _NR10_REG |    0000FF11  _NR11_REG
     0000FF12  _NR12_REG |    0000FF13  _NR13_REG |    0000FF14  _NR14_REG
     0000FF16  _NR21_REG |    0000FF17  _NR22_REG |    0000FF18  _NR23_REG
     0000FF19  _NR24_REG |    0000FF1A  _NR30_REG |    0000FF1B  _NR31_REG
     0000FF1C  _NR32_REG |    0000FF1D  _NR33_REG |    0000FF1E  _NR34_REG
     0000FF20  _NR41_REG |    0000FF21  _NR42_REG |    0000FF22  _NR43_REG
     0000FF23  _NR44_REG |    0000FF24  _NR50_REG |    0000FF25  _NR51_REG
     0000FF26  _NR52_REG |    0000FF30  _PCM_SAMP |    0000FF30  __AUD3WAV
     0000FF40  _LCDC_REG |    0000FF41  _STAT_REG |    0000FF42  _SCY_REG 
     0000FF43  _SCX_REG  |    0000FF44  _LY_REG   |    0000FF45  _LYC_REG 
     0000FF46  _DMA_REG  |    0000FF47  _BGP_REG  |    0000FF48  _OBP0_REG
     0000FF49  _OBP1_REG |    0000FF4A  _WY_REG   |    0000FF4B  _WX_REG  
     0000FF4D  _KEY1_REG |    0000FF4F  _VBK_REG  |    0000FF51  _HDMA1_RE
     0000FF52  _HDMA2_RE |    0000FF53  _HDMA3_RE |    0000FF54  _HDMA4_RE
     0000FF55  _HDMA5_RE |    0000FF56  _RP_REG   |    0000FF68  _BCPS_REG
     0000FF69  _BCPD_REG |    0000FF6A  _OCPS_REG |    0000FF6B  _OCPD_REG
ASxxxx Linker V03.00 + NoICE + sdld,  page 2.
Hexadecimal  [32-Bits]

Area                       Addr        Size        Decimal Bytes (Attributes)
--------------------       ----        ----        ------- ----- ------------
.  .ABS.               00000000    00000000 =           0. bytes (ABS,CON)

        Value  Global            Value  Global            Value  Global    
        -----  ------            -----  ------            -----  ------    
     0000FF70  _SVBK_REG |    0000FF76  _PCM12_RE |    0000FF77  _PCM34_RE
     0000FF80  .refresh_ |    0000FF80  __HRAM    |    0000FFFF  _IE_REG  
     00014000  s__CODE_1
ASxxxx Linker V03.00 + NoICE + sdld,  page 3.
Hexadecimal  [32-Bits]

Area                       Addr        Size        Decimal Bytes (Attributes)
--------------------       ----        ----        ------- ----- ------------
_CODE                  00000200    000019D1 =        6609. bytes (REL,CON)

        Value  Global            Value  Global            Value  Global    
        -----  ------            -----  ------            -----  ------    
     00000200  A$lcc9908 |    00000200  C$main.c$ |    00000200  C$main.c$
     00000200  G$update_ |    00000200  _update_s |    00000203  A$lcc9908
     00000204  A$lcc9908 |    00000207  A$lcc9908 |    00000208  A$lcc9908
     0000020B  A$lcc9908 |    0000020C  A$lcc9908 |    0000020D  A$lcc9908
     0000020E  A$lcc9908 |    0000020E  C$main.c$ |    00000211  A$lcc9908
     00000212  A$lcc9908 |    00000213  A$lcc9908 |    00000214  A$lcc9908
     00000215  A$lcc9908 |    00000218  A$lcc9908 |    00000219  A$lcc9908
     0000021C  A$lcc9908 |    0000021D  A$lcc9908 |    00000220  A$lcc9908
     00000222  A$lcc9908 |    00000222  C$main.c$ |    00000225  A$lcc9908
     00000226  A$lcc9908 |    00000227  A$lcc9908 |    00000228  A$lcc9908
     00000228  C$main.c$ |    0000022A  A$lcc9908 |    0000022B  A$lcc9908
     0000022C  A$lcc9908 |    0000022F  A$lcc9908 |    00000230  A$lcc9908
     00000231  A$lcc9908 |    00000232  A$lcc9908 |    00000233  A$lcc9908
     00000236  A$lcc9908 |    00000238  A$lcc9908 |    00000238  C$main.c$
     0000023B  A$lcc9908 |    0000023C  A$lcc9908 |    0000023E  A$lcc9908
     0000023F  A$lcc9908 |    00000240  A$lcc9908 |    00000240  C$main.c$
     00000241  A$lcc9908 |    00000241  C$main.c$ |    00000241  XG$update
     00000243  Fmain$__s |    00000246  A$lcc9908 |    00000246  C$main.c$
     00000246  C$main.c$ |    00000246  G$reset_f |    00000246  _reset_fr
     00000249  A$lcc9908 |    0000024B  A$lcc9908 |    0000024B  C$main.c$
     0000024E  A$lcc9908 |    00000250  A$lcc9908 |    00000253  A$lcc9908
     00000255  A$lcc9908 |    00000255  C$main.c$ |    00000258  A$lcc9908
     0000025A  A$lcc9908 |    0000025B  A$lcc9908 |    0000025D  A$lcc9908
     0000025D  C$main.c$ |    00000260  A$lcc9908 |    00000262  A$lcc9908
     00000263  A$lcc9908 |    00000265  A$lcc9908 |    00000265  C$main.c$
     00000268  A$lcc9908 |    0000026A  A$lcc9908 |    0000026D  A$lcc9908
     0000026E  A$lcc9908 |    00000271  A$lcc9908 |    00000272  A$lcc9908
     00000275  A$lcc9908 |    00000276  A$lcc9908 |    00000277  A$lcc9908
     00000278  A$lcc9908 |    00000279  A$lcc9908 |    0000027C  A$lcc9908
     0000027D  A$lcc9908 |    0000027E  A$lcc9908 |    0000027F  A$lcc9908
     00000282  A$lcc9908 |    00000284  A$lcc9908 |    00000285  A$lcc9908
     00000286  A$lcc9908 |    00000287  A$lcc9908 |    00000288  A$lcc9908
     00000289  A$lcc9908 |    0000028A  A$lcc9908 |    0000028B  A$lcc9908
     0000028C  A$lcc9908 |    0000028F  A$lcc9908 |    00000291  A$lcc9908
     00000291  C$main.c$ |    00000291  C$main.c$ |    00000291  XG$reset_
     00000292  A$lcc9908 |    00000292  C$main.c$ |    00000292  C$main.c$
     00000292  G$init_le |    00000292  _init_lev |    00000295  A$lcc9908
     00000296  A$lcc9908 |    00000299  A$lcc9908 |    0000029A  A$lcc9908
     0000029D  A$lcc9908 |    0000029F  A$lcc9908 |    0000029F  C$main.c$
     000002A2  A$lcc9908 |    000002A3  A$lcc9908 |    000002A6  A$lcc9908
     000002A7  A$lcc9908 |    000002AA  A$lcc9908 |    000002AC  A$lcc9908
     000002AC  C$main.c$ |    000002AF  A$lcc9908 |    000002B0  A$lcc9908
     000002B3  A$lcc9908 |    000002B4  A$lcc9908 |    000002B7  A$lcc9908
     000002B9  A$lcc9908 |    000002B9  C$main.c$ |    000002BC  A$lcc9908
     000002BD  A$lcc9908 |    000002C0  A$lcc9908 |    000002C1  A$lcc9908
     000002C2  A$lcc9908 |    000002C3  A$lcc9908 |    000002C4  A$lcc9908
     000002C5  A$lcc9908 |    000002C8  A$lcc9908 |    000002CA  A$lcc9908
     000002CA  C$main.c$ |    000002CD  A$lcc9908 |    000002CF  A$lcc9908
     000002CF  C$main.c$ |    000002D2  A$lcc9908 |    000002D2  C$main.c$
     000002D2  C$main.c$ |    000002D2  XG$init_l |    000002D5  A$lcc9908
ASxxxx Linker V03.00 + NoICE + sdld,  page 4.
Hexadecimal  [32-Bits]

Area                       Addr        Size        Decimal Bytes (Attributes)
--------------------       ----        ----        ------- ----- ------------
_CODE                  00000200    000019D1 =        6609. bytes (REL,CON)

        Value  Global            Value  Global            Value  Global    
        -----  ------            -----  ------            -----  ------    
     000002D5  C$main.c$ |    000002D5  G$move_fr |    000002D5  _move_fro
     000002D6  A$lcc9908 |    000002D7  A$lcc9908 |    000002D7  C$main.c$
     000002DA  A$lcc9908 |    000002DB  A$lcc9908 |    000002DD  A$lcc9908
     000002DD  C$main.c$ |    000002E0  A$lcc9908 |    000002E1  A$lcc9908
     000002E3  A$lcc9908 |    000002E4  A$lcc9908 |    000002E5  A$lcc9908
     000002E6  A$lcc9908 |    000002E7  A$lcc9908 |    000002EA  A$lcc9908
     000002EC  A$lcc9908 |    000002EE  A$lcc9908 |    000002F1  A$lcc9908
     000002F3  A$lcc9908 |    000002F6  A$lcc9908 |    000002F7  A$lcc9908
     000002F8  A$lcc9908 |    000002F9  A$lcc9908 |    000002FA  A$lcc9908
     000002FB  A$lcc9908 |    000002FE  A$lcc9908 |    000002FF  A$lcc9908
     00000300  A$lcc9908 |    00000301  A$lcc9908 |    00000304  A$lcc9908
     00000306  A$lcc9908 |    00000307  A$lcc9908 |    0000030A  A$lcc9908
     0000030B  A$lcc9908 |    0000030C  A$lcc9908 |    0000030D  A$lcc9908
     00000310  A$lcc9908 |    00000311  A$lcc9908 |    00000312  A$lcc9908
     00000313  A$lcc9908 |    00000316  A$lcc9908 |    00000318  A$lcc9908
     0000031A  A$lcc9908 |    0000031B  A$lcc9908 |    0000031C  A$lcc9908
     0000031D  A$lcc9908 |    0000031E  A$lcc9908 |    00000320  A$lcc9908
     00000321  A$lcc9908 |    00000324  A$lcc9908 |    00000326  A$lcc9908
     00000326  C$main.c$ |    00000328  A$lcc9908 |    00000328  C$main.c$
     0000032B  A$lcc9908 |    0000032C  A$lcc9908 |    0000032E  A$lcc9908
     0000032E  C$main.c$ |    00000331  A$lcc9908 |    00000332  A$lcc9908
     00000333  A$lcc9908 |    00000334  A$lcc9908 |    00000337  A$lcc9908
     00000339  A$lcc9908 |    0000033B  A$lcc9908 |    0000033E  A$lcc9908
     00000340  A$lcc9908 |    00000343  A$lcc9908 |    00000344  A$lcc9908
     00000345  A$lcc9908 |    00000346  A$lcc9908 |    00000349  A$lcc9908
     0000034A  A$lcc9908 |    0000034B  A$lcc9908 |    0000034C  A$lcc9908
     0000034F  A$lcc9908 |    00000350  A$lcc9908 |    00000353  A$lcc9908
     00000354  A$lcc9908 |    00000355  A$lcc9908 |    00000356  A$lcc9908
     00000357  A$lcc9908 |    0000035A  A$lcc9908 |    0000035B  A$lcc9908
     0000035C  A$lcc9908 |    0000035D  A$lcc9908 |    00000360  A$lcc9908
     00000362  A$lcc9908 |    00000363  A$lcc9908 |    00000364  A$lcc9908
     00000365  A$lcc9908 |    00000366  A$lcc9908 |    00000367  A$lcc9908
     00000368  A$lcc9908 |    00000369  A$lcc9908 |    0000036A  A$lcc9908
     0000036D  A$lcc9908 |    0000036F  A$lcc9908 |    0000036F  C$main.c$
     00000370  A$lcc9908 |    00000371  A$lcc9908 |    00000371  C$main.c$
     00000371  XG$move_f |    00000372  A$lcc9908 |    00000372  C$main.c$
     00000372  C$main.c$ |    00000372  G$paralla |    00000372  _parallax
     00000374  A$lcc9908 |    00000375  A$lcc9908 |    00000377  A$lcc9908
     00000379  A$lcc9908 |    0000037B  A$lcc9908 |    0000037D  A$lcc9908
     0000037F  A$lcc9908 |    00000381  A$lcc9908 |    00000383  A$lcc9908
     00000385  A$lcc9908 |    00000387  A$lcc9908 |    00000389  A$lcc9908
     0000038B  A$lcc9908 |    0000038D  A$lcc9908 |    0000038F  A$lcc9908
     00000391  A$lcc9908 |    00000393  A$lcc9908 |    00000395  A$lcc9908
     00000397  A$lcc9908 |    00000399  A$lcc9908 |    0000039C  A$lcc9908
     0000039E  A$lcc9908 |    000003A1  A$lcc9908 |    000003A3  A$lcc9908
     000003A6  A$lcc9908 |    000003A8  A$lcc9908 |    000003AB  A$lcc9908
     000003AC  A$lcc9908 |    000003AC  C$main.c$ |    000003AD  A$lcc9908
     000003AF  A$lcc9908 |    000003B0  A$lcc9908 |    000003B2  A$lcc9908
     000003B2  C$main.c$ |    000003B4  A$lcc9908 |    000003B6  A$lcc9908
     000003B6  C$main.c$ |    000003B7  A$lcc9908 |    000003B7  C$main.c$
     000003BA  A$lcc9908 |    000003BC  A$lcc9908 |    000003BD  A$lcc9908
ASxxxx Linker V03.00 + NoICE + sdld,  page 5.
Hexadecimal  [32-Bits]

Area                       Addr        Size        Decimal Bytes (Attributes)
--------------------       ----        ----        ------- ----- ------------
_CODE                  00000200    000019D1 =        6609. bytes (REL,CON)

        Value  Global            Value  Global            Value  Global    
        -----  ------            -----  ------            -----  ------    
     000003BF  A$lcc9908 |    000003BF  C$main.c$ |    000003C1  A$lcc9908
     000003C3  A$lcc9908 |    000003C3  C$main.c$ |    000003C4  A$lcc9908
     000003C4  C$main.c$ |    000003C7  A$lcc9908 |    000003C9  A$lcc9908
     000003CA  A$lcc9908 |    000003CC  A$lcc9908 |    000003CC  C$main.c$
     000003CE  A$lcc9908 |    000003D0  A$lcc9908 |    000003D0  C$main.c$
     000003D1  A$lcc9908 |    000003D1  C$main.c$ |    000003D4  A$lcc9908
     000003D6  A$lcc9908 |    000003D7  A$lcc9908 |    000003D9  A$lcc9908
     000003D9  C$main.c$ |    000003DB  A$lcc9908 |    000003DD  A$lcc9908
     000003DD  C$main.c$ |    000003DE  A$lcc9908 |    000003DE  C$main.c$
     000003E1  A$lcc9908 |    000003E3  A$lcc9908 |    000003E4  A$lcc9908
     000003E6  A$lcc9908 |    000003E6  C$main.c$ |    000003E8  A$lcc9908
     000003EA  A$lcc9908 |    000003EA  C$main.c$ |    000003EB  A$lcc9908
     000003EB  C$main.c$ |    000003EE  A$lcc9908 |    000003F0  A$lcc9908
     000003F1  A$lcc9908 |    000003F3  A$lcc9908 |    000003F3  C$main.c$
     000003F5  A$lcc9908 |    000003F7  A$lcc9908 |    000003F7  C$main.c$
     000003F8  A$lcc9908 |    000003F8  C$main.c$ |    000003F9  A$lcc9908
     000003FB  A$lcc9908 |    000003FC  A$lcc9908 |    000003FE  A$lcc9908
     000003FE  C$main.c$ |    00000400  A$lcc9908 |    00000402  A$lcc9908
     00000402  C$main.c$ |    00000403  A$lcc9908 |    00000403  C$main.c$
     00000406  A$lcc9908 |    00000408  A$lcc9908 |    00000409  A$lcc9908
     0000040B  A$lcc9908 |    0000040B  C$main.c$ |    0000040D  A$lcc9908
     0000040F  A$lcc9908 |    0000040F  C$main.c$ |    00000410  A$lcc9908
     00000410  C$main.c$ |    00000413  A$lcc9908 |    00000415  A$lcc9908
     00000416  A$lcc9908 |    00000418  A$lcc9908 |    00000418  C$main.c$
     0000041A  A$lcc9908 |    0000041C  A$lcc9908 |    0000041C  C$main.c$
     0000041D  A$lcc9908 |    0000041D  C$main.c$ |    00000420  A$lcc9908
     00000422  A$lcc9908 |    00000423  A$lcc9908 |    00000425  A$lcc9908
     00000425  C$main.c$ |    00000427  A$lcc9908 |    00000429  A$lcc9908
     00000429  C$main.c$ |    0000042A  A$lcc9908 |    0000042A  C$main.c$
     0000042D  A$lcc9908 |    0000042F  A$lcc9908 |    00000430  A$lcc9908
     00000432  A$lcc9908 |    00000432  C$main.c$ |    00000434  A$lcc9908
     00000436  A$lcc9908 |    00000436  C$main.c$ |    00000437  A$lcc9908
     00000437  C$main.c$ |    0000043A  A$lcc9908 |    0000043C  A$lcc9908
     0000043D  A$lcc9908 |    0000043F  A$lcc9908 |    0000043F  C$main.c$
     00000441  A$lcc9908 |    00000443  A$lcc9908 |    00000443  C$main.c$
     00000444  A$lcc9908 |    00000444  C$main.c$ |    00000445  A$lcc9908
     00000447  A$lcc9908 |    00000448  A$lcc9908 |    0000044A  A$lcc9908
     0000044A  C$main.c$ |    0000044B  A$lcc9908 |    0000044D  A$lcc9908
     0000044D  C$main.c$ |    0000044D  C$main.c$ |    0000044D  XG$parall
     0000044E  A$lcc9908 |    0000044E  C$main.c$ |    0000044E  G$scroll_
     0000044E  _scroll_c |    0000044F  A$lcc9908 |    0000044F  C$main.c$
     00000452  A$lcc9908 |    00000453  A$lcc9908 |    00000455  A$lcc9908
     00000458  A$lcc9908 |    00000459  A$lcc9908 |    0000045A  A$lcc9908
     0000045D  A$lcc9908 |    0000045F  A$lcc9908 |    00000460  A$lcc9908
     00000461  A$lcc9908 |    00000464  A$lcc9908 |    00000464  C$main.c$
     00000467  A$lcc9908 |    00000468  A$lcc9908 |    00000469  A$lcc9908
     0000046A  A$lcc9908 |    0000046A  C$main.c$ |    0000046B  A$lcc9908
     0000046C  A$lcc9908 |    0000046D  A$lcc9908 |    0000046E  A$lcc9908
     0000046F  A$lcc9908 |    00000470  A$lcc9908 |    00000470  C$main.c$
     00000471  A$lcc9908 |    00000472  A$lcc9908 |    00000473  A$lcc9908
     00000474  A$lcc9908 |    00000475  A$lcc9908 |    00000476  A$lcc9908
ASxxxx Linker V03.00 + NoICE + sdld,  page 6.
Hexadecimal  [32-Bits]

Area                       Addr        Size        Decimal Bytes (Attributes)
--------------------       ----        ----        ------- ----- ------------
_CODE                  00000200    000019D1 =        6609. bytes (REL,CON)

        Value  Global            Value  Global            Value  Global    
        -----  ------            -----  ------            -----  ------    
     00000477  A$lcc9908 |    0000047A  A$lcc9908 |    0000047B  A$lcc9908
     0000047B  C$main.c$ |    0000047B  C$main.c$ |    0000047B  C$main.c$
     0000047C  A$lcc9908 |    0000047E  A$lcc9908 |    0000047E  C$main.c$
     00000481  A$lcc9908 |    00000482  A$lcc9908 |    00000483  A$lcc9908
     00000484  A$lcc9908 |    00000485  A$lcc9908 |    00000488  A$lcc9908
     00000489  A$lcc9908 |    0000048A  A$lcc9908 |    0000048B  A$lcc9908
     0000048E  A$lcc9908 |    00000490  A$lcc9908 |    00000491  A$lcc9908
     00000494  A$lcc9908 |    00000495  A$lcc9908 |    00000496  A$lcc9908
     00000497  A$lcc9908 |    00000498  A$lcc9908 |    0000049B  A$lcc9908
     0000049C  A$lcc9908 |    0000049D  A$lcc9908 |    0000049E  A$lcc9908
     000004A1  A$lcc9908 |    000004A3  A$lcc9908 |    000004A5  A$lcc9908
     000004A6  A$lcc9908 |    000004A7  A$lcc9908 |    000004A8  A$lcc9908
     000004A9  A$lcc9908 |    000004AB  A$lcc9908 |    000004AC  A$lcc9908
     000004AF  A$lcc9908 |    000004B1  A$lcc9908 |    000004B1  C$main.c$
     000004B1  C$main.c$ |    000004B4  A$lcc9908 |    000004B6  A$lcc9908
     000004B8  A$lcc9908 |    000004B8  C$main.c$ |    000004BB  A$lcc9908
     000004BC  A$lcc9908 |    000004BD  A$lcc9908 |    000004BE  A$lcc9908
     000004BF  A$lcc9908 |    000004C2  A$lcc9908 |    000004C3  A$lcc9908
     000004C4  A$lcc9908 |    000004C5  A$lcc9908 |    000004C8  A$lcc9908
     000004CA  A$lcc9908 |    000004CB  A$lcc9908 |    000004CE  A$lcc9908
     000004CF  A$lcc9908 |    000004D0  A$lcc9908 |    000004D1  A$lcc9908
     000004D2  A$lcc9908 |    000004D5  A$lcc9908 |    000004D6  A$lcc9908
     000004D7  A$lcc9908 |    000004D8  A$lcc9908 |    000004DB  A$lcc9908
     000004DD  A$lcc9908 |    000004DF  A$lcc9908 |    000004E0  A$lcc9908
     000004E1  A$lcc9908 |    000004E2  A$lcc9908 |    000004E3  A$lcc9908
     000004E5  A$lcc9908 |    000004E6  A$lcc9908 |    000004E9  A$lcc9908
     000004EB  A$lcc9908 |    000004EB  C$main.c$ |    000004EB  C$main.c$
     000004EE  A$lcc9908 |    000004EF  A$lcc9908 |    000004F1  A$lcc9908
     000004F4  A$lcc9908 |    000004F5  A$lcc9908 |    000004F6  A$lcc9908
     000004F9  A$lcc9908 |    000004FB  A$lcc9908 |    000004FC  A$lcc9908
     000004FD  A$lcc9908 |    000004FF  A$lcc9908 |    000004FF  C$main.c$
     00000502  A$lcc9908 |    00000503  A$lcc9908 |    00000504  A$lcc9908
     00000505  A$lcc9908 |    00000505  C$main.c$ |    00000508  A$lcc9908
     0000050A  A$lcc9908 |    0000050C  A$lcc9908 |    0000050C  C$main.c$
     0000050F  A$lcc9908 |    00000510  A$lcc9908 |    00000511  A$lcc9908
     00000512  A$lcc9908 |    00000513  A$lcc9908 |    00000516  A$lcc9908
     00000517  A$lcc9908 |    00000518  A$lcc9908 |    00000519  A$lcc9908
     0000051C  A$lcc9908 |    0000051E  A$lcc9908 |    0000051F  A$lcc9908
     00000522  A$lcc9908 |    00000523  A$lcc9908 |    00000524  A$lcc9908
     00000525  A$lcc9908 |    00000526  A$lcc9908 |    00000529  A$lcc9908
     0000052A  A$lcc9908 |    0000052B  A$lcc9908 |    0000052C  A$lcc9908
     0000052F  A$lcc9908 |    00000531  A$lcc9908 |    00000533  A$lcc9908
     00000534  A$lcc9908 |    00000535  A$lcc9908 |    00000536  A$lcc9908
     00000537  A$lcc9908 |    00000539  A$lcc9908 |    0000053A  A$lcc9908
     0000053D  A$lcc9908 |    0000053F  A$lcc9908 |    0000053F  C$main.c$
     0000053F  C$main.c$ |    00000542  A$lcc9908 |    00000544  A$lcc9908
     00000546  A$lcc9908 |    00000546  C$main.c$ |    00000549  A$lcc9908
     0000054A  A$lcc9908 |    0000054B  A$lcc9908 |    0000054C  A$lcc9908
     0000054C  C$main.c$ |    0000054F  A$lcc9908 |    00000550  A$lcc9908
     00000551  A$lcc9908 |    00000552  A$lcc9908 |    00000552  C$main.c$
     00000555  A$lcc9908 |    00000556  A$lcc9908 |    00000557  A$lcc9908
ASxxxx Linker V03.00 + NoICE + sdld,  page 7.
Hexadecimal  [32-Bits]

Area                       Addr        Size        Decimal Bytes (Attributes)
--------------------       ----        ----        ------- ----- ------------
_CODE                  00000200    000019D1 =        6609. bytes (REL,CON)

        Value  Global            Value  Global            Value  Global    
        -----  ------            -----  ------            -----  ------    
     00000558  A$lcc9908 |    00000558  C$main.c$ |    0000055B  A$lcc9908
     0000055C  A$lcc9908 |    0000055D  A$lcc9908 |    0000055E  A$lcc9908
     0000055E  C$main.c$ |    00000561  A$lcc9908 |    00000563  A$lcc9908
     00000565  A$lcc9908 |    00000565  C$main.c$ |    00000568  A$lcc9908
     00000569  A$lcc9908 |    0000056A  A$lcc9908 |    0000056B  A$lcc9908
     0000056C  A$lcc9908 |    0000056D  A$lcc9908 |    0000056E  A$lcc9908
     0000056F  A$lcc9908 |    00000570  A$lcc9908 |    00000571  A$lcc9908
     00000572  A$lcc9908 |    00000573  A$lcc9908 |    00000574  A$lcc9908
     00000577  A$lcc9908 |    00000578  A$lcc9908 |    00000579  A$lcc9908
     0000057C  A$lcc9908 |    0000057D  A$lcc9908 |    0000057E  A$lcc9908
     0000057F  A$lcc9908 |    00000580  A$lcc9908 |    00000583  A$lcc9908
     00000584  A$lcc9908 |    00000585  A$lcc9908 |    00000586  A$lcc9908
     00000589  A$lcc9908 |    0000058B  A$lcc9908 |    0000058C  A$lcc9908
     0000058D  A$lcc9908 |    0000058E  A$lcc9908 |    0000058F  A$lcc9908
     00000590  A$lcc9908 |    00000591  A$lcc9908 |    00000592  A$lcc9908
     00000593  A$lcc9908 |    00000596  A$lcc9908 |    00000598  A$lcc9908
     00000598  C$main.c$ |    00000598  C$main.c$ |    0000059B  A$lcc9908
     0000059C  A$lcc9908 |    0000059E  A$lcc9908 |    000005A1  A$lcc9908
     000005A2  A$lcc9908 |    000005A3  A$lcc9908 |    000005A6  A$lcc9908
     000005A8  A$lcc9908 |    000005A9  A$lcc9908 |    000005AA  A$lcc9908
     000005AC  A$lcc9908 |    000005AC  C$main.c$ |    000005AF  A$lcc9908
     000005B0  A$lcc9908 |    000005B1  A$lcc9908 |    000005B2  A$lcc9908
     000005B2  C$main.c$ |    000005B5  A$lcc9908 |    000005B6  A$lcc9908
     000005B7  A$lcc9908 |    000005B8  A$lcc9908 |    000005B8  C$main.c$
     000005BB  A$lcc9908 |    000005BC  A$lcc9908 |    000005BD  A$lcc9908
     000005BD  C$main.c$ |    000005BD  XG$scroll |    000005BE  A$lcc9908
     000005BE  C$main.c$ |    000005BE  G$win_che |    000005BE  _win_chec
     000005C0  A$lcc9908 |    000005C0  C$main.c$ |    000005C2  A$lcc9908
     000005C3  A$lcc9908 |    000005C5  A$lcc9908 |    000005C6  A$lcc9908
     000005C7  A$lcc9908 |    000005C8  A$lcc9908 |    000005C9  A$lcc9908
     000005CA  A$lcc9908 |    000005CB  A$lcc9908 |    000005CE  A$lcc9908
     000005CF  A$lcc9908 |    000005D0  A$lcc9908 |    000005D1  A$lcc9908
     000005D3  A$lcc9908 |    000005D4  A$lcc9908 |    000005D5  A$lcc9908
     000005D6  A$lcc9908 |    000005D8  A$lcc9908 |    000005D9  A$lcc9908
     000005DA  A$lcc9908 |    000005DB  A$lcc9908 |    000005DC  A$lcc9908
     000005DE  A$lcc9908 |    000005E0  A$lcc9908 |    000005E1  A$lcc9908
     000005E2  A$lcc9908 |    000005E3  A$lcc9908 |    000005E4  A$lcc9908
     000005E5  A$lcc9908 |    000005E6  A$lcc9908 |    000005E9  A$lcc9908
     000005EA  A$lcc9908 |    000005EB  A$lcc9908 |    000005EC  A$lcc9908
     000005ED  A$lcc9908 |    000005EE  A$lcc9908 |    000005EF  A$lcc9908
     000005F1  A$lcc9908 |    000005F3  A$lcc9908 |    000005F4  A$lcc9908
     000005F6  A$lcc9908 |    000005F7  A$lcc9908 |    000005F9  A$lcc9908
     000005FA  A$lcc9908 |    000005FC  A$lcc9908 |    000005FD  A$lcc9908
     000005FF  A$lcc9908 |    00000600  A$lcc9908 |    00000602  A$lcc9908
     00000602  C$main.c$ |    00000604  A$lcc9908 |    00000605  A$lcc9908
     00000607  A$lcc9908 |    00000608  A$lcc9908 |    00000609  A$lcc9908
     0000060A  A$lcc9908 |    0000060B  A$lcc9908 |    0000060C  A$lcc9908
     0000060D  A$lcc9908 |    00000610  A$lcc9908 |    00000611  A$lcc9908
     00000612  A$lcc9908 |    00000613  A$lcc9908 |    00000615  A$lcc9908
     00000616  A$lcc9908 |    00000617  A$lcc9908 |    00000618  A$lcc9908
     0000061A  A$lcc9908 |    0000061B  A$lcc9908 |    0000061C  A$lcc9908
ASxxxx Linker V03.00 + NoICE + sdld,  page 8.
Hexadecimal  [32-Bits]

Area                       Addr        Size        Decimal Bytes (Attributes)
--------------------       ----        ----        ------- ----- ------------
_CODE                  00000200    000019D1 =        6609. bytes (REL,CON)

        Value  Global            Value  Global            Value  Global    
        -----  ------            -----  ------            -----  ------    
     0000061D  A$lcc9908 |    0000061E  A$lcc9908 |    00000620  A$lcc9908
     00000622  A$lcc9908 |    00000624  A$lcc9908 |    00000625  A$lcc9908
     00000626  A$lcc9908 |    00000627  A$lcc9908 |    0000062A  A$lcc9908
     0000062B  A$lcc9908 |    0000062C  A$lcc9908 |    0000062D  A$lcc9908
     0000062F  A$lcc9908 |    00000631  A$lcc9908 |    00000633  A$lcc9908
     00000635  A$lcc9908 |    00000637  A$lcc9908 |    00000639  A$lcc9908
     00000639  C$main.c$ |    0000063B  A$lcc9908 |    0000063C  A$lcc9908
     0000063D  A$lcc9908 |    0000063E  A$lcc9908 |    00000641  A$lcc9908
     00000642  A$lcc9908 |    00000643  A$lcc9908 |    00000644  A$lcc9908
     00000646  A$lcc9908 |    00000647  A$lcc9908 |    00000648  A$lcc9908
     00000649  A$lcc9908 |    0000064B  A$lcc9908 |    0000064C  A$lcc9908
     0000064D  A$lcc9908 |    0000064E  A$lcc9908 |    0000064F  A$lcc9908
     00000650  A$lcc9908 |    00000651  A$lcc9908 |    00000652  A$lcc9908
     00000653  A$lcc9908 |    00000655  A$lcc9908 |    00000657  A$lcc9908
     00000658  A$lcc9908 |    00000659  A$lcc9908 |    0000065A  A$lcc9908
     0000065B  A$lcc9908 |    0000065C  A$lcc9908 |    0000065D  A$lcc9908
     00000660  A$lcc9908 |    00000661  A$lcc9908 |    00000662  A$lcc9908
     00000663  A$lcc9908 |    00000665  A$lcc9908 |    00000666  A$lcc9908
     00000667  A$lcc9908 |    00000668  A$lcc9908 |    0000066A  A$lcc9908
     0000066B  A$lcc9908 |    0000066D  A$lcc9908 |    0000066E  A$lcc9908
     0000066F  A$lcc9908 |    00000670  A$lcc9908 |    00000672  A$lcc9908
     00000674  A$lcc9908 |    00000676  A$lcc9908 |    00000678  A$lcc9908
     0000067A  A$lcc9908 |    0000067C  A$lcc9908 |    0000067C  C$main.c$
     0000067E  A$lcc9908 |    0000067F  A$lcc9908 |    00000681  A$lcc9908
     00000682  A$lcc9908 |    00000684  A$lcc9908 |    00000685  A$lcc9908
     00000687  A$lcc9908 |    00000688  A$lcc9908 |    0000068A  A$lcc9908
     0000068C  A$lcc9908 |    0000068E  A$lcc9908 |    0000068F  A$lcc9908
     00000691  A$lcc9908 |    00000692  A$lcc9908 |    00000694  A$lcc9908
     00000695  A$lcc9908 |    00000696  A$lcc9908 |    00000697  A$lcc9908
     00000698  A$lcc9908 |    00000699  A$lcc9908 |    0000069A  A$lcc9908
     0000069A  C$main.c$ |    0000069C  A$lcc9908 |    0000069D  A$lcc9908
     0000069E  A$lcc9908 |    0000069F  A$lcc9908 |    000006A0  A$lcc9908
     000006A1  A$lcc9908 |    000006A2  A$lcc9908 |    000006A2  C$main.c$
     000006A5  A$lcc9908 |    000006A6  A$lcc9908 |    000006A7  A$lcc9908
     000006AA  A$lcc9908 |    000006AB  A$lcc9908 |    000006AC  A$lcc9908
     000006AD  A$lcc9908 |    000006AF  A$lcc9908 |    000006B0  A$lcc9908
     000006B1  A$lcc9908 |    000006B3  A$lcc9908 |    000006B3  C$main.c$
     000006B6  A$lcc9908 |    000006B7  A$lcc9908 |    000006BA  A$lcc9908
     000006BB  A$lcc9908 |    000006BE  A$lcc9908 |    000006BF  A$lcc9908
     000006C2  A$lcc9908 |    000006C4  A$lcc9908 |    000006C4  C$main.c$
     000006C7  A$lcc9908 |    000006CA  A$lcc9908 |    000006CA  C$main.c$
     000006CB  A$lcc9908 |    000006CD  A$lcc9908 |    000006CF  A$lcc9908
     000006D0  A$lcc9908 |    000006D2  A$lcc9908 |    000006D4  A$lcc9908
     000006D4  C$main.c$ |    000006D7  A$lcc9908 |    000006D8  A$lcc9908
     000006DB  A$lcc9908 |    000006DC  A$lcc9908 |    000006DF  A$lcc9908
     000006E0  A$lcc9908 |    000006E3  A$lcc9908 |    000006E5  A$lcc9908
     000006E5  C$main.c$ |    000006E8  A$lcc9908 |    000006EA  A$lcc9908
     000006EA  C$main.c$ |    000006EB  A$lcc9908 |    000006ED  A$lcc9908
     000006EF  A$lcc9908 |    000006F0  A$lcc9908 |    000006F2  A$lcc9908
     000006F4  A$lcc9908 |    000006F4  C$main.c$ |    000006F7  A$lcc9908
     000006F8  A$lcc9908 |    000006FB  A$lcc9908 |    000006FC  A$lcc9908
ASxxxx Linker V03.00 + NoICE + sdld,  page 9.
Hexadecimal  [32-Bits]

Area                       Addr        Size        Decimal Bytes (Attributes)
--------------------       ----        ----        ------- ----- ------------
_CODE                  00000200    000019D1 =        6609. bytes (REL,CON)

        Value  Global            Value  Global            Value  Global    
        -----  ------            -----  ------            -----  ------    
     000006FF  A$lcc9908 |    00000700  A$lcc9908 |    00000703  A$lcc9908
     00000705  A$lcc9908 |    00000705  C$main.c$ |    00000708  A$lcc9908
     0000070A  A$lcc9908 |    0000070A  C$main.c$ |    0000070B  A$lcc9908
     0000070D  A$lcc9908 |    0000070F  A$lcc9908 |    00000710  A$lcc9908
     00000712  A$lcc9908 |    00000714  A$lcc9908 |    00000714  C$main.c$
     00000717  A$lcc9908 |    00000718  A$lcc9908 |    0000071B  A$lcc9908
     0000071C  A$lcc9908 |    0000071F  A$lcc9908 |    00000720  A$lcc9908
     00000723  A$lcc9908 |    00000725  A$lcc9908 |    00000725  C$main.c$
     00000728  A$lcc9908 |    0000072A  A$lcc9908 |    0000072A  C$main.c$
     0000072B  A$lcc9908 |    0000072D  A$lcc9908 |    0000072F  A$lcc9908
     00000730  A$lcc9908 |    00000732  A$lcc9908 |    00000734  A$lcc9908
     00000734  C$main.c$ |    00000737  A$lcc9908 |    00000738  A$lcc9908
     0000073B  A$lcc9908 |    0000073C  A$lcc9908 |    0000073F  A$lcc9908
     00000740  A$lcc9908 |    00000743  A$lcc9908 |    00000745  A$lcc9908
     00000745  C$main.c$ |    00000748  A$lcc9908 |    0000074A  A$lcc9908
     0000074A  C$main.c$ |    0000074D  A$lcc9908 |    0000074F  A$lcc9908
     0000074F  C$main.c$ |    0000074F  XG$win_ch |    00000750  A$lcc9908
     00000750  C$main.c$ |    00000750  G$collide |    00000750  _collide_
     00000752  A$lcc9908 |    00000752  C$main.c$ |    00000755  A$lcc9908
     00000756  A$lcc9908 |    00000757  A$lcc9908 |    00000758  A$lcc9908
     00000759  A$lcc9908 |    0000075B  A$lcc9908 |    0000075C  A$lcc9908
     0000075D  A$lcc9908 |    0000075E  A$lcc9908 |    0000075F  A$lcc9908
     00000761  A$lcc9908 |    00000763  A$lcc9908 |    00000763  C$main.c$
     00000765  A$lcc9908 |    00000767  A$lcc9908 |    00000767  C$main.c$
     00000769  A$lcc9908 |    0000076B  A$lcc9908 |    0000076D  A$lcc9908
     0000076D  C$main.c$ |    0000076F  A$lcc9908 |    00000771  A$lcc9908
     00000771  C$main.c$ |    00000773  A$lcc9908 |    00000775  A$lcc9908
     00000775  C$main.c$ |    00000777  A$lcc9908 |    00000778  A$lcc9908
     0000077A  A$lcc9908 |    0000077B  A$lcc9908 |    0000077C  A$lcc9908
     0000077D  A$lcc9908 |    0000077E  A$lcc9908 |    0000077F  A$lcc9908
     00000780  A$lcc9908 |    00000783  A$lcc9908 |    00000784  A$lcc9908
     00000785  A$lcc9908 |    00000786  A$lcc9908 |    00000788  A$lcc9908
     00000789  A$lcc9908 |    0000078A  A$lcc9908 |    0000078B  A$lcc9908
     0000078D  A$lcc9908 |    0000078E  A$lcc9908 |    0000078F  A$lcc9908
     00000790  A$lcc9908 |    00000791  A$lcc9908 |    00000793  A$lcc9908
     00000795  A$lcc9908 |    00000796  A$lcc9908 |    00000797  A$lcc9908
     00000798  A$lcc9908 |    00000799  A$lcc9908 |    0000079A  A$lcc9908
     0000079B  A$lcc9908 |    0000079E  A$lcc9908 |    0000079F  A$lcc9908
     000007A0  A$lcc9908 |    000007A1  A$lcc9908 |    000007A3  A$lcc9908
     000007A5  A$lcc9908 |    000007A7  A$lcc9908 |    000007A9  A$lcc9908
     000007AB  A$lcc9908 |    000007AD  A$lcc9908 |    000007AD  C$main.c$
     000007B0  A$lcc9908 |    000007B1  A$lcc9908 |    000007B2  A$lcc9908
     000007B3  A$lcc9908 |    000007B4  A$lcc9908 |    000007B5  A$lcc9908
     000007B6  A$lcc9908 |    000007B7  A$lcc9908 |    000007B8  A$lcc9908
     000007B8  C$main.c$ |    000007B9  A$lcc9908 |    000007BB  A$lcc9908
     000007BC  A$lcc9908 |    000007BD  A$lcc9908 |    000007BF  A$lcc9908
     000007C2  A$lcc9908 |    000007C4  A$lcc9908 |    000007C5  A$lcc9908
     000007C5  C$main.c$ |    000007C7  A$lcc9908 |    000007C8  A$lcc9908
     000007CA  A$lcc9908 |    000007CB  A$lcc9908 |    000007CD  A$lcc9908
     000007CF  A$lcc9908 |    000007D0  A$lcc9908 |    000007D2  A$lcc9908
     000007D4  A$lcc9908 |    000007D5  A$lcc9908 |    000007D6  A$lcc9908
ASxxxx Linker V03.00 + NoICE + sdld,  page 10.
Hexadecimal  [32-Bits]

Area                       Addr        Size        Decimal Bytes (Attributes)
--------------------       ----        ----        ------- ----- ------------
_CODE                  00000200    000019D1 =        6609. bytes (REL,CON)

        Value  Global            Value  Global            Value  Global    
        -----  ------            -----  ------            -----  ------    
     000007D7  A$lcc9908 |    000007D8  A$lcc9908 |    000007D9  A$lcc9908
     000007DA  A$lcc9908 |    000007DC  A$lcc9908 |    000007DD  A$lcc9908
     000007DF  A$lcc9908 |    000007E0  A$lcc9908 |    000007E1  A$lcc9908
     000007E2  A$lcc9908 |    000007E3  A$lcc9908 |    000007E4  A$lcc9908
     000007E5  A$lcc9908 |    000007E6  A$lcc9908 |    000007E7  A$lcc9908
     000007E8  A$lcc9908 |    000007E9  A$lcc9908 |    000007EB  A$lcc9908
     000007EC  A$lcc9908 |    000007EE  A$lcc9908 |    000007EF  A$lcc9908
     000007F1  A$lcc9908 |    000007F2  A$lcc9908 |    000007F4  A$lcc9908
     000007F5  A$lcc9908 |    000007F7  A$lcc9908 |    000007F9  A$lcc9908
     000007FB  A$lcc9908 |    000007FC  A$lcc9908 |    000007FD  A$lcc9908
     00000800  A$lcc9908 |    00000801  A$lcc9908 |    00000802  A$lcc9908
     00000803  A$lcc9908 |    00000805  A$lcc9908 |    00000806  A$lcc9908
     00000807  A$lcc9908 |    00000808  A$lcc9908 |    0000080A  A$lcc9908
     0000080B  A$lcc9908 |    0000080D  A$lcc9908 |    0000080F  A$lcc9908
     00000810  A$lcc9908 |    00000812  A$lcc9908 |    00000813  A$lcc9908
     00000815  A$lcc9908 |    00000816  A$lcc9908 |    00000818  A$lcc9908
     00000819  A$lcc9908 |    0000081B  A$lcc9908 |    0000081C  A$lcc9908
     0000081E  A$lcc9908 |    0000081E  C$main.c$ |    00000820  A$lcc9908
     00000821  A$lcc9908 |    00000822  A$lcc9908 |    00000824  A$lcc9908
     00000825  A$lcc9908 |    00000826  A$lcc9908 |    00000827  A$lcc9908
     00000828  A$lcc9908 |    00000829  A$lcc9908 |    0000082A  A$lcc9908
     0000082C  A$lcc9908 |    0000082D  A$lcc9908 |    0000082E  A$lcc9908
     0000082F  A$lcc9908 |    00000830  A$lcc9908 |    00000831  A$lcc9908
     00000832  A$lcc9908 |    00000834  A$lcc9908 |    00000835  A$lcc9908
     00000836  A$lcc9908 |    00000837  A$lcc9908 |    00000839  A$lcc9908
     0000083A  A$lcc9908 |    0000083B  A$lcc9908 |    0000083C  A$lcc9908
     0000083D  A$lcc9908 |    0000083E  A$lcc9908 |    0000083F  A$lcc9908
     00000840  A$lcc9908 |    00000841  A$lcc9908 |    00000843  A$lcc9908
     00000845  A$lcc9908 |    00000846  A$lcc9908 |    00000847  A$lcc9908
     00000848  A$lcc9908 |    00000849  A$lcc9908 |    0000084C  A$lcc9908
     0000084D  A$lcc9908 |    0000084E  A$lcc9908 |    0000084F  A$lcc9908
     00000851  A$lcc9908 |    00000852  A$lcc9908 |    00000853  A$lcc9908
     00000854  A$lcc9908 |    00000856  A$lcc9908 |    00000857  A$lcc9908
     00000859  A$lcc9908 |    0000085A  A$lcc9908 |    0000085B  A$lcc9908
     0000085B  C$main.c$ |    0000085C  A$lcc9908 |    0000085D  A$lcc9908
     0000085F  A$lcc9908 |    00000861  A$lcc9908 |    00000863  A$lcc9908
     00000865  A$lcc9908 |    00000867  A$lcc9908 |    00000869  A$lcc9908
     0000086A  A$lcc9908 |    0000086B  A$lcc9908 |    0000086D  A$lcc9908
     0000086E  A$lcc9908 |    0000086F  A$lcc9908 |    00000870  A$lcc9908
     00000871  A$lcc9908 |    00000872  A$lcc9908 |    00000875  A$lcc9908
     00000876  A$lcc9908 |    00000877  A$lcc9908 |    00000878  A$lcc9908
     0000087A  A$lcc9908 |    0000087B  A$lcc9908 |    0000087D  A$lcc9908
     0000087D  C$main.c$ |    0000087E  A$lcc9908 |    00000880  A$lcc9908
     00000881  A$lcc9908 |    00000882  A$lcc9908 |    00000883  A$lcc9908
     00000884  A$lcc9908 |    00000887  A$lcc9908 |    00000888  A$lcc9908
     0000088A  A$lcc9908 |    0000088B  A$lcc9908 |    0000088C  A$lcc9908
     0000088E  A$lcc9908 |    0000088E  C$main.c$ |    00000891  A$lcc9908
     00000892  A$lcc9908 |    00000893  A$lcc9908 |    00000894  A$lcc9908
     00000895  A$lcc9908 |    00000897  A$lcc9908 |    00000898  A$lcc9908
     00000899  A$lcc9908 |    0000089A  A$lcc9908 |    0000089B  A$lcc9908
     0000089D  A$lcc9908 |    0000089F  A$lcc9908 |    0000089F  C$main.c$
ASxxxx Linker V03.00 + NoICE + sdld,  page 11.
Hexadecimal  [32-Bits]

Area                       Addr        Size        Decimal Bytes (Attributes)
--------------------       ----        ----        ------- ----- ------------
_CODE                  00000200    000019D1 =        6609. bytes (REL,CON)

        Value  Global            Value  Global            Value  Global    
        -----  ------            -----  ------            -----  ------    
     000008A1  A$lcc9908 |    000008A2  A$lcc9908 |    000008A4  A$lcc9908
     000008A5  A$lcc9908 |    000008A7  A$lcc9908 |    000008A9  A$lcc9908
     000008AA  A$lcc9908 |    000008AC  A$lcc9908 |    000008AD  A$lcc9908
     000008AE  A$lcc9908 |    000008B0  A$lcc9908 |    000008B1  A$lcc9908
     000008B3  A$lcc9908 |    000008B5  A$lcc9908 |    000008B6  A$lcc9908
     000008B8  A$lcc9908 |    000008B9  A$lcc9908 |    000008BB  A$lcc9908
     000008BE  A$lcc9908 |    000008BF  A$lcc9908 |    000008C1  A$lcc9908
     000008C2  A$lcc9908 |    000008C3  A$lcc9908 |    000008C5  A$lcc9908
     000008C6  A$lcc9908 |    000008C9  A$lcc9908 |    000008C9  C$main.c$
     000008CC  A$lcc9908 |    000008CF  A$lcc9908 |    000008CF  C$main.c$
     000008CF  C$main.c$ |    000008D0  A$lcc9908 |    000008D2  A$lcc9908
     000008D3  A$lcc9908 |    000008D5  A$lcc9908 |    000008D6  A$lcc9908
     000008D8  A$lcc9908 |    000008D9  A$lcc9908 |    000008DB  A$lcc9908
     000008DB  C$main.c$ |    000008DD  A$lcc9908 |    000008DE  A$lcc9908
     000008E0  A$lcc9908 |    000008E1  A$lcc9908 |    000008E3  A$lcc9908
     000008E5  A$lcc9908 |    000008E6  A$lcc9908 |    000008E7  A$lcc9908
     000008E9  A$lcc9908 |    000008EB  A$lcc9908 |    000008EC  A$lcc9908
     000008EE  A$lcc9908 |    000008EF  A$lcc9908 |    000008F0  A$lcc9908
     000008F2  A$lcc9908 |    000008F3  A$lcc9908 |    000008F5  A$lcc9908
     000008F7  A$lcc9908 |    000008F9  A$lcc9908 |    000008FB  A$lcc9908
     000008FD  A$lcc9908 |    000008FE  A$lcc9908 |    000008FF  A$lcc9908
     00000901  A$lcc9908 |    00000902  A$lcc9908 |    00000904  A$lcc9908
     00000904  C$main.c$ |    00000907  A$lcc9908 |    00000909  A$lcc9908
     0000090C  A$lcc9908 |    0000090C  C$main.c$ |    0000090F  A$lcc9908
     00000910  A$lcc9908 |    00000913  A$lcc9908 |    00000913  C$main.c$
     00000916  A$lcc9908 |    00000919  A$lcc9908 |    00000919  C$main.c$
     0000091B  A$lcc9908 |    0000091C  A$lcc9908 |    0000091E  A$lcc9908
     0000091F  A$lcc9908 |    00000921  A$lcc9908 |    00000923  A$lcc9908
     00000924  A$lcc9908 |    00000925  A$lcc9908 |    00000927  A$lcc9908
     00000928  A$lcc9908 |    00000929  A$lcc9908 |    0000092B  A$lcc9908
     0000092C  A$lcc9908 |    0000092E  A$lcc9908 |    0000092F  A$lcc9908
     00000931  A$lcc9908 |    00000932  A$lcc9908 |    00000933  A$lcc9908
     00000935  A$lcc9908 |    00000936  A$lcc9908 |    00000937  A$lcc9908
     00000939  A$lcc9908 |    0000093A  A$lcc9908 |    0000093C  A$lcc9908
     0000093D  A$lcc9908 |    0000093E  A$lcc9908 |    0000093E  C$main.c$
     0000093F  A$lcc9908 |    00000941  A$lcc9908 |    00000942  A$lcc9908
     00000944  A$lcc9908 |    00000944  C$main.c$ |    00000946  A$lcc9908
     00000948  A$lcc9908 |    0000094A  A$lcc9908 |    0000094C  A$lcc9908
     0000094E  A$lcc9908 |    00000950  A$lcc9908 |    00000952  A$lcc9908
     00000954  A$lcc9908 |    00000956  A$lcc9908 |    00000956  C$main.c$
     00000959  A$lcc9908 |    0000095B  A$lcc9908 |    0000095D  A$lcc9908
     0000095D  C$main.c$ |    00000960  A$lcc9908 |    00000961  A$lcc9908
     00000963  A$lcc9908 |    00000963  C$main.c$ |    00000966  A$lcc9908
     00000968  A$lcc9908 |    00000968  C$main.c$ |    00000969  A$lcc9908
     0000096B  A$lcc9908 |    0000096C  A$lcc9908 |    0000096E  A$lcc9908
     0000096E  C$main.c$ |    00000970  A$lcc9908 |    00000972  A$lcc9908
     00000974  A$lcc9908 |    00000976  A$lcc9908 |    00000978  A$lcc9908
     0000097A  A$lcc9908 |    0000097C  A$lcc9908 |    0000097E  A$lcc9908
     00000980  A$lcc9908 |    00000980  C$main.c$ |    00000983  A$lcc9908
     00000985  A$lcc9908 |    00000987  A$lcc9908 |    00000987  C$main.c$
     0000098A  A$lcc9908 |    0000098B  A$lcc9908 |    0000098D  A$lcc9908
ASxxxx Linker V03.00 + NoICE + sdld,  page 12.
Hexadecimal  [32-Bits]

Area                       Addr        Size        Decimal Bytes (Attributes)
--------------------       ----        ----        ------- ----- ------------
_CODE                  00000200    000019D1 =        6609. bytes (REL,CON)

        Value  Global            Value  Global            Value  Global    
        -----  ------            -----  ------            -----  ------    
     0000098D  C$main.c$ |    00000990  A$lcc9908 |    00000992  A$lcc9908
     00000992  C$main.c$ |    00000993  A$lcc9908 |    00000995  A$lcc9908
     00000996  A$lcc9908 |    00000998  A$lcc9908 |    00000998  C$main.c$
     0000099A  A$lcc9908 |    0000099C  A$lcc9908 |    0000099E  A$lcc9908
     000009A0  A$lcc9908 |    000009A2  A$lcc9908 |    000009A4  A$lcc9908
     000009A6  A$lcc9908 |    000009A8  A$lcc9908 |    000009AA  A$lcc9908
     000009AA  C$main.c$ |    000009AD  A$lcc9908 |    000009AF  A$lcc9908
     000009B1  A$lcc9908 |    000009B1  C$main.c$ |    000009B4  A$lcc9908
     000009B5  A$lcc9908 |    000009B7  A$lcc9908 |    000009B7  C$main.c$
     000009BA  A$lcc9908 |    000009BC  A$lcc9908 |    000009BC  C$main.c$
     000009BD  A$lcc9908 |    000009BF  A$lcc9908 |    000009C0  A$lcc9908
     000009C2  A$lcc9908 |    000009C2  C$main.c$ |    000009C5  A$lcc9908
     000009C6  A$lcc9908 |    000009C7  A$lcc9908 |    000009C8  A$lcc9908
     000009C9  A$lcc9908 |    000009CA  A$lcc9908 |    000009CD  A$lcc9908
     000009CE  A$lcc9908 |    000009D0  A$lcc9908 |    000009D0  C$main.c$
     000009D0  XG$collid |    000009D1  A$lcc9908 |    000009D1  C$main.c$
     000009D1  C$main.c$ |    000009D1  G$animate |    000009D1  _animate_
     000009D4  A$lcc9908 |    000009D5  A$lcc9908 |    000009D5  C$main.c$
     000009D8  A$lcc9908 |    000009D9  A$lcc9908 |    000009D9  C$main.c$
     000009DB  A$lcc9908 |    000009DB  C$main.c$ |    000009DE  A$lcc9908
     000009E0  A$lcc9908 |    000009E2  A$lcc9908 |    000009E2  C$main.c$
     000009E5  A$lcc9908 |    000009E8  A$lcc9908 |    000009E9  A$lcc9908
     000009EA  A$lcc9908 |    000009EB  A$lcc9908 |    000009ED  A$lcc9908
     000009EE  A$lcc9908 |    000009F0  A$lcc9908 |    000009F1  A$lcc9908
     000009F2  A$lcc9908 |    000009F2  C$main.c$ |    000009F4  A$lcc9908
     000009F5  A$lcc9908 |    000009F7  A$lcc9908 |    000009F9  A$lcc9908
     000009F9  C$main.c$ |    000009FB  A$lcc9908 |    000009FC  A$lcc9908
     000009FD  A$lcc9908 |    000009FE  A$lcc9908 |    000009FF  A$lcc9908
     00000A02  A$lcc9908 |    00000A03  A$lcc9908 |    00000A04  A$lcc9908
     00000A05  A$lcc9908 |    00000A05  C$main.c$ |    00000A06  A$lcc9908
     00000A08  A$lcc9908 |    00000A09  A$lcc9908 |    00000A0A  A$lcc9908
     00000A0B  A$lcc9908 |    00000A0C  A$lcc9908 |    00000A0F  A$lcc9908
     00000A10  A$lcc9908 |    00000A11  A$lcc9908 |    00000A11  C$main.c$
     00000A12  A$lcc9908 |    00000A14  A$lcc9908 |    00000A16  A$lcc9908
     00000A18  A$lcc9908 |    00000A19  A$lcc9908 |    00000A1B  A$lcc9908
     00000A1B  C$main.c$ |    00000A1C  A$lcc9908 |    00000A1D  A$lcc9908
     00000A1F  A$lcc9908 |    00000A20  A$lcc9908 |    00000A21  A$lcc9908
     00000A22  A$lcc9908 |    00000A25  A$lcc9908 |    00000A27  A$lcc9908
     00000A28  A$lcc9908 |    00000A28  C$main.c$ |    00000A29  A$lcc9908
     00000A2B  A$lcc9908 |    00000A2D  A$lcc9908 |    00000A2F  A$lcc9908
     00000A30  A$lcc9908 |    00000A32  A$lcc9908 |    00000A32  C$main.c$
     00000A33  A$lcc9908 |    00000A35  A$lcc9908 |    00000A36  A$lcc9908
     00000A37  A$lcc9908 |    00000A38  A$lcc9908 |    00000A3B  A$lcc9908
     00000A3D  A$lcc9908 |    00000A3D  C$main.c$ |    00000A3E  A$lcc9908
     00000A40  A$lcc9908 |    00000A40  C$main.c$ |    00000A43  A$lcc9908
     00000A45  A$lcc9908 |    00000A47  A$lcc9908 |    00000A4A  A$lcc9908
     00000A4B  A$lcc9908 |    00000A4C  A$lcc9908 |    00000A4E  A$lcc9908
     00000A4E  C$main.c$ |    00000A50  A$lcc9908 |    00000A50  C$main.c$
     00000A53  A$lcc9908 |    00000A54  A$lcc9908 |    00000A55  A$lcc9908
     00000A55  C$main.c$ |    00000A58  A$lcc9908 |    00000A5A  A$lcc9908
     00000A5B  A$lcc9908 |    00000A5B  C$main.c$ |    00000A5E  A$lcc9908
ASxxxx Linker V03.00 + NoICE + sdld,  page 13.
Hexadecimal  [32-Bits]

Area                       Addr        Size        Decimal Bytes (Attributes)
--------------------       ----        ----        ------- ----- ------------
_CODE                  00000200    000019D1 =        6609. bytes (REL,CON)

        Value  Global            Value  Global            Value  Global    
        -----  ------            -----  ------            -----  ------    
     00000A5F  A$lcc9908 |    00000A60  A$lcc9908 |    00000A62  A$lcc9908
     00000A63  A$lcc9908 |    00000A66  A$lcc9908 |    00000A67  A$lcc9908
     00000A68  A$lcc9908 |    00000A6B  A$lcc9908 |    00000A6D  A$lcc9908
     00000A6E  A$lcc9908 |    00000A71  A$lcc9908 |    00000A72  A$lcc9908
     00000A73  A$lcc9908 |    00000A73  C$main.c$ |    00000A74  A$lcc9908
     00000A75  A$lcc9908 |    00000A77  A$lcc9908 |    00000A77  C$main.c$
     00000A7A  A$lcc9908 |    00000A7B  A$lcc9908 |    00000A7C  A$lcc9908
     00000A7E  A$lcc9908 |    00000A7E  C$main.c$ |    00000A7F  A$lcc9908
     00000A80  A$lcc9908 |    00000A81  A$lcc9908 |    00000A82  A$lcc9908
     00000A84  A$lcc9908 |    00000A85  A$lcc9908 |    00000A86  A$lcc9908
     00000A87  A$lcc9908 |    00000A88  A$lcc9908 |    00000A8B  A$lcc9908
     00000A8D  A$lcc9908 |    00000A8E  A$lcc9908 |    00000A8E  C$main.c$
     00000A8F  A$lcc9908 |    00000A91  A$lcc9908 |    00000A91  C$main.c$
     00000A94  A$lcc9908 |    00000A95  A$lcc9908 |    00000A96  A$lcc9908
     00000A98  A$lcc9908 |    00000A98  C$main.c$ |    00000A99  A$lcc9908
     00000A9A  A$lcc9908 |    00000A9B  A$lcc9908 |    00000A9C  A$lcc9908
     00000A9E  A$lcc9908 |    00000A9F  A$lcc9908 |    00000AA0  A$lcc9908
     00000AA1  A$lcc9908 |    00000AA2  A$lcc9908 |    00000AA5  A$lcc9908
     00000AA7  A$lcc9908 |    00000AA8  A$lcc9908 |    00000AA8  C$main.c$
     00000AA9  A$lcc9908 |    00000AAB  A$lcc9908 |    00000AAB  C$main.c$
     00000AAE  A$lcc9908 |    00000AB0  A$lcc9908 |    00000AB0  C$main.c$
     00000AB3  A$lcc9908 |    00000AB5  A$lcc9908 |    00000AB6  A$lcc9908
     00000AB6  C$main.c$ |    00000AB9  A$lcc9908 |    00000ABA  A$lcc9908
     00000ABB  A$lcc9908 |    00000ABD  A$lcc9908 |    00000ABD  C$main.c$
     00000ABE  A$lcc9908 |    00000ABF  A$lcc9908 |    00000AC0  A$lcc9908
     00000AC2  A$lcc9908 |    00000AC3  A$lcc9908 |    00000AC4  A$lcc9908
     00000AC5  A$lcc9908 |    00000AC6  A$lcc9908 |    00000AC9  A$lcc9908
     00000ACB  A$lcc9908 |    00000ACC  A$lcc9908 |    00000ACC  C$main.c$
     00000ACD  A$lcc9908 |    00000ACF  A$lcc9908 |    00000ACF  C$main.c$
     00000AD2  A$lcc9908 |    00000AD3  A$lcc9908 |    00000AD4  A$lcc9908
     00000AD5  A$lcc9908 |    00000AD5  C$main.c$ |    00000AD6  A$lcc9908
     00000AD7  A$lcc9908 |    00000AD8  A$lcc9908 |    00000ADA  A$lcc9908
     00000ADB  A$lcc9908 |    00000ADC  A$lcc9908 |    00000ADD  A$lcc9908
     00000ADE  A$lcc9908 |    00000AE1  A$lcc9908 |    00000AE3  A$lcc9908
     00000AE4  A$lcc9908 |    00000AE4  C$main.c$ |    00000AE5  A$lcc9908
     00000AE5  C$main.c$ |    00000AE5  XG$animat |    00000AE7  A$lcc9908
     00000AE7  C$main.c$ |    00000AE7  C$main.c$ |    00000AE7  G$main$0$
     00000AE7  _main     |    00000AE9  A$lcc9908 |    00000AEB  A$lcc9908
     00000AEB  C$main.c$ |    00000AEC  A$lcc9908 |    00000AEE  A$lcc9908
     00000AEE  C$main.c$ |    00000AEF  A$lcc9908 |    00000AEF  C$main.c$
     00000AF2  A$lcc9908 |    00000AF3  A$lcc9908 |    00000AF6  A$lcc9908
     00000AF7  A$lcc9908 |    00000AF8  A$lcc9908 |    00000AF8  C$main.c$
     00000AFA  A$lcc9908 |    00000AFB  A$lcc9908 |    00000AFC  A$lcc9908
     00000AFF  A$lcc9908 |    00000B00  A$lcc9908 |    00000B00  C$main.c$
     00000B01  A$lcc9908 |    00000B03  A$lcc9908 |    00000B03  C$main.c$
     00000B05  A$lcc9908 |    00000B07  A$lcc9908 |    00000B07  C$main.c$
     00000B09  A$lcc9908 |    00000B0B  A$lcc9908 |    00000B0D  A$lcc9908
     00000B0D  C$main.c$ |    00000B0F  A$lcc9908 |    00000B11  A$lcc9908
     00000B13  A$lcc9908 |    00000B13  C$main.c$ |    00000B15  A$lcc9908
     00000B17  A$lcc9908 |    00000B19  A$lcc9908 |    00000B19  C$main.c$
     00000B1B  A$lcc9908 |    00000B1D  A$lcc9908 |    00000B1F  A$lcc9908
ASxxxx Linker V03.00 + NoICE + sdld,  page 14.
Hexadecimal  [32-Bits]

Area                       Addr        Size        Decimal Bytes (Attributes)
--------------------       ----        ----        ------- ----- ------------
_CODE                  00000200    000019D1 =        6609. bytes (REL,CON)

        Value  Global            Value  Global            Value  Global    
        -----  ------            -----  ------            -----  ------    
     00000B1F  C$main.c$ |    00000B22  A$lcc9908 |    00000B22  C$main.c$
     00000B22  C$main.c$ |    00000B25  A$lcc9908 |    00000B28  A$lcc9908
     00000B28  C$main.c$ |    00000B2B  A$lcc9908 |    00000B2E  A$lcc9908
     00000B2F  A$lcc9908 |    00000B2F  C$main.c$ |    00000B32  A$lcc9908
     00000B33  A$lcc9908 |    00000B36  A$lcc9908 |    00000B37  A$lcc9908
     00000B38  A$lcc9908 |    00000B39  A$lcc9908 |    00000B3A  A$lcc9908
     00000B3D  A$lcc9908 |    00000B3E  A$lcc9908 |    00000B3E  C$main.c$
     00000B41  A$lcc9908 |    00000B42  A$lcc9908 |    00000B45  A$lcc9908
     00000B45  C$main.c$ |    00000B48  A$lcc9908 |    00000B4B  A$lcc9908
     00000B4C  A$lcc9908 |    00000B4D  A$lcc9908 |    00000B4E  A$lcc9908
     00000B4F  A$lcc9908 |    00000B51  A$lcc9908 |    00000B54  A$lcc9908
     00000B56  A$lcc9908 |    00000B58  A$lcc9908 |    00000B58  C$main.c$
     00000B58  C$main.c$ |    00000B5B  A$lcc9908 |    00000B5D  A$lcc9908
     00000B5F  A$lcc9908 |    00000B62  A$lcc9908 |    00000B64  A$lcc9908
     00000B66  A$lcc9908 |    00000B68  A$lcc9908 |    00000B68  C$main.c$
     00000B68  C$main.c$ |    00000B6A  A$lcc9908 |    00000B6C  A$lcc9908
     00000B6C  C$main.c$ |    00000B6F  A$lcc9908 |    00000B71  A$lcc9908
     00000B71  C$main.c$ |    00000B74  A$lcc9908 |    00000B76  A$lcc9908
     00000B76  C$main.c$ |    00000B78  A$lcc9908 |    00000B78  C$main.c$
     00000B78  C$main.c$ |    00000B7A  A$lcc9908 |    00000B7C  A$lcc9908
     00000B7C  C$main.c$ |    00000B7F  A$lcc9908 |    00000B81  A$lcc9908
     00000B81  C$main.c$ |    00000B84  A$lcc9908 |    00000B86  A$lcc9908
     00000B86  C$main.c$ |    00000B88  A$lcc9908 |    00000B88  C$main.c$
     00000B88  C$main.c$ |    00000B8A  A$lcc9908 |    00000B8C  A$lcc9908
     00000B8C  C$main.c$ |    00000B8F  A$lcc9908 |    00000B91  A$lcc9908
     00000B91  C$main.c$ |    00000B94  A$lcc9908 |    00000B96  A$lcc9908
     00000B96  C$main.c$ |    00000B99  A$lcc9908 |    00000B9B  A$lcc9908
     00000B9B  C$main.c$ |    00000B9D  A$lcc9908 |    00000B9D  C$main.c$
     00000B9D  C$main.c$ |    00000BA0  A$lcc9908 |    00000BA1  A$lcc9908
     00000BA2  A$lcc9908 |    00000BA3  A$lcc9908 |    00000BA4  A$lcc9908
     00000BA6  A$lcc9908 |    00000BA8  A$lcc9908 |    00000BA9  A$lcc9908
     00000BAB  A$lcc9908 |    00000BAC  A$lcc9908 |    00000BAE  A$lcc9908
     00000BB0  A$lcc9908 |    00000BB2  A$lcc9908 |    00000BB4  A$lcc9908
     00000BB5  A$lcc9908 |    00000BB7  A$lcc9908 |    00000BB9  A$lcc9908
     00000BBB  A$lcc9908 |    00000BBC  A$lcc9908 |    00000BBE  A$lcc9908
     00000BC0  A$lcc9908 |    00000BC2  A$lcc9908 |    00000BC2  C$main.c$
     00000BC5  A$lcc9908 |    00000BC7  A$lcc9908 |    00000BC7  C$main.c$
     00000BCA  A$lcc9908 |    00000BCC  A$lcc9908 |    00000BCC  C$main.c$
     00000BCF  A$lcc9908 |    00000BD1  A$lcc9908 |    00000BD1  C$main.c$
     00000BD1  C$main.c$ |    00000BD4  A$lcc9908 |    00000BD5  A$lcc9908
     00000BD7  A$lcc9908 |    00000BD7  C$main.c$ |    00000BDA  A$lcc9908
     00000BDA  C$main.c$ |    00000BDD  A$lcc9908 |    00000BDF  A$lcc9908
     00000BE1  A$lcc9908 |    00000BE4  A$lcc9908 |    00000BE6  A$lcc9908
     00000BE9  A$lcc9908 |    00000BEA  A$lcc9908 |    00000BED  A$lcc9908
     00000BEE  A$lcc9908 |    00000BEF  A$lcc9908 |    00000BF1  A$lcc9908
     00000BF1  C$main.c$ |    00000BF4  A$lcc9908 |    00000BF5  A$lcc9908
     00000BF7  A$lcc9908 |    00000BF7  C$main.c$ |    00000BFA  A$lcc9908
     00000BFA  C$main.c$ |    00000BFD  A$lcc9908 |    00000BFF  A$lcc9908
     00000C01  A$lcc9908 |    00000C04  A$lcc9908 |    00000C06  A$lcc9908
     00000C09  A$lcc9908 |    00000C0A  A$lcc9908 |    00000C0D  A$lcc9908
     00000C0E  A$lcc9908 |    00000C0F  A$lcc9908 |    00000C11  A$lcc9908
ASxxxx Linker V03.00 + NoICE + sdld,  page 15.
Hexadecimal  [32-Bits]

Area                       Addr        Size        Decimal Bytes (Attributes)
--------------------       ----        ----        ------- ----- ------------
_CODE                  00000200    000019D1 =        6609. bytes (REL,CON)

        Value  Global            Value  Global            Value  Global    
        -----  ------            -----  ------            -----  ------    
     00000C11  C$main.c$ |    00000C14  A$lcc9908 |    00000C15  A$lcc9908
     00000C17  A$lcc9908 |    00000C1A  A$lcc9908 |    00000C1B  A$lcc9908
     00000C1D  A$lcc9908 |    00000C1D  C$main.c$ |    00000C20  A$lcc9908
     00000C22  A$lcc9908 |    00000C22  C$main.c$ |    00000C25  A$lcc9908
     00000C25  C$main.c$ |    00000C28  A$lcc9908 |    00000C28  C$main.c$
     00000C2B  A$lcc9908 |    00000C2D  A$lcc9908 |    00000C2F  A$lcc9908
     00000C2F  C$main.c$ |    00000C32  A$lcc9908 |    00000C32  C$main.c$
     00000C35  A$lcc9908 |    00000C37  A$lcc9908 |    00000C39  A$lcc9908
     00000C39  C$main.c$ |    00000C3C  A$lcc9908 |    00000C3D  A$lcc9908
     00000C3F  A$lcc9908 |    00000C40  A$lcc9908 |    00000C41  A$lcc9908
     00000C44  A$lcc9908 |    00000C46  A$lcc9908 |    00000C46  C$main.c$
     00000C49  A$lcc9908 |    00000C49  C$main.c$ |    00000C4C  A$lcc9908
     00000C4C  C$main.c$ |    00000C4C  XG$main$0 |    00000C4F  G$BKG_MAP
     00000C4F  _BKG_MAP  |    0000104F  G$BKG_TIL |    0000104F  _BKG_TILE
     0000128F  G$COLLISI |    0000128F  _COLLISIO |    0000168F  G$WIN_FRO
     0000168F  _WIN_FROG |    00001693  _get_vram |    000016A0  _get_win_
     000016A8  _get_bkg_ |    000016CF  _set_vram |    000016DE  _set_win_
     000016E6  _set_bkg_ |    000017BA  ___printf |    00001B51  _sprintf 
     00001B72  ___move_m |    00001BAA  _get_win_ |    00001BB2  _get_bkg_
ASxxxx Linker V03.00 + NoICE + sdld,  page 16.
Hexadecimal  [32-Bits]

Area                       Addr        Size        Decimal Bytes (Attributes)
--------------------       ----        ----        ------- ----- ------------
_HEADER0               00000000    00000001 =           1. bytes (ABS,CON)

        Value  Global            Value  Global            Value  Global    
        -----  ------            -----  ------            -----  ------    
     00000020  .call_hl 
ASxxxx Linker V03.00 + NoICE + sdld,  page 17.
Hexadecimal  [32-Bits]

Area                       Addr        Size        Decimal Bytes (Attributes)
--------------------       ----        ----        ------- ----- ------------
_HEADER1               00000000    00000005 =           5. bytes (ABS,CON)

        Value  Global            Value  Global            Value  Global    
        -----  ------            -----  ------            -----  ------    
     00000028  .MemsetSm
ASxxxx Linker V03.00 + NoICE + sdld,  page 18.
Hexadecimal  [32-Bits]

Area                       Addr        Size        Decimal Bytes (Attributes)
--------------------       ----        ----        ------- ----- ------------
_HEADER2               00000000    00000007 =           7. bytes (ABS,CON)

        Value  Global            Value  Global            Value  Global    
        -----  ------            -----  ------            -----  ------    
     00000030  .MemcpySm
ASxxxx Linker V03.00 + NoICE + sdld,  page 19.
Hexadecimal  [32-Bits]

Area                       Addr        Size        Decimal Bytes (Attributes)
--------------------       ----        ----        ------- ----- ------------
_HEADER3               00000000    00000008 =           8. bytes (ABS,CON)

        Value  Global            Value  Global            Value  Global    
        -----  ------            -----  ------            -----  ------    
ASxxxx Linker V03.00 + NoICE + sdld,  page 20.
Hexadecimal  [32-Bits]

Area                       Addr        Size        Decimal Bytes (Attributes)
--------------------       ----        ----        ------- ----- ------------
_HEADER4               00000000    0000004F =          79. bytes (ABS,CON)

        Value  Global            Value  Global            Value  Global    
        -----  ------            -----  ------            -----  ------    
     00000080  .int      |    0000008F  _wait_int |    0000009C  __standar
     000000AC  _refresh_
ASxxxx Linker V03.00 + NoICE + sdld,  page 21.
Hexadecimal  [32-Bits]

Area                       Addr        Size        Decimal Bytes (Attributes)
--------------------       ----        ----        ------- ----- ------------
_HEADER5               00000000    00000002 =           2. bytes (ABS,CON)

        Value  Global            Value  Global            Value  Global    
        -----  ------            -----  ------            -----  ------    
ASxxxx Linker V03.00 + NoICE + sdld,  page 22.
Hexadecimal  [32-Bits]

Area                       Addr        Size        Decimal Bytes (Attributes)
--------------------       ----        ----        ------- ----- ------------
_HEADER6               00000000    00000030 =          48. bytes (ABS,CON)

        Value  Global            Value  Global            Value  Global    
        -----  ------            -----  ------            -----  ------    
ASxxxx Linker V03.00 + NoICE + sdld,  page 23.
Hexadecimal  [32-Bits]

Area                       Addr        Size        Decimal Bytes (Attributes)
--------------------       ----        ----        ------- ----- ------------
_HEADER7               00000000    00000006 =           6. bytes (ABS,CON)

        Value  Global            Value  Global            Value  Global    
        -----  ------            -----  ------            -----  ------    
ASxxxx Linker V03.00 + NoICE + sdld,  page 24.
Hexadecimal  [32-Bits]

Area                       Addr        Size        Decimal Bytes (Attributes)
--------------------       ----        ----        ------- ----- ------------
_HEADER8               00000000    00000003 =           3. bytes (ABS,CON)

        Value  Global            Value  Global            Value  Global    
        -----  ------            -----  ------            -----  ------    
ASxxxx Linker V03.00 + NoICE + sdld,  page 25.
Hexadecimal  [32-Bits]

Area                       Addr        Size        Decimal Bytes (Attributes)
--------------------       ----        ----        ------- ----- ------------
_HEADER9               00000000    00000001 =           1. bytes (ABS,CON)

        Value  Global            Value  Global            Value  Global    
        -----  ------            -----  ------            -----  ------    
ASxxxx Linker V03.00 + NoICE + sdld,  page 26.
Hexadecimal  [32-Bits]

Area                       Addr        Size        Decimal Bytes (Attributes)
--------------------       ----        ----        ------- ----- ------------
_HEADERa               00000000    00000001 =           1. bytes (ABS,CON)

        Value  Global            Value  Global            Value  Global    
        -----  ------            -----  ------            -----  ------    
ASxxxx Linker V03.00 + NoICE + sdld,  page 27.
Hexadecimal  [32-Bits]

Area                       Addr        Size        Decimal Bytes (Attributes)
--------------------       ----        ----        ------- ----- ------------
_HEADERb               00000000    00000001 =           1. bytes (ABS,CON)

        Value  Global            Value  Global            Value  Global    
        -----  ------            -----  ------            -----  ------    
ASxxxx Linker V03.00 + NoICE + sdld,  page 28.
Hexadecimal  [32-Bits]

Area                       Addr        Size        Decimal Bytes (Attributes)
--------------------       ----        ----        ------- ----- ------------
_HEADERc               00000000    00000002 =           2. bytes (ABS,CON)

        Value  Global            Value  Global            Value  Global    
        -----  ------            -----  ------            -----  ------    
ASxxxx Linker V03.00 + NoICE + sdld,  page 29.
Hexadecimal  [32-Bits]

Area                       Addr        Size        Decimal Bytes (Attributes)
--------------------       ----        ----        ------- ----- ------------
_HEADERd               00000000    00000001 =           1. bytes (ABS,CON)

        Value  Global            Value  Global            Value  Global    
        -----  ------            -----  ------            -----  ------    
ASxxxx Linker V03.00 + NoICE + sdld,  page 30.
Hexadecimal  [32-Bits]

Area                       Addr        Size        Decimal Bytes (Attributes)
--------------------       ----        ----        ------- ----- ------------
_HEADERe               00000000    00000001 =           1. bytes (ABS,CON)

        Value  Global            Value  Global            Value  Global    
        -----  ------            -----  ------            -----  ------    
ASxxxx Linker V03.00 + NoICE + sdld,  page 31.
Hexadecimal  [32-Bits]

Area                       Addr        Size        Decimal Bytes (Attributes)
--------------------       ----        ----        ------- ----- ------------
_HEADERf               00000000    00000002 =           2. bytes (ABS,CON)

        Value  Global            Value  Global            Value  Global    
        -----  ------            -----  ------            -----  ------    
ASxxxx Linker V03.00 + NoICE + sdld,  page 32.
Hexadecimal  [32-Bits]

Area                       Addr        Size        Decimal Bytes (Attributes)
--------------------       ----        ----        ------- ----- ------------
_HEADER10              00000000    00000082 =         130. bytes (ABS,CON)

        Value  Global            Value  Global            Value  Global    
        -----  ------            -----  ------            -----  ------    
     00000150  .reset    |    00000150  _reset    |    00000157  .code_sta
     000001B7  _exit     |    000001BB  _set_inte
ASxxxx Linker V03.00 + NoICE + sdld,  page 33.
Hexadecimal  [32-Bits]

Area                       Addr        Size        Decimal Bytes (Attributes)
--------------------       ----        ----        ------- ----- ------------
_HEADER11              00000000    00000001 =           1. bytes (ABS,CON)

        Value  Global            Value  Global            Value  Global    
        -----  ------            -----  ------            -----  ------    
ASxxxx Linker V03.00 + NoICE + sdld,  page 34.
Hexadecimal  [32-Bits]

Area                       Addr        Size        Decimal Bytes (Attributes)
--------------------       ----        ----        ------- ----- ------------
_HOME                  00001BD1    0000039A =         922. bytes (REL,CON)

        Value  Global            Value  Global            Value  Global    
        -----  ------            -----  ------            -----  ------    
     00001BD1  .memset_s |    00001BDA  .memcpy_s |    00001BF7  .remove_V
     00001BFA  .remove_i |    00001C17  .add_VBL  |    00001C1A  .add_int 
     00001C25  .wait_vbl |    00001C25  _wait_vbl |    00001C35  .display_
     00001C35  _display_ |    00001C4D  _remove_V |    00001C58  _add_VBL 
     00001C63  _set_tile |    00001C68  _set_bkg_ |    00001C68  _set_win_
     00001C70  _set_spri |    00001CA0  .padup    |    00001CA0  _waitpadu
     00001CB0  .jpad     |    00001CB0  _joypad   |    00001CD8  _waitpad 
     00001CDB  .wait_pad |    00001CE2  ___sdcc_c |    00001D12  _add_LCD 
     00001D1D  .add_LCD  |    00001D23  _remove_L |    00001D2E  .remove_L
     00001D34  __divsuch |    00001D41  __modsuch |    00001D4B  __divusch
     00001D5D  __modusch |    00001D6D  __divscha |    00001D79  __modscha
     00001D83  __divsint |    00001D94  __modsint |    00001DA3  __divucha
     00001DAF  __moducha |    00001DB9  __divuint |    00001DCA  __moduint
     00001DD9  .div8     |    00001DD9  .mod8     |    00001DE1  .div16   
     00001DE1  .mod16    |    00001E17  .divu8    |    00001E17  .modu8   
     00001E1A  .divu16   |    00001E1A  .modu16   |    00001E5B  _set_bkg_
     00001E6F  _uitoa    |    00001E7E  _itoa     |    00001E8D  .itoa    
     00001EA1  .utoa     |    00001F15  .set_xy_w |    00001F1E  .set_xy_b
     00001F2D  .set_xy_t
ASxxxx Linker V03.00 + NoICE + sdld,  page 35.
Hexadecimal  [32-Bits]

Area                       Addr        Size        Decimal Bytes (Attributes)
--------------------       ----        ----        ------- ----- ------------
_CODE_0                00001F6B    00000440 =        1088. bytes (REL,CON)

        Value  Global            Value  Global            Value  Global    
        -----  ------            -----  ------            -----  ------    
     00001F6B  G$FONT$0_ |    00001F6B  _FONT    
ASxxxx Linker V03.00 + NoICE + sdld,  page 36.
Hexadecimal  [32-Bits]

Area                       Addr        Size        Decimal Bytes (Attributes)
--------------------       ----        ----        ------- ----- ------------
_INITIALIZER           000023AB    00000039 =          57. bytes (REL,CON)

        Value  Global            Value  Global            Value  Global    
        -----  ------            -----  ------            -----  ------    
     000023AB  Fmain$__x |    000023CF  Fmain$__x |    000023D2  Fmain$__x
     000023D6  Fmain$__x |    000023DA  Fmain$__x |    000023E1  Fmain$__x
ASxxxx Linker V03.00 + NoICE + sdld,  page 37.
Hexadecimal  [32-Bits]

Area                       Addr        Size        Decimal Bytes (Attributes)
--------------------       ----        ----        ------- ----- ------------
_GSINIT                000023E4    0000000C =          12. bytes (REL,CON)

        Value  Global            Value  Global            Value  Global    
        -----  ------            -----  ------            -----  ------    
     000023E4  gsinit   
ASxxxx Linker V03.00 + NoICE + sdld,  page 38.
Hexadecimal  [32-Bits]

Area                       Addr        Size        Decimal Bytes (Attributes)
--------------------       ----        ----        ------- ----- ------------
_GSFINAL               000023F0    00000001 =           1. bytes (REL,CON)

        Value  Global            Value  Global            Value  Global    
        -----  ------            -----  ------            -----  ------    
ASxxxx Linker V03.00 + NoICE + sdld,  page 39.
Hexadecimal  [32-Bits]

Area                       Addr        Size        Decimal Bytes (Attributes)
--------------------       ----        ----        ------- ----- ------------
_DATA                  0000C0A0    00000059 =          89. bytes (REL,CON)

        Value  Global            Value  Global            Value  Global    
        -----  ------            -----  ------            -----  ------    
     0000C0A0  __cpu     |    0000C0A1  __is_GBA  |    0000C0A2  .mode    
     0000C0A3  .sys_time |    0000C0A3  _sys_time |    0000C0A5  .int_0x40
     0000C0B9  G$scroll$ |    0000C0B9  _scroll   |    0000C0C3  G$PLAYER$
     0000C0C3  _PLAYER   |    0000C0C9  G$joy$0_0 |    0000C0C9  _joy     
     0000C0CA  G$last_jo |    0000C0CA  _last_joy |    0000C0CB  G$is_movi
     0000C0CB  _is_movin |    0000C0CC  G$turtles |    0000C0CC  _turtles_
     0000C0CD  G$move_x$ |    0000C0CD  _move_x   |    0000C0CE  G$move_y$
     0000C0CE  _move_y   |    0000C0CF  G$scx_cou |    0000C0CF  _scx_coun
     0000C0D0  G$turtle_ |    0000C0D0  _turtle_c |    0000C0D1  G$dive_co
     0000C0D1  _dive_cou |    0000C0D2  G$turtle_ |    0000C0D2  _turtle_t
     0000C0D3  G$dive_ti |    0000C0D3  _dive_til |    0000C0D4  G$vram_ad
     0000C0D4  _vram_add |    0000C0D6  G$text_bu |    0000C0D6  _text_buf
     0000C0E6  ___curren |    0000C0E8  ___curren |    0000C0E9  .int_0x48
ASxxxx Linker V03.00 + NoICE + sdld,  page 40.
Hexadecimal  [32-Bits]

Area                       Addr        Size        Decimal Bytes (Attributes)
--------------------       ----        ----        ------- ----- ------------
_INITIALIZED           0000C0F9    00000039 =          57. bytes (REL,CON)

        Value  Global            Value  Global            Value  Global    
        -----  ------            -----  ------            -----  ------    
     0000C0F9  G$scroll_ |    0000C0F9  _scroll_r |    0000C11D  G$turtle_
     0000C11D  _turtle_d |    0000C120  G$turtle_ |    0000C120  _turtle_d
     0000C124  G$turtle_ |    0000C124  _turtle_t |    0000C128  G$dive_ti
     0000C128  _dive_til |    0000C12F  G$score$0 |    0000C12F  _score   
     0000C131  ___render
ASxxxx Linker V03.00 + NoICE + sdld,  page 41.
Hexadecimal  [32-Bits]

Area                       Addr        Size        Decimal Bytes (Attributes)
--------------------       ----        ----        ------- ----- ------------
_HRAM12                00000000    00000003 =           3. bytes (ABS,CON)

        Value  Global            Value  Global            Value  Global    
        -----  ------            -----  ------            -----  ------    
     0000FF90  __current |    0000FF92  __shadow_
ASxxxx Linker V03.00 + NoICE + sdld,  page 42.
Hexadecimal  [32-Bits]

Area                       Addr        Size        Decimal Bytes (Attributes)
--------------------       ----        ----        ------- ----- ------------
_CODE_1                00014000    000000AC =         172. bytes (REL,CON)

        Value  Global            Value  Global            Value  Global    
        -----  ------            -----  ------            -----  ------    
     00014000  C$frogger |    00014000  G$__func_ |    00014000  G$frogger
     00014000  ___func_f |    00014000  _frogger_ |    00014008  G$frogger
     00014008  _frogger_ |    00014048  G$frogger |    00014048  _frogger_
     00014054  G$frogger |    00014054  _frogger_ |    00014056  C$frogger
     00014056  G$__func_ |    00014056  G$frogger |    00014056  ___func_f
     00014056  _frogger_ |    0001405E  G$frogger |    0001405E  _frogger_
     0001409E  G$frogger |    0001409E  _frogger_ |    000140AA  G$frogger
     000140AA  _frogger_
ASxxxx Linker V03.00 + NoICE + sdld,  page 43.
Hexadecimal  [32-Bits]

Area                       Addr        Size        Decimal Bytes (Attributes)
--------------------       ----        ----        ------- ----- ------------
_HEADER_LCD0           00000000    00000003 =           3. bytes (ABS,CON)

        Value  Global            Value  Global            Value  Global    
        -----  ------            -----  ------            -----  ------    
ASxxxx Linker V03.00 + NoICE + sdld,  page 44.

Files Linked                              [ module(s) ]

C:\c_code\gbdk\lib/small/asxxxx/gb/crt0.o
                                          [ Runtime ]
C:\Users\User\AppData\Local\Temp/lcc99080.rel
                                          [ main ]
C:\Users\User\AppData\Local\Temp/lcc99081.rel
                                          [ bkg_map ]
C:\Users\User\AppData\Local\Temp/lcc99082.rel
                                          [ bkg_tiles ]
C:\Users\User\AppData\Local\Temp/lcc99083.rel
                                          [ collision_map ]
C:\Users\User\AppData\Local\Temp/lcc99084.rel
                                          [ font ]
C:\Users\User\AppData\Local\Temp/lcc99085.rel
                                          [ frogger ]
C:\Users\User\AppData\Local\Temp/lcc99086.rel
                                          [ frogger_16 ]
C:\Users\User\AppData\Local\Temp/lcc99087.rel
                                          [ win_frog ]


Libraries Linked                          [ object file ]

C:\c_code\gbdk\lib/small/asxxxx/gb/gb.lib
                                          [ sfr.o ]
C:\c_code\gbdk\lib/small/asxxxx/gb/gb.lib
                                          [ get_tile.o ]
C:\c_code\gbdk\lib/small/asxxxx/gb/gb.lib
                                          [ set_tile.o ]
C:\c_code\gbdk\lib/small/asxxxx/gb/gb.lib
                                          [ set_data.o ]
C:\c_code\gbdk\lib/small/asxxxx/gbz80/gbz80.lib
                                          [ sprintf.o ]
C:\c_code\gbdk\lib/small/asxxxx/gb/gb.lib
                                          [ pad.o ]
C:\c_code\gbdk\lib/small/asxxxx/gb/gb.lib
                                          [ metasprites.o ]
C:\c_code\gbdk\lib/small/asxxxx/gbz80/gbz80.lib
                                          [ __sdcc_call_hl.o ]
C:\c_code\gbdk\lib/small/asxxxx/gb/gb.lib
                                          [ lcd.o ]
C:\c_code\gbdk\lib/small/asxxxx/gb/gb.lib
                                          [ get_addr.o ]
C:\c_code\gbdk\lib/small/asxxxx/gbz80/gbz80.lib
                                          [ div.o ]
C:\c_code\gbdk\lib/small/asxxxx/gb/gb.lib
                                          [ set_bk_t.o ]
C:\c_code\gbdk\lib/small/asxxxx/gbz80/gbz80.lib
                                          [ itoa.o ]
C:\c_code\gbdk\lib/small/asxxxx/gb/gb.lib
                                          [ set_xy_t.o ]

ASxxxx Linker V03.00 + NoICE + sdld,  page 45.

User Base Address Definitions

_DATA=0xC0A0
_CODE=0x0200
ASxxxx Linker V03.00 + NoICE + sdld,  page 46.

User Global Definitions

_shadow_OAM=0xC000
.STACK=0xE000
.refresh_OAM=0xFF80

