ASxxxx Linker V03.00 + NoICE + sdld,  page 1.
Hexadecimal  [32-Bits]

Area                       Addr        Size        Decimal Bytes (Attributes)
--------------------       ----        ----        ------- ----- ------------
.  .ABS.               00000000    00000000 =           0. bytes (ABS,CON)

        Value  Global            Value  Global            Value  Global    
        -----  ------            -----  ------            -----  ------    
     00000000  .__.ABS.  |    00000000  _rRAMG    |    00000000  l__BASE  
     00000000  l__BSS    |    00000000  l__CABS   |    00000000  l__DABS  
     00000000  l__HEADER |    00000000  l__HEADER |    00000000  l__HEAP  
     00000000  l__HRAM   |    00000000  l__LIT    |    00000000  s__CABS  
     00000000  s__DABS   |    00000000  s__HEADER |    00000000  s__HEADER
     00000000  s__HEADER |    00000000  s__HEADER |    00000000  s__HEADER
     00000000  s__HEADER |    00000000  s__HEADER |    00000000  s__HEADER
     00000000  s__HEADER |    00000000  s__HEADER |    00000000  s__HEADER
     00000000  s__HEADER |    00000000  s__HEADER |    00000000  s__HEADER
     00000000  s__HEADER |    00000000  s__HEADER |    00000000  s__HEADER
     00000000  s__HEADER |    00000000  s__HEADER |    00000000  s__HEADER
     00000000  s__HEADER |    00000000  s__HRAM   |    00000000  s__HRAM12
     00000001  ___bank_f |    00000001  ___bank_f |    00000001  ___bank_t
     00000001  l__GSFINA |    00000001  l__HEADER |    00000001  l__HEADER
     00000001  l__HEADER |    00000001  l__HEADER |    00000001  l__HEADER
     00000001  l__HEADER |    00000001  l__HEADER |    00000002  l__HEADER
     00000002  l__HEADER |    00000002  l__HEADER |    00000003  l__HEADER
     00000003  l__HEADER |    00000003  l__HRAM12 |    00000005  l__HEADER
     00000006  l__HEADER |    00000007  l__HEADER |    00000008  l__HEADER
     0000000C  l__GSINIT |    00000030  l__HEADER |    0000004B  l__INITIA
     0000004B  l__INITIA |    0000004E  l__HEADER |    00000073  l__DATA  
     00000082  l__HEADER |    00000200  s__CODE   |    0000039E  l__HOME  
     000003D0  l__CODE_1 |    00000440  l__CODE_0 |    00002000  _rROMB0  
     00002241  l__CODE   |    00002441  s__HOME   |    000027DF  s__BASE  
     000027DF  s__CODE_0 |    00002C1F  s__INITIA |    00002C1F  s__LIT   
     00002C6A  s__GSINIT |    00002C76  s__GSFINA |    00003000  _rROMB1  
     00004000  _rRAMB    |    00008000  __VRAM    |    00008000  __VRAM800
     00008800  __VRAM880 |    00009000  __VRAM900 |    00009800  __SCRN0  
     00009C00  __SCRN1   |    0000A000  __SRAM    |    0000C000  __RAM    
     0000C000  _shadow_O |    0000C0A0  s__DATA   |    0000C113  s__BSS   
     0000C113  s__INITIA |    0000C15E  s__HEAP   |    0000D000  __RAMBANK
     0000E000  .STACK    |    0000FE00  __OAMRAM  |    0000FF00  _P1_REG  
     0000FF00  __IO      |    0000FF01  _SB_REG   |    0000FF02  _SC_REG  
     0000FF04  _DIV_REG  |    0000FF05  _TIMA_REG |    0000FF06  _TMA_REG 
     0000FF07  _TAC_REG  |    0000FF0F  _IF_REG   |    0000FF10  _NR10_REG
     0000FF11  _NR11_REG |    0000FF12  _NR12_REG |    0000FF13  _NR13_REG
     0000FF14  _NR14_REG |    0000FF16  _NR21_REG |    0000FF17  _NR22_REG
     0000FF18  _NR23_REG |    0000FF19  _NR24_REG |    0000FF1A  _NR30_REG
     0000FF1B  _NR31_REG |    0000FF1C  _NR32_REG |    0000FF1D  _NR33_REG
     0000FF1E  _NR34_REG |    0000FF20  _NR41_REG |    0000FF21  _NR42_REG
     0000FF22  _NR43_REG |    0000FF23  _NR44_REG |    0000FF24  _NR50_REG
     0000FF25  _NR51_REG |    0000FF26  _NR52_REG |    0000FF30  _AUD3WAVE
     0000FF30  _PCM_SAMP |    0000FF30  __AUD3WAV |    0000FF40  _LCDC_REG
     0000FF41  _STAT_REG |    0000FF42  _SCY_REG  |    0000FF43  _SCX_REG 
     0000FF44  _LY_REG   |    0000FF45  _LYC_REG  |    0000FF46  _DMA_REG 
     0000FF47  _BGP_REG  |    0000FF48  _OBP0_REG |    0000FF49  _OBP1_REG
     0000FF4A  _WY_REG   |    0000FF4B  _WX_REG   |    0000FF4D  _KEY1_REG
     0000FF4F  _VBK_REG  |    0000FF51  _HDMA1_RE |    0000FF52  _HDMA2_RE
     0000FF53  _HDMA3_RE |    0000FF54  _HDMA4_RE |    0000FF55  _HDMA5_RE
     0000FF56  _RP_REG   |    0000FF68  _BCPS_REG |    0000FF69  _BCPD_REG
ASxxxx Linker V03.00 + NoICE + sdld,  page 2.
Hexadecimal  [32-Bits]

Area                       Addr        Size        Decimal Bytes (Attributes)
--------------------       ----        ----        ------- ----- ------------
.  .ABS.               00000000    00000000 =           0. bytes (ABS,CON)

        Value  Global            Value  Global            Value  Global    
        -----  ------            -----  ------            -----  ------    
     0000FF6A  _OCPS_REG |    0000FF6B  _OCPD_REG |    0000FF70  _SVBK_REG
     0000FF76  _PCM12_RE |    0000FF77  _PCM34_RE |    0000FF80  .refresh_
     0000FF80  __HRAM    |    0000FFFF  _IE_REG   |    00014000  s__CODE_1
ASxxxx Linker V03.00 + NoICE + sdld,  page 3.
Hexadecimal  [32-Bits]

Area                       Addr        Size        Decimal Bytes (Attributes)
--------------------       ----        ----        ------- ----- ------------
_CODE                  00000200    00002241 =        8769. bytes (REL,CON)

        Value  Global            Value  Global            Value  Global    
        -----  ------            -----  ------            -----  ------    
     00000200  A$lcc2403 |    00000200  C$main.c$ |    00000200  G$render_
     00000200  _render_a |    00000201  A$lcc2403 |    00000201  C$main.c$
     00000204  A$lcc2403 |    00000205  A$lcc2403 |    00000205  C$main.c$
     00000208  A$lcc2403 |    00000209  A$lcc2403 |    0000020B  A$lcc2403
     0000020C  A$lcc2403 |    0000020D  A$lcc2403 |    0000020E  A$lcc2403
     0000020F  A$lcc2403 |    00000210  A$lcc2403 |    00000212  A$lcc2403
     00000215  A$lcc2403 |    00000216  A$lcc2403 |    00000216  C$main.c$
     00000216  C$main.c$ |    00000217  A$lcc2403 |    00000218  A$lcc2403
     0000021A  A$lcc2403 |    0000021D  A$lcc2403 |    0000021F  A$lcc2403
     00000220  A$lcc2403 |    00000223  A$lcc2403 |    00000225  A$lcc2403
     00000226  A$lcc2403 |    00000229  A$lcc2403 |    0000022A  A$lcc2403
     0000022B  A$lcc2403 |    0000022C  A$lcc2403 |    0000022F  A$lcc2403
     00000230  A$lcc2403 |    00000231  A$lcc2403 |    00000232  A$lcc2403
     00000235  A$lcc2403 |    00000237  A$lcc2403 |    00000239  A$lcc2403
     0000023B  A$lcc2403 |    0000023D  A$lcc2403 |    00000240  A$lcc2403
     00000242  A$lcc2403 |    00000245  A$lcc2403 |    00000246  A$lcc2403
     00000247  A$lcc2403 |    00000248  A$lcc2403 |    00000249  A$lcc2403
     0000024B  A$lcc2403 |    0000024C  A$lcc2403 |    0000024E  A$lcc2403
     0000024F  A$lcc2403 |    00000252  A$lcc2403 |    00000254  A$lcc2403
     00000254  C$main.c$ |    00000256  A$lcc2403 |    00000256  C$main.c$
     00000257  A$lcc2403 |    00000258  A$lcc2403 |    0000025A  A$lcc2403
     0000025D  A$lcc2403 |    0000025E  A$lcc2403 |    00000261  A$lcc2403
     00000262  A$lcc2403 |    00000265  A$lcc2403 |    00000266  A$lcc2403
     00000267  A$lcc2403 |    00000268  A$lcc2403 |    00000269  A$lcc2403
     0000026C  A$lcc2403 |    0000026D  A$lcc2403 |    0000026E  A$lcc2403
     0000026F  A$lcc2403 |    00000272  A$lcc2403 |    00000274  A$lcc2403
     00000275  A$lcc2403 |    00000276  A$lcc2403 |    00000277  A$lcc2403
     00000278  A$lcc2403 |    00000279  A$lcc2403 |    0000027A  A$lcc2403
     0000027B  A$lcc2403 |    0000027C  A$lcc2403 |    0000027F  A$lcc2403
     00000281  A$lcc2403 |    00000281  C$main.c$ |    00000281  C$main.c$
     00000284  A$lcc2403 |    00000286  A$lcc2403 |    00000286  C$main.c$
     00000289  A$lcc2403 |    0000028B  A$lcc2403 |    0000028C  A$lcc2403
     0000028C  C$main.c$ |    0000028C  XG$render |    0000028D  A$lcc2403
     0000028D  C$main.c$ |    0000028D  C$main.c$ |    0000028D  G$update_
     0000028D  _update_l |    00000290  A$lcc2403 |    00000291  A$lcc2403
     00000294  A$lcc2403 |    00000295  A$lcc2403 |    00000298  A$lcc2403
     00000299  A$lcc2403 |    0000029A  A$lcc2403 |    0000029B  A$lcc2403
     0000029B  C$main.c$ |    0000029E  A$lcc2403 |    0000029F  A$lcc2403
     000002A2  A$lcc2403 |    000002A3  A$lcc2403 |    000002A6  A$lcc2403
     000002A7  A$lcc2403 |    000002AA  A$lcc2403 |    000002AC  A$lcc2403
     000002AC  C$main.c$ |    000002AF  A$lcc2403 |    000002B0  A$lcc2403
     000002B1  A$lcc2403 |    000002B3  A$lcc2403 |    000002B3  C$main.c$
     000002B5  A$lcc2403 |    000002B6  A$lcc2403 |    000002B7  A$lcc2403
     000002BA  A$lcc2403 |    000002BB  A$lcc2403 |    000002BC  A$lcc2403
     000002BD  A$lcc2403 |    000002BE  A$lcc2403 |    000002C1  A$lcc2403
     000002C3  A$lcc2403 |    000002C3  C$main.c$ |    000002C6  A$lcc2403
     000002C7  A$lcc2403 |    000002C9  A$lcc2403 |    000002CA  A$lcc2403
     000002CB  A$lcc2403 |    000002CB  C$main.c$ |    000002CC  A$lcc2403
     000002CE  A$lcc2403 |    000002CE  C$main.c$ |    000002D1  A$lcc2403
     000002D2  A$lcc2403 |    000002D5  A$lcc2403 |    000002D6  A$lcc2403
ASxxxx Linker V03.00 + NoICE + sdld,  page 4.
Hexadecimal  [32-Bits]

Area                       Addr        Size        Decimal Bytes (Attributes)
--------------------       ----        ----        ------- ----- ------------
_CODE                  00000200    00002241 =        8769. bytes (REL,CON)

        Value  Global            Value  Global            Value  Global    
        -----  ------            -----  ------            -----  ------    
     000002D9  A$lcc2403 |    000002DA  A$lcc2403 |    000002DB  A$lcc2403
     000002DC  A$lcc2403 |    000002DC  C$main.c$ |    000002DF  A$lcc2403
     000002E1  A$lcc2403 |    000002E2  A$lcc2403 |    000002E3  A$lcc2403
     000002E6  A$lcc2403 |    000002E7  A$lcc2403 |    000002E8  A$lcc2403
     000002E9  A$lcc2403 |    000002EA  A$lcc2403 |    000002ED  A$lcc2403
     000002EF  A$lcc2403 |    000002EF  C$main.c$ |    000002EF  XG$update
     000002F0  Fmain$__s |    000002F3  A$lcc2403 |    000002F3  C$main.c$
     000002F3  C$main.c$ |    000002F3  G$update_ |    000002F3  _update_p
     000002F6  A$lcc2403 |    000002F7  A$lcc2403 |    000002FA  A$lcc2403
     000002FB  A$lcc2403 |    000002FE  A$lcc2403 |    000002FF  A$lcc2403
     00000300  A$lcc2403 |    00000301  A$lcc2403 |    00000301  C$main.c$
     00000304  A$lcc2403 |    00000305  A$lcc2403 |    00000306  A$lcc2403
     00000307  A$lcc2403 |    00000307  C$main.c$ |    00000309  A$lcc2403
     0000030A  A$lcc2403 |    0000030B  A$lcc2403 |    0000030E  A$lcc2403
     0000030F  A$lcc2403 |    00000310  A$lcc2403 |    00000311  A$lcc2403
     00000312  A$lcc2403 |    00000315  A$lcc2403 |    00000317  A$lcc2403
     00000317  C$main.c$ |    0000031A  A$lcc2403 |    0000031B  A$lcc2403
     0000031D  A$lcc2403 |    0000031E  A$lcc2403 |    0000031F  A$lcc2403
     0000031F  C$main.c$ |    00000320  A$lcc2403 |    00000320  C$main.c$
     00000320  XG$update |    00000322  A$lcc2403 |    00000322  C$main.c$
     00000322  C$main.c$ |    00000322  G$update_ |    00000322  _update_s
     00000325  A$lcc2403 |    00000326  A$lcc2403 |    00000328  A$lcc2403
     00000329  A$lcc2403 |    0000032B  A$lcc2403 |    0000032D  A$lcc2403
     0000032E  A$lcc2403 |    0000032F  A$lcc2403 |    00000330  A$lcc2403
     00000332  A$lcc2403 |    00000332  C$main.c$ |    00000335  A$lcc2403
     00000336  A$lcc2403 |    00000339  A$lcc2403 |    0000033A  A$lcc2403
     0000033D  A$lcc2403 |    0000033E  A$lcc2403 |    0000033F  A$lcc2403
     00000340  A$lcc2403 |    00000342  A$lcc2403 |    00000342  C$main.c$
     00000345  A$lcc2403 |    00000346  A$lcc2403 |    00000348  A$lcc2403
     00000349  A$lcc2403 |    0000034B  A$lcc2403 |    0000034D  A$lcc2403
     0000034E  A$lcc2403 |    00000350  A$lcc2403 |    00000352  A$lcc2403
     00000353  A$lcc2403 |    00000355  A$lcc2403 |    00000355  C$main.c$
     00000358  A$lcc2403 |    00000359  A$lcc2403 |    0000035C  A$lcc2403
     0000035D  A$lcc2403 |    00000360  A$lcc2403 |    00000361  A$lcc2403
     00000362  A$lcc2403 |    00000363  A$lcc2403 |    00000365  A$lcc2403
     00000365  C$main.c$ |    00000367  A$lcc2403 |    00000369  A$lcc2403
     0000036C  A$lcc2403 |    0000036D  A$lcc2403 |    0000036F  A$lcc2403
     00000370  A$lcc2403 |    00000372  A$lcc2403 |    00000374  A$lcc2403
     00000374  C$main.c$ |    00000377  A$lcc2403 |    00000378  A$lcc2403
     0000037B  A$lcc2403 |    0000037C  A$lcc2403 |    0000037F  A$lcc2403
     00000380  A$lcc2403 |    00000381  A$lcc2403 |    00000382  A$lcc2403
     00000384  A$lcc2403 |    00000384  C$main.c$ |    00000387  A$lcc2403
     00000389  A$lcc2403 |    0000038A  A$lcc2403 |    0000038B  A$lcc2403
     0000038D  A$lcc2403 |    0000038E  A$lcc2403 |    00000390  A$lcc2403
     00000390  C$main.c$ |    00000393  A$lcc2403 |    00000394  A$lcc2403
     00000397  A$lcc2403 |    00000398  A$lcc2403 |    0000039B  A$lcc2403
     0000039C  A$lcc2403 |    0000039D  A$lcc2403 |    0000039E  A$lcc2403
     0000039E  C$main.c$ |    000003A1  A$lcc2403 |    000003A2  A$lcc2403
     000003A3  A$lcc2403 |    000003A4  A$lcc2403 |    000003A5  A$lcc2403
     000003A8  A$lcc2403 |    000003A9  A$lcc2403 |    000003AC  A$lcc2403
     000003AD  A$lcc2403 |    000003B0  A$lcc2403 |    000003B2  A$lcc2403
ASxxxx Linker V03.00 + NoICE + sdld,  page 5.
Hexadecimal  [32-Bits]

Area                       Addr        Size        Decimal Bytes (Attributes)
--------------------       ----        ----        ------- ----- ------------
_CODE                  00000200    00002241 =        8769. bytes (REL,CON)

        Value  Global            Value  Global            Value  Global    
        -----  ------            -----  ------            -----  ------    
     000003B2  C$main.c$ |    000003B5  A$lcc2403 |    000003B6  A$lcc2403
     000003B7  A$lcc2403 |    000003B8  A$lcc2403 |    000003B8  C$main.c$
     000003BA  A$lcc2403 |    000003BB  A$lcc2403 |    000003BC  A$lcc2403
     000003BF  A$lcc2403 |    000003C0  A$lcc2403 |    000003C1  A$lcc2403
     000003C2  A$lcc2403 |    000003C3  A$lcc2403 |    000003C6  A$lcc2403
     000003C8  A$lcc2403 |    000003C8  C$main.c$ |    000003CB  A$lcc2403
     000003CC  A$lcc2403 |    000003CE  A$lcc2403 |    000003CF  A$lcc2403
     000003D0  A$lcc2403 |    000003D0  C$main.c$ |    000003D1  A$lcc2403
     000003D1  C$main.c$ |    000003D1  XG$update |    000003D3  Fmain$__s
     000003D6  A$lcc2403 |    000003D6  C$main.c$ |    000003D6  C$main.c$
     000003D6  G$update_ |    000003D6  _update_f |    000003D9  A$lcc2403
     000003DA  A$lcc2403 |    000003DC  A$lcc2403 |    000003DD  A$lcc2403
     000003DE  A$lcc2403 |    000003E0  A$lcc2403 |    000003E0  C$main.c$
     000003E3  A$lcc2403 |    000003E4  A$lcc2403 |    000003E5  A$lcc2403
     000003E6  A$lcc2403 |    000003E9  A$lcc2403 |    000003EB  A$lcc2403
     000003EB  C$main.c$ |    000003EC  A$lcc2403 |    000003EC  C$main.c$
     000003ED  A$lcc2403 |    000003EF  A$lcc2403 |    000003EF  C$main.c$
     000003F0  A$lcc2403 |    000003F1  A$lcc2403 |    000003F3  A$lcc2403
     000003F4  A$lcc2403 |    000003F7  A$lcc2403 |    000003F8  A$lcc2403
     000003F9  A$lcc2403 |    000003FC  A$lcc2403 |    000003FE  A$lcc2403
     000003FE  C$main.c$ |    000003FE  XG$update |    000003FF  A$lcc2403
     000003FF  C$main.c$ |    000003FF  G$update_ |    000003FF  _update_f
     00000400  A$lcc2403 |    00000403  A$lcc2403 |    00000405  A$lcc2403
     00000406  A$lcc2403 |    00000406  C$main.c$ |    00000409  A$lcc2403
     00000409  C$main.c$ |    0000040B  A$lcc2403 |    0000040C  A$lcc2403
     0000040D  A$lcc2403 |    0000040F  A$lcc2403 |    00000411  A$lcc2403
     00000412  A$lcc2403 |    00000413  A$lcc2403 |    00000415  A$lcc2403
     00000417  A$lcc2403 |    00000418  A$lcc2403 |    0000041A  A$lcc2403
     0000041D  A$lcc2403 |    0000041F  A$lcc2403 |    00000420  A$lcc2403
     00000422  A$lcc2403 |    00000424  A$lcc2403 |    00000427  A$lcc2403
     00000427  C$main.c$ |    00000428  A$lcc2403 |    00000429  A$lcc2403
     0000042C  A$lcc2403 |    0000042D  A$lcc2403 |    00000430  A$lcc2403
     00000431  A$lcc2403 |    00000432  A$lcc2403 |    00000433  A$lcc2403
     00000436  A$lcc2403 |    00000437  A$lcc2403 |    00000438  A$lcc2403
     00000439  A$lcc2403 |    0000043C  A$lcc2403 |    0000043E  A$lcc2403
     0000043F  A$lcc2403 |    00000440  A$lcc2403 |    00000441  A$lcc2403
     00000443  A$lcc2403 |    00000444  A$lcc2403 |    00000447  A$lcc2403
     00000449  A$lcc2403 |    00000449  C$main.c$ |    0000044C  A$lcc2403
     0000044C  C$main.c$ |    0000044D  A$lcc2403 |    0000044F  A$lcc2403
     00000450  A$lcc2403 |    00000453  A$lcc2403 |    00000455  A$lcc2403
     00000456  A$lcc2403 |    00000459  A$lcc2403 |    0000045A  A$lcc2403
     0000045B  A$lcc2403 |    0000045C  A$lcc2403 |    0000045F  A$lcc2403
     00000460  A$lcc2403 |    00000461  A$lcc2403 |    00000462  A$lcc2403
     00000465  A$lcc2403 |    00000467  A$lcc2403 |    00000469  A$lcc2403
     0000046B  A$lcc2403 |    0000046D  A$lcc2403 |    00000470  A$lcc2403
     00000472  A$lcc2403 |    00000475  A$lcc2403 |    00000476  A$lcc2403
     00000477  A$lcc2403 |    00000478  A$lcc2403 |    00000479  A$lcc2403
     0000047B  A$lcc2403 |    0000047C  A$lcc2403 |    0000047E  A$lcc2403
     0000047F  A$lcc2403 |    00000482  A$lcc2403 |    00000484  A$lcc2403
     00000484  C$main.c$ |    00000486  A$lcc2403 |    00000486  C$main.c$
     00000487  A$lcc2403 |    00000488  A$lcc2403 |    0000048B  A$lcc2403
ASxxxx Linker V03.00 + NoICE + sdld,  page 6.
Hexadecimal  [32-Bits]

Area                       Addr        Size        Decimal Bytes (Attributes)
--------------------       ----        ----        ------- ----- ------------
_CODE                  00000200    00002241 =        8769. bytes (REL,CON)

        Value  Global            Value  Global            Value  Global    
        -----  ------            -----  ------            -----  ------    
     0000048C  A$lcc2403 |    0000048F  A$lcc2403 |    00000490  A$lcc2403
     00000491  A$lcc2403 |    00000492  A$lcc2403 |    00000495  A$lcc2403
     00000496  A$lcc2403 |    00000497  A$lcc2403 |    00000498  A$lcc2403
     0000049B  A$lcc2403 |    0000049D  A$lcc2403 |    0000049E  A$lcc2403
     0000049F  A$lcc2403 |    000004A0  A$lcc2403 |    000004A2  A$lcc2403
     000004A3  A$lcc2403 |    000004A6  A$lcc2403 |    000004A8  A$lcc2403
     000004A8  C$main.c$ |    000004AA  A$lcc2403 |    000004AA  C$main.c$
     000004AB  A$lcc2403 |    000004AC  A$lcc2403 |    000004AF  A$lcc2403
     000004B1  A$lcc2403 |    000004B2  A$lcc2403 |    000004B5  A$lcc2403
     000004B6  A$lcc2403 |    000004B7  A$lcc2403 |    000004B8  A$lcc2403
     000004BB  A$lcc2403 |    000004BC  A$lcc2403 |    000004BD  A$lcc2403
     000004BE  A$lcc2403 |    000004C1  A$lcc2403 |    000004C3  A$lcc2403
     000004C4  A$lcc2403 |    000004C6  A$lcc2403 |    000004C7  A$lcc2403
     000004C8  A$lcc2403 |    000004C9  A$lcc2403 |    000004CB  A$lcc2403
     000004CC  A$lcc2403 |    000004CF  A$lcc2403 |    000004D1  A$lcc2403
     000004D1  C$main.c$ |    000004D2  A$lcc2403 |    000004D2  C$main.c$
     000004D2  XG$update |    000004D3  A$lcc2403 |    000004D3  C$main.c$
     000004D3  C$main.c$ |    000004D3  G$reset_f |    000004D3  _reset_fr
     000004D6  A$lcc2403 |    000004D6  C$main.c$ |    000004D9  A$lcc2403
     000004DB  A$lcc2403 |    000004DB  C$main.c$ |    000004DE  A$lcc2403
     000004E0  A$lcc2403 |    000004E3  A$lcc2403 |    000004E5  A$lcc2403
     000004E5  C$main.c$ |    000004E8  A$lcc2403 |    000004EA  A$lcc2403
     000004EB  A$lcc2403 |    000004ED  A$lcc2403 |    000004ED  C$main.c$
     000004F0  A$lcc2403 |    000004F1  A$lcc2403 |    000004F2  A$lcc2403
     000004F4  A$lcc2403 |    000004F5  A$lcc2403 |    000004F7  A$lcc2403
     000004F7  C$main.c$ |    000004F8  A$lcc2403 |    000004FB  A$lcc2403
     000004FB  C$main.c$ |    000004FE  A$lcc2403 |    00000500  A$lcc2403
     00000500  C$main.c$ |    00000503  A$lcc2403 |    00000505  A$lcc2403
     00000506  A$lcc2403 |    00000507  A$lcc2403 |    0000050A  A$lcc2403
     0000050B  A$lcc2403 |    0000050E  A$lcc2403 |    0000050F  A$lcc2403
     00000510  A$lcc2403 |    00000511  A$lcc2403 |    00000512  A$lcc2403
     00000515  A$lcc2403 |    00000516  A$lcc2403 |    00000517  A$lcc2403
     00000518  A$lcc2403 |    0000051B  A$lcc2403 |    0000051D  A$lcc2403
     0000051E  A$lcc2403 |    0000051F  A$lcc2403 |    00000520  A$lcc2403
     00000521  A$lcc2403 |    00000522  A$lcc2403 |    00000523  A$lcc2403
     00000524  A$lcc2403 |    00000525  A$lcc2403 |    00000528  A$lcc2403
     0000052A  A$lcc2403 |    0000052A  C$main.c$ |    0000052A  C$main.c$
     0000052A  XG$reset_ |    0000052B  A$lcc2403 |    0000052B  C$main.c$
     0000052B  C$main.c$ |    0000052B  G$reset_t |    0000052B  _reset_ti
     0000052E  A$lcc2403 |    00000530  A$lcc2403 |    00000531  A$lcc2403
     00000533  A$lcc2403 |    00000533  C$main.c$ |    00000536  A$lcc2403
     00000538  A$lcc2403 |    00000538  C$main.c$ |    0000053B  A$lcc2403
     0000053C  A$lcc2403 |    0000053F  A$lcc2403 |    00000540  A$lcc2403
     00000543  A$lcc2403 |    00000544  A$lcc2403 |    00000547  A$lcc2403
     00000549  A$lcc2403 |    00000549  C$main.c$ |    00000549  XG$reset_
     0000054A  A$lcc2403 |    0000054A  C$main.c$ |    0000054A  C$main.c$
     0000054A  G$kill_fr |    0000054A  _kill_fro |    0000054D  A$lcc2403
     0000054E  A$lcc2403 |    0000054F  A$lcc2403 |    00000551  A$lcc2403
     00000551  C$main.c$ |    00000552  A$lcc2403 |    00000553  A$lcc2403
     00000555  A$lcc2403 |    00000555  C$main.c$ |    00000558  A$lcc2403
     0000055A  A$lcc2403 |    0000055A  C$main.c$ |    0000055B  A$lcc2403
ASxxxx Linker V03.00 + NoICE + sdld,  page 7.
Hexadecimal  [32-Bits]

Area                       Addr        Size        Decimal Bytes (Attributes)
--------------------       ----        ----        ------- ----- ------------
_CODE                  00000200    00002241 =        8769. bytes (REL,CON)

        Value  Global            Value  Global            Value  Global    
        -----  ------            -----  ------            -----  ------    
     0000055B  C$main.c$ |    0000055E  A$lcc2403 |    0000055E  C$main.c$
     0000055E  C$main.c$ |    0000055E  XG$kill_f |    00000561  A$lcc2403
     00000561  C$main.c$ |    00000561  C$main.c$ |    00000561  G$init_le
     00000561  _init_lev |    00000564  A$lcc2403 |    00000565  A$lcc2403
     00000568  A$lcc2403 |    00000569  A$lcc2403 |    0000056C  A$lcc2403
     0000056E  A$lcc2403 |    0000056E  C$main.c$ |    00000571  A$lcc2403
     00000572  A$lcc2403 |    00000575  A$lcc2403 |    00000576  A$lcc2403
     00000579  A$lcc2403 |    0000057B  A$lcc2403 |    0000057B  C$main.c$
     0000057E  A$lcc2403 |    0000057F  A$lcc2403 |    00000582  A$lcc2403
     00000583  A$lcc2403 |    00000586  A$lcc2403 |    00000588  A$lcc2403
     00000588  C$main.c$ |    0000058B  A$lcc2403 |    0000058C  A$lcc2403
     0000058F  A$lcc2403 |    00000590  A$lcc2403 |    00000593  A$lcc2403
     00000595  A$lcc2403 |    00000595  C$main.c$ |    00000598  A$lcc2403
     00000599  A$lcc2403 |    0000059C  A$lcc2403 |    0000059D  A$lcc2403
     0000059E  A$lcc2403 |    0000059F  A$lcc2403 |    000005A0  A$lcc2403
     000005A3  A$lcc2403 |    000005A5  A$lcc2403 |    000005A5  C$main.c$
     000005A8  A$lcc2403 |    000005A9  A$lcc2403 |    000005AB  A$lcc2403
     000005AC  A$lcc2403 |    000005AD  A$lcc2403 |    000005B0  A$lcc2403
     000005B2  A$lcc2403 |    000005B2  C$main.c$ |    000005B5  A$lcc2403
     000005B7  A$lcc2403 |    000005B7  C$main.c$ |    000005B8  A$lcc2403
     000005BB  A$lcc2403 |    000005BC  A$lcc2403 |    000005BD  A$lcc2403
     000005BD  C$main.c$ |    000005C0  A$lcc2403 |    000005C0  C$main.c$
     000005C3  A$lcc2403 |    000005C5  A$lcc2403 |    000005C5  C$main.c$
     000005C8  A$lcc2403 |    000005C8  C$main.c$ |    000005CB  A$lcc2403
     000005CB  C$main.c$ |    000005CE  A$lcc2403 |    000005CE  C$main.c$
     000005D1  A$lcc2403 |    000005D1  C$main.c$ |    000005D1  C$main.c$
     000005D1  XG$init_l |    000005D4  A$lcc2403 |    000005D4  C$main.c$
     000005D4  G$move_fr |    000005D4  _move_fro |    000005D5  A$lcc2403
     000005D6  A$lcc2403 |    000005D6  C$main.c$ |    000005D9  A$lcc2403
     000005DA  A$lcc2403 |    000005DD  A$lcc2403 |    000005DD  C$main.c$
     000005E0  A$lcc2403 |    000005E1  A$lcc2403 |    000005E3  A$lcc2403
     000005E4  A$lcc2403 |    000005E5  A$lcc2403 |    000005E6  A$lcc2403
     000005E7  A$lcc2403 |    000005EA  A$lcc2403 |    000005EC  A$lcc2403
     000005EE  A$lcc2403 |    000005F1  A$lcc2403 |    000005F3  A$lcc2403
     000005F6  A$lcc2403 |    000005F7  A$lcc2403 |    000005F8  A$lcc2403
     000005F9  A$lcc2403 |    000005FA  A$lcc2403 |    000005FB  A$lcc2403
     000005FE  A$lcc2403 |    000005FF  A$lcc2403 |    00000600  A$lcc2403
     00000601  A$lcc2403 |    00000604  A$lcc2403 |    00000605  A$lcc2403
     00000608  A$lcc2403 |    00000609  A$lcc2403 |    0000060C  A$lcc2403
     0000060D  A$lcc2403 |    0000060E  A$lcc2403 |    00000610  A$lcc2403
     00000612  A$lcc2403 |    00000614  A$lcc2403 |    00000614  C$main.c$
     00000615  A$lcc2403 |    00000617  A$lcc2403 |    00000619  A$lcc2403
     0000061A  A$lcc2403 |    0000061C  A$lcc2403 |    0000061D  A$lcc2403
     00000620  A$lcc2403 |    00000622  A$lcc2403 |    00000623  A$lcc2403
     00000626  A$lcc2403 |    00000627  A$lcc2403 |    00000628  A$lcc2403
     00000629  A$lcc2403 |    0000062C  A$lcc2403 |    0000062D  A$lcc2403
     0000062E  A$lcc2403 |    00000631  A$lcc2403 |    00000633  A$lcc2403
     00000635  A$lcc2403 |    00000636  A$lcc2403 |    00000637  A$lcc2403
     00000638  A$lcc2403 |    00000639  A$lcc2403 |    0000063B  A$lcc2403
     0000063C  A$lcc2403 |    0000063F  A$lcc2403 |    00000641  A$lcc2403
     00000641  C$main.c$ |    00000644  A$lcc2403 |    00000644  C$main.c$
ASxxxx Linker V03.00 + NoICE + sdld,  page 8.
Hexadecimal  [32-Bits]

Area                       Addr        Size        Decimal Bytes (Attributes)
--------------------       ----        ----        ------- ----- ------------
_CODE                  00000200    00002241 =        8769. bytes (REL,CON)

        Value  Global            Value  Global            Value  Global    
        -----  ------            -----  ------            -----  ------    
     00000645  A$lcc2403 |    00000647  A$lcc2403 |    0000064A  A$lcc2403
     0000064B  A$lcc2403 |    0000064D  A$lcc2403 |    0000064E  A$lcc2403
     00000651  A$lcc2403 |    00000653  A$lcc2403 |    00000654  A$lcc2403
     00000657  A$lcc2403 |    00000658  A$lcc2403 |    00000659  A$lcc2403
     0000065A  A$lcc2403 |    0000065D  A$lcc2403 |    0000065E  A$lcc2403
     0000065F  A$lcc2403 |    00000662  A$lcc2403 |    00000664  A$lcc2403
     00000666  A$lcc2403 |    00000667  A$lcc2403 |    00000669  A$lcc2403
     0000066A  A$lcc2403 |    0000066B  A$lcc2403 |    0000066C  A$lcc2403
     0000066D  A$lcc2403 |    0000066F  A$lcc2403 |    00000670  A$lcc2403
     00000673  A$lcc2403 |    00000675  A$lcc2403 |    00000675  C$main.c$
     00000678  A$lcc2403 |    00000678  C$main.c$ |    0000067B  A$lcc2403
     0000067C  A$lcc2403 |    0000067F  A$lcc2403 |    0000067F  C$main.c$
     00000682  A$lcc2403 |    00000683  A$lcc2403 |    00000684  A$lcc2403
     00000685  A$lcc2403 |    00000688  A$lcc2403 |    0000068A  A$lcc2403
     0000068C  A$lcc2403 |    0000068F  A$lcc2403 |    00000691  A$lcc2403
     00000694  A$lcc2403 |    00000695  A$lcc2403 |    00000696  A$lcc2403
     00000697  A$lcc2403 |    0000069A  A$lcc2403 |    0000069B  A$lcc2403
     0000069C  A$lcc2403 |    0000069D  A$lcc2403 |    000006A0  A$lcc2403
     000006A1  A$lcc2403 |    000006A4  A$lcc2403 |    000006A5  A$lcc2403
     000006A7  A$lcc2403 |    000006A7  C$main.c$ |    000006A7  C$main.c$
     000006A8  A$lcc2403 |    000006A9  A$lcc2403 |    000006AA  A$lcc2403
     000006AA  C$main.c$ |    000006AB  A$lcc2403 |    000006AC  A$lcc2403
     000006AE  A$lcc2403 |    000006B1  A$lcc2403 |    000006B3  A$lcc2403
     000006B4  A$lcc2403 |    000006B7  A$lcc2403 |    000006B9  A$lcc2403
     000006BA  A$lcc2403 |    000006BD  A$lcc2403 |    000006BE  A$lcc2403
     000006BF  A$lcc2403 |    000006C0  A$lcc2403 |    000006C1  A$lcc2403
     000006C4  A$lcc2403 |    000006C5  A$lcc2403 |    000006C6  A$lcc2403
     000006C7  A$lcc2403 |    000006CA  A$lcc2403 |    000006CC  A$lcc2403
     000006CE  A$lcc2403 |    000006CF  A$lcc2403 |    000006D0  A$lcc2403
     000006D1  A$lcc2403 |    000006D2  A$lcc2403 |    000006D4  A$lcc2403
     000006D5  A$lcc2403 |    000006D8  A$lcc2403 |    000006DA  A$lcc2403
     000006DA  C$main.c$ |    000006DC  A$lcc2403 |    000006DC  C$main.c$
     000006DD  A$lcc2403 |    000006DF  A$lcc2403 |    000006E2  A$lcc2403
     000006E4  A$lcc2403 |    000006E6  A$lcc2403 |    000006E7  A$lcc2403
     000006EA  A$lcc2403 |    000006EC  A$lcc2403 |    000006ED  A$lcc2403
     000006F0  A$lcc2403 |    000006F1  A$lcc2403 |    000006F2  A$lcc2403
     000006F3  A$lcc2403 |    000006F4  A$lcc2403 |    000006F7  A$lcc2403
     000006F8  A$lcc2403 |    000006F9  A$lcc2403 |    000006FA  A$lcc2403
     000006FD  A$lcc2403 |    000006FF  A$lcc2403 |    00000701  A$lcc2403
     00000703  A$lcc2403 |    00000705  A$lcc2403 |    00000708  A$lcc2403
     0000070A  A$lcc2403 |    0000070D  A$lcc2403 |    0000070F  A$lcc2403
     00000710  A$lcc2403 |    00000711  A$lcc2403 |    00000712  A$lcc2403
     00000713  A$lcc2403 |    00000714  A$lcc2403 |    00000716  A$lcc2403
     00000717  A$lcc2403 |    0000071A  A$lcc2403 |    0000071C  A$lcc2403
     0000071C  C$main.c$ |    0000071D  A$lcc2403 |    0000071E  A$lcc2403
     0000071E  C$main.c$ |    0000071E  XG$move_f |    0000071F  A$lcc2403
     0000071F  C$main.c$ |    0000071F  C$main.c$ |    0000071F  G$update_
     0000071F  _update_m |    00000722  A$lcc2403 |    00000723  A$lcc2403
     00000725  A$lcc2403 |    00000725  C$main.c$ |    00000728  A$lcc2403
     00000728  C$main.c$ |    0000072B  A$lcc2403 |    0000072D  A$lcc2403
     0000072F  A$lcc2403 |    00000732  A$lcc2403 |    00000734  A$lcc2403
ASxxxx Linker V03.00 + NoICE + sdld,  page 9.
Hexadecimal  [32-Bits]

Area                       Addr        Size        Decimal Bytes (Attributes)
--------------------       ----        ----        ------- ----- ------------
_CODE                  00000200    00002241 =        8769. bytes (REL,CON)

        Value  Global            Value  Global            Value  Global    
        -----  ------            -----  ------            -----  ------    
     00000737  A$lcc2403 |    00000738  A$lcc2403 |    0000073B  A$lcc2403
     0000073C  A$lcc2403 |    0000073D  A$lcc2403 |    0000073E  A$lcc2403
     0000073E  C$main.c$ |    00000741  A$lcc2403 |    00000742  A$lcc2403
     00000744  A$lcc2403 |    00000744  C$main.c$ |    00000747  A$lcc2403
     00000747  C$main.c$ |    0000074A  A$lcc2403 |    0000074C  A$lcc2403
     0000074E  A$lcc2403 |    00000751  A$lcc2403 |    00000753  A$lcc2403
     00000756  A$lcc2403 |    00000757  A$lcc2403 |    0000075A  A$lcc2403
     0000075B  A$lcc2403 |    0000075C  A$lcc2403 |    0000075D  A$lcc2403
     0000075D  C$main.c$ |    00000760  A$lcc2403 |    00000761  A$lcc2403
     00000763  A$lcc2403 |    00000766  A$lcc2403 |    00000767  A$lcc2403
     00000768  A$lcc2403 |    00000768  C$main.c$ |    0000076B  A$lcc2403
     0000076D  A$lcc2403 |    0000076D  C$main.c$ |    00000770  A$lcc2403
     00000771  A$lcc2403 |    00000772  A$lcc2403 |    00000773  A$lcc2403
     00000776  A$lcc2403 |    00000777  A$lcc2403 |    00000779  A$lcc2403
     0000077A  A$lcc2403 |    0000077B  A$lcc2403 |    0000077C  A$lcc2403
     0000077D  A$lcc2403 |    0000077E  A$lcc2403 |    0000077F  A$lcc2403
     00000781  A$lcc2403 |    00000783  A$lcc2403 |    00000785  A$lcc2403
     00000787  A$lcc2403 |    00000788  A$lcc2403 |    0000078A  A$lcc2403
     0000078C  A$lcc2403 |    0000078E  A$lcc2403 |    0000078F  A$lcc2403
     00000790  A$lcc2403 |    00000790  C$main.c$ |    00000793  A$lcc2403
     00000794  A$lcc2403 |    00000796  A$lcc2403 |    00000797  A$lcc2403
     00000798  A$lcc2403 |    0000079A  A$lcc2403 |    0000079B  A$lcc2403
     0000079B  C$main.c$ |    0000079E  A$lcc2403 |    0000079E  C$main.c$
     000007A1  A$lcc2403 |    000007A4  A$lcc2403 |    000007A4  C$main.c$
     000007A4  XG$update |    000007A5  A$lcc2403 |    000007A5  C$main.c$
     000007A5  C$main.c$ |    000007A5  G$paralla |    000007A5  _parallax
     000007A7  A$lcc2403 |    000007A8  A$lcc2403 |    000007AA  A$lcc2403
     000007AC  A$lcc2403 |    000007AE  A$lcc2403 |    000007B0  A$lcc2403
     000007B2  A$lcc2403 |    000007B4  A$lcc2403 |    000007B6  A$lcc2403
     000007B8  A$lcc2403 |    000007BA  A$lcc2403 |    000007BC  A$lcc2403
     000007BE  A$lcc2403 |    000007C0  A$lcc2403 |    000007C2  A$lcc2403
     000007C4  A$lcc2403 |    000007C6  A$lcc2403 |    000007C8  A$lcc2403
     000007CA  A$lcc2403 |    000007CC  A$lcc2403 |    000007CF  A$lcc2403
     000007D1  A$lcc2403 |    000007D4  A$lcc2403 |    000007D6  A$lcc2403
     000007D9  A$lcc2403 |    000007DB  A$lcc2403 |    000007DE  A$lcc2403
     000007DF  A$lcc2403 |    000007DF  C$main.c$ |    000007E0  A$lcc2403
     000007E2  A$lcc2403 |    000007E3  A$lcc2403 |    000007E5  A$lcc2403
     000007E5  C$main.c$ |    000007E7  A$lcc2403 |    000007E9  A$lcc2403
     000007E9  C$main.c$ |    000007EA  A$lcc2403 |    000007EA  C$main.c$
     000007ED  A$lcc2403 |    000007EF  A$lcc2403 |    000007F0  A$lcc2403
     000007F2  A$lcc2403 |    000007F2  C$main.c$ |    000007F4  A$lcc2403
     000007F6  A$lcc2403 |    000007F6  C$main.c$ |    000007F7  A$lcc2403
     000007F7  C$main.c$ |    000007FA  A$lcc2403 |    000007FC  A$lcc2403
     000007FD  A$lcc2403 |    000007FF  A$lcc2403 |    000007FF  C$main.c$
     00000801  A$lcc2403 |    00000803  A$lcc2403 |    00000803  C$main.c$
     00000804  A$lcc2403 |    00000804  C$main.c$ |    00000807  A$lcc2403
     00000809  A$lcc2403 |    0000080A  A$lcc2403 |    0000080C  A$lcc2403
     0000080C  C$main.c$ |    0000080E  A$lcc2403 |    00000810  A$lcc2403
     00000810  C$main.c$ |    00000811  A$lcc2403 |    00000811  C$main.c$
     00000814  A$lcc2403 |    00000816  A$lcc2403 |    00000817  A$lcc2403
     00000819  A$lcc2403 |    00000819  C$main.c$ |    0000081B  A$lcc2403
ASxxxx Linker V03.00 + NoICE + sdld,  page 10.
Hexadecimal  [32-Bits]

Area                       Addr        Size        Decimal Bytes (Attributes)
--------------------       ----        ----        ------- ----- ------------
_CODE                  00000200    00002241 =        8769. bytes (REL,CON)

        Value  Global            Value  Global            Value  Global    
        -----  ------            -----  ------            -----  ------    
     0000081D  A$lcc2403 |    0000081D  C$main.c$ |    0000081E  A$lcc2403
     0000081E  C$main.c$ |    00000821  A$lcc2403 |    00000823  A$lcc2403
     00000824  A$lcc2403 |    00000826  A$lcc2403 |    00000826  C$main.c$
     00000828  A$lcc2403 |    0000082A  A$lcc2403 |    0000082A  C$main.c$
     0000082B  A$lcc2403 |    0000082B  C$main.c$ |    0000082C  A$lcc2403
     0000082E  A$lcc2403 |    0000082F  A$lcc2403 |    00000831  A$lcc2403
     00000831  C$main.c$ |    00000833  A$lcc2403 |    00000835  A$lcc2403
     00000835  C$main.c$ |    00000836  A$lcc2403 |    00000836  C$main.c$
     00000839  A$lcc2403 |    0000083B  A$lcc2403 |    0000083C  A$lcc2403
     0000083E  A$lcc2403 |    0000083E  C$main.c$ |    00000840  A$lcc2403
     00000842  A$lcc2403 |    00000842  C$main.c$ |    00000843  A$lcc2403
     00000843  C$main.c$ |    00000846  A$lcc2403 |    00000848  A$lcc2403
     00000849  A$lcc2403 |    0000084B  A$lcc2403 |    0000084B  C$main.c$
     0000084D  A$lcc2403 |    0000084F  A$lcc2403 |    0000084F  C$main.c$
     00000850  A$lcc2403 |    00000850  C$main.c$ |    00000853  A$lcc2403
     00000855  A$lcc2403 |    00000856  A$lcc2403 |    00000858  A$lcc2403
     00000858  C$main.c$ |    0000085A  A$lcc2403 |    0000085C  A$lcc2403
     0000085C  C$main.c$ |    0000085D  A$lcc2403 |    0000085D  C$main.c$
     00000860  A$lcc2403 |    00000862  A$lcc2403 |    00000863  A$lcc2403
     00000865  A$lcc2403 |    00000865  C$main.c$ |    00000867  A$lcc2403
     00000869  A$lcc2403 |    00000869  C$main.c$ |    0000086A  A$lcc2403
     0000086A  C$main.c$ |    0000086D  A$lcc2403 |    0000086F  A$lcc2403
     00000870  A$lcc2403 |    00000872  A$lcc2403 |    00000872  C$main.c$
     00000874  A$lcc2403 |    00000876  A$lcc2403 |    00000876  C$main.c$
     00000877  A$lcc2403 |    00000877  C$main.c$ |    00000878  A$lcc2403
     0000087A  A$lcc2403 |    0000087B  A$lcc2403 |    0000087D  A$lcc2403
     0000087D  C$main.c$ |    0000087E  A$lcc2403 |    00000880  A$lcc2403
     00000880  C$main.c$ |    00000880  C$main.c$ |    00000880  XG$parall
     00000881  A$lcc2403 |    00000881  C$main.c$ |    00000881  C$main.c$
     00000881  G$scroll_ |    00000881  _scroll_c |    00000884  A$lcc2403
     00000885  A$lcc2403 |    00000887  A$lcc2403 |    0000088A  A$lcc2403
     0000088B  A$lcc2403 |    0000088C  A$lcc2403 |    0000088F  A$lcc2403
     00000891  A$lcc2403 |    00000892  A$lcc2403 |    00000893  A$lcc2403
     00000895  A$lcc2403 |    00000895  C$main.c$ |    00000898  A$lcc2403
     00000899  A$lcc2403 |    0000089A  A$lcc2403 |    0000089B  A$lcc2403
     0000089B  C$main.c$ |    0000089C  A$lcc2403 |    0000089D  A$lcc2403
     0000089E  A$lcc2403 |    0000089F  A$lcc2403 |    000008A0  A$lcc2403
     000008A1  A$lcc2403 |    000008A1  C$main.c$ |    000008A2  A$lcc2403
     000008A3  A$lcc2403 |    000008A4  A$lcc2403 |    000008A5  A$lcc2403
     000008A6  A$lcc2403 |    000008A7  A$lcc2403 |    000008A8  A$lcc2403
     000008A8  C$main.c$ |    000008AB  A$lcc2403 |    000008AC  A$lcc2403
     000008AE  A$lcc2403 |    000008B1  A$lcc2403 |    000008B2  A$lcc2403
     000008B2  C$main.c$ |    000008B2  C$main.c$ |    000008B3  A$lcc2403
     000008B5  A$lcc2403 |    000008B5  C$main.c$ |    000008B8  A$lcc2403
     000008B9  A$lcc2403 |    000008BA  A$lcc2403 |    000008BB  A$lcc2403
     000008BC  A$lcc2403 |    000008BF  A$lcc2403 |    000008C0  A$lcc2403
     000008C1  A$lcc2403 |    000008C2  A$lcc2403 |    000008C2  C$main.c$
     000008C5  A$lcc2403 |    000008C5  C$main.c$ |    000008C8  A$lcc2403
     000008CA  A$lcc2403 |    000008CC  A$lcc2403 |    000008CC  C$main.c$
     000008CF  A$lcc2403 |    000008D0  A$lcc2403 |    000008D1  A$lcc2403
     000008D2  A$lcc2403 |    000008D3  A$lcc2403 |    000008D6  A$lcc2403
ASxxxx Linker V03.00 + NoICE + sdld,  page 11.
Hexadecimal  [32-Bits]

Area                       Addr        Size        Decimal Bytes (Attributes)
--------------------       ----        ----        ------- ----- ------------
_CODE                  00000200    00002241 =        8769. bytes (REL,CON)

        Value  Global            Value  Global            Value  Global    
        -----  ------            -----  ------            -----  ------    
     000008D7  A$lcc2403 |    000008D8  A$lcc2403 |    000008D9  A$lcc2403
     000008D9  C$main.c$ |    000008DC  A$lcc2403 |    000008DC  C$main.c$
     000008DF  A$lcc2403 |    000008E0  A$lcc2403 |    000008E2  A$lcc2403
     000008E5  A$lcc2403 |    000008E6  A$lcc2403 |    000008E7  A$lcc2403
     000008EA  A$lcc2403 |    000008EC  A$lcc2403 |    000008ED  A$lcc2403
     000008EE  A$lcc2403 |    000008F0  A$lcc2403 |    000008F0  C$main.c$
     000008F3  A$lcc2403 |    000008F4  A$lcc2403 |    000008F5  A$lcc2403
     000008F6  A$lcc2403 |    000008F6  C$main.c$ |    000008F9  A$lcc2403
     000008FA  A$lcc2403 |    000008FC  A$lcc2403 |    000008FC  C$main.c$
     000008FF  A$lcc2403 |    00000901  A$lcc2403 |    00000903  A$lcc2403
     00000903  C$main.c$ |    00000906  A$lcc2403 |    00000907  A$lcc2403
     00000908  A$lcc2403 |    00000909  A$lcc2403 |    0000090A  A$lcc2403
     0000090D  A$lcc2403 |    0000090E  A$lcc2403 |    0000090F  A$lcc2403
     00000910  A$lcc2403 |    00000910  C$main.c$ |    00000913  A$lcc2403
     00000913  C$main.c$ |    00000916  A$lcc2403 |    00000918  A$lcc2403
     0000091A  A$lcc2403 |    0000091A  C$main.c$ |    0000091D  A$lcc2403
     0000091E  A$lcc2403 |    0000091F  A$lcc2403 |    00000920  A$lcc2403
     00000920  C$main.c$ |    00000923  A$lcc2403 |    00000924  A$lcc2403
     00000925  A$lcc2403 |    00000926  A$lcc2403 |    00000926  C$main.c$
     00000929  A$lcc2403 |    0000092A  A$lcc2403 |    0000092B  A$lcc2403
     0000092C  A$lcc2403 |    0000092C  C$main.c$ |    0000092F  A$lcc2403
     00000930  A$lcc2403 |    00000931  A$lcc2403 |    00000932  A$lcc2403
     00000932  C$main.c$ |    00000935  A$lcc2403 |    00000936  A$lcc2403
     00000938  A$lcc2403 |    00000938  C$main.c$ |    0000093B  A$lcc2403
     0000093D  A$lcc2403 |    0000093F  A$lcc2403 |    0000093F  C$main.c$
     00000942  A$lcc2403 |    00000943  A$lcc2403 |    00000944  A$lcc2403
     00000945  A$lcc2403 |    00000946  A$lcc2403 |    00000949  A$lcc2403
     0000094A  A$lcc2403 |    0000094B  A$lcc2403 |    0000094C  A$lcc2403
     0000094C  C$main.c$ |    0000094F  A$lcc2403 |    0000094F  C$main.c$
     00000952  A$lcc2403 |    00000953  A$lcc2403 |    00000955  A$lcc2403
     00000958  A$lcc2403 |    00000959  A$lcc2403 |    0000095A  A$lcc2403
     0000095D  A$lcc2403 |    0000095F  A$lcc2403 |    00000960  A$lcc2403
     00000961  A$lcc2403 |    00000963  A$lcc2403 |    00000963  C$main.c$
     00000966  A$lcc2403 |    00000967  A$lcc2403 |    00000968  A$lcc2403
     00000969  A$lcc2403 |    00000969  C$main.c$ |    0000096C  A$lcc2403
     0000096D  A$lcc2403 |    0000096E  A$lcc2403 |    0000096F  A$lcc2403
     0000096F  C$main.c$ |    00000972  A$lcc2403 |    00000973  A$lcc2403
     00000973  C$main.c$ |    00000973  XG$scroll |    00000974  A$lcc2403
     00000974  C$main.c$ |    00000974  G$drain_t |    00000974  _drain_ti
     00000975  A$lcc2403 |    00000976  A$lcc2403 |    00000976  C$main.c$
     00000979  A$lcc2403 |    0000097A  A$lcc2403 |    0000097C  A$lcc2403
     0000097D  A$lcc2403 |    0000097F  A$lcc2403 |    00000981  A$lcc2403
     00000982  A$lcc2403 |    00000982  C$main.c$ |    00000983  A$lcc2403
     00000984  A$lcc2403 |    00000986  A$lcc2403 |    00000988  A$lcc2403
     0000098B  A$lcc2403 |    0000098C  A$lcc2403 |    0000098E  A$lcc2403
     00000990  A$lcc2403 |    00000992  A$lcc2403 |    00000994  A$lcc2403
     00000996  A$lcc2403 |    00000998  A$lcc2403 |    00000999  A$lcc2403
     00000999  C$main.c$ |    0000099B  A$lcc2403 |    0000099C  A$lcc2403
     0000099E  A$lcc2403 |    0000099F  A$lcc2403 |    000009A2  A$lcc2403
     000009A3  A$lcc2403 |    000009A4  A$lcc2403 |    000009A4  C$main.c$
     000009A7  A$lcc2403 |    000009A8  A$lcc2403 |    000009AB  A$lcc2403
ASxxxx Linker V03.00 + NoICE + sdld,  page 12.
Hexadecimal  [32-Bits]

Area                       Addr        Size        Decimal Bytes (Attributes)
--------------------       ----        ----        ------- ----- ------------
_CODE                  00000200    00002241 =        8769. bytes (REL,CON)

        Value  Global            Value  Global            Value  Global    
        -----  ------            -----  ------            -----  ------    
     000009AC  A$lcc2403 |    000009AE  A$lcc2403 |    000009AF  A$lcc2403
     000009B2  A$lcc2403 |    000009B3  A$lcc2403 |    000009B4  A$lcc2403
     000009B5  A$lcc2403 |    000009B6  A$lcc2403 |    000009B9  A$lcc2403
     000009BA  A$lcc2403 |    000009BB  A$lcc2403 |    000009BC  A$lcc2403
     000009BD  A$lcc2403 |    000009BE  A$lcc2403 |    000009BF  A$lcc2403
     000009C0  A$lcc2403 |    000009C3  A$lcc2403 |    000009C4  A$lcc2403
     000009C5  A$lcc2403 |    000009C5  C$main.c$ |    000009C7  A$lcc2403
     000009C8  A$lcc2403 |    000009CA  A$lcc2403 |    000009CC  A$lcc2403
     000009CD  A$lcc2403 |    000009CF  A$lcc2403 |    000009D0  A$lcc2403
     000009D1  A$lcc2403 |    000009D3  A$lcc2403 |    000009D4  A$lcc2403
     000009D5  A$lcc2403 |    000009D7  A$lcc2403 |    000009D8  A$lcc2403
     000009D9  A$lcc2403 |    000009DB  A$lcc2403 |    000009DB  C$main.c$
     000009DD  A$lcc2403 |    000009DE  A$lcc2403 |    000009E0  A$lcc2403
     000009E1  A$lcc2403 |    000009E3  A$lcc2403 |    000009E4  A$lcc2403
     000009E5  A$lcc2403 |    000009E6  A$lcc2403 |    000009E7  A$lcc2403
     000009EA  A$lcc2403 |    000009EC  A$lcc2403 |    000009EC  C$main.c$
     000009EF  A$lcc2403 |    000009F0  A$lcc2403 |    000009F0  C$main.c$
     000009F3  A$lcc2403 |    000009F4  A$lcc2403 |    000009F6  A$lcc2403
     000009F7  A$lcc2403 |    000009F8  A$lcc2403 |    000009FA  A$lcc2403
     000009FB  A$lcc2403 |    000009FB  C$main.c$ |    000009FE  A$lcc2403
     000009FE  C$main.c$ |    00000A01  A$lcc2403 |    00000A02  A$lcc2403
     00000A04  A$lcc2403 |    00000A05  A$lcc2403 |    00000A06  A$lcc2403
     00000A06  C$main.c$ |    00000A08  A$lcc2403 |    00000A09  A$lcc2403
     00000A0B  A$lcc2403 |    00000A0D  A$lcc2403 |    00000A0D  C$main.c$
     00000A10  A$lcc2403 |    00000A12  A$lcc2403 |    00000A12  C$main.c$
     00000A15  A$lcc2403 |    00000A17  A$lcc2403 |    00000A18  A$lcc2403
     00000A19  A$lcc2403 |    00000A19  C$main.c$ |    00000A19  XG$drain_
     00000A1A  A$lcc2403 |    00000A1A  C$main.c$ |    00000A1A  G$reload_
     00000A1A  _reload_t |    00000A1B  A$lcc2403 |    00000A1C  A$lcc2403
     00000A1C  C$main.c$ |    00000A1F  A$lcc2403 |    00000A20  A$lcc2403
     00000A22  A$lcc2403 |    00000A23  A$lcc2403 |    00000A25  A$lcc2403
     00000A27  A$lcc2403 |    00000A28  A$lcc2403 |    00000A28  C$main.c$
     00000A29  A$lcc2403 |    00000A2A  A$lcc2403 |    00000A2C  A$lcc2403
     00000A2E  A$lcc2403 |    00000A31  A$lcc2403 |    00000A32  A$lcc2403
     00000A34  A$lcc2403 |    00000A36  A$lcc2403 |    00000A38  A$lcc2403
     00000A3A  A$lcc2403 |    00000A3C  A$lcc2403 |    00000A3E  A$lcc2403
     00000A3E  C$main.c$ |    00000A40  A$lcc2403 |    00000A41  A$lcc2403
     00000A42  A$lcc2403 |    00000A44  A$lcc2403 |    00000A45  A$lcc2403
     00000A48  A$lcc2403 |    00000A49  A$lcc2403 |    00000A4A  A$lcc2403
     00000A4A  C$main.c$ |    00000A4D  A$lcc2403 |    00000A4E  A$lcc2403
     00000A51  A$lcc2403 |    00000A52  A$lcc2403 |    00000A54  A$lcc2403
     00000A54  C$main.c$ |    00000A55  A$lcc2403 |    00000A56  A$lcc2403
     00000A57  A$lcc2403 |    00000A59  A$lcc2403 |    00000A5B  A$lcc2403
     00000A5C  A$lcc2403 |    00000A5D  A$lcc2403 |    00000A5E  A$lcc2403
     00000A5F  A$lcc2403 |    00000A60  A$lcc2403 |    00000A61  A$lcc2403
     00000A63  A$lcc2403 |    00000A64  A$lcc2403 |    00000A65  A$lcc2403
     00000A67  A$lcc2403 |    00000A68  A$lcc2403 |    00000A69  A$lcc2403
     00000A6B  A$lcc2403 |    00000A6B  C$main.c$ |    00000A6D  A$lcc2403
     00000A6E  A$lcc2403 |    00000A70  A$lcc2403 |    00000A71  A$lcc2403
     00000A72  A$lcc2403 |    00000A74  A$lcc2403 |    00000A75  A$lcc2403
     00000A76  A$lcc2403 |    00000A77  A$lcc2403 |    00000A78  A$lcc2403
ASxxxx Linker V03.00 + NoICE + sdld,  page 13.
Hexadecimal  [32-Bits]

Area                       Addr        Size        Decimal Bytes (Attributes)
--------------------       ----        ----        ------- ----- ------------
_CODE                  00000200    00002241 =        8769. bytes (REL,CON)

        Value  Global            Value  Global            Value  Global    
        -----  ------            -----  ------            -----  ------    
     00000A7B  A$lcc2403 |    00000A7D  A$lcc2403 |    00000A7D  C$main.c$
     00000A80  A$lcc2403 |    00000A81  A$lcc2403 |    00000A81  C$main.c$
     00000A83  A$lcc2403 |    00000A84  A$lcc2403 |    00000A86  A$lcc2403
     00000A88  A$lcc2403 |    00000A88  C$main.c$ |    00000A8B  A$lcc2403
     00000A8B  C$main.c$ |    00000A8E  A$lcc2403 |    00000A8E  C$main.c$
     00000A91  A$lcc2403 |    00000A93  A$lcc2403 |    00000A94  A$lcc2403
     00000A95  A$lcc2403 |    00000A95  C$main.c$ |    00000A95  XG$reload
     00000A96  A$lcc2403 |    00000A96  C$main.c$ |    00000A96  G$win_che
     00000A96  _win_chec |    00000A98  A$lcc2403 |    00000A98  C$main.c$
     00000A9A  A$lcc2403 |    00000A9B  A$lcc2403 |    00000A9D  A$lcc2403
     00000A9E  A$lcc2403 |    00000A9F  A$lcc2403 |    00000AA0  A$lcc2403
     00000AA1  A$lcc2403 |    00000AA2  A$lcc2403 |    00000AA3  A$lcc2403
     00000AA6  A$lcc2403 |    00000AA7  A$lcc2403 |    00000AA8  A$lcc2403
     00000AA9  A$lcc2403 |    00000AAB  A$lcc2403 |    00000AAC  A$lcc2403
     00000AAD  A$lcc2403 |    00000AAE  A$lcc2403 |    00000AB0  A$lcc2403
     00000AB1  A$lcc2403 |    00000AB2  A$lcc2403 |    00000AB3  A$lcc2403
     00000AB4  A$lcc2403 |    00000AB6  A$lcc2403 |    00000AB8  A$lcc2403
     00000AB9  A$lcc2403 |    00000ABA  A$lcc2403 |    00000ABB  A$lcc2403
     00000ABC  A$lcc2403 |    00000ABD  A$lcc2403 |    00000ABE  A$lcc2403
     00000AC1  A$lcc2403 |    00000AC2  A$lcc2403 |    00000AC3  A$lcc2403
     00000AC4  A$lcc2403 |    00000AC5  A$lcc2403 |    00000AC6  A$lcc2403
     00000AC7  A$lcc2403 |    00000AC9  A$lcc2403 |    00000ACB  A$lcc2403
     00000ACC  A$lcc2403 |    00000ACE  A$lcc2403 |    00000ACF  A$lcc2403
     00000AD1  A$lcc2403 |    00000AD2  A$lcc2403 |    00000AD4  A$lcc2403
     00000AD5  A$lcc2403 |    00000AD7  A$lcc2403 |    00000AD8  A$lcc2403
     00000ADA  A$lcc2403 |    00000ADA  C$main.c$ |    00000ADC  A$lcc2403
     00000ADD  A$lcc2403 |    00000ADF  A$lcc2403 |    00000AE0  A$lcc2403
     00000AE1  A$lcc2403 |    00000AE2  A$lcc2403 |    00000AE3  A$lcc2403
     00000AE4  A$lcc2403 |    00000AE5  A$lcc2403 |    00000AE8  A$lcc2403
     00000AE9  A$lcc2403 |    00000AEA  A$lcc2403 |    00000AEB  A$lcc2403
     00000AED  A$lcc2403 |    00000AEE  A$lcc2403 |    00000AEF  A$lcc2403
     00000AF0  A$lcc2403 |    00000AF2  A$lcc2403 |    00000AF3  A$lcc2403
     00000AF4  A$lcc2403 |    00000AF5  A$lcc2403 |    00000AF6  A$lcc2403
     00000AF8  A$lcc2403 |    00000AFA  A$lcc2403 |    00000AFC  A$lcc2403
     00000AFD  A$lcc2403 |    00000AFE  A$lcc2403 |    00000AFF  A$lcc2403
     00000B02  A$lcc2403 |    00000B03  A$lcc2403 |    00000B04  A$lcc2403
     00000B05  A$lcc2403 |    00000B07  A$lcc2403 |    00000B09  A$lcc2403
     00000B0B  A$lcc2403 |    00000B0D  A$lcc2403 |    00000B0F  A$lcc2403
     00000B11  A$lcc2403 |    00000B11  C$main.c$ |    00000B13  A$lcc2403
     00000B14  A$lcc2403 |    00000B15  A$lcc2403 |    00000B16  A$lcc2403
     00000B19  A$lcc2403 |    00000B1A  A$lcc2403 |    00000B1B  A$lcc2403
     00000B1C  A$lcc2403 |    00000B1E  A$lcc2403 |    00000B1F  A$lcc2403
     00000B20  A$lcc2403 |    00000B21  A$lcc2403 |    00000B23  A$lcc2403
     00000B24  A$lcc2403 |    00000B25  A$lcc2403 |    00000B26  A$lcc2403
     00000B27  A$lcc2403 |    00000B28  A$lcc2403 |    00000B29  A$lcc2403
     00000B2A  A$lcc2403 |    00000B2B  A$lcc2403 |    00000B2D  A$lcc2403
     00000B2F  A$lcc2403 |    00000B30  A$lcc2403 |    00000B31  A$lcc2403
     00000B32  A$lcc2403 |    00000B33  A$lcc2403 |    00000B34  A$lcc2403
     00000B35  A$lcc2403 |    00000B38  A$lcc2403 |    00000B39  A$lcc2403
     00000B3A  A$lcc2403 |    00000B3B  A$lcc2403 |    00000B3D  A$lcc2403
     00000B3E  A$lcc2403 |    00000B3F  A$lcc2403 |    00000B40  A$lcc2403
ASxxxx Linker V03.00 + NoICE + sdld,  page 14.
Hexadecimal  [32-Bits]

Area                       Addr        Size        Decimal Bytes (Attributes)
--------------------       ----        ----        ------- ----- ------------
_CODE                  00000200    00002241 =        8769. bytes (REL,CON)

        Value  Global            Value  Global            Value  Global    
        -----  ------            -----  ------            -----  ------    
     00000B42  A$lcc2403 |    00000B43  A$lcc2403 |    00000B45  A$lcc2403
     00000B46  A$lcc2403 |    00000B47  A$lcc2403 |    00000B48  A$lcc2403
     00000B4A  A$lcc2403 |    00000B4C  A$lcc2403 |    00000B4E  A$lcc2403
     00000B50  A$lcc2403 |    00000B52  A$lcc2403 |    00000B54  A$lcc2403
     00000B54  C$main.c$ |    00000B56  A$lcc2403 |    00000B57  A$lcc2403
     00000B59  A$lcc2403 |    00000B5A  A$lcc2403 |    00000B5C  A$lcc2403
     00000B5D  A$lcc2403 |    00000B5F  A$lcc2403 |    00000B60  A$lcc2403
     00000B62  A$lcc2403 |    00000B64  A$lcc2403 |    00000B66  A$lcc2403
     00000B67  A$lcc2403 |    00000B69  A$lcc2403 |    00000B6A  A$lcc2403
     00000B6C  A$lcc2403 |    00000B6D  A$lcc2403 |    00000B6E  A$lcc2403
     00000B6F  A$lcc2403 |    00000B70  A$lcc2403 |    00000B71  A$lcc2403
     00000B72  A$lcc2403 |    00000B72  C$main.c$ |    00000B74  A$lcc2403
     00000B75  A$lcc2403 |    00000B76  A$lcc2403 |    00000B77  A$lcc2403
     00000B78  A$lcc2403 |    00000B79  A$lcc2403 |    00000B7A  A$lcc2403
     00000B7A  C$main.c$ |    00000B7D  A$lcc2403 |    00000B7E  A$lcc2403
     00000B7F  A$lcc2403 |    00000B82  A$lcc2403 |    00000B83  A$lcc2403
     00000B84  A$lcc2403 |    00000B85  A$lcc2403 |    00000B87  A$lcc2403
     00000B88  A$lcc2403 |    00000B89  A$lcc2403 |    00000B8B  A$lcc2403
     00000B8B  C$main.c$ |    00000B8E  A$lcc2403 |    00000B8F  A$lcc2403
     00000B92  A$lcc2403 |    00000B93  A$lcc2403 |    00000B96  A$lcc2403
     00000B97  A$lcc2403 |    00000B9A  A$lcc2403 |    00000B9C  A$lcc2403
     00000B9C  C$main.c$ |    00000B9F  A$lcc2403 |    00000BA1  A$lcc2403
     00000BA4  A$lcc2403 |    00000BA5  A$lcc2403 |    00000BA6  A$lcc2403
     00000BA7  A$lcc2403 |    00000BAA  A$lcc2403 |    00000BAB  A$lcc2403
     00000BAC  A$lcc2403 |    00000BAD  A$lcc2403 |    00000BAE  A$lcc2403
     00000BAF  A$lcc2403 |    00000BB0  A$lcc2403 |    00000BB3  A$lcc2403
     00000BB4  A$lcc2403 |    00000BB4  C$main.c$ |    00000BB7  A$lcc2403
     00000BB7  C$main.c$ |    00000BB8  A$lcc2403 |    00000BBA  A$lcc2403
     00000BBC  A$lcc2403 |    00000BBD  A$lcc2403 |    00000BBF  A$lcc2403
     00000BC1  A$lcc2403 |    00000BC1  C$main.c$ |    00000BC4  A$lcc2403
     00000BC5  A$lcc2403 |    00000BC8  A$lcc2403 |    00000BC9  A$lcc2403
     00000BCC  A$lcc2403 |    00000BCD  A$lcc2403 |    00000BD0  A$lcc2403
     00000BD2  A$lcc2403 |    00000BD2  C$main.c$ |    00000BD5  A$lcc2403
     00000BD7  A$lcc2403 |    00000BDA  A$lcc2403 |    00000BDB  A$lcc2403
     00000BDC  A$lcc2403 |    00000BDD  A$lcc2403 |    00000BE0  A$lcc2403
     00000BE1  A$lcc2403 |    00000BE2  A$lcc2403 |    00000BE3  A$lcc2403
     00000BE4  A$lcc2403 |    00000BE5  A$lcc2403 |    00000BE6  A$lcc2403
     00000BE9  A$lcc2403 |    00000BEA  A$lcc2403 |    00000BEA  C$main.c$
     00000BED  A$lcc2403 |    00000BED  C$main.c$ |    00000BEE  A$lcc2403
     00000BF0  A$lcc2403 |    00000BF2  A$lcc2403 |    00000BF3  A$lcc2403
     00000BF5  A$lcc2403 |    00000BF7  A$lcc2403 |    00000BF7  C$main.c$
     00000BFA  A$lcc2403 |    00000BFB  A$lcc2403 |    00000BFE  A$lcc2403
     00000BFF  A$lcc2403 |    00000C02  A$lcc2403 |    00000C03  A$lcc2403
     00000C06  A$lcc2403 |    00000C08  A$lcc2403 |    00000C08  C$main.c$
     00000C0B  A$lcc2403 |    00000C0D  A$lcc2403 |    00000C10  A$lcc2403
     00000C11  A$lcc2403 |    00000C12  A$lcc2403 |    00000C13  A$lcc2403
     00000C16  A$lcc2403 |    00000C17  A$lcc2403 |    00000C18  A$lcc2403
     00000C19  A$lcc2403 |    00000C1A  A$lcc2403 |    00000C1B  A$lcc2403
     00000C1C  A$lcc2403 |    00000C1F  A$lcc2403 |    00000C20  A$lcc2403
     00000C20  C$main.c$ |    00000C22  A$lcc2403 |    00000C22  C$main.c$
     00000C23  A$lcc2403 |    00000C25  A$lcc2403 |    00000C27  A$lcc2403
ASxxxx Linker V03.00 + NoICE + sdld,  page 15.
Hexadecimal  [32-Bits]

Area                       Addr        Size        Decimal Bytes (Attributes)
--------------------       ----        ----        ------- ----- ------------
_CODE                  00000200    00002241 =        8769. bytes (REL,CON)

        Value  Global            Value  Global            Value  Global    
        -----  ------            -----  ------            -----  ------    
     00000C28  A$lcc2403 |    00000C2A  A$lcc2403 |    00000C2C  A$lcc2403
     00000C2C  C$main.c$ |    00000C2F  A$lcc2403 |    00000C30  A$lcc2403
     00000C33  A$lcc2403 |    00000C34  A$lcc2403 |    00000C37  A$lcc2403
     00000C38  A$lcc2403 |    00000C3B  A$lcc2403 |    00000C3D  A$lcc2403
     00000C3D  C$main.c$ |    00000C40  A$lcc2403 |    00000C42  A$lcc2403
     00000C45  A$lcc2403 |    00000C46  A$lcc2403 |    00000C47  A$lcc2403
     00000C48  A$lcc2403 |    00000C4B  A$lcc2403 |    00000C4C  A$lcc2403
     00000C4D  A$lcc2403 |    00000C4E  A$lcc2403 |    00000C4F  A$lcc2403
     00000C50  A$lcc2403 |    00000C51  A$lcc2403 |    00000C54  A$lcc2403
     00000C55  A$lcc2403 |    00000C55  C$main.c$ |    00000C57  A$lcc2403
     00000C57  C$main.c$ |    00000C58  A$lcc2403 |    00000C5A  A$lcc2403
     00000C5C  A$lcc2403 |    00000C5D  A$lcc2403 |    00000C5F  A$lcc2403
     00000C61  A$lcc2403 |    00000C61  C$main.c$ |    00000C64  A$lcc2403
     00000C65  A$lcc2403 |    00000C68  A$lcc2403 |    00000C69  A$lcc2403
     00000C6C  A$lcc2403 |    00000C6D  A$lcc2403 |    00000C70  A$lcc2403
     00000C72  A$lcc2403 |    00000C72  C$main.c$ |    00000C75  A$lcc2403
     00000C77  A$lcc2403 |    00000C7A  A$lcc2403 |    00000C7B  A$lcc2403
     00000C7C  A$lcc2403 |    00000C7D  A$lcc2403 |    00000C80  A$lcc2403
     00000C81  A$lcc2403 |    00000C82  A$lcc2403 |    00000C83  A$lcc2403
     00000C84  A$lcc2403 |    00000C85  A$lcc2403 |    00000C86  A$lcc2403
     00000C89  A$lcc2403 |    00000C8A  A$lcc2403 |    00000C8A  C$main.c$
     00000C8C  A$lcc2403 |    00000C8C  C$main.c$ |    00000C8F  A$lcc2403
     00000C91  A$lcc2403 |    00000C91  C$main.c$ |    00000C94  A$lcc2403
     00000C96  A$lcc2403 |    00000C96  C$main.c$ |    00000C99  A$lcc2403
     00000C9B  A$lcc2403 |    00000C9D  A$lcc2403 |    00000C9D  C$main.c$
     00000C9D  XG$win_ch |    00000C9E  A$lcc2403 |    00000C9E  C$main.c$
     00000C9E  G$collide |    00000C9E  _collide_ |    00000CA0  A$lcc2403
     00000CA0  C$main.c$ |    00000CA3  A$lcc2403 |    00000CA4  A$lcc2403
     00000CA5  A$lcc2403 |    00000CA6  A$lcc2403 |    00000CA7  A$lcc2403
     00000CA9  A$lcc2403 |    00000CAA  A$lcc2403 |    00000CAB  A$lcc2403
     00000CAC  A$lcc2403 |    00000CAD  A$lcc2403 |    00000CAF  A$lcc2403
     00000CB1  A$lcc2403 |    00000CB1  C$main.c$ |    00000CB3  A$lcc2403
     00000CB5  A$lcc2403 |    00000CB5  C$main.c$ |    00000CB7  A$lcc2403
     00000CB9  A$lcc2403 |    00000CBB  A$lcc2403 |    00000CBB  C$main.c$
     00000CBD  A$lcc2403 |    00000CBF  A$lcc2403 |    00000CBF  C$main.c$
     00000CC1  A$lcc2403 |    00000CC3  A$lcc2403 |    00000CC3  C$main.c$
     00000CC5  A$lcc2403 |    00000CC6  A$lcc2403 |    00000CC8  A$lcc2403
     00000CC9  A$lcc2403 |    00000CCA  A$lcc2403 |    00000CCB  A$lcc2403
     00000CCC  A$lcc2403 |    00000CCD  A$lcc2403 |    00000CCE  A$lcc2403
     00000CD1  A$lcc2403 |    00000CD2  A$lcc2403 |    00000CD3  A$lcc2403
     00000CD4  A$lcc2403 |    00000CD6  A$lcc2403 |    00000CD7  A$lcc2403
     00000CD8  A$lcc2403 |    00000CD9  A$lcc2403 |    00000CDB  A$lcc2403
     00000CDC  A$lcc2403 |    00000CDD  A$lcc2403 |    00000CDE  A$lcc2403
     00000CDF  A$lcc2403 |    00000CE1  A$lcc2403 |    00000CE3  A$lcc2403
     00000CE4  A$lcc2403 |    00000CE5  A$lcc2403 |    00000CE6  A$lcc2403
     00000CE7  A$lcc2403 |    00000CE8  A$lcc2403 |    00000CE9  A$lcc2403
     00000CEC  A$lcc2403 |    00000CED  A$lcc2403 |    00000CEE  A$lcc2403
     00000CEF  A$lcc2403 |    00000CF1  A$lcc2403 |    00000CF3  A$lcc2403
     00000CF5  A$lcc2403 |    00000CF7  A$lcc2403 |    00000CF9  A$lcc2403
     00000CFB  A$lcc2403 |    00000CFB  C$main.c$ |    00000CFE  A$lcc2403
     00000CFF  A$lcc2403 |    00000D00  A$lcc2403 |    00000D01  A$lcc2403
ASxxxx Linker V03.00 + NoICE + sdld,  page 16.
Hexadecimal  [32-Bits]

Area                       Addr        Size        Decimal Bytes (Attributes)
--------------------       ----        ----        ------- ----- ------------
_CODE                  00000200    00002241 =        8769. bytes (REL,CON)

        Value  Global            Value  Global            Value  Global    
        -----  ------            -----  ------            -----  ------    
     00000D02  A$lcc2403 |    00000D03  A$lcc2403 |    00000D04  A$lcc2403
     00000D05  A$lcc2403 |    00000D06  A$lcc2403 |    00000D06  C$main.c$
     00000D07  A$lcc2403 |    00000D09  A$lcc2403 |    00000D0A  A$lcc2403
     00000D0B  A$lcc2403 |    00000D0D  A$lcc2403 |    00000D10  A$lcc2403
     00000D12  A$lcc2403 |    00000D13  A$lcc2403 |    00000D13  C$main.c$
     00000D15  A$lcc2403 |    00000D16  A$lcc2403 |    00000D18  A$lcc2403
     00000D19  A$lcc2403 |    00000D1B  A$lcc2403 |    00000D1D  A$lcc2403
     00000D1E  A$lcc2403 |    00000D20  A$lcc2403 |    00000D22  A$lcc2403
     00000D23  A$lcc2403 |    00000D24  A$lcc2403 |    00000D25  A$lcc2403
     00000D26  A$lcc2403 |    00000D27  A$lcc2403 |    00000D28  A$lcc2403
     00000D2A  A$lcc2403 |    00000D2B  A$lcc2403 |    00000D2D  A$lcc2403
     00000D2E  A$lcc2403 |    00000D2F  A$lcc2403 |    00000D30  A$lcc2403
     00000D31  A$lcc2403 |    00000D32  A$lcc2403 |    00000D33  A$lcc2403
     00000D34  A$lcc2403 |    00000D35  A$lcc2403 |    00000D36  A$lcc2403
     00000D37  A$lcc2403 |    00000D39  A$lcc2403 |    00000D3A  A$lcc2403
     00000D3C  A$lcc2403 |    00000D3D  A$lcc2403 |    00000D3F  A$lcc2403
     00000D40  A$lcc2403 |    00000D42  A$lcc2403 |    00000D43  A$lcc2403
     00000D45  A$lcc2403 |    00000D47  A$lcc2403 |    00000D49  A$lcc2403
     00000D4A  A$lcc2403 |    00000D4B  A$lcc2403 |    00000D4E  A$lcc2403
     00000D4F  A$lcc2403 |    00000D50  A$lcc2403 |    00000D51  A$lcc2403
     00000D53  A$lcc2403 |    00000D54  A$lcc2403 |    00000D55  A$lcc2403
     00000D56  A$lcc2403 |    00000D58  A$lcc2403 |    00000D59  A$lcc2403
     00000D5B  A$lcc2403 |    00000D5D  A$lcc2403 |    00000D5E  A$lcc2403
     00000D60  A$lcc2403 |    00000D61  A$lcc2403 |    00000D63  A$lcc2403
     00000D64  A$lcc2403 |    00000D66  A$lcc2403 |    00000D67  A$lcc2403
     00000D69  A$lcc2403 |    00000D6A  A$lcc2403 |    00000D6C  A$lcc2403
     00000D6C  C$main.c$ |    00000D6E  A$lcc2403 |    00000D6F  A$lcc2403
     00000D70  A$lcc2403 |    00000D72  A$lcc2403 |    00000D73  A$lcc2403
     00000D74  A$lcc2403 |    00000D75  A$lcc2403 |    00000D76  A$lcc2403
     00000D77  A$lcc2403 |    00000D78  A$lcc2403 |    00000D7A  A$lcc2403
     00000D7B  A$lcc2403 |    00000D7C  A$lcc2403 |    00000D7D  A$lcc2403
     00000D7E  A$lcc2403 |    00000D7F  A$lcc2403 |    00000D80  A$lcc2403
     00000D82  A$lcc2403 |    00000D83  A$lcc2403 |    00000D84  A$lcc2403
     00000D85  A$lcc2403 |    00000D87  A$lcc2403 |    00000D88  A$lcc2403
     00000D89  A$lcc2403 |    00000D8A  A$lcc2403 |    00000D8B  A$lcc2403
     00000D8C  A$lcc2403 |    00000D8D  A$lcc2403 |    00000D8E  A$lcc2403
     00000D8F  A$lcc2403 |    00000D91  A$lcc2403 |    00000D93  A$lcc2403
     00000D94  A$lcc2403 |    00000D95  A$lcc2403 |    00000D96  A$lcc2403
     00000D97  A$lcc2403 |    00000D9A  A$lcc2403 |    00000D9B  A$lcc2403
     00000D9C  A$lcc2403 |    00000D9D  A$lcc2403 |    00000D9F  A$lcc2403
     00000DA0  A$lcc2403 |    00000DA1  A$lcc2403 |    00000DA2  A$lcc2403
     00000DA4  A$lcc2403 |    00000DA5  A$lcc2403 |    00000DA7  A$lcc2403
     00000DA8  A$lcc2403 |    00000DA9  A$lcc2403 |    00000DA9  C$main.c$
     00000DAA  A$lcc2403 |    00000DAB  A$lcc2403 |    00000DAD  A$lcc2403
     00000DAF  A$lcc2403 |    00000DB1  A$lcc2403 |    00000DB3  A$lcc2403
     00000DB5  A$lcc2403 |    00000DB7  A$lcc2403 |    00000DB8  A$lcc2403
     00000DB9  A$lcc2403 |    00000DBB  A$lcc2403 |    00000DBC  A$lcc2403
     00000DBD  A$lcc2403 |    00000DBE  A$lcc2403 |    00000DBF  A$lcc2403
     00000DC0  A$lcc2403 |    00000DC3  A$lcc2403 |    00000DC4  A$lcc2403
     00000DC5  A$lcc2403 |    00000DC6  A$lcc2403 |    00000DC8  A$lcc2403
     00000DC9  A$lcc2403 |    00000DCB  A$lcc2403 |    00000DCB  C$main.c$
ASxxxx Linker V03.00 + NoICE + sdld,  page 17.
Hexadecimal  [32-Bits]

Area                       Addr        Size        Decimal Bytes (Attributes)
--------------------       ----        ----        ------- ----- ------------
_CODE                  00000200    00002241 =        8769. bytes (REL,CON)

        Value  Global            Value  Global            Value  Global    
        -----  ------            -----  ------            -----  ------    
     00000DCC  A$lcc2403 |    00000DCE  A$lcc2403 |    00000DCF  A$lcc2403
     00000DD0  A$lcc2403 |    00000DD1  A$lcc2403 |    00000DD2  A$lcc2403
     00000DD5  A$lcc2403 |    00000DD6  A$lcc2403 |    00000DD8  A$lcc2403
     00000DD9  A$lcc2403 |    00000DDA  A$lcc2403 |    00000DDC  A$lcc2403
     00000DDC  C$main.c$ |    00000DDF  A$lcc2403 |    00000DE0  A$lcc2403
     00000DE1  A$lcc2403 |    00000DE2  A$lcc2403 |    00000DE3  A$lcc2403
     00000DE5  A$lcc2403 |    00000DE6  A$lcc2403 |    00000DE7  A$lcc2403
     00000DE8  A$lcc2403 |    00000DE9  A$lcc2403 |    00000DEB  A$lcc2403
     00000DED  A$lcc2403 |    00000DED  C$main.c$ |    00000DEF  A$lcc2403
     00000DF0  A$lcc2403 |    00000DF2  A$lcc2403 |    00000DF3  A$lcc2403
     00000DF5  A$lcc2403 |    00000DF7  A$lcc2403 |    00000DF8  A$lcc2403
     00000DFA  A$lcc2403 |    00000DFB  A$lcc2403 |    00000DFC  A$lcc2403
     00000DFE  A$lcc2403 |    00000DFF  A$lcc2403 |    00000E01  A$lcc2403
     00000E03  A$lcc2403 |    00000E04  A$lcc2403 |    00000E06  A$lcc2403
     00000E07  A$lcc2403 |    00000E09  A$lcc2403 |    00000E0C  A$lcc2403
     00000E0D  A$lcc2403 |    00000E0F  A$lcc2403 |    00000E10  A$lcc2403
     00000E11  A$lcc2403 |    00000E13  A$lcc2403 |    00000E14  A$lcc2403
     00000E17  A$lcc2403 |    00000E17  C$main.c$ |    00000E1A  A$lcc2403
     00000E1C  A$lcc2403 |    00000E1F  A$lcc2403 |    00000E1F  C$main.c$
     00000E1F  C$main.c$ |    00000E20  A$lcc2403 |    00000E22  A$lcc2403
     00000E23  A$lcc2403 |    00000E25  A$lcc2403 |    00000E26  A$lcc2403
     00000E28  A$lcc2403 |    00000E29  A$lcc2403 |    00000E2B  A$lcc2403
     00000E2B  C$main.c$ |    00000E2D  A$lcc2403 |    00000E2E  A$lcc2403
     00000E30  A$lcc2403 |    00000E31  A$lcc2403 |    00000E33  A$lcc2403
     00000E35  A$lcc2403 |    00000E36  A$lcc2403 |    00000E37  A$lcc2403
     00000E39  A$lcc2403 |    00000E3B  A$lcc2403 |    00000E3C  A$lcc2403
     00000E3E  A$lcc2403 |    00000E3F  A$lcc2403 |    00000E40  A$lcc2403
     00000E42  A$lcc2403 |    00000E43  A$lcc2403 |    00000E45  A$lcc2403
     00000E47  A$lcc2403 |    00000E49  A$lcc2403 |    00000E4B  A$lcc2403
     00000E4D  A$lcc2403 |    00000E4E  A$lcc2403 |    00000E4F  A$lcc2403
     00000E51  A$lcc2403 |    00000E52  A$lcc2403 |    00000E54  A$lcc2403
     00000E54  C$main.c$ |    00000E57  A$lcc2403 |    00000E59  A$lcc2403
     00000E5C  A$lcc2403 |    00000E5C  C$main.c$ |    00000E5F  A$lcc2403
     00000E60  A$lcc2403 |    00000E63  A$lcc2403 |    00000E63  C$main.c$
     00000E66  A$lcc2403 |    00000E68  A$lcc2403 |    00000E6B  A$lcc2403
     00000E6B  C$main.c$ |    00000E6D  A$lcc2403 |    00000E6E  A$lcc2403
     00000E70  A$lcc2403 |    00000E71  A$lcc2403 |    00000E73  A$lcc2403
     00000E75  A$lcc2403 |    00000E76  A$lcc2403 |    00000E77  A$lcc2403
     00000E79  A$lcc2403 |    00000E7A  A$lcc2403 |    00000E7B  A$lcc2403
     00000E7D  A$lcc2403 |    00000E7E  A$lcc2403 |    00000E80  A$lcc2403
     00000E81  A$lcc2403 |    00000E83  A$lcc2403 |    00000E84  A$lcc2403
     00000E85  A$lcc2403 |    00000E87  A$lcc2403 |    00000E88  A$lcc2403
     00000E89  A$lcc2403 |    00000E8B  A$lcc2403 |    00000E8C  A$lcc2403
     00000E8E  A$lcc2403 |    00000E8F  A$lcc2403 |    00000E90  A$lcc2403
     00000E90  C$main.c$ |    00000E91  A$lcc2403 |    00000E93  A$lcc2403
     00000E94  A$lcc2403 |    00000E96  A$lcc2403 |    00000E96  C$main.c$
     00000E98  A$lcc2403 |    00000E9A  A$lcc2403 |    00000E9C  A$lcc2403
     00000E9E  A$lcc2403 |    00000EA0  A$lcc2403 |    00000EA2  A$lcc2403
     00000EA4  A$lcc2403 |    00000EA6  A$lcc2403 |    00000EA8  A$lcc2403
     00000EA8  C$main.c$ |    00000EAB  A$lcc2403 |    00000EAD  A$lcc2403
     00000EAF  A$lcc2403 |    00000EAF  C$main.c$ |    00000EB2  A$lcc2403
ASxxxx Linker V03.00 + NoICE + sdld,  page 18.
Hexadecimal  [32-Bits]

Area                       Addr        Size        Decimal Bytes (Attributes)
--------------------       ----        ----        ------- ----- ------------
_CODE                  00000200    00002241 =        8769. bytes (REL,CON)

        Value  Global            Value  Global            Value  Global    
        -----  ------            -----  ------            -----  ------    
     00000EB3  A$lcc2403 |    00000EB5  A$lcc2403 |    00000EB5  C$main.c$
     00000EB8  A$lcc2403 |    00000EBA  A$lcc2403 |    00000EBC  A$lcc2403
     00000EBC  C$main.c$ |    00000EBD  A$lcc2403 |    00000EBF  A$lcc2403
     00000EC0  A$lcc2403 |    00000EC2  A$lcc2403 |    00000EC2  C$main.c$
     00000EC4  A$lcc2403 |    00000EC6  A$lcc2403 |    00000EC8  A$lcc2403
     00000ECA  A$lcc2403 |    00000ECC  A$lcc2403 |    00000ECE  A$lcc2403
     00000ED0  A$lcc2403 |    00000ED2  A$lcc2403 |    00000ED4  A$lcc2403
     00000ED4  C$main.c$ |    00000ED7  A$lcc2403 |    00000ED9  A$lcc2403
     00000EDB  A$lcc2403 |    00000EDB  C$main.c$ |    00000EDE  A$lcc2403
     00000EDF  A$lcc2403 |    00000EE1  A$lcc2403 |    00000EE1  C$main.c$
     00000EE4  A$lcc2403 |    00000EE6  A$lcc2403 |    00000EE8  A$lcc2403
     00000EE8  C$main.c$ |    00000EE9  A$lcc2403 |    00000EEB  A$lcc2403
     00000EEC  A$lcc2403 |    00000EEE  A$lcc2403 |    00000EEE  C$main.c$
     00000EF0  A$lcc2403 |    00000EF2  A$lcc2403 |    00000EF4  A$lcc2403
     00000EF6  A$lcc2403 |    00000EF8  A$lcc2403 |    00000EFA  A$lcc2403
     00000EFC  A$lcc2403 |    00000EFE  A$lcc2403 |    00000F00  A$lcc2403
     00000F00  C$main.c$ |    00000F03  A$lcc2403 |    00000F05  A$lcc2403
     00000F07  A$lcc2403 |    00000F07  C$main.c$ |    00000F0A  A$lcc2403
     00000F0B  A$lcc2403 |    00000F0D  A$lcc2403 |    00000F0D  C$main.c$
     00000F10  A$lcc2403 |    00000F12  A$lcc2403 |    00000F14  A$lcc2403
     00000F14  C$main.c$ |    00000F15  A$lcc2403 |    00000F17  A$lcc2403
     00000F18  A$lcc2403 |    00000F1A  A$lcc2403 |    00000F1A  C$main.c$
     00000F1D  A$lcc2403 |    00000F1E  A$lcc2403 |    00000F1F  A$lcc2403
     00000F20  A$lcc2403 |    00000F21  A$lcc2403 |    00000F22  A$lcc2403
     00000F25  A$lcc2403 |    00000F26  A$lcc2403 |    00000F28  A$lcc2403
     00000F28  C$main.c$ |    00000F28  XG$collid |    00000F29  A$lcc2403
     00000F29  C$main.c$ |    00000F29  C$main.c$ |    00000F29  G$animate
     00000F29  _animate_ |    00000F2C  A$lcc2403 |    00000F2D  A$lcc2403
     00000F2D  C$main.c$ |    00000F30  A$lcc2403 |    00000F31  A$lcc2403
     00000F31  C$main.c$ |    00000F33  A$lcc2403 |    00000F33  C$main.c$
     00000F36  A$lcc2403 |    00000F38  A$lcc2403 |    00000F3A  A$lcc2403
     00000F3A  C$main.c$ |    00000F3D  A$lcc2403 |    00000F40  A$lcc2403
     00000F41  A$lcc2403 |    00000F42  A$lcc2403 |    00000F43  A$lcc2403
     00000F45  A$lcc2403 |    00000F46  A$lcc2403 |    00000F48  A$lcc2403
     00000F49  A$lcc2403 |    00000F4A  A$lcc2403 |    00000F4A  C$main.c$
     00000F4C  A$lcc2403 |    00000F4D  A$lcc2403 |    00000F4F  A$lcc2403
     00000F51  A$lcc2403 |    00000F51  C$main.c$ |    00000F53  A$lcc2403
     00000F54  A$lcc2403 |    00000F55  A$lcc2403 |    00000F56  A$lcc2403
     00000F57  A$lcc2403 |    00000F5A  A$lcc2403 |    00000F5B  A$lcc2403
     00000F5C  A$lcc2403 |    00000F5D  A$lcc2403 |    00000F5D  C$main.c$
     00000F5E  A$lcc2403 |    00000F60  A$lcc2403 |    00000F61  A$lcc2403
     00000F62  A$lcc2403 |    00000F63  A$lcc2403 |    00000F64  A$lcc2403
     00000F67  A$lcc2403 |    00000F68  A$lcc2403 |    00000F69  A$lcc2403
     00000F69  C$main.c$ |    00000F6A  A$lcc2403 |    00000F6C  A$lcc2403
     00000F6E  A$lcc2403 |    00000F70  A$lcc2403 |    00000F71  A$lcc2403
     00000F73  A$lcc2403 |    00000F73  C$main.c$ |    00000F74  A$lcc2403
     00000F75  A$lcc2403 |    00000F77  A$lcc2403 |    00000F78  A$lcc2403
     00000F79  A$lcc2403 |    00000F7A  A$lcc2403 |    00000F7D  A$lcc2403
     00000F7F  A$lcc2403 |    00000F80  A$lcc2403 |    00000F80  C$main.c$
     00000F81  A$lcc2403 |    00000F83  A$lcc2403 |    00000F85  A$lcc2403
     00000F87  A$lcc2403 |    00000F88  A$lcc2403 |    00000F8A  A$lcc2403
ASxxxx Linker V03.00 + NoICE + sdld,  page 19.
Hexadecimal  [32-Bits]

Area                       Addr        Size        Decimal Bytes (Attributes)
--------------------       ----        ----        ------- ----- ------------
_CODE                  00000200    00002241 =        8769. bytes (REL,CON)

        Value  Global            Value  Global            Value  Global    
        -----  ------            -----  ------            -----  ------    
     00000F8A  C$main.c$ |    00000F8B  A$lcc2403 |    00000F8D  A$lcc2403
     00000F8E  A$lcc2403 |    00000F8F  A$lcc2403 |    00000F90  A$lcc2403
     00000F93  A$lcc2403 |    00000F95  A$lcc2403 |    00000F95  C$main.c$
     00000F96  A$lcc2403 |    00000F98  A$lcc2403 |    00000F98  C$main.c$
     00000F9B  A$lcc2403 |    00000F9D  A$lcc2403 |    00000F9F  A$lcc2403
     00000FA2  A$lcc2403 |    00000FA3  A$lcc2403 |    00000FA4  A$lcc2403
     00000FA6  A$lcc2403 |    00000FA6  C$main.c$ |    00000FA8  A$lcc2403
     00000FA8  C$main.c$ |    00000FAB  A$lcc2403 |    00000FAC  A$lcc2403
     00000FAD  A$lcc2403 |    00000FAD  C$main.c$ |    00000FB0  A$lcc2403
     00000FB2  A$lcc2403 |    00000FB3  A$lcc2403 |    00000FB3  C$main.c$
     00000FB6  A$lcc2403 |    00000FB7  A$lcc2403 |    00000FB8  A$lcc2403
     00000FBA  A$lcc2403 |    00000FBB  A$lcc2403 |    00000FBE  A$lcc2403
     00000FBF  A$lcc2403 |    00000FC0  A$lcc2403 |    00000FC3  A$lcc2403
     00000FC5  A$lcc2403 |    00000FC6  A$lcc2403 |    00000FC9  A$lcc2403
     00000FCA  A$lcc2403 |    00000FCB  A$lcc2403 |    00000FCB  C$main.c$
     00000FCC  A$lcc2403 |    00000FCD  A$lcc2403 |    00000FCF  A$lcc2403
     00000FCF  C$main.c$ |    00000FD2  A$lcc2403 |    00000FD3  A$lcc2403
     00000FD4  A$lcc2403 |    00000FD6  A$lcc2403 |    00000FD6  C$main.c$
     00000FD7  A$lcc2403 |    00000FD8  A$lcc2403 |    00000FD9  A$lcc2403
     00000FDA  A$lcc2403 |    00000FDC  A$lcc2403 |    00000FDD  A$lcc2403
     00000FDE  A$lcc2403 |    00000FDF  A$lcc2403 |    00000FE0  A$lcc2403
     00000FE3  A$lcc2403 |    00000FE5  A$lcc2403 |    00000FE6  A$lcc2403
     00000FE6  C$main.c$ |    00000FE7  A$lcc2403 |    00000FE9  A$lcc2403
     00000FE9  C$main.c$ |    00000FEC  A$lcc2403 |    00000FED  A$lcc2403
     00000FEE  A$lcc2403 |    00000FF0  A$lcc2403 |    00000FF0  C$main.c$
     00000FF1  A$lcc2403 |    00000FF2  A$lcc2403 |    00000FF3  A$lcc2403
     00000FF4  A$lcc2403 |    00000FF6  A$lcc2403 |    00000FF7  A$lcc2403
     00000FF8  A$lcc2403 |    00000FF9  A$lcc2403 |    00000FFA  A$lcc2403
     00000FFD  A$lcc2403 |    00000FFF  A$lcc2403 |    00001000  A$lcc2403
     00001000  C$main.c$ |    00001001  A$lcc2403 |    00001003  A$lcc2403
     00001003  C$main.c$ |    00001006  A$lcc2403 |    00001008  A$lcc2403
     00001008  C$main.c$ |    0000100B  A$lcc2403 |    0000100D  A$lcc2403
     0000100E  A$lcc2403 |    0000100E  C$main.c$ |    00001011  A$lcc2403
     00001012  A$lcc2403 |    00001013  A$lcc2403 |    00001015  A$lcc2403
     00001015  C$main.c$ |    00001016  A$lcc2403 |    00001017  A$lcc2403
     00001018  A$lcc2403 |    0000101A  A$lcc2403 |    0000101B  A$lcc2403
     0000101C  A$lcc2403 |    0000101D  A$lcc2403 |    0000101E  A$lcc2403
     00001021  A$lcc2403 |    00001023  A$lcc2403 |    00001024  A$lcc2403
     00001024  C$main.c$ |    00001025  A$lcc2403 |    00001027  A$lcc2403
     00001027  C$main.c$ |    0000102A  A$lcc2403 |    0000102B  A$lcc2403
     0000102C  A$lcc2403 |    0000102D  A$lcc2403 |    0000102D  C$main.c$
     0000102E  A$lcc2403 |    0000102F  A$lcc2403 |    00001030  A$lcc2403
     00001032  A$lcc2403 |    00001033  A$lcc2403 |    00001034  A$lcc2403
     00001035  A$lcc2403 |    00001036  A$lcc2403 |    00001039  A$lcc2403
     0000103B  A$lcc2403 |    0000103C  A$lcc2403 |    0000103C  C$main.c$
     0000103D  A$lcc2403 |    0000103D  C$main.c$ |    0000103D  XG$animat
     0000103F  A$lcc2403 |    0000103F  C$main.c$ |    0000103F  C$main.c$
     0000103F  G$stage_t |    0000103F  _stage_ti |    00001042  A$lcc2403
     00001043  A$lcc2403 |    00001045  A$lcc2403 |    00001047  A$lcc2403
     00001048  A$lcc2403 |    00001049  A$lcc2403 |    0000104A  A$lcc2403
     0000104C  A$lcc2403 |    0000104F  A$lcc2403 |    00001051  A$lcc2403
ASxxxx Linker V03.00 + NoICE + sdld,  page 20.
Hexadecimal  [32-Bits]

Area                       Addr        Size        Decimal Bytes (Attributes)
--------------------       ----        ----        ------- ----- ------------
_CODE                  00000200    00002241 =        8769. bytes (REL,CON)

        Value  Global            Value  Global            Value  Global    
        -----  ------            -----  ------            -----  ------    
     00001053  A$lcc2403 |    00001053  C$main.c$ |    00001056  A$lcc2403
     00001057  A$lcc2403 |    00001058  A$lcc2403 |    00001059  A$lcc2403
     0000105B  A$lcc2403 |    0000105D  A$lcc2403 |    0000105F  A$lcc2403
     00001061  A$lcc2403 |    00001063  A$lcc2403 |    00001065  A$lcc2403
     00001067  A$lcc2403 |    00001069  A$lcc2403 |    0000106B  A$lcc2403
     0000106D  A$lcc2403 |    0000106E  A$lcc2403 |    00001070  A$lcc2403
     00001071  A$lcc2403 |    00001071  C$main.c$ |    00001072  A$lcc2403
     00001072  C$main.c$ |    00001074  A$lcc2403 |    00001075  A$lcc2403
     00001077  A$lcc2403 |    00001078  A$lcc2403 |    00001079  A$lcc2403
     0000107A  A$lcc2403 |    0000107B  A$lcc2403 |    0000107E  A$lcc2403
     0000107F  A$lcc2403 |    0000107F  C$main.c$ |    00001080  A$lcc2403
     00001082  A$lcc2403 |    00001083  A$lcc2403 |    00001086  A$lcc2403
     00001087  A$lcc2403 |    00001088  A$lcc2403 |    0000108A  A$lcc2403
     0000108B  A$lcc2403 |    0000108C  A$lcc2403 |    0000108E  A$lcc2403
     0000108F  A$lcc2403 |    00001090  A$lcc2403 |    00001092  A$lcc2403
     00001092  C$main.c$ |    00001093  A$lcc2403 |    00001095  A$lcc2403
     00001096  A$lcc2403 |    00001098  A$lcc2403 |    00001099  A$lcc2403
     0000109A  A$lcc2403 |    0000109B  A$lcc2403 |    0000109E  A$lcc2403
     000010A0  A$lcc2403 |    000010A0  C$main.c$ |    000010A3  A$lcc2403
     000010A4  A$lcc2403 |    000010A4  C$main.c$ |    000010A7  A$lcc2403
     000010A8  A$lcc2403 |    000010AA  A$lcc2403 |    000010AB  A$lcc2403
     000010AC  A$lcc2403 |    000010AC  C$main.c$ |    000010AF  A$lcc2403
     000010B1  A$lcc2403 |    000010B2  A$lcc2403 |    000010B2  C$main.c$
     000010B5  A$lcc2403 |    000010B5  C$main.c$ |    000010B5  C$main.c$
     000010B5  XG$stage_ |    000010B8  A$lcc2403 |    000010B8  C$main.c$
     000010B8  C$main.c$ |    000010B8  G$render_ |    000010B8  _render_d
[...]
--------------------       ----        ----        ------- ----- ------------
_HEADER3               00000000    00000008 =           8. bytes (ABS,CON)

        Value  Global            Value  Global            Value  Global    
        -----  ------            -----  ------            -----  ------    
ASxxxx Linker V03.00 + NoICE + sdld,  page 28.
Hexadecimal  [32-Bits]

Area                       Addr        Size        Decimal Bytes (Attributes)
--------------------       ----        ----        ------- ----- ------------
_HEADER4               00000000    0000004E =          78. bytes (ABS,CON)

        Value  Global            Value  Global            Value  Global    
        -----  ------            -----  ------            -----  ------    
     00000080  .int      |    0000008F  _wait_int |    0000009C  __standar
     000000AC  _refresh_
ASxxxx Linker V03.00 + NoICE + sdld,  page 29.
Hexadecimal  [32-Bits]

Area                       Addr        Size        Decimal Bytes (Attributes)
--------------------       ----        ----        ------- ----- ------------
_HEADER5               00000000    00000002 =           2. bytes (ABS,CON)

        Value  Global            Value  Global            Value  Global    
        -----  ------            -----  ------            -----  ------    
ASxxxx Linker V03.00 + NoICE + sdld,  page 30.
Hexadecimal  [32-Bits]

Area                       Addr        Size        Decimal Bytes (Attributes)
--------------------       ----        ----        ------- ----- ------------
_HEADER6               00000000    00000030 =          48. bytes (ABS,CON)

        Value  Global            Value  Global            Value  Global    
        -----  ------            -----  ------            -----  ------    
ASxxxx Linker V03.00 + NoICE + sdld,  page 31.
Hexadecimal  [32-Bits]

Area                       Addr        Size        Decimal Bytes (Attributes)
--------------------       ----        ----        ------- ----- ------------
_HEADER7               00000000    00000006 =           6. bytes (ABS,CON)

        Value  Global            Value  Global            Value  Global    
        -----  ------            -----  ------            -----  ------    
ASxxxx Linker V03.00 + NoICE + sdld,  page 32.
Hexadecimal  [32-Bits]

Area                       Addr        Size        Decimal Bytes (Attributes)
--------------------       ----        ----        ------- ----- ------------
_HEADER8               00000000    00000003 =           3. bytes (ABS,CON)

        Value  Global            Value  Global            Value  Global    
        -----  ------            -----  ------            -----  ------    
ASxxxx Linker V03.00 + NoICE + sdld,  page 33.
Hexadecimal  [32-Bits]

Area                       Addr        Size        Decimal Bytes (Attributes)
--------------------       ----        ----        ------- ----- ------------
_HEADER9               00000000    00000001 =           1. bytes (ABS,CON)

        Value  Global            Value  Global            Value  Global    
        -----  ------            -----  ------            -----  ------    
ASxxxx Linker V03.00 + NoICE + sdld,  page 34.
Hexadecimal  [32-Bits]

Area                       Addr        Size        Decimal Bytes (Attributes)
--------------------       ----        ----        ------- ----- ------------
_HEADERa               00000000    00000001 =           1. bytes (ABS,CON)

        Value  Global            Value  Global            Value  Global    
        -----  ------            -----  ------            -----  ------    
ASxxxx Linker V03.00 + NoICE + sdld,  page 35.
Hexadecimal  [32-Bits]

Area                       Addr        Size        Decimal Bytes (Attributes)
--------------------       ----        ----        ------- ----- ------------
_HEADERb               00000000    00000001 =           1. bytes (ABS,CON)

        Value  Global            Value  Global            Value  Global    
        -----  ------            -----  ------            -----  ------    
ASxxxx Linker V03.00 + NoICE + sdld,  page 36.
Hexadecimal  [32-Bits]

Area                       Addr        Size        Decimal Bytes (Attributes)
--------------------       ----        ----        ------- ----- ------------
_HEADERc               00000000    00000002 =           2. bytes (ABS,CON)

        Value  Global            Value  Global            Value  Global    
        -----  ------            -----  ------            -----  ------    
ASxxxx Linker V03.00 + NoICE + sdld,  page 37.
Hexadecimal  [32-Bits]

Area                       Addr        Size        Decimal Bytes (Attributes)
--------------------       ----        ----        ------- ----- ------------
_HEADERd               00000000    00000001 =           1. bytes (ABS,CON)

        Value  Global            Value  Global            Value  Global    
        -----  ------            -----  ------            -----  ------    
ASxxxx Linker V03.00 + NoICE + sdld,  page 38.
Hexadecimal  [32-Bits]

Area                       Addr        Size        Decimal Bytes (Attributes)
--------------------       ----        ----        ------- ----- ------------
_HEADERe               00000000    00000001 =           1. bytes (ABS,CON)

        Value  Global            Value  Global            Value  Global    
        -----  ------            -----  ------            -----  ------    
ASxxxx Linker V03.00 + NoICE + sdld,  page 39.
Hexadecimal  [32-Bits]

Area                       Addr        Size        Decimal Bytes (Attributes)
--------------------       ----        ----        ------- ----- ------------
_HEADERf               00000000    00000002 =           2. bytes (ABS,CON)

        Value  Global            Value  Global            Value  Global    
        -----  ------            -----  ------            -----  ------    
ASxxxx Linker V03.00 + NoICE + sdld,  page 40.
Hexadecimal  [32-Bits]

Area                       Addr        Size        Decimal Bytes (Attributes)
--------------------       ----        ----        ------- ----- ------------
_HEADER10              00000000    00000082 =         130. bytes (ABS,CON)

        Value  Global            Value  Global            Value  Global    
        -----  ------            -----  ------            -----  ------    
     00000150  .reset    |    00000150  _reset    |    00000157  .code_sta
     000001B7  _exit     |    000001BB  _set_inte
ASxxxx Linker V03.00 + NoICE + sdld,  page 41.
Hexadecimal  [32-Bits]

Area                       Addr        Size        Decimal Bytes (Attributes)
--------------------       ----        ----        ------- ----- ------------
_HEADER11              00000000    00000001 =           1. bytes (ABS,CON)

        Value  Global            Value  Global            Value  Global    
        -----  ------            -----  ------            -----  ------    
ASxxxx Linker V03.00 + NoICE + sdld,  page 42.
Hexadecimal  [32-Bits]

Area                       Addr        Size        Decimal Bytes (Attributes)
--------------------       ----        ----        ------- ----- ------------
_HOME                  00002441    0000039E =         926. bytes (REL,CON)

        Value  Global            Value  Global            Value  Global    
        -----  ------            -----  ------            -----  ------    
     00002441  .memset_s |    0000244A  .memcpy_s |    00002467  .remove_V
     0000246A  .remove_i |    00002487  .add_VBL  |    0000248A  .add_int 
     00002495  .wait_vbl |    00002495  _wait_vbl |    000024A5  .display_
     000024A5  _display_ |    000024BD  _remove_V |    000024C8  _add_VBL 
     000024D3  _set_tile |    000024D8  _set_bkg_ |    000024D8  _set_win_
     000024E0  _set_spri |    00002510  .padup    |    00002510  _waitpadu
     00002520  .jpad     |    00002520  _joypad   |    00002548  _waitpad 
     0000254B  .wait_pad |    00002552  ___sdcc_c |    00002582  _add_LCD 
     0000258D  .add_LCD  |    00002593  _remove_L |    0000259E  .remove_L
     000025A4  __divsuch |    000025B1  __modsuch |    000025BB  __divusch
     000025CD  __modusch |    000025DD  __divscha |    000025E9  __modscha
     000025F3  __divsint |    00002604  __modsint |    00002613  __divucha
     0000261F  __moducha |    00002629  __divuint |    0000263A  __moduint
     00002649  .div8     |    00002649  .mod8     |    00002651  .div16   
     00002651  .mod16    |    00002687  .divu8    |    00002687  .modu8   
     0000268A  .divu16   |    0000268A  .modu16   |    000026CB  _set_bkg_
     000026DF  _uitoa    |    000026EE  _itoa     |    000026FD  .itoa    
     00002711  .utoa     |    00002785  .set_xy_w |    0000278E  .set_xy_b
     0000279D  .set_xy_t
ASxxxx Linker V03.00 + NoICE + sdld,  page 43.
Hexadecimal  [32-Bits]

Area                       Addr        Size        Decimal Bytes (Attributes)
--------------------       ----        ----        ------- ----- ------------
_CODE_0                000027DF    00000440 =        1088. bytes (REL,CON)

        Value  Global            Value  Global            Value  Global    
        -----  ------            -----  ------            -----  ------    
     000027DF  G$FONT$0_ |    000027DF  _FONT    
ASxxxx Linker V03.00 + NoICE + sdld,  page 44.
Hexadecimal  [32-Bits]

Area                       Addr        Size        Decimal Bytes (Attributes)
--------------------       ----        ----        ------- ----- ------------
_INITIALIZER           00002C1F    0000004B =          75. bytes (REL,CON)

        Value  Global            Value  Global            Value  Global    
        -----  ------            -----  ------            -----  ------    
     00002C1F  Fmain$__x |    00002C43  Fmain$__x |    00002C46  Fmain$__x
     00002C4A  Fmain$__x |    00002C4E  Fmain$__x |    00002C55  Fmain$__x
     00002C56  Fmain$__x |    00002C5B  Fmain$__x |    00002C60  Fmain$__x
     00002C67  Fmain$__x
ASxxxx Linker V03.00 + NoICE + sdld,  page 45.
Hexadecimal  [32-Bits]

Area                       Addr        Size        Decimal Bytes (Attributes)
--------------------       ----        ----        ------- ----- ------------
_GSINIT                00002C6A    0000000C =          12. bytes (REL,CON)

        Value  Global            Value  Global            Value  Global    
        -----  ------            -----  ------            -----  ------    
     00002C6A  gsinit   
ASxxxx Linker V03.00 + NoICE + sdld,  page 46.
Hexadecimal  [32-Bits]

Area                       Addr        Size        Decimal Bytes (Attributes)
--------------------       ----        ----        ------- ----- ------------
_GSFINAL               00002C76    00000001 =           1. bytes (REL,CON)

        Value  Global            Value  Global            Value  Global    
        -----  ------            -----  ------            -----  ------    
ASxxxx Linker V03.00 + NoICE + sdld,  page 47.
Hexadecimal  [32-Bits]

Area                       Addr        Size        Decimal Bytes (Attributes)
--------------------       ----        ----        ------- ----- ------------
_DATA                  0000C0A0    00000073 =         115. bytes (REL,CON)

        Value  Global            Value  Global            Value  Global    
        -----  ------            -----  ------            -----  ------    
     0000C0A0  __cpu     |    0000C0A1  __is_GBA  |    0000C0A2  .mode    
     0000C0A3  .sys_time |    0000C0A3  _sys_time |    0000C0A5  .int_0x40
     0000C0B9  G$scroll$ |    0000C0B9  _scroll   |    0000C0C3  G$PLAYER$
     0000C0C3  _PLAYER   |    0000C0CA  G$joy$0_0 |    0000C0CA  _joy     
     0000C0CB  G$last_jo |    0000C0CB  _last_joy |    0000C0CC  G$is_movi
     0000C0CC  _is_movin |    0000C0CD  G$is_anim |    0000C0CD  _is_anima
     0000C0CE  G$is_dyin |    0000C0CE  _is_dying |    0000C0CF  G$turtles
     0000C0CF  _turtles_ |    0000C0D0  G$move_x$ |    0000C0D0  _move_x  
     0000C0D1  G$move_y$ |    0000C0D1  _move_y   |    0000C0D2  G$scx_cou
     0000C0D2  _scx_coun |    0000C0D3  G$turtle_ |    0000C0D3  _turtle_c
     0000C0D4  G$dive_co |    0000C0D4  _dive_cou |    0000C0D5  G$timer$0
     0000C0D5  _timer    |    0000C0D7  G$timer_t |    0000C0D7  _timer_ti
     0000C0D8  G$GAMESTA |    0000C0D8  _GAMESTAT |    0000C0D9  G$turtle_
     0000C0D9  _turtle_t |    0000C0DA  G$dive_ti |    0000C0DA  _dive_til
     0000C0DB  G$y_min$0 |    0000C0DB  _y_min    |    0000C0DC  G$vram_ad
     0000C0DC  _vram_add |    0000C0DE  G$score$0 |    0000C0DE  _score   
     0000C0E0  G$score_b |    0000C0E0  _score_bu |    0000C0E5  G$current
     0000C0E5  _current_ |    0000C0E6  G$level_b |    0000C0E6  _level_bu
     0000C0FE  G$animati |    0000C0FE  _animatio |    0000C0FF  G$death_a
     0000C0FF  _death_an |    0000C100  ___curren |    0000C102  ___curren
     0000C103  .int_0x48
ASxxxx Linker V03.00 + NoICE + sdld,  page 48.
Hexadecimal  [32-Bits]

Area                       Addr        Size        Decimal Bytes (Attributes)
--------------------       ----        ----        ------- ----- ------------
_INITIALIZED           0000C113    0000004B =          75. bytes (REL,CON)

        Value  Global            Value  Global            Value  Global    
        -----  ------            -----  ------            -----  ------    
     0000C113  G$scroll_ |    0000C113  _scroll_r |    0000C137  G$turtle_
     0000C137  _turtle_d |    0000C13A  G$turtle_ |    0000C13A  _turtle_d
     0000C13E  G$turtle_ |    0000C13E  _turtle_t |    0000C142  G$dive_ti
     0000C142  _dive_til |    0000C149  G$lives$0 |    0000C149  _lives   
     0000C14A  G$PLAYER1 |    0000C14A  _PLAYER1U |    0000C14F  G$PLAYER2
     0000C14F  _PLAYER2U |    0000C154  G$level_t |    0000C154  _level_te
     0000C15B  G$death_a |    0000C15B  _death_an |    0000C15C  ___render
     0000C15D  __map_til
ASxxxx Linker V03.00 + NoICE + sdld,  page 49.
Hexadecimal  [32-Bits]

Area                       Addr        Size        Decimal Bytes (Attributes)
--------------------       ----        ----        ------- ----- ------------
_HRAM12                00000000    00000003 =           3. bytes (ABS,CON)

        Value  Global            Value  Global            Value  Global    
        -----  ------            -----  ------            -----  ------    
     0000FF90  __current |    0000FF92  __shadow_
ASxxxx Linker V03.00 + NoICE + sdld,  page 50.
Hexadecimal  [32-Bits]

Area                       Addr        Size        Decimal Bytes (Attributes)
--------------------       ----        ----        ------- ----- ------------
_CODE_1                00014000    000003D0 =         976. bytes (REL,CON)

        Value  Global            Value  Global            Value  Global    
        -----  ------            -----  ------            -----  ------    
     00014000  C$frogger |    00014000  G$__func_ |    00014000  G$frogger
     00014000  ___func_f |    00014000  _frogger_ |    0001400A  G$frogger
     0001400A  _frogger_ |    0001424A  G$frogger |    0001424A  _frogger_
     00014256  G$frogger |    00014256  _frogger_ |    00014262  G$frogger
     00014262  _frogger_ |    0001426E  G$frogger |    0001426E  _frogger_
     0001427A  G$frogger |    0001427A  _frogger_ |    00014286  G$frogger
     00014286  _frogger_ |    00014292  G$frogger |    00014292  _frogger_
     0001429E  G$frogger |    0001429E  _frogger_ |    000142AA  G$frogger
     000142AA  _frogger_ |    000142B6  G$frogger |    000142B6  _frogger_
     000142C8  G$frogger |    000142C8  _frogger_ |    000142DC  G$frogger
     000142DC  _frogger_ |    000142F0  G$frogger |    000142F0  _frogger_
     00014322  C$frogger |    00014322  G$__func_ |    00014322  G$frogger
     00014322  ___func_f |    00014322  _frogger_ |    0001432A  G$frogger
     0001432A  _frogger_ |    0001436A  G$frogger |    0001436A  _frogger_
     00014376  G$frogger |    00014376  _frogger_ |    00014378  C$tophat_
     00014378  G$__func_ |    00014378  G$tophat_ |    00014378  ___func_t
     00014378  _tophat_f |    00014382  G$tophat_ |    00014382  _tophat_f
     000143C2  G$tophat_ |    000143C2  _tophat_f |    000143CE  G$tophat_
     000143CE  _tophat_f
ASxxxx Linker V03.00 + NoICE + sdld,  page 51.
Hexadecimal  [32-Bits]

Area                       Addr        Size        Decimal Bytes (Attributes)
--------------------       ----        ----        ------- ----- ------------
_HEADER_LCD0           00000000    00000003 =           3. bytes (ABS,CON)

        Value  Global            Value  Global            Value  Global    
        -----  ------            -----  ------            -----  ------    
ASxxxx Linker V03.00 + NoICE + sdld,  page 52.

Files Linked                              [ module(s) ]

C:\c_code\gbdk\lib/small/asxxxx/gb/crt0.o
                                          [ Runtime ]
C:\Users\EMART~1\AppData\Local\Temp/lcc240320.rel
                                          [ main ]
C:\Users\EMART~1\AppData\Local\Temp/lcc240321.rel
                                          [ bkg_map ]
C:\Users\EMART~1\AppData\Local\Temp/lcc240322.rel
                                          [ bkg_tiles ]
C:\Users\EMART~1\AppData\Local\Temp/lcc240323.rel
                                          [ collision_map ]
C:\Users\EMART~1\AppData\Local\Temp/lcc240324.rel
                                          [ font ]
C:\Users\EMART~1\AppData\Local\Temp/lcc240325.rel
                                          [ frog_lives ]
C:\Users\EMART~1\AppData\Local\Temp/lcc240326.rel
                                          [ frogger ]
C:\Users\EMART~1\AppData\Local\Temp/lcc240327.rel
                                          [ frogger_16 ]
C:\Users\EMART~1\AppData\Local\Temp/lcc240328.rel
                                          [ reset_timer ]
C:\Users\EMART~1\AppData\Local\Temp/lcc240329.rel
                                          [ tophat_frog ]
C:\Users\EMART~1\AppData\Local\Temp/lcc2403210.rel
                                          [ win_frog ]


Libraries Linked                          [ object file ]

C:\c_code\gbdk\lib/small/asxxxx/gb/gb.lib
                                          [ sfr.o ]
C:\c_code\gbdk\lib/small/asxxxx/gb/gb.lib
                                          [ get_tile.o ]
C:\c_code\gbdk\lib/small/asxxxx/gb/gb.lib
                                          [ set_tile.o ]
C:\c_code\gbdk\lib/small/asxxxx/gb/gb.lib
                                          [ metasprites_hide.o ]
C:\c_code\gbdk\lib/small/asxxxx/gb/gb.lib
                                          [ set_data.o ]
C:\c_code\gbdk\lib/small/asxxxx/gb/gb.lib
                                          [ metasprites_flip.o ]
C:\c_code\gbdk\lib/small/asxxxx/gbz80/gbz80.lib
                                          [ sprintf.o ]
C:\c_code\gbdk\lib/small/asxxxx/gb/gb.lib
                                          [ pad.o ]
C:\c_code\gbdk\lib/small/asxxxx/gb/gb.lib
                                          [ metasprites.o ]
C:\c_code\gbdk\lib/small/asxxxx/gbz80/gbz80.lib
                                          [ __sdcc_call_hl.o ]
C:\c_code\gbdk\lib/small/asxxxx/gb/gb.lib
                                          [ lcd.o ]
C:\c_code\gbdk\lib/small/asxxxx/gb/gb.lib
                                          [ get_addr.o ]
C:\c_code\gbdk\lib/small/asxxxx/gbz80/gbz80.lib
                                          [ div.o ]
C:\c_code\gbdk\lib/small/asxxxx/gb/gb.lib
                                          [ set_bk_t.o ]
C:\c_code\gbdk\lib/small/asxxxx/gbz80/gbz80.lib
                                          [ itoa.o ]
C:\c_code\gbdk\lib/small/asxxxx/gb/gb.lib
                                          [ set_xy_t.o ]

ASxxxx Linker V03.00 + NoICE + sdld,  page 53.

User Base Address Definitions

_DATA=0xC0A0
_CODE=0x0200
ASxxxx Linker V03.00 + NoICE + sdld,  page 54.

User Global Definitions

_shadow_OAM=0xC000
.STACK=0xE000
.refresh_OAM=0xFF80

