ASxxxx Linker V03.00 + NoICE + sdld,  page 1.
Hexadecimal  [32-Bits]

Area                       Addr        Size        Decimal Bytes (Attributes)
--------------------       ----        ----        ------- ----- ------------
.  .ABS.               00000000    00000000 =           0. bytes (ABS,CON)

        Value  Global            Value  Global            Value  Global    
        -----  ------            -----  ------            -----  ------    
     00000000  .__.ABS.  |    00000000  _rRAMG    |    00000000  l__BASE  
     00000000  l__BSS    |    00000000  l__CABS   |    00000000  l__DABS  
     00000000  l__HEADER |    00000000  l__HEADER |    00000000  l__HEAP  
     00000000  l__HRAM   |    00000000  l__LIT    |    00000000  s__CABS  
     00000000  s__DABS   |    00000000  s__HEADER |    00000000  s__HEADER
     00000000  s__HEADER |    00000000  s__HEADER |    00000000  s__HEADER
     00000000  s__HEADER |    00000000  s__HEADER |    00000000  s__HEADER
     00000000  s__HEADER |    00000000  s__HEADER |    00000000  s__HEADER
     00000000  s__HEADER |    00000000  s__HEADER |    00000000  s__HEADER
     00000000  s__HEADER |    00000000  s__HEADER |    00000000  s__HEADER
     00000000  s__HEADER |    00000000  s__HEADER |    00000000  s__HEADER
     00000000  s__HEADER |    00000000  s__HRAM   |    00000000  s__HRAM12
     00000001  ___bank_f |    00000001  ___bank_f |    00000001  l__GSFINA
     00000001  l__HEADER |    00000001  l__HEADER |    00000001  l__HEADER
     00000001  l__HEADER |    00000001  l__HEADER |    00000001  l__HEADER
     00000001  l__HEADER |    00000002  l__HEADER |    00000002  l__HEADER
     00000002  l__HEADER |    00000003  l__HEADER |    00000003  l__HEADER
     00000003  l__HRAM12 |    00000005  l__HEADER |    00000006  l__HEADER
     00000007  l__HEADER |    00000008  l__HEADER |    0000000C  l__GSINIT
     00000030  l__HEADER |    0000004B  l__INITIA |    0000004B  l__INITIA
     0000004E  l__HEADER |    00000071  l__DATA   |    00000082  l__HEADER
     00000200  s__CODE   |    00000248  l__CODE_1 |    0000039E  l__HOME  
     00000440  l__CODE_0 |    00002000  _rROMB0   |    0000209C  l__CODE  
     0000229C  s__HOME   |    0000263A  s__BASE   |    0000263A  s__CODE_0
     00002A7A  s__INITIA |    00002A7A  s__LIT    |    00002AC5  s__GSINIT
     00002AD1  s__GSFINA |    00003000  _rROMB1   |    00004000  _rRAMB   
     00008000  __VRAM    |    00008000  __VRAM800 |    00008800  __VRAM880
     00009000  __VRAM900 |    00009800  __SCRN0   |    00009C00  __SCRN1  
     0000A000  __SRAM    |    0000C000  __RAM     |    0000C000  _shadow_O
     0000C0A0  s__DATA   |    0000C111  s__BSS    |    0000C111  s__INITIA
     0000C15C  s__HEAP   |    0000D000  __RAMBANK |    0000E000  .STACK   
     0000FE00  __OAMRAM  |    0000FF00  _P1_REG   |    0000FF00  __IO     
     0000FF01  _SB_REG   |    0000FF02  _SC_REG   |    0000FF04  _DIV_REG 
     0000FF05  _TIMA_REG |    0000FF06  _TMA_REG  |    0000FF07  _TAC_REG 
     0000FF0F  _IF_REG   |    0000FF10  _NR10_REG |    0000FF11  _NR11_REG
     0000FF12  _NR12_REG |    0000FF13  _NR13_REG |    0000FF14  _NR14_REG
     0000FF16  _NR21_REG |    0000FF17  _NR22_REG |    0000FF18  _NR23_REG
     0000FF19  _NR24_REG |    0000FF1A  _NR30_REG |    0000FF1B  _NR31_REG
     0000FF1C  _NR32_REG |    0000FF1D  _NR33_REG |    0000FF1E  _NR34_REG
     0000FF20  _NR41_REG |    0000FF21  _NR42_REG |    0000FF22  _NR43_REG
     0000FF23  _NR44_REG |    0000FF24  _NR50_REG |    0000FF25  _NR51_REG
     0000FF26  _NR52_REG |    0000FF30  _AUD3WAVE |    0000FF30  _PCM_SAMP
     0000FF30  __AUD3WAV |    0000FF40  _LCDC_REG |    0000FF41  _STAT_REG
     0000FF42  _SCY_REG  |    0000FF43  _SCX_REG  |    0000FF44  _LY_REG  
     0000FF45  _LYC_REG  |    0000FF46  _DMA_REG  |    0000FF47  _BGP_REG 
     0000FF48  _OBP0_REG |    0000FF49  _OBP1_REG |    0000FF4A  _WY_REG  
     0000FF4B  _WX_REG   |    0000FF4D  _KEY1_REG |    0000FF4F  _VBK_REG 
     0000FF51  _HDMA1_RE |    0000FF52  _HDMA2_RE |    0000FF53  _HDMA3_RE
     0000FF54  _HDMA4_RE |    0000FF55  _HDMA5_RE |    0000FF56  _RP_REG  
     0000FF68  _BCPS_REG |    0000FF69  _BCPD_REG |    0000FF6A  _OCPS_REG
ASxxxx Linker V03.00 + NoICE + sdld,  page 2.
Hexadecimal  [32-Bits]

Area                       Addr        Size        Decimal Bytes (Attributes)
--------------------       ----        ----        ------- ----- ------------
.  .ABS.               00000000    00000000 =           0. bytes (ABS,CON)

        Value  Global            Value  Global            Value  Global    
        -----  ------            -----  ------            -----  ------    
     0000FF6B  _OCPD_REG |    0000FF70  _SVBK_REG |    0000FF76  _PCM12_RE
     0000FF77  _PCM34_RE |    0000FF80  .refresh_ |    0000FF80  __HRAM   
     0000FFFF  _IE_REG   |    00014000  s__CODE_1
ASxxxx Linker V03.00 + NoICE + sdld,  page 3.
Hexadecimal  [32-Bits]

Area                       Addr        Size        Decimal Bytes (Attributes)
--------------------       ----        ----        ------- ----- ------------
_CODE                  00000200    0000209C =        8348. bytes (REL,CON)

        Value  Global            Value  Global            Value  Global    
        -----  ------            -----  ------            -----  ------    
     00000200  A$lcc2078 |    00000200  C$main.c$ |    00000200  G$render_
     00000200  _render_a |    00000201  A$lcc2078 |    00000201  C$main.c$
     00000202  A$lcc2078 |    00000205  A$lcc2078 |    00000207  A$lcc2078
     00000208  A$lcc2078 |    0000020B  A$lcc2078 |    0000020B  C$main.c$
     0000020E  A$lcc2078 |    0000020F  A$lcc2078 |    0000020F  C$main.c$
     00000212  A$lcc2078 |    00000213  A$lcc2078 |    00000215  A$lcc2078
     00000216  A$lcc2078 |    00000217  A$lcc2078 |    00000218  A$lcc2078
     00000219  A$lcc2078 |    0000021A  A$lcc2078 |    0000021C  A$lcc2078
     0000021F  A$lcc2078 |    00000220  A$lcc2078 |    00000220  C$main.c$
     00000220  C$main.c$ |    00000221  A$lcc2078 |    00000222  A$lcc2078
     00000224  A$lcc2078 |    00000227  A$lcc2078 |    00000229  A$lcc2078
     0000022A  A$lcc2078 |    0000022D  A$lcc2078 |    0000022F  A$lcc2078
     00000230  A$lcc2078 |    00000233  A$lcc2078 |    00000234  A$lcc2078
     00000235  A$lcc2078 |    00000236  A$lcc2078 |    00000239  A$lcc2078
     0000023A  A$lcc2078 |    0000023B  A$lcc2078 |    0000023C  A$lcc2078
     0000023F  A$lcc2078 |    00000241  A$lcc2078 |    00000243  A$lcc2078
     00000245  A$lcc2078 |    00000247  A$lcc2078 |    0000024A  A$lcc2078
     0000024C  A$lcc2078 |    0000024F  A$lcc2078 |    00000250  A$lcc2078
     00000251  A$lcc2078 |    00000252  A$lcc2078 |    00000253  A$lcc2078
     00000255  A$lcc2078 |    00000256  A$lcc2078 |    00000258  A$lcc2078
     00000259  A$lcc2078 |    0000025C  A$lcc2078 |    0000025E  A$lcc2078
     0000025E  C$main.c$ |    00000260  A$lcc2078 |    00000260  C$main.c$
     00000261  A$lcc2078 |    00000262  A$lcc2078 |    00000264  A$lcc2078
     00000267  A$lcc2078 |    00000268  A$lcc2078 |    0000026B  A$lcc2078
     0000026C  A$lcc2078 |    0000026F  A$lcc2078 |    00000270  A$lcc2078
     00000271  A$lcc2078 |    00000272  A$lcc2078 |    00000275  A$lcc2078
     00000276  A$lcc2078 |    00000277  A$lcc2078 |    00000278  A$lcc2078
     0000027B  A$lcc2078 |    0000027D  A$lcc2078 |    0000027E  A$lcc2078
     0000027F  A$lcc2078 |    00000280  A$lcc2078 |    00000282  A$lcc2078
     00000283  A$lcc2078 |    00000286  A$lcc2078 |    00000288  A$lcc2078
     00000288  C$main.c$ |    00000288  C$main.c$ |    0000028B  A$lcc2078
     0000028D  A$lcc2078 |    0000028D  C$main.c$ |    00000290  A$lcc2078
     00000292  A$lcc2078 |    00000292  C$main.c$ |    00000295  A$lcc2078
     00000296  A$lcc2078 |    00000297  A$lcc2078 |    00000297  C$main.c$
     00000297  XG$render |    00000298  A$lcc2078 |    00000298  C$main.c$
     00000298  C$main.c$ |    00000298  G$update_ |    00000298  _update_l
     0000029B  A$lcc2078 |    0000029C  A$lcc2078 |    0000029F  A$lcc2078
     000002A0  A$lcc2078 |    000002A3  A$lcc2078 |    000002A4  A$lcc2078
     000002A5  A$lcc2078 |    000002A6  A$lcc2078 |    000002A6  C$main.c$
     000002A9  A$lcc2078 |    000002AA  A$lcc2078 |    000002AD  A$lcc2078
     000002AE  A$lcc2078 |    000002B1  A$lcc2078 |    000002B2  A$lcc2078
     000002B5  A$lcc2078 |    000002B7  A$lcc2078 |    000002B7  C$main.c$
     000002BA  A$lcc2078 |    000002BB  A$lcc2078 |    000002BC  A$lcc2078
     000002BE  A$lcc2078 |    000002BE  C$main.c$ |    000002C0  A$lcc2078
     000002C1  A$lcc2078 |    000002C2  A$lcc2078 |    000002C5  A$lcc2078
     000002C6  A$lcc2078 |    000002C7  A$lcc2078 |    000002C8  A$lcc2078
     000002C9  A$lcc2078 |    000002CC  A$lcc2078 |    000002CE  A$lcc2078
     000002CE  C$main.c$ |    000002D1  A$lcc2078 |    000002D2  A$lcc2078
     000002D4  A$lcc2078 |    000002D5  A$lcc2078 |    000002D6  A$lcc2078
     000002D6  C$main.c$ |    000002D7  A$lcc2078 |    000002D9  A$lcc2078
ASxxxx Linker V03.00 + NoICE + sdld,  page 4.
Hexadecimal  [32-Bits]

Area                       Addr        Size        Decimal Bytes (Attributes)
--------------------       ----        ----        ------- ----- ------------
_CODE                  00000200    0000209C =        8348. bytes (REL,CON)

        Value  Global            Value  Global            Value  Global    
        -----  ------            -----  ------            -----  ------    
     000002D9  C$main.c$ |    000002DC  A$lcc2078 |    000002DD  A$lcc2078
     000002E0  A$lcc2078 |    000002E1  A$lcc2078 |    000002E4  A$lcc2078
     000002E5  A$lcc2078 |    000002E6  A$lcc2078 |    000002E7  A$lcc2078
     000002E7  C$main.c$ |    000002EA  A$lcc2078 |    000002EC  A$lcc2078
     000002ED  A$lcc2078 |    000002EE  A$lcc2078 |    000002F1  A$lcc2078
     000002F2  A$lcc2078 |    000002F3  A$lcc2078 |    000002F4  A$lcc2078
     000002F5  A$lcc2078 |    000002F8  A$lcc2078 |    000002FA  A$lcc2078
     000002FA  C$main.c$ |    000002FA  XG$update |    000002FB  Fmain$__s
     000002FE  A$lcc2078 |    000002FE  C$main.c$ |    000002FE  C$main.c$
     000002FE  G$update_ |    000002FE  _update_p |    00000301  A$lcc2078
     00000302  A$lcc2078 |    00000305  A$lcc2078 |    00000306  A$lcc2078
     00000309  A$lcc2078 |    0000030A  A$lcc2078 |    0000030B  A$lcc2078
     0000030C  A$lcc2078 |    0000030C  C$main.c$ |    0000030F  A$lcc2078
     00000310  A$lcc2078 |    00000311  A$lcc2078 |    00000312  A$lcc2078
     00000312  C$main.c$ |    00000314  A$lcc2078 |    00000315  A$lcc2078
     00000316  A$lcc2078 |    00000319  A$lcc2078 |    0000031A  A$lcc2078
     0000031B  A$lcc2078 |    0000031C  A$lcc2078 |    0000031D  A$lcc2078
     00000320  A$lcc2078 |    00000322  A$lcc2078 |    00000322  C$main.c$
     00000325  A$lcc2078 |    00000326  A$lcc2078 |    00000328  A$lcc2078
     00000329  A$lcc2078 |    0000032A  A$lcc2078 |    0000032A  C$main.c$
     0000032B  A$lcc2078 |    0000032B  C$main.c$ |    0000032B  XG$update
     0000032D  A$lcc2078 |    0000032D  C$main.c$ |    0000032D  C$main.c$
     0000032D  G$update_ |    0000032D  _update_s |    00000330  A$lcc2078
     00000331  A$lcc2078 |    00000333  A$lcc2078 |    00000334  A$lcc2078
     00000336  A$lcc2078 |    00000338  A$lcc2078 |    00000339  A$lcc2078
     0000033A  A$lcc2078 |    0000033B  A$lcc2078 |    0000033D  A$lcc2078
     0000033D  C$main.c$ |    00000340  A$lcc2078 |    00000341  A$lcc2078
     00000344  A$lcc2078 |    00000345  A$lcc2078 |    00000348  A$lcc2078
     00000349  A$lcc2078 |    0000034A  A$lcc2078 |    0000034B  A$lcc2078
     0000034D  A$lcc2078 |    0000034D  C$main.c$ |    00000350  A$lcc2078
     00000351  A$lcc2078 |    00000353  A$lcc2078 |    00000354  A$lcc2078
     00000356  A$lcc2078 |    00000358  A$lcc2078 |    00000359  A$lcc2078
     0000035B  A$lcc2078 |    0000035D  A$lcc2078 |    0000035E  A$lcc2078
     00000360  A$lcc2078 |    00000360  C$main.c$ |    00000363  A$lcc2078
     00000364  A$lcc2078 |    00000367  A$lcc2078 |    00000368  A$lcc2078
     0000036B  A$lcc2078 |    0000036C  A$lcc2078 |    0000036D  A$lcc2078
     0000036E  A$lcc2078 |    00000370  A$lcc2078 |    00000370  C$main.c$
     00000372  A$lcc2078 |    00000374  A$lcc2078 |    00000377  A$lcc2078
     00000378  A$lcc2078 |    0000037A  A$lcc2078 |    0000037B  A$lcc2078
     0000037D  A$lcc2078 |    0000037F  A$lcc2078 |    0000037F  C$main.c$
     00000382  A$lcc2078 |    00000383  A$lcc2078 |    00000386  A$lcc2078
     00000387  A$lcc2078 |    0000038A  A$lcc2078 |    0000038B  A$lcc2078
     0000038C  A$lcc2078 |    0000038D  A$lcc2078 |    0000038F  A$lcc2078
     0000038F  C$main.c$ |    00000392  A$lcc2078 |    00000394  A$lcc2078
     00000395  A$lcc2078 |    00000396  A$lcc2078 |    00000398  A$lcc2078
     00000399  A$lcc2078 |    0000039B  A$lcc2078 |    0000039B  C$main.c$
     0000039E  A$lcc2078 |    0000039F  A$lcc2078 |    000003A2  A$lcc2078
     000003A3  A$lcc2078 |    000003A6  A$lcc2078 |    000003A7  A$lcc2078
     000003A8  A$lcc2078 |    000003A9  A$lcc2078 |    000003A9  C$main.c$
     000003AC  A$lcc2078 |    000003AD  A$lcc2078 |    000003AE  A$lcc2078
     000003AF  A$lcc2078 |    000003B0  A$lcc2078 |    000003B3  A$lcc2078
ASxxxx Linker V03.00 + NoICE + sdld,  page 5.
Hexadecimal  [32-Bits]

Area                       Addr        Size        Decimal Bytes (Attributes)
--------------------       ----        ----        ------- ----- ------------
_CODE                  00000200    0000209C =        8348. bytes (REL,CON)

        Value  Global            Value  Global            Value  Global    
        -----  ------            -----  ------            -----  ------    
     000003B4  A$lcc2078 |    000003B7  A$lcc2078 |    000003B8  A$lcc2078
     000003BB  A$lcc2078 |    000003BD  A$lcc2078 |    000003BD  C$main.c$
     000003C0  A$lcc2078 |    000003C1  A$lcc2078 |    000003C2  A$lcc2078
     000003C3  A$lcc2078 |    000003C3  C$main.c$ |    000003C5  A$lcc2078
     000003C6  A$lcc2078 |    000003C7  A$lcc2078 |    000003CA  A$lcc2078
     000003CB  A$lcc2078 |    000003CC  A$lcc2078 |    000003CD  A$lcc2078
     000003CE  A$lcc2078 |    000003D1  A$lcc2078 |    000003D3  A$lcc2078
     000003D3  C$main.c$ |    000003D6  A$lcc2078 |    000003D7  A$lcc2078
     000003D9  A$lcc2078 |    000003DA  A$lcc2078 |    000003DB  A$lcc2078
     000003DB  C$main.c$ |    000003DC  A$lcc2078 |    000003DC  C$main.c$
     000003DC  XG$update |    000003DE  Fmain$__s |    000003E1  A$lcc2078
     000003E1  C$main.c$ |    000003E1  C$main.c$ |    000003E1  G$update_
     000003E1  _update_f |    000003E4  A$lcc2078 |    000003E5  A$lcc2078
     000003E7  A$lcc2078 |    000003E8  A$lcc2078 |    000003E9  A$lcc2078
     000003EB  A$lcc2078 |    000003EB  C$main.c$ |    000003EE  A$lcc2078
     000003EF  A$lcc2078 |    000003F0  A$lcc2078 |    000003F1  A$lcc2078
     000003F4  A$lcc2078 |    000003F6  A$lcc2078 |    000003F6  C$main.c$
     000003F7  A$lcc2078 |    000003F7  C$main.c$ |    000003F8  A$lcc2078
     000003FA  A$lcc2078 |    000003FA  C$main.c$ |    000003FB  A$lcc2078
     000003FC  A$lcc2078 |    000003FE  A$lcc2078 |    000003FF  A$lcc2078
     00000402  A$lcc2078 |    00000403  A$lcc2078 |    00000404  A$lcc2078
     00000407  A$lcc2078 |    00000409  A$lcc2078 |    00000409  C$main.c$
     00000409  XG$update |    0000040A  A$lcc2078 |    0000040A  C$main.c$
     0000040A  G$update_ |    0000040A  _update_f |    0000040B  A$lcc2078
     0000040E  A$lcc2078 |    00000410  A$lcc2078 |    00000411  A$lcc2078
     00000411  C$main.c$ |    00000414  A$lcc2078 |    00000414  C$main.c$
     00000416  A$lcc2078 |    00000417  A$lcc2078 |    00000418  A$lcc2078
     0000041A  A$lcc2078 |    0000041C  A$lcc2078 |    0000041D  A$lcc2078
     0000041E  A$lcc2078 |    00000420  A$lcc2078 |    00000422  A$lcc2078
     00000423  A$lcc2078 |    00000425  A$lcc2078 |    00000428  A$lcc2078
     0000042A  A$lcc2078 |    0000042B  A$lcc2078 |    0000042D  A$lcc2078
     0000042F  A$lcc2078 |    00000432  A$lcc2078 |    00000432  C$main.c$
     00000433  A$lcc2078 |    00000434  A$lcc2078 |    00000437  A$lcc2078
     00000438  A$lcc2078 |    0000043B  A$lcc2078 |    0000043C  A$lcc2078
     0000043D  A$lcc2078 |    0000043E  A$lcc2078 |    00000441  A$lcc2078
     00000442  A$lcc2078 |    00000443  A$lcc2078 |    00000444  A$lcc2078
     00000447  A$lcc2078 |    00000449  A$lcc2078 |    0000044A  A$lcc2078
     0000044B  A$lcc2078 |    0000044C  A$lcc2078 |    0000044E  A$lcc2078
     0000044F  A$lcc2078 |    00000452  A$lcc2078 |    00000454  A$lcc2078
     00000457  A$lcc2078 |    00000457  C$main.c$ |    00000458  A$lcc2078
     0000045A  A$lcc2078 |    0000045B  A$lcc2078 |    0000045E  A$lcc2078
     00000460  A$lcc2078 |    00000461  A$lcc2078 |    00000464  A$lcc2078
     00000465  A$lcc2078 |    00000466  A$lcc2078 |    00000467  A$lcc2078
     0000046A  A$lcc2078 |    0000046B  A$lcc2078 |    0000046C  A$lcc2078
     0000046D  A$lcc2078 |    00000470  A$lcc2078 |    00000472  A$lcc2078
     00000474  A$lcc2078 |    00000476  A$lcc2078 |    00000478  A$lcc2078
     0000047B  A$lcc2078 |    0000047D  A$lcc2078 |    00000480  A$lcc2078
     00000481  A$lcc2078 |    00000482  A$lcc2078 |    00000483  A$lcc2078
     00000484  A$lcc2078 |    00000486  A$lcc2078 |    00000487  A$lcc2078
     00000489  A$lcc2078 |    0000048A  A$lcc2078 |    0000048D  A$lcc2078
     0000048F  A$lcc2078 |    0000048F  C$main.c$ |    00000491  A$lcc2078
ASxxxx Linker V03.00 + NoICE + sdld,  page 6.
Hexadecimal  [32-Bits]

Area                       Addr        Size        Decimal Bytes (Attributes)
--------------------       ----        ----        ------- ----- ------------
_CODE                  00000200    0000209C =        8348. bytes (REL,CON)

        Value  Global            Value  Global            Value  Global    
        -----  ------            -----  ------            -----  ------    
     00000491  C$main.c$ |    00000492  A$lcc2078 |    00000493  A$lcc2078
     00000496  A$lcc2078 |    00000497  A$lcc2078 |    0000049A  A$lcc2078
     0000049B  A$lcc2078 |    0000049C  A$lcc2078 |    0000049D  A$lcc2078
     000004A0  A$lcc2078 |    000004A1  A$lcc2078 |    000004A2  A$lcc2078
     000004A3  A$lcc2078 |    000004A6  A$lcc2078 |    000004A8  A$lcc2078
     000004A9  A$lcc2078 |    000004AA  A$lcc2078 |    000004AB  A$lcc2078
     000004AD  A$lcc2078 |    000004AE  A$lcc2078 |    000004B1  A$lcc2078
     000004B3  A$lcc2078 |    000004B3  C$main.c$ |    000004B5  A$lcc2078
     000004B5  C$main.c$ |    000004B6  A$lcc2078 |    000004B7  A$lcc2078
     000004BA  A$lcc2078 |    000004BC  A$lcc2078 |    000004BD  A$lcc2078
     000004C0  A$lcc2078 |    000004C1  A$lcc2078 |    000004C2  A$lcc2078
     000004C3  A$lcc2078 |    000004C6  A$lcc2078 |    000004C7  A$lcc2078
     000004C8  A$lcc2078 |    000004C9  A$lcc2078 |    000004CC  A$lcc2078
     000004CE  A$lcc2078 |    000004CF  A$lcc2078 |    000004D1  A$lcc2078
     000004D2  A$lcc2078 |    000004D3  A$lcc2078 |    000004D4  A$lcc2078
     000004D6  A$lcc2078 |    000004D7  A$lcc2078 |    000004DA  A$lcc2078
     000004DC  A$lcc2078 |    000004DC  C$main.c$ |    000004DD  A$lcc2078
     000004DD  C$main.c$ |    000004DD  XG$update |    000004DE  A$lcc2078
     000004DE  C$main.c$ |    000004DE  C$main.c$ |    000004DE  G$reset_f
     000004DE  _reset_fr |    000004E1  A$lcc2078 |    000004E1  C$main.c$
     000004E4  A$lcc2078 |    000004E6  A$lcc2078 |    000004E6  C$main.c$
     000004E9  A$lcc2078 |    000004EB  A$lcc2078 |    000004EE  A$lcc2078
     000004F0  A$lcc2078 |    000004F0  C$main.c$ |    000004F3  A$lcc2078
     000004F5  A$lcc2078 |    000004F6  A$lcc2078 |    000004F8  A$lcc2078
     000004F8  C$main.c$ |    000004FB  A$lcc2078 |    000004FC  A$lcc2078
     000004FD  A$lcc2078 |    000004FF  A$lcc2078 |    00000500  A$lcc2078
     00000502  A$lcc2078 |    00000502  C$main.c$ |    00000503  A$lcc2078
     00000506  A$lcc2078 |    00000506  C$main.c$ |    00000509  A$lcc2078
     0000050B  A$lcc2078 |    0000050B  C$main.c$ |    0000050E  A$lcc2078
     00000510  A$lcc2078 |    00000511  A$lcc2078 |    00000512  A$lcc2078
     00000515  A$lcc2078 |    00000516  A$lcc2078 |    00000519  A$lcc2078
     0000051A  A$lcc2078 |    0000051B  A$lcc2078 |    0000051C  A$lcc2078
     0000051D  A$lcc2078 |    00000520  A$lcc2078 |    00000521  A$lcc2078
     00000522  A$lcc2078 |    00000523  A$lcc2078 |    00000526  A$lcc2078
     00000528  A$lcc2078 |    00000529  A$lcc2078 |    0000052A  A$lcc2078
     0000052B  A$lcc2078 |    0000052C  A$lcc2078 |    0000052D  A$lcc2078
     0000052E  A$lcc2078 |    0000052F  A$lcc2078 |    00000530  A$lcc2078
     00000533  A$lcc2078 |    00000535  A$lcc2078 |    00000535  C$main.c$
     00000535  C$main.c$ |    00000535  XG$reset_ |    00000536  A$lcc2078
     00000536  C$main.c$ |    00000536  C$main.c$ |    00000536  G$kill_fr
     00000536  _kill_fro |    00000539  A$lcc2078 |    0000053A  A$lcc2078
     0000053B  A$lcc2078 |    0000053D  A$lcc2078 |    0000053D  C$main.c$
     0000053E  A$lcc2078 |    00000540  A$lcc2078 |    00000541  A$lcc2078
     00000544  A$lcc2078 |    00000544  C$main.c$ |    00000547  A$lcc2078
     00000547  C$main.c$ |    00000547  C$main.c$ |    00000549  A$lcc2078
     00000549  C$main.c$ |    00000549  XG$kill_f |    0000054A  A$lcc2078
     0000054A  C$main.c$ |    0000054A  C$main.c$ |    0000054A  G$reset_t
     0000054A  _reset_ti |    0000054D  A$lcc2078 |    0000054F  A$lcc2078
     00000550  A$lcc2078 |    00000552  A$lcc2078 |    00000552  C$main.c$
     00000555  A$lcc2078 |    00000557  A$lcc2078 |    00000557  C$main.c$
     0000055A  A$lcc2078 |    0000055B  A$lcc2078 |    0000055E  A$lcc2078
ASxxxx Linker V03.00 + NoICE + sdld,  page 7.
Hexadecimal  [32-Bits]

Area                       Addr        Size        Decimal Bytes (Attributes)
--------------------       ----        ----        ------- ----- ------------
_CODE                  00000200    0000209C =        8348. bytes (REL,CON)

        Value  Global            Value  Global            Value  Global    
        -----  ------            -----  ------            -----  ------    
     0000055F  A$lcc2078 |    00000562  A$lcc2078 |    00000563  A$lcc2078
     00000566  A$lcc2078 |    00000568  A$lcc2078 |    00000568  C$main.c$
     00000568  XG$reset_ |    00000569  A$lcc2078 |    00000569  C$main.c$
     00000569  C$main.c$ |    00000569  G$init_le |    00000569  _init_lev
     0000056C  A$lcc2078 |    0000056D  A$lcc2078 |    00000570  A$lcc2078
     00000571  A$lcc2078 |    00000574  A$lcc2078 |    00000576  A$lcc2078
     00000576  C$main.c$ |    00000579  A$lcc2078 |    0000057A  A$lcc2078
     0000057D  A$lcc2078 |    0000057E  A$lcc2078 |    00000581  A$lcc2078
     00000583  A$lcc2078 |    00000583  C$main.c$ |    00000586  A$lcc2078
     00000587  A$lcc2078 |    0000058A  A$lcc2078 |    0000058B  A$lcc2078
     0000058E  A$lcc2078 |    00000590  A$lcc2078 |    00000590  C$main.c$
     00000593  A$lcc2078 |    00000594  A$lcc2078 |    00000597  A$lcc2078
     00000598  A$lcc2078 |    0000059B  A$lcc2078 |    0000059D  A$lcc2078
     0000059D  C$main.c$ |    000005A0  A$lcc2078 |    000005A1  A$lcc2078
     000005A4  A$lcc2078 |    000005A5  A$lcc2078 |    000005A6  A$lcc2078
     000005A7  A$lcc2078 |    000005A8  A$lcc2078 |    000005AB  A$lcc2078
     000005AD  A$lcc2078 |    000005AD  C$main.c$ |    000005B0  A$lcc2078
     000005B1  A$lcc2078 |    000005B3  A$lcc2078 |    000005B4  A$lcc2078
     000005B5  A$lcc2078 |    000005B8  A$lcc2078 |    000005BA  A$lcc2078
     000005BA  C$main.c$ |    000005BD  A$lcc2078 |    000005BF  A$lcc2078
     000005BF  C$main.c$ |    000005C0  A$lcc2078 |    000005C3  A$lcc2078
     000005C4  A$lcc2078 |    000005C5  A$lcc2078 |    000005C5  C$main.c$
     000005C8  A$lcc2078 |    000005C8  C$main.c$ |    000005CB  A$lcc2078
     000005CD  A$lcc2078 |    000005CD  C$main.c$ |    000005D0  A$lcc2078
     000005D0  C$main.c$ |    000005D3  A$lcc2078 |    000005D3  C$main.c$
     000005D6  A$lcc2078 |    000005D6  C$main.c$ |    000005D9  A$lcc2078
     000005D9  C$main.c$ |    000005D9  C$main.c$ |    000005D9  XG$init_l
     000005DC  A$lcc2078 |    000005DC  C$main.c$ |    000005DC  G$move_fr
     000005DC  _move_fro |    000005DD  A$lcc2078 |    000005DE  A$lcc2078
     000005DE  C$main.c$ |    000005E1  A$lcc2078 |    000005E2  A$lcc2078
     000005E5  A$lcc2078 |    000005E5  C$main.c$ |    000005E8  A$lcc2078
     000005E9  A$lcc2078 |    000005EB  A$lcc2078 |    000005EC  A$lcc2078
     000005ED  A$lcc2078 |    000005EE  A$lcc2078 |    000005EF  A$lcc2078
     000005F2  A$lcc2078 |    000005F4  A$lcc2078 |    000005F6  A$lcc2078
     000005F9  A$lcc2078 |    000005FB  A$lcc2078 |    000005FE  A$lcc2078
     000005FF  A$lcc2078 |    00000600  A$lcc2078 |    00000601  A$lcc2078
     00000602  A$lcc2078 |    00000603  A$lcc2078 |    00000606  A$lcc2078
     00000607  A$lcc2078 |    00000608  A$lcc2078 |    00000609  A$lcc2078
     0000060C  A$lcc2078 |    0000060D  A$lcc2078 |    00000610  A$lcc2078
     00000611  A$lcc2078 |    00000614  A$lcc2078 |    00000615  A$lcc2078
     00000616  A$lcc2078 |    00000618  A$lcc2078 |    0000061A  A$lcc2078
     0000061C  A$lcc2078 |    0000061C  C$main.c$ |    0000061D  A$lcc2078
     0000061F  A$lcc2078 |    00000621  A$lcc2078 |    00000622  A$lcc2078
     00000624  A$lcc2078 |    00000625  A$lcc2078 |    00000628  A$lcc2078
     0000062A  A$lcc2078 |    0000062B  A$lcc2078 |    0000062E  A$lcc2078
     0000062F  A$lcc2078 |    00000630  A$lcc2078 |    00000631  A$lcc2078
     00000634  A$lcc2078 |    00000635  A$lcc2078 |    00000636  A$lcc2078
     00000639  A$lcc2078 |    0000063B  A$lcc2078 |    0000063D  A$lcc2078
     0000063E  A$lcc2078 |    0000063F  A$lcc2078 |    00000640  A$lcc2078
     00000641  A$lcc2078 |    00000643  A$lcc2078 |    00000644  A$lcc2078
     00000647  A$lcc2078 |    00000649  A$lcc2078 |    00000649  C$main.c$
ASxxxx Linker V03.00 + NoICE + sdld,  page 8.
Hexadecimal  [32-Bits]

Area                       Addr        Size        Decimal Bytes (Attributes)
--------------------       ----        ----        ------- ----- ------------
_CODE                  00000200    0000209C =        8348. bytes (REL,CON)

        Value  Global            Value  Global            Value  Global    
        -----  ------            -----  ------            -----  ------    
     0000064C  A$lcc2078 |    0000064C  C$main.c$ |    0000064D  A$lcc2078
     0000064F  A$lcc2078 |    00000652  A$lcc2078 |    00000653  A$lcc2078
     00000655  A$lcc2078 |    00000656  A$lcc2078 |    00000659  A$lcc2078
     0000065B  A$lcc2078 |    0000065C  A$lcc2078 |    0000065F  A$lcc2078
     00000660  A$lcc2078 |    00000661  A$lcc2078 |    00000662  A$lcc2078
     00000665  A$lcc2078 |    00000666  A$lcc2078 |    00000667  A$lcc2078
     0000066A  A$lcc2078 |    0000066C  A$lcc2078 |    0000066E  A$lcc2078
     0000066F  A$lcc2078 |    00000671  A$lcc2078 |    00000672  A$lcc2078
     00000673  A$lcc2078 |    00000674  A$lcc2078 |    00000675  A$lcc2078
     00000677  A$lcc2078 |    00000678  A$lcc2078 |    0000067B  A$lcc2078
     0000067D  A$lcc2078 |    0000067D  C$main.c$ |    00000680  A$lcc2078
     00000680  C$main.c$ |    00000683  A$lcc2078 |    00000684  A$lcc2078
     00000687  A$lcc2078 |    00000687  C$main.c$ |    0000068A  A$lcc2078
     0000068B  A$lcc2078 |    0000068C  A$lcc2078 |    0000068D  A$lcc2078
     00000690  A$lcc2078 |    00000692  A$lcc2078 |    00000694  A$lcc2078
     00000697  A$lcc2078 |    00000699  A$lcc2078 |    0000069C  A$lcc2078
     0000069D  A$lcc2078 |    0000069E  A$lcc2078 |    0000069F  A$lcc2078
     000006A2  A$lcc2078 |    000006A3  A$lcc2078 |    000006A4  A$lcc2078
     000006A5  A$lcc2078 |    000006A8  A$lcc2078 |    000006A9  A$lcc2078
     000006AC  A$lcc2078 |    000006AD  A$lcc2078 |    000006AF  A$lcc2078
     000006AF  C$main.c$ |    000006AF  C$main.c$ |    000006B0  A$lcc2078
     000006B1  A$lcc2078 |    000006B2  A$lcc2078 |    000006B2  C$main.c$
     000006B3  A$lcc2078 |    000006B4  A$lcc2078 |    000006B6  A$lcc2078
     000006B9  A$lcc2078 |    000006BB  A$lcc2078 |    000006BC  A$lcc2078
     000006BF  A$lcc2078 |    000006C1  A$lcc2078 |    000006C2  A$lcc2078
     000006C5  A$lcc2078 |    000006C6  A$lcc2078 |    000006C7  A$lcc2078
     000006C8  A$lcc2078 |    000006C9  A$lcc2078 |    000006CC  A$lcc2078
     000006CD  A$lcc2078 |    000006CE  A$lcc2078 |    000006CF  A$lcc2078
     000006D2  A$lcc2078 |    000006D4  A$lcc2078 |    000006D6  A$lcc2078
     000006D7  A$lcc2078 |    000006D8  A$lcc2078 |    000006D9  A$lcc2078
     000006DA  A$lcc2078 |    000006DC  A$lcc2078 |    000006DD  A$lcc2078
     000006E0  A$lcc2078 |    000006E2  A$lcc2078 |    000006E2  C$main.c$
     000006E4  A$lcc2078 |    000006E4  C$main.c$ |    000006E5  A$lcc2078
     000006E7  A$lcc2078 |    000006EA  A$lcc2078 |    000006EC  A$lcc2078
     000006EE  A$lcc2078 |    000006EF  A$lcc2078 |    000006F2  A$lcc2078
     000006F4  A$lcc2078 |    000006F5  A$lcc2078 |    000006F8  A$lcc2078
     000006F9  A$lcc2078 |    000006FA  A$lcc2078 |    000006FB  A$lcc2078
     000006FC  A$lcc2078 |    000006FF  A$lcc2078 |    00000700  A$lcc2078
     00000701  A$lcc2078 |    00000702  A$lcc2078 |    00000705  A$lcc2078
     00000707  A$lcc2078 |    00000709  A$lcc2078 |    0000070B  A$lcc2078
     0000070D  A$lcc2078 |    00000710  A$lcc2078 |    00000712  A$lcc2078
     00000715  A$lcc2078 |    00000717  A$lcc2078 |    00000718  A$lcc2078
     00000719  A$lcc2078 |    0000071A  A$lcc2078 |    0000071B  A$lcc2078
     0000071C  A$lcc2078 |    0000071E  A$lcc2078 |    0000071F  A$lcc2078
     00000722  A$lcc2078 |    00000724  A$lcc2078 |    00000724  C$main.c$
     00000725  A$lcc2078 |    00000726  A$lcc2078 |    00000726  C$main.c$
     00000726  XG$move_f |    00000727  A$lcc2078 |    00000727  C$main.c$
     00000727  C$main.c$ |    00000727  G$update_ |    00000727  _update_m
     0000072A  A$lcc2078 |    0000072B  A$lcc2078 |    0000072D  A$lcc2078
     0000072D  C$main.c$ |    00000730  A$lcc2078 |    00000730  C$main.c$
     00000733  A$lcc2078 |    00000735  A$lcc2078 |    00000737  A$lcc2078
ASxxxx Linker V03.00 + NoICE + sdld,  page 9.
Hexadecimal  [32-Bits]

Area                       Addr        Size        Decimal Bytes (Attributes)
--------------------       ----        ----        ------- ----- ------------
_CODE                  00000200    0000209C =        8348. bytes (REL,CON)

        Value  Global            Value  Global            Value  Global    
        -----  ------            -----  ------            -----  ------    
     0000073A  A$lcc2078 |    0000073C  A$lcc2078 |    0000073F  A$lcc2078
     00000740  A$lcc2078 |    00000743  A$lcc2078 |    00000744  A$lcc2078
     00000745  A$lcc2078 |    00000746  A$lcc2078 |    00000746  C$main.c$
     00000749  A$lcc2078 |    0000074A  A$lcc2078 |    0000074C  A$lcc2078
     0000074C  C$main.c$ |    0000074F  A$lcc2078 |    0000074F  C$main.c$
     00000752  A$lcc2078 |    00000754  A$lcc2078 |    00000756  A$lcc2078
     00000759  A$lcc2078 |    0000075B  A$lcc2078 |    0000075E  A$lcc2078
     0000075F  A$lcc2078 |    00000762  A$lcc2078 |    00000763  A$lcc2078
     00000764  A$lcc2078 |    00000765  A$lcc2078 |    00000765  C$main.c$
     00000768  A$lcc2078 |    00000769  A$lcc2078 |    0000076B  A$lcc2078
     0000076E  A$lcc2078 |    0000076F  A$lcc2078 |    00000770  A$lcc2078
     00000770  C$main.c$ |    00000773  A$lcc2078 |    00000775  A$lcc2078
     00000775  C$main.c$ |    00000778  A$lcc2078 |    00000779  A$lcc2078
     0000077A  A$lcc2078 |    0000077B  A$lcc2078 |    0000077E  A$lcc2078
     0000077F  A$lcc2078 |    00000781  A$lcc2078 |    00000782  A$lcc2078
     00000783  A$lcc2078 |    00000784  A$lcc2078 |    00000785  A$lcc2078
     00000786  A$lcc2078 |    00000787  A$lcc2078 |    00000789  A$lcc2078
     0000078B  A$lcc2078 |    0000078D  A$lcc2078 |    0000078F  A$lcc2078
     00000790  A$lcc2078 |    00000792  A$lcc2078 |    00000794  A$lcc2078
     00000796  A$lcc2078 |    00000797  A$lcc2078 |    00000798  A$lcc2078
     00000798  C$main.c$ |    0000079B  A$lcc2078 |    0000079C  A$lcc2078
     0000079E  A$lcc2078 |    0000079F  A$lcc2078 |    000007A0  A$lcc2078
     000007A2  A$lcc2078 |    000007A3  A$lcc2078 |    000007A3  C$main.c$
     000007A6  A$lcc2078 |    000007A6  C$main.c$ |    000007A9  A$lcc2078
     000007AC  A$lcc2078 |    000007AC  C$main.c$ |    000007AC  XG$update
     000007AD  A$lcc2078 |    000007AD  C$main.c$ |    000007AD  C$main.c$
     000007AD  G$paralla |    000007AD  _parallax |    000007AF  A$lcc2078
     000007B0  A$lcc2078 |    000007B2  A$lcc2078 |    000007B4  A$lcc2078
     000007B6  A$lcc2078 |    000007B8  A$lcc2078 |    000007BA  A$lcc2078
     000007BC  A$lcc2078 |    000007BE  A$lcc2078 |    000007C0  A$lcc2078
     000007C2  A$lcc2078 |    000007C4  A$lcc2078 |    000007C6  A$lcc2078
     000007C8  A$lcc2078 |    000007CA  A$lcc2078 |    000007CC  A$lcc2078
     000007CE  A$lcc2078 |    000007D0  A$lcc2078 |    000007D2  A$lcc2078
     000007D4  A$lcc2078 |    000007D7  A$lcc2078 |    000007D9  A$lcc2078
     000007DC  A$lcc2078 |    000007DE  A$lcc2078 |    000007E1  A$lcc2078
     000007E3  A$lcc2078 |    000007E6  A$lcc2078 |    000007E7  A$lcc2078
     000007E7  C$main.c$ |    000007E8  A$lcc2078 |    000007EA  A$lcc2078
     000007EB  A$lcc2078 |    000007ED  A$lcc2078 |    000007ED  C$main.c$
     000007EF  A$lcc2078 |    000007F1  A$lcc2078 |    000007F1  C$main.c$
     000007F2  A$lcc2078 |    000007F2  C$main.c$ |    000007F5  A$lcc2078
     000007F7  A$lcc2078 |    000007F8  A$lcc2078 |    000007FA  A$lcc2078
     000007FA  C$main.c$ |    000007FC  A$lcc2078 |    000007FE  A$lcc2078
     000007FE  C$main.c$ |    000007FF  A$lcc2078 |    000007FF  C$main.c$
     00000802  A$lcc2078 |    00000804  A$lcc2078 |    00000805  A$lcc2078
     00000807  A$lcc2078 |    00000807  C$main.c$ |    00000809  A$lcc2078
     0000080B  A$lcc2078 |    0000080B  C$main.c$ |    0000080C  A$lcc2078
     0000080C  C$main.c$ |    0000080F  A$lcc2078 |    00000811  A$lcc2078
     00000812  A$lcc2078 |    00000814  A$lcc2078 |    00000814  C$main.c$
     00000816  A$lcc2078 |    00000818  A$lcc2078 |    00000818  C$main.c$
     00000819  A$lcc2078 |    00000819  C$main.c$ |    0000081C  A$lcc2078
     0000081E  A$lcc2078 |    0000081F  A$lcc2078 |    00000821  A$lcc2078
ASxxxx Linker V03.00 + NoICE + sdld,  page 10.
Hexadecimal  [32-Bits]

Area                       Addr        Size        Decimal Bytes (Attributes)
--------------------       ----        ----        ------- ----- ------------
_CODE                  00000200    0000209C =        8348. bytes (REL,CON)

        Value  Global            Value  Global            Value  Global    
        -----  ------            -----  ------            -----  ------    
     00000821  C$main.c$ |    00000823  A$lcc2078 |    00000825  A$lcc2078
     00000825  C$main.c$ |    00000826  A$lcc2078 |    00000826  C$main.c$
     00000829  A$lcc2078 |    0000082B  A$lcc2078 |    0000082C  A$lcc2078
     0000082E  A$lcc2078 |    0000082E  C$main.c$ |    00000830  A$lcc2078
     00000832  A$lcc2078 |    00000832  C$main.c$ |    00000833  A$lcc2078
     00000833  C$main.c$ |    00000834  A$lcc2078 |    00000836  A$lcc2078
     00000837  A$lcc2078 |    00000839  A$lcc2078 |    00000839  C$main.c$
     0000083B  A$lcc2078 |    0000083D  A$lcc2078 |    0000083D  C$main.c$
     0000083E  A$lcc2078 |    0000083E  C$main.c$ |    00000841  A$lcc2078
     00000843  A$lcc2078 |    00000844  A$lcc2078 |    00000846  A$lcc2078
     00000846  C$main.c$ |    00000848  A$lcc2078 |    0000084A  A$lcc2078
     0000084A  C$main.c$ |    0000084B  A$lcc2078 |    0000084B  C$main.c$
     0000084E  A$lcc2078 |    00000850  A$lcc2078 |    00000851  A$lcc2078
     00000853  A$lcc2078 |    00000853  C$main.c$ |    00000855  A$lcc2078
     00000857  A$lcc2078 |    00000857  C$main.c$ |    00000858  A$lcc2078
     00000858  C$main.c$ |    0000085B  A$lcc2078 |    0000085D  A$lcc2078
     0000085E  A$lcc2078 |    00000860  A$lcc2078 |    00000860  C$main.c$
     00000862  A$lcc2078 |    00000864  A$lcc2078 |    00000864  C$main.c$
     00000865  A$lcc2078 |    00000865  C$main.c$ |    00000868  A$lcc2078
     0000086A  A$lcc2078 |    0000086B  A$lcc2078 |    0000086D  A$lcc2078
     0000086D  C$main.c$ |    0000086F  A$lcc2078 |    00000871  A$lcc2078
     00000871  C$main.c$ |    00000872  A$lcc2078 |    00000872  C$main.c$
     00000875  A$lcc2078 |    00000877  A$lcc2078 |    00000878  A$lcc2078
     0000087A  A$lcc2078 |    0000087A  C$main.c$ |    0000087C  A$lcc2078
     0000087E  A$lcc2078 |    0000087E  C$main.c$ |    0000087F  A$lcc2078
     0000087F  C$main.c$ |    00000880  A$lcc2078 |    00000882  A$lcc2078
     00000883  A$lcc2078 |    00000885  A$lcc2078 |    00000885  C$main.c$
     00000886  A$lcc2078 |    00000888  A$lcc2078 |    00000888  C$main.c$
     00000888  C$main.c$ |    00000888  XG$parall |    00000889  A$lcc2078
     00000889  C$main.c$ |    00000889  C$main.c$ |    00000889  G$scroll_
     00000889  _scroll_c |    0000088C  A$lcc2078 |    0000088D  A$lcc2078
     0000088F  A$lcc2078 |    00000892  A$lcc2078 |    00000893  A$lcc2078
     00000894  A$lcc2078 |    00000897  A$lcc2078 |    00000899  A$lcc2078
     0000089A  A$lcc2078 |    0000089B  A$lcc2078 |    0000089D  A$lcc2078
     0000089D  C$main.c$ |    000008A0  A$lcc2078 |    000008A1  A$lcc2078
     000008A2  A$lcc2078 |    000008A3  A$lcc2078 |    000008A3  C$main.c$
     000008A4  A$lcc2078 |    000008A5  A$lcc2078 |    000008A6  A$lcc2078
     000008A7  A$lcc2078 |    000008A8  A$lcc2078 |    000008A9  A$lcc2078
     000008A9  C$main.c$ |    000008AA  A$lcc2078 |    000008AB  A$lcc2078
     000008AC  A$lcc2078 |    000008AD  A$lcc2078 |    000008AE  A$lcc2078
     000008AF  A$lcc2078 |    000008B0  A$lcc2078 |    000008B3  A$lcc2078
     000008B4  A$lcc2078 |    000008B4  C$main.c$ |    000008B4  C$main.c$
     000008B5  A$lcc2078 |    000008B7  A$lcc2078 |    000008B7  C$main.c$
     000008BA  A$lcc2078 |    000008BB  A$lcc2078 |    000008BC  A$lcc2078
     000008BD  A$lcc2078 |    000008BE  A$lcc2078 |    000008C1  A$lcc2078
     000008C2  A$lcc2078 |    000008C3  A$lcc2078 |    000008C4  A$lcc2078
     000008C4  C$main.c$ |    000008C7  A$lcc2078 |    000008C7  C$main.c$
     000008CA  A$lcc2078 |    000008CC  A$lcc2078 |    000008CE  A$lcc2078
     000008CE  C$main.c$ |    000008D1  A$lcc2078 |    000008D2  A$lcc2078
     000008D3  A$lcc2078 |    000008D4  A$lcc2078 |    000008D5  A$lcc2078
     000008D8  A$lcc2078 |    000008D9  A$lcc2078 |    000008DA  A$lcc2078
ASxxxx Linker V03.00 + NoICE + sdld,  page 11.
Hexadecimal  [32-Bits]

Area                       Addr        Size        Decimal Bytes (Attributes)
--------------------       ----        ----        ------- ----- ------------
_CODE                  00000200    0000209C =        8348. bytes (REL,CON)

        Value  Global            Value  Global            Value  Global    
        -----  ------            -----  ------            -----  ------    
     000008DB  A$lcc2078 |    000008DB  C$main.c$ |    000008DE  A$lcc2078
     000008DE  C$main.c$ |    000008E1  A$lcc2078 |    000008E2  A$lcc2078
     000008E4  A$lcc2078 |    000008E7  A$lcc2078 |    000008E8  A$lcc2078
     000008E9  A$lcc2078 |    000008EC  A$lcc2078 |    000008EE  A$lcc2078
     000008EF  A$lcc2078 |    000008F0  A$lcc2078 |    000008F2  A$lcc2078
     000008F2  C$main.c$ |    000008F5  A$lcc2078 |    000008F6  A$lcc2078
     000008F7  A$lcc2078 |    000008F8  A$lcc2078 |    000008F8  C$main.c$
     000008FB  A$lcc2078 |    000008FD  A$lcc2078 |    000008FF  A$lcc2078
     000008FF  C$main.c$ |    00000902  A$lcc2078 |    00000903  A$lcc2078
     00000904  A$lcc2078 |    00000905  A$lcc2078 |    00000906  A$lcc2078
     00000909  A$lcc2078 |    0000090A  A$lcc2078 |    0000090B  A$lcc2078
     0000090C  A$lcc2078 |    0000090C  C$main.c$ |    0000090F  A$lcc2078
     0000090F  C$main.c$ |    00000912  A$lcc2078 |    00000914  A$lcc2078
     00000916  A$lcc2078 |    00000916  C$main.c$ |    00000919  A$lcc2078
     0000091A  A$lcc2078 |    0000091B  A$lcc2078 |    0000091C  A$lcc2078
     0000091C  C$main.c$ |    0000091F  A$lcc2078 |    00000920  A$lcc2078
     00000921  A$lcc2078 |    00000922  A$lcc2078 |    00000922  C$main.c$
     00000925  A$lcc2078 |    00000926  A$lcc2078 |    00000927  A$lcc2078
     00000928  A$lcc2078 |    00000928  C$main.c$ |    0000092B  A$lcc2078
     0000092C  A$lcc2078 |    0000092D  A$lcc2078 |    0000092E  A$lcc2078
     0000092E  C$main.c$ |    00000931  A$lcc2078 |    00000933  A$lcc2078
     00000935  A$lcc2078 |    00000935  C$main.c$ |    00000938  A$lcc2078
     00000939  A$lcc2078 |    0000093A  A$lcc2078 |    0000093B  A$lcc2078
     0000093C  A$lcc2078 |    0000093F  A$lcc2078 |    00000940  A$lcc2078
     00000941  A$lcc2078 |    00000942  A$lcc2078 |    00000942  C$main.c$
     00000945  A$lcc2078 |    00000945  C$main.c$ |    00000948  A$lcc2078
     00000949  A$lcc2078 |    0000094B  A$lcc2078 |    0000094E  A$lcc2078
     0000094F  A$lcc2078 |    00000950  A$lcc2078 |    00000953  A$lcc2078
     00000955  A$lcc2078 |    00000956  A$lcc2078 |    00000957  A$lcc2078
     00000959  A$lcc2078 |    00000959  C$main.c$ |    0000095C  A$lcc2078
     0000095D  A$lcc2078 |    0000095E  A$lcc2078 |    0000095F  A$lcc2078
     0000095F  C$main.c$ |    00000962  A$lcc2078 |    00000963  A$lcc2078
     00000964  A$lcc2078 |    00000965  A$lcc2078 |    00000965  C$main.c$
     00000968  A$lcc2078 |    00000969  A$lcc2078 |    00000969  C$main.c$
     00000969  XG$scroll |    0000096A  A$lcc2078 |    0000096A  C$main.c$
     0000096A  G$drain_t |    0000096A  _drain_ti |    0000096B  A$lcc2078
     0000096B  C$main.c$ |    0000096E  A$lcc2078 |    0000096F  A$lcc2078
     00000971  A$lcc2078 |    00000972  A$lcc2078 |    00000974  A$lcc2078
     00000975  A$lcc2078 |    00000977  A$lcc2078 |    00000978  A$lcc2078
     00000978  C$main.c$ |    00000979  A$lcc2078 |    0000097A  A$lcc2078
     0000097C  A$lcc2078 |    0000097E  A$lcc2078 |    00000981  A$lcc2078
     00000982  A$lcc2078 |    00000984  A$lcc2078 |    00000986  A$lcc2078
     00000988  A$lcc2078 |    0000098A  A$lcc2078 |    0000098C  A$lcc2078
     0000098E  A$lcc2078 |    0000098F  A$lcc2078 |    0000098F  C$main.c$
     00000991  A$lcc2078 |    00000992  A$lcc2078 |    00000994  A$lcc2078
     00000995  A$lcc2078 |    00000996  A$lcc2078 |    00000997  A$lcc2078
     00000998  A$lcc2078 |    0000099B  A$lcc2078 |    0000099C  A$lcc2078
     0000099D  A$lcc2078 |    0000099D  C$main.c$ |    0000099F  A$lcc2078
     000009A0  A$lcc2078 |    000009A2  A$lcc2078 |    000009A5  A$lcc2078
     000009A6  A$lcc2078 |    000009A8  A$lcc2078 |    000009A9  A$lcc2078
     000009AA  A$lcc2078 |    000009AC  A$lcc2078 |    000009AD  A$lcc2078
ASxxxx Linker V03.00 + NoICE + sdld,  page 12.
Hexadecimal  [32-Bits]

Area                       Addr        Size        Decimal Bytes (Attributes)
--------------------       ----        ----        ------- ----- ------------
_CODE                  00000200    0000209C =        8348. bytes (REL,CON)

        Value  Global            Value  Global            Value  Global    
        -----  ------            -----  ------            -----  ------    
     000009AE  A$lcc2078 |    000009B0  A$lcc2078 |    000009B0  C$main.c$
     000009B2  A$lcc2078 |    000009B3  A$lcc2078 |    000009B5  A$lcc2078
     000009B6  A$lcc2078 |    000009B8  A$lcc2078 |    000009B9  A$lcc2078
     000009BA  A$lcc2078 |    000009BB  A$lcc2078 |    000009BE  A$lcc2078
     000009C0  A$lcc2078 |    000009C0  C$main.c$ |    000009C3  A$lcc2078
     000009C4  A$lcc2078 |    000009C4  C$main.c$ |    000009C7  A$lcc2078
     000009C8  A$lcc2078 |    000009CA  A$lcc2078 |    000009CB  A$lcc2078
     000009CC  A$lcc2078 |    000009CE  A$lcc2078 |    000009CF  A$lcc2078
     000009CF  C$main.c$ |    000009D2  A$lcc2078 |    000009D2  C$main.c$
     000009D5  A$lcc2078 |    000009D6  A$lcc2078 |    000009D8  A$lcc2078
     000009D9  A$lcc2078 |    000009DA  A$lcc2078 |    000009DA  C$main.c$
     000009DD  A$lcc2078 |    000009DF  A$lcc2078 |    000009E1  A$lcc2078
     000009E1  C$main.c$ |    000009E4  A$lcc2078 |    000009E4  C$main.c$
     000009E7  A$lcc2078 |    000009E7  C$main.c$ |    000009EA  A$lcc2078
     000009EC  A$lcc2078 |    000009ED  A$lcc2078 |    000009ED  C$main.c$
     000009ED  XG$drain_ |    000009EE  A$lcc2078 |    000009EE  C$main.c$
     000009EE  G$win_che |    000009EE  _win_chec |    000009F0  A$lcc2078
     000009F0  C$main.c$ |    000009F2  A$lcc2078 |    000009F3  A$lcc2078
     000009F5  A$lcc2078 |    000009F6  A$lcc2078 |    000009F7  A$lcc2078
     000009F8  A$lcc2078 |    000009F9  A$lcc2078 |    000009FA  A$lcc2078
     000009FB  A$lcc2078 |    000009FE  A$lcc2078 |    000009FF  A$lcc2078
     00000A00  A$lcc2078 |    00000A01  A$lcc2078 |    00000A03  A$lcc2078
     00000A04  A$lcc2078 |    00000A05  A$lcc2078 |    00000A06  A$lcc2078
     00000A08  A$lcc2078 |    00000A09  A$lcc2078 |    00000A0A  A$lcc2078
     00000A0B  A$lcc2078 |    00000A0C  A$lcc2078 |    00000A0E  A$lcc2078
     00000A10  A$lcc2078 |    00000A11  A$lcc2078 |    00000A12  A$lcc2078
     00000A13  A$lcc2078 |    00000A14  A$lcc2078 |    00000A15  A$lcc2078
     00000A16  A$lcc2078 |    00000A19  A$lcc2078 |    00000A1A  A$lcc2078
     00000A1B  A$lcc2078 |    00000A1C  A$lcc2078 |    00000A1D  A$lcc2078
     00000A1E  A$lcc2078 |    00000A1F  A$lcc2078 |    00000A21  A$lcc2078
     00000A23  A$lcc2078 |    00000A24  A$lcc2078 |    00000A26  A$lcc2078
     00000A27  A$lcc2078 |    00000A29  A$lcc2078 |    00000A2A  A$lcc2078
     00000A2C  A$lcc2078 |    00000A2D  A$lcc2078 |    00000A2F  A$lcc2078
     00000A30  A$lcc2078 |    00000A32  A$lcc2078 |    00000A32  C$main.c$
     00000A34  A$lcc2078 |    00000A35  A$lcc2078 |    00000A37  A$lcc2078
     00000A38  A$lcc2078 |    00000A39  A$lcc2078 |    00000A3A  A$lcc2078
     00000A3B  A$lcc2078 |    00000A3C  A$lcc2078 |    00000A3D  A$lcc2078
     00000A40  A$lcc2078 |    00000A41  A$lcc2078 |    00000A42  A$lcc2078
     00000A43  A$lcc2078 |    00000A45  A$lcc2078 |    00000A46  A$lcc2078
     00000A47  A$lcc2078 |    00000A48  A$lcc2078 |    00000A4A  A$lcc2078
     00000A4B  A$lcc2078 |    00000A4C  A$lcc2078 |    00000A4D  A$lcc2078
     00000A4E  A$lcc2078 |    00000A50  A$lcc2078 |    00000A52  A$lcc2078
     00000A54  A$lcc2078 |    00000A55  A$lcc2078 |    00000A56  A$lcc2078
     00000A57  A$lcc2078 |    00000A5A  A$lcc2078 |    00000A5B  A$lcc2078
     00000A5C  A$lcc2078 |    00000A5D  A$lcc2078 |    00000A5F  A$lcc2078
     00000A61  A$lcc2078 |    00000A63  A$lcc2078 |    00000A65  A$lcc2078
     00000A67  A$lcc2078 |    00000A69  A$lcc2078 |    00000A69  C$main.c$
     00000A6B  A$lcc2078 |    00000A6C  A$lcc2078 |    00000A6D  A$lcc2078
     00000A6E  A$lcc2078 |    00000A71  A$lcc2078 |    00000A72  A$lcc2078
     00000A73  A$lcc2078 |    00000A74  A$lcc2078 |    00000A76  A$lcc2078
     00000A77  A$lcc2078 |    00000A78  A$lcc2078 |    00000A79  A$lcc2078
ASxxxx Linker V03.00 + NoICE + sdld,  page 13.
Hexadecimal  [32-Bits]

Area                       Addr        Size        Decimal Bytes (Attributes)
--------------------       ----        ----        ------- ----- ------------
_CODE                  00000200    0000209C =        8348. bytes (REL,CON)

        Value  Global            Value  Global            Value  Global    
        -----  ------            -----  ------            -----  ------    
     00000A7B  A$lcc2078 |    00000A7C  A$lcc2078 |    00000A7D  A$lcc2078
     00000A7E  A$lcc2078 |    00000A7F  A$lcc2078 |    00000A80  A$lcc2078
     00000A81  A$lcc2078 |    00000A82  A$lcc2078 |    00000A83  A$lcc2078
     00000A85  A$lcc2078 |    00000A87  A$lcc2078 |    00000A88  A$lcc2078
     00000A89  A$lcc2078 |    00000A8A  A$lcc2078 |    00000A8B  A$lcc2078
     00000A8C  A$lcc2078 |    00000A8D  A$lcc2078 |    00000A90  A$lcc2078
     00000A91  A$lcc2078 |    00000A92  A$lcc2078 |    00000A93  A$lcc2078
     00000A95  A$lcc2078 |    00000A96  A$lcc2078 |    00000A97  A$lcc2078
     00000A98  A$lcc2078 |    00000A9A  A$lcc2078 |    00000A9B  A$lcc2078
     00000A9D  A$lcc2078 |    00000A9E  A$lcc2078 |    00000A9F  A$lcc2078
     00000AA0  A$lcc2078 |    00000AA2  A$lcc2078 |    00000AA4  A$lcc2078
     00000AA6  A$lcc2078 |    00000AA8  A$lcc2078 |    00000AAA  A$lcc2078
     00000AAC  A$lcc2078 |    00000AAC  C$main.c$ |    00000AAE  A$lcc2078
     00000AAF  A$lcc2078 |    00000AB1  A$lcc2078 |    00000AB2  A$lcc2078
     00000AB4  A$lcc2078 |    00000AB5  A$lcc2078 |    00000AB7  A$lcc2078
     00000AB8  A$lcc2078 |    00000ABA  A$lcc2078 |    00000ABC  A$lcc2078
     00000ABE  A$lcc2078 |    00000ABF  A$lcc2078 |    00000AC1  A$lcc2078
     00000AC2  A$lcc2078 |    00000AC4  A$lcc2078 |    00000AC5  A$lcc2078
     00000AC6  A$lcc2078 |    00000AC7  A$lcc2078 |    00000AC8  A$lcc2078
     00000AC9  A$lcc2078 |    00000ACA  A$lcc2078 |    00000ACA  C$main.c$
     00000ACC  A$lcc2078 |    00000ACD  A$lcc2078 |    00000ACE  A$lcc2078
     00000ACF  A$lcc2078 |    00000AD0  A$lcc2078 |    00000AD1  A$lcc2078
     00000AD2  A$lcc2078 |    00000AD2  C$main.c$ |    00000AD5  A$lcc2078
     00000AD6  A$lcc2078 |    00000AD7  A$lcc2078 |    00000ADA  A$lcc2078
     00000ADB  A$lcc2078 |    00000ADC  A$lcc2078 |    00000ADD  A$lcc2078
     00000ADF  A$lcc2078 |    00000AE0  A$lcc2078 |    00000AE1  A$lcc2078
     00000AE3  A$lcc2078 |    00000AE3  C$main.c$ |    00000AE6  A$lcc2078
     00000AE7  A$lcc2078 |    00000AEA  A$lcc2078 |    00000AEB  A$lcc2078
     00000AEE  A$lcc2078 |    00000AEF  A$lcc2078 |    00000AF2  A$lcc2078
     00000AF4  A$lcc2078 |    00000AF4  C$main.c$ |    00000AF7  A$lcc2078
     00000AF9  A$lcc2078 |    00000AFC  A$lcc2078 |    00000AFD  A$lcc2078
     00000AFE  A$lcc2078 |    00000AFF  A$lcc2078 |    00000B02  A$lcc2078
     00000B03  A$lcc2078 |    00000B04  A$lcc2078 |    00000B05  A$lcc2078
     00000B06  A$lcc2078 |    00000B07  A$lcc2078 |    00000B08  A$lcc2078
     00000B0B  A$lcc2078 |    00000B0C  A$lcc2078 |    00000B0C  C$main.c$
     00000B0F  A$lcc2078 |    00000B0F  C$main.c$ |    00000B10  A$lcc2078
     00000B12  A$lcc2078 |    00000B14  A$lcc2078 |    00000B15  A$lcc2078
     00000B17  A$lcc2078 |    00000B19  A$lcc2078 |    00000B19  C$main.c$
     00000B1C  A$lcc2078 |    00000B1D  A$lcc2078 |    00000B20  A$lcc2078
     00000B21  A$lcc2078 |    00000B24  A$lcc2078 |    00000B25  A$lcc2078
     00000B28  A$lcc2078 |    00000B2A  A$lcc2078 |    00000B2A  C$main.c$
     00000B2D  A$lcc2078 |    00000B2F  A$lcc2078 |    00000B32  A$lcc2078
     00000B33  A$lcc2078 |    00000B34  A$lcc2078 |    00000B35  A$lcc2078
     00000B38  A$lcc2078 |    00000B39  A$lcc2078 |    00000B3A  A$lcc2078
     00000B3B  A$lcc2078 |    00000B3C  A$lcc2078 |    00000B3D  A$lcc2078
     00000B3E  A$lcc2078 |    00000B41  A$lcc2078 |    00000B42  A$lcc2078
     00000B42  C$main.c$ |    00000B45  A$lcc2078 |    00000B45  C$main.c$
     00000B46  A$lcc2078 |    00000B48  A$lcc2078 |    00000B4A  A$lcc2078
     00000B4B  A$lcc2078 |    00000B4D  A$lcc2078 |    00000B4F  A$lcc2078
     00000B4F  C$main.c$ |    00000B52  A$lcc2078 |    00000B53  A$lcc2078
     00000B56  A$lcc2078 |    00000B57  A$lcc2078 |    00000B5A  A$lcc2078
ASxxxx Linker V03.00 + NoICE + sdld,  page 14.
Hexadecimal  [32-Bits]

Area                       Addr        Size        Decimal Bytes (Attributes)
--------------------       ----        ----        ------- ----- ------------
_CODE                  00000200    0000209C =        8348. bytes (REL,CON)

        Value  Global            Value  Global            Value  Global    
        -----  ------            -----  ------            -----  ------    
     00000B5B  A$lcc2078 |    00000B5E  A$lcc2078 |    00000B60  A$lcc2078
     00000B60  C$main.c$ |    00000B63  A$lcc2078 |    00000B65  A$lcc2078
     00000B68  A$lcc2078 |    00000B69  A$lcc2078 |    00000B6A  A$lcc2078
     00000B6B  A$lcc2078 |    00000B6E  A$lcc2078 |    00000B6F  A$lcc2078
     00000B70  A$lcc2078 |    00000B71  A$lcc2078 |    00000B72  A$lcc2078
     00000B73  A$lcc2078 |    00000B74  A$lcc2078 |    00000B77  A$lcc2078
     00000B78  A$lcc2078 |    00000B78  C$main.c$ |    00000B7A  A$lcc2078
     00000B7A  C$main.c$ |    00000B7B  A$lcc2078 |    00000B7D  A$lcc2078
     00000B7F  A$lcc2078 |    00000B80  A$lcc2078 |    00000B82  A$lcc2078
     00000B84  A$lcc2078 |    00000B84  C$main.c$ |    00000B87  A$lcc2078
     00000B88  A$lcc2078 |    00000B8B  A$lcc2078 |    00000B8C  A$lcc2078
     00000B8F  A$lcc2078 |    00000B90  A$lcc2078 |    00000B93  A$lcc2078
     00000B95  A$lcc2078 |    00000B95  C$main.c$ |    00000B98  A$lcc2078
     00000B9A  A$lcc2078 |    00000B9D  A$lcc2078 |    00000B9E  A$lcc2078
     00000B9F  A$lcc2078 |    00000BA0  A$lcc2078 |    00000BA3  A$lcc2078
     00000BA4  A$lcc2078 |    00000BA5  A$lcc2078 |    00000BA6  A$lcc2078
     00000BA7  A$lcc2078 |    00000BA8  A$lcc2078 |    00000BA9  A$lcc2078
     00000BAC  A$lcc2078 |    00000BAD  A$lcc2078 |    00000BAD  C$main.c$
     00000BAF  A$lcc2078 |    00000BAF  C$main.c$ |    00000BB0  A$lcc2078
     00000BB2  A$lcc2078 |    00000BB4  A$lcc2078 |    00000BB5  A$lcc2078
     00000BB7  A$lcc2078 |    00000BB9  A$lcc2078 |    00000BB9  C$main.c$
     00000BBC  A$lcc2078 |    00000BBD  A$lcc2078 |    00000BC0  A$lcc2078
     00000BC1  A$lcc2078 |    00000BC4  A$lcc2078 |    00000BC5  A$lcc2078
     00000BC8  A$lcc2078 |    00000BCA  A$lcc2078 |    00000BCA  C$main.c$
     00000BCD  A$lcc2078 |    00000BCF  A$lcc2078 |    00000BD2  A$lcc2078
     00000BD3  A$lcc2078 |    00000BD4  A$lcc2078 |    00000BD5  A$lcc2078
     00000BD8  A$lcc2078 |    00000BD9  A$lcc2078 |    00000BDA  A$lcc2078
     00000BDB  A$lcc2078 |    00000BDC  A$lcc2078 |    00000BDD  A$lcc2078
     00000BDE  A$lcc2078 |    00000BE1  A$lcc2078 |    00000BE2  A$lcc2078
     00000BE2  C$main.c$ |    00000BE4  A$lcc2078 |    00000BE4  C$main.c$
     00000BE7  A$lcc2078 |    00000BE9  A$lcc2078 |    00000BE9  C$main.c$
     00000BE9  XG$win_ch |    00000BEA  A$lcc2078 |    00000BEA  C$main.c$
     00000BEA  G$collide |    00000BEA  _collide_ |    00000BEC  A$lcc2078
     00000BEC  C$main.c$ |    00000BEF  A$lcc2078 |    00000BF0  A$lcc2078
     00000BF1  A$lcc2078 |    00000BF2  A$lcc2078 |    00000BF3  A$lcc2078
     00000BF5  A$lcc2078 |    00000BF6  A$lcc2078 |    00000BF7  A$lcc2078
     00000BF8  A$lcc2078 |    00000BF9  A$lcc2078 |    00000BFB  A$lcc2078
     00000BFD  A$lcc2078 |    00000BFD  C$main.c$ |    00000BFF  A$lcc2078
     00000C01  A$lcc2078 |    00000C01  C$main.c$ |    00000C03  A$lcc2078
     00000C05  A$lcc2078 |    00000C07  A$lcc2078 |    00000C07  C$main.c$
     00000C09  A$lcc2078 |    00000C0B  A$lcc2078 |    00000C0B  C$main.c$
     00000C0D  A$lcc2078 |    00000C0F  A$lcc2078 |    00000C0F  C$main.c$
     00000C11  A$lcc2078 |    00000C12  A$lcc2078 |    00000C14  A$lcc2078
     00000C15  A$lcc2078 |    00000C16  A$lcc2078 |    00000C17  A$lcc2078
     00000C18  A$lcc2078 |    00000C19  A$lcc2078 |    00000C1A  A$lcc2078
     00000C1D  A$lcc2078 |    00000C1E  A$lcc2078 |    00000C1F  A$lcc2078
     00000C20  A$lcc2078 |    00000C22  A$lcc2078 |    00000C23  A$lcc2078
     00000C24  A$lcc2078 |    00000C25  A$lcc2078 |    00000C27  A$lcc2078
     00000C28  A$lcc2078 |    00000C29  A$lcc2078 |    00000C2A  A$lcc2078
     00000C2B  A$lcc2078 |    00000C2D  A$lcc2078 |    00000C2F  A$lcc2078
     00000C30  A$lcc2078 |    00000C31  A$lcc2078 |    00000C32  A$lcc2078
ASxxxx Linker V03.00 + NoICE + sdld,  page 15.
Hexadecimal  [32-Bits]

Area                       Addr        Size        Decimal Bytes (Attributes)
--------------------       ----        ----        ------- ----- ------------
_CODE                  00000200    0000209C =        8348. bytes (REL,CON)

        Value  Global            Value  Global            Value  Global    
        -----  ------            -----  ------            -----  ------    
     00000C33  A$lcc2078 |    00000C34  A$lcc2078 |    00000C35  A$lcc2078
     00000C38  A$lcc2078 |    00000C39  A$lcc2078 |    00000C3A  A$lcc2078
     00000C3B  A$lcc2078 |    00000C3D  A$lcc2078 |    00000C3F  A$lcc2078
     00000C41  A$lcc2078 |    00000C43  A$lcc2078 |    00000C45  A$lcc2078
     00000C47  A$lcc2078 |    00000C47  C$main.c$ |    00000C4A  A$lcc2078
     00000C4B  A$lcc2078 |    00000C4C  A$lcc2078 |    00000C4D  A$lcc2078
     00000C4E  A$lcc2078 |    00000C4F  A$lcc2078 |    00000C50  A$lcc2078
     00000C51  A$lcc2078 |    00000C52  A$lcc2078 |    00000C52  C$main.c$
     00000C53  A$lcc2078 |    00000C55  A$lcc2078 |    00000C56  A$lcc2078
     00000C57  A$lcc2078 |    00000C59  A$lcc2078 |    00000C5C  A$lcc2078
     00000C5E  A$lcc2078 |    00000C5F  A$lcc2078 |    00000C5F  C$main.c$
     00000C61  A$lcc2078 |    00000C62  A$lcc2078 |    00000C64  A$lcc2078
     00000C65  A$lcc2078 |    00000C67  A$lcc2078 |    00000C69  A$lcc2078
     00000C6A  A$lcc2078 |    00000C6C  A$lcc2078 |    00000C6E  A$lcc2078
     00000C6F  A$lcc2078 |    00000C70  A$lcc2078 |    00000C71  A$lcc2078
     00000C72  A$lcc2078 |    00000C73  A$lcc2078 |    00000C74  A$lcc2078
     00000C76  A$lcc2078 |    00000C77  A$lcc2078 |    00000C79  A$lcc2078
     00000C7A  A$lcc2078 |    00000C7B  A$lcc2078 |    00000C7C  A$lcc2078
     00000C7D  A$lcc2078 |    00000C7E  A$lcc2078 |    00000C7F  A$lcc2078
     00000C80  A$lcc2078 |    00000C81  A$lcc2078 |    00000C82  A$lcc2078
     00000C83  A$lcc2078 |    00000C85  A$lcc2078 |    00000C86  A$lcc2078
     00000C88  A$lcc2078 |    00000C89  A$lcc2078 |    00000C8B  A$lcc2078
     00000C8C  A$lcc2078 |    00000C8E  A$lcc2078 |    00000C8F  A$lcc2078
     00000C91  A$lcc2078 |    00000C93  A$lcc2078 |    00000C95  A$lcc2078
     00000C96  A$lcc2078 |    00000C97  A$lcc2078 |    00000C9A  A$lcc2078
     00000C9B  A$lcc2078 |    00000C9C  A$lcc2078 |    00000C9D  A$lcc2078
     00000C9F  A$lcc2078 |    00000CA0  A$lcc2078 |    00000CA1  A$lcc2078
     00000CA2  A$lcc2078 |    00000CA4  A$lcc2078 |    00000CA5  A$lcc2078
     00000CA7  A$lcc2078 |    00000CA9  A$lcc2078 |    00000CAA  A$lcc2078
     00000CAC  A$lcc2078 |    00000CAD  A$lcc2078 |    00000CAF  A$lcc2078
     00000CB0  A$lcc2078 |    00000CB2  A$lcc2078 |    00000CB3  A$lcc2078
     00000CB5  A$lcc2078 |    00000CB6  A$lcc2078 |    00000CB8  A$lcc2078
     00000CB8  C$main.c$ |    00000CBA  A$lcc2078 |    00000CBB  A$lcc2078
     00000CBC  A$lcc2078 |    00000CBE  A$lcc2078 |    00000CBF  A$lcc2078
     00000CC0  A$lcc2078 |    00000CC1  A$lcc2078 |    00000CC2  A$lcc2078
     00000CC3  A$lcc2078 |    00000CC4  A$lcc2078 |    00000CC6  A$lcc2078
     00000CC7  A$lcc2078 |    00000CC8  A$lcc2078 |    00000CC9  A$lcc2078
     00000CCA  A$lcc2078 |    00000CCB  A$lcc2078 |    00000CCC  A$lcc2078
     00000CCE  A$lcc2078 |    00000CCF  A$lcc2078 |    00000CD0  A$lcc2078
     00000CD1  A$lcc2078 |    00000CD3  A$lcc2078 |    00000CD4  A$lcc2078
     00000CD5  A$lcc2078 |    00000CD6  A$lcc2078 |    00000CD7  A$lcc2078
     00000CD8  A$lcc2078 |    00000CD9  A$lcc2078 |    00000CDA  A$lcc2078
     00000CDB  A$lcc2078 |    00000CDD  A$lcc2078 |    00000CDF  A$lcc2078
     00000CE0  A$lcc2078 |    00000CE1  A$lcc2078 |    00000CE2  A$lcc2078
     00000CE3  A$lcc2078 |    00000CE6  A$lcc2078 |    00000CE7  A$lcc2078
     00000CE8  A$lcc2078 |    00000CE9  A$lcc2078 |    00000CEB  A$lcc2078
     00000CEC  A$lcc2078 |    00000CED  A$lcc2078 |    00000CEE  A$lcc2078
     00000CF0  A$lcc2078 |    00000CF1  A$lcc2078 |    00000CF3  A$lcc2078
     00000CF4  A$lcc2078 |    00000CF5  A$lcc2078 |    00000CF5  C$main.c$
     00000CF6  A$lcc2078 |    00000CF7  A$lcc2078 |    00000CF9  A$lcc2078
     00000CFB  A$lcc2078 |    00000CFD  A$lcc2078 |    00000CFF  A$lcc2078
ASxxxx Linker V03.00 + NoICE + sdld,  page 16.
Hexadecimal  [32-Bits]

Area                       Addr        Size        Decimal Bytes (Attributes)
--------------------       ----        ----        ------- ----- ------------
_CODE                  00000200    0000209C =        8348. bytes (REL,CON)

        Value  Global            Value  Global            Value  Global    
        -----  ------            -----  ------            -----  ------    
     00000D01  A$lcc2078 |    00000D03  A$lcc2078 |    00000D04  A$lcc2078
     00000D05  A$lcc2078 |    00000D07  A$lcc2078 |    00000D08  A$lcc2078
     00000D09  A$lcc2078 |    00000D0A  A$lcc2078 |    00000D0B  A$lcc2078
     00000D0C  A$lcc2078 |    00000D0F  A$lcc2078 |    00000D10  A$lcc2078
     00000D11  A$lcc2078 |    00000D12  A$lcc2078 |    00000D14  A$lcc2078
     00000D15  A$lcc2078 |    00000D17  A$lcc2078 |    00000D17  C$main.c$
     00000D18  A$lcc2078 |    00000D1A  A$lcc2078 |    00000D1B  A$lcc2078
     00000D1C  A$lcc2078 |    00000D1D  A$lcc2078 |    00000D1E  A$lcc2078
     00000D21  A$lcc2078 |    00000D22  A$lcc2078 |    00000D24  A$lcc2078
     00000D25  A$lcc2078 |    00000D26  A$lcc2078 |    00000D28  A$lcc2078
     00000D28  C$main.c$ |    00000D2B  A$lcc2078 |    00000D2C  A$lcc2078
     00000D2D  A$lcc2078 |    00000D2E  A$lcc2078 |    00000D2F  A$lcc2078
     00000D31  A$lcc2078 |    00000D32  A$lcc2078 |    00000D33  A$lcc2078
     00000D34  A$lcc2078 |    00000D35  A$lcc2078 |    00000D37  A$lcc2078
     00000D39  A$lcc2078 |    00000D39  C$main.c$ |    00000D3B  A$lcc2078
     00000D3C  A$lcc2078 |    00000D3E  A$lcc2078 |    00000D3F  A$lcc2078
     00000D41  A$lcc2078 |    00000D43  A$lcc2078 |    00000D44  A$lcc2078
     00000D46  A$lcc2078 |    00000D47  A$lcc2078 |    00000D48  A$lcc2078
     00000D4A  A$lcc2078 |    00000D4B  A$lcc2078 |    00000D4D  A$lcc2078
     00000D4F  A$lcc2078 |    00000D50  A$lcc2078 |    00000D52  A$lcc2078
     00000D53  A$lcc2078 |    00000D55  A$lcc2078 |    00000D58  A$lcc2078
     00000D59  A$lcc2078 |    00000D5B  A$lcc2078 |    00000D5C  A$lcc2078
     00000D5D  A$lcc2078 |    00000D5F  A$lcc2078 |    00000D60  A$lcc2078
     00000D63  A$lcc2078 |    00000D63  C$main.c$ |    00000D66  A$lcc2078
     00000D69  A$lcc2078 |    00000D69  C$main.c$ |    00000D69  C$main.c$
     00000D6A  A$lcc2078 |    00000D6C  A$lcc2078 |    00000D6D  A$lcc2078
     00000D6F  A$lcc2078 |    00000D70  A$lcc2078 |    00000D72  A$lcc2078
     00000D73  A$lcc2078 |    00000D75  A$lcc2078 |    00000D75  C$main.c$
     00000D77  A$lcc2078 |    00000D78  A$lcc2078 |    00000D7A  A$lcc2078
     00000D7B  A$lcc2078 |    00000D7D  A$lcc2078 |    00000D7F  A$lcc2078
     00000D80  A$lcc2078 |    00000D81  A$lcc2078 |    00000D83  A$lcc2078
     00000D85  A$lcc2078 |    00000D86  A$lcc2078 |    00000D88  A$lcc2078
     00000D89  A$lcc2078 |    00000D8A  A$lcc2078 |    00000D8C  A$lcc2078
     00000D8D  A$lcc2078 |    00000D8F  A$lcc2078 |    00000D91  A$lcc2078
     00000D93  A$lcc2078 |    00000D95  A$lcc2078 |    00000D97  A$lcc2078
     00000D98  A$lcc2078 |    00000D99  A$lcc2078 |    00000D9B  A$lcc2078
     00000D9C  A$lcc2078 |    00000D9E  A$lcc2078 |    00000D9E  C$main.c$
     00000DA1  A$lcc2078 |    00000DA3  A$lcc2078 |    00000DA6  A$lcc2078
     00000DA6  C$main.c$ |    00000DA9  A$lcc2078 |    00000DAA  A$lcc2078
     00000DAD  A$lcc2078 |    00000DAD  C$main.c$ |    00000DB0  A$lcc2078
     00000DB3  A$lcc2078 |    00000DB3  C$main.c$ |    00000DB5  A$lcc2078
     00000DB6  A$lcc2078 |    00000DB8  A$lcc2078 |    00000DB9  A$lcc2078
     00000DBB  A$lcc2078 |    00000DBD  A$lcc2078 |    00000DBE  A$lcc2078
     00000DBF  A$lcc2078 |    00000DC1  A$lcc2078 |    00000DC2  A$lcc2078
     00000DC3  A$lcc2078 |    00000DC5  A$lcc2078 |    00000DC6  A$lcc2078
     00000DC8  A$lcc2078 |    00000DC9  A$lcc2078 |    00000DCB  A$lcc2078
     00000DCC  A$lcc2078 |    00000DCD  A$lcc2078 |    00000DCF  A$lcc2078
     00000DD0  A$lcc2078 |    00000DD1  A$lcc2078 |    00000DD3  A$lcc2078
     00000DD4  A$lcc2078 |    00000DD6  A$lcc2078 |    00000DD7  A$lcc2078
     00000DD8  A$lcc2078 |    00000DD8  C$main.c$ |    00000DD9  A$lcc2078
     00000DDB  A$lcc2078 |    00000DDC  A$lcc2078 |    00000DDE  A$lcc2078
ASxxxx Linker V03.00 + NoICE + sdld,  page 17.
Hexadecimal  [32-Bits]

Area                       Addr        Size        Decimal Bytes (Attributes)
--------------------       ----        ----        ------- ----- ------------
_CODE                  00000200    0000209C =        8348. bytes (REL,CON)

        Value  Global            Value  Global            Value  Global    
        -----  ------            -----  ------            -----  ------    
     00000DDE  C$main.c$ |    00000DE0  A$lcc2078 |    00000DE2  A$lcc2078
     00000DE4  A$lcc2078 |    00000DE6  A$lcc2078 |    00000DE8  A$lcc2078
     00000DEA  A$lcc2078 |    00000DEC  A$lcc2078 |    00000DEE  A$lcc2078
     00000DF0  A$lcc2078 |    00000DF0  C$main.c$ |    00000DF3  A$lcc2078
     00000DF5  A$lcc2078 |    00000DF7  A$lcc2078 |    00000DF7  C$main.c$
     00000DFA  A$lcc2078 |    00000DFB  A$lcc2078 |    00000DFD  A$lcc2078
     00000DFD  C$main.c$ |    00000E00  A$lcc2078 |    00000E02  A$lcc2078
     00000E02  C$main.c$ |    00000E03  A$lcc2078 |    00000E05  A$lcc2078
     00000E06  A$lcc2078 |    00000E08  A$lcc2078 |    00000E08  C$main.c$
     00000E0A  A$lcc2078 |    00000E0C  A$lcc2078 |    00000E0E  A$lcc2078
     00000E10  A$lcc2078 |    00000E12  A$lcc2078 |    00000E14  A$lcc2078
     00000E16  A$lcc2078 |    00000E18  A$lcc2078 |    00000E1A  A$lcc2078
     00000E1A  C$main.c$ |    00000E1D  A$lcc2078 |    00000E1F  A$lcc2078
     00000E21  A$lcc2078 |    00000E21  C$main.c$ |    00000E24  A$lcc2078
     00000E25  A$lcc2078 |    00000E27  A$lcc2078 |    00000E27  C$main.c$
     00000E2A  A$lcc2078 |    00000E2C  A$lcc2078 |    00000E2C  C$main.c$
     00000E2D  A$lcc2078 |    00000E2F  A$lcc2078 |    00000E30  A$lcc2078
     00000E32  A$lcc2078 |    00000E32  C$main.c$ |    00000E34  A$lcc2078
     00000E36  A$lcc2078 |    00000E38  A$lcc2078 |    00000E3A  A$lcc2078
     00000E3C  A$lcc2078 |    00000E3E  A$lcc2078 |    00000E40  A$lcc2078
     00000E42  A$lcc2078 |    00000E44  A$lcc2078 |    00000E44  C$main.c$
     00000E47  A$lcc2078 |    00000E49  A$lcc2078 |    00000E4B  A$lcc2078
     00000E4B  C$main.c$ |    00000E4E  A$lcc2078 |    00000E4F  A$lcc2078
     00000E51  A$lcc2078 |    00000E51  C$main.c$ |    00000E54  A$lcc2078
     00000E56  A$lcc2078 |    00000E56  C$main.c$ |    00000E57  A$lcc2078
     00000E59  A$lcc2078 |    00000E5A  A$lcc2078 |    00000E5C  A$lcc2078
     00000E5C  C$main.c$ |    00000E5F  A$lcc2078 |    00000E60  A$lcc2078
     00000E61  A$lcc2078 |    00000E62  A$lcc2078 |    00000E63  A$lcc2078
     00000E64  A$lcc2078 |    00000E67  A$lcc2078 |    00000E68  A$lcc2078
     00000E6A  A$lcc2078 |    00000E6A  C$main.c$ |    00000E6A  XG$collid
     00000E6B  A$lcc2078 |    00000E6B  C$main.c$ |    00000E6B  C$main.c$
     00000E6B  G$animate |    00000E6B  _animate_ |    00000E6E  A$lcc2078
     00000E6F  A$lcc2078 |    00000E6F  C$main.c$ |    00000E72  A$lcc2078
     00000E73  A$lcc2078 |    00000E73  C$main.c$ |    00000E75  A$lcc2078
     00000E75  C$main.c$ |    00000E78  A$lcc2078 |    00000E7A  A$lcc2078
     00000E7C  A$lcc2078 |    00000E7C  C$main.c$ |    00000E7F  A$lcc2078
     00000E82  A$lcc2078 |    00000E83  A$lcc2078 |    00000E84  A$lcc2078
     00000E85  A$lcc2078 |    00000E87  A$lcc2078 |    00000E88  A$lcc2078
     00000E8A  A$lcc2078 |    00000E8B  A$lcc2078 |    00000E8C  A$lcc2078
     00000E8C  C$main.c$ |    00000E8E  A$lcc2078 |    00000E8F  A$lcc2078
     00000E91  A$lcc2078 |    00000E93  A$lcc2078 |    00000E93  C$main.c$
     00000E95  A$lcc2078 |    00000E96  A$lcc2078 |    00000E97  A$lcc2078
     00000E98  A$lcc2078 |    00000E99  A$lcc2078 |    00000E9C  A$lcc2078
     00000E9D  A$lcc2078 |    00000E9E  A$lcc2078 |    00000E9F  A$lcc2078
     00000E9F  C$main.c$ |    00000EA0  A$lcc2078 |    00000EA2  A$lcc2078
     00000EA3  A$lcc2078 |    00000EA4  A$lcc2078 |    00000EA5  A$lcc2078
     00000EA6  A$lcc2078 |    00000EA9  A$lcc2078 |    00000EAA  A$lcc2078
     00000EAB  A$lcc2078 |    00000EAB  C$main.c$ |    00000EAC  A$lcc2078
     00000EAE  A$lcc2078 |    00000EB0  A$lcc2078 |    00000EB2  A$lcc2078
     00000EB3  A$lcc2078 |    00000EB5  A$lcc2078 |    00000EB5  C$main.c$
     00000EB6  A$lcc2078 |    00000EB7  A$lcc2078 |    00000EB9  A$lcc2078
ASxxxx Linker V03.00 + NoICE + sdld,  page 18.
Hexadecimal  [32-Bits]

Area                       Addr        Size        Decimal Bytes (Attributes)
--------------------       ----        ----        ------- ----- ------------
_CODE                  00000200    0000209C =        8348. bytes (REL,CON)

        Value  Global            Value  Global            Value  Global    
        -----  ------            -----  ------            -----  ------    
     00000EBA  A$lcc2078 |    00000EBB  A$lcc2078 |    00000EBC  A$lcc2078
     00000EBF  A$lcc2078 |    00000EC1  A$lcc2078 |    00000EC2  A$lcc2078
     00000EC2  C$main.c$ |    00000EC3  A$lcc2078 |    00000EC5  A$lcc2078
     00000EC7  A$lcc2078 |    00000EC9  A$lcc2078 |    00000ECA  A$lcc2078
     00000ECC  A$lcc2078 |    00000ECC  C$main.c$ |    00000ECD  A$lcc2078
     00000ECF  A$lcc2078 |    00000ED0  A$lcc2078 |    00000ED1  A$lcc2078
     00000ED2  A$lcc2078 |    00000ED5  A$lcc2078 |    00000ED7  A$lcc2078
     00000ED7  C$main.c$ |    00000ED8  A$lcc2078 |    00000EDA  A$lcc2078
     00000EDA  C$main.c$ |    00000EDD  A$lcc2078 |    00000EDF  A$lcc2078
     00000EE1  A$lcc2078 |    00000EE4  A$lcc2078 |    00000EE5  A$lcc2078
     00000EE6  A$lcc2078 |    00000EE8  A$lcc2078 |    00000EE8  C$main.c$
     00000EEA  A$lcc2078 |    00000EEA  C$main.c$ |    00000EED  A$lcc2078
     00000EEE  A$lcc2078 |    00000EEF  A$lcc2078 |    00000EEF  C$main.c$
     00000EF2  A$lcc2078 |    00000EF4  A$lcc2078 |    00000EF5  A$lcc2078
     00000EF5  C$main.c$ |    00000EF8  A$lcc2078 |    00000EF9  A$lcc2078
     00000EFA  A$lcc2078 |    00000EFC  A$lcc2078 |    00000EFD  A$lcc2078
     00000F00  A$lcc2078 |    00000F01  A$lcc2078 |    00000F02  A$lcc2078
     00000F05  A$lcc2078 |    00000F07  A$lcc2078 |    00000F08  A$lcc2078
     00000F0B  A$lcc2078 |    00000F0C  A$lcc2078 |    00000F0D  A$lcc2078
     00000F0D  C$main.c$ |    00000F0E  A$lcc2078 |    00000F0F  A$lcc2078
     00000F11  A$lcc2078 |    00000F11  C$main.c$ |    00000F14  A$lcc2078
     00000F15  A$lcc2078 |    00000F16  A$lcc2078 |    00000F18  A$lcc2078
     00000F18  C$main.c$ |    00000F19  A$lcc2078 |    00000F1A  A$lcc2078
     00000F1B  A$lcc2078 |    00000F1C  A$lcc2078 |    00000F1E  A$lcc2078
     00000F1F  A$lcc2078 |    00000F20  A$lcc2078 |    00000F21  A$lcc2078
     00000F22  A$lcc2078 |    00000F25  A$lcc2078 |    00000F27  A$lcc2078
     00000F28  A$lcc2078 |    00000F28  C$main.c$ |    00000F29  A$lcc2078
     00000F2B  A$lcc2078 |    00000F2B  C$main.c$ |    00000F2E  A$lcc2078
     00000F2F  A$lcc2078 |    00000F30  A$lcc2078 |    00000F32  A$lcc2078
     00000F32  C$main.c$ |    00000F33  A$lcc2078 |    00000F34  A$lcc2078
     00000F35  A$lcc2078 |    00000F36  A$lcc2078 |    00000F38  A$lcc2078
     00000F39  A$lcc2078 |    00000F3A  A$lcc2078 |    00000F3B  A$lcc2078
     00000F3C  A$lcc2078 |    00000F3F  A$lcc2078 |    00000F41  A$lcc2078
     00000F42  A$lcc2078 |    00000F42  C$main.c$ |    00000F43  A$lcc2078
     00000F45  A$lcc2078 |    00000F45  C$main.c$ |    00000F48  A$lcc2078
     00000F4A  A$lcc2078 |    00000F4A  C$main.c$ |    00000F4D  A$lcc2078
     00000F4F  A$lcc2078 |    00000F50  A$lcc2078 |    00000F50  C$main.c$
     00000F53  A$lcc2078 |    00000F54  A$lcc2078 |    00000F55  A$lcc2078
     00000F57  A$lcc2078 |    00000F57  C$main.c$ |    00000F58  A$lcc2078
     00000F59  A$lcc2078 |    00000F5A  A$lcc2078 |    00000F5C  A$lcc2078
     00000F5D  A$lcc2078 |    00000F5E  A$lcc2078 |    00000F5F  A$lcc2078
     00000F60  A$lcc2078 |    00000F63  A$lcc2078 |    00000F65  A$lcc2078
     00000F66  A$lcc2078 |    00000F66  C$main.c$ |    00000F67  A$lcc2078
     00000F69  A$lcc2078 |    00000F69  C$main.c$ |    00000F6C  A$lcc2078
     00000F6D  A$lcc2078 |    00000F6E  A$lcc2078 |    00000F6F  A$lcc2078
     00000F6F  C$main.c$ |    00000F70  A$lcc2078 |    00000F71  A$lcc2078
     00000F72  A$lcc2078 |    00000F74  A$lcc2078 |    00000F75  A$lcc2078
     00000F76  A$lcc2078 |    00000F77  A$lcc2078 |    00000F78  A$lcc2078
     00000F7B  A$lcc2078 |    00000F7D  A$lcc2078 |    00000F7E  A$lcc2078
     00000F7E  C$main.c$ |    00000F7F  A$lcc2078 |    00000F7F  C$main.c$
     00000F7F  XG$animat |    00000F81  A$lcc2078 |    00000F81  C$main.c$
ASxxxx Linker V03.00 + NoICE + sdld,  page 19.
Hexadecimal  [32-Bits]

Area                       Addr        Size        Decimal Bytes (Attributes)
--------------------       ----        ----        ------- ----- ------------
_CODE                  00000200    0000209C =        8348. bytes (REL,CON)

        Value  Global            Value  Global            Value  Global    
        -----  ------            -----  ------            -----  ------    
     00000F81  C$main.c$ |    00000F81  G$stage_t |    00000F81  _stage_ti
     00000F84  A$lcc2078 |    00000F85  A$lcc2078 |    00000F87  A$lcc2078
     00000F89  A$lcc2078 |    00000F8A  A$lcc2078 |    00000F8B  A$lcc2078
     00000F8C  A$lcc2078 |    00000F8E  A$lcc2078 |    00000F91  A$lcc2078
     00000F93  A$lcc2078 |    00000F95  A$lcc2078 |    00000F95  C$main.c$
     00000F98  A$lcc2078 |    00000F99  A$lcc2078 |    00000F9A  A$lcc2078
     00000F9B  A$lcc2078 |    00000F9D  A$lcc2078 |    00000F9F  A$lcc2078
     00000FA1  A$lcc2078 |    00000FA3  A$lcc2078 |    00000FA5  A$lcc2078
     00000FA7  A$lcc2078 |    00000FA9  A$lcc2078 |    00000FAB  A$lcc2078
     00000FAD  A$lcc2078 |    00000FAF  A$lcc2078 |    00000FB0  A$lcc2078
     00000FB2  A$lcc2078 |    00000FB3  A$lcc2078 |    00000FB3  C$main.c$
     00000FB4  A$lcc2078 |    00000FB4  C$main.c$ |    00000FB6  A$lcc2078
     00000FB7  A$lcc2078 |    00000FB9  A$lcc2078 |    00000FBA  A$lcc2078
     00000FBB  A$lcc2078 |    00000FBC  A$lcc2078 |    00000FBD  A$lcc2078
     00000FC0  A$lcc2078 |    00000FC1  A$lcc2078 |    00000FC1  C$main.c$
     00000FC2  A$lcc2078 |    00000FC4  A$lcc2078 |    00000FC5  A$lcc2078
     00000FC8  A$lcc2078 |    00000FC9  A$lcc2078 |    00000FCA  A$lcc2078
     00000FCC  A$lcc2078 |    00000FCD  A$lcc2078 |    00000FCE  A$lcc2078
     00000FD0  A$lcc2078 |    00000FD1  A$lcc2078 |    00000FD2  A$lcc2078
     00000FD4  A$lcc2078 |    00000FD4  C$main.c$ |    00000FD5  A$lcc2078
     00000FD7  A$lcc2078 |    00000FD8  A$lcc2078 |    00000FDA  A$lcc2078
     00000FDB  A$lcc2078 |    00000FDC  A$lcc2078 |    00000FDD  A$lcc2078
     00000FE0  A$lcc2078 |    00000FE2  A$lcc2078 |    00000FE2  C$main.c$
     00000FE5  A$lcc2078 |    00000FE6  A$lcc2078 |    00000FE6  C$main.c$
     00000FE9  A$lcc2078 |    00000FEA  A$lcc2078 |    00000FEC  A$lcc2078
     00000FED  A$lcc2078 |    00000FEE  A$lcc2078 |    00000FEE  C$main.c$
     00000FF1  A$lcc2078 |    00000FF3  A$lcc2078 |    00000FF4  A$lcc2078
     00000FF4  C$main.c$ |    00000FF7  A$lcc2078 |    00000FF7  C$main.c$
     00000FF7  C$main.c$ |    00000FF7  XG$stage_ |    00000FFA  A$lcc2078
     00000FFA  C$main.c$ |    00000FFA  C$main.c$ |    00000FFA  G$main$0$
     00000FFA  _main     |    00000FFC  A$lcc2078 |    00000FFE  A$lcc2078
     00000FFE  C$main.c$ |    00000FFF  A$lcc2078 |    00001001  A$lcc2078
     00001001  C$main.c$ |    00001002  A$lcc2078 |    00001002  C$main.c$
     00001005  A$lcc2078 |    00001006  A$lcc2078 |    00001009  A$lcc2078
     0000100A  A$lcc2078 |    0000100B  A$lcc2078 |    0000100B  C$main.c$
     0000100D  A$lcc2078 |    0000100E  A$lcc2078 |    0000100F  A$lcc2078
     00001012  A$lcc2078 |    00001013  A$lcc2078 |    00001013  C$main.c$
     00001014  A$lcc2078 |    00001016  A$lcc2078 |    00001016  C$main.c$
     00001018  A$lcc2078 |    0000101A  A$lcc2078 |    0000101A  C$main.c$
     0000101C  A$lcc2078 |    0000101E  A$lcc2078 |    00001020  A$lcc2078
     00001020  C$main.c$ |    00001022  A$lcc2078 |    00001024  A$lcc2078
     00001026  A$lcc2078 |    00001026  C$main.c$ |    00001028  A$lcc2078
     0000102A  A$lcc2078 |    0000102C  A$lcc2078 |    0000102C  C$main.c$
     0000102E  A$lcc2078 |    00001030  A$lcc2078 |    00001032  A$lcc2078
     00001032  C$main.c$ |    00001035  A$lcc2078 |    00001037  A$lcc2078
     00001037  C$main.c$ |    0000103A  A$lcc2078 |    0000103A  C$main.c$
     0000103A  C$main.c$ |    0000103D  A$lcc2078 |    00001040  A$lcc2078
     00001040  C$main.c$ |    00001043  A$lcc2078 |    00001046  A$lcc2078
     00001047  A$lcc2078 |    00001047  C$main.c$ |    0000104A  A$lcc2078
     0000104B  A$lcc2078 |    0000104E  A$lcc2078 |    0000104F  A$lcc2078
     00001050  A$lcc2078 |    00001051  A$lcc2078 |    00001052  A$lcc2078
ASxxxx Linker V03.00 + NoICE + sdld,  page 20.
Hexadecimal  [32-Bits]

Area                       Addr        Size        Decimal Bytes (Attributes)
--------------------       ----        ----        ------- ----- ------------
_CODE                  00000200    0000209C =        8348. bytes (REL,CON)

        Value  Global            Value  Global            Value  Global    
        -----  ------            -----  ------            -----  ------    
     00001055  A$lcc2078 |    00001056  A$lcc2078 |    00001056  C$main.c$
     00001059  A$lcc2078 |    0000105A  A$lcc2078 |    0000105D  A$lcc2078
     0000105D  C$main.c$ |    00001060  A$lcc2078 |    00001061  A$lcc2078
     00001064  A$lcc2078 |    00001064  C$main.c$ |    00001067  A$lcc2078
     0000106A  A$lcc2078 |    0000106B  A$lcc2078 |    0000106C  A$lcc2078
     0000106C  C$main.c$ |    0000106D  A$lcc2078 |    0000106E  A$lcc2078
     00001070  A$lcc2078 |    00001073  A$lcc2078 |    00001075  A$lcc2078
     00001077  A$lcc2078 |    00001077  C$main.c$ |    00001077  C$main.c$
     0000107A  A$lcc2078 |    0000107C  A$lcc2078 |    0000107E  A$lcc2078
     00001081  A$lcc2078 |    00001083  A$lcc2078 |    00001085  A$lcc2078
     00001088  A$lcc2078 |    00001088  C$main.c$ |    00001088  C$main.c$
     0000108A  A$lcc2078 |    0000108D  A$lcc2078 |    0000108D  C$main.c$
     00001090  A$lcc2078 |    00001092  A$lcc2078 |    00001092  C$main.c$
     00001095  A$lcc2078 |    00001097  A$lcc2078 |    00001097  C$main.c$
     0000109A  A$lcc2078 |    0000109C  A$lcc2078 |    0000109C  C$main.c$
     0000109F  A$lcc2078 |    000010A1  A$lcc2078 |    000010A1  C$main.c$
     000010A3  A$lcc2078 |    000010A3  C$main.c$ |    000010A3  C$main.c$
     000010A5  A$lcc2078 |    000010A7  A$lcc2078 |    000010A7  C$main.c$
     000010AA  A$lcc2078 |    000010AC  A$lcc2078 |    000010AC  C$main.c$
     000010AF  A$lcc2078 |    000010B1  A$lcc2078 |    000010B1  C$main.c$
     000010B4  A$lcc2078 |    000010B6  A$lcc2078 |    000010B6  C$main.c$
     000010B9  A$lcc2078 |    000010BB  A$lcc2078 |    000010BB  C$main.c$
     000010BD  A$lcc2078 |    000010BD  C$main.c$ |    000010BD  C$main.c$
     000010BF  A$lcc2078 |    000010C1  A$lcc2078 |    000010C1  C$main.c$
     000010C4  A$lcc2078 |    000010C6  A$lcc2078 |    000010C6  C$main.c$
     000010C9  A$lcc2078 |    000010CB  A$lcc2078 |    000010CB  C$main.c$
[...]
        -----  ------            -----  ------            -----  ------    
     00000028  .MemsetSm
ASxxxx Linker V03.00 + NoICE + sdld,  page 24.
Hexadecimal  [32-Bits]

Area                       Addr        Size        Decimal Bytes (Attributes)
--------------------       ----        ----        ------- ----- ------------
_HEADER2               00000000    00000007 =           7. bytes (ABS,CON)

        Value  Global            Value  Global            Value  Global    
        -----  ------            -----  ------            -----  ------    
     00000030  .MemcpySm
ASxxxx Linker V03.00 + NoICE + sdld,  page 25.
Hexadecimal  [32-Bits]

Area                       Addr        Size        Decimal Bytes (Attributes)
--------------------       ----        ----        ------- ----- ------------
_HEADER3               00000000    00000008 =           8. bytes (ABS,CON)

        Value  Global            Value  Global            Value  Global    
        -----  ------            -----  ------            -----  ------    
ASxxxx Linker V03.00 + NoICE + sdld,  page 26.
Hexadecimal  [32-Bits]

Area                       Addr        Size        Decimal Bytes (Attributes)
--------------------       ----        ----        ------- ----- ------------
_HEADER4               00000000    0000004E =          78. bytes (ABS,CON)

        Value  Global            Value  Global            Value  Global    
        -----  ------            -----  ------            -----  ------    
     00000080  .int      |    0000008F  _wait_int |    0000009C  __standar
     000000AC  _refresh_
ASxxxx Linker V03.00 + NoICE + sdld,  page 27.
Hexadecimal  [32-Bits]

Area                       Addr        Size        Decimal Bytes (Attributes)
--------------------       ----        ----        ------- ----- ------------
_HEADER5               00000000    00000002 =           2. bytes (ABS,CON)

        Value  Global            Value  Global            Value  Global    
        -----  ------            -----  ------            -----  ------    
ASxxxx Linker V03.00 + NoICE + sdld,  page 28.
Hexadecimal  [32-Bits]

Area                       Addr        Size        Decimal Bytes (Attributes)
--------------------       ----        ----        ------- ----- ------------
_HEADER6               00000000    00000030 =          48. bytes (ABS,CON)

        Value  Global            Value  Global            Value  Global    
        -----  ------            -----  ------            -----  ------    
ASxxxx Linker V03.00 + NoICE + sdld,  page 29.
Hexadecimal  [32-Bits]

Area                       Addr        Size        Decimal Bytes (Attributes)
--------------------       ----        ----        ------- ----- ------------
_HEADER7               00000000    00000006 =           6. bytes (ABS,CON)

        Value  Global            Value  Global            Value  Global    
        -----  ------            -----  ------            -----  ------    
ASxxxx Linker V03.00 + NoICE + sdld,  page 30.
Hexadecimal  [32-Bits]

Area                       Addr        Size        Decimal Bytes (Attributes)
--------------------       ----        ----        ------- ----- ------------
_HEADER8               00000000    00000003 =           3. bytes (ABS,CON)

        Value  Global            Value  Global            Value  Global    
        -----  ------            -----  ------            -----  ------    
ASxxxx Linker V03.00 + NoICE + sdld,  page 31.
Hexadecimal  [32-Bits]

Area                       Addr        Size        Decimal Bytes (Attributes)
--------------------       ----        ----        ------- ----- ------------
_HEADER9               00000000    00000001 =           1. bytes (ABS,CON)

        Value  Global            Value  Global            Value  Global    
        -----  ------            -----  ------            -----  ------    
ASxxxx Linker V03.00 + NoICE + sdld,  page 32.
Hexadecimal  [32-Bits]

Area                       Addr        Size        Decimal Bytes (Attributes)
--------------------       ----        ----        ------- ----- ------------
_HEADERa               00000000    00000001 =           1. bytes (ABS,CON)

        Value  Global            Value  Global            Value  Global    
        -----  ------            -----  ------            -----  ------    
ASxxxx Linker V03.00 + NoICE + sdld,  page 33.
Hexadecimal  [32-Bits]

Area                       Addr        Size        Decimal Bytes (Attributes)
--------------------       ----        ----        ------- ----- ------------
_HEADERb               00000000    00000001 =           1. bytes (ABS,CON)

        Value  Global            Value  Global            Value  Global    
        -----  ------            -----  ------            -----  ------    
ASxxxx Linker V03.00 + NoICE + sdld,  page 34.
Hexadecimal  [32-Bits]

Area                       Addr        Size        Decimal Bytes (Attributes)
--------------------       ----        ----        ------- ----- ------------
_HEADERc               00000000    00000002 =           2. bytes (ABS,CON)

        Value  Global            Value  Global            Value  Global    
        -----  ------            -----  ------            -----  ------    
ASxxxx Linker V03.00 + NoICE + sdld,  page 35.
Hexadecimal  [32-Bits]

Area                       Addr        Size        Decimal Bytes (Attributes)
--------------------       ----        ----        ------- ----- ------------
_HEADERd               00000000    00000001 =           1. bytes (ABS,CON)

        Value  Global            Value  Global            Value  Global    
        -----  ------            -----  ------            -----  ------    
ASxxxx Linker V03.00 + NoICE + sdld,  page 36.
Hexadecimal  [32-Bits]

Area                       Addr        Size        Decimal Bytes (Attributes)
--------------------       ----        ----        ------- ----- ------------
_HEADERe               00000000    00000001 =           1. bytes (ABS,CON)

        Value  Global            Value  Global            Value  Global    
        -----  ------            -----  ------            -----  ------    
ASxxxx Linker V03.00 + NoICE + sdld,  page 37.
Hexadecimal  [32-Bits]

Area                       Addr        Size        Decimal Bytes (Attributes)
--------------------       ----        ----        ------- ----- ------------
_HEADERf               00000000    00000002 =           2. bytes (ABS,CON)

        Value  Global            Value  Global            Value  Global    
        -----  ------            -----  ------            -----  ------    
ASxxxx Linker V03.00 + NoICE + sdld,  page 38.
Hexadecimal  [32-Bits]

Area                       Addr        Size        Decimal Bytes (Attributes)
--------------------       ----        ----        ------- ----- ------------
_HEADER10              00000000    00000082 =         130. bytes (ABS,CON)

        Value  Global            Value  Global            Value  Global    
        -----  ------            -----  ------            -----  ------    
     00000150  .reset    |    00000150  _reset    |    00000157  .code_sta
     000001B7  _exit     |    000001BB  _set_inte
ASxxxx Linker V03.00 + NoICE + sdld,  page 39.
Hexadecimal  [32-Bits]

Area                       Addr        Size        Decimal Bytes (Attributes)
--------------------       ----        ----        ------- ----- ------------
_HEADER11              00000000    00000001 =           1. bytes (ABS,CON)

        Value  Global            Value  Global            Value  Global    
        -----  ------            -----  ------            -----  ------    
ASxxxx Linker V03.00 + NoICE + sdld,  page 40.
Hexadecimal  [32-Bits]

Area                       Addr        Size        Decimal Bytes (Attributes)
--------------------       ----        ----        ------- ----- ------------
_HOME                  0000229C    0000039E =         926. bytes (REL,CON)

        Value  Global            Value  Global            Value  Global    
        -----  ------            -----  ------            -----  ------    
     0000229C  .memset_s |    000022A5  .memcpy_s |    000022C2  .remove_V
     000022C5  .remove_i |    000022E2  .add_VBL  |    000022E5  .add_int 
     000022F0  .wait_vbl |    000022F0  _wait_vbl |    00002300  .display_
     00002300  _display_ |    00002318  _remove_V |    00002323  _add_VBL 
     0000232E  _set_tile |    00002333  _set_bkg_ |    00002333  _set_win_
     0000233B  _set_spri |    0000236B  .padup    |    0000236B  _waitpadu
     0000237B  .jpad     |    0000237B  _joypad   |    000023A3  _waitpad 
     000023A6  .wait_pad |    000023AD  ___sdcc_c |    000023DD  _add_LCD 
     000023E8  .add_LCD  |    000023EE  _remove_L |    000023F9  .remove_L
     000023FF  __divsuch |    0000240C  __modsuch |    00002416  __divusch
     00002428  __modusch |    00002438  __divscha |    00002444  __modscha
     0000244E  __divsint |    0000245F  __modsint |    0000246E  __divucha
     0000247A  __moducha |    00002484  __divuint |    00002495  __moduint
     000024A4  .div8     |    000024A4  .mod8     |    000024AC  .div16   
     000024AC  .mod16    |    000024E2  .divu8    |    000024E2  .modu8   
     000024E5  .divu16   |    000024E5  .modu16   |    00002526  _set_bkg_
     0000253A  _uitoa    |    00002549  _itoa     |    00002558  .itoa    
     0000256C  .utoa     |    000025E0  .set_xy_w |    000025E9  .set_xy_b
     000025F8  .set_xy_t
ASxxxx Linker V03.00 + NoICE + sdld,  page 41.
Hexadecimal  [32-Bits]

Area                       Addr        Size        Decimal Bytes (Attributes)
--------------------       ----        ----        ------- ----- ------------
_CODE_0                0000263A    00000440 =        1088. bytes (REL,CON)

        Value  Global            Value  Global            Value  Global    
        -----  ------            -----  ------            -----  ------    
     0000263A  G$FONT$0_ |    0000263A  _FONT    
ASxxxx Linker V03.00 + NoICE + sdld,  page 42.
Hexadecimal  [32-Bits]

Area                       Addr        Size        Decimal Bytes (Attributes)
--------------------       ----        ----        ------- ----- ------------
_INITIALIZER           00002A7A    0000004B =          75. bytes (REL,CON)

        Value  Global            Value  Global            Value  Global    
        -----  ------            -----  ------            -----  ------    
     00002A7A  Fmain$__x |    00002A9E  Fmain$__x |    00002AA1  Fmain$__x
     00002AA5  Fmain$__x |    00002AA9  Fmain$__x |    00002AB0  Fmain$__x
     00002AB1  Fmain$__x |    00002AB6  Fmain$__x |    00002ABB  Fmain$__x
     00002AC2  Fmain$__x
ASxxxx Linker V03.00 + NoICE + sdld,  page 43.
Hexadecimal  [32-Bits]

Area                       Addr        Size        Decimal Bytes (Attributes)
--------------------       ----        ----        ------- ----- ------------
_GSINIT                00002AC5    0000000C =          12. bytes (REL,CON)

        Value  Global            Value  Global            Value  Global    
        -----  ------            -----  ------            -----  ------    
     00002AC5  gsinit   
ASxxxx Linker V03.00 + NoICE + sdld,  page 44.
Hexadecimal  [32-Bits]

Area                       Addr        Size        Decimal Bytes (Attributes)
--------------------       ----        ----        ------- ----- ------------
_GSFINAL               00002AD1    00000001 =           1. bytes (REL,CON)

        Value  Global            Value  Global            Value  Global    
        -----  ------            -----  ------            -----  ------    
ASxxxx Linker V03.00 + NoICE + sdld,  page 45.
Hexadecimal  [32-Bits]

Area                       Addr        Size        Decimal Bytes (Attributes)
--------------------       ----        ----        ------- ----- ------------
_DATA                  0000C0A0    00000071 =         113. bytes (REL,CON)

        Value  Global            Value  Global            Value  Global    
        -----  ------            -----  ------            -----  ------    
     0000C0A0  __cpu     |    0000C0A1  __is_GBA  |    0000C0A2  .mode    
     0000C0A3  .sys_time |    0000C0A3  _sys_time |    0000C0A5  .int_0x40
     0000C0B9  G$scroll$ |    0000C0B9  _scroll   |    0000C0C3  G$PLAYER$
     0000C0C3  _PLAYER   |    0000C0CA  G$joy$0_0 |    0000C0CA  _joy     
     0000C0CB  G$last_jo |    0000C0CB  _last_joy |    0000C0CC  G$is_movi
     0000C0CC  _is_movin |    0000C0CD  G$turtles |    0000C0CD  _turtles_
     0000C0CE  G$is_anim |    0000C0CE  _is_anima |    0000C0CF  G$move_x$
     0000C0CF  _move_x   |    0000C0D0  G$move_y$ |    0000C0D0  _move_y  
     0000C0D1  G$scx_cou |    0000C0D1  _scx_coun |    0000C0D2  G$turtle_
     0000C0D2  _turtle_c |    0000C0D3  G$dive_co |    0000C0D3  _dive_cou
     0000C0D4  G$timer$0 |    0000C0D4  _timer    |    0000C0D6  G$timer_t
     0000C0D6  _timer_ti |    0000C0D7  G$GAMESTA |    0000C0D7  _GAMESTAT
     0000C0D8  G$turtle_ |    0000C0D8  _turtle_t |    0000C0D9  G$dive_ti
     0000C0D9  _dive_til |    0000C0DA  G$y_min$0 |    0000C0DA  _y_min   
     0000C0DB  G$vram_ad |    0000C0DB  _vram_add |    0000C0DD  G$score$0
     0000C0DD  _score    |    0000C0DF  G$score_b |    0000C0DF  _score_bu
     0000C0E4  G$current |    0000C0E4  _current_ |    0000C0E5  G$level_b
     0000C0E5  _level_bu |    0000C0FD  G$animati |    0000C0FD  _animatio
     0000C0FE  ___curren |    0000C100  ___curren |    0000C101  .int_0x48
ASxxxx Linker V03.00 + NoICE + sdld,  page 46.
Hexadecimal  [32-Bits]

Area                       Addr        Size        Decimal Bytes (Attributes)
--------------------       ----        ----        ------- ----- ------------
_INITIALIZED           0000C111    0000004B =          75. bytes (REL,CON)

        Value  Global            Value  Global            Value  Global    
        -----  ------            -----  ------            -----  ------    
     0000C111  G$scroll_ |    0000C111  _scroll_r |    0000C135  G$turtle_
     0000C135  _turtle_d |    0000C138  G$turtle_ |    0000C138  _turtle_d
     0000C13C  G$turtle_ |    0000C13C  _turtle_t |    0000C140  G$dive_ti
     0000C140  _dive_til |    0000C147  G$lives$0 |    0000C147  _lives   
     0000C148  G$PLAYER1 |    0000C148  _PLAYER1U |    0000C14D  G$PLAYER2
     0000C14D  _PLAYER2U |    0000C152  G$level_t |    0000C152  _level_te
     0000C159  G$animati |    0000C159  _animatio |    0000C15A  ___render
     0000C15B  __map_til
ASxxxx Linker V03.00 + NoICE + sdld,  page 47.
Hexadecimal  [32-Bits]

Area                       Addr        Size        Decimal Bytes (Attributes)
--------------------       ----        ----        ------- ----- ------------
_HRAM12                00000000    00000003 =           3. bytes (ABS,CON)

        Value  Global            Value  Global            Value  Global    
        -----  ------            -----  ------            -----  ------    
     0000FF90  __current |    0000FF92  __shadow_
ASxxxx Linker V03.00 + NoICE + sdld,  page 48.
Hexadecimal  [32-Bits]

Area                       Addr        Size        Decimal Bytes (Attributes)
--------------------       ----        ----        ------- ----- ------------
_CODE_1                00014000    00000248 =         584. bytes (REL,CON)

        Value  Global            Value  Global            Value  Global    
        -----  ------            -----  ------            -----  ------    
     00014000  C$frogger |    00014000  G$__func_ |    00014000  G$frogger
     00014000  ___func_f |    00014000  _frogger_ |    0001400A  G$frogger
     0001400A  _frogger_ |    0001418A  G$frogger |    0001418A  _frogger_
     00014196  G$frogger |    00014196  _frogger_ |    000141A2  G$frogger
     000141A2  _frogger_ |    000141AE  G$frogger |    000141AE  _frogger_
     000141BA  G$frogger |    000141BA  _frogger_ |    000141C6  G$frogger
     000141C6  _frogger_ |    000141D2  G$frogger |    000141D2  _frogger_
     000141DE  G$frogger |    000141DE  _frogger_ |    000141E8  G$frogger
     000141E8  _frogger_ |    000141F2  C$frogger |    000141F2  G$__func_
     000141F2  G$frogger |    000141F2  ___func_f |    000141F2  _frogger_
     000141FA  G$frogger |    000141FA  _frogger_ |    0001423A  G$frogger
     0001423A  _frogger_ |    00014246  G$frogger |    00014246  _frogger_
ASxxxx Linker V03.00 + NoICE + sdld,  page 49.
Hexadecimal  [32-Bits]

Area                       Addr        Size        Decimal Bytes (Attributes)
--------------------       ----        ----        ------- ----- ------------
_HEADER_LCD0           00000000    00000003 =           3. bytes (ABS,CON)

        Value  Global            Value  Global            Value  Global    
        -----  ------            -----  ------            -----  ------    
ASxxxx Linker V03.00 + NoICE + sdld,  page 50.

Files Linked                              [ module(s) ]

C:\c_code\gbdk\lib/small/asxxxx/gb/crt0.o
                                          [ Runtime ]
C:\Users\EMART~1\AppData\Local\Temp/lcc207880.rel
                                          [ main ]
C:\Users\EMART~1\AppData\Local\Temp/lcc207881.rel
                                          [ bkg_map ]
C:\Users\EMART~1\AppData\Local\Temp/lcc207882.rel
                                          [ bkg_tiles ]
C:\Users\EMART~1\AppData\Local\Temp/lcc207883.rel
                                          [ collision_map ]
C:\Users\EMART~1\AppData\Local\Temp/lcc207884.rel
                                          [ font ]
C:\Users\EMART~1\AppData\Local\Temp/lcc207885.rel
                                          [ frog_lives ]
C:\Users\EMART~1\AppData\Local\Temp/lcc207886.rel
                                          [ frogger ]
C:\Users\EMART~1\AppData\Local\Temp/lcc207887.rel
                                          [ frogger_16 ]
C:\Users\EMART~1\AppData\Local\Temp/lcc207888.rel
                                          [ reset_timer ]
C:\Users\EMART~1\AppData\Local\Temp/lcc207889.rel
                                          [ win_frog ]


Libraries Linked                          [ object file ]

C:\c_code\gbdk\lib/small/asxxxx/gb/gb.lib
                                          [ sfr.o ]
C:\c_code\gbdk\lib/small/asxxxx/gb/gb.lib
                                          [ get_tile.o ]
C:\c_code\gbdk\lib/small/asxxxx/gb/gb.lib
                                          [ set_tile.o ]
C:\c_code\gbdk\lib/small/asxxxx/gb/gb.lib
                                          [ metasprites_hide.o ]
C:\c_code\gbdk\lib/small/asxxxx/gb/gb.lib
                                          [ set_data.o ]
C:\c_code\gbdk\lib/small/asxxxx/gb/gb.lib
                                          [ metasprites_flip.o ]
C:\c_code\gbdk\lib/small/asxxxx/gbz80/gbz80.lib
                                          [ sprintf.o ]
C:\c_code\gbdk\lib/small/asxxxx/gb/gb.lib
                                          [ pad.o ]
C:\c_code\gbdk\lib/small/asxxxx/gb/gb.lib
                                          [ metasprites.o ]
C:\c_code\gbdk\lib/small/asxxxx/gbz80/gbz80.lib
                                          [ __sdcc_call_hl.o ]
C:\c_code\gbdk\lib/small/asxxxx/gb/gb.lib
                                          [ lcd.o ]
C:\c_code\gbdk\lib/small/asxxxx/gb/gb.lib
                                          [ get_addr.o ]
C:\c_code\gbdk\lib/small/asxxxx/gbz80/gbz80.lib
                                          [ div.o ]
C:\c_code\gbdk\lib/small/asxxxx/gb/gb.lib
                                          [ set_bk_t.o ]
C:\c_code\gbdk\lib/small/asxxxx/gbz80/gbz80.lib
                                          [ itoa.o ]
C:\c_code\gbdk\lib/small/asxxxx/gb/gb.lib
                                          [ set_xy_t.o ]

ASxxxx Linker V03.00 + NoICE + sdld,  page 51.

User Base Address Definitions

_DATA=0xC0A0
_CODE=0x0200
ASxxxx Linker V03.00 + NoICE + sdld,  page 52.

User Global Definitions

_shadow_OAM=0xC000
.STACK=0xE000
.refresh_OAM=0xFF80

