ASxxxx Linker V03.00 + NoICE + sdld,  page 1.
Hexadecimal  [32-Bits]

Area                       Addr        Size        Decimal Bytes (Attributes)
--------------------       ----        ----        ------- ----- ------------
.  .ABS.               00000000    00000000 =           0. bytes (ABS,CON)

        Value  Global            Value  Global            Value  Global    
        -----  ------            -----  ------            -----  ------    
     00000000  .__.ABS.  |    00000000  _rRAMG    |    00000000  l__BASE  
     00000000  l__BSS    |    00000000  l__CABS   |    00000000  l__DABS  
     00000000  l__HEADER |    00000000  l__HEADER |    00000000  l__HEAP  
     00000000  l__HEAP_E |    00000000  l__HRAM   |    00000000  l__LIT   
     00000000  s__CABS   |    00000000  s__DABS   |    00000000  s__HEADER
     00000000  s__HEADER |    00000000  s__HEADER |    00000000  s__HEADER
     00000000  s__HEADER |    00000000  s__HEADER |    00000000  s__HEADER
     00000000  s__HEADER |    00000000  s__HEADER |    00000000  s__HEADER
     00000000  s__HEADER |    00000000  s__HEADER |    00000000  s__HEADER
     00000000  s__HEADER |    00000000  s__HEADER |    00000000  s__HEADER
     00000000  s__HEADER |    00000000  s__HEADER |    00000000  s__HEADER
     00000000  s__HEADER |    00000000  s__HEADER |    00000000  s__HRAM  
     00000000  s__HRAM12 |    00000001  ___bank_f |    00000001  ___bank_f
     00000001  ___bank_f |    00000001  ___bank_l |    00000001  l__GSFINA
     00000001  l__HEADER |    00000001  l__HEADER |    00000001  l__HEADER
     00000001  l__HEADER |    00000001  l__HEADER |    00000001  l__HEADER
     00000001  l__HEADER |    00000002  l__HEADER |    00000002  l__HEADER
     00000002  l__HEADER |    00000003  l__HEADER |    00000003  l__HEADER
     00000003  l__HRAM12 |    00000005  l__HEADER |    00000006  l__HEADER
     00000007  l__HEADER |    00000008  l__HEADER |    0000000C  l__GSINIT
     00000030  l__HEADER |    0000004C  l__HEADER |    00000056  l__INITIA
     00000056  l__INITIA |    00000084  l__HEADER |    00000086  l__DATA  
     00000200  s__CODE   |    000002AB  l__HOME   |    00000426  l__CODE_1
     00000440  l__CODE_0 |    00002000  _rROMB0   |    000027ED  l__CODE  
     000029ED  s__HOME   |    00002C98  s__BASE   |    00002C98  s__CODE_0
     00003000  _rROMB1   |    000030D8  s__INITIA |    000030D8  s__LIT   
     0000312E  s__GSINIT |    0000313A  s__GSFINA |    00004000  _rRAMB   
     00008000  __VRAM    |    00008000  __VRAM800 |    00008800  __VRAM880
     00009000  __VRAM900 |    00009800  __SCRN0   |    00009C00  __SCRN1  
     0000A000  __SRAM    |    0000C000  __RAM     |    0000C000  _shadow_O
     0000C0A0  s__DATA   |    0000C126  s__BSS    |    0000C126  s__INITIA
     0000C17C  s__HEAP   |    0000C17C  s__HEAP_E |    0000D000  __RAMBANK
     0000E000  .STACK    |    0000FE00  __OAMRAM  |    0000FF00  _P1_REG  
     0000FF00  __IO      |    0000FF01  _SB_REG   |    0000FF02  _SC_REG  
     0000FF04  _DIV_REG  |    0000FF05  _TIMA_REG |    0000FF06  _TMA_REG 
     0000FF07  _TAC_REG  |    0000FF0F  _IF_REG   |    0000FF10  _NR10_REG
     0000FF11  _NR11_REG |    0000FF12  _NR12_REG |    0000FF13  _NR13_REG
     0000FF14  _NR14_REG |    0000FF16  _NR21_REG |    0000FF17  _NR22_REG
     0000FF18  _NR23_REG |    0000FF19  _NR24_REG |    0000FF1A  _NR30_REG
     0000FF1B  _NR31_REG |    0000FF1C  _NR32_REG |    0000FF1D  _NR33_REG
     0000FF1E  _NR34_REG |    0000FF20  _NR41_REG |    0000FF21  _NR42_REG
     0000FF22  _NR43_REG |    0000FF23  _NR44_REG |    0000FF24  _NR50_REG
     0000FF25  _NR51_REG |    0000FF26  _NR52_REG |    0000FF30  _AUD3WAVE
     0000FF30  _PCM_SAMP |    0000FF30  __AUD3WAV |    0000FF40  _LCDC_REG
     0000FF41  _STAT_REG |    0000FF42  _SCY_REG  |    0000FF43  _SCX_REG 
     0000FF44  _LY_REG   |    0000FF45  _LYC_REG  |    0000FF46  _DMA_REG 
     0000FF47  _BGP_REG  |    0000FF48  _OBP0_REG |    0000FF49  _OBP1_REG
     0000FF4A  _WY_REG   |    0000FF4B  _WX_REG   |    0000FF4D  _KEY1_REG
     0000FF4F  _VBK_REG  |    0000FF51  _HDMA1_RE |    0000FF52  _HDMA2_RE
     0000FF53  _HDMA3_RE |    0000FF54  _HDMA4_RE |    0000FF55  _HDMA5_RE
ASxxxx Linker V03.00 + NoICE + sdld,  page 2.
Hexadecimal  [32-Bits]

Area                       Addr        Size        Decimal Bytes (Attributes)
--------------------       ----        ----        ------- ----- ------------
.  .ABS.               00000000    00000000 =           0. bytes (ABS,CON)

        Value  Global            Value  Global            Value  Global    
        -----  ------            -----  ------            -----  ------    
     0000FF56  _RP_REG   |    0000FF68  _BCPS_REG |    0000FF69  _BCPD_REG
     0000FF6A  _OCPS_REG |    0000FF6B  _OCPD_REG |    0000FF70  _SVBK_REG
     0000FF76  _PCM12_RE |    0000FF77  _PCM34_RE |    0000FF80  .refresh_
     0000FF80  __HRAM    |    0000FFFF  _IE_REG   |    00014000  s__CODE_1
ASxxxx Linker V03.00 + NoICE + sdld,  page 3.
Hexadecimal  [32-Bits]

Area                       Addr        Size        Decimal Bytes (Attributes)
--------------------       ----        ----        ------- ----- ------------
_CODE                  00000200    000027ED =       10221. bytes (REL,CON)

        Value  Global            Value  Global            Value  Global    
        -----  ------            -----  ------            -----  ------    
     00000200  A$lcc2526 |    00000200  C$main.c$ |    00000200  G$overlap
     00000200  _overlap  |    00000201  A$lcc2526 |    00000201  C$main.c$
     00000203  A$lcc2526 |    00000204  A$lcc2526 |    00000205  A$lcc2526
     00000207  A$lcc2526 |    00000208  A$lcc2526 |    00000209  A$lcc2526
     0000020A  A$lcc2526 |    0000020C  A$lcc2526 |    0000020E  A$lcc2526
     0000020F  A$lcc2526 |    00000211  A$lcc2526 |    00000212  A$lcc2526
     00000214  A$lcc2526 |    00000216  A$lcc2526 |    00000217  A$lcc2526
     00000219  A$lcc2526 |    0000021A  A$lcc2526 |    0000021C  A$lcc2526
     0000021E  A$lcc2526 |    0000021F  A$lcc2526 |    00000221  A$lcc2526
     00000222  A$lcc2526 |    00000224  A$lcc2526 |    00000226  A$lcc2526
     00000227  A$lcc2526 |    00000229  A$lcc2526 |    0000022A  A$lcc2526
     0000022C  A$lcc2526 |    0000022E  A$lcc2526 |    0000022F  A$lcc2526
     00000231  A$lcc2526 |    00000232  A$lcc2526 |    00000234  A$lcc2526
     00000236  A$lcc2526 |    00000237  A$lcc2526 |    00000239  A$lcc2526
     0000023A  A$lcc2526 |    0000023C  A$lcc2526 |    0000023C  C$main.c$
     0000023D  A$lcc2526 |    00000240  A$lcc2526 |    00000240  C$main.c$
     00000242  A$lcc2526 |    00000243  A$lcc2526 |    00000244  A$lcc2526
     00000246  A$lcc2526 |    00000247  A$lcc2526 |    00000248  A$lcc2526
     00000249  A$lcc2526 |    0000024A  A$lcc2526 |    0000024B  A$lcc2526
     0000024C  A$lcc2526 |    0000024D  A$lcc2526 |    0000024E  A$lcc2526
     0000024F  A$lcc2526 |    00000251  A$lcc2526 |    00000253  A$lcc2526
     00000255  A$lcc2526 |    00000257  A$lcc2526 |    00000258  A$lcc2526
     0000025A  A$lcc2526 |    0000025C  A$lcc2526 |    0000025E  A$lcc2526
     0000025F  A$lcc2526 |    00000261  A$lcc2526 |    00000263  A$lcc2526
     00000264  A$lcc2526 |    00000265  A$lcc2526 |    00000266  A$lcc2526
     00000267  A$lcc2526 |    00000268  A$lcc2526 |    00000269  A$lcc2526
     0000026A  A$lcc2526 |    0000026C  A$lcc2526 |    0000026E  A$lcc2526
     00000270  A$lcc2526 |    00000272  A$lcc2526 |    00000273  A$lcc2526
     00000275  A$lcc2526 |    00000277  A$lcc2526 |    00000279  A$lcc2526
     0000027A  A$lcc2526 |    0000027C  A$lcc2526 |    0000027C  C$main.c$
     0000027D  A$lcc2526 |    0000027F  A$lcc2526 |    0000027F  C$main.c$
     00000281  A$lcc2526 |    00000282  A$lcc2526 |    00000283  A$lcc2526
     00000285  A$lcc2526 |    00000286  A$lcc2526 |    00000287  A$lcc2526
     00000288  A$lcc2526 |    00000289  A$lcc2526 |    0000028A  A$lcc2526
     0000028B  A$lcc2526 |    0000028C  A$lcc2526 |    0000028D  A$lcc2526
     0000028E  A$lcc2526 |    00000290  A$lcc2526 |    00000292  A$lcc2526
     00000294  A$lcc2526 |    00000296  A$lcc2526 |    00000297  A$lcc2526
     00000299  A$lcc2526 |    0000029B  A$lcc2526 |    0000029D  A$lcc2526
     0000029E  A$lcc2526 |    000002A0  A$lcc2526 |    000002A2  A$lcc2526
     000002A3  A$lcc2526 |    000002A4  A$lcc2526 |    000002A6  A$lcc2526
     000002A7  A$lcc2526 |    000002A8  A$lcc2526 |    000002A9  A$lcc2526
     000002AA  A$lcc2526 |    000002AB  A$lcc2526 |    000002AC  A$lcc2526
     000002AD  A$lcc2526 |    000002AE  A$lcc2526 |    000002AF  A$lcc2526
     000002B1  A$lcc2526 |    000002B3  A$lcc2526 |    000002B5  A$lcc2526
     000002B7  A$lcc2526 |    000002B8  A$lcc2526 |    000002BA  A$lcc2526
     000002BC  A$lcc2526 |    000002BE  A$lcc2526 |    000002BF  A$lcc2526
     000002C1  A$lcc2526 |    000002C1  C$main.c$ |    000002C2  A$lcc2526
     000002C4  A$lcc2526 |    000002C4  C$main.c$ |    000002C6  A$lcc2526
     000002C6  C$main.c$ |    000002C7  A$lcc2526 |    000002C8  A$lcc2526
     000002C9  A$lcc2526 |    000002CB  A$lcc2526 |    000002CC  A$lcc2526
ASxxxx Linker V03.00 + NoICE + sdld,  page 4.
Hexadecimal  [32-Bits]

Area                       Addr        Size        Decimal Bytes (Attributes)
--------------------       ----        ----        ------- ----- ------------
_CODE                  00000200    000027ED =       10221. bytes (REL,CON)

        Value  Global            Value  Global            Value  Global    
        -----  ------            -----  ------            -----  ------    
     000002CC  C$main.c$ |    000002CC  C$main.c$ |    000002CC  G$remove_
     000002CC  _remove_f |    000002CF  A$lcc2526 |    000002D1  A$lcc2526
     000002D4  A$lcc2526 |    000002D5  A$lcc2526 |    000002D6  A$lcc2526
     000002D7  A$lcc2526 |    000002DA  A$lcc2526 |    000002DB  A$lcc2526
     000002DC  A$lcc2526 |    000002DD  A$lcc2526 |    000002DF  A$lcc2526
     000002E0  A$lcc2526 |    000002E1  A$lcc2526 |    000002E4  A$lcc2526
     000002E5  A$lcc2526 |    000002E5  C$main.c$ |    000002E6  A$lcc2526
     000002E9  A$lcc2526 |    000002EA  A$lcc2526 |    000002EB  A$lcc2526
     000002EB  C$main.c$ |    000002EC  A$lcc2526 |    000002EF  A$lcc2526
     000002F0  A$lcc2526 |    000002F1  A$lcc2526 |    000002F1  C$main.c$
     000002F1  XG$remove |    000002F2  A$lcc2526 |    000002F2  C$main.c$
     000002F2  C$main.c$ |    000002F2  G$kill_fr |    000002F2  _kill_fro
     000002F5  A$lcc2526 |    000002F7  A$lcc2526 |    000002F7  C$main.c$
     000002FA  A$lcc2526 |    000002FC  A$lcc2526 |    000002FC  C$main.c$
     000002FF  A$lcc2526 |    00000301  A$lcc2526 |    00000301  C$main.c$
     00000304  A$lcc2526 |    00000305  A$lcc2526 |    00000306  A$lcc2526
     00000307  A$lcc2526 |    00000307  C$main.c$ |    00000308  A$lcc2526
     00000309  A$lcc2526 |    00000309  C$main.c$ |    00000309  XG$kill_f
     0000030A  A$lcc2526 |    0000030A  C$main.c$ |    0000030A  G$render_
     0000030A  _render_a |    0000030B  A$lcc2526 |    0000030B  C$main.c$
     0000030E  A$lcc2526 |    0000030F  A$lcc2526 |    0000030F  C$main.c$
     00000312  A$lcc2526 |    00000313  A$lcc2526 |    00000315  A$lcc2526
     00000316  A$lcc2526 |    00000317  A$lcc2526 |    00000318  A$lcc2526
     00000319  A$lcc2526 |    0000031A  A$lcc2526 |    0000031C  A$lcc2526
     0000031F  A$lcc2526 |    00000320  A$lcc2526 |    00000320  C$main.c$
     00000320  C$main.c$ |    00000321  A$lcc2526 |    00000322  A$lcc2526
     00000324  A$lcc2526 |    00000327  A$lcc2526 |    00000329  A$lcc2526
     0000032A  A$lcc2526 |    0000032D  A$lcc2526 |    0000032F  A$lcc2526
     00000330  A$lcc2526 |    00000333  A$lcc2526 |    00000334  A$lcc2526
     00000335  A$lcc2526 |    00000336  A$lcc2526 |    00000339  A$lcc2526
     0000033A  A$lcc2526 |    0000033B  A$lcc2526 |    0000033C  A$lcc2526
     0000033F  A$lcc2526 |    00000341  A$lcc2526 |    00000343  A$lcc2526
     00000345  A$lcc2526 |    00000347  A$lcc2526 |    0000034A  A$lcc2526
     0000034C  A$lcc2526 |    0000034F  A$lcc2526 |    00000350  A$lcc2526
     00000351  A$lcc2526 |    00000352  A$lcc2526 |    00000353  A$lcc2526
     00000355  A$lcc2526 |    00000356  A$lcc2526 |    00000358  A$lcc2526
     00000359  A$lcc2526 |    0000035C  A$lcc2526 |    0000035E  A$lcc2526
     0000035E  C$main.c$ |    00000360  A$lcc2526 |    00000360  C$main.c$
     00000361  A$lcc2526 |    00000362  A$lcc2526 |    00000364  A$lcc2526
     00000367  A$lcc2526 |    00000368  A$lcc2526 |    0000036B  A$lcc2526
     0000036C  A$lcc2526 |    0000036F  A$lcc2526 |    00000370  A$lcc2526
     00000371  A$lcc2526 |    00000372  A$lcc2526 |    00000373  A$lcc2526
     00000376  A$lcc2526 |    00000377  A$lcc2526 |    00000378  A$lcc2526
     00000379  A$lcc2526 |    0000037C  A$lcc2526 |    0000037E  A$lcc2526
     0000037F  A$lcc2526 |    00000380  A$lcc2526 |    00000381  A$lcc2526
     00000382  A$lcc2526 |    00000383  A$lcc2526 |    00000384  A$lcc2526
     00000385  A$lcc2526 |    00000386  A$lcc2526 |    00000389  A$lcc2526
     0000038B  A$lcc2526 |    0000038B  C$main.c$ |    0000038B  C$main.c$
     0000038E  A$lcc2526 |    00000390  A$lcc2526 |    00000390  C$main.c$
     00000393  A$lcc2526 |    00000395  A$lcc2526 |    00000396  A$lcc2526
     00000396  C$main.c$ |    00000396  XG$render |    00000397  A$lcc2526
ASxxxx Linker V03.00 + NoICE + sdld,  page 5.
Hexadecimal  [32-Bits]

Area                       Addr        Size        Decimal Bytes (Attributes)
--------------------       ----        ----        ------- ----- ------------
_CODE                  00000200    000027ED =       10221. bytes (REL,CON)

        Value  Global            Value  Global            Value  Global    
        -----  ------            -----  ------            -----  ------    
     00000397  C$main.c$ |    00000397  C$main.c$ |    00000397  G$update_
     00000397  _update_l |    0000039A  A$lcc2526 |    0000039B  A$lcc2526
     0000039E  A$lcc2526 |    0000039F  A$lcc2526 |    000003A2  A$lcc2526
     000003A3  A$lcc2526 |    000003A4  A$lcc2526 |    000003A5  A$lcc2526
     000003A5  C$main.c$ |    000003A8  A$lcc2526 |    000003A9  A$lcc2526
     000003AC  A$lcc2526 |    000003AD  A$lcc2526 |    000003B0  A$lcc2526
     000003B1  A$lcc2526 |    000003B4  A$lcc2526 |    000003B6  A$lcc2526
     000003B6  C$main.c$ |    000003B9  A$lcc2526 |    000003BA  A$lcc2526
     000003BB  A$lcc2526 |    000003BD  A$lcc2526 |    000003BD  C$main.c$
     000003BF  A$lcc2526 |    000003C0  A$lcc2526 |    000003C1  A$lcc2526
     000003C4  A$lcc2526 |    000003C5  A$lcc2526 |    000003C6  A$lcc2526
     000003C7  A$lcc2526 |    000003C8  A$lcc2526 |    000003CB  A$lcc2526
     000003CD  A$lcc2526 |    000003CD  C$main.c$ |    000003D0  A$lcc2526
     000003D1  A$lcc2526 |    000003D3  A$lcc2526 |    000003D4  A$lcc2526
     000003D5  A$lcc2526 |    000003D5  C$main.c$ |    000003D6  A$lcc2526
     000003D8  A$lcc2526 |    000003D8  C$main.c$ |    000003DB  A$lcc2526
     000003DC  A$lcc2526 |    000003DF  A$lcc2526 |    000003E0  A$lcc2526
     000003E3  A$lcc2526 |    000003E4  A$lcc2526 |    000003E5  A$lcc2526
     000003E6  A$lcc2526 |    000003E6  C$main.c$ |    000003E9  A$lcc2526
     000003EB  A$lcc2526 |    000003EC  A$lcc2526 |    000003ED  A$lcc2526
     000003F0  A$lcc2526 |    000003F1  A$lcc2526 |    000003F2  A$lcc2526
     000003F3  A$lcc2526 |    000003F4  A$lcc2526 |    000003F7  A$lcc2526
     000003F9  A$lcc2526 |    000003F9  C$main.c$ |    000003F9  XG$update
     000003FA  Fmain$__s |    000003FD  A$lcc2526 |    000003FD  C$main.c$
     000003FD  C$main.c$ |    000003FD  G$update_ |    000003FD  _update_p
     00000400  A$lcc2526 |    00000401  A$lcc2526 |    00000404  A$lcc2526
     00000405  A$lcc2526 |    00000408  A$lcc2526 |    00000409  A$lcc2526
     0000040A  A$lcc2526 |    0000040B  A$lcc2526 |    0000040B  C$main.c$
     0000040E  A$lcc2526 |    0000040F  A$lcc2526 |    00000410  A$lcc2526
     00000411  A$lcc2526 |    00000411  C$main.c$ |    00000413  A$lcc2526
     00000414  A$lcc2526 |    00000415  A$lcc2526 |    00000418  A$lcc2526
     00000419  A$lcc2526 |    0000041A  A$lcc2526 |    0000041B  A$lcc2526
     0000041C  A$lcc2526 |    0000041F  A$lcc2526 |    00000421  A$lcc2526
     00000421  C$main.c$ |    00000424  A$lcc2526 |    00000425  A$lcc2526
     00000427  A$lcc2526 |    00000428  A$lcc2526 |    00000429  A$lcc2526
     00000429  C$main.c$ |    0000042A  A$lcc2526 |    0000042A  C$main.c$
     0000042A  XG$update |    0000042C  A$lcc2526 |    0000042C  C$main.c$
     0000042C  C$main.c$ |    0000042C  G$update_ |    0000042C  _update_s
     0000042F  A$lcc2526 |    00000430  A$lcc2526 |    00000432  A$lcc2526
     00000433  A$lcc2526 |    00000435  A$lcc2526 |    00000437  A$lcc2526
     00000438  A$lcc2526 |    00000439  A$lcc2526 |    0000043A  A$lcc2526
     0000043C  A$lcc2526 |    0000043C  C$main.c$ |    0000043F  A$lcc2526
     00000440  A$lcc2526 |    00000443  A$lcc2526 |    00000444  A$lcc2526
     00000447  A$lcc2526 |    00000448  A$lcc2526 |    00000449  A$lcc2526
     0000044A  A$lcc2526 |    0000044C  A$lcc2526 |    0000044C  C$main.c$
     0000044F  A$lcc2526 |    00000450  A$lcc2526 |    00000452  A$lcc2526
     00000453  A$lcc2526 |    00000455  A$lcc2526 |    00000457  A$lcc2526
     00000458  A$lcc2526 |    0000045A  A$lcc2526 |    0000045C  A$lcc2526
     0000045D  A$lcc2526 |    0000045F  A$lcc2526 |    0000045F  C$main.c$
     00000462  A$lcc2526 |    00000463  A$lcc2526 |    00000466  A$lcc2526
     00000467  A$lcc2526 |    0000046A  A$lcc2526 |    0000046B  A$lcc2526
ASxxxx Linker V03.00 + NoICE + sdld,  page 6.
Hexadecimal  [32-Bits]

Area                       Addr        Size        Decimal Bytes (Attributes)
--------------------       ----        ----        ------- ----- ------------
_CODE                  00000200    000027ED =       10221. bytes (REL,CON)

        Value  Global            Value  Global            Value  Global    
        -----  ------            -----  ------            -----  ------    
     0000046C  A$lcc2526 |    0000046D  A$lcc2526 |    0000046F  A$lcc2526
     0000046F  C$main.c$ |    00000471  A$lcc2526 |    00000473  A$lcc2526
     00000476  A$lcc2526 |    00000477  A$lcc2526 |    00000479  A$lcc2526
     0000047A  A$lcc2526 |    0000047C  A$lcc2526 |    0000047E  A$lcc2526
     0000047E  C$main.c$ |    00000481  A$lcc2526 |    00000482  A$lcc2526
     00000485  A$lcc2526 |    00000486  A$lcc2526 |    00000489  A$lcc2526
     0000048A  A$lcc2526 |    0000048B  A$lcc2526 |    0000048C  A$lcc2526
     0000048E  A$lcc2526 |    0000048E  C$main.c$ |    00000491  A$lcc2526
     00000493  A$lcc2526 |    00000494  A$lcc2526 |    00000495  A$lcc2526
     00000497  A$lcc2526 |    00000498  A$lcc2526 |    0000049A  A$lcc2526
     0000049A  C$main.c$ |    0000049D  A$lcc2526 |    0000049E  A$lcc2526
     000004A1  A$lcc2526 |    000004A2  A$lcc2526 |    000004A5  A$lcc2526
     000004A6  A$lcc2526 |    000004A7  A$lcc2526 |    000004A8  A$lcc2526
     000004A8  C$main.c$ |    000004AB  A$lcc2526 |    000004AC  A$lcc2526
     000004AD  A$lcc2526 |    000004AE  A$lcc2526 |    000004AF  A$lcc2526
     000004B2  A$lcc2526 |    000004B3  A$lcc2526 |    000004B6  A$lcc2526
     000004B7  A$lcc2526 |    000004BA  A$lcc2526 |    000004BC  A$lcc2526
     000004BC  C$main.c$ |    000004BF  A$lcc2526 |    000004C0  A$lcc2526
     000004C1  A$lcc2526 |    000004C2  A$lcc2526 |    000004C2  C$main.c$
     000004C4  A$lcc2526 |    000004C5  A$lcc2526 |    000004C6  A$lcc2526
     000004C9  A$lcc2526 |    000004CA  A$lcc2526 |    000004CB  A$lcc2526
     000004CC  A$lcc2526 |    000004CD  A$lcc2526 |    000004D0  A$lcc2526
     000004D2  A$lcc2526 |    000004D2  C$main.c$ |    000004D5  A$lcc2526
     000004D6  A$lcc2526 |    000004D8  A$lcc2526 |    000004D9  A$lcc2526
     000004DA  A$lcc2526 |    000004DA  C$main.c$ |    000004DB  A$lcc2526
     000004DB  C$main.c$ |    000004DB  XG$update |    000004DD  Fmain$__s
     000004E0  A$lcc2526 |    000004E0  C$main.c$ |    000004E0  C$main.c$
     000004E0  G$update_ |    000004E0  _update_f |    000004E3  A$lcc2526
     000004E4  A$lcc2526 |    000004E6  A$lcc2526 |    000004E7  A$lcc2526
     000004E8  A$lcc2526 |    000004EA  A$lcc2526 |    000004EA  C$main.c$
     000004ED  A$lcc2526 |    000004EE  A$lcc2526 |    000004EF  A$lcc2526
     000004F0  A$lcc2526 |    000004F3  A$lcc2526 |    000004F5  A$lcc2526
     000004F5  C$main.c$ |    000004F6  A$lcc2526 |    000004F6  C$main.c$
     000004F7  A$lcc2526 |    000004F9  A$lcc2526 |    000004F9  C$main.c$
     000004FA  A$lcc2526 |    000004FB  A$lcc2526 |    000004FD  A$lcc2526
     000004FE  A$lcc2526 |    00000501  A$lcc2526 |    00000502  A$lcc2526
     00000503  A$lcc2526 |    00000506  A$lcc2526 |    00000508  A$lcc2526
     00000508  C$main.c$ |    00000508  XG$update |    00000509  A$lcc2526
     00000509  C$main.c$ |    00000509  G$update_ |    00000509  _update_f
     0000050A  A$lcc2526 |    0000050D  A$lcc2526 |    0000050F  A$lcc2526
     00000510  A$lcc2526 |    00000510  C$main.c$ |    00000513  A$lcc2526
     00000513  C$main.c$ |    00000515  A$lcc2526 |    00000516  A$lcc2526
     00000517  A$lcc2526 |    00000519  A$lcc2526 |    0000051B  A$lcc2526
     0000051C  A$lcc2526 |    0000051D  A$lcc2526 |    0000051F  A$lcc2526
     00000521  A$lcc2526 |    00000522  A$lcc2526 |    00000524  A$lcc2526
     00000527  A$lcc2526 |    00000529  A$lcc2526 |    0000052A  A$lcc2526
     0000052C  A$lcc2526 |    0000052E  A$lcc2526 |    00000531  A$lcc2526
     00000531  C$main.c$ |    00000532  A$lcc2526 |    00000533  A$lcc2526
     00000536  A$lcc2526 |    00000537  A$lcc2526 |    0000053A  A$lcc2526
     0000053B  A$lcc2526 |    0000053C  A$lcc2526 |    0000053D  A$lcc2526
     00000540  A$lcc2526 |    00000541  A$lcc2526 |    00000542  A$lcc2526
ASxxxx Linker V03.00 + NoICE + sdld,  page 7.
Hexadecimal  [32-Bits]

Area                       Addr        Size        Decimal Bytes (Attributes)
--------------------       ----        ----        ------- ----- ------------
_CODE                  00000200    000027ED =       10221. bytes (REL,CON)

        Value  Global            Value  Global            Value  Global    
        -----  ------            -----  ------            -----  ------    
     00000543  A$lcc2526 |    00000546  A$lcc2526 |    00000548  A$lcc2526
     00000549  A$lcc2526 |    0000054A  A$lcc2526 |    0000054B  A$lcc2526
     0000054D  A$lcc2526 |    0000054E  A$lcc2526 |    00000551  A$lcc2526
     00000553  A$lcc2526 |    00000553  C$main.c$ |    00000556  A$lcc2526
     00000556  C$main.c$ |    00000557  A$lcc2526 |    00000559  A$lcc2526
     0000055A  A$lcc2526 |    0000055D  A$lcc2526 |    0000055F  A$lcc2526
     00000560  A$lcc2526 |    00000563  A$lcc2526 |    00000564  A$lcc2526
     00000565  A$lcc2526 |    00000566  A$lcc2526 |    00000569  A$lcc2526
     0000056A  A$lcc2526 |    0000056B  A$lcc2526 |    0000056C  A$lcc2526
     0000056F  A$lcc2526 |    00000571  A$lcc2526 |    00000573  A$lcc2526
     00000575  A$lcc2526 |    00000577  A$lcc2526 |    0000057A  A$lcc2526
     0000057C  A$lcc2526 |    0000057F  A$lcc2526 |    00000580  A$lcc2526
     00000581  A$lcc2526 |    00000582  A$lcc2526 |    00000583  A$lcc2526
     00000585  A$lcc2526 |    00000586  A$lcc2526 |    00000588  A$lcc2526
     00000589  A$lcc2526 |    0000058C  A$lcc2526 |    0000058E  A$lcc2526
     0000058E  C$main.c$ |    00000590  A$lcc2526 |    00000590  C$main.c$
     00000591  A$lcc2526 |    00000592  A$lcc2526 |    00000595  A$lcc2526
     00000596  A$lcc2526 |    00000599  A$lcc2526 |    0000059A  A$lcc2526
     0000059B  A$lcc2526 |    0000059C  A$lcc2526 |    0000059F  A$lcc2526
     000005A0  A$lcc2526 |    000005A1  A$lcc2526 |    000005A2  A$lcc2526
     000005A5  A$lcc2526 |    000005A7  A$lcc2526 |    000005A8  A$lcc2526
     000005A9  A$lcc2526 |    000005AA  A$lcc2526 |    000005AC  A$lcc2526
     000005AD  A$lcc2526 |    000005B0  A$lcc2526 |    000005B2  A$lcc2526
     000005B2  C$main.c$ |    000005B4  A$lcc2526 |    000005B4  C$main.c$
     000005B5  A$lcc2526 |    000005B6  A$lcc2526 |    000005B9  A$lcc2526
     000005BB  A$lcc2526 |    000005BC  A$lcc2526 |    000005BF  A$lcc2526
     000005C0  A$lcc2526 |    000005C1  A$lcc2526 |    000005C2  A$lcc2526
     000005C5  A$lcc2526 |    000005C6  A$lcc2526 |    000005C7  A$lcc2526
     000005C8  A$lcc2526 |    000005CB  A$lcc2526 |    000005CD  A$lcc2526
     000005CE  A$lcc2526 |    000005D0  A$lcc2526 |    000005D1  A$lcc2526
     000005D2  A$lcc2526 |    000005D3  A$lcc2526 |    000005D5  A$lcc2526
     000005D6  A$lcc2526 |    000005D9  A$lcc2526 |    000005DB  A$lcc2526
     000005DB  C$main.c$ |    000005DC  A$lcc2526 |    000005DC  C$main.c$
     000005DC  XG$update |    000005DD  A$lcc2526 |    000005DD  C$main.c$
     000005DD  C$main.c$ |    000005DD  G$reset_f |    000005DD  _reset_fr
     000005E0  A$lcc2526 |    000005E0  C$main.c$ |    000005E3  A$lcc2526
     000005E5  A$lcc2526 |    000005E5  C$main.c$ |    000005E8  A$lcc2526
     000005EA  A$lcc2526 |    000005ED  A$lcc2526 |    000005EF  A$lcc2526
     000005EF  C$main.c$ |    000005F2  A$lcc2526 |    000005F4  A$lcc2526
     000005F5  A$lcc2526 |    000005F7  A$lcc2526 |    000005F7  C$main.c$
     000005FA  A$lcc2526 |    000005FB  A$lcc2526 |    000005FC  A$lcc2526
     000005FE  A$lcc2526 |    000005FF  A$lcc2526 |    00000601  A$lcc2526
     00000601  C$main.c$ |    00000602  A$lcc2526 |    00000605  A$lcc2526
     00000605  C$main.c$ |    00000608  A$lcc2526 |    0000060A  A$lcc2526
     0000060A  C$main.c$ |    0000060D  A$lcc2526 |    0000060F  A$lcc2526
     00000610  A$lcc2526 |    00000611  A$lcc2526 |    00000614  A$lcc2526
     00000615  A$lcc2526 |    00000618  A$lcc2526 |    00000619  A$lcc2526
     0000061A  A$lcc2526 |    0000061B  A$lcc2526 |    0000061C  A$lcc2526
     0000061F  A$lcc2526 |    00000620  A$lcc2526 |    00000621  A$lcc2526
     00000622  A$lcc2526 |    00000625  A$lcc2526 |    00000627  A$lcc2526
     00000628  A$lcc2526 |    00000629  A$lcc2526 |    0000062A  A$lcc2526
ASxxxx Linker V03.00 + NoICE + sdld,  page 8.
Hexadecimal  [32-Bits]

Area                       Addr        Size        Decimal Bytes (Attributes)
--------------------       ----        ----        ------- ----- ------------
_CODE                  00000200    000027ED =       10221. bytes (REL,CON)

        Value  Global            Value  Global            Value  Global    
        -----  ------            -----  ------            -----  ------    
     0000062B  A$lcc2526 |    0000062C  A$lcc2526 |    0000062D  A$lcc2526
     0000062E  A$lcc2526 |    0000062F  A$lcc2526 |    00000632  A$lcc2526
     00000634  A$lcc2526 |    00000634  C$main.c$ |    00000634  C$main.c$
     00000634  XG$reset_ |    00000635  A$lcc2526 |    00000635  C$main.c$
     00000635  C$main.c$ |    00000635  G$reset_t |    00000635  _reset_ti
     00000638  A$lcc2526 |    0000063A  A$lcc2526 |    0000063B  A$lcc2526
     0000063D  A$lcc2526 |    0000063D  C$main.c$ |    00000640  A$lcc2526
     00000642  A$lcc2526 |    00000642  C$main.c$ |    00000645  A$lcc2526
     00000646  A$lcc2526 |    00000649  A$lcc2526 |    0000064A  A$lcc2526
     0000064D  A$lcc2526 |    0000064E  A$lcc2526 |    00000651  A$lcc2526
     00000653  A$lcc2526 |    00000653  C$main.c$ |    00000653  XG$reset_
     00000654  A$lcc2526 |    00000654  C$main.c$ |    00000654  C$main.c$
     00000654  G$frog_de |    00000654  _frog_dea |    00000657  A$lcc2526
     00000658  A$lcc2526 |    00000659  A$lcc2526 |    0000065B  A$lcc2526
     0000065B  C$main.c$ |    0000065C  A$lcc2526 |    0000065D  A$lcc2526
     0000065F  A$lcc2526 |    0000065F  C$main.c$ |    00000662  A$lcc2526
     00000664  A$lcc2526 |    00000664  C$main.c$ |    00000665  A$lcc2526
     00000665  C$main.c$ |    00000668  A$lcc2526 |    00000668  C$main.c$
     00000668  C$main.c$ |    00000668  XG$frog_d |    0000066B  A$lcc2526
     0000066B  C$main.c$ |    0000066B  C$main.c$ |    0000066B  G$init_le
     0000066B  _init_lev |    0000066E  A$lcc2526 |    0000066F  A$lcc2526
     00000672  A$lcc2526 |    00000673  A$lcc2526 |    00000676  A$lcc2526
     00000678  A$lcc2526 |    00000678  C$main.c$ |    0000067B  A$lcc2526
     0000067C  A$lcc2526 |    0000067F  A$lcc2526 |    00000680  A$lcc2526
     00000683  A$lcc2526 |    00000685  A$lcc2526 |    00000685  C$main.c$
     00000688  A$lcc2526 |    00000689  A$lcc2526 |    0000068C  A$lcc2526
     0000068D  A$lcc2526 |    00000690  A$lcc2526 |    00000692  A$lcc2526
     00000692  C$main.c$ |    00000695  A$lcc2526 |    00000696  A$lcc2526
     00000699  A$lcc2526 |    0000069A  A$lcc2526 |    0000069D  A$lcc2526
     0000069F  A$lcc2526 |    0000069F  C$main.c$ |    000006A2  A$lcc2526
     000006A3  A$lcc2526 |    000006A6  A$lcc2526 |    000006A7  A$lcc2526
     000006AA  A$lcc2526 |    000006AC  A$lcc2526 |    000006AC  C$main.c$
     000006AF  A$lcc2526 |    000006B0  A$lcc2526 |    000006B3  A$lcc2526
     000006B4  A$lcc2526 |    000006B7  A$lcc2526 |    000006B9  A$lcc2526
     000006B9  C$main.c$ |    000006BC  A$lcc2526 |    000006BD  A$lcc2526
     000006C0  A$lcc2526 |    000006C1  A$lcc2526 |    000006C2  A$lcc2526
     000006C3  A$lcc2526 |    000006C4  A$lcc2526 |    000006C7  A$lcc2526
     000006C9  A$lcc2526 |    000006C9  C$main.c$ |    000006CC  A$lcc2526
     000006CD  A$lcc2526 |    000006CF  A$lcc2526 |    000006D0  A$lcc2526
     000006D1  A$lcc2526 |    000006D4  A$lcc2526 |    000006D6  A$lcc2526
     000006D6  C$main.c$ |    000006D9  A$lcc2526 |    000006DB  A$lcc2526
     000006DB  C$main.c$ |    000006DE  A$lcc2526 |    000006E0  A$lcc2526
     000006E0  C$main.c$ |    000006E3  A$lcc2526 |    000006E5  A$lcc2526
     000006E6  A$lcc2526 |    000006E8  A$lcc2526 |    000006E8  C$main.c$
     000006EB  A$lcc2526 |    000006ED  A$lcc2526 |    000006EE  A$lcc2526
     000006F0  A$lcc2526 |    000006F0  C$main.c$ |    000006F3  A$lcc2526
     000006F5  A$lcc2526 |    000006F5  C$main.c$ |    000006F6  A$lcc2526
     000006F9  A$lcc2526 |    000006FA  A$lcc2526 |    000006FB  A$lcc2526
     000006FB  C$main.c$ |    000006FE  A$lcc2526 |    000006FE  C$main.c$
     00000701  A$lcc2526 |    00000703  A$lcc2526 |    00000703  C$main.c$
     00000706  A$lcc2526 |    00000706  C$main.c$ |    00000709  A$lcc2526
ASxxxx Linker V03.00 + NoICE + sdld,  page 9.
Hexadecimal  [32-Bits]

Area                       Addr        Size        Decimal Bytes (Attributes)
--------------------       ----        ----        ------- ----- ------------
_CODE                  00000200    000027ED =       10221. bytes (REL,CON)

        Value  Global            Value  Global            Value  Global    
        -----  ------            -----  ------            -----  ------    
     00000709  C$main.c$ |    0000070C  A$lcc2526 |    0000070C  C$main.c$
     0000070F  A$lcc2526 |    0000070F  C$main.c$ |    00000712  A$lcc2526
     00000712  C$main.c$ |    00000714  A$lcc2526 |    00000715  A$lcc2526
     00000717  A$lcc2526 |    00000719  A$lcc2526 |    00000719  C$main.c$
     0000071C  A$lcc2526 |    0000071E  A$lcc2526 |    0000071F  A$lcc2526
     00000721  A$lcc2526 |    00000721  C$main.c$ |    00000722  A$lcc2526
     00000724  A$lcc2526 |    00000724  C$main.c$ |    00000727  A$lcc2526
     00000729  A$lcc2526 |    0000072A  A$lcc2526 |    0000072B  A$lcc2526
     0000072C  A$lcc2526 |    0000072C  C$main.c$ |    0000072C  XG$init_l
     0000072D  A$lcc2526 |    0000072D  C$main.c$ |    0000072D  G$move_fr
     0000072D  _move_fro |    0000072E  A$lcc2526 |    0000072F  A$lcc2526
     0000072F  C$main.c$ |    00000732  A$lcc2526 |    00000733  A$lcc2526
     00000736  A$lcc2526 |    00000736  C$main.c$ |    00000739  A$lcc2526
     0000073A  A$lcc2526 |    0000073C  A$lcc2526 |    0000073D  A$lcc2526
     0000073E  A$lcc2526 |    0000073F  A$lcc2526 |    00000740  A$lcc2526
     00000743  A$lcc2526 |    00000745  A$lcc2526 |    00000747  A$lcc2526
     0000074A  A$lcc2526 |    0000074C  A$lcc2526 |    0000074F  A$lcc2526
     00000750  A$lcc2526 |    00000751  A$lcc2526 |    00000752  A$lcc2526
     00000753  A$lcc2526 |    00000754  A$lcc2526 |    00000757  A$lcc2526
     00000758  A$lcc2526 |    00000759  A$lcc2526 |    0000075A  A$lcc2526
     0000075D  A$lcc2526 |    0000075E  A$lcc2526 |    00000761  A$lcc2526
     00000762  A$lcc2526 |    00000765  A$lcc2526 |    00000766  A$lcc2526
     00000767  A$lcc2526 |    00000769  A$lcc2526 |    0000076B  A$lcc2526
     0000076D  A$lcc2526 |    0000076D  C$main.c$ |    0000076E  A$lcc2526
     00000770  A$lcc2526 |    00000772  A$lcc2526 |    00000773  A$lcc2526
     00000775  A$lcc2526 |    00000776  A$lcc2526 |    00000779  A$lcc2526
     0000077B  A$lcc2526 |    0000077C  A$lcc2526 |    0000077F  A$lcc2526
     00000780  A$lcc2526 |    00000781  A$lcc2526 |    00000782  A$lcc2526
     00000785  A$lcc2526 |    00000786  A$lcc2526 |    00000787  A$lcc2526
     0000078A  A$lcc2526 |    0000078C  A$lcc2526 |    0000078E  A$lcc2526
     0000078F  A$lcc2526 |    00000790  A$lcc2526 |    00000791  A$lcc2526
     00000792  A$lcc2526 |    00000794  A$lcc2526 |    00000795  A$lcc2526
     00000798  A$lcc2526 |    0000079A  A$lcc2526 |    0000079A  C$main.c$
     0000079D  A$lcc2526 |    0000079D  C$main.c$ |    0000079E  A$lcc2526
     000007A0  A$lcc2526 |    000007A3  A$lcc2526 |    000007A4  A$lcc2526
     000007A6  A$lcc2526 |    000007A7  A$lcc2526 |    000007AA  A$lcc2526
     000007AC  A$lcc2526 |    000007AD  A$lcc2526 |    000007B0  A$lcc2526
     000007B1  A$lcc2526 |    000007B2  A$lcc2526 |    000007B3  A$lcc2526
     000007B6  A$lcc2526 |    000007B7  A$lcc2526 |    000007B8  A$lcc2526
     000007BB  A$lcc2526 |    000007BD  A$lcc2526 |    000007BF  A$lcc2526
     000007C0  A$lcc2526 |    000007C2  A$lcc2526 |    000007C3  A$lcc2526
     000007C4  A$lcc2526 |    000007C5  A$lcc2526 |    000007C6  A$lcc2526
     000007C8  A$lcc2526 |    000007C9  A$lcc2526 |    000007CC  A$lcc2526
     000007CE  A$lcc2526 |    000007CE  C$main.c$ |    000007D1  A$lcc2526
     000007D1  C$main.c$ |    000007D4  A$lcc2526 |    000007D5  A$lcc2526
     000007D8  A$lcc2526 |    000007D8  C$main.c$ |    000007DB  A$lcc2526
     000007DC  A$lcc2526 |    000007DD  A$lcc2526 |    000007DE  A$lcc2526
     000007E1  A$lcc2526 |    000007E3  A$lcc2526 |    000007E5  A$lcc2526
     000007E8  A$lcc2526 |    000007EA  A$lcc2526 |    000007ED  A$lcc2526
     000007EE  A$lcc2526 |    000007EF  A$lcc2526 |    000007F0  A$lcc2526
     000007F3  A$lcc2526 |    000007F4  A$lcc2526 |    000007F5  A$lcc2526
ASxxxx Linker V03.00 + NoICE + sdld,  page 10.
Hexadecimal  [32-Bits]

Area                       Addr        Size        Decimal Bytes (Attributes)
--------------------       ----        ----        ------- ----- ------------
_CODE                  00000200    000027ED =       10221. bytes (REL,CON)

        Value  Global            Value  Global            Value  Global    
        -----  ------            -----  ------            -----  ------    
     000007F6  A$lcc2526 |    000007F9  A$lcc2526 |    000007FA  A$lcc2526
     000007FD  A$lcc2526 |    000007FE  A$lcc2526 |    00000800  A$lcc2526
     00000800  C$main.c$ |    00000800  C$main.c$ |    00000801  A$lcc2526
     00000802  A$lcc2526 |    00000803  A$lcc2526 |    00000803  C$main.c$
     00000804  A$lcc2526 |    00000805  A$lcc2526 |    00000807  A$lcc2526
     0000080A  A$lcc2526 |    0000080C  A$lcc2526 |    0000080D  A$lcc2526
     00000810  A$lcc2526 |    00000812  A$lcc2526 |    00000813  A$lcc2526
     00000816  A$lcc2526 |    00000817  A$lcc2526 |    00000818  A$lcc2526
     00000819  A$lcc2526 |    0000081A  A$lcc2526 |    0000081D  A$lcc2526
     0000081E  A$lcc2526 |    0000081F  A$lcc2526 |    00000820  A$lcc2526
     00000823  A$lcc2526 |    00000825  A$lcc2526 |    00000827  A$lcc2526
     00000828  A$lcc2526 |    00000829  A$lcc2526 |    0000082A  A$lcc2526
     0000082B  A$lcc2526 |    0000082D  A$lcc2526 |    0000082E  A$lcc2526
     00000831  A$lcc2526 |    00000833  A$lcc2526 |    00000833  C$main.c$
     00000835  A$lcc2526 |    00000835  C$main.c$ |    00000836  A$lcc2526
     00000838  A$lcc2526 |    0000083B  A$lcc2526 |    0000083D  A$lcc2526
     0000083F  A$lcc2526 |    00000840  A$lcc2526 |    00000843  A$lcc2526
     00000845  A$lcc2526 |    00000846  A$lcc2526 |    00000849  A$lcc2526
     0000084A  A$lcc2526 |    0000084B  A$lcc2526 |    0000084C  A$lcc2526
     0000084D  A$lcc2526 |    00000850  A$lcc2526 |    00000851  A$lcc2526
     00000852  A$lcc2526 |    00000853  A$lcc2526 |    00000856  A$lcc2526
     00000858  A$lcc2526 |    0000085A  A$lcc2526 |    0000085C  A$lcc2526
     0000085E  A$lcc2526 |    00000861  A$lcc2526 |    00000863  A$lcc2526
     00000866  A$lcc2526 |    00000868  A$lcc2526 |    00000869  A$lcc2526
     0000086A  A$lcc2526 |    0000086B  A$lcc2526 |    0000086C  A$lcc2526
     0000086D  A$lcc2526 |    0000086F  A$lcc2526 |    00000870  A$lcc2526
     00000873  A$lcc2526 |    00000875  A$lcc2526 |    00000875  C$main.c$
     00000876  A$lcc2526 |    00000877  A$lcc2526 |    00000877  C$main.c$
     00000877  XG$move_f |    00000878  A$lcc2526 |    00000878  C$main.c$
     00000878  C$main.c$ |    00000878  G$animate |    00000878  XG$animat
     00000878  _animate_ |    00000879  A$lcc2526 |    00000879  C$main.c$
     00000879  C$main.c$ |    00000879  G$update_ |    00000879  _update_m
     0000087C  A$lcc2526 |    0000087D  A$lcc2526 |    0000087F  A$lcc2526
     0000087F  C$main.c$ |    00000882  A$lcc2526 |    00000882  C$main.c$
     00000885  A$lcc2526 |    00000887  A$lcc2526 |    00000889  A$lcc2526
     0000088C  A$lcc2526 |    0000088E  A$lcc2526 |    00000891  A$lcc2526
     00000892  A$lcc2526 |    00000895  A$lcc2526 |    00000896  A$lcc2526
     00000897  A$lcc2526 |    00000898  A$lcc2526 |    00000898  C$main.c$
     0000089B  A$lcc2526 |    0000089C  A$lcc2526 |    0000089E  A$lcc2526
     0000089E  C$main.c$ |    000008A1  A$lcc2526 |    000008A1  C$main.c$
     000008A4  A$lcc2526 |    000008A6  A$lcc2526 |    000008A8  A$lcc2526
     000008AB  A$lcc2526 |    000008AD  A$lcc2526 |    000008B0  A$lcc2526
     000008B1  A$lcc2526 |    000008B4  A$lcc2526 |    000008B5  A$lcc2526
     000008B6  A$lcc2526 |    000008B7  A$lcc2526 |    000008B7  C$main.c$
     000008BA  A$lcc2526 |    000008BB  A$lcc2526 |    000008BD  A$lcc2526
     000008C0  A$lcc2526 |    000008C1  A$lcc2526 |    000008C2  A$lcc2526
     000008C2  C$main.c$ |    000008C5  A$lcc2526 |    000008C7  A$lcc2526
     000008C7  C$main.c$ |    000008CA  A$lcc2526 |    000008CB  A$lcc2526
     000008CC  A$lcc2526 |    000008CD  A$lcc2526 |    000008D0  A$lcc2526
     000008D1  A$lcc2526 |    000008D3  A$lcc2526 |    000008D4  A$lcc2526
     000008D5  A$lcc2526 |    000008D6  A$lcc2526 |    000008D7  A$lcc2526
ASxxxx Linker V03.00 + NoICE + sdld,  page 11.
Hexadecimal  [32-Bits]

Area                       Addr        Size        Decimal Bytes (Attributes)
--------------------       ----        ----        ------- ----- ------------
_CODE                  00000200    000027ED =       10221. bytes (REL,CON)

        Value  Global            Value  Global            Value  Global    
        -----  ------            -----  ------            -----  ------    
     000008D8  A$lcc2526 |    000008D9  A$lcc2526 |    000008DB  A$lcc2526
     000008DD  A$lcc2526 |    000008DF  A$lcc2526 |    000008E1  A$lcc2526
     000008E2  A$lcc2526 |    000008E4  A$lcc2526 |    000008E6  A$lcc2526
     000008E8  A$lcc2526 |    000008E9  A$lcc2526 |    000008EA  A$lcc2526
     000008EA  C$main.c$ |    000008ED  A$lcc2526 |    000008EE  A$lcc2526
     000008F0  A$lcc2526 |    000008F1  A$lcc2526 |    000008F2  A$lcc2526
     000008F4  A$lcc2526 |    000008F5  A$lcc2526 |    000008F5  C$main.c$
     000008F8  A$lcc2526 |    000008F8  C$main.c$ |    000008FB  A$lcc2526
     000008FE  A$lcc2526 |    000008FE  C$main.c$ |    000008FE  XG$update
     000008FF  A$lcc2526 |    000008FF  C$main.c$ |    000008FF  C$main.c$
     000008FF  G$paralla |    000008FF  _parallax |    00000901  A$lcc2526
     00000902  A$lcc2526 |    00000904  A$lcc2526 |    00000906  A$lcc2526
     00000908  A$lcc2526 |    0000090A  A$lcc2526 |    0000090C  A$lcc2526
     0000090E  A$lcc2526 |    00000910  A$lcc2526 |    00000912  A$lcc2526
     00000914  A$lcc2526 |    00000916  A$lcc2526 |    00000918  A$lcc2526
     0000091A  A$lcc2526 |    0000091C  A$lcc2526 |    0000091E  A$lcc2526
     00000920  A$lcc2526 |    00000922  A$lcc2526 |    00000924  A$lcc2526
     00000926  A$lcc2526 |    00000929  A$lcc2526 |    0000092B  A$lcc2526
     0000092E  A$lcc2526 |    00000930  A$lcc2526 |    00000933  A$lcc2526
     00000935  A$lcc2526 |    00000938  A$lcc2526 |    00000939  A$lcc2526
     00000939  C$main.c$ |    0000093A  A$lcc2526 |    0000093C  A$lcc2526
     0000093D  A$lcc2526 |    0000093F  A$lcc2526 |    0000093F  C$main.c$
     00000941  A$lcc2526 |    00000943  A$lcc2526 |    00000943  C$main.c$
     00000944  A$lcc2526 |    00000944  C$main.c$ |    00000947  A$lcc2526
     00000949  A$lcc2526 |    0000094A  A$lcc2526 |    0000094C  A$lcc2526
     0000094C  C$main.c$ |    0000094E  A$lcc2526 |    00000950  A$lcc2526
     00000950  C$main.c$ |    00000951  A$lcc2526 |    00000951  C$main.c$
     00000954  A$lcc2526 |    00000956  A$lcc2526 |    00000957  A$lcc2526
     00000959  A$lcc2526 |    00000959  C$main.c$ |    0000095B  A$lcc2526
     0000095D  A$lcc2526 |    0000095D  C$main.c$ |    0000095E  A$lcc2526
     0000095E  C$main.c$ |    00000961  A$lcc2526 |    00000963  A$lcc2526
     00000964  A$lcc2526 |    00000966  A$lcc2526 |    00000966  C$main.c$
     00000968  A$lcc2526 |    0000096A  A$lcc2526 |    0000096A  C$main.c$
     0000096B  A$lcc2526 |    0000096B  C$main.c$ |    0000096E  A$lcc2526
     00000970  A$lcc2526 |    00000971  A$lcc2526 |    00000973  A$lcc2526
     00000973  C$main.c$ |    00000975  A$lcc2526 |    00000977  A$lcc2526
     00000977  C$main.c$ |    00000978  A$lcc2526 |    00000978  C$main.c$
     0000097B  A$lcc2526 |    0000097D  A$lcc2526 |    0000097E  A$lcc2526
     00000980  A$lcc2526 |    00000980  C$main.c$ |    00000982  A$lcc2526
     00000984  A$lcc2526 |    00000984  C$main.c$ |    00000985  A$lcc2526
     00000985  C$main.c$ |    00000986  A$lcc2526 |    00000988  A$lcc2526
     00000989  A$lcc2526 |    0000098B  A$lcc2526 |    0000098B  C$main.c$
     0000098D  A$lcc2526 |    0000098F  A$lcc2526 |    0000098F  C$main.c$
     00000990  A$lcc2526 |    00000990  C$main.c$ |    00000993  A$lcc2526
     00000995  A$lcc2526 |    00000996  A$lcc2526 |    00000998  A$lcc2526
     00000998  C$main.c$ |    0000099A  A$lcc2526 |    0000099C  A$lcc2526
     0000099C  C$main.c$ |    0000099D  A$lcc2526 |    0000099D  C$main.c$
     000009A0  A$lcc2526 |    000009A2  A$lcc2526 |    000009A3  A$lcc2526
     000009A5  A$lcc2526 |    000009A5  C$main.c$ |    000009A7  A$lcc2526
     000009A9  A$lcc2526 |    000009A9  C$main.c$ |    000009AA  A$lcc2526
     000009AA  C$main.c$ |    000009AD  A$lcc2526 |    000009AF  A$lcc2526
ASxxxx Linker V03.00 + NoICE + sdld,  page 12.
Hexadecimal  [32-Bits]

Area                       Addr        Size        Decimal Bytes (Attributes)
--------------------       ----        ----        ------- ----- ------------
_CODE                  00000200    000027ED =       10221. bytes (REL,CON)

        Value  Global            Value  Global            Value  Global    
        -----  ------            -----  ------            -----  ------    
     000009B0  A$lcc2526 |    000009B2  A$lcc2526 |    000009B2  C$main.c$
     000009B4  A$lcc2526 |    000009B6  A$lcc2526 |    000009B6  C$main.c$
     000009B7  A$lcc2526 |    000009B7  C$main.c$ |    000009BA  A$lcc2526
     000009BC  A$lcc2526 |    000009BD  A$lcc2526 |    000009BF  A$lcc2526
     000009BF  C$main.c$ |    000009C1  A$lcc2526 |    000009C3  A$lcc2526
     000009C3  C$main.c$ |    000009C4  A$lcc2526 |    000009C4  C$main.c$
     000009C7  A$lcc2526 |    000009C9  A$lcc2526 |    000009CA  A$lcc2526
     000009CC  A$lcc2526 |    000009CC  C$main.c$ |    000009CE  A$lcc2526
     000009D0  A$lcc2526 |    000009D0  C$main.c$ |    000009D1  A$lcc2526
     000009D1  C$main.c$ |    000009D2  A$lcc2526 |    000009D4  A$lcc2526
     000009D5  A$lcc2526 |    000009D7  A$lcc2526 |    000009D7  C$main.c$
     000009D8  A$lcc2526 |    000009DA  A$lcc2526 |    000009DA  C$main.c$
     000009DA  C$main.c$ |    000009DA  XG$parall |    000009DB  A$lcc2526
     000009DB  C$main.c$ |    000009DB  G$update_ |    000009DB  _update_p
     000009DE  A$lcc2526 |    000009DF  A$lcc2526 |    000009DF  C$main.c$
     000009E0  A$lcc2526 |    000009E0  C$main.c$ |    000009E3  A$lcc2526
     000009E5  A$lcc2526 |    000009E7  A$lcc2526 |    000009E8  A$lcc2526
     000009E9  A$lcc2526 |    000009EB  A$lcc2526 |    000009EB  C$main.c$
     000009EC  A$lcc2526 |    000009EE  A$lcc2526 |    000009F0  A$lcc2526
     000009F0  C$main.c$ |    000009F2  A$lcc2526 |    000009F4  A$lcc2526
     000009F4  C$main.c$ |    000009F5  A$lcc2526 |    000009F7  A$lcc2526
     000009F7  C$main.c$ |    000009FA  A$lcc2526 |    000009FB  A$lcc2526
     000009FD  A$lcc2526 |    000009FF  A$lcc2526 |    000009FF  C$main.c$
     00000A01  A$lcc2526 |    00000A01  C$main.c$ |    00000A04  A$lcc2526
     00000A05  A$lcc2526 |    00000A07  A$lcc2526 |    00000A0A  A$lcc2526
     00000A0B  A$lcc2526 |    00000A0E  A$lcc2526 |    00000A0F  A$lcc2526
     00000A0F  C$main.c$ |    00000A11  A$lcc2526 |    00000A11  C$main.c$
     00000A14  A$lcc2526 |    00000A15  A$lcc2526 |    00000A17  A$lcc2526
     00000A17  C$main.c$ |    00000A19  A$lcc2526 |    00000A19  C$main.c$
     00000A1B  A$lcc2526 |    00000A1E  A$lcc2526 |    00000A1F  A$lcc2526
     00000A22  A$lcc2526 |    00000A23  A$lcc2526 |    00000A23  C$main.c$
     00000A23  C$main.c$ |    00000A26  A$lcc2526 |    00000A27  A$lcc2526
     00000A27  C$main.c$ |    00000A27  XG$update |    00000A28  A$lcc2526
     00000A28  C$main.c$ |    00000A28  G$scroll_ |    00000A28  _scroll_c
     00000A29  A$lcc2526 |    00000A29  C$main.c$ |    00000A2C  A$lcc2526
     00000A2D  A$lcc2526 |    00000A2F  A$lcc2526 |    00000A32  A$lcc2526
     00000A35  A$lcc2526 |    00000A36  A$lcc2526 |    00000A37  A$lcc2526
     00000A39  A$lcc2526 |    00000A39  C$main.c$ |    00000A3C  A$lcc2526
     00000A3D  A$lcc2526 |    00000A3E  A$lcc2526 |    00000A3F  A$lcc2526
     00000A3F  C$main.c$ |    00000A40  A$lcc2526 |    00000A41  A$lcc2526
     00000A42  A$lcc2526 |    00000A43  A$lcc2526 |    00000A44  A$lcc2526
     00000A45  A$lcc2526 |    00000A45  C$main.c$ |    00000A46  A$lcc2526
     00000A47  A$lcc2526 |    00000A48  A$lcc2526 |    00000A49  A$lcc2526
     00000A4A  A$lcc2526 |    00000A4B  A$lcc2526 |    00000A4C  A$lcc2526
     00000A4C  C$main.c$ |    00000A4F  A$lcc2526 |    00000A50  A$lcc2526
     00000A52  A$lcc2526 |    00000A55  A$lcc2526 |    00000A56  A$lcc2526
     00000A56  C$main.c$ |    00000A56  C$main.c$ |    00000A57  A$lcc2526
     00000A59  A$lcc2526 |    00000A59  C$main.c$ |    00000A5C  A$lcc2526
     00000A5D  A$lcc2526 |    00000A5E  A$lcc2526 |    00000A5F  A$lcc2526
     00000A60  A$lcc2526 |    00000A63  A$lcc2526 |    00000A64  A$lcc2526
     00000A65  A$lcc2526 |    00000A66  A$lcc2526 |    00000A66  C$main.c$
ASxxxx Linker V03.00 + NoICE + sdld,  page 13.
Hexadecimal  [32-Bits]

Area                       Addr        Size        Decimal Bytes (Attributes)
--------------------       ----        ----        ------- ----- ------------
_CODE                  00000200    000027ED =       10221. bytes (REL,CON)

        Value  Global            Value  Global            Value  Global    
        -----  ------            -----  ------            -----  ------    
     00000A69  A$lcc2526 |    00000A69  C$main.c$ |    00000A6C  A$lcc2526
     00000A6E  A$lcc2526 |    00000A70  A$lcc2526 |    00000A70  C$main.c$
     00000A73  A$lcc2526 |    00000A74  A$lcc2526 |    00000A75  A$lcc2526
     00000A76  A$lcc2526 |    00000A77  A$lcc2526 |    00000A7A  A$lcc2526
     00000A7B  A$lcc2526 |    00000A7C  A$lcc2526 |    00000A7D  A$lcc2526
     00000A7D  C$main.c$ |    00000A80  A$lcc2526 |    00000A80  C$main.c$
     00000A83  A$lcc2526 |    00000A84  A$lcc2526 |    00000A86  A$lcc2526
     00000A89  A$lcc2526 |    00000A8C  A$lcc2526 |    00000A8D  A$lcc2526
     00000A8E  A$lcc2526 |    00000A90  A$lcc2526 |    00000A90  C$main.c$
     00000A93  A$lcc2526 |    00000A94  A$lcc2526 |    00000A95  A$lcc2526
     00000A96  A$lcc2526 |    00000A96  C$main.c$ |    00000A99  A$lcc2526
     00000A9A  A$lcc2526 |    00000A9C  A$lcc2526 |    00000A9C  C$main.c$
     00000A9F  A$lcc2526 |    00000AA0  A$lcc2526 |    00000AA1  A$lcc2526
     00000AA2  A$lcc2526 |    00000AA3  A$lcc2526 |    00000AA6  A$lcc2526
     00000AA7  A$lcc2526 |    00000AA8  A$lcc2526 |    00000AA9  A$lcc2526
     00000AAC  A$lcc2526 |    00000AAE  A$lcc2526 |    00000AAF  A$lcc2526
     00000AB2  A$lcc2526 |    00000AB3  A$lcc2526 |    00000AB4  A$lcc2526
     00000AB5  A$lcc2526 |    00000AB8  A$lcc2526 |    00000AB9  A$lcc2526
     00000ABA  A$lcc2526 |    00000ABB  A$lcc2526 |    00000ABE  A$lcc2526
     00000AC0  A$lcc2526 |    00000AC2  A$lcc2526 |    00000AC3  A$lcc2526
     00000AC4  A$lcc2526 |    00000AC5  A$lcc2526 |    00000AC6  A$lcc2526
     00000AC8  A$lcc2526 |    00000AC9  A$lcc2526 |    00000ACC  A$lcc2526
     00000ACE  A$lcc2526 |    00000ACE  C$main.c$ |    00000AD1  A$lcc2526
     00000AD1  C$main.c$ |    00000AD4  A$lcc2526 |    00000AD5  A$lcc2526
     00000AD7  A$lcc2526 |    00000AD7  C$main.c$ |    00000ADA  A$lcc2526
     00000ADC  A$lcc2526 |    00000ADE  A$lcc2526 |    00000ADE  C$main.c$
     00000AE1  A$lcc2526 |    00000AE2  A$lcc2526 |    00000AE3  A$lcc2526
     00000AE4  A$lcc2526 |    00000AE5  A$lcc2526 |    00000AE8  A$lcc2526
     00000AE9  A$lcc2526 |    00000AEA  A$lcc2526 |    00000AEB  A$lcc2526
     00000AEB  C$main.c$ |    00000AEE  A$lcc2526 |    00000AEE  C$main.c$
     00000AF1  A$lcc2526 |    00000AF3  A$lcc2526 |    00000AF5  A$lcc2526
     00000AF5  C$main.c$ |    00000AF8  A$lcc2526 |    00000AF9  A$lcc2526
     00000AFA  A$lcc2526 |    00000AFB  A$lcc2526 |    00000AFB  C$main.c$
     00000AFE  A$lcc2526 |    00000AFF  A$lcc2526 |    00000B00  A$lcc2526
     00000B01  A$lcc2526 |    00000B01  C$main.c$ |    00000B04  A$lcc2526
     00000B05  A$lcc2526 |    00000B06  A$lcc2526 |    00000B07  A$lcc2526
     00000B07  C$main.c$ |    00000B0A  A$lcc2526 |    00000B0B  A$lcc2526
     00000B0C  A$lcc2526 |    00000B0D  A$lcc2526 |    00000B0D  C$main.c$
     00000B10  A$lcc2526 |    00000B11  A$lcc2526 |    00000B13  A$lcc2526
     00000B13  C$main.c$ |    00000B16  A$lcc2526 |    00000B18  A$lcc2526
     00000B1A  A$lcc2526 |    00000B1A  C$main.c$ |    00000B1D  A$lcc2526
     00000B1E  A$lcc2526 |    00000B1F  A$lcc2526 |    00000B20  A$lcc2526
     00000B21  A$lcc2526 |    00000B24  A$lcc2526 |    00000B25  A$lcc2526
     00000B26  A$lcc2526 |    00000B27  A$lcc2526 |    00000B27  C$main.c$
     00000B2A  A$lcc2526 |    00000B2A  C$main.c$ |    00000B2D  A$lcc2526
     00000B2E  A$lcc2526 |    00000B30  A$lcc2526 |    00000B33  A$lcc2526
     00000B36  A$lcc2526 |    00000B37  A$lcc2526 |    00000B38  A$lcc2526
     00000B3A  A$lcc2526 |    00000B3A  C$main.c$ |    00000B3D  A$lcc2526
     00000B3E  A$lcc2526 |    00000B3F  A$lcc2526 |    00000B40  A$lcc2526
     00000B40  C$main.c$ |    00000B43  A$lcc2526 |    00000B44  A$lcc2526
     00000B45  A$lcc2526 |    00000B46  A$lcc2526 |    00000B46  C$main.c$
ASxxxx Linker V03.00 + NoICE + sdld,  page 14.
Hexadecimal  [32-Bits]

Area                       Addr        Size        Decimal Bytes (Attributes)
--------------------       ----        ----        ------- ----- ------------
_CODE                  00000200    000027ED =       10221. bytes (REL,CON)

        Value  Global            Value  Global            Value  Global    
        -----  ------            -----  ------            -----  ------    
     00000B49  A$lcc2526 |    00000B4A  A$lcc2526 |    00000B4B  A$lcc2526
     00000B4B  C$main.c$ |    00000B4B  XG$scroll |    00000B4C  A$lcc2526
     00000B4C  C$main.c$ |    00000B4C  C$main.c$ |    00000B4C  G$pause_g
     00000B4C  _pause_ga |    00000B4F  A$lcc2526 |    00000B51  A$lcc2526
     00000B51  C$main.c$ |    00000B54  A$lcc2526 |    00000B55  A$lcc2526
     00000B58  A$lcc2526 |    00000B59  A$lcc2526 |    00000B5C  A$lcc2526
     00000B5D  A$lcc2526 |    00000B5E  A$lcc2526 |    00000B5F  A$lcc2526
     00000B5F  C$main.c$ |    00000B62  A$lcc2526 |    00000B63  A$lcc2526
     00000B64  A$lcc2526 |    00000B65  A$lcc2526 |    00000B65  C$main.c$
     00000B67  A$lcc2526 |    00000B68  A$lcc2526 |    00000B69  A$lcc2526
     00000B6C  A$lcc2526 |    00000B6D  A$lcc2526 |    00000B6E  A$lcc2526
     00000B6F  A$lcc2526 |    00000B70  A$lcc2526 |    00000B73  A$lcc2526
     00000B75  A$lcc2526 |    00000B75  C$main.c$ |    00000B78  A$lcc2526
     00000B79  A$lcc2526 |    00000B7B  A$lcc2526 |    00000B7C  A$lcc2526
     00000B7D  A$lcc2526 |    00000B7D  C$main.c$ |    00000B7E  A$lcc2526
     00000B7E  C$main.c$ |    00000B7E  XG$pause_ |    00000B80  A$lcc2526
     00000B80  C$main.c$ |    00000B80  C$main.c$ |    00000B80  G$unpause
     00000B80  _unpause_ |    00000B83  A$lcc2526 |    00000B85  A$lcc2526
     00000B85  C$main.c$ |    00000B88  A$lcc2526 |    00000B89  A$lcc2526
     00000B8C  A$lcc2526 |    00000B8D  A$lcc2526 |    00000B90  A$lcc2526
     00000B91  A$lcc2526 |    00000B92  A$lcc2526 |    00000B93  A$lcc2526
     00000B93  C$main.c$ |    00000B95  A$lcc2526 |    00000B96  A$lcc2526
     00000B97  A$lcc2526 |    00000B98  A$lcc2526 |    00000B98  C$main.c$
     00000B99  A$lcc2526 |    00000B9A  A$lcc2526 |    00000B9B  A$lcc2526
     00000B9E  A$lcc2526 |    00000B9F  A$lcc2526 |    00000BA0  A$lcc2526
     00000BA1  A$lcc2526 |    00000BA2  A$lcc2526 |    00000BA5  A$lcc2526
     00000BA7  A$lcc2526 |    00000BA7  C$main.c$ |    00000BAA  A$lcc2526
     00000BAB  A$lcc2526 |    00000BAD  A$lcc2526 |    00000BAE  A$lcc2526
     00000BAF  A$lcc2526 |    00000BAF  C$main.c$ |    00000BB0  A$lcc2526
     00000BB0  C$main.c$ |    00000BB0  XG$unpaus |    00000BB2  A$lcc2526
     00000BB2  C$main.c$ |    00000BB2  G$drain_t |    00000BB2  _drain_ti
     00000BB3  A$lcc2526 |    00000BB4  A$lcc2526 |    00000BB4  C$main.c$
     00000BB7  A$lcc2526 |    00000BB8  A$lcc2526 |    00000BBA  A$lcc2526
     00000BBB  A$lcc2526 |    00000BBD  A$lcc2526 |    00000BBF  A$lcc2526
     00000BC0  A$lcc2526 |    00000BC0  C$main.c$ |    00000BC1  A$lcc2526
     00000BC2  A$lcc2526 |    00000BC4  A$lcc2526 |    00000BC6  A$lcc2526
     00000BC9  A$lcc2526 |    00000BCA  A$lcc2526 |    00000BCC  A$lcc2526
     00000BCE  A$lcc2526 |    00000BD0  A$lcc2526 |    00000BD2  A$lcc2526
     00000BD4  A$lcc2526 |    00000BD6  A$lcc2526 |    00000BD7  A$lcc2526
     00000BD7  C$main.c$ |    00000BD9  A$lcc2526 |    00000BDA  A$lcc2526
     00000BDC  A$lcc2526 |    00000BDD  A$lcc2526 |    00000BE0  A$lcc2526
     00000BE1  A$lcc2526 |    00000BE2  A$lcc2526 |    00000BE2  C$main.c$
     00000BE5  A$lcc2526 |    00000BE6  A$lcc2526 |    00000BE9  A$lcc2526
     00000BEA  A$lcc2526 |    00000BEC  A$lcc2526 |    00000BED  A$lcc2526
     00000BF0  A$lcc2526 |    00000BF1  A$lcc2526 |    00000BF2  A$lcc2526
     00000BF3  A$lcc2526 |    00000BF4  A$lcc2526 |    00000BF7  A$lcc2526
     00000BF8  A$lcc2526 |    00000BF9  A$lcc2526 |    00000BFA  A$lcc2526
     00000BFB  A$lcc2526 |    00000BFC  A$lcc2526 |    00000BFD  A$lcc2526
     00000BFE  A$lcc2526 |    00000C01  A$lcc2526 |    00000C02  A$lcc2526
     00000C03  A$lcc2526 |    00000C03  C$main.c$ |    00000C06  A$lcc2526
     00000C07  A$lcc2526 |    00000C09  A$lcc2526 |    00000C09  C$main.c$
ASxxxx Linker V03.00 + NoICE + sdld,  page 15.
Hexadecimal  [32-Bits]

Area                       Addr        Size        Decimal Bytes (Attributes)
--------------------       ----        ----        ------- ----- ------------
_CODE                  00000200    000027ED =       10221. bytes (REL,CON)

        Value  Global            Value  Global            Value  Global    
        -----  ------            -----  ------            -----  ------    
     00000C0A  A$lcc2526 |    00000C0D  A$lcc2526 |    00000C0E  A$lcc2526
     00000C0E  C$main.c$ |    00000C10  A$lcc2526 |    00000C11  A$lcc2526
     00000C13  A$lcc2526 |    00000C15  A$lcc2526 |    00000C16  A$lcc2526
     00000C18  A$lcc2526 |    00000C19  A$lcc2526 |    00000C1A  A$lcc2526
     00000C1C  A$lcc2526 |    00000C1D  A$lcc2526 |    00000C1E  A$lcc2526
     00000C20  A$lcc2526 |    00000C21  A$lcc2526 |    00000C22  A$lcc2526
     00000C24  A$lcc2526 |    00000C24  C$main.c$ |    00000C26  A$lcc2526
     00000C27  A$lcc2526 |    00000C29  A$lcc2526 |    00000C2A  A$lcc2526
     00000C2C  A$lcc2526 |    00000C2D  A$lcc2526 |    00000C2E  A$lcc2526
     00000C2F  A$lcc2526 |    00000C30  A$lcc2526 |    00000C33  A$lcc2526
     00000C35  A$lcc2526 |    00000C35  C$main.c$ |    00000C38  A$lcc2526
     00000C39  A$lcc2526 |    00000C39  C$main.c$ |    00000C3C  A$lcc2526
     00000C3D  A$lcc2526 |    00000C3F  A$lcc2526 |    00000C40  A$lcc2526
     00000C41  A$lcc2526 |    00000C43  A$lcc2526 |    00000C44  A$lcc2526
     00000C44  C$main.c$ |    00000C47  A$lcc2526 |    00000C47  C$main.c$
     00000C4A  A$lcc2526 |    00000C4B  A$lcc2526 |    00000C4D  A$lcc2526
     00000C4E  A$lcc2526 |    00000C4F  A$lcc2526 |    00000C4F  C$main.c$
     00000C51  A$lcc2526 |    00000C52  A$lcc2526 |    00000C54  A$lcc2526
     00000C56  A$lcc2526 |    00000C56  C$main.c$ |    00000C59  A$lcc2526
     00000C5B  A$lcc2526 |    00000C5B  C$main.c$ |    00000C5E  A$lcc2526
     00000C60  A$lcc2526 |    00000C61  A$lcc2526 |    00000C62  A$lcc2526
     00000C62  C$main.c$ |    00000C62  XG$drain_ |    00000C63  A$lcc2526
     00000C63  C$main.c$ |    00000C63  G$reload_ |    00000C63  _reload_t
     00000C64  A$lcc2526 |    00000C65  A$lcc2526 |    00000C65  C$main.c$
     00000C68  A$lcc2526 |    00000C69  A$lcc2526 |    00000C6B  A$lcc2526
     00000C6C  A$lcc2526 |    00000C6E  A$lcc2526 |    00000C70  A$lcc2526
     00000C71  A$lcc2526 |    00000C71  C$main.c$ |    00000C72  A$lcc2526
     00000C73  A$lcc2526 |    00000C75  A$lcc2526 |    00000C77  A$lcc2526
     00000C7A  A$lcc2526 |    00000C7B  A$lcc2526 |    00000C7D  A$lcc2526
     00000C7F  A$lcc2526 |    00000C81  A$lcc2526 |    00000C83  A$lcc2526
     00000C85  A$lcc2526 |    00000C87  A$lcc2526 |    00000C87  C$main.c$
     00000C89  A$lcc2526 |    00000C8A  A$lcc2526 |    00000C8B  A$lcc2526
     00000C8D  A$lcc2526 |    00000C8E  A$lcc2526 |    00000C91  A$lcc2526
     00000C92  A$lcc2526 |    00000C93  A$lcc2526 |    00000C93  C$main.c$
     00000C96  A$lcc2526 |    00000C97  A$lcc2526 |    00000C9A  A$lcc2526
     00000C9B  A$lcc2526 |    00000C9D  A$lcc2526 |    00000C9D  C$main.c$
     00000C9E  A$lcc2526 |    00000C9F  A$lcc2526 |    00000CA0  A$lcc2526
     00000CA2  A$lcc2526 |    00000CA4  A$lcc2526 |    00000CA5  A$lcc2526
     00000CA6  A$lcc2526 |    00000CA7  A$lcc2526 |    00000CA8  A$lcc2526
     00000CA9  A$lcc2526 |    00000CAA  A$lcc2526 |    00000CAC  A$lcc2526
     00000CAD  A$lcc2526 |    00000CAE  A$lcc2526 |    00000CB0  A$lcc2526
     00000CB1  A$lcc2526 |    00000CB2  A$lcc2526 |    00000CB4  A$lcc2526
     00000CB4  C$main.c$ |    00000CB6  A$lcc2526 |    00000CB7  A$lcc2526
     00000CB9  A$lcc2526 |    00000CBA  A$lcc2526 |    00000CBB  A$lcc2526
     00000CBD  A$lcc2526 |    00000CBE  A$lcc2526 |    00000CBF  A$lcc2526
     00000CC0  A$lcc2526 |    00000CC1  A$lcc2526 |    00000CC4  A$lcc2526
     00000CC6  A$lcc2526 |    00000CC6  C$main.c$ |    00000CC9  A$lcc2526
     00000CCA  A$lcc2526 |    00000CCA  C$main.c$ |    00000CCC  A$lcc2526
     00000CCD  A$lcc2526 |    00000CCF  A$lcc2526 |    00000CD1  A$lcc2526
     00000CD1  C$main.c$ |    00000CD4  A$lcc2526 |    00000CD4  C$main.c$
     00000CD7  A$lcc2526 |    00000CD7  C$main.c$ |    00000CDA  A$lcc2526
ASxxxx Linker V03.00 + NoICE + sdld,  page 16.
Hexadecimal  [32-Bits]

Area                       Addr        Size        Decimal Bytes (Attributes)
--------------------       ----        ----        ------- ----- ------------
_CODE                  00000200    000027ED =       10221. bytes (REL,CON)

        Value  Global            Value  Global            Value  Global    
        -----  ------            -----  ------            -----  ------    
     00000CDC  A$lcc2526 |    00000CDD  A$lcc2526 |    00000CDE  A$lcc2526
     00000CDE  C$main.c$ |    00000CDE  XG$reload |    00000CDF  A$lcc2526
     00000CDF  C$main.c$ |    00000CDF  C$main.c$ |    00000CDF  G$pts_200
     00000CDF  _pts_200_ |    00000CE2  A$lcc2526 |    00000CE3  A$lcc2526
     00000CE5  A$lcc2526 |    00000CE6  A$lcc2526 |    00000CE7  A$lcc2526
     00000CE9  A$lcc2526 |    00000CEA  A$lcc2526 |    00000CEA  C$main.c$
     00000CED  A$lcc2526 |    00000CED  C$main.c$ |    00000CF0  A$lcc2526
     00000CF2  A$lcc2526 |    00000CF2  C$main.c$ |    00000CF2  XG$pts_20
     00000CF3  A$lcc2526 |    00000CF3  C$main.c$ |    00000CF3  G$win_che
     00000CF3  _win_chec |    00000CF5  A$lcc2526 |    00000CF7  A$lcc2526
     00000CF8  A$lcc2526 |    00000CF8  C$main.c$ |    00000CFA  A$lcc2526
     00000CFB  A$lcc2526 |    00000CFC  A$lcc2526 |    00000CFD  A$lcc2526
     00000CFE  A$lcc2526 |    00000CFF  A$lcc2526 |    00000D00  A$lcc2526
     00000D01  A$lcc2526 |    00000D04  A$lcc2526 |    00000D05  A$lcc2526
     00000D06  A$lcc2526 |    00000D07  A$lcc2526 |    00000D09  A$lcc2526
     00000D0A  A$lcc2526 |    00000D0B  A$lcc2526 |    00000D0C  A$lcc2526
     00000D0E  A$lcc2526 |    00000D0F  A$lcc2526 |    00000D10  A$lcc2526
     00000D11  A$lcc2526 |    00000D12  A$lcc2526 |    00000D14  A$lcc2526
     00000D16  A$lcc2526 |    00000D17  A$lcc2526 |    00000D18  A$lcc2526
     00000D19  A$lcc2526 |    00000D1A  A$lcc2526 |    00000D1B  A$lcc2526
     00000D1C  A$lcc2526 |    00000D1F  A$lcc2526 |    00000D20  A$lcc2526
     00000D21  A$lcc2526 |    00000D22  A$lcc2526 |    00000D23  A$lcc2526
     00000D24  A$lcc2526 |    00000D25  A$lcc2526 |    00000D27  A$lcc2526
     00000D29  A$lcc2526 |    00000D2A  A$lcc2526 |    00000D2C  A$lcc2526
     00000D2D  A$lcc2526 |    00000D2F  A$lcc2526 |    00000D30  A$lcc2526
     00000D32  A$lcc2526 |    00000D33  A$lcc2526 |    00000D35  A$lcc2526
     00000D36  A$lcc2526 |    00000D38  A$lcc2526 |    00000D38  C$main.c$
     00000D3A  A$lcc2526 |    00000D3B  A$lcc2526 |    00000D3D  A$lcc2526
     00000D3E  A$lcc2526 |    00000D3F  A$lcc2526 |    00000D40  A$lcc2526
     00000D41  A$lcc2526 |    00000D42  A$lcc2526 |    00000D43  A$lcc2526
     00000D46  A$lcc2526 |    00000D47  A$lcc2526 |    00000D48  A$lcc2526
     00000D49  A$lcc2526 |    00000D4B  A$lcc2526 |    00000D4C  A$lcc2526
     00000D4D  A$lcc2526 |    00000D4E  A$lcc2526 |    00000D50  A$lcc2526
     00000D51  A$lcc2526 |    00000D52  A$lcc2526 |    00000D53  A$lcc2526
     00000D54  A$lcc2526 |    00000D56  A$lcc2526 |    00000D58  A$lcc2526
     00000D5A  A$lcc2526 |    00000D5B  A$lcc2526 |    00000D5C  A$lcc2526
     00000D5D  A$lcc2526 |    00000D60  A$lcc2526 |    00000D61  A$lcc2526
     00000D62  A$lcc2526 |    00000D63  A$lcc2526 |    00000D65  A$lcc2526
     00000D67  A$lcc2526 |    00000D69  A$lcc2526 |    00000D6B  A$lcc2526
     00000D6D  A$lcc2526 |    00000D6F  A$lcc2526 |    00000D6F  C$main.c$
     00000D71  A$lcc2526 |    00000D72  A$lcc2526 |    00000D73  A$lcc2526
     00000D74  A$lcc2526 |    00000D77  A$lcc2526 |    00000D78  A$lcc2526
     00000D79  A$lcc2526 |    00000D7A  A$lcc2526 |    00000D7C  A$lcc2526
     00000D7D  A$lcc2526 |    00000D7E  A$lcc2526 |    00000D7F  A$lcc2526
     00000D81  A$lcc2526 |    00000D82  A$lcc2526 |    00000D83  A$lcc2526
     00000D84  A$lcc2526 |    00000D85  A$lcc2526 |    00000D86  A$lcc2526
     00000D87  A$lcc2526 |    00000D88  A$lcc2526 |    00000D89  A$lcc2526
     00000D8B  A$lcc2526 |    00000D8D  A$lcc2526 |    00000D8E  A$lcc2526
     00000D8F  A$lcc2526 |    00000D90  A$lcc2526 |    00000D91  A$lcc2526
     00000D92  A$lcc2526 |    00000D93  A$lcc2526 |    00000D96  A$lcc2526
     00000D97  A$lcc2526 |    00000D98  A$lcc2526 |    00000D99  A$lcc2526
ASxxxx Linker V03.00 + NoICE + sdld,  page 17.
Hexadecimal  [32-Bits]

Area                       Addr        Size        Decimal Bytes (Attributes)
--------------------       ----        ----        ------- ----- ------------
_CODE                  00000200    000027ED =       10221. bytes (REL,CON)

        Value  Global            Value  Global            Value  Global    
        -----  ------            -----  ------            -----  ------    
     00000D9B  A$lcc2526 |    00000D9C  A$lcc2526 |    00000D9D  A$lcc2526
     00000D9E  A$lcc2526 |    00000DA0  A$lcc2526 |    00000DA1  A$lcc2526
     00000DA3  A$lcc2526 |    00000DA4  A$lcc2526 |    00000DA5  A$lcc2526
     00000DA6  A$lcc2526 |    00000DA8  A$lcc2526 |    00000DAA  A$lcc2526
     00000DAC  A$lcc2526 |    00000DAE  A$lcc2526 |    00000DB0  A$lcc2526
     00000DB2  A$lcc2526 |    00000DB2  C$main.c$ |    00000DB4  A$lcc2526
     00000DB5  A$lcc2526 |    00000DB7  A$lcc2526 |    00000DB8  A$lcc2526
     00000DBA  A$lcc2526 |    00000DBB  A$lcc2526 |    00000DBD  A$lcc2526
     00000DBE  A$lcc2526 |    00000DC0  A$lcc2526 |    00000DC2  A$lcc2526
     00000DC4  A$lcc2526 |    00000DC5  A$lcc2526 |    00000DC7  A$lcc2526
     00000DC8  A$lcc2526 |    00000DCA  A$lcc2526 |    00000DCB  A$lcc2526
     00000DCC  A$lcc2526 |    00000DCD  A$lcc2526 |    00000DCE  A$lcc2526
     00000DCF  A$lcc2526 |    00000DD0  A$lcc2526 |    00000DD0  C$main.c$
     00000DD2  A$lcc2526 |    00000DD3  A$lcc2526 |    00000DD4  A$lcc2526
     00000DD5  A$lcc2526 |    00000DD6  A$lcc2526 |    00000DD7  A$lcc2526
     00000DD8  A$lcc2526 |    00000DD8  C$main.c$ |    00000DDB  A$lcc2526
     00000DDC  A$lcc2526 |    00000DDD  A$lcc2526 |    00000DDF  A$lcc2526
     00000DE0  A$lcc2526 |    00000DE3  A$lcc2526 |    00000DE4  A$lcc2526
     00000DE5  A$lcc2526 |    00000DE6  A$lcc2526 |    00000DE8  A$lcc2526
     00000DE9  A$lcc2526 |    00000DEA  A$lcc2526 |    00000DEC  A$lcc2526
     00000DED  A$lcc2526 |    00000DEE  A$lcc2526 |    00000DF0  A$lcc2526
     00000DF0  C$main.c$ |    00000DF3  A$lcc2526 |    00000DF4  A$lcc2526
     00000DF5  A$lcc2526 |    00000DF7  A$lcc2526 |    00000DF7  C$main.c$
     00000DF8  A$lcc2526 |    00000DF9  A$lcc2526 |    00000DF9  C$main.c$
     00000DFC  A$lcc2526 |    00000DFD  A$lcc2526 |    00000DFF  A$lcc2526
     00000DFF  C$main.c$ |    00000E02  A$lcc2526 |    00000E02  C$main.c$
     00000E05  A$lcc2526 |    00000E06  A$lcc2526 |    00000E09  A$lcc2526
     00000E0A  A$lcc2526 |    00000E0D  A$lcc2526 |    00000E0E  A$lcc2526
     00000E11  A$lcc2526 |    00000E13  A$lcc2526 |    00000E13  C$main.c$
     00000E16  A$lcc2526 |    00000E18  A$lcc2526 |    00000E1B  A$lcc2526
     00000E1C  A$lcc2526 |    00000E1D  A$lcc2526 |    00000E1E  A$lcc2526
     00000E21  A$lcc2526 |    00000E22  A$lcc2526 |    00000E23  A$lcc2526
     00000E24  A$lcc2526 |    00000E25  A$lcc2526 |    00000E26  A$lcc2526
     00000E27  A$lcc2526 |    00000E2A  A$lcc2526 |    00000E2B  A$lcc2526
     00000E2B  C$main.c$ |    00000E2E  A$lcc2526 |    00000E2E  C$main.c$
     00000E31  A$lcc2526 |    00000E34  A$lcc2526 |    00000E34  C$main.c$
     00000E36  A$lcc2526 |    00000E37  A$lcc2526 |    00000E39  A$lcc2526
     00000E3B  A$lcc2526 |    00000E3C  A$lcc2526 |    00000E3E  A$lcc2526
     00000E40  A$lcc2526 |    00000E40  C$main.c$ |    00000E43  A$lcc2526
     00000E44  A$lcc2526 |    00000E45  A$lcc2526 |    00000E47  A$lcc2526
     00000E47  C$main.c$ |    00000E48  A$lcc2526 |    00000E49  A$lcc2526
     00000E49  C$main.c$ |    00000E4C  A$lcc2526 |    00000E4D  A$lcc2526
     00000E4F  A$lcc2526 |    00000E4F  C$main.c$ |    00000E52  A$lcc2526
     00000E52  C$main.c$ |    00000E55  A$lcc2526 |    00000E56  A$lcc2526
     00000E59  A$lcc2526 |    00000E5A  A$lcc2526 |    00000E5D  A$lcc2526
     00000E5E  A$lcc2526 |    00000E61  A$lcc2526 |    00000E63  A$lcc2526
     00000E63  C$main.c$ |    00000E66  A$lcc2526 |    00000E68  A$lcc2526
     00000E6B  A$lcc2526 |    00000E6C  A$lcc2526 |    00000E6D  A$lcc2526
     00000E6E  A$lcc2526 |    00000E71  A$lcc2526 |    00000E72  A$lcc2526
     00000E73  A$lcc2526 |    00000E74  A$lcc2526 |    00000E75  A$lcc2526
     00000E76  A$lcc2526 |    00000E77  A$lcc2526 |    00000E7A  A$lcc2526
ASxxxx Linker V03.00 + NoICE + sdld,  page 18.
Hexadecimal  [32-Bits]

Area                       Addr        Size        Decimal Bytes (Attributes)
--------------------       ----        ----        ------- ----- ------------
_CODE                  00000200    000027ED =       10221. bytes (REL,CON)

        Value  Global            Value  Global            Value  Global    
        -----  ------            -----  ------            -----  ------    
     00000E7B  A$lcc2526 |    00000E7B  C$main.c$ |    00000E7E  A$lcc2526
     00000E7E  C$main.c$ |    00000E81  A$lcc2526 |    00000E84  A$lcc2526
     00000E84  C$main.c$ |    00000E86  A$lcc2526 |    00000E87  A$lcc2526
     00000E89  A$lcc2526 |    00000E8B  A$lcc2526 |    00000E8C  A$lcc2526
     00000E8E  A$lcc2526 |    00000E90  A$lcc2526 |    00000E90  C$main.c$
     00000E93  A$lcc2526 |    00000E94  A$lcc2526 |    00000E95  A$lcc2526
     00000E97  A$lcc2526 |    00000E97  C$main.c$ |    00000E98  A$lcc2526
     00000E99  A$lcc2526 |    00000E99  C$main.c$ |    00000E9C  A$lcc2526
     00000E9D  A$lcc2526 |    00000E9F  A$lcc2526 |    00000E9F  C$main.c$
     00000EA2  A$lcc2526 |    00000EA2  C$main.c$ |    00000EA5  A$lcc2526
     00000EA6  A$lcc2526 |    00000EA9  A$lcc2526 |    00000EAA  A$lcc2526
     00000EAD  A$lcc2526 |    00000EAE  A$lcc2526 |    00000EB1  A$lcc2526
     00000EB3  A$lcc2526 |    00000EB3  C$main.c$ |    00000EB6  A$lcc2526
     00000EB8  A$lcc2526 |    00000EBB  A$lcc2526 |    00000EBC  A$lcc2526
     00000EBD  A$lcc2526 |    00000EBE  A$lcc2526 |    00000EC1  A$lcc2526
     00000EC2  A$lcc2526 |    00000EC3  A$lcc2526 |    00000EC4  A$lcc2526
     00000EC5  A$lcc2526 |    00000EC6  A$lcc2526 |    00000EC7  A$lcc2526
     00000ECA  A$lcc2526 |    00000ECB  A$lcc2526 |    00000ECB  C$main.c$
     00000ECE  A$lcc2526 |    00000ECE  C$main.c$ |    00000ED1  A$lcc2526
     00000ED4  A$lcc2526 |    00000ED4  C$main.c$ |    00000ED6  A$lcc2526
     00000ED7  A$lcc2526 |    00000ED9  A$lcc2526 |    00000EDB  A$lcc2526
     00000EDC  A$lcc2526 |    00000EDE  A$lcc2526 |    00000EE0  A$lcc2526
     00000EE0  C$main.c$ |    00000EE3  A$lcc2526 |    00000EE4  A$lcc2526
     00000EE5  A$lcc2526 |    00000EE7  A$lcc2526 |    00000EE7  C$main.c$
     00000EE8  A$lcc2526 |    00000EE9  A$lcc2526 |    00000EE9  C$main.c$
     00000EEC  A$lcc2526 |    00000EED  A$lcc2526 |    00000EEF  A$lcc2526
     00000EEF  C$main.c$ |    00000EF2  A$lcc2526 |    00000EF2  C$main.c$
     00000EF5  A$lcc2526 |    00000EF6  A$lcc2526 |    00000EF9  A$lcc2526
     00000EFA  A$lcc2526 |    00000EFD  A$lcc2526 |    00000EFE  A$lcc2526
     00000F01  A$lcc2526 |    00000F03  A$lcc2526 |    00000F03  C$main.c$
     00000F06  A$lcc2526 |    00000F08  A$lcc2526 |    00000F0B  A$lcc2526
     00000F0C  A$lcc2526 |    00000F0D  A$lcc2526 |    00000F0E  A$lcc2526
     00000F11  A$lcc2526 |    00000F12  A$lcc2526 |    00000F13  A$lcc2526
     00000F14  A$lcc2526 |    00000F15  A$lcc2526 |    00000F16  A$lcc2526
     00000F17  A$lcc2526 |    00000F1A  A$lcc2526 |    00000F1B  A$lcc2526
     00000F1B  C$main.c$ |    00000F1D  A$lcc2526 |    00000F1D  C$main.c$
     00000F20  A$lcc2526 |    00000F22  A$lcc2526 |    00000F22  C$main.c$
     00000F24  A$lcc2526 |    00000F25  A$lcc2526 |    00000F27  A$lcc2526
     00000F29  A$lcc2526 |    00000F2A  A$lcc2526 |    00000F2C  A$lcc2526
     00000F2E  A$lcc2526 |    00000F2E  C$main.c$ |    00000F31  A$lcc2526
     00000F32  A$lcc2526 |    00000F33  A$lcc2526 |    00000F35  A$lcc2526
     00000F35  C$main.c$ |    00000F36  A$lcc2526 |    00000F37  A$lcc2526
     00000F37  C$main.c$ |    00000F3A  A$lcc2526 |    00000F3B  A$lcc2526
     00000F3D  A$lcc2526 |    00000F3D  C$main.c$ |    00000F40  A$lcc2526
     00000F40  C$main.c$ |    00000F43  A$lcc2526 |    00000F44  A$lcc2526
     00000F47  A$lcc2526 |    00000F48  A$lcc2526 |    00000F4B  A$lcc2526
     00000F4C  A$lcc2526 |    00000F4F  A$lcc2526 |    00000F51  A$lcc2526
     00000F51  C$main.c$ |    00000F54  A$lcc2526 |    00000F56  A$lcc2526
     00000F59  A$lcc2526 |    00000F5A  A$lcc2526 |    00000F5B  A$lcc2526
     00000F5C  A$lcc2526 |    00000F5F  A$lcc2526 |    00000F60  A$lcc2526
     00000F61  A$lcc2526 |    00000F62  A$lcc2526 |    00000F63  A$lcc2526
ASxxxx Linker V03.00 + NoICE + sdld,  page 19.
Hexadecimal  [32-Bits]

Area                       Addr        Size        Decimal Bytes (Attributes)
--------------------       ----        ----        ------- ----- ------------
_CODE                  00000200    000027ED =       10221. bytes (REL,CON)

        Value  Global            Value  Global            Value  Global    
        -----  ------            -----  ------            -----  ------    
     00000F64  A$lcc2526 |    00000F65  A$lcc2526 |    00000F68  A$lcc2526
     00000F69  A$lcc2526 |    00000F69  C$main.c$ |    00000F6B  A$lcc2526
     00000F6B  C$main.c$ |    00000F6E  A$lcc2526 |    00000F70  A$lcc2526
     00000F70  C$main.c$ |    00000F73  A$lcc2526 |    00000F75  A$lcc2526
     00000F75  C$main.c$ |    00000F75  XG$win_ch |    00000F76  A$lcc2526
     00000F76  C$main.c$ |    00000F76  G$collide |    00000F76  _collide_
     00000F78  A$lcc2526 |    00000F78  C$main.c$ |    00000F7B  A$lcc2526
     00000F7C  A$lcc2526 |    00000F7D  A$lcc2526 |    00000F7F  A$lcc2526
     00000F81  A$lcc2526 |    00000F81  C$main.c$ |    00000F82  A$lcc2526
     00000F83  A$lcc2526 |    00000F85  A$lcc2526 |    00000F85  C$main.c$
     00000F85  C$main.c$ |    00000F86  A$lcc2526 |    00000F87  A$lcc2526
     00000F8A  A$lcc2526 |    00000F8C  A$lcc2526 |    00000F8D  A$lcc2526
     00000F8F  A$lcc2526 |    00000F90  A$lcc2526 |    00000F90  C$main.c$
     00000F92  A$lcc2526 |    00000F93  A$lcc2526 |    00000F94  A$lcc2526
     00000F96  A$lcc2526 |    00000F99  A$lcc2526 |    00000F9A  A$lcc2526
     00000F9B  A$lcc2526 |    00000F9C  A$lcc2526 |    00000F9F  A$lcc2526
     00000FA0  A$lcc2526 |    00000FA1  A$lcc2526 |    00000FA2  A$lcc2526
     00000FA4  A$lcc2526 |    00000FA5  A$lcc2526 |    00000FA6  A$lcc2526
     00000FA7  A$lcc2526 |    00000FA9  A$lcc2526 |    00000FAA  A$lcc2526
     00000FAC  A$lcc2526 |    00000FAD  A$lcc2526 |    00000FAF  A$lcc2526
     00000FB0  A$lcc2526 |    00000FB2  A$lcc2526 |    00000FB4  A$lcc2526
     00000FB5  A$lcc2526 |    00000FB7  A$lcc2526 |    00000FB8  A$lcc2526
     00000FB9  A$lcc2526 |    00000FBA  A$lcc2526 |    00000FBD  A$lcc2526
     00000FBE  A$lcc2526 |    00000FBF  A$lcc2526 |    00000FC0  A$lcc2526
     00000FC1  A$lcc2526 |    00000FC2  A$lcc2526 |    00000FC3  A$lcc2526
     00000FC4  A$lcc2526 |    00000FC5  A$lcc2526 |    00000FC8  A$lcc2526
     00000FC9  A$lcc2526 |    00000FCA  A$lcc2526 |    00000FCB  A$lcc2526
     00000FCD  A$lcc2526 |    00000FCE  A$lcc2526 |    00000FCF  A$lcc2526
     00000FD1  A$lcc2526 |    00000FD2  A$lcc2526 |    00000FD3  A$lcc2526
     00000FD4  A$lcc2526 |    00000FD6  A$lcc2526 |    00000FD7  A$lcc2526
     00000FD8  A$lcc2526 |    00000FD9  A$lcc2526 |    00000FDA  A$lcc2526
     00000FDC  A$lcc2526 |    00000FDD  A$lcc2526 |    00000FDE  A$lcc2526
     00000FDF  A$lcc2526 |    00000FE0  A$lcc2526 |    00000FE1  A$lcc2526
     00000FE3  A$lcc2526 |    00000FE4  A$lcc2526 |    00000FE5  A$lcc2526
     00000FE6  A$lcc2526 |    00000FE7  A$lcc2526 |    00000FE8  A$lcc2526
     00000FEA  A$lcc2526 |    00000FEB  A$lcc2526 |    00000FEC  A$lcc2526
     00000FED  A$lcc2526 |    00000FEF  A$lcc2526 |    00000FF0  A$lcc2526
     00000FF1  A$lcc2526 |    00000FF2  A$lcc2526 |    00000FF5  A$lcc2526
     00000FF6  A$lcc2526 |    00000FF8  A$lcc2526 |    00000FF8  C$main.c$
     00000FFB  A$lcc2526 |    00000FFD  A$lcc2526 |    00000FFD  C$main.c$
     00001000  A$lcc2526 |    00001002  A$lcc2526 |    00001002  C$main.c$
     00001005  A$lcc2526 |    00001007  A$lcc2526 |    0000100A  A$lcc2526
     0000100B  A$lcc2526 |    0000100C  A$lcc2526 |    0000100D  A$lcc2526
     00001010  A$lcc2526 |    00001011  A$lcc2526 |    00001012  A$lcc2526
     00001013  A$lcc2526 |    00001015  A$lcc2526 |    00001016  A$lcc2526
     00001017  A$lcc2526 |    0000101A  A$lcc2526 |    0000101B  A$lcc2526
     0000101B  C$main.c$ |    0000101D  A$lcc2526 |    0000101D  C$main.c$
     0000101D  XG$collid |    0000101E  A$lcc2526 |    0000101E  C$main.c$
     0000101E  G$collide |    0000101E  _collide_ |    00001020  A$lcc2526
     00001022  A$lcc2526 |    00001023  A$lcc2526 |    00001024  A$lcc2526
     00001024  C$main.c$ |    00001027  A$lcc2526 |    00001028  A$lcc2526
ASxxxx Linker V03.00 + NoICE + sdld,  page 20.
Hexadecimal  [32-Bits]

Area                       Addr        Size        Decimal Bytes (Attributes)
--------------------       ----        ----        ------- ----- ------------
_CODE                  00000200    000027ED =       10221. bytes (REL,CON)

        Value  Global            Value  Global            Value  Global    
        -----  ------            -----  ------            -----  ------    
     00001029  A$lcc2526 |    0000102B  A$lcc2526 |    0000102C  A$lcc2526
     0000102D  A$lcc2526 |    0000102E  A$lcc2526 |    0000102F  A$lcc2526
     00001031  A$lcc2526 |    00001033  A$lcc2526 |    00001033  C$main.c$
     00001035  A$lcc2526 |    00001037  A$lcc2526 |    00001037  C$main.c$
     00001039  A$lcc2526 |    0000103B  A$lcc2526 |    0000103D  A$lcc2526
     0000103D  C$main.c$ |    0000103F  A$lcc2526 |    00001041  A$lcc2526
     00001041  C$main.c$ |    00001043  A$lcc2526 |    00001045  A$lcc2526
     00001045  C$main.c$ |    00001047  A$lcc2526 |    00001048  A$lcc2526
     00001049  A$lcc2526 |    0000104A  A$lcc2526 |    0000104B  A$lcc2526
     0000104C  A$lcc2526 |    0000104D  A$lcc2526 |    0000104E  A$lcc2526
     00001051  A$lcc2526 |    00001052  A$lcc2526 |    00001053  A$lcc2526
     00001054  A$lcc2526 |    00001056  A$lcc2526 |    00001057  A$lcc2526
     00001058  A$lcc2526 |    00001059  A$lcc2526 |    0000105B  A$lcc2526
     0000105C  A$lcc2526 |    0000105D  A$lcc2526 |    0000105E  A$lcc2526
     0000105F  A$lcc2526 |    00001061  A$lcc2526 |    00001063  A$lcc2526
     00001064  A$lcc2526 |    00001065  A$lcc2526 |    00001066  A$lcc2526
     00001067  A$lcc2526 |    00001068  A$lcc2526 |    00001069  A$lcc2526
     0000106C  A$lcc2526 |    0000106D  A$lcc2526 |    0000106E  A$lcc2526
     0000106F  A$lcc2526 |    00001071  A$lcc2526 |    00001073  A$lcc2526
     00001075  A$lcc2526 |    00001077  A$lcc2526 |    00001079  A$lcc2526
     0000107B  A$lcc2526 |    0000107B  C$main.c$ |    0000107E  A$lcc2526
     0000107F  A$lcc2526 |    00001080  A$lcc2526 |    00001081  A$lcc2526
     00001082  A$lcc2526 |    00001083  A$lcc2526 |    00001084  A$lcc2526
     00001085  A$lcc2526 |    00001086  A$lcc2526 |    00001086  C$main.c$
     00001087  A$lcc2526 |    00001089  A$lcc2526 |    0000108A  A$lcc2526
[...]
--------------------       ----        ----        ------- ----- ------------
_HEADER3               00000000    00000008 =           8. bytes (ABS,CON)

        Value  Global            Value  Global            Value  Global    
        -----  ------            -----  ------            -----  ------    
ASxxxx Linker V03.00 + NoICE + sdld,  page 35.
Hexadecimal  [32-Bits]

Area                       Addr        Size        Decimal Bytes (Attributes)
--------------------       ----        ----        ------- ----- ------------
_HEADER4               00000000    0000004C =          76. bytes (ABS,CON)

        Value  Global            Value  Global            Value  Global    
        -----  ------            -----  ------            -----  ------    
     00000080  .int      |    0000008F  _wait_int |    0000009C  __standar
     000000AC  _refresh_
ASxxxx Linker V03.00 + NoICE + sdld,  page 36.
Hexadecimal  [32-Bits]

Area                       Addr        Size        Decimal Bytes (Attributes)
--------------------       ----        ----        ------- ----- ------------
_HEADER5               00000000    00000002 =           2. bytes (ABS,CON)

        Value  Global            Value  Global            Value  Global    
        -----  ------            -----  ------            -----  ------    
ASxxxx Linker V03.00 + NoICE + sdld,  page 37.
Hexadecimal  [32-Bits]

Area                       Addr        Size        Decimal Bytes (Attributes)
--------------------       ----        ----        ------- ----- ------------
_HEADER6               00000000    00000030 =          48. bytes (ABS,CON)

        Value  Global            Value  Global            Value  Global    
        -----  ------            -----  ------            -----  ------    
ASxxxx Linker V03.00 + NoICE + sdld,  page 38.
Hexadecimal  [32-Bits]

Area                       Addr        Size        Decimal Bytes (Attributes)
--------------------       ----        ----        ------- ----- ------------
_HEADER7               00000000    00000006 =           6. bytes (ABS,CON)

        Value  Global            Value  Global            Value  Global    
        -----  ------            -----  ------            -----  ------    
ASxxxx Linker V03.00 + NoICE + sdld,  page 39.
Hexadecimal  [32-Bits]

Area                       Addr        Size        Decimal Bytes (Attributes)
--------------------       ----        ----        ------- ----- ------------
_HEADER8               00000000    00000003 =           3. bytes (ABS,CON)

        Value  Global            Value  Global            Value  Global    
        -----  ------            -----  ------            -----  ------    
ASxxxx Linker V03.00 + NoICE + sdld,  page 40.
Hexadecimal  [32-Bits]

Area                       Addr        Size        Decimal Bytes (Attributes)
--------------------       ----        ----        ------- ----- ------------
_HEADER9               00000000    00000001 =           1. bytes (ABS,CON)

        Value  Global            Value  Global            Value  Global    
        -----  ------            -----  ------            -----  ------    
ASxxxx Linker V03.00 + NoICE + sdld,  page 41.
Hexadecimal  [32-Bits]

Area                       Addr        Size        Decimal Bytes (Attributes)
--------------------       ----        ----        ------- ----- ------------
_HEADERa               00000000    00000001 =           1. bytes (ABS,CON)

        Value  Global            Value  Global            Value  Global    
        -----  ------            -----  ------            -----  ------    
ASxxxx Linker V03.00 + NoICE + sdld,  page 42.
Hexadecimal  [32-Bits]

Area                       Addr        Size        Decimal Bytes (Attributes)
--------------------       ----        ----        ------- ----- ------------
_HEADERb               00000000    00000001 =           1. bytes (ABS,CON)

        Value  Global            Value  Global            Value  Global    
        -----  ------            -----  ------            -----  ------    
ASxxxx Linker V03.00 + NoICE + sdld,  page 43.
Hexadecimal  [32-Bits]

Area                       Addr        Size        Decimal Bytes (Attributes)
--------------------       ----        ----        ------- ----- ------------
_HEADERc               00000000    00000002 =           2. bytes (ABS,CON)

        Value  Global            Value  Global            Value  Global    
        -----  ------            -----  ------            -----  ------    
ASxxxx Linker V03.00 + NoICE + sdld,  page 44.
Hexadecimal  [32-Bits]

Area                       Addr        Size        Decimal Bytes (Attributes)
--------------------       ----        ----        ------- ----- ------------
_HEADERd               00000000    00000001 =           1. bytes (ABS,CON)

        Value  Global            Value  Global            Value  Global    
        -----  ------            -----  ------            -----  ------    
ASxxxx Linker V03.00 + NoICE + sdld,  page 45.
Hexadecimal  [32-Bits]

Area                       Addr        Size        Decimal Bytes (Attributes)
--------------------       ----        ----        ------- ----- ------------
_HEADERe               00000000    00000001 =           1. bytes (ABS,CON)

        Value  Global            Value  Global            Value  Global    
        -----  ------            -----  ------            -----  ------    
ASxxxx Linker V03.00 + NoICE + sdld,  page 46.
Hexadecimal  [32-Bits]

Area                       Addr        Size        Decimal Bytes (Attributes)
--------------------       ----        ----        ------- ----- ------------
_HEADERf               00000000    00000002 =           2. bytes (ABS,CON)

        Value  Global            Value  Global            Value  Global    
        -----  ------            -----  ------            -----  ------    
ASxxxx Linker V03.00 + NoICE + sdld,  page 47.
Hexadecimal  [32-Bits]

Area                       Addr        Size        Decimal Bytes (Attributes)
--------------------       ----        ----        ------- ----- ------------
_HEADER10              00000000    00000084 =         132. bytes (ABS,CON)

        Value  Global            Value  Global            Value  Global    
        -----  ------            -----  ------            -----  ------    
     00000150  .reset    |    00000150  _reset    |    00000157  .code_sta
     000001B9  _exit     |    000001BD  _set_inte
ASxxxx Linker V03.00 + NoICE + sdld,  page 48.
Hexadecimal  [32-Bits]

Area                       Addr        Size        Decimal Bytes (Attributes)
--------------------       ----        ----        ------- ----- ------------
_HEADER11              00000000    00000001 =           1. bytes (ABS,CON)

        Value  Global            Value  Global            Value  Global    
        -----  ------            -----  ------            -----  ------    
ASxxxx Linker V03.00 + NoICE + sdld,  page 49.
Hexadecimal  [32-Bits]

Area                       Addr        Size        Decimal Bytes (Attributes)
--------------------       ----        ----        ------- ----- ------------
_HOME                  000029ED    000002AB =         683. bytes (REL,CON)

        Value  Global            Value  Global            Value  Global    
        -----  ------            -----  ------            -----  ------    
     000029ED  .memset_s |    000029F6  .memcpy_s |    00002A13  .remove_V
     00002A16  .remove_i |    00002A33  .add_VBL  |    00002A36  .add_int 
     00002A41  .wait_vbl |    00002A41  _wait_vbl |    00002A51  .display_
     00002A51  _display_ |    00002A69  _remove_V |    00002A74  _add_VBL 
     00002A7F  _rand     |    00002A7F  _randw    |    00002AAA  _initrand
     00002AAC  .initrand |    00002AB5  _set_tile |    00002ABA  _set_bkg_
     00002ABA  _set_win_ |    00002AC2  _set_spri |    00002AF2  .padup   
     00002AF2  _waitpadu |    00002B02  .jpad     |    00002B02  _joypad  
     00002B2A  _waitpad  |    00002B2B  .wait_pad |    00002B32  ___sdcc_c
     00002B62  _add_LCD  |    00002B6D  .add_LCD  |    00002B73  _remove_L
     00002B7E  .remove_L |    00002B84  _set_bkg_ |    00002B98  _uitoa   
     00002BA7  _itoa     |    00002BB6  .itoa     |    00002BCA  .utoa    
     00002C3E  .set_xy_w |    00002C47  .set_xy_b |    00002C56  .set_xy_t
ASxxxx Linker V03.00 + NoICE + sdld,  page 50.
Hexadecimal  [32-Bits]

Area                       Addr        Size        Decimal Bytes (Attributes)
--------------------       ----        ----        ------- ----- ------------
_CODE_0                00002C98    00000440 =        1088. bytes (REL,CON)

        Value  Global            Value  Global            Value  Global    
        -----  ------            -----  ------            -----  ------    
     00002C98  G$FONT$0_ |    00002C98  _FONT    
ASxxxx Linker V03.00 + NoICE + sdld,  page 51.
Hexadecimal  [32-Bits]

Area                       Addr        Size        Decimal Bytes (Attributes)
--------------------       ----        ----        ------- ----- ------------
_INITIALIZER           000030D8    00000056 =          86. bytes (REL,CON)

        Value  Global            Value  Global            Value  Global    
        -----  ------            -----  ------            -----  ------    
     000030D8  Fmain$__x |    000030FC  Fmain$__x |    000030FF  Fmain$__x
     00003103  Fmain$__x |    00003107  Fmain$__x |    0000310E  Fmain$__x
     00003113  Fmain$__x |    00003114  Fmain$__x |    00003119  Fmain$__x
     0000311E  Fmain$__x |    00003125  Fmain$__x |    0000312B  Fmain$__x
ASxxxx Linker V03.00 + NoICE + sdld,  page 52.
Hexadecimal  [32-Bits]

Area                       Addr        Size        Decimal Bytes (Attributes)
--------------------       ----        ----        ------- ----- ------------
_GSINIT                0000312E    0000000C =          12. bytes (REL,CON)

        Value  Global            Value  Global            Value  Global    
        -----  ------            -----  ------            -----  ------    
     0000312E  gsinit   
ASxxxx Linker V03.00 + NoICE + sdld,  page 53.
Hexadecimal  [32-Bits]

Area                       Addr        Size        Decimal Bytes (Attributes)
--------------------       ----        ----        ------- ----- ------------
_GSFINAL               0000313A    00000001 =           1. bytes (REL,CON)

        Value  Global            Value  Global            Value  Global    
        -----  ------            -----  ------            -----  ------    
ASxxxx Linker V03.00 + NoICE + sdld,  page 54.
Hexadecimal  [32-Bits]

Area                       Addr        Size        Decimal Bytes (Attributes)
--------------------       ----        ----        ------- ----- ------------
_DATA                  0000C0A0    00000086 =         134. bytes (REL,CON)

        Value  Global            Value  Global            Value  Global    
        -----  ------            -----  ------            -----  ------    
     0000C0A0  __cpu     |    0000C0A1  __is_GBA  |    0000C0A2  .mode    
     0000C0A3  .sys_time |    0000C0A3  _sys_time |    0000C0A5  .int_0x40
     0000C0B1  G$scroll$ |    0000C0B1  _scroll   |    0000C0BB  G$PLAYER$
     0000C0BB  _PLAYER   |    0000C0C3  G$LOG_FRO |    0000C0C3  _LOG_FROG
     0000C0CB  G$FLY$0_0 |    0000C0CB  _FLY      |    0000C0D3  G$joy$0_0
     0000C0D3  _joy      |    0000C0D4  G$last_jo |    0000C0D4  _last_joy
     0000C0D5  G$is_movi |    0000C0D5  _is_movin |    0000C0D6  G$is_anim
     0000C0D6  _is_anima |    0000C0D7  G$is_dyin |    0000C0D7  _is_dying
     0000C0D8  G$turtles |    0000C0D8  _turtles_ |    0000C0D9  G$move_x$
     0000C0D9  _move_x   |    0000C0DA  G$move_y$ |    0000C0DA  _move_y  
     0000C0DB  G$scx_cou |    0000C0DB  _scx_coun |    0000C0DC  G$turtle_
     0000C0DC  _turtle_c |    0000C0DD  G$dive_co |    0000C0DD  _dive_cou
     0000C0DE  G$timer$0 |    0000C0DE  _timer    |    0000C0E0  G$fly_tim
     0000C0E0  _fly_time |    0000C0E2  G$fly_res |    0000C0E2  _fly_resp
     0000C0E4  G$timer_t |    0000C0E4  _timer_ti |    0000C0E5  G$pause_t
     0000C0E5  _pause_ti |    0000C0E6  G$flash$0 |    0000C0E6  _flash   
     0000C0E7  G$GAMESTA |    0000C0E7  _GAMESTAT |    0000C0E8  G$TIMERST
     0000C0E8  _TIMERSTA |    0000C0E9  G$turtle_ |    0000C0E9  _turtle_t
     0000C0EA  G$dive_ti |    0000C0EA  _dive_til |    0000C0EB  G$cave$0_
     0000C0EB  _cave     |    0000C0F0  G$y_min$0 |    0000C0F0  _y_min   
     0000C0F1  G$vram_ad |    0000C0F1  _vram_add |    0000C0F3  G$score$0
     0000C0F3  _score    |    0000C0F5  G$score_b |    0000C0F5  _score_bu
     0000C0FA  G$current |    0000C0FA  _current_ |    0000C0FB  G$level_b
     0000C0FB  _level_bu |    0000C113  G$animati |    0000C113  _animatio
     0000C114  G$death_a |    0000C114  _death_an |    0000C115  G$seed$0_
     0000C115  _seed     |    0000C117  G$debug_r |    0000C117  _debug_rn
     0000C118  G$debug_f |    0000C118  _debug_fl |    0000C119  ___rand_s
     0000C11B  ___curren |    0000C11D  ___curren |    0000C11E  .int_0x48
ASxxxx Linker V03.00 + NoICE + sdld,  page 55.
Hexadecimal  [32-Bits]

Area                       Addr        Size        Decimal Bytes (Attributes)
--------------------       ----        ----        ------- ----- ------------
_INITIALIZED           0000C126    00000056 =          86. bytes (REL,CON)

        Value  Global            Value  Global            Value  Global    
        -----  ------            -----  ------            -----  ------    
     0000C126  G$scroll_ |    0000C126  _scroll_r |    0000C14A  G$turtle_
     0000C14A  _turtle_d |    0000C14D  G$turtle_ |    0000C14D  _turtle_d
     0000C151  G$turtle_ |    0000C151  _turtle_t |    0000C155  G$dive_ti
     0000C155  _dive_til |    0000C15C  G$cave_fl |    0000C15C  _cave_fly
     0000C161  G$lives$0 |    0000C161  _lives    |    0000C162  G$PLAYER1
     0000C162  _PLAYER1U |    0000C167  G$PLAYER2 |    0000C167  _PLAYER2U
     0000C16C  G$level_t |    0000C16C  _level_te |    0000C173  G$pause_t
     0000C173  _pause_te |    0000C179  G$death_a |    0000C179  _death_an
     0000C17A  ___render |    0000C17B  __map_til
ASxxxx Linker V03.00 + NoICE + sdld,  page 56.
Hexadecimal  [32-Bits]

Area                       Addr        Size        Decimal Bytes (Attributes)
--------------------       ----        ----        ------- ----- ------------
_HRAM12                00000000    00000003 =           3. bytes (ABS,CON)

        Value  Global            Value  Global            Value  Global    
        -----  ------            -----  ------            -----  ------    
     0000FF90  __current |    0000FF92  __shadow_
ASxxxx Linker V03.00 + NoICE + sdld,  page 57.
Hexadecimal  [32-Bits]

Area                       Addr        Size        Decimal Bytes (Attributes)
--------------------       ----        ----        ------- ----- ------------
_CODE_1                00014000    00000426 =        1062. bytes (REL,CON)

        Value  Global            Value  Global            Value  Global    
        -----  ------            -----  ------            -----  ------    
     00014000  C$fly.c$9 |    00014000  G$__func_ |    00014000  G$fly_pal
     00014000  ___func_f |    00014000  _fly_pale |    00014008  G$fly_til
     00014008  _fly_tile |    00014048  G$fly_met |    00014048  _fly_meta
     00014054  G$fly_met |    00014054  _fly_meta |    00014056  C$frogger
     00014056  G$__func_ |    00014056  G$frogger |    00014056  ___func_f
     00014056  _frogger_ |    00014060  G$frogger |    00014060  _frogger_
     000142A0  G$frogger |    000142A0  _frogger_ |    000142AC  G$frogger
     000142AC  _frogger_ |    000142B8  G$frogger |    000142B8  _frogger_
     000142C4  G$frogger |    000142C4  _frogger_ |    000142D0  G$frogger
     000142D0  _frogger_ |    000142DC  G$frogger |    000142DC  _frogger_
     000142E8  G$frogger |    000142E8  _frogger_ |    000142F4  G$frogger
     000142F4  _frogger_ |    00014300  G$frogger |    00014300  _frogger_
     0001430C  G$frogger |    0001430C  _frogger_ |    0001431E  G$frogger
     0001431E  _frogger_ |    00014332  G$frogger |    00014332  _frogger_
     00014346  G$frogger |    00014346  _frogger_ |    00014378  C$frogger
     00014378  G$__func_ |    00014378  G$frogger |    00014378  ___func_f
     00014378  _frogger_ |    00014380  G$frogger |    00014380  _frogger_
     000143C0  G$frogger |    000143C0  _frogger_ |    000143CC  G$frogger
     000143CC  _frogger_ |    000143CE  C$log_fro |    000143CE  G$__func_
     000143CE  G$log_fro |    000143CE  ___func_l |    000143CE  _log_frog
     000143D8  G$log_fro |    000143D8  _log_frog |    00014418  G$log_fro
     00014418  _log_frog |    00014424  G$log_fro |    00014424  _log_frog
ASxxxx Linker V03.00 + NoICE + sdld,  page 58.
Hexadecimal  [32-Bits]

Area                       Addr        Size        Decimal Bytes (Attributes)
--------------------       ----        ----        ------- ----- ------------
_HEADER_LCD0           00000000    00000003 =           3. bytes (ABS,CON)

        Value  Global            Value  Global            Value  Global    
        -----  ------            -----  ------            -----  ------    
ASxxxx Linker V03.00 + NoICE + sdld,  page 59.

Files Linked                              [ module(s) ]

C:\c_code\gbdk\lib/gb/crt0.o              [ Runtime ]
C:\Users\EMART~1\AppData\Local\Temp/lcc252600.rel
                                          [ main ]
C:\Users\EMART~1\AppData\Local\Temp/lcc252601.rel
                                          [ bkg_map ]
C:\Users\EMART~1\AppData\Local\Temp/lcc252602.rel
                                          [ bkg_tiles ]
C:\Users\EMART~1\AppData\Local\Temp/lcc252603.rel
                                          [ collision_map ]
C:\Users\EMART~1\AppData\Local\Temp/lcc252604.rel
                                          [ fly ]
C:\Users\EMART~1\AppData\Local\Temp/lcc252605.rel
                                          [ font ]
C:\Users\EMART~1\AppData\Local\Temp/lcc252606.rel
                                          [ frog_lives ]
C:\Users\EMART~1\AppData\Local\Temp/lcc252607.rel
                                          [ frogger ]
C:\Users\EMART~1\AppData\Local\Temp/lcc252608.rel
                                          [ frogger_16 ]
C:\Users\EMART~1\AppData\Local\Temp/lcc252609.rel
                                          [ log_frog ]
C:\Users\EMART~1\AppData\Local\Temp/lcc2526010.rel
                                          [ reset_timer ]
C:\Users\EMART~1\AppData\Local\Temp/lcc2526011.rel
                                          [ win_frog ]


Libraries Linked                          [ object file ]

C:\c_code\gbdk\lib/sm83/sm83.lib          [ rand.o ]
C:\c_code\gbdk\lib/gb/gb.lib              [ sfr.o ]
C:\c_code\gbdk\lib/gb/gb.lib              [ get_tile.o ]
C:\c_code\gbdk\lib/gb/gb.lib              [ set_tile.o ]
C:\c_code\gbdk\lib/gb/gb.lib              [ metasprites_hide.o ]
C:\c_code\gbdk\lib/gb/gb.lib              [ set_data.o ]
C:\c_code\gbdk\lib/gb/gb.lib              [ metasprites_flip.o ]
C:\c_code\gbdk\lib/sm83/sm83.lib          [ sprintf.o ]
C:\c_code\gbdk\lib/gb/gb.lib              [ pad.o ]
C:\c_code\gbdk\lib/gb/gb.lib              [ metasprites.o ]
C:\c_code\gbdk\lib/sm83/sm83.lib          [ __sdcc_call_hl.o ]
C:\c_code\gbdk\lib/gb/gb.lib              [ lcd.o ]
C:\c_code\gbdk\lib/gb/gb.lib              [ get_addr.o ]
C:\c_code\gbdk\lib/sm83/sm83.lib          [ div.o ]
C:\c_code\gbdk\lib/gb/gb.lib              [ set_bk_t.o ]
C:\c_code\gbdk\lib/sm83/sm83.lib          [ itoa.o ]
C:\c_code\gbdk\lib/gb/gb.lib              [ set_xy_t.o ]

ASxxxx Linker V03.00 + NoICE + sdld,  page 60.

User Base Address Definitions

_DATA=0xC0A0
_CODE=0x0200
ASxxxx Linker V03.00 + NoICE + sdld,  page 61.

User Global Definitions

_shadow_OAM=0xC000
.STACK=0xE000
.refresh_OAM=0xFF80

