ASxxxx Linker V03.00 + NoICE + sdld,  page 1.
Hexadecimal  [32-Bits]

Area                       Addr        Size        Decimal Bytes (Attributes)
--------------------       ----        ----        ------- ----- ------------
.  .ABS.               00000000    00000000 =           0. bytes (ABS,CON)

        Value  Global            Value  Global            Value  Global    
        -----  ------            -----  ------            -----  ------    
     00000000  .__.ABS.  |    00000000  _rRAMG    |    00000000  l__BASE  
     00000000  l__BSS    |    00000000  l__CABS   |    00000000  l__DABS  
     00000000  l__HEADER |    00000000  l__HEADER |    00000000  l__HEAP  
     00000000  l__HRAM   |    00000000  l__LIT    |    00000000  s__CABS  
     00000000  s__DABS   |    00000000  s__HEADER |    00000000  s__HEADER
     00000000  s__HEADER |    00000000  s__HEADER |    00000000  s__HEADER
     00000000  s__HEADER |    00000000  s__HEADER |    00000000  s__HEADER
     00000000  s__HEADER |    00000000  s__HEADER |    00000000  s__HEADER
     00000000  s__HEADER |    00000000  s__HEADER |    00000000  s__HEADER
     00000000  s__HEADER |    00000000  s__HEADER |    00000000  s__HEADER
     00000000  s__HEADER |    00000000  s__HEADER |    00000000  s__HEADER
     00000000  s__HEADER |    00000000  s__HRAM   |    00000000  s__HRAM12
     00000001  ___bank_f |    00000001  ___bank_f |    00000001  ___bank_l
     00000001  l__GSFINA |    00000001  l__HEADER |    00000001  l__HEADER
     00000001  l__HEADER |    00000001  l__HEADER |    00000001  l__HEADER
     00000001  l__HEADER |    00000001  l__HEADER |    00000002  l__HEADER
     00000002  l__HEADER |    00000002  l__HEADER |    00000003  l__HEADER
     00000003  l__HEADER |    00000003  l__HRAM12 |    00000005  l__HEADER
     00000006  l__HEADER |    00000007  l__HEADER |    00000008  l__HEADER
     0000000C  l__GSINIT |    00000030  l__HEADER |    0000004F  l__HEADER
     00000050  l__INITIA |    00000050  l__INITIA |    0000007F  l__DATA  
     00000082  l__HEADER |    00000200  s__CODE   |    0000039A  l__HOME  
     000003D0  l__CODE_1 |    00000440  l__CODE_0 |    00002000  _rROMB0  
     0000256F  l__CODE   |    0000276F  s__HOME   |    00002B09  s__BASE  
     00002B09  s__CODE_0 |    00002F49  s__INITIA |    00002F49  s__LIT   
     00002F99  s__GSINIT |    00002FA5  s__GSFINA |    00003000  _rROMB1  
     00004000  _rRAMB    |    00008000  __VRAM    |    00008000  __VRAM800
     00008800  __VRAM880 |    00009000  __VRAM900 |    00009800  __SCRN0  
     00009C00  __SCRN1   |    0000A000  __SRAM    |    0000C000  __RAM    
     0000C000  _shadow_O |    0000C0A0  s__DATA   |    0000C11F  s__BSS   
     0000C11F  s__INITIA |    0000C16F  s__HEAP   |    0000D000  __RAMBANK
     0000E000  .STACK    |    0000FE00  __OAMRAM  |    0000FF00  _P1_REG  
     0000FF00  __IO      |    0000FF01  _SB_REG   |    0000FF02  _SC_REG  
     0000FF04  _DIV_REG  |    0000FF05  _TIMA_REG |    0000FF06  _TMA_REG 
     0000FF07  _TAC_REG  |    0000FF0F  _IF_REG   |    0000FF10  _NR10_REG
     0000FF11  _NR11_REG |    0000FF12  _NR12_REG |    0000FF13  _NR13_REG
     0000FF14  _NR14_REG |    0000FF16  _NR21_REG |    0000FF17  _NR22_REG
     0000FF18  _NR23_REG |    0000FF19  _NR24_REG |    0000FF1A  _NR30_REG
     0000FF1B  _NR31_REG |    0000FF1C  _NR32_REG |    0000FF1D  _NR33_REG
     0000FF1E  _NR34_REG |    0000FF20  _NR41_REG |    0000FF21  _NR42_REG
     0000FF22  _NR43_REG |    0000FF23  _NR44_REG |    0000FF24  _NR50_REG
     0000FF25  _NR51_REG |    0000FF26  _NR52_REG |    0000FF30  _PCM_SAMP
     0000FF30  __AUD3WAV |    0000FF40  _LCDC_REG |    0000FF41  _STAT_REG
     0000FF42  _SCY_REG  |    0000FF43  _SCX_REG  |    0000FF44  _LY_REG  
     0000FF45  _LYC_REG  |    0000FF46  _DMA_REG  |    0000FF47  _BGP_REG 
     0000FF48  _OBP0_REG |    0000FF49  _OBP1_REG |    0000FF4A  _WY_REG  
     0000FF4B  _WX_REG   |    0000FF4D  _KEY1_REG |    0000FF4F  _VBK_REG 
     0000FF51  _HDMA1_RE |    0000FF52  _HDMA2_RE |    0000FF53  _HDMA3_RE
     0000FF54  _HDMA4_RE |    0000FF55  _HDMA5_RE |    0000FF56  _RP_REG  
     0000FF68  _BCPS_REG |    0000FF69  _BCPD_REG |    0000FF6A  _OCPS_REG
ASxxxx Linker V03.00 + NoICE + sdld,  page 2.
Hexadecimal  [32-Bits]

Area                       Addr        Size        Decimal Bytes (Attributes)
--------------------       ----        ----        ------- ----- ------------
.  .ABS.               00000000    00000000 =           0. bytes (ABS,CON)

        Value  Global            Value  Global            Value  Global    
        -----  ------            -----  ------            -----  ------    
     0000FF6B  _OCPD_REG |    0000FF70  _SVBK_REG |    0000FF76  _PCM12_RE
     0000FF77  _PCM34_RE |    0000FF80  .refresh_ |    0000FF80  __HRAM   
     0000FFFF  _IE_REG   |    00014000  s__CODE_1
ASxxxx Linker V03.00 + NoICE + sdld,  page 3.
Hexadecimal  [32-Bits]

Area                       Addr        Size        Decimal Bytes (Attributes)
--------------------       ----        ----        ------- ----- ------------
_CODE                  00000200    0000256F =        9583. bytes (REL,CON)

        Value  Global            Value  Global            Value  Global    
        -----  ------            -----  ------            -----  ------    
     00000200  A$lcc7112 |    00000200  C$main.c$ |    00000200  C$main.c$
     00000200  G$overlap |    00000200  _overlap  |    00000202  A$lcc7112
     00000203  A$lcc7112 |    00000205  A$lcc7112 |    00000206  A$lcc7112
     00000208  A$lcc7112 |    0000020A  A$lcc7112 |    0000020B  A$lcc7112
     0000020D  A$lcc7112 |    0000020E  A$lcc7112 |    00000210  A$lcc7112
     00000212  A$lcc7112 |    00000213  A$lcc7112 |    00000215  A$lcc7112
     00000216  A$lcc7112 |    00000218  A$lcc7112 |    0000021A  A$lcc7112
     0000021B  A$lcc7112 |    0000021D  A$lcc7112 |    0000021E  A$lcc7112
     00000220  A$lcc7112 |    00000222  A$lcc7112 |    00000223  A$lcc7112
     00000225  A$lcc7112 |    00000226  A$lcc7112 |    00000228  A$lcc7112
     0000022A  A$lcc7112 |    0000022B  A$lcc7112 |    0000022D  A$lcc7112
     0000022E  A$lcc7112 |    00000230  A$lcc7112 |    00000232  A$lcc7112
     00000233  A$lcc7112 |    00000235  A$lcc7112 |    00000236  A$lcc7112
     00000238  A$lcc7112 |    0000023A  A$lcc7112 |    0000023B  A$lcc7112
     0000023D  A$lcc7112 |    0000023E  A$lcc7112 |    00000240  A$lcc7112
     00000240  C$main.c$ |    00000242  A$lcc7112 |    00000243  A$lcc7112
     00000243  C$main.c$ |    00000245  A$lcc7112 |    00000246  A$lcc7112
     00000247  A$lcc7112 |    00000249  A$lcc7112 |    0000024A  A$lcc7112
     0000024B  A$lcc7112 |    0000024C  A$lcc7112 |    0000024D  A$lcc7112
     0000024E  A$lcc7112 |    0000024F  A$lcc7112 |    00000250  A$lcc7112
     00000251  A$lcc7112 |    00000253  A$lcc7112 |    00000255  A$lcc7112
     00000257  A$lcc7112 |    00000259  A$lcc7112 |    0000025A  A$lcc7112
     0000025C  A$lcc7112 |    0000025E  A$lcc7112 |    00000260  A$lcc7112
     00000261  A$lcc7112 |    00000263  A$lcc7112 |    00000265  A$lcc7112
     00000266  A$lcc7112 |    00000267  A$lcc7112 |    00000269  A$lcc7112
     0000026A  A$lcc7112 |    0000026B  A$lcc7112 |    0000026C  A$lcc7112
     0000026D  A$lcc7112 |    0000026E  A$lcc7112 |    0000026F  A$lcc7112
     00000270  A$lcc7112 |    00000271  A$lcc7112 |    00000273  A$lcc7112
     00000275  A$lcc7112 |    00000277  A$lcc7112 |    00000279  A$lcc7112
     0000027A  A$lcc7112 |    0000027C  A$lcc7112 |    0000027E  A$lcc7112
     00000280  A$lcc7112 |    00000281  A$lcc7112 |    00000283  A$lcc7112
     00000283  C$main.c$ |    00000285  A$lcc7112 |    00000286  A$lcc7112
     00000286  C$main.c$ |    00000288  A$lcc7112 |    00000289  A$lcc7112
     0000028A  A$lcc7112 |    0000028C  A$lcc7112 |    0000028D  A$lcc7112
     0000028E  A$lcc7112 |    0000028F  A$lcc7112 |    00000290  A$lcc7112
     00000291  A$lcc7112 |    00000292  A$lcc7112 |    00000293  A$lcc7112
     00000294  A$lcc7112 |    00000296  A$lcc7112 |    00000298  A$lcc7112
     0000029A  A$lcc7112 |    0000029C  A$lcc7112 |    0000029D  A$lcc7112
     0000029F  A$lcc7112 |    000002A1  A$lcc7112 |    000002A3  A$lcc7112
     000002A4  A$lcc7112 |    000002A6  A$lcc7112 |    000002A8  A$lcc7112
     000002A9  A$lcc7112 |    000002AA  A$lcc7112 |    000002AC  A$lcc7112
     000002AD  A$lcc7112 |    000002AE  A$lcc7112 |    000002AF  A$lcc7112
     000002B0  A$lcc7112 |    000002B1  A$lcc7112 |    000002B2  A$lcc7112
     000002B3  A$lcc7112 |    000002B4  A$lcc7112 |    000002B6  A$lcc7112
     000002B8  A$lcc7112 |    000002BA  A$lcc7112 |    000002BC  A$lcc7112
     000002BD  A$lcc7112 |    000002BF  A$lcc7112 |    000002C1  A$lcc7112
     000002C3  A$lcc7112 |    000002C4  A$lcc7112 |    000002C6  A$lcc7112
     000002C6  C$main.c$ |    000002C8  A$lcc7112 |    000002C9  A$lcc7112
     000002C9  C$main.c$ |    000002CB  A$lcc7112 |    000002CB  C$main.c$
     000002CB  XG$overla |    000002CC  A$lcc7112 |    000002CC  C$main.c$
ASxxxx Linker V03.00 + NoICE + sdld,  page 4.
Hexadecimal  [32-Bits]

Area                       Addr        Size        Decimal Bytes (Attributes)
--------------------       ----        ----        ------- ----- ------------
_CODE                  00000200    0000256F =        9583. bytes (REL,CON)

        Value  Global            Value  Global            Value  Global    
        -----  ------            -----  ------            -----  ------    
     000002CC  C$main.c$ |    000002CC  G$kill_fr |    000002CC  _kill_fro
     000002CF  A$lcc7112 |    000002D1  A$lcc7112 |    000002D1  C$main.c$
     000002D4  A$lcc7112 |    000002D6  A$lcc7112 |    000002D6  C$main.c$
     000002D9  A$lcc7112 |    000002DB  A$lcc7112 |    000002DB  C$main.c$
     000002DE  A$lcc7112 |    000002DF  A$lcc7112 |    000002E0  A$lcc7112
     000002E1  A$lcc7112 |    000002E1  C$main.c$ |    000002E2  A$lcc7112
     000002E3  A$lcc7112 |    000002E3  C$main.c$ |    000002E3  XG$kill_f
     000002E4  A$lcc7112 |    000002E4  C$main.c$ |    000002E4  G$render_
     000002E4  _render_a |    000002E5  A$lcc7112 |    000002E5  C$main.c$
     000002E8  A$lcc7112 |    000002E9  A$lcc7112 |    000002E9  C$main.c$
     000002EC  A$lcc7112 |    000002ED  A$lcc7112 |    000002EF  A$lcc7112
     000002F0  A$lcc7112 |    000002F1  A$lcc7112 |    000002F2  A$lcc7112
     000002F3  A$lcc7112 |    000002F4  A$lcc7112 |    000002F6  A$lcc7112
     000002F9  A$lcc7112 |    000002FA  A$lcc7112 |    000002FA  C$main.c$
     000002FA  C$main.c$ |    000002FB  A$lcc7112 |    000002FC  A$lcc7112
     000002FE  A$lcc7112 |    00000301  A$lcc7112 |    00000303  A$lcc7112
     00000304  A$lcc7112 |    00000307  A$lcc7112 |    00000309  A$lcc7112
     0000030A  A$lcc7112 |    0000030D  A$lcc7112 |    0000030E  A$lcc7112
     0000030F  A$lcc7112 |    00000310  A$lcc7112 |    00000313  A$lcc7112
     00000314  A$lcc7112 |    00000315  A$lcc7112 |    00000316  A$lcc7112
     00000319  A$lcc7112 |    0000031B  A$lcc7112 |    0000031D  A$lcc7112
     0000031F  A$lcc7112 |    00000321  A$lcc7112 |    00000324  A$lcc7112
     00000326  A$lcc7112 |    00000329  A$lcc7112 |    0000032A  A$lcc7112
     0000032B  A$lcc7112 |    0000032C  A$lcc7112 |    0000032D  A$lcc7112
     0000032F  A$lcc7112 |    00000330  A$lcc7112 |    00000332  A$lcc7112
     00000333  A$lcc7112 |    00000336  A$lcc7112 |    00000338  A$lcc7112
     00000338  C$main.c$ |    0000033A  A$lcc7112 |    0000033A  C$main.c$
     0000033B  A$lcc7112 |    0000033C  A$lcc7112 |    0000033E  A$lcc7112
     00000341  A$lcc7112 |    00000342  A$lcc7112 |    00000345  A$lcc7112
     00000346  A$lcc7112 |    00000349  A$lcc7112 |    0000034A  A$lcc7112
     0000034B  A$lcc7112 |    0000034C  A$lcc7112 |    0000034D  A$lcc7112
     00000350  A$lcc7112 |    00000351  A$lcc7112 |    00000352  A$lcc7112
     00000353  A$lcc7112 |    00000356  A$lcc7112 |    00000358  A$lcc7112
     00000359  A$lcc7112 |    0000035A  A$lcc7112 |    0000035B  A$lcc7112
     0000035C  A$lcc7112 |    0000035D  A$lcc7112 |    0000035E  A$lcc7112
     0000035F  A$lcc7112 |    00000360  A$lcc7112 |    00000363  A$lcc7112
     00000365  A$lcc7112 |    00000365  C$main.c$ |    00000365  C$main.c$
     00000368  A$lcc7112 |    0000036A  A$lcc7112 |    0000036A  C$main.c$
     0000036D  A$lcc7112 |    0000036F  A$lcc7112 |    00000370  A$lcc7112
     00000370  C$main.c$ |    00000370  XG$render |    00000371  A$lcc7112
     00000371  C$main.c$ |    00000371  C$main.c$ |    00000371  G$update_
     00000371  _update_l |    00000374  A$lcc7112 |    00000375  A$lcc7112
     00000378  A$lcc7112 |    00000379  A$lcc7112 |    0000037C  A$lcc7112
     0000037D  A$lcc7112 |    0000037E  A$lcc7112 |    0000037F  A$lcc7112
     0000037F  C$main.c$ |    00000382  A$lcc7112 |    00000383  A$lcc7112
     00000386  A$lcc7112 |    00000387  A$lcc7112 |    0000038A  A$lcc7112
     0000038B  A$lcc7112 |    0000038E  A$lcc7112 |    00000390  A$lcc7112
     00000390  C$main.c$ |    00000393  A$lcc7112 |    00000394  A$lcc7112
     00000395  A$lcc7112 |    00000397  A$lcc7112 |    00000397  C$main.c$
     00000399  A$lcc7112 |    0000039A  A$lcc7112 |    0000039B  A$lcc7112
     0000039E  A$lcc7112 |    0000039F  A$lcc7112 |    000003A0  A$lcc7112
ASxxxx Linker V03.00 + NoICE + sdld,  page 5.
Hexadecimal  [32-Bits]

Area                       Addr        Size        Decimal Bytes (Attributes)
--------------------       ----        ----        ------- ----- ------------
_CODE                  00000200    0000256F =        9583. bytes (REL,CON)

        Value  Global            Value  Global            Value  Global    
        -----  ------            -----  ------            -----  ------    
     000003A1  A$lcc7112 |    000003A2  A$lcc7112 |    000003A5  A$lcc7112
     000003A7  A$lcc7112 |    000003A7  C$main.c$ |    000003AA  A$lcc7112
     000003AB  A$lcc7112 |    000003AD  A$lcc7112 |    000003AE  A$lcc7112
     000003AF  A$lcc7112 |    000003AF  C$main.c$ |    000003B0  A$lcc7112
     000003B2  A$lcc7112 |    000003B2  C$main.c$ |    000003B5  A$lcc7112
     000003B6  A$lcc7112 |    000003B9  A$lcc7112 |    000003BA  A$lcc7112
     000003BD  A$lcc7112 |    000003BE  A$lcc7112 |    000003BF  A$lcc7112
     000003C0  A$lcc7112 |    000003C0  C$main.c$ |    000003C3  A$lcc7112
     000003C5  A$lcc7112 |    000003C6  A$lcc7112 |    000003C7  A$lcc7112
     000003CA  A$lcc7112 |    000003CB  A$lcc7112 |    000003CC  A$lcc7112
     000003CD  A$lcc7112 |    000003CE  A$lcc7112 |    000003D1  A$lcc7112
     000003D3  A$lcc7112 |    000003D3  C$main.c$ |    000003D3  XG$update
     000003D4  Fmain$__s |    000003D7  A$lcc7112 |    000003D7  C$main.c$
     000003D7  C$main.c$ |    000003D7  G$update_ |    000003D7  _update_p
     000003DA  A$lcc7112 |    000003DB  A$lcc7112 |    000003DE  A$lcc7112
     000003DF  A$lcc7112 |    000003E2  A$lcc7112 |    000003E3  A$lcc7112
     000003E4  A$lcc7112 |    000003E5  A$lcc7112 |    000003E5  C$main.c$
     000003E8  A$lcc7112 |    000003E9  A$lcc7112 |    000003EA  A$lcc7112
     000003EB  A$lcc7112 |    000003EB  C$main.c$ |    000003ED  A$lcc7112
     000003EE  A$lcc7112 |    000003EF  A$lcc7112 |    000003F2  A$lcc7112
     000003F3  A$lcc7112 |    000003F4  A$lcc7112 |    000003F5  A$lcc7112
     000003F6  A$lcc7112 |    000003F9  A$lcc7112 |    000003FB  A$lcc7112
     000003FB  C$main.c$ |    000003FE  A$lcc7112 |    000003FF  A$lcc7112
     00000401  A$lcc7112 |    00000402  A$lcc7112 |    00000403  A$lcc7112
     00000403  C$main.c$ |    00000404  A$lcc7112 |    00000404  C$main.c$
     00000404  XG$update |    00000406  A$lcc7112 |    00000406  C$main.c$
     00000406  C$main.c$ |    00000406  G$update_ |    00000406  _update_s
     00000409  A$lcc7112 |    0000040A  A$lcc7112 |    0000040C  A$lcc7112
     0000040D  A$lcc7112 |    0000040F  A$lcc7112 |    00000411  A$lcc7112
     00000412  A$lcc7112 |    00000413  A$lcc7112 |    00000414  A$lcc7112
     00000416  A$lcc7112 |    00000416  C$main.c$ |    00000419  A$lcc7112
     0000041A  A$lcc7112 |    0000041D  A$lcc7112 |    0000041E  A$lcc7112
     00000421  A$lcc7112 |    00000422  A$lcc7112 |    00000423  A$lcc7112
     00000424  A$lcc7112 |    00000426  A$lcc7112 |    00000426  C$main.c$
     00000429  A$lcc7112 |    0000042A  A$lcc7112 |    0000042C  A$lcc7112
     0000042D  A$lcc7112 |    0000042F  A$lcc7112 |    00000431  A$lcc7112
     00000432  A$lcc7112 |    00000434  A$lcc7112 |    00000436  A$lcc7112
     00000437  A$lcc7112 |    00000439  A$lcc7112 |    00000439  C$main.c$
     0000043C  A$lcc7112 |    0000043D  A$lcc7112 |    00000440  A$lcc7112
     00000441  A$lcc7112 |    00000444  A$lcc7112 |    00000445  A$lcc7112
     00000446  A$lcc7112 |    00000447  A$lcc7112 |    00000449  A$lcc7112
     00000449  C$main.c$ |    0000044B  A$lcc7112 |    0000044D  A$lcc7112
     00000450  A$lcc7112 |    00000451  A$lcc7112 |    00000453  A$lcc7112
     00000454  A$lcc7112 |    00000456  A$lcc7112 |    00000458  A$lcc7112
     00000458  C$main.c$ |    0000045B  A$lcc7112 |    0000045C  A$lcc7112
     0000045F  A$lcc7112 |    00000460  A$lcc7112 |    00000463  A$lcc7112
     00000464  A$lcc7112 |    00000465  A$lcc7112 |    00000466  A$lcc7112
     00000468  A$lcc7112 |    00000468  C$main.c$ |    0000046B  A$lcc7112
     0000046D  A$lcc7112 |    0000046E  A$lcc7112 |    0000046F  A$lcc7112
     00000471  A$lcc7112 |    00000472  A$lcc7112 |    00000474  A$lcc7112
     00000474  C$main.c$ |    00000477  A$lcc7112 |    00000478  A$lcc7112
ASxxxx Linker V03.00 + NoICE + sdld,  page 6.
Hexadecimal  [32-Bits]

Area                       Addr        Size        Decimal Bytes (Attributes)
--------------------       ----        ----        ------- ----- ------------
_CODE                  00000200    0000256F =        9583. bytes (REL,CON)

        Value  Global            Value  Global            Value  Global    
        -----  ------            -----  ------            -----  ------    
     0000047B  A$lcc7112 |    0000047C  A$lcc7112 |    0000047F  A$lcc7112
     00000480  A$lcc7112 |    00000481  A$lcc7112 |    00000482  A$lcc7112
     00000482  C$main.c$ |    00000485  A$lcc7112 |    00000486  A$lcc7112
     00000487  A$lcc7112 |    00000488  A$lcc7112 |    00000489  A$lcc7112
     0000048C  A$lcc7112 |    0000048D  A$lcc7112 |    00000490  A$lcc7112
     00000491  A$lcc7112 |    00000494  A$lcc7112 |    00000496  A$lcc7112
     00000496  C$main.c$ |    00000499  A$lcc7112 |    0000049A  A$lcc7112
     0000049B  A$lcc7112 |    0000049C  A$lcc7112 |    0000049C  C$main.c$
     0000049E  A$lcc7112 |    0000049F  A$lcc7112 |    000004A0  A$lcc7112
     000004A3  A$lcc7112 |    000004A4  A$lcc7112 |    000004A5  A$lcc7112
     000004A6  A$lcc7112 |    000004A7  A$lcc7112 |    000004AA  A$lcc7112
     000004AC  A$lcc7112 |    000004AC  C$main.c$ |    000004AF  A$lcc7112
     000004B0  A$lcc7112 |    000004B2  A$lcc7112 |    000004B3  A$lcc7112
     000004B4  A$lcc7112 |    000004B4  C$main.c$ |    000004B5  A$lcc7112
     000004B5  C$main.c$ |    000004B5  XG$update |    000004B7  Fmain$__s
     000004BA  A$lcc7112 |    000004BA  C$main.c$ |    000004BA  C$main.c$
     000004BA  G$update_ |    000004BA  _update_f |    000004BD  A$lcc7112
     000004BE  A$lcc7112 |    000004C0  A$lcc7112 |    000004C1  A$lcc7112
     000004C2  A$lcc7112 |    000004C4  A$lcc7112 |    000004C4  C$main.c$
     000004C7  A$lcc7112 |    000004C8  A$lcc7112 |    000004C9  A$lcc7112
     000004CA  A$lcc7112 |    000004CD  A$lcc7112 |    000004CF  A$lcc7112
     000004CF  C$main.c$ |    000004D0  A$lcc7112 |    000004D0  C$main.c$
     000004D1  A$lcc7112 |    000004D3  A$lcc7112 |    000004D3  C$main.c$
     000004D4  A$lcc7112 |    000004D5  A$lcc7112 |    000004D7  A$lcc7112
     000004D8  A$lcc7112 |    000004DB  A$lcc7112 |    000004DC  A$lcc7112
     000004DD  A$lcc7112 |    000004E0  A$lcc7112 |    000004E2  A$lcc7112
     000004E2  C$main.c$ |    000004E2  XG$update |    000004E3  A$lcc7112
     000004E3  C$main.c$ |    000004E3  G$update_ |    000004E3  _update_f
     000004E4  A$lcc7112 |    000004E7  A$lcc7112 |    000004E9  A$lcc7112
     000004EA  A$lcc7112 |    000004EA  C$main.c$ |    000004ED  A$lcc7112
     000004ED  C$main.c$ |    000004EF  A$lcc7112 |    000004F0  A$lcc7112
     000004F1  A$lcc7112 |    000004F3  A$lcc7112 |    000004F5  A$lcc7112
     000004F6  A$lcc7112 |    000004F7  A$lcc7112 |    000004F9  A$lcc7112
     000004FB  A$lcc7112 |    000004FC  A$lcc7112 |    000004FE  A$lcc7112
     00000501  A$lcc7112 |    00000503  A$lcc7112 |    00000504  A$lcc7112
     00000506  A$lcc7112 |    00000508  A$lcc7112 |    0000050B  A$lcc7112
     0000050B  C$main.c$ |    0000050C  A$lcc7112 |    0000050D  A$lcc7112
     00000510  A$lcc7112 |    00000511  A$lcc7112 |    00000514  A$lcc7112
     00000515  A$lcc7112 |    00000516  A$lcc7112 |    00000517  A$lcc7112
     0000051A  A$lcc7112 |    0000051B  A$lcc7112 |    0000051C  A$lcc7112
     0000051D  A$lcc7112 |    00000520  A$lcc7112 |    00000522  A$lcc7112
     00000523  A$lcc7112 |    00000524  A$lcc7112 |    00000525  A$lcc7112
     00000527  A$lcc7112 |    00000528  A$lcc7112 |    0000052B  A$lcc7112
     0000052D  A$lcc7112 |    0000052D  C$main.c$ |    00000530  A$lcc7112
     00000530  C$main.c$ |    00000531  A$lcc7112 |    00000533  A$lcc7112
     00000534  A$lcc7112 |    00000537  A$lcc7112 |    00000539  A$lcc7112
     0000053A  A$lcc7112 |    0000053D  A$lcc7112 |    0000053E  A$lcc7112
     0000053F  A$lcc7112 |    00000540  A$lcc7112 |    00000543  A$lcc7112
     00000544  A$lcc7112 |    00000545  A$lcc7112 |    00000546  A$lcc7112
     00000549  A$lcc7112 |    0000054B  A$lcc7112 |    0000054D  A$lcc7112
     0000054F  A$lcc7112 |    00000551  A$lcc7112 |    00000554  A$lcc7112
ASxxxx Linker V03.00 + NoICE + sdld,  page 7.
Hexadecimal  [32-Bits]

Area                       Addr        Size        Decimal Bytes (Attributes)
--------------------       ----        ----        ------- ----- ------------
_CODE                  00000200    0000256F =        9583. bytes (REL,CON)

        Value  Global            Value  Global            Value  Global    
        -----  ------            -----  ------            -----  ------    
     00000556  A$lcc7112 |    00000559  A$lcc7112 |    0000055A  A$lcc7112
     0000055B  A$lcc7112 |    0000055C  A$lcc7112 |    0000055D  A$lcc7112
     0000055F  A$lcc7112 |    00000560  A$lcc7112 |    00000562  A$lcc7112
     00000563  A$lcc7112 |    00000566  A$lcc7112 |    00000568  A$lcc7112
     00000568  C$main.c$ |    0000056A  A$lcc7112 |    0000056A  C$main.c$
     0000056B  A$lcc7112 |    0000056C  A$lcc7112 |    0000056F  A$lcc7112
     00000570  A$lcc7112 |    00000573  A$lcc7112 |    00000574  A$lcc7112
     00000575  A$lcc7112 |    00000576  A$lcc7112 |    00000579  A$lcc7112
     0000057A  A$lcc7112 |    0000057B  A$lcc7112 |    0000057C  A$lcc7112
     0000057F  A$lcc7112 |    00000581  A$lcc7112 |    00000582  A$lcc7112
     00000583  A$lcc7112 |    00000584  A$lcc7112 |    00000586  A$lcc7112
     00000587  A$lcc7112 |    0000058A  A$lcc7112 |    0000058C  A$lcc7112
     0000058C  C$main.c$ |    0000058E  A$lcc7112 |    0000058E  C$main.c$
     0000058F  A$lcc7112 |    00000590  A$lcc7112 |    00000593  A$lcc7112
     00000595  A$lcc7112 |    00000596  A$lcc7112 |    00000599  A$lcc7112
     0000059A  A$lcc7112 |    0000059B  A$lcc7112 |    0000059C  A$lcc7112
     0000059F  A$lcc7112 |    000005A0  A$lcc7112 |    000005A1  A$lcc7112
     000005A2  A$lcc7112 |    000005A5  A$lcc7112 |    000005A7  A$lcc7112
     000005A8  A$lcc7112 |    000005AA  A$lcc7112 |    000005AB  A$lcc7112
     000005AC  A$lcc7112 |    000005AD  A$lcc7112 |    000005AF  A$lcc7112
     000005B0  A$lcc7112 |    000005B3  A$lcc7112 |    000005B5  A$lcc7112
     000005B5  C$main.c$ |    000005B6  A$lcc7112 |    000005B6  C$main.c$
     000005B6  XG$update |    000005B7  A$lcc7112 |    000005B7  C$main.c$
     000005B7  C$main.c$ |    000005B7  G$reset_f |    000005B7  _reset_fr
     000005BA  A$lcc7112 |    000005BA  C$main.c$ |    000005BD  A$lcc7112
     000005BF  A$lcc7112 |    000005BF  C$main.c$ |    000005C2  A$lcc7112
     000005C4  A$lcc7112 |    000005C7  A$lcc7112 |    000005C9  A$lcc7112
     000005C9  C$main.c$ |    000005CC  A$lcc7112 |    000005CE  A$lcc7112
     000005CF  A$lcc7112 |    000005D1  A$lcc7112 |    000005D1  C$main.c$
     000005D4  A$lcc7112 |    000005D5  A$lcc7112 |    000005D6  A$lcc7112
     000005D8  A$lcc7112 |    000005D9  A$lcc7112 |    000005DB  A$lcc7112
     000005DB  C$main.c$ |    000005DC  A$lcc7112 |    000005DF  A$lcc7112
     000005DF  C$main.c$ |    000005E2  A$lcc7112 |    000005E4  A$lcc7112
     000005E4  C$main.c$ |    000005E7  A$lcc7112 |    000005E9  A$lcc7112
     000005EA  A$lcc7112 |    000005EB  A$lcc7112 |    000005EE  A$lcc7112
     000005EF  A$lcc7112 |    000005F2  A$lcc7112 |    000005F3  A$lcc7112
     000005F4  A$lcc7112 |    000005F5  A$lcc7112 |    000005F6  A$lcc7112
     000005F9  A$lcc7112 |    000005FA  A$lcc7112 |    000005FB  A$lcc7112
     000005FC  A$lcc7112 |    000005FF  A$lcc7112 |    00000601  A$lcc7112
     00000602  A$lcc7112 |    00000603  A$lcc7112 |    00000604  A$lcc7112
     00000605  A$lcc7112 |    00000606  A$lcc7112 |    00000607  A$lcc7112
     00000608  A$lcc7112 |    00000609  A$lcc7112 |    0000060C  A$lcc7112
     0000060E  A$lcc7112 |    0000060E  C$main.c$ |    0000060E  C$main.c$
     0000060E  XG$reset_ |    0000060F  A$lcc7112 |    0000060F  C$main.c$
     0000060F  C$main.c$ |    0000060F  G$reset_t |    0000060F  _reset_ti
     00000612  A$lcc7112 |    00000614  A$lcc7112 |    00000615  A$lcc7112
     00000617  A$lcc7112 |    00000617  C$main.c$ |    0000061A  A$lcc7112
     0000061C  A$lcc7112 |    0000061C  C$main.c$ |    0000061F  A$lcc7112
     00000620  A$lcc7112 |    00000623  A$lcc7112 |    00000624  A$lcc7112
     00000627  A$lcc7112 |    00000628  A$lcc7112 |    0000062B  A$lcc7112
     0000062D  A$lcc7112 |    0000062D  C$main.c$ |    0000062D  XG$reset_
ASxxxx Linker V03.00 + NoICE + sdld,  page 8.
Hexadecimal  [32-Bits]

Area                       Addr        Size        Decimal Bytes (Attributes)
--------------------       ----        ----        ------- ----- ------------
_CODE                  00000200    0000256F =        9583. bytes (REL,CON)

        Value  Global            Value  Global            Value  Global    
        -----  ------            -----  ------            -----  ------    
     0000062E  A$lcc7112 |    0000062E  C$main.c$ |    0000062E  C$main.c$
     0000062E  G$frog_de |    0000062E  _frog_dea |    00000631  A$lcc7112
     00000632  A$lcc7112 |    00000633  A$lcc7112 |    00000635  A$lcc7112
     00000635  C$main.c$ |    00000636  A$lcc7112 |    00000637  A$lcc7112
     00000639  A$lcc7112 |    00000639  C$main.c$ |    0000063C  A$lcc7112
     0000063E  A$lcc7112 |    0000063E  C$main.c$ |    0000063F  A$lcc7112
     0000063F  C$main.c$ |    00000642  A$lcc7112 |    00000642  C$main.c$
     00000642  C$main.c$ |    00000642  XG$frog_d |    00000645  A$lcc7112
     00000645  C$main.c$ |    00000645  C$main.c$ |    00000645  G$init_le
     00000645  _init_lev |    00000648  A$lcc7112 |    00000649  A$lcc7112
     0000064C  A$lcc7112 |    0000064D  A$lcc7112 |    00000650  A$lcc7112
     00000652  A$lcc7112 |    00000652  C$main.c$ |    00000655  A$lcc7112
     00000656  A$lcc7112 |    00000659  A$lcc7112 |    0000065A  A$lcc7112
     0000065D  A$lcc7112 |    0000065F  A$lcc7112 |    0000065F  C$main.c$
     00000662  A$lcc7112 |    00000663  A$lcc7112 |    00000666  A$lcc7112
     00000667  A$lcc7112 |    0000066A  A$lcc7112 |    0000066C  A$lcc7112
     0000066C  C$main.c$ |    0000066F  A$lcc7112 |    00000670  A$lcc7112
     00000673  A$lcc7112 |    00000674  A$lcc7112 |    00000677  A$lcc7112
     00000679  A$lcc7112 |    00000679  C$main.c$ |    0000067C  A$lcc7112
     0000067D  A$lcc7112 |    00000680  A$lcc7112 |    00000681  A$lcc7112
     00000684  A$lcc7112 |    00000686  A$lcc7112 |    00000686  C$main.c$
     00000689  A$lcc7112 |    0000068A  A$lcc7112 |    0000068D  A$lcc7112
     0000068E  A$lcc7112 |    0000068F  A$lcc7112 |    00000690  A$lcc7112
     00000691  A$lcc7112 |    00000694  A$lcc7112 |    00000696  A$lcc7112
     00000696  C$main.c$ |    00000699  A$lcc7112 |    0000069A  A$lcc7112
     0000069C  A$lcc7112 |    0000069D  A$lcc7112 |    0000069E  A$lcc7112
     000006A1  A$lcc7112 |    000006A3  A$lcc7112 |    000006A3  C$main.c$
     000006A6  A$lcc7112 |    000006A8  A$lcc7112 |    000006A8  C$main.c$
     000006AB  A$lcc7112 |    000006AD  A$lcc7112 |    000006AD  C$main.c$
     000006B0  A$lcc7112 |    000006B2  A$lcc7112 |    000006B3  A$lcc7112
     000006B5  A$lcc7112 |    000006B5  C$main.c$ |    000006B8  A$lcc7112
     000006BA  A$lcc7112 |    000006BB  A$lcc7112 |    000006BD  A$lcc7112
     000006BD  C$main.c$ |    000006C0  A$lcc7112 |    000006C2  A$lcc7112
     000006C2  C$main.c$ |    000006C3  A$lcc7112 |    000006C6  A$lcc7112
     000006C7  A$lcc7112 |    000006C8  A$lcc7112 |    000006C8  C$main.c$
     000006CB  A$lcc7112 |    000006CB  C$main.c$ |    000006CE  A$lcc7112
     000006D0  A$lcc7112 |    000006D0  C$main.c$ |    000006D3  A$lcc7112
     000006D3  C$main.c$ |    000006D6  A$lcc7112 |    000006D6  C$main.c$
     000006D9  A$lcc7112 |    000006D9  C$main.c$ |    000006DC  A$lcc7112
     000006DC  C$main.c$ |    000006DC  C$main.c$ |    000006DC  XG$init_l
     000006DF  A$lcc7112 |    000006DF  C$main.c$ |    000006DF  G$move_fr
     000006DF  _move_fro |    000006E0  A$lcc7112 |    000006E1  A$lcc7112
     000006E1  C$main.c$ |    000006E4  A$lcc7112 |    000006E5  A$lcc7112
     000006E8  A$lcc7112 |    000006E8  C$main.c$ |    000006EB  A$lcc7112
     000006EC  A$lcc7112 |    000006EE  A$lcc7112 |    000006EF  A$lcc7112
     000006F0  A$lcc7112 |    000006F1  A$lcc7112 |    000006F2  A$lcc7112
     000006F5  A$lcc7112 |    000006F7  A$lcc7112 |    000006F9  A$lcc7112
     000006FC  A$lcc7112 |    000006FE  A$lcc7112 |    00000701  A$lcc7112
     00000702  A$lcc7112 |    00000703  A$lcc7112 |    00000704  A$lcc7112
     00000705  A$lcc7112 |    00000706  A$lcc7112 |    00000709  A$lcc7112
     0000070A  A$lcc7112 |    0000070B  A$lcc7112 |    0000070C  A$lcc7112
ASxxxx Linker V03.00 + NoICE + sdld,  page 9.
Hexadecimal  [32-Bits]

Area                       Addr        Size        Decimal Bytes (Attributes)
--------------------       ----        ----        ------- ----- ------------
_CODE                  00000200    0000256F =        9583. bytes (REL,CON)

        Value  Global            Value  Global            Value  Global    
        -----  ------            -----  ------            -----  ------    
     0000070F  A$lcc7112 |    00000710  A$lcc7112 |    00000713  A$lcc7112
     00000714  A$lcc7112 |    00000717  A$lcc7112 |    00000718  A$lcc7112
     00000719  A$lcc7112 |    0000071B  A$lcc7112 |    0000071D  A$lcc7112
     0000071F  A$lcc7112 |    0000071F  C$main.c$ |    00000720  A$lcc7112
     00000722  A$lcc7112 |    00000724  A$lcc7112 |    00000725  A$lcc7112
     00000727  A$lcc7112 |    00000728  A$lcc7112 |    0000072B  A$lcc7112
     0000072D  A$lcc7112 |    0000072E  A$lcc7112 |    00000731  A$lcc7112
     00000732  A$lcc7112 |    00000733  A$lcc7112 |    00000734  A$lcc7112
     00000737  A$lcc7112 |    00000738  A$lcc7112 |    00000739  A$lcc7112
     0000073C  A$lcc7112 |    0000073E  A$lcc7112 |    00000740  A$lcc7112
     00000741  A$lcc7112 |    00000742  A$lcc7112 |    00000743  A$lcc7112
     00000744  A$lcc7112 |    00000746  A$lcc7112 |    00000747  A$lcc7112
     0000074A  A$lcc7112 |    0000074C  A$lcc7112 |    0000074C  C$main.c$
     0000074F  A$lcc7112 |    0000074F  C$main.c$ |    00000750  A$lcc7112
     00000752  A$lcc7112 |    00000755  A$lcc7112 |    00000756  A$lcc7112
     00000758  A$lcc7112 |    00000759  A$lcc7112 |    0000075C  A$lcc7112
     0000075E  A$lcc7112 |    0000075F  A$lcc7112 |    00000762  A$lcc7112
     00000763  A$lcc7112 |    00000764  A$lcc7112 |    00000765  A$lcc7112
     00000768  A$lcc7112 |    00000769  A$lcc7112 |    0000076A  A$lcc7112
     0000076D  A$lcc7112 |    0000076F  A$lcc7112 |    00000771  A$lcc7112
     00000772  A$lcc7112 |    00000774  A$lcc7112 |    00000775  A$lcc7112
     00000776  A$lcc7112 |    00000777  A$lcc7112 |    00000778  A$lcc7112
     0000077A  A$lcc7112 |    0000077B  A$lcc7112 |    0000077E  A$lcc7112
     00000780  A$lcc7112 |    00000780  C$main.c$ |    00000783  A$lcc7112
     00000783  C$main.c$ |    00000786  A$lcc7112 |    00000787  A$lcc7112
     0000078A  A$lcc7112 |    0000078A  C$main.c$ |    0000078D  A$lcc7112
     0000078E  A$lcc7112 |    0000078F  A$lcc7112 |    00000790  A$lcc7112
     00000793  A$lcc7112 |    00000795  A$lcc7112 |    00000797  A$lcc7112
     0000079A  A$lcc7112 |    0000079C  A$lcc7112 |    0000079F  A$lcc7112
     000007A0  A$lcc7112 |    000007A1  A$lcc7112 |    000007A2  A$lcc7112
     000007A5  A$lcc7112 |    000007A6  A$lcc7112 |    000007A7  A$lcc7112
     000007A8  A$lcc7112 |    000007AB  A$lcc7112 |    000007AC  A$lcc7112
     000007AF  A$lcc7112 |    000007B0  A$lcc7112 |    000007B2  A$lcc7112
     000007B2  C$main.c$ |    000007B2  C$main.c$ |    000007B3  A$lcc7112
     000007B4  A$lcc7112 |    000007B5  A$lcc7112 |    000007B5  C$main.c$
     000007B6  A$lcc7112 |    000007B7  A$lcc7112 |    000007B9  A$lcc7112
     000007BC  A$lcc7112 |    000007BE  A$lcc7112 |    000007BF  A$lcc7112
     000007C2  A$lcc7112 |    000007C4  A$lcc7112 |    000007C5  A$lcc7112
     000007C8  A$lcc7112 |    000007C9  A$lcc7112 |    000007CA  A$lcc7112
     000007CB  A$lcc7112 |    000007CC  A$lcc7112 |    000007CF  A$lcc7112
     000007D0  A$lcc7112 |    000007D1  A$lcc7112 |    000007D2  A$lcc7112
     000007D5  A$lcc7112 |    000007D7  A$lcc7112 |    000007D9  A$lcc7112
     000007DA  A$lcc7112 |    000007DB  A$lcc7112 |    000007DC  A$lcc7112
     000007DD  A$lcc7112 |    000007DF  A$lcc7112 |    000007E0  A$lcc7112
     000007E3  A$lcc7112 |    000007E5  A$lcc7112 |    000007E5  C$main.c$
     000007E7  A$lcc7112 |    000007E7  C$main.c$ |    000007E8  A$lcc7112
     000007EA  A$lcc7112 |    000007ED  A$lcc7112 |    000007EF  A$lcc7112
     000007F1  A$lcc7112 |    000007F2  A$lcc7112 |    000007F5  A$lcc7112
     000007F7  A$lcc7112 |    000007F8  A$lcc7112 |    000007FB  A$lcc7112
     000007FC  A$lcc7112 |    000007FD  A$lcc7112 |    000007FE  A$lcc7112
     000007FF  A$lcc7112 |    00000802  A$lcc7112 |    00000803  A$lcc7112
ASxxxx Linker V03.00 + NoICE + sdld,  page 10.
Hexadecimal  [32-Bits]

Area                       Addr        Size        Decimal Bytes (Attributes)
--------------------       ----        ----        ------- ----- ------------
_CODE                  00000200    0000256F =        9583. bytes (REL,CON)

        Value  Global            Value  Global            Value  Global    
        -----  ------            -----  ------            -----  ------    
     00000804  A$lcc7112 |    00000805  A$lcc7112 |    00000808  A$lcc7112
     0000080A  A$lcc7112 |    0000080C  A$lcc7112 |    0000080E  A$lcc7112
     00000810  A$lcc7112 |    00000813  A$lcc7112 |    00000815  A$lcc7112
     00000818  A$lcc7112 |    0000081A  A$lcc7112 |    0000081B  A$lcc7112
     0000081C  A$lcc7112 |    0000081D  A$lcc7112 |    0000081E  A$lcc7112
     0000081F  A$lcc7112 |    00000821  A$lcc7112 |    00000822  A$lcc7112
     00000825  A$lcc7112 |    00000827  A$lcc7112 |    00000827  C$main.c$
     00000828  A$lcc7112 |    00000829  A$lcc7112 |    00000829  C$main.c$
     00000829  XG$move_f |    0000082A  A$lcc7112 |    0000082A  C$main.c$
     0000082A  C$main.c$ |    0000082A  G$animate |    0000082A  XG$animat
     0000082A  _animate_ |    0000082B  A$lcc7112 |    0000082B  C$main.c$
     0000082B  C$main.c$ |    0000082B  G$update_ |    0000082B  _update_m
     0000082E  A$lcc7112 |    0000082F  A$lcc7112 |    00000831  A$lcc7112
     00000831  C$main.c$ |    00000834  A$lcc7112 |    00000834  C$main.c$
     00000837  A$lcc7112 |    00000839  A$lcc7112 |    0000083B  A$lcc7112
     0000083E  A$lcc7112 |    00000840  A$lcc7112 |    00000843  A$lcc7112
     00000844  A$lcc7112 |    00000847  A$lcc7112 |    00000848  A$lcc7112
     00000849  A$lcc7112 |    0000084A  A$lcc7112 |    0000084A  C$main.c$
     0000084D  A$lcc7112 |    0000084E  A$lcc7112 |    00000850  A$lcc7112
     00000850  C$main.c$ |    00000853  A$lcc7112 |    00000853  C$main.c$
     00000856  A$lcc7112 |    00000858  A$lcc7112 |    0000085A  A$lcc7112
     0000085D  A$lcc7112 |    0000085F  A$lcc7112 |    00000862  A$lcc7112
     00000863  A$lcc7112 |    00000866  A$lcc7112 |    00000867  A$lcc7112
     00000868  A$lcc7112 |    00000869  A$lcc7112 |    00000869  C$main.c$
     0000086C  A$lcc7112 |    0000086D  A$lcc7112 |    0000086F  A$lcc7112
     00000872  A$lcc7112 |    00000873  A$lcc7112 |    00000874  A$lcc7112
     00000874  C$main.c$ |    00000877  A$lcc7112 |    00000879  A$lcc7112
     00000879  C$main.c$ |    0000087C  A$lcc7112 |    0000087D  A$lcc7112
     0000087E  A$lcc7112 |    0000087F  A$lcc7112 |    00000882  A$lcc7112
     00000883  A$lcc7112 |    00000885  A$lcc7112 |    00000886  A$lcc7112
     00000887  A$lcc7112 |    00000888  A$lcc7112 |    00000889  A$lcc7112
     0000088A  A$lcc7112 |    0000088B  A$lcc7112 |    0000088D  A$lcc7112
     0000088F  A$lcc7112 |    00000891  A$lcc7112 |    00000893  A$lcc7112
     00000894  A$lcc7112 |    00000896  A$lcc7112 |    00000898  A$lcc7112
     0000089A  A$lcc7112 |    0000089B  A$lcc7112 |    0000089C  A$lcc7112
     0000089C  C$main.c$ |    0000089F  A$lcc7112 |    000008A0  A$lcc7112
     000008A2  A$lcc7112 |    000008A3  A$lcc7112 |    000008A4  A$lcc7112
     000008A6  A$lcc7112 |    000008A7  A$lcc7112 |    000008A7  C$main.c$
     000008AA  A$lcc7112 |    000008AA  C$main.c$ |    000008AD  A$lcc7112
     000008B0  A$lcc7112 |    000008B0  C$main.c$ |    000008B0  XG$update
     000008B1  A$lcc7112 |    000008B1  C$main.c$ |    000008B1  C$main.c$
     000008B1  G$paralla |    000008B1  _parallax |    000008B3  A$lcc7112
     000008B4  A$lcc7112 |    000008B6  A$lcc7112 |    000008B8  A$lcc7112
     000008BA  A$lcc7112 |    000008BC  A$lcc7112 |    000008BE  A$lcc7112
     000008C0  A$lcc7112 |    000008C2  A$lcc7112 |    000008C4  A$lcc7112
     000008C6  A$lcc7112 |    000008C8  A$lcc7112 |    000008CA  A$lcc7112
     000008CC  A$lcc7112 |    000008CE  A$lcc7112 |    000008D0  A$lcc7112
     000008D2  A$lcc7112 |    000008D4  A$lcc7112 |    000008D6  A$lcc7112
     000008D8  A$lcc7112 |    000008DB  A$lcc7112 |    000008DD  A$lcc7112
     000008E0  A$lcc7112 |    000008E2  A$lcc7112 |    000008E5  A$lcc7112
     000008E7  A$lcc7112 |    000008EA  A$lcc7112 |    000008EB  A$lcc7112
ASxxxx Linker V03.00 + NoICE + sdld,  page 11.
Hexadecimal  [32-Bits]

Area                       Addr        Size        Decimal Bytes (Attributes)
--------------------       ----        ----        ------- ----- ------------
_CODE                  00000200    0000256F =        9583. bytes (REL,CON)

        Value  Global            Value  Global            Value  Global    
        -----  ------            -----  ------            -----  ------    
     000008EB  C$main.c$ |    000008EC  A$lcc7112 |    000008EE  A$lcc7112
     000008EF  A$lcc7112 |    000008F1  A$lcc7112 |    000008F1  C$main.c$
     000008F3  A$lcc7112 |    000008F5  A$lcc7112 |    000008F5  C$main.c$
     000008F6  A$lcc7112 |    000008F6  C$main.c$ |    000008F9  A$lcc7112
     000008FB  A$lcc7112 |    000008FC  A$lcc7112 |    000008FE  A$lcc7112
     000008FE  C$main.c$ |    00000900  A$lcc7112 |    00000902  A$lcc7112
     00000902  C$main.c$ |    00000903  A$lcc7112 |    00000903  C$main.c$
     00000906  A$lcc7112 |    00000908  A$lcc7112 |    00000909  A$lcc7112
     0000090B  A$lcc7112 |    0000090B  C$main.c$ |    0000090D  A$lcc7112
     0000090F  A$lcc7112 |    0000090F  C$main.c$ |    00000910  A$lcc7112
     00000910  C$main.c$ |    00000913  A$lcc7112 |    00000915  A$lcc7112
     00000916  A$lcc7112 |    00000918  A$lcc7112 |    00000918  C$main.c$
     0000091A  A$lcc7112 |    0000091C  A$lcc7112 |    0000091C  C$main.c$
     0000091D  A$lcc7112 |    0000091D  C$main.c$ |    00000920  A$lcc7112
     00000922  A$lcc7112 |    00000923  A$lcc7112 |    00000925  A$lcc7112
     00000925  C$main.c$ |    00000927  A$lcc7112 |    00000929  A$lcc7112
     00000929  C$main.c$ |    0000092A  A$lcc7112 |    0000092A  C$main.c$
     0000092D  A$lcc7112 |    0000092F  A$lcc7112 |    00000930  A$lcc7112
     00000932  A$lcc7112 |    00000932  C$main.c$ |    00000934  A$lcc7112
     00000936  A$lcc7112 |    00000936  C$main.c$ |    00000937  A$lcc7112
     00000937  C$main.c$ |    00000938  A$lcc7112 |    0000093A  A$lcc7112
     0000093B  A$lcc7112 |    0000093D  A$lcc7112 |    0000093D  C$main.c$
     0000093F  A$lcc7112 |    00000941  A$lcc7112 |    00000941  C$main.c$
     00000942  A$lcc7112 |    00000942  C$main.c$ |    00000945  A$lcc7112
     00000947  A$lcc7112 |    00000948  A$lcc7112 |    0000094A  A$lcc7112
     0000094A  C$main.c$ |    0000094C  A$lcc7112 |    0000094E  A$lcc7112
     0000094E  C$main.c$ |    0000094F  A$lcc7112 |    0000094F  C$main.c$
     00000952  A$lcc7112 |    00000954  A$lcc7112 |    00000955  A$lcc7112
     00000957  A$lcc7112 |    00000957  C$main.c$ |    00000959  A$lcc7112
     0000095B  A$lcc7112 |    0000095B  C$main.c$ |    0000095C  A$lcc7112
     0000095C  C$main.c$ |    0000095F  A$lcc7112 |    00000961  A$lcc7112
     00000962  A$lcc7112 |    00000964  A$lcc7112 |    00000964  C$main.c$
     00000966  A$lcc7112 |    00000968  A$lcc7112 |    00000968  C$main.c$
     00000969  A$lcc7112 |    00000969  C$main.c$ |    0000096C  A$lcc7112
     0000096E  A$lcc7112 |    0000096F  A$lcc7112 |    00000971  A$lcc7112
     00000971  C$main.c$ |    00000973  A$lcc7112 |    00000975  A$lcc7112
     00000975  C$main.c$ |    00000976  A$lcc7112 |    00000976  C$main.c$
     00000979  A$lcc7112 |    0000097B  A$lcc7112 |    0000097C  A$lcc7112
     0000097E  A$lcc7112 |    0000097E  C$main.c$ |    00000980  A$lcc7112
     00000982  A$lcc7112 |    00000982  C$main.c$ |    00000983  A$lcc7112
     00000983  C$main.c$ |    00000984  A$lcc7112 |    00000986  A$lcc7112
     00000987  A$lcc7112 |    00000989  A$lcc7112 |    00000989  C$main.c$
     0000098A  A$lcc7112 |    0000098C  A$lcc7112 |    0000098C  C$main.c$
     0000098C  C$main.c$ |    0000098C  XG$parall |    0000098D  A$lcc7112
     0000098D  C$main.c$ |    0000098D  G$update_ |    0000098D  _update_p
     00000990  A$lcc7112 |    00000991  A$lcc7112 |    00000991  C$main.c$
     00000992  A$lcc7112 |    00000992  C$main.c$ |    00000995  A$lcc7112
     00000997  A$lcc7112 |    00000999  A$lcc7112 |    0000099A  A$lcc7112
     0000099B  A$lcc7112 |    0000099D  A$lcc7112 |    0000099D  C$main.c$
     0000099E  A$lcc7112 |    000009A0  A$lcc7112 |    000009A2  A$lcc7112
     000009A2  C$main.c$ |    000009A4  A$lcc7112 |    000009A6  A$lcc7112
ASxxxx Linker V03.00 + NoICE + sdld,  page 12.
Hexadecimal  [32-Bits]

Area                       Addr        Size        Decimal Bytes (Attributes)
--------------------       ----        ----        ------- ----- ------------
_CODE                  00000200    0000256F =        9583. bytes (REL,CON)

        Value  Global            Value  Global            Value  Global    
        -----  ------            -----  ------            -----  ------    
     000009A6  C$main.c$ |    000009A7  A$lcc7112 |    000009A9  A$lcc7112
     000009A9  C$main.c$ |    000009AC  A$lcc7112 |    000009AD  A$lcc7112
     000009AF  A$lcc7112 |    000009B1  A$lcc7112 |    000009B1  C$main.c$
     000009B3  A$lcc7112 |    000009B3  C$main.c$ |    000009B6  A$lcc7112
     000009B7  A$lcc7112 |    000009B9  A$lcc7112 |    000009BC  A$lcc7112
     000009BD  A$lcc7112 |    000009C0  A$lcc7112 |    000009C1  A$lcc7112
     000009C1  C$main.c$ |    000009C3  A$lcc7112 |    000009C3  C$main.c$
     000009C6  A$lcc7112 |    000009C7  A$lcc7112 |    000009C9  A$lcc7112
     000009CC  A$lcc7112 |    000009CD  A$lcc7112 |    000009D0  A$lcc7112
     000009D1  A$lcc7112 |    000009D1  C$main.c$ |    000009D1  C$main.c$
     000009D4  A$lcc7112 |    000009D5  A$lcc7112 |    000009D5  C$main.c$
     000009D5  XG$update |    000009D6  A$lcc7112 |    000009D6  C$main.c$
     000009D6  G$scroll_ |    000009D6  _scroll_c |    000009D7  A$lcc7112
     000009D7  C$main.c$ |    000009DA  A$lcc7112 |    000009DB  A$lcc7112
     000009DD  A$lcc7112 |    000009E0  A$lcc7112 |    000009E1  A$lcc7112
     000009E2  A$lcc7112 |    000009E5  A$lcc7112 |    000009E7  A$lcc7112
     000009E8  A$lcc7112 |    000009E9  A$lcc7112 |    000009EA  A$lcc7112
     000009EC  A$lcc7112 |    000009EC  C$main.c$ |    000009EF  A$lcc7112
     000009F0  A$lcc7112 |    000009F1  A$lcc7112 |    000009F2  A$lcc7112
     000009F2  C$main.c$ |    000009F3  A$lcc7112 |    000009F4  A$lcc7112
     000009F5  A$lcc7112 |    000009F6  A$lcc7112 |    000009F7  A$lcc7112
     000009F8  A$lcc7112 |    000009F8  C$main.c$ |    000009F9  A$lcc7112
     000009FA  A$lcc7112 |    000009FB  A$lcc7112 |    000009FC  A$lcc7112
     000009FD  A$lcc7112 |    000009FE  A$lcc7112 |    000009FF  A$lcc7112
     000009FF  C$main.c$ |    00000A02  A$lcc7112 |    00000A03  A$lcc7112
     00000A05  A$lcc7112 |    00000A08  A$lcc7112 |    00000A09  A$lcc7112
     00000A09  C$main.c$ |    00000A09  C$main.c$ |    00000A0A  A$lcc7112
     00000A0C  A$lcc7112 |    00000A0C  C$main.c$ |    00000A0F  A$lcc7112
     00000A10  A$lcc7112 |    00000A11  A$lcc7112 |    00000A12  A$lcc7112
     00000A13  A$lcc7112 |    00000A16  A$lcc7112 |    00000A17  A$lcc7112
     00000A18  A$lcc7112 |    00000A19  A$lcc7112 |    00000A19  C$main.c$
     00000A1C  A$lcc7112 |    00000A1C  C$main.c$ |    00000A1F  A$lcc7112
     00000A21  A$lcc7112 |    00000A23  A$lcc7112 |    00000A23  C$main.c$
     00000A26  A$lcc7112 |    00000A27  A$lcc7112 |    00000A28  A$lcc7112
     00000A29  A$lcc7112 |    00000A2A  A$lcc7112 |    00000A2D  A$lcc7112
     00000A2E  A$lcc7112 |    00000A2F  A$lcc7112 |    00000A30  A$lcc7112
     00000A30  C$main.c$ |    00000A33  A$lcc7112 |    00000A33  C$main.c$
     00000A36  A$lcc7112 |    00000A37  A$lcc7112 |    00000A39  A$lcc7112
     00000A3C  A$lcc7112 |    00000A3D  A$lcc7112 |    00000A3E  A$lcc7112
     00000A41  A$lcc7112 |    00000A43  A$lcc7112 |    00000A44  A$lcc7112
     00000A45  A$lcc7112 |    00000A46  A$lcc7112 |    00000A48  A$lcc7112
     00000A48  C$main.c$ |    00000A4B  A$lcc7112 |    00000A4C  A$lcc7112
     00000A4D  A$lcc7112 |    00000A4E  A$lcc7112 |    00000A4E  C$main.c$
     00000A51  A$lcc7112 |    00000A52  A$lcc7112 |    00000A54  A$lcc7112
     00000A54  C$main.c$ |    00000A57  A$lcc7112 |    00000A58  A$lcc7112
     00000A59  A$lcc7112 |    00000A5A  A$lcc7112 |    00000A5B  A$lcc7112
     00000A5E  A$lcc7112 |    00000A5F  A$lcc7112 |    00000A60  A$lcc7112
     00000A61  A$lcc7112 |    00000A64  A$lcc7112 |    00000A66  A$lcc7112
     00000A67  A$lcc7112 |    00000A6A  A$lcc7112 |    00000A6B  A$lcc7112
     00000A6C  A$lcc7112 |    00000A6D  A$lcc7112 |    00000A70  A$lcc7112
     00000A71  A$lcc7112 |    00000A72  A$lcc7112 |    00000A73  A$lcc7112
ASxxxx Linker V03.00 + NoICE + sdld,  page 13.
Hexadecimal  [32-Bits]

Area                       Addr        Size        Decimal Bytes (Attributes)
--------------------       ----        ----        ------- ----- ------------
_CODE                  00000200    0000256F =        9583. bytes (REL,CON)

        Value  Global            Value  Global            Value  Global    
        -----  ------            -----  ------            -----  ------    
     00000A76  A$lcc7112 |    00000A78  A$lcc7112 |    00000A7A  A$lcc7112
     00000A7B  A$lcc7112 |    00000A7C  A$lcc7112 |    00000A7D  A$lcc7112
     00000A7E  A$lcc7112 |    00000A80  A$lcc7112 |    00000A81  A$lcc7112
     00000A84  A$lcc7112 |    00000A86  A$lcc7112 |    00000A86  C$main.c$
     00000A89  A$lcc7112 |    00000A89  C$main.c$ |    00000A8C  A$lcc7112
     00000A8D  A$lcc7112 |    00000A8F  A$lcc7112 |    00000A8F  C$main.c$
     00000A92  A$lcc7112 |    00000A94  A$lcc7112 |    00000A96  A$lcc7112
     00000A96  C$main.c$ |    00000A99  A$lcc7112 |    00000A9A  A$lcc7112
     00000A9B  A$lcc7112 |    00000A9C  A$lcc7112 |    00000A9D  A$lcc7112
     00000AA0  A$lcc7112 |    00000AA1  A$lcc7112 |    00000AA2  A$lcc7112
     00000AA3  A$lcc7112 |    00000AA3  C$main.c$ |    00000AA6  A$lcc7112
     00000AA6  C$main.c$ |    00000AA9  A$lcc7112 |    00000AAB  A$lcc7112
     00000AAD  A$lcc7112 |    00000AAD  C$main.c$ |    00000AB0  A$lcc7112
     00000AB1  A$lcc7112 |    00000AB2  A$lcc7112 |    00000AB3  A$lcc7112
     00000AB3  C$main.c$ |    00000AB6  A$lcc7112 |    00000AB7  A$lcc7112
     00000AB8  A$lcc7112 |    00000AB9  A$lcc7112 |    00000AB9  C$main.c$
     00000ABC  A$lcc7112 |    00000ABD  A$lcc7112 |    00000ABE  A$lcc7112
     00000ABF  A$lcc7112 |    00000ABF  C$main.c$ |    00000AC2  A$lcc7112
     00000AC3  A$lcc7112 |    00000AC4  A$lcc7112 |    00000AC5  A$lcc7112
     00000AC5  C$main.c$ |    00000AC8  A$lcc7112 |    00000AC9  A$lcc7112
     00000ACB  A$lcc7112 |    00000ACB  C$main.c$ |    00000ACE  A$lcc7112
     00000AD0  A$lcc7112 |    00000AD2  A$lcc7112 |    00000AD2  C$main.c$
     00000AD5  A$lcc7112 |    00000AD6  A$lcc7112 |    00000AD7  A$lcc7112
     00000AD8  A$lcc7112 |    00000AD9  A$lcc7112 |    00000ADC  A$lcc7112
     00000ADD  A$lcc7112 |    00000ADE  A$lcc7112 |    00000ADF  A$lcc7112
     00000ADF  C$main.c$ |    00000AE2  A$lcc7112 |    00000AE2  C$main.c$
     00000AE5  A$lcc7112 |    00000AE6  A$lcc7112 |    00000AE8  A$lcc7112
     00000AEB  A$lcc7112 |    00000AEC  A$lcc7112 |    00000AED  A$lcc7112
     00000AF0  A$lcc7112 |    00000AF2  A$lcc7112 |    00000AF3  A$lcc7112
     00000AF4  A$lcc7112 |    00000AF6  A$lcc7112 |    00000AF6  C$main.c$
     00000AF9  A$lcc7112 |    00000AFA  A$lcc7112 |    00000AFB  A$lcc7112
     00000AFC  A$lcc7112 |    00000AFC  C$main.c$ |    00000AFF  A$lcc7112
     00000B00  A$lcc7112 |    00000B01  A$lcc7112 |    00000B02  A$lcc7112
     00000B02  C$main.c$ |    00000B05  A$lcc7112 |    00000B06  A$lcc7112
     00000B07  A$lcc7112 |    00000B07  C$main.c$ |    00000B07  XG$scroll
     00000B08  A$lcc7112 |    00000B08  C$main.c$ |    00000B08  C$main.c$
     00000B08  G$pause_g |    00000B08  _pause_ga |    00000B0B  A$lcc7112
     00000B0D  A$lcc7112 |    00000B0D  C$main.c$ |    00000B10  A$lcc7112
     00000B11  A$lcc7112 |    00000B14  A$lcc7112 |    00000B15  A$lcc7112
     00000B18  A$lcc7112 |    00000B19  A$lcc7112 |    00000B1A  A$lcc7112
     00000B1B  A$lcc7112 |    00000B1B  C$main.c$ |    00000B1E  A$lcc7112
     00000B1F  A$lcc7112 |    00000B20  A$lcc7112 |    00000B21  A$lcc7112
     00000B21  C$main.c$ |    00000B23  A$lcc7112 |    00000B24  A$lcc7112
     00000B25  A$lcc7112 |    00000B28  A$lcc7112 |    00000B29  A$lcc7112
     00000B2A  A$lcc7112 |    00000B2B  A$lcc7112 |    00000B2C  A$lcc7112
     00000B2F  A$lcc7112 |    00000B31  A$lcc7112 |    00000B31  C$main.c$
     00000B34  A$lcc7112 |    00000B35  A$lcc7112 |    00000B37  A$lcc7112
     00000B38  A$lcc7112 |    00000B39  A$lcc7112 |    00000B39  C$main.c$
     00000B3A  A$lcc7112 |    00000B3A  C$main.c$ |    00000B3A  XG$pause_
     00000B3C  A$lcc7112 |    00000B3C  C$main.c$ |    00000B3C  C$main.c$
     00000B3C  G$unpause |    00000B3C  _unpause_ |    00000B3F  A$lcc7112
ASxxxx Linker V03.00 + NoICE + sdld,  page 14.
Hexadecimal  [32-Bits]

Area                       Addr        Size        Decimal Bytes (Attributes)
--------------------       ----        ----        ------- ----- ------------
_CODE                  00000200    0000256F =        9583. bytes (REL,CON)

        Value  Global            Value  Global            Value  Global    
        -----  ------            -----  ------            -----  ------    
     00000B41  A$lcc7112 |    00000B41  C$main.c$ |    00000B44  A$lcc7112
     00000B45  A$lcc7112 |    00000B48  A$lcc7112 |    00000B49  A$lcc7112
     00000B4C  A$lcc7112 |    00000B4D  A$lcc7112 |    00000B4E  A$lcc7112
     00000B4F  A$lcc7112 |    00000B4F  C$main.c$ |    00000B51  A$lcc7112
     00000B52  A$lcc7112 |    00000B53  A$lcc7112 |    00000B54  A$lcc7112
     00000B54  C$main.c$ |    00000B55  A$lcc7112 |    00000B56  A$lcc7112
     00000B57  A$lcc7112 |    00000B5A  A$lcc7112 |    00000B5B  A$lcc7112
     00000B5C  A$lcc7112 |    00000B5D  A$lcc7112 |    00000B5E  A$lcc7112
     00000B61  A$lcc7112 |    00000B63  A$lcc7112 |    00000B63  C$main.c$
     00000B66  A$lcc7112 |    00000B67  A$lcc7112 |    00000B69  A$lcc7112
     00000B6A  A$lcc7112 |    00000B6B  A$lcc7112 |    00000B6B  C$main.c$
     00000B6C  A$lcc7112 |    00000B6C  C$main.c$ |    00000B6C  XG$unpaus
     00000B6E  A$lcc7112 |    00000B6E  C$main.c$ |    00000B6E  G$drain_t
     00000B6E  _drain_ti |    00000B6F  A$lcc7112 |    00000B70  A$lcc7112
     00000B70  C$main.c$ |    00000B73  A$lcc7112 |    00000B74  A$lcc7112
     00000B76  A$lcc7112 |    00000B77  A$lcc7112 |    00000B79  A$lcc7112
     00000B7B  A$lcc7112 |    00000B7C  A$lcc7112 |    00000B7C  C$main.c$
     00000B7D  A$lcc7112 |    00000B7E  A$lcc7112 |    00000B80  A$lcc7112
     00000B82  A$lcc7112 |    00000B85  A$lcc7112 |    00000B86  A$lcc7112
     00000B88  A$lcc7112 |    00000B8A  A$lcc7112 |    00000B8C  A$lcc7112
     00000B8E  A$lcc7112 |    00000B90  A$lcc7112 |    00000B92  A$lcc7112
     00000B93  A$lcc7112 |    00000B93  C$main.c$ |    00000B95  A$lcc7112
     00000B96  A$lcc7112 |    00000B98  A$lcc7112 |    00000B99  A$lcc7112
     00000B9C  A$lcc7112 |    00000B9D  A$lcc7112 |    00000B9E  A$lcc7112
     00000B9E  C$main.c$ |    00000BA1  A$lcc7112 |    00000BA2  A$lcc7112
     00000BA5  A$lcc7112 |    00000BA6  A$lcc7112 |    00000BA8  A$lcc7112
     00000BA9  A$lcc7112 |    00000BAC  A$lcc7112 |    00000BAD  A$lcc7112
     00000BAE  A$lcc7112 |    00000BAF  A$lcc7112 |    00000BB0  A$lcc7112
     00000BB3  A$lcc7112 |    00000BB4  A$lcc7112 |    00000BB5  A$lcc7112
     00000BB6  A$lcc7112 |    00000BB7  A$lcc7112 |    00000BB8  A$lcc7112
     00000BB9  A$lcc7112 |    00000BBA  A$lcc7112 |    00000BBD  A$lcc7112
     00000BBE  A$lcc7112 |    00000BBF  A$lcc7112 |    00000BBF  C$main.c$
     00000BC1  A$lcc7112 |    00000BC2  A$lcc7112 |    00000BC4  A$lcc7112
     00000BC6  A$lcc7112 |    00000BC7  A$lcc7112 |    00000BC9  A$lcc7112
     00000BCA  A$lcc7112 |    00000BCB  A$lcc7112 |    00000BCD  A$lcc7112
     00000BCE  A$lcc7112 |    00000BCF  A$lcc7112 |    00000BD1  A$lcc7112
     00000BD2  A$lcc7112 |    00000BD3  A$lcc7112 |    00000BD5  A$lcc7112
     00000BD5  C$main.c$ |    00000BD7  A$lcc7112 |    00000BD8  A$lcc7112
     00000BDA  A$lcc7112 |    00000BDB  A$lcc7112 |    00000BDD  A$lcc7112
     00000BDE  A$lcc7112 |    00000BDF  A$lcc7112 |    00000BE0  A$lcc7112
     00000BE1  A$lcc7112 |    00000BE4  A$lcc7112 |    00000BE6  A$lcc7112
     00000BE6  C$main.c$ |    00000BE9  A$lcc7112 |    00000BEA  A$lcc7112
     00000BEA  C$main.c$ |    00000BED  A$lcc7112 |    00000BEE  A$lcc7112
     00000BF0  A$lcc7112 |    00000BF1  A$lcc7112 |    00000BF2  A$lcc7112
     00000BF4  A$lcc7112 |    00000BF5  A$lcc7112 |    00000BF5  C$main.c$
     00000BF8  A$lcc7112 |    00000BF8  C$main.c$ |    00000BFB  A$lcc7112
     00000BFC  A$lcc7112 |    00000BFE  A$lcc7112 |    00000BFF  A$lcc7112
     00000C00  A$lcc7112 |    00000C00  C$main.c$ |    00000C02  A$lcc7112
     00000C03  A$lcc7112 |    00000C05  A$lcc7112 |    00000C07  A$lcc7112
     00000C07  C$main.c$ |    00000C0A  A$lcc7112 |    00000C0C  A$lcc7112
     00000C0C  C$main.c$ |    00000C0F  A$lcc7112 |    00000C11  A$lcc7112
ASxxxx Linker V03.00 + NoICE + sdld,  page 15.
Hexadecimal  [32-Bits]

Area                       Addr        Size        Decimal Bytes (Attributes)
--------------------       ----        ----        ------- ----- ------------
_CODE                  00000200    0000256F =        9583. bytes (REL,CON)

        Value  Global            Value  Global            Value  Global    
        -----  ------            -----  ------            -----  ------    
     00000C12  A$lcc7112 |    00000C13  A$lcc7112 |    00000C13  C$main.c$
     00000C13  XG$drain_ |    00000C14  A$lcc7112 |    00000C14  C$main.c$
     00000C14  G$reload_ |    00000C14  _reload_t |    00000C15  A$lcc7112
     00000C16  A$lcc7112 |    00000C16  C$main.c$ |    00000C19  A$lcc7112
     00000C1A  A$lcc7112 |    00000C1C  A$lcc7112 |    00000C1D  A$lcc7112
     00000C1F  A$lcc7112 |    00000C21  A$lcc7112 |    00000C22  A$lcc7112
     00000C22  C$main.c$ |    00000C23  A$lcc7112 |    00000C24  A$lcc7112
     00000C26  A$lcc7112 |    00000C28  A$lcc7112 |    00000C2B  A$lcc7112
     00000C2C  A$lcc7112 |    00000C2E  A$lcc7112 |    00000C30  A$lcc7112
     00000C32  A$lcc7112 |    00000C34  A$lcc7112 |    00000C36  A$lcc7112
     00000C38  A$lcc7112 |    00000C38  C$main.c$ |    00000C3A  A$lcc7112
     00000C3B  A$lcc7112 |    00000C3C  A$lcc7112 |    00000C3E  A$lcc7112
     00000C3F  A$lcc7112 |    00000C42  A$lcc7112 |    00000C43  A$lcc7112
     00000C44  A$lcc7112 |    00000C44  C$main.c$ |    00000C47  A$lcc7112
     00000C48  A$lcc7112 |    00000C4B  A$lcc7112 |    00000C4C  A$lcc7112
     00000C4E  A$lcc7112 |    00000C4E  C$main.c$ |    00000C4F  A$lcc7112
     00000C50  A$lcc7112 |    00000C51  A$lcc7112 |    00000C53  A$lcc7112
     00000C55  A$lcc7112 |    00000C56  A$lcc7112 |    00000C57  A$lcc7112
     00000C58  A$lcc7112 |    00000C59  A$lcc7112 |    00000C5A  A$lcc7112
     00000C5B  A$lcc7112 |    00000C5D  A$lcc7112 |    00000C5E  A$lcc7112
     00000C5F  A$lcc7112 |    00000C61  A$lcc7112 |    00000C62  A$lcc7112
     00000C63  A$lcc7112 |    00000C65  A$lcc7112 |    00000C65  C$main.c$
     00000C67  A$lcc7112 |    00000C68  A$lcc7112 |    00000C6A  A$lcc7112
     00000C6B  A$lcc7112 |    00000C6C  A$lcc7112 |    00000C6E  A$lcc7112
     00000C6F  A$lcc7112 |    00000C70  A$lcc7112 |    00000C71  A$lcc7112
     00000C72  A$lcc7112 |    00000C75  A$lcc7112 |    00000C77  A$lcc7112
     00000C77  C$main.c$ |    00000C7A  A$lcc7112 |    00000C7B  A$lcc7112
     00000C7B  C$main.c$ |    00000C7D  A$lcc7112 |    00000C7E  A$lcc7112
     00000C80  A$lcc7112 |    00000C82  A$lcc7112 |    00000C82  C$main.c$
     00000C85  A$lcc7112 |    00000C85  C$main.c$ |    00000C88  A$lcc7112
     00000C88  C$main.c$ |    00000C8B  A$lcc7112 |    00000C8D  A$lcc7112
     00000C8E  A$lcc7112 |    00000C8F  A$lcc7112 |    00000C8F  C$main.c$
     00000C8F  XG$reload |    00000C90  A$lcc7112 |    00000C90  C$main.c$
     00000C90  C$main.c$ |    00000C90  G$pts_200 |    00000C90  _pts_200_
     00000C93  A$lcc7112 |    00000C94  A$lcc7112 |    00000C96  A$lcc7112
     00000C97  A$lcc7112 |    00000C98  A$lcc7112 |    00000C9A  A$lcc7112
     00000C9B  A$lcc7112 |    00000C9B  C$main.c$ |    00000C9E  A$lcc7112
     00000C9E  C$main.c$ |    00000CA1  A$lcc7112 |    00000CA3  A$lcc7112
     00000CA3  C$main.c$ |    00000CA3  XG$pts_20 |    00000CA4  A$lcc7112
     00000CA4  C$main.c$ |    00000CA4  G$win_che |    00000CA4  _win_chec
     00000CA6  A$lcc7112 |    00000CA6  C$main.c$ |    00000CA8  A$lcc7112
     00000CA9  A$lcc7112 |    00000CAB  A$lcc7112 |    00000CAC  A$lcc7112
     00000CAD  A$lcc7112 |    00000CAE  A$lcc7112 |    00000CAF  A$lcc7112
     00000CB0  A$lcc7112 |    00000CB1  A$lcc7112 |    00000CB4  A$lcc7112
     00000CB5  A$lcc7112 |    00000CB6  A$lcc7112 |    00000CB7  A$lcc7112
     00000CB9  A$lcc7112 |    00000CBA  A$lcc7112 |    00000CBB  A$lcc7112
     00000CBC  A$lcc7112 |    00000CBE  A$lcc7112 |    00000CBF  A$lcc7112
     00000CC0  A$lcc7112 |    00000CC1  A$lcc7112 |    00000CC2  A$lcc7112
     00000CC4  A$lcc7112 |    00000CC6  A$lcc7112 |    00000CC7  A$lcc7112
     00000CC8  A$lcc7112 |    00000CC9  A$lcc7112 |    00000CCA  A$lcc7112
     00000CCB  A$lcc7112 |    00000CCC  A$lcc7112 |    00000CCF  A$lcc7112
ASxxxx Linker V03.00 + NoICE + sdld,  page 16.
Hexadecimal  [32-Bits]

Area                       Addr        Size        Decimal Bytes (Attributes)
--------------------       ----        ----        ------- ----- ------------
_CODE                  00000200    0000256F =        9583. bytes (REL,CON)

        Value  Global            Value  Global            Value  Global    
        -----  ------            -----  ------            -----  ------    
     00000CD0  A$lcc7112 |    00000CD1  A$lcc7112 |    00000CD2  A$lcc7112
     00000CD3  A$lcc7112 |    00000CD4  A$lcc7112 |    00000CD5  A$lcc7112
     00000CD7  A$lcc7112 |    00000CD9  A$lcc7112 |    00000CDA  A$lcc7112
     00000CDC  A$lcc7112 |    00000CDD  A$lcc7112 |    00000CDF  A$lcc7112
     00000CE0  A$lcc7112 |    00000CE2  A$lcc7112 |    00000CE3  A$lcc7112
     00000CE5  A$lcc7112 |    00000CE6  A$lcc7112 |    00000CE8  A$lcc7112
     00000CE8  C$main.c$ |    00000CEA  A$lcc7112 |    00000CEB  A$lcc7112
     00000CED  A$lcc7112 |    00000CEE  A$lcc7112 |    00000CEF  A$lcc7112
     00000CF0  A$lcc7112 |    00000CF1  A$lcc7112 |    00000CF2  A$lcc7112
     00000CF3  A$lcc7112 |    00000CF6  A$lcc7112 |    00000CF7  A$lcc7112
     00000CF8  A$lcc7112 |    00000CF9  A$lcc7112 |    00000CFB  A$lcc7112
     00000CFC  A$lcc7112 |    00000CFD  A$lcc7112 |    00000CFE  A$lcc7112
     00000D00  A$lcc7112 |    00000D01  A$lcc7112 |    00000D02  A$lcc7112
     00000D03  A$lcc7112 |    00000D04  A$lcc7112 |    00000D06  A$lcc7112
     00000D08  A$lcc7112 |    00000D0A  A$lcc7112 |    00000D0B  A$lcc7112
     00000D0C  A$lcc7112 |    00000D0D  A$lcc7112 |    00000D10  A$lcc7112
     00000D11  A$lcc7112 |    00000D12  A$lcc7112 |    00000D13  A$lcc7112
     00000D15  A$lcc7112 |    00000D17  A$lcc7112 |    00000D19  A$lcc7112
     00000D1B  A$lcc7112 |    00000D1D  A$lcc7112 |    00000D1F  A$lcc7112
     00000D1F  C$main.c$ |    00000D21  A$lcc7112 |    00000D22  A$lcc7112
     00000D23  A$lcc7112 |    00000D24  A$lcc7112 |    00000D27  A$lcc7112
     00000D28  A$lcc7112 |    00000D29  A$lcc7112 |    00000D2A  A$lcc7112
     00000D2C  A$lcc7112 |    00000D2D  A$lcc7112 |    00000D2E  A$lcc7112
     00000D2F  A$lcc7112 |    00000D31  A$lcc7112 |    00000D32  A$lcc7112
     00000D33  A$lcc7112 |    00000D34  A$lcc7112 |    00000D35  A$lcc7112
     00000D36  A$lcc7112 |    00000D37  A$lcc7112 |    00000D38  A$lcc7112
     00000D39  A$lcc7112 |    00000D3B  A$lcc7112 |    00000D3D  A$lcc7112
     00000D3E  A$lcc7112 |    00000D3F  A$lcc7112 |    00000D40  A$lcc7112
     00000D41  A$lcc7112 |    00000D42  A$lcc7112 |    00000D43  A$lcc7112
     00000D46  A$lcc7112 |    00000D47  A$lcc7112 |    00000D48  A$lcc7112
     00000D49  A$lcc7112 |    00000D4B  A$lcc7112 |    00000D4C  A$lcc7112
     00000D4D  A$lcc7112 |    00000D4E  A$lcc7112 |    00000D50  A$lcc7112
     00000D51  A$lcc7112 |    00000D53  A$lcc7112 |    00000D54  A$lcc7112
     00000D55  A$lcc7112 |    00000D56  A$lcc7112 |    00000D58  A$lcc7112
     00000D5A  A$lcc7112 |    00000D5C  A$lcc7112 |    00000D5E  A$lcc7112
     00000D60  A$lcc7112 |    00000D62  A$lcc7112 |    00000D62  C$main.c$
     00000D64  A$lcc7112 |    00000D65  A$lcc7112 |    00000D67  A$lcc7112
     00000D68  A$lcc7112 |    00000D6A  A$lcc7112 |    00000D6B  A$lcc7112
     00000D6D  A$lcc7112 |    00000D6E  A$lcc7112 |    00000D70  A$lcc7112
     00000D72  A$lcc7112 |    00000D74  A$lcc7112 |    00000D75  A$lcc7112
     00000D77  A$lcc7112 |    00000D78  A$lcc7112 |    00000D7A  A$lcc7112
     00000D7B  A$lcc7112 |    00000D7C  A$lcc7112 |    00000D7D  A$lcc7112
     00000D7E  A$lcc7112 |    00000D7F  A$lcc7112 |    00000D80  A$lcc7112
     00000D80  C$main.c$ |    00000D82  A$lcc7112 |    00000D83  A$lcc7112
     00000D84  A$lcc7112 |    00000D85  A$lcc7112 |    00000D86  A$lcc7112
     00000D87  A$lcc7112 |    00000D88  A$lcc7112 |    00000D88  C$main.c$
     00000D8B  A$lcc7112 |    00000D8C  A$lcc7112 |    00000D8D  A$lcc7112
     00000D8F  A$lcc7112 |    00000D90  A$lcc7112 |    00000D93  A$lcc7112
     00000D94  A$lcc7112 |    00000D95  A$lcc7112 |    00000D96  A$lcc7112
     00000D98  A$lcc7112 |    00000D99  A$lcc7112 |    00000D9A  A$lcc7112
     00000D9C  A$lcc7112 |    00000D9D  A$lcc7112 |    00000D9E  A$lcc7112
ASxxxx Linker V03.00 + NoICE + sdld,  page 17.
Hexadecimal  [32-Bits]

Area                       Addr        Size        Decimal Bytes (Attributes)
--------------------       ----        ----        ------- ----- ------------
_CODE                  00000200    0000256F =        9583. bytes (REL,CON)

        Value  Global            Value  Global            Value  Global    
        -----  ------            -----  ------            -----  ------    
     00000DA0  A$lcc7112 |    00000DA0  C$main.c$ |    00000DA3  A$lcc7112
     00000DA4  A$lcc7112 |    00000DA6  A$lcc7112 |    00000DA6  C$main.c$
     00000DA9  A$lcc7112 |    00000DA9  C$main.c$ |    00000DAC  A$lcc7112
     00000DAD  A$lcc7112 |    00000DB0  A$lcc7112 |    00000DB1  A$lcc7112
     00000DB4  A$lcc7112 |    00000DB5  A$lcc7112 |    00000DB8  A$lcc7112
     00000DBA  A$lcc7112 |    00000DBA  C$main.c$ |    00000DBD  A$lcc7112
     00000DBF  A$lcc7112 |    00000DC2  A$lcc7112 |    00000DC3  A$lcc7112
     00000DC4  A$lcc7112 |    00000DC5  A$lcc7112 |    00000DC8  A$lcc7112
     00000DC9  A$lcc7112 |    00000DCA  A$lcc7112 |    00000DCB  A$lcc7112
     00000DCC  A$lcc7112 |    00000DCD  A$lcc7112 |    00000DCE  A$lcc7112
     00000DD1  A$lcc7112 |    00000DD2  A$lcc7112 |    00000DD2  C$main.c$
     00000DD5  A$lcc7112 |    00000DD5  C$main.c$ |    00000DD7  A$lcc7112
     00000DD8  A$lcc7112 |    00000DDA  A$lcc7112 |    00000DDC  A$lcc7112
     00000DDD  A$lcc7112 |    00000DDF  A$lcc7112 |    00000DE1  A$lcc7112
     00000DE1  C$main.c$ |    00000DE4  A$lcc7112 |    00000DE5  A$lcc7112
     00000DE7  A$lcc7112 |    00000DE7  C$main.c$ |    00000DEA  A$lcc7112
     00000DEA  C$main.c$ |    00000DED  A$lcc7112 |    00000DEE  A$lcc7112
     00000DF1  A$lcc7112 |    00000DF2  A$lcc7112 |    00000DF5  A$lcc7112
     00000DF6  A$lcc7112 |    00000DF9  A$lcc7112 |    00000DFB  A$lcc7112
     00000DFB  C$main.c$ |    00000DFE  A$lcc7112 |    00000E00  A$lcc7112
     00000E03  A$lcc7112 |    00000E04  A$lcc7112 |    00000E05  A$lcc7112
     00000E06  A$lcc7112 |    00000E09  A$lcc7112 |    00000E0A  A$lcc7112
     00000E0B  A$lcc7112 |    00000E0C  A$lcc7112 |    00000E0D  A$lcc7112
     00000E0E  A$lcc7112 |    00000E0F  A$lcc7112 |    00000E12  A$lcc7112
     00000E13  A$lcc7112 |    00000E13  C$main.c$ |    00000E16  A$lcc7112
     00000E16  C$main.c$ |    00000E18  A$lcc7112 |    00000E19  A$lcc7112
     00000E1B  A$lcc7112 |    00000E1D  A$lcc7112 |    00000E1E  A$lcc7112
     00000E20  A$lcc7112 |    00000E22  A$lcc7112 |    00000E22  C$main.c$
     00000E25  A$lcc7112 |    00000E26  A$lcc7112 |    00000E28  A$lcc7112
     00000E28  C$main.c$ |    00000E2B  A$lcc7112 |    00000E2B  C$main.c$
     00000E2E  A$lcc7112 |    00000E2F  A$lcc7112 |    00000E32  A$lcc7112
     00000E33  A$lcc7112 |    00000E36  A$lcc7112 |    00000E37  A$lcc7112
     00000E3A  A$lcc7112 |    00000E3C  A$lcc7112 |    00000E3C  C$main.c$
     00000E3F  A$lcc7112 |    00000E41  A$lcc7112 |    00000E44  A$lcc7112
     00000E45  A$lcc7112 |    00000E46  A$lcc7112 |    00000E47  A$lcc7112
     00000E4A  A$lcc7112 |    00000E4B  A$lcc7112 |    00000E4C  A$lcc7112
     00000E4D  A$lcc7112 |    00000E4E  A$lcc7112 |    00000E4F  A$lcc7112
     00000E50  A$lcc7112 |    00000E53  A$lcc7112 |    00000E54  A$lcc7112
     00000E54  C$main.c$ |    00000E57  A$lcc7112 |    00000E57  C$main.c$
     00000E59  A$lcc7112 |    00000E5A  A$lcc7112 |    00000E5C  A$lcc7112
     00000E5E  A$lcc7112 |    00000E5F  A$lcc7112 |    00000E61  A$lcc7112
     00000E63  A$lcc7112 |    00000E63  C$main.c$ |    00000E66  A$lcc7112
     00000E67  A$lcc7112 |    00000E69  A$lcc7112 |    00000E69  C$main.c$
     00000E6C  A$lcc7112 |    00000E6C  C$main.c$ |    00000E6F  A$lcc7112
     00000E70  A$lcc7112 |    00000E73  A$lcc7112 |    00000E74  A$lcc7112
     00000E77  A$lcc7112 |    00000E78  A$lcc7112 |    00000E7B  A$lcc7112
     00000E7D  A$lcc7112 |    00000E7D  C$main.c$ |    00000E80  A$lcc7112
     00000E82  A$lcc7112 |    00000E85  A$lcc7112 |    00000E86  A$lcc7112
     00000E87  A$lcc7112 |    00000E88  A$lcc7112 |    00000E8B  A$lcc7112
     00000E8C  A$lcc7112 |    00000E8D  A$lcc7112 |    00000E8E  A$lcc7112
     00000E8F  A$lcc7112 |    00000E90  A$lcc7112 |    00000E91  A$lcc7112
ASxxxx Linker V03.00 + NoICE + sdld,  page 18.
Hexadecimal  [32-Bits]

Area                       Addr        Size        Decimal Bytes (Attributes)
--------------------       ----        ----        ------- ----- ------------
_CODE                  00000200    0000256F =        9583. bytes (REL,CON)

        Value  Global            Value  Global            Value  Global    
        -----  ------            -----  ------            -----  ------    
     00000E94  A$lcc7112 |    00000E95  A$lcc7112 |    00000E95  C$main.c$
     00000E97  A$lcc7112 |    00000E97  C$main.c$ |    00000E99  A$lcc7112
     00000E9A  A$lcc7112 |    00000E9C  A$lcc7112 |    00000E9E  A$lcc7112
     00000E9F  A$lcc7112 |    00000EA1  A$lcc7112 |    00000EA3  A$lcc7112
     00000EA3  C$main.c$ |    00000EA6  A$lcc7112 |    00000EA7  A$lcc7112
     00000EA9  A$lcc7112 |    00000EA9  C$main.c$ |    00000EAC  A$lcc7112
     00000EAC  C$main.c$ |    00000EAF  A$lcc7112 |    00000EB0  A$lcc7112
     00000EB3  A$lcc7112 |    00000EB4  A$lcc7112 |    00000EB7  A$lcc7112
     00000EB8  A$lcc7112 |    00000EBB  A$lcc7112 |    00000EBD  A$lcc7112
     00000EBD  C$main.c$ |    00000EC0  A$lcc7112 |    00000EC2  A$lcc7112
     00000EC5  A$lcc7112 |    00000EC6  A$lcc7112 |    00000EC7  A$lcc7112
     00000EC8  A$lcc7112 |    00000ECB  A$lcc7112 |    00000ECC  A$lcc7112
     00000ECD  A$lcc7112 |    00000ECE  A$lcc7112 |    00000ECF  A$lcc7112
     00000ED0  A$lcc7112 |    00000ED1  A$lcc7112 |    00000ED4  A$lcc7112
     00000ED5  A$lcc7112 |    00000ED5  C$main.c$ |    00000ED7  A$lcc7112
     00000ED7  C$main.c$ |    00000EDA  A$lcc7112 |    00000EDC  A$lcc7112
     00000EDC  C$main.c$ |    00000EDC  XG$win_ch |    00000EDD  A$lcc7112
     00000EDD  C$main.c$ |    00000EDD  G$collide |    00000EDD  _collide_
     00000EDF  A$lcc7112 |    00000EDF  C$main.c$ |    00000EE2  A$lcc7112
     00000EE3  A$lcc7112 |    00000EE4  A$lcc7112 |    00000EE6  A$lcc7112
     00000EE8  A$lcc7112 |    00000EE8  C$main.c$ |    00000EE9  A$lcc7112
     00000EEA  A$lcc7112 |    00000EEC  A$lcc7112 |    00000EED  A$lcc7112
     00000EED  C$main.c$ |    00000EF0  A$lcc7112 |    00000EF2  A$lcc7112
     00000EF3  A$lcc7112 |    00000EF3  C$main.c$ |    00000EF5  A$lcc7112
     00000EF6  A$lcc7112 |    00000EF6  C$main.c$ |    00000EF8  A$lcc7112
     00000EF9  A$lcc7112 |    00000EFA  A$lcc7112 |    00000EFB  A$lcc7112
     00000EFC  A$lcc7112 |    00000EFF  A$lcc7112 |    00000F00  A$lcc7112
     00000F01  A$lcc7112 |    00000F02  A$lcc7112 |    00000F03  A$lcc7112
     00000F04  A$lcc7112 |    00000F05  A$lcc7112 |    00000F06  A$lcc7112
     00000F07  A$lcc7112 |    00000F0A  A$lcc7112 |    00000F0B  A$lcc7112
     00000F0C  A$lcc7112 |    00000F0D  A$lcc7112 |    00000F0F  A$lcc7112
     00000F10  A$lcc7112 |    00000F11  A$lcc7112 |    00000F12  A$lcc7112
     00000F14  A$lcc7112 |    00000F15  A$lcc7112 |    00000F16  A$lcc7112
     00000F17  A$lcc7112 |    00000F19  A$lcc7112 |    00000F1B  A$lcc7112
     00000F1C  A$lcc7112 |    00000F1D  A$lcc7112 |    00000F1E  A$lcc7112
     00000F20  A$lcc7112 |    00000F23  A$lcc7112 |    00000F24  A$lcc7112
     00000F25  A$lcc7112 |    00000F26  A$lcc7112 |    00000F29  A$lcc7112
     00000F2A  A$lcc7112 |    00000F2B  A$lcc7112 |    00000F2C  A$lcc7112
     00000F2E  A$lcc7112 |    00000F2F  A$lcc7112 |    00000F30  A$lcc7112
     00000F32  A$lcc7112 |    00000F33  A$lcc7112 |    00000F34  A$lcc7112
     00000F35  A$lcc7112 |    00000F37  A$lcc7112 |    00000F38  A$lcc7112
     00000F39  A$lcc7112 |    00000F3A  A$lcc7112 |    00000F3B  A$lcc7112
     00000F3D  A$lcc7112 |    00000F3E  A$lcc7112 |    00000F3F  A$lcc7112
     00000F40  A$lcc7112 |    00000F41  A$lcc7112 |    00000F43  A$lcc7112
     00000F44  A$lcc7112 |    00000F45  A$lcc7112 |    00000F46  A$lcc7112
     00000F47  A$lcc7112 |    00000F49  A$lcc7112 |    00000F4A  A$lcc7112
     00000F4B  A$lcc7112 |    00000F4C  A$lcc7112 |    00000F4D  A$lcc7112
     00000F4E  A$lcc7112 |    00000F50  A$lcc7112 |    00000F51  A$lcc7112
     00000F52  A$lcc7112 |    00000F53  A$lcc7112 |    00000F54  A$lcc7112
     00000F55  A$lcc7112 |    00000F58  A$lcc7112 |    00000F5A  A$lcc7112
     00000F5B  A$lcc7112 |    00000F5D  A$lcc7112 |    00000F5D  C$main.c$
ASxxxx Linker V03.00 + NoICE + sdld,  page 19.
Hexadecimal  [32-Bits]

Area                       Addr        Size        Decimal Bytes (Attributes)
--------------------       ----        ----        ------- ----- ------------
_CODE                  00000200    0000256F =        9583. bytes (REL,CON)

        Value  Global            Value  Global            Value  Global    
        -----  ------            -----  ------            -----  ------    
     00000F60  A$lcc7112 |    00000F62  A$lcc7112 |    00000F62  C$main.c$
     00000F65  A$lcc7112 |    00000F67  A$lcc7112 |    00000F67  C$main.c$
     00000F6A  A$lcc7112 |    00000F6C  A$lcc7112 |    00000F6F  A$lcc7112
     00000F70  A$lcc7112 |    00000F71  A$lcc7112 |    00000F72  A$lcc7112
     00000F75  A$lcc7112 |    00000F76  A$lcc7112 |    00000F77  A$lcc7112
     00000F78  A$lcc7112 |    00000F7A  A$lcc7112 |    00000F7B  A$lcc7112
     00000F7C  A$lcc7112 |    00000F7F  A$lcc7112 |    00000F80  A$lcc7112
     00000F80  C$main.c$ |    00000F82  A$lcc7112 |    00000F82  C$main.c$
     00000F82  XG$collid |    00000F83  A$lcc7112 |    00000F83  C$main.c$
     00000F83  G$collide |    00000F83  _collide_ |    00000F85  A$lcc7112
     00000F85  C$main.c$ |    00000F88  A$lcc7112 |    00000F89  A$lcc7112
     00000F8A  A$lcc7112 |    00000F8B  A$lcc7112 |    00000F8C  A$lcc7112
     00000F8E  A$lcc7112 |    00000F8F  A$lcc7112 |    00000F90  A$lcc7112
     00000F91  A$lcc7112 |    00000F92  A$lcc7112 |    00000F94  A$lcc7112
     00000F96  A$lcc7112 |    00000F96  C$main.c$ |    00000F98  A$lcc7112
     00000F9A  A$lcc7112 |    00000F9A  C$main.c$ |    00000F9C  A$lcc7112
     00000F9E  A$lcc7112 |    00000FA0  A$lcc7112 |    00000FA0  C$main.c$
     00000FA2  A$lcc7112 |    00000FA4  A$lcc7112 |    00000FA4  C$main.c$
     00000FA6  A$lcc7112 |    00000FA8  A$lcc7112 |    00000FA8  C$main.c$
     00000FAA  A$lcc7112 |    00000FAB  A$lcc7112 |    00000FAD  A$lcc7112
     00000FAE  A$lcc7112 |    00000FAF  A$lcc7112 |    00000FB0  A$lcc7112
     00000FB1  A$lcc7112 |    00000FB2  A$lcc7112 |    00000FB3  A$lcc7112
     00000FB6  A$lcc7112 |    00000FB7  A$lcc7112 |    00000FB8  A$lcc7112
     00000FB9  A$lcc7112 |    00000FBB  A$lcc7112 |    00000FBC  A$lcc7112
     00000FBD  A$lcc7112 |    00000FBE  A$lcc7112 |    00000FC0  A$lcc7112
     00000FC1  A$lcc7112 |    00000FC2  A$lcc7112 |    00000FC3  A$lcc7112
     00000FC4  A$lcc7112 |    00000FC6  A$lcc7112 |    00000FC8  A$lcc7112
     00000FC9  A$lcc7112 |    00000FCA  A$lcc7112 |    00000FCB  A$lcc7112
     00000FCC  A$lcc7112 |    00000FCD  A$lcc7112 |    00000FCE  A$lcc7112
     00000FD1  A$lcc7112 |    00000FD2  A$lcc7112 |    00000FD3  A$lcc7112
     00000FD4  A$lcc7112 |    00000FD6  A$lcc7112 |    00000FD8  A$lcc7112
     00000FDA  A$lcc7112 |    00000FDC  A$lcc7112 |    00000FDE  A$lcc7112
     00000FE0  A$lcc7112 |    00000FE0  C$main.c$ |    00000FE3  A$lcc7112
     00000FE4  A$lcc7112 |    00000FE5  A$lcc7112 |    00000FE6  A$lcc7112
     00000FE7  A$lcc7112 |    00000FE8  A$lcc7112 |    00000FE9  A$lcc7112
     00000FEA  A$lcc7112 |    00000FEB  A$lcc7112 |    00000FEB  C$main.c$
     00000FEC  A$lcc7112 |    00000FEE  A$lcc7112 |    00000FEF  A$lcc7112
     00000FF0  A$lcc7112 |    00000FF2  A$lcc7112 |    00000FF5  A$lcc7112
     00000FF7  A$lcc7112 |    00000FF8  A$lcc7112 |    00000FF8  C$main.c$
     00000FFA  A$lcc7112 |    00000FFB  A$lcc7112 |    00000FFD  A$lcc7112
     00000FFE  A$lcc7112 |    00001000  A$lcc7112 |    00001002  A$lcc7112
     00001003  A$lcc7112 |    00001005  A$lcc7112 |    00001007  A$lcc7112
     00001008  A$lcc7112 |    00001009  A$lcc7112 |    0000100A  A$lcc7112
     0000100B  A$lcc7112 |    0000100C  A$lcc7112 |    0000100D  A$lcc7112
     0000100F  A$lcc7112 |    00001010  A$lcc7112 |    00001012  A$lcc7112
     00001013  A$lcc7112 |    00001014  A$lcc7112 |    00001015  A$lcc7112
     00001016  A$lcc7112 |    00001017  A$lcc7112 |    00001018  A$lcc7112
     00001019  A$lcc7112 |    0000101A  A$lcc7112 |    0000101B  A$lcc7112
     0000101C  A$lcc7112 |    0000101E  A$lcc7112 |    0000101F  A$lcc7112
     00001021  A$lcc7112 |    00001022  A$lcc7112 |    00001024  A$lcc7112
     00001025  A$lcc7112 |    00001027  A$lcc7112 |    00001028  A$lcc7112
ASxxxx Linker V03.00 + NoICE + sdld,  page 20.
Hexadecimal  [32-Bits]

Area                       Addr        Size        Decimal Bytes (Attributes)
--------------------       ----        ----        ------- ----- ------------
_CODE                  00000200    0000256F =        9583. bytes (REL,CON)

        Value  Global            Value  Global            Value  Global    
        -----  ------            -----  ------            -----  ------    
     0000102A  A$lcc7112 |    0000102C  A$lcc7112 |    0000102E  A$lcc7112
     0000102F  A$lcc7112 |    00001030  A$lcc7112 |    00001033  A$lcc7112
     00001034  A$lcc7112 |    00001035  A$lcc7112 |    00001036  A$lcc7112
     00001038  A$lcc7112 |    00001039  A$lcc7112 |    0000103A  A$lcc7112
     0000103B  A$lcc7112 |    0000103D  A$lcc7112 |    0000103E  A$lcc7112
     00001040  A$lcc7112 |    00001042  A$lcc7112 |    00001043  A$lcc7112
     00001045  A$lcc7112 |    00001046  A$lcc7112 |    00001048  A$lcc7112
     00001049  A$lcc7112 |    0000104B  A$lcc7112 |    0000104C  A$lcc7112
     0000104E  A$lcc7112 |    0000104F  A$lcc7112 |    00001051  A$lcc7112
     00001051  C$main.c$ |    00001053  A$lcc7112 |    00001054  A$lcc7112
     00001055  A$lcc7112 |    00001057  A$lcc7112 |    00001058  A$lcc7112
     00001059  A$lcc7112 |    0000105A  A$lcc7112 |    0000105B  A$lcc7112
     0000105C  A$lcc7112 |    0000105D  A$lcc7112 |    0000105F  A$lcc7112
     00001060  A$lcc7112 |    00001061  A$lcc7112 |    00001062  A$lcc7112
     00001063  A$lcc7112 |    00001064  A$lcc7112 |    00001065  A$lcc7112
     00001067  A$lcc7112 |    00001068  A$lcc7112 |    00001069  A$lcc7112
     0000106A  A$lcc7112 |    0000106C  A$lcc7112 |    0000106D  A$lcc7112
     0000106E  A$lcc7112 |    0000106F  A$lcc7112 |    00001070  A$lcc7112
     00001071  A$lcc7112 |    00001072  A$lcc7112 |    00001073  A$lcc7112
     00001074  A$lcc7112 |    00001076  A$lcc7112 |    00001078  A$lcc7112
     00001079  A$lcc7112 |    0000107A  A$lcc7112 |    0000107B  A$lcc7112
     0000107C  A$lcc7112 |    0000107F  A$lcc7112 |    00001080  A$lcc7112
     00001081  A$lcc7112 |    00001082  A$lcc7112 |    00001084  A$lcc7112
     00001085  A$lcc7112 |    00001086  A$lcc7112 |    00001087  A$lcc7112
     00001089  A$lcc7112 |    0000108A  A$lcc7112 |    0000108C  A$lcc7112
     0000108D  A$lcc7112 |    0000108E  A$lcc7112 |    0000108E  C$main.c$
[...]

        Value  Global            Value  Global            Value  Global    
        -----  ------            -----  ------            -----  ------    
ASxxxx Linker V03.00 + NoICE + sdld,  page 32.
Hexadecimal  [32-Bits]

Area                       Addr        Size        Decimal Bytes (Attributes)
--------------------       ----        ----        ------- ----- ------------
_HEADER4               00000000    0000004F =          79. bytes (ABS,CON)

        Value  Global            Value  Global            Value  Global    
        -----  ------            -----  ------            -----  ------    
     00000080  .int      |    0000008F  _wait_int |    0000009C  __standar
     000000AC  _refresh_
ASxxxx Linker V03.00 + NoICE + sdld,  page 33.
Hexadecimal  [32-Bits]

Area                       Addr        Size        Decimal Bytes (Attributes)
--------------------       ----        ----        ------- ----- ------------
_HEADER5               00000000    00000002 =           2. bytes (ABS,CON)

        Value  Global            Value  Global            Value  Global    
        -----  ------            -----  ------            -----  ------    
ASxxxx Linker V03.00 + NoICE + sdld,  page 34.
Hexadecimal  [32-Bits]

Area                       Addr        Size        Decimal Bytes (Attributes)
--------------------       ----        ----        ------- ----- ------------
_HEADER6               00000000    00000030 =          48. bytes (ABS,CON)

        Value  Global            Value  Global            Value  Global    
        -----  ------            -----  ------            -----  ------    
ASxxxx Linker V03.00 + NoICE + sdld,  page 35.
Hexadecimal  [32-Bits]

Area                       Addr        Size        Decimal Bytes (Attributes)
--------------------       ----        ----        ------- ----- ------------
_HEADER7               00000000    00000006 =           6. bytes (ABS,CON)

        Value  Global            Value  Global            Value  Global    
        -----  ------            -----  ------            -----  ------    
ASxxxx Linker V03.00 + NoICE + sdld,  page 36.
Hexadecimal  [32-Bits]

Area                       Addr        Size        Decimal Bytes (Attributes)
--------------------       ----        ----        ------- ----- ------------
_HEADER8               00000000    00000003 =           3. bytes (ABS,CON)

        Value  Global            Value  Global            Value  Global    
        -----  ------            -----  ------            -----  ------    
ASxxxx Linker V03.00 + NoICE + sdld,  page 37.
Hexadecimal  [32-Bits]

Area                       Addr        Size        Decimal Bytes (Attributes)
--------------------       ----        ----        ------- ----- ------------
_HEADER9               00000000    00000001 =           1. bytes (ABS,CON)

        Value  Global            Value  Global            Value  Global    
        -----  ------            -----  ------            -----  ------    
ASxxxx Linker V03.00 + NoICE + sdld,  page 38.
Hexadecimal  [32-Bits]

Area                       Addr        Size        Decimal Bytes (Attributes)
--------------------       ----        ----        ------- ----- ------------
_HEADERa               00000000    00000001 =           1. bytes (ABS,CON)

        Value  Global            Value  Global            Value  Global    
        -----  ------            -----  ------            -----  ------    
ASxxxx Linker V03.00 + NoICE + sdld,  page 39.
Hexadecimal  [32-Bits]

Area                       Addr        Size        Decimal Bytes (Attributes)
--------------------       ----        ----        ------- ----- ------------
_HEADERb               00000000    00000001 =           1. bytes (ABS,CON)

        Value  Global            Value  Global            Value  Global    
        -----  ------            -----  ------            -----  ------    
ASxxxx Linker V03.00 + NoICE + sdld,  page 40.
Hexadecimal  [32-Bits]

Area                       Addr        Size        Decimal Bytes (Attributes)
--------------------       ----        ----        ------- ----- ------------
_HEADERc               00000000    00000002 =           2. bytes (ABS,CON)

        Value  Global            Value  Global            Value  Global    
        -----  ------            -----  ------            -----  ------    
ASxxxx Linker V03.00 + NoICE + sdld,  page 41.
Hexadecimal  [32-Bits]

Area                       Addr        Size        Decimal Bytes (Attributes)
--------------------       ----        ----        ------- ----- ------------
_HEADERd               00000000    00000001 =           1. bytes (ABS,CON)

        Value  Global            Value  Global            Value  Global    
        -----  ------            -----  ------            -----  ------    
ASxxxx Linker V03.00 + NoICE + sdld,  page 42.
Hexadecimal  [32-Bits]

Area                       Addr        Size        Decimal Bytes (Attributes)
--------------------       ----        ----        ------- ----- ------------
_HEADERe               00000000    00000001 =           1. bytes (ABS,CON)

        Value  Global            Value  Global            Value  Global    
        -----  ------            -----  ------            -----  ------    
ASxxxx Linker V03.00 + NoICE + sdld,  page 43.
Hexadecimal  [32-Bits]

Area                       Addr        Size        Decimal Bytes (Attributes)
--------------------       ----        ----        ------- ----- ------------
_HEADERf               00000000    00000002 =           2. bytes (ABS,CON)

        Value  Global            Value  Global            Value  Global    
        -----  ------            -----  ------            -----  ------    
ASxxxx Linker V03.00 + NoICE + sdld,  page 44.
Hexadecimal  [32-Bits]

Area                       Addr        Size        Decimal Bytes (Attributes)
--------------------       ----        ----        ------- ----- ------------
_HEADER10              00000000    00000082 =         130. bytes (ABS,CON)

        Value  Global            Value  Global            Value  Global    
        -----  ------            -----  ------            -----  ------    
     00000150  .reset    |    00000150  _reset    |    00000157  .code_sta
     000001B7  _exit     |    000001BB  _set_inte
ASxxxx Linker V03.00 + NoICE + sdld,  page 45.
Hexadecimal  [32-Bits]

Area                       Addr        Size        Decimal Bytes (Attributes)
--------------------       ----        ----        ------- ----- ------------
_HEADER11              00000000    00000001 =           1. bytes (ABS,CON)

        Value  Global            Value  Global            Value  Global    
        -----  ------            -----  ------            -----  ------    
ASxxxx Linker V03.00 + NoICE + sdld,  page 46.
Hexadecimal  [32-Bits]

Area                       Addr        Size        Decimal Bytes (Attributes)
--------------------       ----        ----        ------- ----- ------------
_HOME                  0000276F    0000039A =         922. bytes (REL,CON)

        Value  Global            Value  Global            Value  Global    
        -----  ------            -----  ------            -----  ------    
     0000276F  .memset_s |    00002778  .memcpy_s |    00002795  .remove_V
     00002798  .remove_i |    000027B5  .add_VBL  |    000027B8  .add_int 
     000027C3  .wait_vbl |    000027C3  _wait_vbl |    000027D3  .display_
     000027D3  _display_ |    000027EB  _remove_V |    000027F6  _add_VBL 
     00002801  _set_tile |    00002806  _set_bkg_ |    00002806  _set_win_
     0000280E  _set_spri |    0000283E  .padup    |    0000283E  _waitpadu
     0000284E  .jpad     |    0000284E  _joypad   |    00002876  _waitpad 
     00002879  .wait_pad |    00002880  ___sdcc_c |    000028B0  _add_LCD 
     000028BB  .add_LCD  |    000028C1  _remove_L |    000028CC  .remove_L
     000028D2  __divsuch |    000028DF  __modsuch |    000028E9  __divusch
     000028FB  __modusch |    0000290B  __divscha |    00002917  __modscha
     00002921  __divsint |    00002932  __modsint |    00002941  __divucha
     0000294D  __moducha |    00002957  __divuint |    00002968  __moduint
     00002977  .div8     |    00002977  .mod8     |    0000297F  .div16   
     0000297F  .mod16    |    000029B5  .divu8    |    000029B5  .modu8   
     000029B8  .divu16   |    000029B8  .modu16   |    000029F9  _set_bkg_
     00002A0D  _uitoa    |    00002A1C  _itoa     |    00002A2B  .itoa    
     00002A3F  .utoa     |    00002AB3  .set_xy_w |    00002ABC  .set_xy_b
     00002ACB  .set_xy_t
ASxxxx Linker V03.00 + NoICE + sdld,  page 47.
Hexadecimal  [32-Bits]

Area                       Addr        Size        Decimal Bytes (Attributes)
--------------------       ----        ----        ------- ----- ------------
_CODE_0                00002B09    00000440 =        1088. bytes (REL,CON)

        Value  Global            Value  Global            Value  Global    
        -----  ------            -----  ------            -----  ------    
     00002B09  G$FONT$0_ |    00002B09  _FONT    
ASxxxx Linker V03.00 + NoICE + sdld,  page 48.
Hexadecimal  [32-Bits]

Area                       Addr        Size        Decimal Bytes (Attributes)
--------------------       ----        ----        ------- ----- ------------
_INITIALIZER           00002F49    00000050 =          80. bytes (REL,CON)

        Value  Global            Value  Global            Value  Global    
        -----  ------            -----  ------            -----  ------    
     00002F49  Fmain$__x |    00002F6D  Fmain$__x |    00002F70  Fmain$__x
     00002F74  Fmain$__x |    00002F78  Fmain$__x |    00002F7F  Fmain$__x
     00002F80  Fmain$__x |    00002F85  Fmain$__x |    00002F8A  Fmain$__x
     00002F91  Fmain$__x |    00002F97  Fmain$__x
ASxxxx Linker V03.00 + NoICE + sdld,  page 49.
Hexadecimal  [32-Bits]

Area                       Addr        Size        Decimal Bytes (Attributes)
--------------------       ----        ----        ------- ----- ------------
_GSINIT                00002F99    0000000C =          12. bytes (REL,CON)

        Value  Global            Value  Global            Value  Global    
        -----  ------            -----  ------            -----  ------    
     00002F99  gsinit   
ASxxxx Linker V03.00 + NoICE + sdld,  page 50.
Hexadecimal  [32-Bits]

Area                       Addr        Size        Decimal Bytes (Attributes)
--------------------       ----        ----        ------- ----- ------------
_GSFINAL               00002FA5    00000001 =           1. bytes (REL,CON)

        Value  Global            Value  Global            Value  Global    
        -----  ------            -----  ------            -----  ------    
ASxxxx Linker V03.00 + NoICE + sdld,  page 51.
Hexadecimal  [32-Bits]

Area                       Addr        Size        Decimal Bytes (Attributes)
--------------------       ----        ----        ------- ----- ------------
_DATA                  0000C0A0    0000007F =         127. bytes (REL,CON)

        Value  Global            Value  Global            Value  Global    
        -----  ------            -----  ------            -----  ------    
     0000C0A0  __cpu     |    0000C0A1  __is_GBA  |    0000C0A2  .mode    
     0000C0A3  .sys_time |    0000C0A3  _sys_time |    0000C0A5  .int_0x40
     0000C0B9  G$scroll$ |    0000C0B9  _scroll   |    0000C0C3  G$PLAYER$
     0000C0C3  _PLAYER   |    0000C0CB  G$LOG_FRO |    0000C0CB  _LOG_FROG
     0000C0D3  G$joy$0_0 |    0000C0D3  _joy      |    0000C0D4  G$last_jo
     0000C0D4  _last_joy |    0000C0D5  G$is_movi |    0000C0D5  _is_movin
     0000C0D6  G$is_anim |    0000C0D6  _is_anima |    0000C0D7  G$is_dyin
     0000C0D7  _is_dying |    0000C0D8  G$turtles |    0000C0D8  _turtles_
     0000C0D9  G$move_x$ |    0000C0D9  _move_x   |    0000C0DA  G$move_y$
     0000C0DA  _move_y   |    0000C0DB  G$scx_cou |    0000C0DB  _scx_coun
     0000C0DC  G$turtle_ |    0000C0DC  _turtle_c |    0000C0DD  G$dive_co
     0000C0DD  _dive_cou |    0000C0DE  G$timer$0 |    0000C0DE  _timer   
     0000C0E0  G$timer_t |    0000C0E0  _timer_ti |    0000C0E1  G$pause_t
     0000C0E1  _pause_ti |    0000C0E2  G$flash$0 |    0000C0E2  _flash   
     0000C0E3  G$GAMESTA |    0000C0E3  _GAMESTAT |    0000C0E4  G$TIMERST
     0000C0E4  _TIMERSTA |    0000C0E5  G$turtle_ |    0000C0E5  _turtle_t
     0000C0E6  G$dive_ti |    0000C0E6  _dive_til |    0000C0E7  G$y_min$0
     0000C0E7  _y_min    |    0000C0E8  G$vram_ad |    0000C0E8  _vram_add
     0000C0EA  G$score$0 |    0000C0EA  _score    |    0000C0EC  G$score_b
     0000C0EC  _score_bu |    0000C0F1  G$current |    0000C0F1  _current_
     0000C0F2  G$level_b |    0000C0F2  _level_bu |    0000C10A  G$animati
     0000C10A  _animatio |    0000C10B  G$death_a |    0000C10B  _death_an
     0000C10C  ___curren |    0000C10E  ___curren |    0000C10F  .int_0x48
ASxxxx Linker V03.00 + NoICE + sdld,  page 52.
Hexadecimal  [32-Bits]

Area                       Addr        Size        Decimal Bytes (Attributes)
--------------------       ----        ----        ------- ----- ------------
_INITIALIZED           0000C11F    00000050 =          80. bytes (REL,CON)

        Value  Global            Value  Global            Value  Global    
        -----  ------            -----  ------            -----  ------    
     0000C11F  G$scroll_ |    0000C11F  _scroll_r |    0000C143  G$turtle_
     0000C143  _turtle_d |    0000C146  G$turtle_ |    0000C146  _turtle_d
     0000C14A  G$turtle_ |    0000C14A  _turtle_t |    0000C14E  G$dive_ti
     0000C14E  _dive_til |    0000C155  G$lives$0 |    0000C155  _lives   
     0000C156  G$PLAYER1 |    0000C156  _PLAYER1U |    0000C15B  G$PLAYER2
     0000C15B  _PLAYER2U |    0000C160  G$level_t |    0000C160  _level_te
     0000C167  G$pause_t |    0000C167  _pause_te |    0000C16D  G$death_a
     0000C16D  _death_an |    0000C16E  ___render
ASxxxx Linker V03.00 + NoICE + sdld,  page 53.
Hexadecimal  [32-Bits]

Area                       Addr        Size        Decimal Bytes (Attributes)
--------------------       ----        ----        ------- ----- ------------
_HRAM12                00000000    00000003 =           3. bytes (ABS,CON)

        Value  Global            Value  Global            Value  Global    
        -----  ------            -----  ------            -----  ------    
     0000FF90  __current |    0000FF92  __shadow_
ASxxxx Linker V03.00 + NoICE + sdld,  page 54.
Hexadecimal  [32-Bits]

Area                       Addr        Size        Decimal Bytes (Attributes)
--------------------       ----        ----        ------- ----- ------------
_CODE_1                00014000    000003D0 =         976. bytes (REL,CON)

        Value  Global            Value  Global            Value  Global    
        -----  ------            -----  ------            -----  ------    
     00014000  C$frogger |    00014000  G$__func_ |    00014000  G$frogger
     00014000  ___func_f |    00014000  _frogger_ |    0001400A  G$frogger
     0001400A  _frogger_ |    0001424A  G$frogger |    0001424A  _frogger_
     00014256  G$frogger |    00014256  _frogger_ |    00014262  G$frogger
     00014262  _frogger_ |    0001426E  G$frogger |    0001426E  _frogger_
     0001427A  G$frogger |    0001427A  _frogger_ |    00014286  G$frogger
     00014286  _frogger_ |    00014292  G$frogger |    00014292  _frogger_
     0001429E  G$frogger |    0001429E  _frogger_ |    000142AA  G$frogger
     000142AA  _frogger_ |    000142B6  G$frogger |    000142B6  _frogger_
     000142C8  G$frogger |    000142C8  _frogger_ |    000142DC  G$frogger
     000142DC  _frogger_ |    000142F0  G$frogger |    000142F0  _frogger_
     00014322  C$frogger |    00014322  G$__func_ |    00014322  G$frogger
     00014322  ___func_f |    00014322  _frogger_ |    0001432A  G$frogger
     0001432A  _frogger_ |    0001436A  G$frogger |    0001436A  _frogger_
     00014376  G$frogger |    00014376  _frogger_ |    00014378  C$log_fro
     00014378  G$__func_ |    00014378  G$log_fro |    00014378  ___func_l
     00014378  _log_frog |    00014382  G$log_fro |    00014382  _log_frog
     000143C2  G$log_fro |    000143C2  _log_frog |    000143CE  G$log_fro
     000143CE  _log_frog
ASxxxx Linker V03.00 + NoICE + sdld,  page 55.
Hexadecimal  [32-Bits]

Area                       Addr        Size        Decimal Bytes (Attributes)
--------------------       ----        ----        ------- ----- ------------
_HEADER_LCD0           00000000    00000003 =           3. bytes (ABS,CON)

        Value  Global            Value  Global            Value  Global    
        -----  ------            -----  ------            -----  ------    
ASxxxx Linker V03.00 + NoICE + sdld,  page 56.

Files Linked                              [ module(s) ]

C:\c_code\gbdk\lib/small/asxxxx/gb/crt0.o
                                          [ Runtime ]
C:\Users\User\AppData\Local\Temp/lcc71120.rel
                                          [ main ]
C:\Users\User\AppData\Local\Temp/lcc71121.rel
                                          [ bkg_map ]
C:\Users\User\AppData\Local\Temp/lcc71122.rel
                                          [ bkg_tiles ]
C:\Users\User\AppData\Local\Temp/lcc71123.rel
                                          [ collision_map ]
C:\Users\User\AppData\Local\Temp/lcc71124.rel
                                          [ font ]
C:\Users\User\AppData\Local\Temp/lcc71125.rel
                                          [ frog_lives ]
C:\Users\User\AppData\Local\Temp/lcc71126.rel
                                          [ frogger ]
C:\Users\User\AppData\Local\Temp/lcc71127.rel
                                          [ frogger_16 ]
C:\Users\User\AppData\Local\Temp/lcc71128.rel
                                          [ log_frog ]
C:\Users\User\AppData\Local\Temp/lcc71129.rel
                                          [ reset_timer ]
C:\Users\User\AppData\Local\Temp/lcc711210.rel
                                          [ win_frog ]


Libraries Linked                          [ object file ]

C:\c_code\gbdk\lib/small/asxxxx/gb/gb.lib
                                          [ sfr.o ]
C:\c_code\gbdk\lib/small/asxxxx/gb/gb.lib
                                          [ get_tile.o ]
C:\c_code\gbdk\lib/small/asxxxx/gb/gb.lib
                                          [ set_tile.o ]
C:\c_code\gbdk\lib/small/asxxxx/gb/gb.lib
                                          [ metasprites_hide.o ]
C:\c_code\gbdk\lib/small/asxxxx/gb/gb.lib
                                          [ set_data.o ]
C:\c_code\gbdk\lib/small/asxxxx/gb/gb.lib
                                          [ metasprites_flip.o ]
C:\c_code\gbdk\lib/small/asxxxx/gbz80/gbz80.lib
                                          [ sprintf.o ]
C:\c_code\gbdk\lib/small/asxxxx/gb/gb.lib
                                          [ pad.o ]
C:\c_code\gbdk\lib/small/asxxxx/gb/gb.lib
                                          [ metasprites.o ]
C:\c_code\gbdk\lib/small/asxxxx/gbz80/gbz80.lib
                                          [ __sdcc_call_hl.o ]
C:\c_code\gbdk\lib/small/asxxxx/gb/gb.lib
                                          [ lcd.o ]
C:\c_code\gbdk\lib/small/asxxxx/gb/gb.lib
                                          [ get_addr.o ]
C:\c_code\gbdk\lib/small/asxxxx/gbz80/gbz80.lib
                                          [ div.o ]
C:\c_code\gbdk\lib/small/asxxxx/gb/gb.lib
                                          [ set_bk_t.o ]
C:\c_code\gbdk\lib/small/asxxxx/gbz80/gbz80.lib
                                          [ itoa.o ]
C:\c_code\gbdk\lib/small/asxxxx/gb/gb.lib
                                          [ set_xy_t.o ]

ASxxxx Linker V03.00 + NoICE + sdld,  page 57.

User Base Address Definitions

_DATA=0xC0A0
_CODE=0x0200
ASxxxx Linker V03.00 + NoICE + sdld,  page 58.

User Global Definitions

_shadow_OAM=0xC000
.STACK=0xE000
.refresh_OAM=0xFF80

