ASxxxx Linker V03.00 + NoICE + sdld,  page 1.
Hexadecimal  [32-Bits]

Area                       Addr        Size        Decimal Bytes (Attributes)
--------------------       ----        ----        ------- ----- ------------
.  .ABS.               00000000    00000000 =           0. bytes (ABS,CON)

        Value  Global            Value  Global            Value  Global    
        -----  ------            -----  ------            -----  ------    
     00000000  .__.ABS.  |    00000000  _rRAMG    |    00000000  l__BASE  
     00000000  l__BSS    |    00000000  l__CABS   |    00000000  l__DABS  
     00000000  l__HEADER |    00000000  l__HEADER |    00000000  l__HEAP  
     00000000  l__HRAM   |    00000000  l__LIT    |    00000000  s__CABS  
     00000000  s__DABS   |    00000000  s__HEADER |    00000000  s__HEADER
     00000000  s__HEADER |    00000000  s__HEADER |    00000000  s__HEADER
     00000000  s__HEADER |    00000000  s__HEADER |    00000000  s__HEADER
     00000000  s__HEADER |    00000000  s__HEADER |    00000000  s__HEADER
     00000000  s__HEADER |    00000000  s__HEADER |    00000000  s__HEADER
     00000000  s__HEADER |    00000000  s__HEADER |    00000000  s__HEADER
     00000000  s__HEADER |    00000000  s__HEADER |    00000000  s__HEADER
     00000000  s__HEADER |    00000000  s__HRAM   |    00000000  s__HRAM12
     00000001  ___bank_f |    00000001  ___bank_f |    00000001  l__GSFINA
     00000001  l__HEADER |    00000001  l__HEADER |    00000001  l__HEADER
     00000001  l__HEADER |    00000001  l__HEADER |    00000001  l__HEADER
     00000001  l__HEADER |    00000002  l__HEADER |    00000002  l__HEADER
     00000002  l__HEADER |    00000003  l__HEADER |    00000003  l__HEADER
     00000003  l__HRAM12 |    00000005  l__HEADER |    00000006  l__HEADER
     00000007  l__HEADER |    00000008  l__HEADER |    0000000C  l__GSINIT
     00000030  l__HEADER |    00000037  l__INITIA |    00000037  l__INITIA
     0000004F  l__HEADER |    00000053  l__DATA   |    00000082  l__HEADER
     000000AC  l__CODE_1 |    00000200  s__CODE   |    0000039A  l__HOME  
     00000440  l__CODE_0 |    00001B66  l__CODE   |    00001D66  s__HOME  
     00002000  _rROMB0   |    00002100  s__BASE   |    00002100  s__CODE_0
     00002540  s__INITIA |    00002540  s__LIT    |    00002577  s__GSINIT
     00002583  s__GSFINA |    00003000  _rROMB1   |    00004000  _rRAMB   
     00008000  __VRAM    |    00008000  __VRAM800 |    00008800  __VRAM880
     00009000  __VRAM900 |    00009800  __SCRN0   |    00009C00  __SCRN1  
     0000A000  __SRAM    |    0000C000  __RAM     |    0000C000  _shadow_O
     0000C0A0  s__DATA   |    0000C0F3  s__BSS    |    0000C0F3  s__INITIA
     0000C12A  s__HEAP   |    0000D000  __RAMBANK |    0000E000  .STACK   
     0000FE00  __OAMRAM  |    0000FF00  _P1_REG   |    0000FF00  __IO     
     0000FF01  _SB_REG   |    0000FF02  _SC_REG   |    0000FF04  _DIV_REG 
     0000FF05  _TIMA_REG |    0000FF06  _TMA_REG  |    0000FF07  _TAC_REG 
     0000FF0F  _IF_REG   |    0000FF10  _NR10_REG |    0000FF11  _NR11_REG
     0000FF12  _NR12_REG |    0000FF13  _NR13_REG |    0000FF14  _NR14_REG
     0000FF16  _NR21_REG |    0000FF17  _NR22_REG |    0000FF18  _NR23_REG
     0000FF19  _NR24_REG |    0000FF1A  _NR30_REG |    0000FF1B  _NR31_REG
     0000FF1C  _NR32_REG |    0000FF1D  _NR33_REG |    0000FF1E  _NR34_REG
     0000FF20  _NR41_REG |    0000FF21  _NR42_REG |    0000FF22  _NR43_REG
     0000FF23  _NR44_REG |    0000FF24  _NR50_REG |    0000FF25  _NR51_REG
     0000FF26  _NR52_REG |    0000FF30  _PCM_SAMP |    0000FF30  __AUD3WAV
     0000FF40  _LCDC_REG |    0000FF41  _STAT_REG |    0000FF42  _SCY_REG 
     0000FF43  _SCX_REG  |    0000FF44  _LY_REG   |    0000FF45  _LYC_REG 
     0000FF46  _DMA_REG  |    0000FF47  _BGP_REG  |    0000FF48  _OBP0_REG
     0000FF49  _OBP1_REG |    0000FF4A  _WY_REG   |    0000FF4B  _WX_REG  
     0000FF4D  _KEY1_REG |    0000FF4F  _VBK_REG  |    0000FF51  _HDMA1_RE
     0000FF52  _HDMA2_RE |    0000FF53  _HDMA3_RE |    0000FF54  _HDMA4_RE
     0000FF55  _HDMA5_RE |    0000FF56  _RP_REG   |    0000FF68  _BCPS_REG
     0000FF69  _BCPD_REG |    0000FF6A  _OCPS_REG |    0000FF6B  _OCPD_REG
ASxxxx Linker V03.00 + NoICE + sdld,  page 2.
Hexadecimal  [32-Bits]

Area                       Addr        Size        Decimal Bytes (Attributes)
--------------------       ----        ----        ------- ----- ------------
.  .ABS.               00000000    00000000 =           0. bytes (ABS,CON)

        Value  Global            Value  Global            Value  Global    
        -----  ------            -----  ------            -----  ------    
     0000FF70  _SVBK_REG |    0000FF76  _PCM12_RE |    0000FF77  _PCM34_RE
     0000FF80  .refresh_ |    0000FF80  __HRAM    |    0000FFFF  _IE_REG  
     00014000  s__CODE_1
ASxxxx Linker V03.00 + NoICE + sdld,  page 3.
Hexadecimal  [32-Bits]

Area                       Addr        Size        Decimal Bytes (Attributes)
--------------------       ----        ----        ------- ----- ------------
_CODE                  00000200    00001B66 =        7014. bytes (REL,CON)

        Value  Global            Value  Global            Value  Global    
        -----  ------            -----  ------            -----  ------    
     00000200  A$lcc2139 |    00000200  C$main.c$ |    00000200  C$main.c$
     00000200  G$update_ |    00000200  _update_s |    00000203  A$lcc2139
     00000204  A$lcc2139 |    00000207  A$lcc2139 |    00000208  A$lcc2139
     0000020B  A$lcc2139 |    0000020C  A$lcc2139 |    0000020D  A$lcc2139
     0000020E  A$lcc2139 |    0000020E  C$main.c$ |    00000211  A$lcc2139
     00000212  A$lcc2139 |    00000213  A$lcc2139 |    00000214  A$lcc2139
     00000215  A$lcc2139 |    00000218  A$lcc2139 |    00000219  A$lcc2139
     0000021C  A$lcc2139 |    0000021D  A$lcc2139 |    00000220  A$lcc2139
     00000222  A$lcc2139 |    00000222  C$main.c$ |    00000225  A$lcc2139
     00000226  A$lcc2139 |    00000227  A$lcc2139 |    00000228  A$lcc2139
     00000228  C$main.c$ |    0000022A  A$lcc2139 |    0000022B  A$lcc2139
     0000022C  A$lcc2139 |    0000022F  A$lcc2139 |    00000230  A$lcc2139
     00000231  A$lcc2139 |    00000232  A$lcc2139 |    00000233  A$lcc2139
     00000236  A$lcc2139 |    00000238  A$lcc2139 |    00000238  C$main.c$
     0000023B  A$lcc2139 |    0000023C  A$lcc2139 |    0000023E  A$lcc2139
     0000023F  A$lcc2139 |    00000240  A$lcc2139 |    00000240  C$main.c$
     00000241  A$lcc2139 |    00000241  C$main.c$ |    00000241  XG$update
     00000243  Fmain$__s |    00000246  A$lcc2139 |    00000246  C$main.c$
     00000246  C$main.c$ |    00000246  G$reset_f |    00000246  _reset_fr
     00000249  A$lcc2139 |    0000024B  A$lcc2139 |    0000024B  C$main.c$
     0000024E  A$lcc2139 |    00000250  A$lcc2139 |    00000253  A$lcc2139
     00000255  A$lcc2139 |    00000255  C$main.c$ |    00000258  A$lcc2139
     0000025A  A$lcc2139 |    0000025B  A$lcc2139 |    0000025D  A$lcc2139
     0000025D  C$main.c$ |    00000260  A$lcc2139 |    00000261  A$lcc2139
     00000262  A$lcc2139 |    00000264  A$lcc2139 |    00000265  A$lcc2139
     00000267  A$lcc2139 |    00000267  C$main.c$ |    00000268  A$lcc2139
     0000026B  A$lcc2139 |    0000026B  C$main.c$ |    0000026E  A$lcc2139
     00000270  A$lcc2139 |    00000271  A$lcc2139 |    00000272  A$lcc2139
     00000275  A$lcc2139 |    00000276  A$lcc2139 |    00000279  A$lcc2139
     0000027A  A$lcc2139 |    0000027B  A$lcc2139 |    0000027C  A$lcc2139
     0000027D  A$lcc2139 |    00000280  A$lcc2139 |    00000281  A$lcc2139
     00000282  A$lcc2139 |    00000283  A$lcc2139 |    00000286  A$lcc2139
     00000288  A$lcc2139 |    00000289  A$lcc2139 |    0000028A  A$lcc2139
     0000028B  A$lcc2139 |    0000028C  A$lcc2139 |    0000028D  A$lcc2139
     0000028E  A$lcc2139 |    0000028F  A$lcc2139 |    00000290  A$lcc2139
     00000293  A$lcc2139 |    00000295  A$lcc2139 |    00000295  C$main.c$
     00000295  C$main.c$ |    00000295  XG$reset_ |    00000296  A$lcc2139
     00000296  C$main.c$ |    00000296  C$main.c$ |    00000296  G$reset_t
     00000296  _reset_ti |    00000299  A$lcc2139 |    0000029B  A$lcc2139
     0000029C  A$lcc2139 |    0000029E  A$lcc2139 |    0000029E  C$main.c$
     000002A1  A$lcc2139 |    000002A2  A$lcc2139 |    000002A5  A$lcc2139
     000002A6  A$lcc2139 |    000002A9  A$lcc2139 |    000002AA  A$lcc2139
     000002AD  A$lcc2139 |    000002AF  A$lcc2139 |    000002AF  C$main.c$
     000002AF  XG$reset_ |    000002B0  A$lcc2139 |    000002B0  C$main.c$
     000002B0  C$main.c$ |    000002B0  G$init_le |    000002B0  _init_lev
     000002B3  A$lcc2139 |    000002B4  A$lcc2139 |    000002B7  A$lcc2139
     000002B8  A$lcc2139 |    000002BB  A$lcc2139 |    000002BD  A$lcc2139
     000002BD  C$main.c$ |    000002C0  A$lcc2139 |    000002C1  A$lcc2139
     000002C4  A$lcc2139 |    000002C5  A$lcc2139 |    000002C8  A$lcc2139
     000002CA  A$lcc2139 |    000002CA  C$main.c$ |    000002CD  A$lcc2139
ASxxxx Linker V03.00 + NoICE + sdld,  page 4.
Hexadecimal  [32-Bits]

Area                       Addr        Size        Decimal Bytes (Attributes)
--------------------       ----        ----        ------- ----- ------------
_CODE                  00000200    00001B66 =        7014. bytes (REL,CON)

        Value  Global            Value  Global            Value  Global    
        -----  ------            -----  ------            -----  ------    
     000002CE  A$lcc2139 |    000002D1  A$lcc2139 |    000002D2  A$lcc2139
     000002D5  A$lcc2139 |    000002D7  A$lcc2139 |    000002D7  C$main.c$
     000002DA  A$lcc2139 |    000002DB  A$lcc2139 |    000002DE  A$lcc2139
     000002DF  A$lcc2139 |    000002E0  A$lcc2139 |    000002E1  A$lcc2139
     000002E2  A$lcc2139 |    000002E5  A$lcc2139 |    000002E7  A$lcc2139
     000002E7  C$main.c$ |    000002EA  A$lcc2139 |    000002EC  A$lcc2139
     000002EC  C$main.c$ |    000002ED  A$lcc2139 |    000002F0  A$lcc2139
     000002F1  A$lcc2139 |    000002F2  A$lcc2139 |    000002F2  C$main.c$
     000002F5  A$lcc2139 |    000002F5  C$main.c$ |    000002F8  A$lcc2139
     000002F8  C$main.c$ |    000002F8  C$main.c$ |    000002F8  XG$init_l
     000002FB  A$lcc2139 |    000002FB  C$main.c$ |    000002FB  G$move_fr
     000002FB  _move_fro |    000002FC  A$lcc2139 |    000002FD  A$lcc2139
     000002FD  C$main.c$ |    00000300  A$lcc2139 |    00000301  A$lcc2139
     00000303  A$lcc2139 |    00000303  C$main.c$ |    00000306  A$lcc2139
     00000307  A$lcc2139 |    00000309  A$lcc2139 |    0000030A  A$lcc2139
     0000030B  A$lcc2139 |    0000030C  A$lcc2139 |    0000030D  A$lcc2139
     00000310  A$lcc2139 |    00000312  A$lcc2139 |    00000314  A$lcc2139
     00000317  A$lcc2139 |    00000319  A$lcc2139 |    0000031C  A$lcc2139
     0000031D  A$lcc2139 |    0000031E  A$lcc2139 |    0000031F  A$lcc2139
     00000320  A$lcc2139 |    00000321  A$lcc2139 |    00000324  A$lcc2139
     00000325  A$lcc2139 |    00000326  A$lcc2139 |    00000327  A$lcc2139
     0000032A  A$lcc2139 |    0000032C  A$lcc2139 |    0000032D  A$lcc2139
     00000330  A$lcc2139 |    00000331  A$lcc2139 |    00000332  A$lcc2139
     00000333  A$lcc2139 |    00000336  A$lcc2139 |    00000337  A$lcc2139
     00000338  A$lcc2139 |    00000339  A$lcc2139 |    0000033C  A$lcc2139
     0000033E  A$lcc2139 |    00000340  A$lcc2139 |    00000341  A$lcc2139
     00000342  A$lcc2139 |    00000343  A$lcc2139 |    00000344  A$lcc2139
     00000346  A$lcc2139 |    00000347  A$lcc2139 |    0000034A  A$lcc2139
     0000034C  A$lcc2139 |    0000034C  C$main.c$ |    0000034E  A$lcc2139
     0000034E  C$main.c$ |    00000351  A$lcc2139 |    00000352  A$lcc2139
     00000354  A$lcc2139 |    00000354  C$main.c$ |    00000357  A$lcc2139
     00000358  A$lcc2139 |    00000359  A$lcc2139 |    0000035A  A$lcc2139
     0000035D  A$lcc2139 |    0000035F  A$lcc2139 |    00000361  A$lcc2139
     00000364  A$lcc2139 |    00000366  A$lcc2139 |    00000369  A$lcc2139
     0000036A  A$lcc2139 |    0000036B  A$lcc2139 |    0000036C  A$lcc2139
     0000036F  A$lcc2139 |    00000370  A$lcc2139 |    00000371  A$lcc2139
     00000372  A$lcc2139 |    00000375  A$lcc2139 |    00000376  A$lcc2139
     00000379  A$lcc2139 |    0000037A  A$lcc2139 |    0000037B  A$lcc2139
     0000037C  A$lcc2139 |    0000037D  A$lcc2139 |    00000380  A$lcc2139
     00000381  A$lcc2139 |    00000382  A$lcc2139 |    00000383  A$lcc2139
     00000386  A$lcc2139 |    00000388  A$lcc2139 |    00000389  A$lcc2139
     0000038A  A$lcc2139 |    0000038B  A$lcc2139 |    0000038C  A$lcc2139
     0000038D  A$lcc2139 |    0000038E  A$lcc2139 |    0000038F  A$lcc2139
     00000390  A$lcc2139 |    00000393  A$lcc2139 |    00000395  A$lcc2139
     00000395  C$main.c$ |    00000396  A$lcc2139 |    00000397  A$lcc2139
     00000397  C$main.c$ |    00000397  XG$move_f |    00000398  A$lcc2139
     00000398  C$main.c$ |    00000398  C$main.c$ |    00000398  G$update_
     00000398  _update_m |    0000039B  A$lcc2139 |    0000039C  A$lcc2139
     0000039E  A$lcc2139 |    0000039E  C$main.c$ |    000003A1  A$lcc2139
     000003A1  C$main.c$ |    000003A4  A$lcc2139 |    000003A6  A$lcc2139
     000003A8  A$lcc2139 |    000003AB  A$lcc2139 |    000003AD  A$lcc2139
ASxxxx Linker V03.00 + NoICE + sdld,  page 5.
Hexadecimal  [32-Bits]

Area                       Addr        Size        Decimal Bytes (Attributes)
--------------------       ----        ----        ------- ----- ------------
_CODE                  00000200    00001B66 =        7014. bytes (REL,CON)

        Value  Global            Value  Global            Value  Global    
        -----  ------            -----  ------            -----  ------    
     000003B0  A$lcc2139 |    000003B1  A$lcc2139 |    000003B4  A$lcc2139
     000003B5  A$lcc2139 |    000003B6  A$lcc2139 |    000003B7  A$lcc2139
     000003B7  C$main.c$ |    000003BA  A$lcc2139 |    000003BB  A$lcc2139
     000003BD  A$lcc2139 |    000003BD  C$main.c$ |    000003C0  A$lcc2139
     000003C0  C$main.c$ |    000003C3  A$lcc2139 |    000003C5  A$lcc2139
     000003C7  A$lcc2139 |    000003CA  A$lcc2139 |    000003CC  A$lcc2139
     000003CF  A$lcc2139 |    000003D0  A$lcc2139 |    000003D3  A$lcc2139
     000003D4  A$lcc2139 |    000003D5  A$lcc2139 |    000003D6  A$lcc2139
     000003D6  C$main.c$ |    000003D9  A$lcc2139 |    000003DA  A$lcc2139
     000003DC  A$lcc2139 |    000003DF  A$lcc2139 |    000003E0  A$lcc2139
     000003E1  A$lcc2139 |    000003E1  C$main.c$ |    000003E4  A$lcc2139
     000003E6  A$lcc2139 |    000003E6  C$main.c$ |    000003E9  A$lcc2139
     000003EA  A$lcc2139 |    000003EB  A$lcc2139 |    000003EC  A$lcc2139
     000003EF  A$lcc2139 |    000003F0  A$lcc2139 |    000003F2  A$lcc2139
     000003F3  A$lcc2139 |    000003F4  A$lcc2139 |    000003F5  A$lcc2139
     000003F6  A$lcc2139 |    000003F7  A$lcc2139 |    000003F8  A$lcc2139
     000003FA  A$lcc2139 |    000003FC  A$lcc2139 |    000003FE  A$lcc2139
     00000400  A$lcc2139 |    00000401  A$lcc2139 |    00000403  A$lcc2139
     00000405  A$lcc2139 |    00000407  A$lcc2139 |    00000408  A$lcc2139
     00000409  A$lcc2139 |    00000409  C$main.c$ |    0000040C  A$lcc2139
     0000040D  A$lcc2139 |    0000040F  A$lcc2139 |    00000410  A$lcc2139
     00000411  A$lcc2139 |    00000413  A$lcc2139 |    00000414  A$lcc2139
     00000414  C$main.c$ |    00000417  A$lcc2139 |    00000417  C$main.c$
     0000041A  A$lcc2139 |    0000041D  A$lcc2139 |    0000041D  C$main.c$
     0000041D  XG$update |    0000041E  A$lcc2139 |    0000041E  C$main.c$
     0000041E  C$main.c$ |    0000041E  G$paralla |    0000041E  _parallax
     00000420  A$lcc2139 |    00000421  A$lcc2139 |    00000423  A$lcc2139
     00000425  A$lcc2139 |    00000427  A$lcc2139 |    00000429  A$lcc2139
     0000042B  A$lcc2139 |    0000042D  A$lcc2139 |    0000042F  A$lcc2139
     00000431  A$lcc2139 |    00000433  A$lcc2139 |    00000435  A$lcc2139
     00000437  A$lcc2139 |    00000439  A$lcc2139 |    0000043B  A$lcc2139
     0000043D  A$lcc2139 |    0000043F  A$lcc2139 |    00000441  A$lcc2139
     00000443  A$lcc2139 |    00000445  A$lcc2139 |    00000448  A$lcc2139
     0000044A  A$lcc2139 |    0000044D  A$lcc2139 |    0000044F  A$lcc2139
     00000452  A$lcc2139 |    00000454  A$lcc2139 |    00000457  A$lcc2139
     00000458  A$lcc2139 |    00000458  C$main.c$ |    00000459  A$lcc2139
     0000045B  A$lcc2139 |    0000045C  A$lcc2139 |    0000045E  A$lcc2139
     0000045E  C$main.c$ |    00000460  A$lcc2139 |    00000462  A$lcc2139
     00000462  C$main.c$ |    00000463  A$lcc2139 |    00000463  C$main.c$
     00000466  A$lcc2139 |    00000468  A$lcc2139 |    00000469  A$lcc2139
     0000046B  A$lcc2139 |    0000046B  C$main.c$ |    0000046D  A$lcc2139
     0000046F  A$lcc2139 |    0000046F  C$main.c$ |    00000470  A$lcc2139
     00000470  C$main.c$ |    00000473  A$lcc2139 |    00000475  A$lcc2139
     00000476  A$lcc2139 |    00000478  A$lcc2139 |    00000478  C$main.c$
     0000047A  A$lcc2139 |    0000047C  A$lcc2139 |    0000047C  C$main.c$
     0000047D  A$lcc2139 |    0000047D  C$main.c$ |    00000480  A$lcc2139
     00000482  A$lcc2139 |    00000483  A$lcc2139 |    00000485  A$lcc2139
     00000485  C$main.c$ |    00000487  A$lcc2139 |    00000489  A$lcc2139
     00000489  C$main.c$ |    0000048A  A$lcc2139 |    0000048A  C$main.c$
     0000048D  A$lcc2139 |    0000048F  A$lcc2139 |    00000490  A$lcc2139
     00000492  A$lcc2139 |    00000492  C$main.c$ |    00000494  A$lcc2139
ASxxxx Linker V03.00 + NoICE + sdld,  page 6.
Hexadecimal  [32-Bits]

Area                       Addr        Size        Decimal Bytes (Attributes)
--------------------       ----        ----        ------- ----- ------------
_CODE                  00000200    00001B66 =        7014. bytes (REL,CON)

        Value  Global            Value  Global            Value  Global    
        -----  ------            -----  ------            -----  ------    
     00000496  A$lcc2139 |    00000496  C$main.c$ |    00000497  A$lcc2139
     00000497  C$main.c$ |    0000049A  A$lcc2139 |    0000049C  A$lcc2139
     0000049D  A$lcc2139 |    0000049F  A$lcc2139 |    0000049F  C$main.c$
     000004A1  A$lcc2139 |    000004A3  A$lcc2139 |    000004A3  C$main.c$
     000004A4  A$lcc2139 |    000004A4  C$main.c$ |    000004A5  A$lcc2139
     000004A7  A$lcc2139 |    000004A8  A$lcc2139 |    000004AA  A$lcc2139
     000004AA  C$main.c$ |    000004AC  A$lcc2139 |    000004AE  A$lcc2139
     000004AE  C$main.c$ |    000004AF  A$lcc2139 |    000004AF  C$main.c$
     000004B2  A$lcc2139 |    000004B4  A$lcc2139 |    000004B5  A$lcc2139
     000004B7  A$lcc2139 |    000004B7  C$main.c$ |    000004B9  A$lcc2139
     000004BB  A$lcc2139 |    000004BB  C$main.c$ |    000004BC  A$lcc2139
     000004BC  C$main.c$ |    000004BF  A$lcc2139 |    000004C1  A$lcc2139
     000004C2  A$lcc2139 |    000004C4  A$lcc2139 |    000004C4  C$main.c$
     000004C6  A$lcc2139 |    000004C8  A$lcc2139 |    000004C8  C$main.c$
     000004C9  A$lcc2139 |    000004C9  C$main.c$ |    000004CC  A$lcc2139
     000004CE  A$lcc2139 |    000004CF  A$lcc2139 |    000004D1  A$lcc2139
     000004D1  C$main.c$ |    000004D3  A$lcc2139 |    000004D5  A$lcc2139
     000004D5  C$main.c$ |    000004D6  A$lcc2139 |    000004D6  C$main.c$
     000004D9  A$lcc2139 |    000004DB  A$lcc2139 |    000004DC  A$lcc2139
     000004DE  A$lcc2139 |    000004DE  C$main.c$ |    000004E0  A$lcc2139
     000004E2  A$lcc2139 |    000004E2  C$main.c$ |    000004E3  A$lcc2139
     000004E3  C$main.c$ |    000004E6  A$lcc2139 |    000004E8  A$lcc2139
     000004E9  A$lcc2139 |    000004EB  A$lcc2139 |    000004EB  C$main.c$
     000004ED  A$lcc2139 |    000004EF  A$lcc2139 |    000004EF  C$main.c$
     000004F0  A$lcc2139 |    000004F0  C$main.c$ |    000004F1  A$lcc2139
     000004F3  A$lcc2139 |    000004F4  A$lcc2139 |    000004F6  A$lcc2139
     000004F6  C$main.c$ |    000004F7  A$lcc2139 |    000004F9  A$lcc2139
     000004F9  C$main.c$ |    000004F9  C$main.c$ |    000004F9  XG$parall
     000004FA  A$lcc2139 |    000004FA  C$main.c$ |    000004FA  G$scroll_
     000004FA  _scroll_c |    000004FB  A$lcc2139 |    000004FB  C$main.c$
     000004FE  A$lcc2139 |    000004FF  A$lcc2139 |    00000501  A$lcc2139
     00000504  A$lcc2139 |    00000505  A$lcc2139 |    00000506  A$lcc2139
     00000509  A$lcc2139 |    0000050B  A$lcc2139 |    0000050C  A$lcc2139
     0000050D  A$lcc2139 |    00000510  A$lcc2139 |    00000510  C$main.c$
     00000513  A$lcc2139 |    00000514  A$lcc2139 |    00000515  A$lcc2139
     00000516  A$lcc2139 |    00000516  C$main.c$ |    00000517  A$lcc2139
     00000518  A$lcc2139 |    00000519  A$lcc2139 |    0000051A  A$lcc2139
     0000051B  A$lcc2139 |    0000051C  A$lcc2139 |    0000051C  C$main.c$
     0000051D  A$lcc2139 |    0000051E  A$lcc2139 |    0000051F  A$lcc2139
     00000520  A$lcc2139 |    00000521  A$lcc2139 |    00000522  A$lcc2139
     00000523  A$lcc2139 |    00000526  A$lcc2139 |    00000527  A$lcc2139
     00000527  C$main.c$ |    00000527  C$main.c$ |    00000527  C$main.c$
     00000528  A$lcc2139 |    0000052A  A$lcc2139 |    0000052A  C$main.c$
     0000052D  A$lcc2139 |    0000052E  A$lcc2139 |    0000052F  A$lcc2139
     00000530  A$lcc2139 |    00000531  A$lcc2139 |    00000534  A$lcc2139
     00000535  A$lcc2139 |    00000536  A$lcc2139 |    00000537  A$lcc2139
     0000053A  A$lcc2139 |    0000053C  A$lcc2139 |    0000053D  A$lcc2139
     00000540  A$lcc2139 |    00000541  A$lcc2139 |    00000542  A$lcc2139
     00000543  A$lcc2139 |    00000544  A$lcc2139 |    00000547  A$lcc2139
     00000548  A$lcc2139 |    00000549  A$lcc2139 |    0000054A  A$lcc2139
     0000054D  A$lcc2139 |    0000054F  A$lcc2139 |    00000551  A$lcc2139
ASxxxx Linker V03.00 + NoICE + sdld,  page 7.
Hexadecimal  [32-Bits]

Area                       Addr        Size        Decimal Bytes (Attributes)
--------------------       ----        ----        ------- ----- ------------
_CODE                  00000200    00001B66 =        7014. bytes (REL,CON)

        Value  Global            Value  Global            Value  Global    
        -----  ------            -----  ------            -----  ------    
     00000552  A$lcc2139 |    00000553  A$lcc2139 |    00000554  A$lcc2139
     00000555  A$lcc2139 |    00000557  A$lcc2139 |    00000558  A$lcc2139
     0000055B  A$lcc2139 |    0000055D  A$lcc2139 |    0000055D  C$main.c$
     0000055D  C$main.c$ |    00000560  A$lcc2139 |    00000562  A$lcc2139
     00000564  A$lcc2139 |    00000564  C$main.c$ |    00000567  A$lcc2139
     00000568  A$lcc2139 |    00000569  A$lcc2139 |    0000056A  A$lcc2139
     0000056B  A$lcc2139 |    0000056E  A$lcc2139 |    0000056F  A$lcc2139
     00000570  A$lcc2139 |    00000571  A$lcc2139 |    00000574  A$lcc2139
     00000576  A$lcc2139 |    00000577  A$lcc2139 |    0000057A  A$lcc2139
     0000057B  A$lcc2139 |    0000057C  A$lcc2139 |    0000057D  A$lcc2139
     0000057E  A$lcc2139 |    00000581  A$lcc2139 |    00000582  A$lcc2139
     00000583  A$lcc2139 |    00000584  A$lcc2139 |    00000587  A$lcc2139
     00000589  A$lcc2139 |    0000058B  A$lcc2139 |    0000058C  A$lcc2139
     0000058D  A$lcc2139 |    0000058E  A$lcc2139 |    0000058F  A$lcc2139
     00000591  A$lcc2139 |    00000592  A$lcc2139 |    00000595  A$lcc2139
     00000597  A$lcc2139 |    00000597  C$main.c$ |    00000597  C$main.c$
     0000059A  A$lcc2139 |    0000059B  A$lcc2139 |    0000059D  A$lcc2139
     000005A0  A$lcc2139 |    000005A1  A$lcc2139 |    000005A2  A$lcc2139
     000005A5  A$lcc2139 |    000005A7  A$lcc2139 |    000005A8  A$lcc2139
     000005A9  A$lcc2139 |    000005AB  A$lcc2139 |    000005AB  C$main.c$
     000005AE  A$lcc2139 |    000005AF  A$lcc2139 |    000005B0  A$lcc2139
     000005B1  A$lcc2139 |    000005B1  C$main.c$ |    000005B4  A$lcc2139
     000005B6  A$lcc2139 |    000005B8  A$lcc2139 |    000005B8  C$main.c$
     000005BB  A$lcc2139 |    000005BC  A$lcc2139 |    000005BD  A$lcc2139
     000005BE  A$lcc2139 |    000005BF  A$lcc2139 |    000005C2  A$lcc2139
     000005C3  A$lcc2139 |    000005C4  A$lcc2139 |    000005C5  A$lcc2139
     000005C8  A$lcc2139 |    000005CA  A$lcc2139 |    000005CB  A$lcc2139
     000005CE  A$lcc2139 |    000005CF  A$lcc2139 |    000005D0  A$lcc2139
     000005D1  A$lcc2139 |    000005D2  A$lcc2139 |    000005D5  A$lcc2139
     000005D6  A$lcc2139 |    000005D7  A$lcc2139 |    000005D8  A$lcc2139
     000005DB  A$lcc2139 |    000005DD  A$lcc2139 |    000005DF  A$lcc2139
     000005E0  A$lcc2139 |    000005E1  A$lcc2139 |    000005E2  A$lcc2139
     000005E3  A$lcc2139 |    000005E5  A$lcc2139 |    000005E6  A$lcc2139
     000005E9  A$lcc2139 |    000005EB  A$lcc2139 |    000005EB  C$main.c$
     000005EB  C$main.c$ |    000005EE  A$lcc2139 |    000005F0  A$lcc2139
     000005F2  A$lcc2139 |    000005F2  C$main.c$ |    000005F5  A$lcc2139
     000005F6  A$lcc2139 |    000005F7  A$lcc2139 |    000005F8  A$lcc2139
     000005F8  C$main.c$ |    000005FB  A$lcc2139 |    000005FC  A$lcc2139
     000005FD  A$lcc2139 |    000005FE  A$lcc2139 |    000005FE  C$main.c$
     00000601  A$lcc2139 |    00000602  A$lcc2139 |    00000603  A$lcc2139
     00000604  A$lcc2139 |    00000604  C$main.c$ |    00000607  A$lcc2139
     00000608  A$lcc2139 |    00000609  A$lcc2139 |    0000060A  A$lcc2139
     0000060A  C$main.c$ |    0000060D  A$lcc2139 |    0000060F  A$lcc2139
     00000611  A$lcc2139 |    00000611  C$main.c$ |    00000614  A$lcc2139
     00000615  A$lcc2139 |    00000616  A$lcc2139 |    00000617  A$lcc2139
     00000618  A$lcc2139 |    00000619  A$lcc2139 |    0000061A  A$lcc2139
     0000061B  A$lcc2139 |    0000061C  A$lcc2139 |    0000061D  A$lcc2139
     0000061E  A$lcc2139 |    0000061F  A$lcc2139 |    00000620  A$lcc2139
     00000623  A$lcc2139 |    00000624  A$lcc2139 |    00000625  A$lcc2139
     00000628  A$lcc2139 |    00000629  A$lcc2139 |    0000062A  A$lcc2139
     0000062B  A$lcc2139 |    0000062C  A$lcc2139 |    0000062F  A$lcc2139
ASxxxx Linker V03.00 + NoICE + sdld,  page 8.
Hexadecimal  [32-Bits]

Area                       Addr        Size        Decimal Bytes (Attributes)
--------------------       ----        ----        ------- ----- ------------
_CODE                  00000200    00001B66 =        7014. bytes (REL,CON)

        Value  Global            Value  Global            Value  Global    
        -----  ------            -----  ------            -----  ------    
     00000630  A$lcc2139 |    00000631  A$lcc2139 |    00000632  A$lcc2139
     00000635  A$lcc2139 |    00000637  A$lcc2139 |    00000638  A$lcc2139
     00000639  A$lcc2139 |    0000063A  A$lcc2139 |    0000063B  A$lcc2139
     0000063C  A$lcc2139 |    0000063D  A$lcc2139 |    0000063E  A$lcc2139
     0000063F  A$lcc2139 |    00000642  A$lcc2139 |    00000644  A$lcc2139
     00000644  C$main.c$ |    00000644  C$main.c$ |    00000647  A$lcc2139
     00000648  A$lcc2139 |    0000064A  A$lcc2139 |    0000064D  A$lcc2139
     0000064E  A$lcc2139 |    0000064F  A$lcc2139 |    00000652  A$lcc2139
     00000654  A$lcc2139 |    00000655  A$lcc2139 |    00000656  A$lcc2139
     00000658  A$lcc2139 |    00000658  C$main.c$ |    0000065B  A$lcc2139
     0000065C  A$lcc2139 |    0000065D  A$lcc2139 |    0000065E  A$lcc2139
     0000065E  C$main.c$ |    00000661  A$lcc2139 |    00000662  A$lcc2139
     00000663  A$lcc2139 |    00000664  A$lcc2139 |    00000664  C$main.c$
     00000667  A$lcc2139 |    00000668  A$lcc2139 |    00000669  A$lcc2139
     00000669  C$main.c$ |    00000669  XG$scroll |    0000066A  A$lcc2139
     0000066A  C$main.c$ |    0000066A  G$win_che |    0000066A  _win_chec
     0000066C  A$lcc2139 |    0000066C  C$main.c$ |    0000066E  A$lcc2139
     0000066F  A$lcc2139 |    00000671  A$lcc2139 |    00000672  A$lcc2139
     00000673  A$lcc2139 |    00000674  A$lcc2139 |    00000675  A$lcc2139
     00000676  A$lcc2139 |    00000677  A$lcc2139 |    0000067A  A$lcc2139
     0000067B  A$lcc2139 |    0000067C  A$lcc2139 |    0000067D  A$lcc2139
     0000067F  A$lcc2139 |    00000680  A$lcc2139 |    00000681  A$lcc2139
     00000682  A$lcc2139 |    00000684  A$lcc2139 |    00000685  A$lcc2139
     00000686  A$lcc2139 |    00000687  A$lcc2139 |    00000688  A$lcc2139
     0000068A  A$lcc2139 |    0000068C  A$lcc2139 |    0000068D  A$lcc2139
     0000068E  A$lcc2139 |    0000068F  A$lcc2139 |    00000690  A$lcc2139
     00000691  A$lcc2139 |    00000692  A$lcc2139 |    00000695  A$lcc2139
     00000696  A$lcc2139 |    00000697  A$lcc2139 |    00000698  A$lcc2139
     00000699  A$lcc2139 |    0000069A  A$lcc2139 |    0000069B  A$lcc2139
     0000069D  A$lcc2139 |    0000069F  A$lcc2139 |    000006A0  A$lcc2139
     000006A2  A$lcc2139 |    000006A3  A$lcc2139 |    000006A5  A$lcc2139
     000006A6  A$lcc2139 |    000006A8  A$lcc2139 |    000006A9  A$lcc2139
     000006AB  A$lcc2139 |    000006AC  A$lcc2139 |    000006AE  A$lcc2139
     000006AE  C$main.c$ |    000006B0  A$lcc2139 |    000006B1  A$lcc2139
     000006B3  A$lcc2139 |    000006B4  A$lcc2139 |    000006B5  A$lcc2139
     000006B6  A$lcc2139 |    000006B7  A$lcc2139 |    000006B8  A$lcc2139
     000006B9  A$lcc2139 |    000006BC  A$lcc2139 |    000006BD  A$lcc2139
     000006BE  A$lcc2139 |    000006BF  A$lcc2139 |    000006C1  A$lcc2139
     000006C2  A$lcc2139 |    000006C3  A$lcc2139 |    000006C4  A$lcc2139
     000006C6  A$lcc2139 |    000006C7  A$lcc2139 |    000006C8  A$lcc2139
     000006C9  A$lcc2139 |    000006CA  A$lcc2139 |    000006CC  A$lcc2139
     000006CE  A$lcc2139 |    000006D0  A$lcc2139 |    000006D1  A$lcc2139
     000006D2  A$lcc2139 |    000006D3  A$lcc2139 |    000006D6  A$lcc2139
     000006D7  A$lcc2139 |    000006D8  A$lcc2139 |    000006D9  A$lcc2139
     000006DB  A$lcc2139 |    000006DD  A$lcc2139 |    000006DF  A$lcc2139
     000006E1  A$lcc2139 |    000006E3  A$lcc2139 |    000006E5  A$lcc2139
     000006E5  C$main.c$ |    000006E7  A$lcc2139 |    000006E8  A$lcc2139
     000006E9  A$lcc2139 |    000006EA  A$lcc2139 |    000006ED  A$lcc2139
     000006EE  A$lcc2139 |    000006EF  A$lcc2139 |    000006F0  A$lcc2139
     000006F2  A$lcc2139 |    000006F3  A$lcc2139 |    000006F4  A$lcc2139
     000006F5  A$lcc2139 |    000006F7  A$lcc2139 |    000006F8  A$lcc2139
ASxxxx Linker V03.00 + NoICE + sdld,  page 9.
Hexadecimal  [32-Bits]

Area                       Addr        Size        Decimal Bytes (Attributes)
--------------------       ----        ----        ------- ----- ------------
_CODE                  00000200    00001B66 =        7014. bytes (REL,CON)

        Value  Global            Value  Global            Value  Global    
        -----  ------            -----  ------            -----  ------    
     000006F9  A$lcc2139 |    000006FA  A$lcc2139 |    000006FB  A$lcc2139
     000006FC  A$lcc2139 |    000006FD  A$lcc2139 |    000006FE  A$lcc2139
     000006FF  A$lcc2139 |    00000701  A$lcc2139 |    00000703  A$lcc2139
     00000704  A$lcc2139 |    00000705  A$lcc2139 |    00000706  A$lcc2139
     00000707  A$lcc2139 |    00000708  A$lcc2139 |    00000709  A$lcc2139
     0000070C  A$lcc2139 |    0000070D  A$lcc2139 |    0000070E  A$lcc2139
     0000070F  A$lcc2139 |    00000711  A$lcc2139 |    00000712  A$lcc2139
     00000713  A$lcc2139 |    00000714  A$lcc2139 |    00000716  A$lcc2139
     00000717  A$lcc2139 |    00000719  A$lcc2139 |    0000071A  A$lcc2139
     0000071B  A$lcc2139 |    0000071C  A$lcc2139 |    0000071E  A$lcc2139
     00000720  A$lcc2139 |    00000722  A$lcc2139 |    00000724  A$lcc2139
     00000726  A$lcc2139 |    00000728  A$lcc2139 |    00000728  C$main.c$
     0000072A  A$lcc2139 |    0000072B  A$lcc2139 |    0000072D  A$lcc2139
     0000072E  A$lcc2139 |    00000730  A$lcc2139 |    00000731  A$lcc2139
     00000733  A$lcc2139 |    00000734  A$lcc2139 |    00000736  A$lcc2139
     00000738  A$lcc2139 |    0000073A  A$lcc2139 |    0000073B  A$lcc2139
     0000073D  A$lcc2139 |    0000073E  A$lcc2139 |    00000740  A$lcc2139
     00000741  A$lcc2139 |    00000742  A$lcc2139 |    00000743  A$lcc2139
     00000744  A$lcc2139 |    00000745  A$lcc2139 |    00000746  A$lcc2139
     00000746  C$main.c$ |    00000748  A$lcc2139 |    00000749  A$lcc2139
     0000074A  A$lcc2139 |    0000074B  A$lcc2139 |    0000074C  A$lcc2139
     0000074D  A$lcc2139 |    0000074E  A$lcc2139 |    0000074E  C$main.c$
     00000751  A$lcc2139 |    00000752  A$lcc2139 |    00000753  A$lcc2139
     00000756  A$lcc2139 |    00000757  A$lcc2139 |    00000758  A$lcc2139
     00000759  A$lcc2139 |    0000075B  A$lcc2139 |    0000075C  A$lcc2139
     0000075D  A$lcc2139 |    0000075F  A$lcc2139 |    0000075F  C$main.c$
     00000762  A$lcc2139 |    00000763  A$lcc2139 |    00000766  A$lcc2139
     00000767  A$lcc2139 |    0000076A  A$lcc2139 |    0000076B  A$lcc2139
     0000076E  A$lcc2139 |    00000770  A$lcc2139 |    00000770  C$main.c$
     00000773  A$lcc2139 |    00000776  A$lcc2139 |    00000776  C$main.c$
     00000777  A$lcc2139 |    00000779  A$lcc2139 |    0000077B  A$lcc2139
     0000077C  A$lcc2139 |    0000077E  A$lcc2139 |    00000780  A$lcc2139
     00000780  C$main.c$ |    00000783  A$lcc2139 |    00000784  A$lcc2139
     00000787  A$lcc2139 |    00000788  A$lcc2139 |    0000078B  A$lcc2139
     0000078C  A$lcc2139 |    0000078F  A$lcc2139 |    00000791  A$lcc2139
     00000791  C$main.c$ |    00000794  A$lcc2139 |    00000796  A$lcc2139
     00000796  C$main.c$ |    00000797  A$lcc2139 |    00000799  A$lcc2139
     0000079B  A$lcc2139 |    0000079C  A$lcc2139 |    0000079E  A$lcc2139
     000007A0  A$lcc2139 |    000007A0  C$main.c$ |    000007A3  A$lcc2139
     000007A4  A$lcc2139 |    000007A7  A$lcc2139 |    000007A8  A$lcc2139
     000007AB  A$lcc2139 |    000007AC  A$lcc2139 |    000007AF  A$lcc2139
     000007B1  A$lcc2139 |    000007B1  C$main.c$ |    000007B4  A$lcc2139
     000007B6  A$lcc2139 |    000007B6  C$main.c$ |    000007B7  A$lcc2139
     000007B9  A$lcc2139 |    000007BB  A$lcc2139 |    000007BC  A$lcc2139
     000007BE  A$lcc2139 |    000007C0  A$lcc2139 |    000007C0  C$main.c$
     000007C3  A$lcc2139 |    000007C4  A$lcc2139 |    000007C7  A$lcc2139
     000007C8  A$lcc2139 |    000007CB  A$lcc2139 |    000007CC  A$lcc2139
     000007CF  A$lcc2139 |    000007D1  A$lcc2139 |    000007D1  C$main.c$
     000007D4  A$lcc2139 |    000007D6  A$lcc2139 |    000007D6  C$main.c$
     000007D7  A$lcc2139 |    000007D9  A$lcc2139 |    000007DB  A$lcc2139
     000007DC  A$lcc2139 |    000007DE  A$lcc2139 |    000007E0  A$lcc2139
ASxxxx Linker V03.00 + NoICE + sdld,  page 10.
Hexadecimal  [32-Bits]

Area                       Addr        Size        Decimal Bytes (Attributes)
--------------------       ----        ----        ------- ----- ------------
_CODE                  00000200    00001B66 =        7014. bytes (REL,CON)

        Value  Global            Value  Global            Value  Global    
        -----  ------            -----  ------            -----  ------    
     000007E0  C$main.c$ |    000007E3  A$lcc2139 |    000007E4  A$lcc2139
     000007E7  A$lcc2139 |    000007E8  A$lcc2139 |    000007EB  A$lcc2139
     000007EC  A$lcc2139 |    000007EF  A$lcc2139 |    000007F1  A$lcc2139
     000007F1  C$main.c$ |    000007F4  A$lcc2139 |    000007F6  A$lcc2139
     000007F6  C$main.c$ |    000007F9  A$lcc2139 |    000007FB  A$lcc2139
     000007FB  C$main.c$ |    000007FB  XG$win_ch |    000007FC  A$lcc2139
     000007FC  C$main.c$ |    000007FC  G$collide |    000007FC  _collide_
     000007FE  A$lcc2139 |    000007FE  C$main.c$ |    00000801  A$lcc2139
     00000802  A$lcc2139 |    00000803  A$lcc2139 |    00000804  A$lcc2139
     00000805  A$lcc2139 |    00000807  A$lcc2139 |    00000808  A$lcc2139
     00000809  A$lcc2139 |    0000080A  A$lcc2139 |    0000080B  A$lcc2139
     0000080D  A$lcc2139 |    0000080F  A$lcc2139 |    0000080F  C$main.c$
     00000811  A$lcc2139 |    00000813  A$lcc2139 |    00000813  C$main.c$
     00000815  A$lcc2139 |    00000817  A$lcc2139 |    00000819  A$lcc2139
     00000819  C$main.c$ |    0000081B  A$lcc2139 |    0000081D  A$lcc2139
     0000081D  C$main.c$ |    0000081F  A$lcc2139 |    00000821  A$lcc2139
     00000821  C$main.c$ |    00000823  A$lcc2139 |    00000824  A$lcc2139
     00000826  A$lcc2139 |    00000827  A$lcc2139 |    00000828  A$lcc2139
     00000829  A$lcc2139 |    0000082A  A$lcc2139 |    0000082B  A$lcc2139
     0000082C  A$lcc2139 |    0000082F  A$lcc2139 |    00000830  A$lcc2139
     00000831  A$lcc2139 |    00000832  A$lcc2139 |    00000834  A$lcc2139
     00000835  A$lcc2139 |    00000836  A$lcc2139 |    00000837  A$lcc2139
     00000839  A$lcc2139 |    0000083A  A$lcc2139 |    0000083B  A$lcc2139
     0000083C  A$lcc2139 |    0000083D  A$lcc2139 |    0000083F  A$lcc2139
     00000841  A$lcc2139 |    00000842  A$lcc2139 |    00000843  A$lcc2139
     00000844  A$lcc2139 |    00000845  A$lcc2139 |    00000846  A$lcc2139
     00000847  A$lcc2139 |    0000084A  A$lcc2139 |    0000084B  A$lcc2139
     0000084C  A$lcc2139 |    0000084D  A$lcc2139 |    0000084F  A$lcc2139
     00000851  A$lcc2139 |    00000853  A$lcc2139 |    00000855  A$lcc2139
     00000857  A$lcc2139 |    00000859  A$lcc2139 |    00000859  C$main.c$
     0000085C  A$lcc2139 |    0000085D  A$lcc2139 |    0000085E  A$lcc2139
     0000085F  A$lcc2139 |    00000860  A$lcc2139 |    00000861  A$lcc2139
     00000862  A$lcc2139 |    00000863  A$lcc2139 |    00000864  A$lcc2139
     00000864  C$main.c$ |    00000865  A$lcc2139 |    00000867  A$lcc2139
     00000868  A$lcc2139 |    00000869  A$lcc2139 |    0000086B  A$lcc2139
     0000086E  A$lcc2139 |    00000870  A$lcc2139 |    00000871  A$lcc2139
     00000871  C$main.c$ |    00000873  A$lcc2139 |    00000874  A$lcc2139
     00000876  A$lcc2139 |    00000877  A$lcc2139 |    00000879  A$lcc2139
     0000087B  A$lcc2139 |    0000087C  A$lcc2139 |    0000087E  A$lcc2139
     00000880  A$lcc2139 |    00000881  A$lcc2139 |    00000882  A$lcc2139
     00000883  A$lcc2139 |    00000884  A$lcc2139 |    00000885  A$lcc2139
     00000886  A$lcc2139 |    00000888  A$lcc2139 |    00000889  A$lcc2139
     0000088B  A$lcc2139 |    0000088C  A$lcc2139 |    0000088D  A$lcc2139
     0000088E  A$lcc2139 |    0000088F  A$lcc2139 |    00000890  A$lcc2139
     00000891  A$lcc2139 |    00000892  A$lcc2139 |    00000893  A$lcc2139
     00000894  A$lcc2139 |    00000895  A$lcc2139 |    00000897  A$lcc2139
     00000898  A$lcc2139 |    0000089A  A$lcc2139 |    0000089B  A$lcc2139
     0000089D  A$lcc2139 |    0000089E  A$lcc2139 |    000008A0  A$lcc2139
     000008A1  A$lcc2139 |    000008A3  A$lcc2139 |    000008A5  A$lcc2139
     000008A7  A$lcc2139 |    000008A8  A$lcc2139 |    000008A9  A$lcc2139
     000008AC  A$lcc2139 |    000008AD  A$lcc2139 |    000008AE  A$lcc2139
ASxxxx Linker V03.00 + NoICE + sdld,  page 11.
Hexadecimal  [32-Bits]

Area                       Addr        Size        Decimal Bytes (Attributes)
--------------------       ----        ----        ------- ----- ------------
_CODE                  00000200    00001B66 =        7014. bytes (REL,CON)

        Value  Global            Value  Global            Value  Global    
        -----  ------            -----  ------            -----  ------    
     000008AF  A$lcc2139 |    000008B1  A$lcc2139 |    000008B2  A$lcc2139
     000008B3  A$lcc2139 |    000008B4  A$lcc2139 |    000008B6  A$lcc2139
     000008B7  A$lcc2139 |    000008B9  A$lcc2139 |    000008BB  A$lcc2139
     000008BC  A$lcc2139 |    000008BE  A$lcc2139 |    000008BF  A$lcc2139
     000008C1  A$lcc2139 |    000008C2  A$lcc2139 |    000008C4  A$lcc2139
     000008C5  A$lcc2139 |    000008C7  A$lcc2139 |    000008C8  A$lcc2139
     000008CA  A$lcc2139 |    000008CA  C$main.c$ |    000008CC  A$lcc2139
     000008CD  A$lcc2139 |    000008CE  A$lcc2139 |    000008D0  A$lcc2139
     000008D1  A$lcc2139 |    000008D2  A$lcc2139 |    000008D3  A$lcc2139
     000008D4  A$lcc2139 |    000008D5  A$lcc2139 |    000008D6  A$lcc2139
     000008D8  A$lcc2139 |    000008D9  A$lcc2139 |    000008DA  A$lcc2139
     000008DB  A$lcc2139 |    000008DC  A$lcc2139 |    000008DD  A$lcc2139
     000008DE  A$lcc2139 |    000008E0  A$lcc2139 |    000008E1  A$lcc2139
     000008E2  A$lcc2139 |    000008E3  A$lcc2139 |    000008E5  A$lcc2139
     000008E6  A$lcc2139 |    000008E7  A$lcc2139 |    000008E8  A$lcc2139
     000008E9  A$lcc2139 |    000008EA  A$lcc2139 |    000008EB  A$lcc2139
     000008EC  A$lcc2139 |    000008ED  A$lcc2139 |    000008EF  A$lcc2139
     000008F1  A$lcc2139 |    000008F2  A$lcc2139 |    000008F3  A$lcc2139
     000008F4  A$lcc2139 |    000008F5  A$lcc2139 |    000008F8  A$lcc2139
     000008F9  A$lcc2139 |    000008FA  A$lcc2139 |    000008FB  A$lcc2139
     000008FD  A$lcc2139 |    000008FE  A$lcc2139 |    000008FF  A$lcc2139
     00000900  A$lcc2139 |    00000902  A$lcc2139 |    00000903  A$lcc2139
     00000905  A$lcc2139 |    00000906  A$lcc2139 |    00000907  A$lcc2139
     00000907  C$main.c$ |    00000908  A$lcc2139 |    00000909  A$lcc2139
     0000090B  A$lcc2139 |    0000090D  A$lcc2139 |    0000090F  A$lcc2139
     00000911  A$lcc2139 |    00000913  A$lcc2139 |    00000915  A$lcc2139
     00000916  A$lcc2139 |    00000917  A$lcc2139 |    00000919  A$lcc2139
     0000091A  A$lcc2139 |    0000091B  A$lcc2139 |    0000091C  A$lcc2139
     0000091D  A$lcc2139 |    0000091E  A$lcc2139 |    00000921  A$lcc2139
     00000922  A$lcc2139 |    00000923  A$lcc2139 |    00000924  A$lcc2139
     00000926  A$lcc2139 |    00000927  A$lcc2139 |    00000929  A$lcc2139
     00000929  C$main.c$ |    0000092A  A$lcc2139 |    0000092C  A$lcc2139
     0000092D  A$lcc2139 |    0000092E  A$lcc2139 |    0000092F  A$lcc2139
     00000930  A$lcc2139 |    00000933  A$lcc2139 |    00000934  A$lcc2139
     00000936  A$lcc2139 |    00000937  A$lcc2139 |    00000938  A$lcc2139
     0000093A  A$lcc2139 |    0000093A  C$main.c$ |    0000093D  A$lcc2139
     0000093E  A$lcc2139 |    0000093F  A$lcc2139 |    00000940  A$lcc2139
     00000941  A$lcc2139 |    00000943  A$lcc2139 |    00000944  A$lcc2139
     00000945  A$lcc2139 |    00000946  A$lcc2139 |    00000947  A$lcc2139
     00000949  A$lcc2139 |    0000094B  A$lcc2139 |    0000094B  C$main.c$
     0000094D  A$lcc2139 |    0000094E  A$lcc2139 |    00000950  A$lcc2139
     00000951  A$lcc2139 |    00000953  A$lcc2139 |    00000955  A$lcc2139
     00000956  A$lcc2139 |    00000958  A$lcc2139 |    00000959  A$lcc2139
     0000095A  A$lcc2139 |    0000095C  A$lcc2139 |    0000095D  A$lcc2139
     0000095F  A$lcc2139 |    00000961  A$lcc2139 |    00000962  A$lcc2139
     00000964  A$lcc2139 |    00000965  A$lcc2139 |    00000967  A$lcc2139
     0000096A  A$lcc2139 |    0000096B  A$lcc2139 |    0000096D  A$lcc2139
     0000096E  A$lcc2139 |    0000096F  A$lcc2139 |    00000971  A$lcc2139
     00000972  A$lcc2139 |    00000975  A$lcc2139 |    00000975  C$main.c$
     00000978  A$lcc2139 |    0000097B  A$lcc2139 |    0000097B  C$main.c$
     0000097B  C$main.c$ |    0000097C  A$lcc2139 |    0000097E  A$lcc2139
ASxxxx Linker V03.00 + NoICE + sdld,  page 12.
Hexadecimal  [32-Bits]

Area                       Addr        Size        Decimal Bytes (Attributes)
--------------------       ----        ----        ------- ----- ------------
_CODE                  00000200    00001B66 =        7014. bytes (REL,CON)

        Value  Global            Value  Global            Value  Global    
        -----  ------            -----  ------            -----  ------    
     0000097F  A$lcc2139 |    00000981  A$lcc2139 |    00000982  A$lcc2139
     00000984  A$lcc2139 |    00000985  A$lcc2139 |    00000987  A$lcc2139
     00000987  C$main.c$ |    00000989  A$lcc2139 |    0000098A  A$lcc2139
     0000098C  A$lcc2139 |    0000098D  A$lcc2139 |    0000098F  A$lcc2139
     00000991  A$lcc2139 |    00000992  A$lcc2139 |    00000993  A$lcc2139
     00000995  A$lcc2139 |    00000997  A$lcc2139 |    00000998  A$lcc2139
     0000099A  A$lcc2139 |    0000099B  A$lcc2139 |    0000099C  A$lcc2139
     0000099E  A$lcc2139 |    0000099F  A$lcc2139 |    000009A1  A$lcc2139
     000009A3  A$lcc2139 |    000009A5  A$lcc2139 |    000009A7  A$lcc2139
     000009A9  A$lcc2139 |    000009AA  A$lcc2139 |    000009AB  A$lcc2139
     000009AD  A$lcc2139 |    000009AE  A$lcc2139 |    000009B0  A$lcc2139
     000009B0  C$main.c$ |    000009B3  A$lcc2139 |    000009B5  A$lcc2139
     000009B8  A$lcc2139 |    000009B8  C$main.c$ |    000009BB  A$lcc2139
     000009BC  A$lcc2139 |    000009BF  A$lcc2139 |    000009BF  C$main.c$
     000009C2  A$lcc2139 |    000009C5  A$lcc2139 |    000009C5  C$main.c$
     000009C7  A$lcc2139 |    000009C8  A$lcc2139 |    000009CA  A$lcc2139
     000009CB  A$lcc2139 |    000009CD  A$lcc2139 |    000009CF  A$lcc2139
     000009D0  A$lcc2139 |    000009D1  A$lcc2139 |    000009D3  A$lcc2139
     000009D4  A$lcc2139 |    000009D5  A$lcc2139 |    000009D7  A$lcc2139
     000009D8  A$lcc2139 |    000009DA  A$lcc2139 |    000009DB  A$lcc2139
     000009DD  A$lcc2139 |    000009DE  A$lcc2139 |    000009DF  A$lcc2139
     000009E1  A$lcc2139 |    000009E2  A$lcc2139 |    000009E3  A$lcc2139
     000009E5  A$lcc2139 |    000009E6  A$lcc2139 |    000009E8  A$lcc2139
     000009E9  A$lcc2139 |    000009EA  A$lcc2139 |    000009EA  C$main.c$
     000009EB  A$lcc2139 |    000009ED  A$lcc2139 |    000009EE  A$lcc2139
     000009F0  A$lcc2139 |    000009F0  C$main.c$ |    000009F2  A$lcc2139
     000009F4  A$lcc2139 |    000009F6  A$lcc2139 |    000009F8  A$lcc2139
     000009FA  A$lcc2139 |    000009FC  A$lcc2139 |    000009FE  A$lcc2139
     00000A00  A$lcc2139 |    00000A02  A$lcc2139 |    00000A02  C$main.c$
     00000A05  A$lcc2139 |    00000A07  A$lcc2139 |    00000A09  A$lcc2139
     00000A09  C$main.c$ |    00000A0C  A$lcc2139 |    00000A0D  A$lcc2139
     00000A0F  A$lcc2139 |    00000A0F  C$main.c$ |    00000A12  A$lcc2139
     00000A14  A$lcc2139 |    00000A14  C$main.c$ |    00000A15  A$lcc2139
     00000A17  A$lcc2139 |    00000A18  A$lcc2139 |    00000A1A  A$lcc2139
     00000A1A  C$main.c$ |    00000A1C  A$lcc2139 |    00000A1E  A$lcc2139
     00000A20  A$lcc2139 |    00000A22  A$lcc2139 |    00000A24  A$lcc2139
     00000A26  A$lcc2139 |    00000A28  A$lcc2139 |    00000A2A  A$lcc2139
     00000A2C  A$lcc2139 |    00000A2C  C$main.c$ |    00000A2F  A$lcc2139
     00000A31  A$lcc2139 |    00000A33  A$lcc2139 |    00000A33  C$main.c$
     00000A36  A$lcc2139 |    00000A37  A$lcc2139 |    00000A39  A$lcc2139
     00000A39  C$main.c$ |    00000A3C  A$lcc2139 |    00000A3E  A$lcc2139
     00000A3E  C$main.c$ |    00000A3F  A$lcc2139 |    00000A41  A$lcc2139
     00000A42  A$lcc2139 |    00000A44  A$lcc2139 |    00000A44  C$main.c$
     00000A46  A$lcc2139 |    00000A48  A$lcc2139 |    00000A4A  A$lcc2139
     00000A4C  A$lcc2139 |    00000A4E  A$lcc2139 |    00000A50  A$lcc2139
     00000A52  A$lcc2139 |    00000A54  A$lcc2139 |    00000A56  A$lcc2139
     00000A56  C$main.c$ |    00000A59  A$lcc2139 |    00000A5B  A$lcc2139
     00000A5D  A$lcc2139 |    00000A5D  C$main.c$ |    00000A60  A$lcc2139
     00000A61  A$lcc2139 |    00000A63  A$lcc2139 |    00000A63  C$main.c$
     00000A66  A$lcc2139 |    00000A68  A$lcc2139 |    00000A68  C$main.c$
     00000A69  A$lcc2139 |    00000A6B  A$lcc2139 |    00000A6C  A$lcc2139
ASxxxx Linker V03.00 + NoICE + sdld,  page 13.
Hexadecimal  [32-Bits]

Area                       Addr        Size        Decimal Bytes (Attributes)
--------------------       ----        ----        ------- ----- ------------
_CODE                  00000200    00001B66 =        7014. bytes (REL,CON)

        Value  Global            Value  Global            Value  Global    
        -----  ------            -----  ------            -----  ------    
     00000A6E  A$lcc2139 |    00000A6E  C$main.c$ |    00000A71  A$lcc2139
     00000A72  A$lcc2139 |    00000A73  A$lcc2139 |    00000A74  A$lcc2139
     00000A75  A$lcc2139 |    00000A76  A$lcc2139 |    00000A79  A$lcc2139
     00000A7A  A$lcc2139 |    00000A7C  A$lcc2139 |    00000A7C  C$main.c$
     00000A7C  XG$collid |    00000A7D  A$lcc2139 |    00000A7D  C$main.c$
     00000A7D  C$main.c$ |    00000A7D  G$animate |    00000A7D  _animate_
     00000A80  A$lcc2139 |    00000A81  A$lcc2139 |    00000A81  C$main.c$
     00000A84  A$lcc2139 |    00000A85  A$lcc2139 |    00000A85  C$main.c$
     00000A87  A$lcc2139 |    00000A87  C$main.c$ |    00000A8A  A$lcc2139
     00000A8C  A$lcc2139 |    00000A8E  A$lcc2139 |    00000A8E  C$main.c$
     00000A91  A$lcc2139 |    00000A94  A$lcc2139 |    00000A95  A$lcc2139
     00000A96  A$lcc2139 |    00000A97  A$lcc2139 |    00000A99  A$lcc2139
     00000A9A  A$lcc2139 |    00000A9C  A$lcc2139 |    00000A9D  A$lcc2139
     00000A9E  A$lcc2139 |    00000A9E  C$main.c$ |    00000AA0  A$lcc2139
     00000AA1  A$lcc2139 |    00000AA3  A$lcc2139 |    00000AA5  A$lcc2139
     00000AA5  C$main.c$ |    00000AA7  A$lcc2139 |    00000AA8  A$lcc2139
     00000AA9  A$lcc2139 |    00000AAA  A$lcc2139 |    00000AAB  A$lcc2139
     00000AAE  A$lcc2139 |    00000AAF  A$lcc2139 |    00000AB0  A$lcc2139
     00000AB1  A$lcc2139 |    00000AB1  C$main.c$ |    00000AB2  A$lcc2139
     00000AB4  A$lcc2139 |    00000AB5  A$lcc2139 |    00000AB6  A$lcc2139
     00000AB7  A$lcc2139 |    00000AB8  A$lcc2139 |    00000ABB  A$lcc2139
     00000ABC  A$lcc2139 |    00000ABD  A$lcc2139 |    00000ABD  C$main.c$
     00000ABE  A$lcc2139 |    00000AC0  A$lcc2139 |    00000AC2  A$lcc2139
     00000AC4  A$lcc2139 |    00000AC5  A$lcc2139 |    00000AC7  A$lcc2139
     00000AC7  C$main.c$ |    00000AC8  A$lcc2139 |    00000AC9  A$lcc2139
     00000ACB  A$lcc2139 |    00000ACC  A$lcc2139 |    00000ACD  A$lcc2139
     00000ACE  A$lcc2139 |    00000AD1  A$lcc2139 |    00000AD3  A$lcc2139
     00000AD4  A$lcc2139 |    00000AD4  C$main.c$ |    00000AD5  A$lcc2139
     00000AD7  A$lcc2139 |    00000AD9  A$lcc2139 |    00000ADB  A$lcc2139
     00000ADC  A$lcc2139 |    00000ADE  A$lcc2139 |    00000ADE  C$main.c$
     00000ADF  A$lcc2139 |    00000AE1  A$lcc2139 |    00000AE2  A$lcc2139
     00000AE3  A$lcc2139 |    00000AE4  A$lcc2139 |    00000AE7  A$lcc2139
     00000AE9  A$lcc2139 |    00000AE9  C$main.c$ |    00000AEA  A$lcc2139
     00000AEC  A$lcc2139 |    00000AEC  C$main.c$ |    00000AEF  A$lcc2139
     00000AF1  A$lcc2139 |    00000AF3  A$lcc2139 |    00000AF6  A$lcc2139
     00000AF7  A$lcc2139 |    00000AF8  A$lcc2139 |    00000AFA  A$lcc2139
     00000AFA  C$main.c$ |    00000AFC  A$lcc2139 |    00000AFC  C$main.c$
     00000AFF  A$lcc2139 |    00000B00  A$lcc2139 |    00000B01  A$lcc2139
     00000B01  C$main.c$ |    00000B04  A$lcc2139 |    00000B06  A$lcc2139
     00000B07  A$lcc2139 |    00000B07  C$main.c$ |    00000B0A  A$lcc2139
     00000B0B  A$lcc2139 |    00000B0C  A$lcc2139 |    00000B0E  A$lcc2139
     00000B0F  A$lcc2139 |    00000B12  A$lcc2139 |    00000B13  A$lcc2139
     00000B14  A$lcc2139 |    00000B17  A$lcc2139 |    00000B19  A$lcc2139
     00000B1A  A$lcc2139 |    00000B1D  A$lcc2139 |    00000B1E  A$lcc2139
     00000B1F  A$lcc2139 |    00000B1F  C$main.c$ |    00000B20  A$lcc2139
     00000B21  A$lcc2139 |    00000B23  A$lcc2139 |    00000B23  C$main.c$
     00000B26  A$lcc2139 |    00000B27  A$lcc2139 |    00000B28  A$lcc2139
     00000B2A  A$lcc2139 |    00000B2A  C$main.c$ |    00000B2B  A$lcc2139
     00000B2C  A$lcc2139 |    00000B2D  A$lcc2139 |    00000B2E  A$lcc2139
     00000B30  A$lcc2139 |    00000B31  A$lcc2139 |    00000B32  A$lcc2139
     00000B33  A$lcc2139 |    00000B34  A$lcc2139 |    00000B37  A$lcc2139
ASxxxx Linker V03.00 + NoICE + sdld,  page 14.
Hexadecimal  [32-Bits]

Area                       Addr        Size        Decimal Bytes (Attributes)
--------------------       ----        ----        ------- ----- ------------
_CODE                  00000200    00001B66 =        7014. bytes (REL,CON)

        Value  Global            Value  Global            Value  Global    
        -----  ------            -----  ------            -----  ------    
     00000B39  A$lcc2139 |    00000B3A  A$lcc2139 |    00000B3A  C$main.c$
     00000B3B  A$lcc2139 |    00000B3D  A$lcc2139 |    00000B3D  C$main.c$
     00000B40  A$lcc2139 |    00000B41  A$lcc2139 |    00000B42  A$lcc2139
     00000B44  A$lcc2139 |    00000B44  C$main.c$ |    00000B45  A$lcc2139
     00000B46  A$lcc2139 |    00000B47  A$lcc2139 |    00000B48  A$lcc2139
     00000B4A  A$lcc2139 |    00000B4B  A$lcc2139 |    00000B4C  A$lcc2139
     00000B4D  A$lcc2139 |    00000B4E  A$lcc2139 |    00000B51  A$lcc2139
     00000B53  A$lcc2139 |    00000B54  A$lcc2139 |    00000B54  C$main.c$
     00000B55  A$lcc2139 |    00000B57  A$lcc2139 |    00000B57  C$main.c$
     00000B5A  A$lcc2139 |    00000B5C  A$lcc2139 |    00000B5C  C$main.c$
     00000B5F  A$lcc2139 |    00000B61  A$lcc2139 |    00000B62  A$lcc2139
     00000B62  C$main.c$ |    00000B65  A$lcc2139 |    00000B66  A$lcc2139
     00000B67  A$lcc2139 |    00000B69  A$lcc2139 |    00000B69  C$main.c$
     00000B6A  A$lcc2139 |    00000B6B  A$lcc2139 |    00000B6C  A$lcc2139
     00000B6E  A$lcc2139 |    00000B6F  A$lcc2139 |    00000B70  A$lcc2139
     00000B71  A$lcc2139 |    00000B72  A$lcc2139 |    00000B75  A$lcc2139
     00000B77  A$lcc2139 |    00000B78  A$lcc2139 |    00000B78  C$main.c$
     00000B79  A$lcc2139 |    00000B7B  A$lcc2139 |    00000B7B  C$main.c$
     00000B7E  A$lcc2139 |    00000B7F  A$lcc2139 |    00000B80  A$lcc2139
     00000B81  A$lcc2139 |    00000B81  C$main.c$ |    00000B82  A$lcc2139
     00000B83  A$lcc2139 |    00000B84  A$lcc2139 |    00000B86  A$lcc2139
     00000B87  A$lcc2139 |    00000B88  A$lcc2139 |    00000B89  A$lcc2139
     00000B8A  A$lcc2139 |    00000B8D  A$lcc2139 |    00000B8F  A$lcc2139
     00000B90  A$lcc2139 |    00000B90  C$main.c$ |    00000B91  A$lcc2139
     00000B91  C$main.c$ |    00000B91  XG$animat |    00000B93  A$lcc2139
     00000B93  C$main.c$ |    00000B93  C$main.c$ |    00000B93  G$stage_t
     00000B93  _stage_ti |    00000B96  A$lcc2139 |    00000B97  A$lcc2139
     00000B99  A$lcc2139 |    00000B9B  A$lcc2139 |    00000B9C  A$lcc2139
     00000B9D  A$lcc2139 |    00000B9E  A$lcc2139 |    00000BA0  A$lcc2139
     00000BA3  A$lcc2139 |    00000BA5  A$lcc2139 |    00000BA7  A$lcc2139
     00000BA7  C$main.c$ |    00000BAA  A$lcc2139 |    00000BAB  A$lcc2139
     00000BAC  A$lcc2139 |    00000BAD  A$lcc2139 |    00000BAF  A$lcc2139
     00000BB1  A$lcc2139 |    00000BB3  A$lcc2139 |    00000BB5  A$lcc2139
     00000BB7  A$lcc2139 |    00000BB9  A$lcc2139 |    00000BBB  A$lcc2139
     00000BBD  A$lcc2139 |    00000BBF  A$lcc2139 |    00000BC1  A$lcc2139
     00000BC2  A$lcc2139 |    00000BC4  A$lcc2139 |    00000BC5  A$lcc2139
     00000BC5  C$main.c$ |    00000BC6  A$lcc2139 |    00000BC6  C$main.c$
     00000BC8  A$lcc2139 |    00000BC9  A$lcc2139 |    00000BCB  A$lcc2139
     00000BCC  A$lcc2139 |    00000BCD  A$lcc2139 |    00000BCE  A$lcc2139
     00000BCF  A$lcc2139 |    00000BD2  A$lcc2139 |    00000BD3  A$lcc2139
     00000BD3  C$main.c$ |    00000BD4  A$lcc2139 |    00000BD6  A$lcc2139
     00000BD7  A$lcc2139 |    00000BDA  A$lcc2139 |    00000BDB  A$lcc2139
     00000BDC  A$lcc2139 |    00000BDE  A$lcc2139 |    00000BDF  A$lcc2139
     00000BE0  A$lcc2139 |    00000BE2  A$lcc2139 |    00000BE3  A$lcc2139
     00000BE4  A$lcc2139 |    00000BE6  A$lcc2139 |    00000BE6  C$main.c$
     00000BE7  A$lcc2139 |    00000BE9  A$lcc2139 |    00000BEA  A$lcc2139
     00000BEC  A$lcc2139 |    00000BED  A$lcc2139 |    00000BEE  A$lcc2139
     00000BEF  A$lcc2139 |    00000BF2  A$lcc2139 |    00000BF4  A$lcc2139
     00000BF4  C$main.c$ |    00000BF7  A$lcc2139 |    00000BF8  A$lcc2139
     00000BF9  A$lcc2139 |    00000BFA  A$lcc2139 |    00000BFB  A$lcc2139
     00000BFC  A$lcc2139 |    00000BFE  A$lcc2139 |    00000BFF  A$lcc2139
ASxxxx Linker V03.00 + NoICE + sdld,  page 15.
Hexadecimal  [32-Bits]

Area                       Addr        Size        Decimal Bytes (Attributes)
--------------------       ----        ----        ------- ----- ------------
_CODE                  00000200    00001B66 =        7014. bytes (REL,CON)

        Value  Global            Value  Global            Value  Global    
        -----  ------            -----  ------            -----  ------    
     00000C00  A$lcc2139 |    00000C01  A$lcc2139 |    00000C02  A$lcc2139
     00000C03  A$lcc2139 |    00000C04  A$lcc2139 |    00000C06  A$lcc2139
     00000C07  A$lcc2139 |    00000C07  C$main.c$ |    00000C0A  A$lcc2139
     00000C0A  C$main.c$ |    00000C0A  C$main.c$ |    00000C0A  XG$stage_
     00000C0D  A$lcc2139 |    00000C0D  C$main.c$ |    00000C0D  C$main.c$
     00000C0D  G$main$0$ |    00000C0D  _main     |    00000C0F  A$lcc2139
     00000C11  A$lcc2139 |    00000C11  C$main.c$ |    00000C12  A$lcc2139
     00000C14  A$lcc2139 |    00000C14  C$main.c$ |    00000C15  A$lcc2139
     00000C15  C$main.c$ |    00000C18  A$lcc2139 |    00000C19  A$lcc2139
     00000C1C  A$lcc2139 |    00000C1D  A$lcc2139 |    00000C1E  A$lcc2139
     00000C1E  C$main.c$ |    00000C20  A$lcc2139 |    00000C21  A$lcc2139
     00000C22  A$lcc2139 |    00000C25  A$lcc2139 |    00000C26  A$lcc2139
     00000C26  C$main.c$ |    00000C27  A$lcc2139 |    00000C29  A$lcc2139
     00000C29  C$main.c$ |    00000C2B  A$lcc2139 |    00000C2D  A$lcc2139
     00000C2D  C$main.c$ |    00000C2F  A$lcc2139 |    00000C31  A$lcc2139
     00000C33  A$lcc2139 |    00000C33  C$main.c$ |    00000C35  A$lcc2139
     00000C37  A$lcc2139 |    00000C39  A$lcc2139 |    00000C39  C$main.c$
     00000C3B  A$lcc2139 |    00000C3D  A$lcc2139 |    00000C3F  A$lcc2139
     00000C3F  C$main.c$ |    00000C41  A$lcc2139 |    00000C43  A$lcc2139
     00000C45  A$lcc2139 |    00000C45  C$main.c$ |    00000C48  A$lcc2139
     00000C48  C$main.c$ |    00000C48  C$main.c$ |    00000C4B  A$lcc2139
     00000C4E  A$lcc2139 |    00000C4E  C$main.c$ |    00000C51  A$lcc2139
     00000C54  A$lcc2139 |    00000C55  A$lcc2139 |    00000C55  C$main.c$
     00000C58  A$lcc2139 |    00000C59  A$lcc2139 |    00000C5C  A$lcc2139
     00000C5D  A$lcc2139 |    00000C5E  A$lcc2139 |    00000C5F  A$lcc2139
     00000C60  A$lcc2139 |    00000C63  A$lcc2139 |    00000C64  A$lcc2139
     00000C64  C$main.c$ |    00000C67  A$lcc2139 |    00000C68  A$lcc2139
     00000C6B  A$lcc2139 |    00000C6B  C$main.c$ |    00000C6E  A$lcc2139
     00000C71  A$lcc2139 |    00000C72  A$lcc2139 |    00000C73  A$lcc2139
     00000C74  A$lcc2139 |    00000C75  A$lcc2139 |    00000C77  A$lcc2139
     00000C7A  A$lcc2139 |    00000C7C  A$lcc2139 |    00000C7E  A$lcc2139
     00000C7E  C$main.c$ |    00000C7E  C$main.c$ |    00000C81  A$lcc2139
     00000C83  A$lcc2139 |    00000C85  A$lcc2139 |    00000C88  A$lcc2139
     00000C8A  A$lcc2139 |    00000C8C  A$lcc2139 |    00000C8E  A$lcc2139
     00000C8E  C$main.c$ |    00000C8E  C$main.c$ |    00000C90  A$lcc2139
     00000C92  A$lcc2139 |    00000C92  C$main.c$ |    00000C95  A$lcc2139
     00000C97  A$lcc2139 |    00000C97  C$main.c$ |    00000C9A  A$lcc2139
     00000C9C  A$lcc2139 |    00000C9C  C$main.c$ |    00000C9E  A$lcc2139
     00000C9E  C$main.c$ |    00000C9E  C$main.c$ |    00000CA0  A$lcc2139
     00000CA2  A$lcc2139 |    00000CA2  C$main.c$ |    00000CA5  A$lcc2139
     00000CA7  A$lcc2139 |    00000CA7  C$main.c$ |    00000CAA  A$lcc2139
     00000CAC  A$lcc2139 |    00000CAC  C$main.c$ |    00000CAE  A$lcc2139
     00000CAE  C$main.c$ |    00000CAE  C$main.c$ |    00000CB0  A$lcc2139
     00000CB2  A$lcc2139 |    00000CB2  C$main.c$ |    00000CB5  A$lcc2139
     00000CB7  A$lcc2139 |    00000CB7  C$main.c$ |    00000CBA  A$lcc2139
     00000CBC  A$lcc2139 |    00000CBC  C$main.c$ |    00000CBF  A$lcc2139
     00000CC1  A$lcc2139 |    00000CC1  C$main.c$ |    00000CC3  A$lcc2139
     00000CC3  C$main.c$ |    00000CC3  C$main.c$ |    00000CC6  A$lcc2139
     00000CC7  A$lcc2139 |    00000CC8  A$lcc2139 |    00000CC9  A$lcc2139
     00000CCA  A$lcc2139 |    00000CCC  A$lcc2139 |    00000CCE  A$lcc2139
     00000CCF  A$lcc2139 |    00000CD1  A$lcc2139 |    00000CD2  A$lcc2139
ASxxxx Linker V03.00 + NoICE + sdld,  page 16.
Hexadecimal  [32-Bits]

Area                       Addr        Size        Decimal Bytes (Attributes)
--------------------       ----        ----        ------- ----- ------------
_CODE                  00000200    00001B66 =        7014. bytes (REL,CON)

        Value  Global            Value  Global            Value  Global    
        -----  ------            -----  ------            -----  ------    
     00000CD4  A$lcc2139 |    00000CD6  A$lcc2139 |    00000CD8  A$lcc2139
     00000CDA  A$lcc2139 |    00000CDB  A$lcc2139 |    00000CDD  A$lcc2139
     00000CDF  A$lcc2139 |    00000CE1  A$lcc2139 |    00000CE2  A$lcc2139
     00000CE4  A$lcc2139 |    00000CE6  A$lcc2139 |    00000CE8  A$lcc2139
     00000CE8  C$main.c$ |    00000CEB  A$lcc2139 |    00000CED  A$lcc2139
     00000CED  C$main.c$ |    00000CF0  A$lcc2139 |    00000CF2  A$lcc2139
     00000CF2  C$main.c$ |    00000CF5  A$lcc2139 |    00000CF7  A$lcc2139
     00000CF7  C$main.c$ |    00000CF7  C$main.c$ |    00000CFA  A$lcc2139
     00000CFA  C$main.c$ |    00000CFD  A$lcc2139 |    00000CFD  C$main.c$
     00000D00  A$lcc2139 |    00000D00  C$main.c$ |    00000D03  A$lcc2139
     00000D03  C$main.c$ |    00000D06  A$lcc2139 |    00000D08  A$lcc2139
     00000D0A  A$lcc2139 |    00000D0A  C$main.c$ |    00000D0D  A$lcc2139
     00000D0D  C$main.c$ |    00000D10  A$lcc2139 |    00000D12  A$lcc2139
     00000D14  A$lcc2139 |    00000D14  C$main.c$ |    00000D17  A$lcc2139
     00000D18  A$lcc2139 |    00000D1A  A$lcc2139 |    00000D1B  A$lcc2139
     00000D1C  A$lcc2139 |    00000D1F  A$lcc2139 |    00000D21  A$lcc2139
     00000D21  C$main.c$ |    00000D24  A$lcc2139 |    00000D24  C$main.c$
     00000D27  A$lcc2139 |    00000D27  C$main.c$ |    00000D27  XG$main$0
     00000D2A  G$BKG_MAP |    00000D2A  _BKG_MAP  |    0000112A  G$BKG_TIL
     0000112A  _BKG_TILE |    0000141A  G$COLLISI |    0000141A  _COLLISIO
     0000181A  G$RESET_T |    0000181A  _RESET_TI |    00001824  G$WIN_FRO
     00001824  _WIN_FROG |    00001828  _get_vram |    00001835  _get_win_
     0000183D  _get_bkg_ |    00001864  _set_vram |    00001873  _set_win_
     0000187B  _set_bkg_ |    0000194F  ___printf |    00001CE6  _sprintf 
     00001D07  ___move_m |    00001D3F  _get_win_ |    00001D47  _get_bkg_
ASxxxx Linker V03.00 + NoICE + sdld,  page 17.
Hexadecimal  [32-Bits]

Area                       Addr        Size        Decimal Bytes (Attributes)
--------------------       ----        ----        ------- ----- ------------
_HEADER0               00000000    00000001 =           1. bytes (ABS,CON)

        Value  Global            Value  Global            Value  Global    
        -----  ------            -----  ------            -----  ------    
     00000020  .call_hl 
ASxxxx Linker V03.00 + NoICE + sdld,  page 18.
Hexadecimal  [32-Bits]

Area                       Addr        Size        Decimal Bytes (Attributes)
--------------------       ----        ----        ------- ----- ------------
_HEADER1               00000000    00000005 =           5. bytes (ABS,CON)

        Value  Global            Value  Global            Value  Global    
        -----  ------            -----  ------            -----  ------    
     00000028  .MemsetSm
ASxxxx Linker V03.00 + NoICE + sdld,  page 19.
Hexadecimal  [32-Bits]

Area                       Addr        Size        Decimal Bytes (Attributes)
--------------------       ----        ----        ------- ----- ------------
_HEADER2               00000000    00000007 =           7. bytes (ABS,CON)

        Value  Global            Value  Global            Value  Global    
        -----  ------            -----  ------            -----  ------    
     00000030  .MemcpySm
ASxxxx Linker V03.00 + NoICE + sdld,  page 20.
Hexadecimal  [32-Bits]

Area                       Addr        Size        Decimal Bytes (Attributes)
--------------------       ----        ----        ------- ----- ------------
_HEADER3               00000000    00000008 =           8. bytes (ABS,CON)

        Value  Global            Value  Global            Value  Global    
        -----  ------            -----  ------            -----  ------    
ASxxxx Linker V03.00 + NoICE + sdld,  page 21.
Hexadecimal  [32-Bits]

Area                       Addr        Size        Decimal Bytes (Attributes)
--------------------       ----        ----        ------- ----- ------------
_HEADER4               00000000    0000004F =          79. bytes (ABS,CON)

        Value  Global            Value  Global            Value  Global    
        -----  ------            -----  ------            -----  ------    
     00000080  .int      |    0000008F  _wait_int |    0000009C  __standar
     000000AC  _refresh_
ASxxxx Linker V03.00 + NoICE + sdld,  page 22.
Hexadecimal  [32-Bits]

Area                       Addr        Size        Decimal Bytes (Attributes)
--------------------       ----        ----        ------- ----- ------------
_HEADER5               00000000    00000002 =           2. bytes (ABS,CON)

        Value  Global            Value  Global            Value  Global    
        -----  ------            -----  ------            -----  ------    
ASxxxx Linker V03.00 + NoICE + sdld,  page 23.
Hexadecimal  [32-Bits]

Area                       Addr        Size        Decimal Bytes (Attributes)
--------------------       ----        ----        ------- ----- ------------
_HEADER6               00000000    00000030 =          48. bytes (ABS,CON)

        Value  Global            Value  Global            Value  Global    
        -----  ------            -----  ------            -----  ------    
ASxxxx Linker V03.00 + NoICE + sdld,  page 24.
Hexadecimal  [32-Bits]

Area                       Addr        Size        Decimal Bytes (Attributes)
--------------------       ----        ----        ------- ----- ------------
_HEADER7               00000000    00000006 =           6. bytes (ABS,CON)

        Value  Global            Value  Global            Value  Global    
        -----  ------            -----  ------            -----  ------    
ASxxxx Linker V03.00 + NoICE + sdld,  page 25.
Hexadecimal  [32-Bits]

Area                       Addr        Size        Decimal Bytes (Attributes)
--------------------       ----        ----        ------- ----- ------------
_HEADER8               00000000    00000003 =           3. bytes (ABS,CON)

        Value  Global            Value  Global            Value  Global    
        -----  ------            -----  ------            -----  ------    
ASxxxx Linker V03.00 + NoICE + sdld,  page 26.
Hexadecimal  [32-Bits]

Area                       Addr        Size        Decimal Bytes (Attributes)
--------------------       ----        ----        ------- ----- ------------
_HEADER9               00000000    00000001 =           1. bytes (ABS,CON)

        Value  Global            Value  Global            Value  Global    
        -----  ------            -----  ------            -----  ------    
ASxxxx Linker V03.00 + NoICE + sdld,  page 27.
Hexadecimal  [32-Bits]

Area                       Addr        Size        Decimal Bytes (Attributes)
--------------------       ----        ----        ------- ----- ------------
_HEADERa               00000000    00000001 =           1. bytes (ABS,CON)

        Value  Global            Value  Global            Value  Global    
        -----  ------            -----  ------            -----  ------    
ASxxxx Linker V03.00 + NoICE + sdld,  page 28.
Hexadecimal  [32-Bits]

Area                       Addr        Size        Decimal Bytes (Attributes)
--------------------       ----        ----        ------- ----- ------------
_HEADERb               00000000    00000001 =           1. bytes (ABS,CON)

        Value  Global            Value  Global            Value  Global    
        -----  ------            -----  ------            -----  ------    
ASxxxx Linker V03.00 + NoICE + sdld,  page 29.
Hexadecimal  [32-Bits]

Area                       Addr        Size        Decimal Bytes (Attributes)
--------------------       ----        ----        ------- ----- ------------
_HEADERc               00000000    00000002 =           2. bytes (ABS,CON)

        Value  Global            Value  Global            Value  Global    
        -----  ------            -----  ------            -----  ------    
ASxxxx Linker V03.00 + NoICE + sdld,  page 30.
Hexadecimal  [32-Bits]

Area                       Addr        Size        Decimal Bytes (Attributes)
--------------------       ----        ----        ------- ----- ------------
_HEADERd               00000000    00000001 =           1. bytes (ABS,CON)

        Value  Global            Value  Global            Value  Global    
        -----  ------            -----  ------            -----  ------    
ASxxxx Linker V03.00 + NoICE + sdld,  page 31.
Hexadecimal  [32-Bits]

Area                       Addr        Size        Decimal Bytes (Attributes)
--------------------       ----        ----        ------- ----- ------------
_HEADERe               00000000    00000001 =           1. bytes (ABS,CON)

        Value  Global            Value  Global            Value  Global    
        -----  ------            -----  ------            -----  ------    
ASxxxx Linker V03.00 + NoICE + sdld,  page 32.
Hexadecimal  [32-Bits]

Area                       Addr        Size        Decimal Bytes (Attributes)
--------------------       ----        ----        ------- ----- ------------
_HEADERf               00000000    00000002 =           2. bytes (ABS,CON)

        Value  Global            Value  Global            Value  Global    
        -----  ------            -----  ------            -----  ------    
ASxxxx Linker V03.00 + NoICE + sdld,  page 33.
Hexadecimal  [32-Bits]

Area                       Addr        Size        Decimal Bytes (Attributes)
--------------------       ----        ----        ------- ----- ------------
_HEADER10              00000000    00000082 =         130. bytes (ABS,CON)

        Value  Global            Value  Global            Value  Global    
        -----  ------            -----  ------            -----  ------    
     00000150  .reset    |    00000150  _reset    |    00000157  .code_sta
     000001B7  _exit     |    000001BB  _set_inte
ASxxxx Linker V03.00 + NoICE + sdld,  page 34.
Hexadecimal  [32-Bits]

Area                       Addr        Size        Decimal Bytes (Attributes)
--------------------       ----        ----        ------- ----- ------------
_HEADER11              00000000    00000001 =           1. bytes (ABS,CON)

        Value  Global            Value  Global            Value  Global    
        -----  ------            -----  ------            -----  ------    
ASxxxx Linker V03.00 + NoICE + sdld,  page 35.
Hexadecimal  [32-Bits]

Area                       Addr        Size        Decimal Bytes (Attributes)
--------------------       ----        ----        ------- ----- ------------
_HOME                  00001D66    0000039A =         922. bytes (REL,CON)

        Value  Global            Value  Global            Value  Global    
        -----  ------            -----  ------            -----  ------    
     00001D66  .memset_s |    00001D6F  .memcpy_s |    00001D8C  .remove_V
     00001D8F  .remove_i |    00001DAC  .add_VBL  |    00001DAF  .add_int 
     00001DBA  .wait_vbl |    00001DBA  _wait_vbl |    00001DCA  .display_
     00001DCA  _display_ |    00001DE2  _remove_V |    00001DED  _add_VBL 
     00001DF8  _set_tile |    00001DFD  _set_bkg_ |    00001DFD  _set_win_
     00001E05  _set_spri |    00001E35  .padup    |    00001E35  _waitpadu
     00001E45  .jpad     |    00001E45  _joypad   |    00001E6D  _waitpad 
     00001E70  .wait_pad |    00001E77  ___sdcc_c |    00001EA7  _add_LCD 
     00001EB2  .add_LCD  |    00001EB8  _remove_L |    00001EC3  .remove_L
     00001EC9  __divsuch |    00001ED6  __modsuch |    00001EE0  __divusch
     00001EF2  __modusch |    00001F02  __divscha |    00001F0E  __modscha
     00001F18  __divsint |    00001F29  __modsint |    00001F38  __divucha
     00001F44  __moducha |    00001F4E  __divuint |    00001F5F  __moduint
     00001F6E  .div8     |    00001F6E  .mod8     |    00001F76  .div16   
     00001F76  .mod16    |    00001FAC  .divu8    |    00001FAC  .modu8   
     00001FAF  .divu16   |    00001FAF  .modu16   |    00001FF0  _set_bkg_
     00002004  _uitoa    |    00002013  _itoa     |    00002022  .itoa    
     00002036  .utoa     |    000020AA  .set_xy_w |    000020B3  .set_xy_b
     000020C2  .set_xy_t
ASxxxx Linker V03.00 + NoICE + sdld,  page 36.
Hexadecimal  [32-Bits]

Area                       Addr        Size        Decimal Bytes (Attributes)
--------------------       ----        ----        ------- ----- ------------
_CODE_0                00002100    00000440 =        1088. bytes (REL,CON)

        Value  Global            Value  Global            Value  Global    
        -----  ------            -----  ------            -----  ------    
     00002100  G$FONT$0_ |    00002100  _FONT    
ASxxxx Linker V03.00 + NoICE + sdld,  page 37.
Hexadecimal  [32-Bits]

Area                       Addr        Size        Decimal Bytes (Attributes)
--------------------       ----        ----        ------- ----- ------------
_INITIALIZER           00002540    00000037 =          55. bytes (REL,CON)

        Value  Global            Value  Global            Value  Global    
        -----  ------            -----  ------            -----  ------    
     00002540  Fmain$__x |    00002564  Fmain$__x |    00002567  Fmain$__x
     0000256B  Fmain$__x |    0000256F  Fmain$__x
ASxxxx Linker V03.00 + NoICE + sdld,  page 38.
Hexadecimal  [32-Bits]

Area                       Addr        Size        Decimal Bytes (Attributes)
--------------------       ----        ----        ------- ----- ------------
_GSINIT                00002577    0000000C =          12. bytes (REL,CON)

        Value  Global            Value  Global            Value  Global    
        -----  ------            -----  ------            -----  ------    
     00002577  gsinit   
ASxxxx Linker V03.00 + NoICE + sdld,  page 39.
Hexadecimal  [32-Bits]

Area                       Addr        Size        Decimal Bytes (Attributes)
--------------------       ----        ----        ------- ----- ------------
_GSFINAL               00002583    00000001 =           1. bytes (REL,CON)

        Value  Global            Value  Global            Value  Global    
        -----  ------            -----  ------            -----  ------    
ASxxxx Linker V03.00 + NoICE + sdld,  page 40.
Hexadecimal  [32-Bits]

Area                       Addr        Size        Decimal Bytes (Attributes)
--------------------       ----        ----        ------- ----- ------------
_DATA                  0000C0A0    00000053 =          83. bytes (REL,CON)

        Value  Global            Value  Global            Value  Global    
        -----  ------            -----  ------            -----  ------    
     0000C0A0  __cpu     |    0000C0A1  __is_GBA  |    0000C0A2  .mode    
     0000C0A3  .sys_time |    0000C0A3  _sys_time |    0000C0A5  .int_0x40
     0000C0B9  G$scroll$ |    0000C0B9  _scroll   |    0000C0C3  G$PLAYER$
     0000C0C3  _PLAYER   |    0000C0C9  G$joy$0_0 |    0000C0C9  _joy     
     0000C0CA  G$last_jo |    0000C0CA  _last_joy |    0000C0CB  G$is_movi
     0000C0CB  _is_movin |    0000C0CC  G$turtles |    0000C0CC  _turtles_
     0000C0CD  G$move_x$ |    0000C0CD  _move_x   |    0000C0CE  G$move_y$
     0000C0CE  _move_y   |    0000C0CF  G$scx_cou |    0000C0CF  _scx_coun
     0000C0D0  G$turtle_ |    0000C0D0  _turtle_c |    0000C0D1  G$dive_co
     0000C0D1  _dive_cou |    0000C0D2  G$timer$0 |    0000C0D2  _timer   
     0000C0D4  G$turtle_ |    0000C0D4  _turtle_t |    0000C0D5  G$dive_ti
     0000C0D5  _dive_til |    0000C0D6  G$y_min$0 |    0000C0D6  _y_min   
     0000C0D7  G$vram_ad |    0000C0D7  _vram_add |    0000C0D9  G$score$0
     0000C0D9  _score    |    0000C0DB  G$text_bu |    0000C0DB  _text_buf
     0000C0E0  ___curren |    0000C0E2  ___curren |    0000C0E3  .int_0x48
ASxxxx Linker V03.00 + NoICE + sdld,  page 41.
Hexadecimal  [32-Bits]

Area                       Addr        Size        Decimal Bytes (Attributes)
--------------------       ----        ----        ------- ----- ------------
_INITIALIZED           0000C0F3    00000037 =          55. bytes (REL,CON)

        Value  Global            Value  Global            Value  Global    
        -----  ------            -----  ------            -----  ------    
     0000C0F3  G$scroll_ |    0000C0F3  _scroll_r |    0000C117  G$turtle_
     0000C117  _turtle_d |    0000C11A  G$turtle_ |    0000C11A  _turtle_d
     0000C11E  G$turtle_ |    0000C11E  _turtle_t |    0000C122  G$dive_ti
     0000C122  _dive_til |    0000C129  ___render
ASxxxx Linker V03.00 + NoICE + sdld,  page 42.
Hexadecimal  [32-Bits]

Area                       Addr        Size        Decimal Bytes (Attributes)
--------------------       ----        ----        ------- ----- ------------
_HRAM12                00000000    00000003 =           3. bytes (ABS,CON)

        Value  Global            Value  Global            Value  Global    
        -----  ------            -----  ------            -----  ------    
     0000FF90  __current |    0000FF92  __shadow_
ASxxxx Linker V03.00 + NoICE + sdld,  page 43.
Hexadecimal  [32-Bits]

Area                       Addr        Size        Decimal Bytes (Attributes)
--------------------       ----        ----        ------- ----- ------------
_CODE_1                00014000    000000AC =         172. bytes (REL,CON)

        Value  Global            Value  Global            Value  Global    
        -----  ------            -----  ------            -----  ------    
     00014000  C$frogger |    00014000  G$__func_ |    00014000  G$frogger
     00014000  ___func_f |    00014000  _frogger_ |    00014008  G$frogger
     00014008  _frogger_ |    00014048  G$frogger |    00014048  _frogger_
     00014054  G$frogger |    00014054  _frogger_ |    00014056  C$frogger
     00014056  G$__func_ |    00014056  G$frogger |    00014056  ___func_f
     00014056  _frogger_ |    0001405E  G$frogger |    0001405E  _frogger_
     0001409E  G$frogger |    0001409E  _frogger_ |    000140AA  G$frogger
     000140AA  _frogger_
ASxxxx Linker V03.00 + NoICE + sdld,  page 44.
Hexadecimal  [32-Bits]

Area                       Addr        Size        Decimal Bytes (Attributes)
--------------------       ----        ----        ------- ----- ------------
_HEADER_LCD0           00000000    00000003 =           3. bytes (ABS,CON)

        Value  Global            Value  Global            Value  Global    
        -----  ------            -----  ------            -----  ------    
ASxxxx Linker V03.00 + NoICE + sdld,  page 45.

Files Linked                              [ module(s) ]

C:\c_code\gbdk\lib/small/asxxxx/gb/crt0.o
                                          [ Runtime ]
C:\Users\User\AppData\Local\Temp/lcc213960.rel
                                          [ main ]
C:\Users\User\AppData\Local\Temp/lcc213961.rel
                                          [ bkg_map ]
C:\Users\User\AppData\Local\Temp/lcc213962.rel
                                          [ bkg_tiles ]
C:\Users\User\AppData\Local\Temp/lcc213963.rel
                                          [ collision_map ]
C:\Users\User\AppData\Local\Temp/lcc213964.rel
                                          [ font ]
C:\Users\User\AppData\Local\Temp/lcc213965.rel
                                          [ frogger ]
C:\Users\User\AppData\Local\Temp/lcc213966.rel
                                          [ frogger_16 ]
C:\Users\User\AppData\Local\Temp/lcc213967.rel
                                          [ reset_timer ]
C:\Users\User\AppData\Local\Temp/lcc213968.rel
                                          [ win_frog ]


Libraries Linked                          [ object file ]

C:\c_code\gbdk\lib/small/asxxxx/gb/gb.lib
                                          [ sfr.o ]
C:\c_code\gbdk\lib/small/asxxxx/gb/gb.lib
                                          [ get_tile.o ]
C:\c_code\gbdk\lib/small/asxxxx/gb/gb.lib
                                          [ set_tile.o ]
C:\c_code\gbdk\lib/small/asxxxx/gb/gb.lib
                                          [ set_data.o ]
C:\c_code\gbdk\lib/small/asxxxx/gbz80/gbz80.lib
                                          [ sprintf.o ]
C:\c_code\gbdk\lib/small/asxxxx/gb/gb.lib
                                          [ pad.o ]
C:\c_code\gbdk\lib/small/asxxxx/gb/gb.lib
                                          [ metasprites.o ]
C:\c_code\gbdk\lib/small/asxxxx/gbz80/gbz80.lib
                                          [ __sdcc_call_hl.o ]
C:\c_code\gbdk\lib/small/asxxxx/gb/gb.lib
                                          [ lcd.o ]
C:\c_code\gbdk\lib/small/asxxxx/gb/gb.lib
                                          [ get_addr.o ]
C:\c_code\gbdk\lib/small/asxxxx/gbz80/gbz80.lib
                                          [ div.o ]
C:\c_code\gbdk\lib/small/asxxxx/gb/gb.lib
                                          [ set_bk_t.o ]
C:\c_code\gbdk\lib/small/asxxxx/gbz80/gbz80.lib
                                          [ itoa.o ]
C:\c_code\gbdk\lib/small/asxxxx/gb/gb.lib
                                          [ set_xy_t.o ]

ASxxxx Linker V03.00 + NoICE + sdld,  page 46.

User Base Address Definitions

_DATA=0xC0A0
_CODE=0x0200
ASxxxx Linker V03.00 + NoICE + sdld,  page 47.

User Global Definitions

_shadow_OAM=0xC000
.STACK=0xE000
.refresh_OAM=0xFF80

