ASxxxx Linker V03.00 + NoICE + sdld,  page 1.
Hexadecimal  [32-Bits]

Area                       Addr        Size        Decimal Bytes (Attributes)
--------------------       ----        ----        ------- ----- ------------
.  .ABS.               00000000    00000000 =           0. bytes (ABS,CON)

        Value  Global            Value  Global            Value  Global    
        -----  ------            -----  ------            -----  ------    
     00000000  .__.ABS.  |    00000000  _rRAMG    |    00000000  l__BASE  
     00000000  l__BSS    |    00000000  l__CABS   |    00000000  l__DABS  
     00000000  l__HEADER |    00000000  l__HEADER |    00000000  l__HEAP  
     00000000  l__HEAP_E |    00000000  l__HRAM   |    00000000  l__LIT   
     00000000  s__CABS   |    00000000  s__DABS   |    00000000  s__HEADER
     00000000  s__HEADER |    00000000  s__HEADER |    00000000  s__HEADER
     00000000  s__HEADER |    00000000  s__HEADER |    00000000  s__HEADER
     00000000  s__HEADER |    00000000  s__HEADER |    00000000  s__HEADER
     00000000  s__HEADER |    00000000  s__HEADER |    00000000  s__HEADER
     00000000  s__HEADER |    00000000  s__HEADER |    00000000  s__HEADER
     00000000  s__HEADER |    00000000  s__HEADER |    00000000  s__HEADER
     00000000  s__HEADER |    00000000  s__HEADER |    00000000  s__HRAM  
     00000000  s__HRAM12 |    00000001  ___bank_f |    00000001  ___bank_f
     00000001  ___bank_f |    00000001  ___bank_l |    00000001  l__GSFINA
     00000001  l__HEADER |    00000001  l__HEADER |    00000001  l__HEADER
     00000001  l__HEADER |    00000001  l__HEADER |    00000001  l__HEADER
     00000001  l__HEADER |    00000002  l__HEADER |    00000002  l__HEADER
     00000002  l__HEADER |    00000003  l__HEADER |    00000003  l__HEADER
     00000003  l__HRAM12 |    00000005  l__HEADER |    00000006  l__HEADER
     00000007  l__HEADER |    00000008  l__HEADER |    0000000C  l__GSINIT
     00000030  l__HEADER |    0000004C  l__HEADER |    00000074  l__INITIA
     00000074  l__INITIA |    00000084  l__HEADER |    000000EC  l__DATA  
     00000200  s__CODE   |    000003BC  l__HOME   |    00000440  l__CODE_0
     00002000  _rROMB0   |    0000224E  l__CODE_1 |    000025B8  l__CODE  
     000027B8  s__HOME   |    00002B74  s__BASE   |    00002B74  s__CODE_0
     00002FB4  s__INITIA |    00002FB4  s__LIT    |    00003000  _rROMB1  
     00003028  s__GSINIT |    00003034  s__GSFINA |    00004000  _rRAMB   
     00008000  __VRAM    |    00008000  __VRAM800 |    00008800  __VRAM880
     00009000  __VRAM900 |    00009800  __SCRN0   |    00009C00  __SCRN1  
     0000A000  __SRAM    |    0000C000  __RAM     |    0000C000  _shadow_O
     0000C0A0  s__DATA   |    0000C18C  s__BSS    |    0000C18C  s__INITIA
     0000C200  s__HEAP   |    0000C200  s__HEAP_E |    0000D000  __RAMBANK
     0000E000  .STACK    |    0000FE00  __OAMRAM  |    0000FF00  _P1_REG  
     0000FF00  __IO      |    0000FF01  _SB_REG   |    0000FF02  _SC_REG  
     0000FF04  _DIV_REG  |    0000FF05  _TIMA_REG |    0000FF06  _TMA_REG 
     0000FF07  _TAC_REG  |    0000FF0F  _IF_REG   |    0000FF10  _NR10_REG
     0000FF11  _NR11_REG |    0000FF12  _NR12_REG |    0000FF13  _NR13_REG
     0000FF14  _NR14_REG |    0000FF16  _NR21_REG |    0000FF17  _NR22_REG
     0000FF18  _NR23_REG |    0000FF19  _NR24_REG |    0000FF1A  _NR30_REG
     0000FF1B  _NR31_REG |    0000FF1C  _NR32_REG |    0000FF1D  _NR33_REG
     0000FF1E  _NR34_REG |    0000FF20  _NR41_REG |    0000FF21  _NR42_REG
     0000FF22  _NR43_REG |    0000FF23  _NR44_REG |    0000FF24  _NR50_REG
     0000FF25  _NR51_REG |    0000FF26  _NR52_REG |    0000FF30  _AUD3WAVE
     0000FF30  _PCM_SAMP |    0000FF30  __AUD3WAV |    0000FF40  _LCDC_REG
     0000FF41  _STAT_REG |    0000FF42  _SCY_REG  |    0000FF43  _SCX_REG 
     0000FF44  _LY_REG   |    0000FF45  _LYC_REG  |    0000FF46  _DMA_REG 
     0000FF47  _BGP_REG  |    0000FF48  _OBP0_REG |    0000FF49  _OBP1_REG
     0000FF4A  _WY_REG   |    0000FF4B  _WX_REG   |    0000FF4D  _KEY1_REG
     0000FF4F  _VBK_REG  |    0000FF51  _HDMA1_RE |    0000FF52  _HDMA2_RE
     0000FF53  _HDMA3_RE |    0000FF54  _HDMA4_RE |    0000FF55  _HDMA5_RE
ASxxxx Linker V03.00 + NoICE + sdld,  page 2.
Hexadecimal  [32-Bits]

Area                       Addr        Size        Decimal Bytes (Attributes)
--------------------       ----        ----        ------- ----- ------------
.  .ABS.               00000000    00000000 =           0. bytes (ABS,CON)

        Value  Global            Value  Global            Value  Global    
        -----  ------            -----  ------            -----  ------    
     0000FF56  _RP_REG   |    0000FF68  _BCPS_REG |    0000FF69  _BCPD_REG
     0000FF6A  _OCPS_REG |    0000FF6B  _OCPD_REG |    0000FF70  _SVBK_REG
     0000FF76  _PCM12_RE |    0000FF77  _PCM34_RE |    0000FF80  .refresh_
     0000FF80  __HRAM    |    0000FFFF  _IE_REG   |    00014000  s__CODE_1
ASxxxx Linker V03.00 + NoICE + sdld,  page 3.
Hexadecimal  [32-Bits]

Area                       Addr        Size        Decimal Bytes (Attributes)
--------------------       ----        ----        ------- ----- ------------
_CODE                  00000200    000025B8 =        9656. bytes (REL,CON)

        Value  Global            Value  Global            Value  Global    
        -----  ------            -----  ------            -----  ------    
     00000200  A$lcc4844 |    00000200  C$main.c$ |    00000200  G$overlap
     00000200  _overlap  |    00000201  A$lcc4844 |    00000201  C$main.c$
     00000203  A$lcc4844 |    00000204  A$lcc4844 |    00000205  A$lcc4844
     00000207  A$lcc4844 |    00000208  A$lcc4844 |    00000209  A$lcc4844
     0000020A  A$lcc4844 |    0000020C  A$lcc4844 |    0000020E  A$lcc4844
     0000020F  A$lcc4844 |    00000211  A$lcc4844 |    00000212  A$lcc4844
     00000214  A$lcc4844 |    00000216  A$lcc4844 |    00000217  A$lcc4844
     00000219  A$lcc4844 |    0000021A  A$lcc4844 |    0000021C  A$lcc4844
     0000021E  A$lcc4844 |    0000021F  A$lcc4844 |    00000221  A$lcc4844
     00000222  A$lcc4844 |    00000224  A$lcc4844 |    00000226  A$lcc4844
     00000227  A$lcc4844 |    00000229  A$lcc4844 |    0000022A  A$lcc4844
     0000022C  A$lcc4844 |    0000022E  A$lcc4844 |    0000022F  A$lcc4844
     00000231  A$lcc4844 |    00000232  A$lcc4844 |    00000234  A$lcc4844
     00000236  A$lcc4844 |    00000237  A$lcc4844 |    00000239  A$lcc4844
     0000023A  A$lcc4844 |    0000023C  A$lcc4844 |    0000023C  C$main.c$
     0000023D  A$lcc4844 |    00000240  A$lcc4844 |    00000240  C$main.c$
     00000242  A$lcc4844 |    00000243  A$lcc4844 |    00000244  A$lcc4844
     00000246  A$lcc4844 |    00000247  A$lcc4844 |    00000248  A$lcc4844
     00000249  A$lcc4844 |    0000024A  A$lcc4844 |    0000024B  A$lcc4844
     0000024C  A$lcc4844 |    0000024D  A$lcc4844 |    0000024E  A$lcc4844
     0000024F  A$lcc4844 |    00000251  A$lcc4844 |    00000253  A$lcc4844
     00000255  A$lcc4844 |    00000257  A$lcc4844 |    00000258  A$lcc4844
     0000025A  A$lcc4844 |    0000025C  A$lcc4844 |    0000025E  A$lcc4844
     0000025F  A$lcc4844 |    00000261  A$lcc4844 |    00000263  A$lcc4844
     00000264  A$lcc4844 |    00000265  A$lcc4844 |    00000266  A$lcc4844
     00000267  A$lcc4844 |    00000268  A$lcc4844 |    00000269  A$lcc4844
     0000026A  A$lcc4844 |    0000026C  A$lcc4844 |    0000026E  A$lcc4844
     00000270  A$lcc4844 |    00000272  A$lcc4844 |    00000273  A$lcc4844
     00000275  A$lcc4844 |    00000277  A$lcc4844 |    00000279  A$lcc4844
     0000027A  A$lcc4844 |    0000027C  A$lcc4844 |    0000027C  C$main.c$
     0000027D  A$lcc4844 |    0000027F  A$lcc4844 |    0000027F  C$main.c$
     00000281  A$lcc4844 |    00000282  A$lcc4844 |    00000283  A$lcc4844
     00000285  A$lcc4844 |    00000286  A$lcc4844 |    00000287  A$lcc4844
     00000288  A$lcc4844 |    00000289  A$lcc4844 |    0000028A  A$lcc4844
     0000028B  A$lcc4844 |    0000028C  A$lcc4844 |    0000028D  A$lcc4844
     0000028E  A$lcc4844 |    00000290  A$lcc4844 |    00000292  A$lcc4844
     00000294  A$lcc4844 |    00000296  A$lcc4844 |    00000297  A$lcc4844
     00000299  A$lcc4844 |    0000029B  A$lcc4844 |    0000029D  A$lcc4844
     0000029E  A$lcc4844 |    000002A0  A$lcc4844 |    000002A2  A$lcc4844
     000002A3  A$lcc4844 |    000002A4  A$lcc4844 |    000002A6  A$lcc4844
     000002A7  A$lcc4844 |    000002A8  A$lcc4844 |    000002A9  A$lcc4844
     000002AA  A$lcc4844 |    000002AB  A$lcc4844 |    000002AC  A$lcc4844
     000002AD  A$lcc4844 |    000002AE  A$lcc4844 |    000002AF  A$lcc4844
     000002B1  A$lcc4844 |    000002B3  A$lcc4844 |    000002B5  A$lcc4844
     000002B7  A$lcc4844 |    000002B8  A$lcc4844 |    000002BA  A$lcc4844
     000002BC  A$lcc4844 |    000002BE  A$lcc4844 |    000002BF  A$lcc4844
     000002C1  A$lcc4844 |    000002C1  C$main.c$ |    000002C2  A$lcc4844
     000002C4  A$lcc4844 |    000002C4  C$main.c$ |    000002C6  A$lcc4844
     000002C6  C$main.c$ |    000002C7  A$lcc4844 |    000002C8  A$lcc4844
     000002C9  A$lcc4844 |    000002CB  A$lcc4844 |    000002CC  A$lcc4844
ASxxxx Linker V03.00 + NoICE + sdld,  page 4.
Hexadecimal  [32-Bits]

Area                       Addr        Size        Decimal Bytes (Attributes)
--------------------       ----        ----        ------- ----- ------------
_CODE                  00000200    000025B8 =        9656. bytes (REL,CON)

        Value  Global            Value  Global            Value  Global    
        -----  ------            -----  ------            -----  ------    
     000002CC  C$main.c$ |    000002CC  C$main.c$ |    000002CC  G$remove_
     000002CC  _remove_f |    000002CF  A$lcc4844 |    000002D1  A$lcc4844
     000002D4  A$lcc4844 |    000002D5  A$lcc4844 |    000002D6  A$lcc4844
     000002D7  A$lcc4844 |    000002DA  A$lcc4844 |    000002DB  A$lcc4844
     000002DC  A$lcc4844 |    000002DD  A$lcc4844 |    000002DF  A$lcc4844
     000002E0  A$lcc4844 |    000002E1  A$lcc4844 |    000002E4  A$lcc4844
     000002E5  A$lcc4844 |    000002E5  C$main.c$ |    000002E6  A$lcc4844
     000002E9  A$lcc4844 |    000002EA  A$lcc4844 |    000002EB  A$lcc4844
     000002EB  C$main.c$ |    000002EC  A$lcc4844 |    000002EF  A$lcc4844
     000002F0  A$lcc4844 |    000002F1  A$lcc4844 |    000002F1  C$main.c$
     000002F1  XG$remove |    000002F2  A$lcc4844 |    000002F2  C$main.c$
     000002F2  C$main.c$ |    000002F2  G$kill_fr |    000002F2  _kill_fro
     000002F5  A$lcc4844 |    000002F7  A$lcc4844 |    000002F7  C$main.c$
     000002FA  A$lcc4844 |    000002FC  A$lcc4844 |    000002FC  C$main.c$
     000002FF  A$lcc4844 |    00000301  A$lcc4844 |    00000301  C$main.c$
     00000304  A$lcc4844 |    00000305  A$lcc4844 |    00000306  A$lcc4844
     00000307  A$lcc4844 |    00000307  C$main.c$ |    00000308  A$lcc4844
     00000309  A$lcc4844 |    00000309  C$main.c$ |    00000309  XG$kill_f
     0000030A  A$lcc4844 |    0000030A  C$main.c$ |    0000030A  G$render_
     0000030A  _render_a |    0000030B  A$lcc4844 |    0000030B  C$main.c$
     0000030E  A$lcc4844 |    0000030F  A$lcc4844 |    0000030F  C$main.c$
     00000312  A$lcc4844 |    00000313  A$lcc4844 |    00000315  A$lcc4844
     00000316  A$lcc4844 |    00000317  A$lcc4844 |    00000318  A$lcc4844
     00000319  A$lcc4844 |    0000031A  A$lcc4844 |    0000031C  A$lcc4844
     0000031F  A$lcc4844 |    00000320  A$lcc4844 |    00000320  C$main.c$
     00000320  C$main.c$ |    00000321  A$lcc4844 |    00000322  A$lcc4844
     00000324  A$lcc4844 |    00000327  A$lcc4844 |    00000329  A$lcc4844
     0000032A  A$lcc4844 |    0000032D  A$lcc4844 |    0000032F  A$lcc4844
     00000330  A$lcc4844 |    00000333  A$lcc4844 |    00000334  A$lcc4844
     00000335  A$lcc4844 |    00000336  A$lcc4844 |    00000339  A$lcc4844
     0000033A  A$lcc4844 |    0000033B  A$lcc4844 |    0000033C  A$lcc4844
     0000033F  A$lcc4844 |    00000341  A$lcc4844 |    00000343  A$lcc4844
     00000345  A$lcc4844 |    00000347  A$lcc4844 |    0000034A  A$lcc4844
     0000034C  A$lcc4844 |    0000034F  A$lcc4844 |    00000350  A$lcc4844
     00000351  A$lcc4844 |    00000352  A$lcc4844 |    00000353  A$lcc4844
     00000355  A$lcc4844 |    00000356  A$lcc4844 |    00000358  A$lcc4844
     00000359  A$lcc4844 |    0000035C  A$lcc4844 |    0000035E  A$lcc4844
     0000035E  C$main.c$ |    00000360  A$lcc4844 |    00000360  C$main.c$
     00000361  A$lcc4844 |    00000362  A$lcc4844 |    00000364  A$lcc4844
     00000367  A$lcc4844 |    00000368  A$lcc4844 |    0000036B  A$lcc4844
     0000036C  A$lcc4844 |    0000036F  A$lcc4844 |    00000370  A$lcc4844
     00000371  A$lcc4844 |    00000372  A$lcc4844 |    00000373  A$lcc4844
     00000376  A$lcc4844 |    00000377  A$lcc4844 |    00000378  A$lcc4844
     00000379  A$lcc4844 |    0000037C  A$lcc4844 |    0000037E  A$lcc4844
     0000037F  A$lcc4844 |    00000380  A$lcc4844 |    00000381  A$lcc4844
     00000382  A$lcc4844 |    00000383  A$lcc4844 |    00000384  A$lcc4844
     00000385  A$lcc4844 |    00000386  A$lcc4844 |    00000389  A$lcc4844
     0000038B  A$lcc4844 |    0000038B  C$main.c$ |    0000038B  C$main.c$
     0000038E  A$lcc4844 |    00000390  A$lcc4844 |    00000390  C$main.c$
     00000393  A$lcc4844 |    00000395  A$lcc4844 |    00000396  A$lcc4844
     00000396  C$main.c$ |    00000396  XG$render |    00000397  A$lcc4844
ASxxxx Linker V03.00 + NoICE + sdld,  page 5.
Hexadecimal  [32-Bits]

Area                       Addr        Size        Decimal Bytes (Attributes)
--------------------       ----        ----        ------- ----- ------------
_CODE                  00000200    000025B8 =        9656. bytes (REL,CON)

        Value  Global            Value  Global            Value  Global    
        -----  ------            -----  ------            -----  ------    
     00000397  C$main.c$ |    00000397  C$main.c$ |    00000397  G$update_
     00000397  _update_l |    0000039A  A$lcc4844 |    0000039B  A$lcc4844
     0000039E  A$lcc4844 |    0000039F  A$lcc4844 |    000003A2  A$lcc4844
     000003A3  A$lcc4844 |    000003A4  A$lcc4844 |    000003A5  A$lcc4844
     000003A5  C$main.c$ |    000003A8  A$lcc4844 |    000003A9  A$lcc4844
     000003AC  A$lcc4844 |    000003AD  A$lcc4844 |    000003B0  A$lcc4844
     000003B1  A$lcc4844 |    000003B4  A$lcc4844 |    000003B6  A$lcc4844
     000003B6  C$main.c$ |    000003B9  A$lcc4844 |    000003BA  A$lcc4844
     000003BB  A$lcc4844 |    000003BD  A$lcc4844 |    000003BD  C$main.c$
     000003BF  A$lcc4844 |    000003C0  A$lcc4844 |    000003C1  A$lcc4844
     000003C4  A$lcc4844 |    000003C5  A$lcc4844 |    000003C6  A$lcc4844
     000003C7  A$lcc4844 |    000003C8  A$lcc4844 |    000003CB  A$lcc4844
     000003CD  A$lcc4844 |    000003CD  C$main.c$ |    000003D0  A$lcc4844
     000003D1  A$lcc4844 |    000003D3  A$lcc4844 |    000003D4  A$lcc4844
     000003D5  A$lcc4844 |    000003D5  C$main.c$ |    000003D6  A$lcc4844
     000003D8  A$lcc4844 |    000003D8  C$main.c$ |    000003DB  A$lcc4844
     000003DC  A$lcc4844 |    000003DF  A$lcc4844 |    000003E0  A$lcc4844
     000003E3  A$lcc4844 |    000003E4  A$lcc4844 |    000003E5  A$lcc4844
     000003E6  A$lcc4844 |    000003E6  C$main.c$ |    000003E9  A$lcc4844
     000003EB  A$lcc4844 |    000003EC  A$lcc4844 |    000003ED  A$lcc4844
     000003F0  A$lcc4844 |    000003F1  A$lcc4844 |    000003F2  A$lcc4844
     000003F3  A$lcc4844 |    000003F4  A$lcc4844 |    000003F7  A$lcc4844
     000003F9  A$lcc4844 |    000003F9  C$main.c$ |    000003F9  XG$update
     000003FA  Fmain$__s |    000003FD  A$lcc4844 |    000003FD  C$main.c$
     000003FD  C$main.c$ |    000003FD  G$update_ |    000003FD  _update_p
     00000400  A$lcc4844 |    00000401  A$lcc4844 |    00000404  A$lcc4844
     00000405  A$lcc4844 |    00000408  A$lcc4844 |    00000409  A$lcc4844
     0000040A  A$lcc4844 |    0000040B  A$lcc4844 |    0000040B  C$main.c$
     0000040E  A$lcc4844 |    0000040F  A$lcc4844 |    00000410  A$lcc4844
     00000411  A$lcc4844 |    00000411  C$main.c$ |    00000413  A$lcc4844
     00000414  A$lcc4844 |    00000415  A$lcc4844 |    00000418  A$lcc4844
     00000419  A$lcc4844 |    0000041A  A$lcc4844 |    0000041B  A$lcc4844
     0000041C  A$lcc4844 |    0000041F  A$lcc4844 |    00000421  A$lcc4844
     00000421  C$main.c$ |    00000424  A$lcc4844 |    00000425  A$lcc4844
     00000427  A$lcc4844 |    00000428  A$lcc4844 |    00000429  A$lcc4844
     00000429  C$main.c$ |    0000042A  A$lcc4844 |    0000042A  C$main.c$
     0000042A  XG$update |    0000042C  A$lcc4844 |    0000042C  C$main.c$
     0000042C  C$main.c$ |    0000042C  G$update_ |    0000042C  _update_s
     0000042F  A$lcc4844 |    00000430  A$lcc4844 |    00000432  A$lcc4844
     00000433  A$lcc4844 |    00000435  A$lcc4844 |    00000437  A$lcc4844
     00000438  A$lcc4844 |    00000439  A$lcc4844 |    0000043A  A$lcc4844
     0000043C  A$lcc4844 |    0000043C  C$main.c$ |    0000043F  A$lcc4844
     00000440  A$lcc4844 |    00000443  A$lcc4844 |    00000444  A$lcc4844
     00000447  A$lcc4844 |    00000448  A$lcc4844 |    00000449  A$lcc4844
     0000044A  A$lcc4844 |    0000044C  A$lcc4844 |    0000044C  C$main.c$
     0000044F  A$lcc4844 |    00000450  A$lcc4844 |    00000452  A$lcc4844
     00000453  A$lcc4844 |    00000455  A$lcc4844 |    00000457  A$lcc4844
     00000458  A$lcc4844 |    0000045A  A$lcc4844 |    0000045C  A$lcc4844
     0000045D  A$lcc4844 |    0000045F  A$lcc4844 |    0000045F  C$main.c$
     00000462  A$lcc4844 |    00000463  A$lcc4844 |    00000466  A$lcc4844
     00000467  A$lcc4844 |    0000046A  A$lcc4844 |    0000046B  A$lcc4844
ASxxxx Linker V03.00 + NoICE + sdld,  page 6.
Hexadecimal  [32-Bits]

Area                       Addr        Size        Decimal Bytes (Attributes)
--------------------       ----        ----        ------- ----- ------------
_CODE                  00000200    000025B8 =        9656. bytes (REL,CON)

        Value  Global            Value  Global            Value  Global    
        -----  ------            -----  ------            -----  ------    
     0000046C  A$lcc4844 |    0000046D  A$lcc4844 |    0000046F  A$lcc4844
     0000046F  C$main.c$ |    00000471  A$lcc4844 |    00000473  A$lcc4844
     00000476  A$lcc4844 |    00000477  A$lcc4844 |    00000479  A$lcc4844
     0000047A  A$lcc4844 |    0000047C  A$lcc4844 |    0000047E  A$lcc4844
     0000047E  C$main.c$ |    00000481  A$lcc4844 |    00000482  A$lcc4844
     00000485  A$lcc4844 |    00000486  A$lcc4844 |    00000489  A$lcc4844
     0000048A  A$lcc4844 |    0000048B  A$lcc4844 |    0000048C  A$lcc4844
     0000048E  A$lcc4844 |    0000048E  C$main.c$ |    00000491  A$lcc4844
     00000493  A$lcc4844 |    00000494  A$lcc4844 |    00000495  A$lcc4844
     00000497  A$lcc4844 |    00000498  A$lcc4844 |    0000049A  A$lcc4844
     0000049A  C$main.c$ |    0000049D  A$lcc4844 |    0000049E  A$lcc4844
     000004A1  A$lcc4844 |    000004A2  A$lcc4844 |    000004A5  A$lcc4844
     000004A6  A$lcc4844 |    000004A7  A$lcc4844 |    000004A8  A$lcc4844
     000004A8  C$main.c$ |    000004AB  A$lcc4844 |    000004AC  A$lcc4844
     000004AD  A$lcc4844 |    000004AE  A$lcc4844 |    000004AF  A$lcc4844
     000004B2  A$lcc4844 |    000004B3  A$lcc4844 |    000004B6  A$lcc4844
     000004B7  A$lcc4844 |    000004BA  A$lcc4844 |    000004BC  A$lcc4844
     000004BC  C$main.c$ |    000004BF  A$lcc4844 |    000004C0  A$lcc4844
     000004C1  A$lcc4844 |    000004C2  A$lcc4844 |    000004C2  C$main.c$
     000004C4  A$lcc4844 |    000004C5  A$lcc4844 |    000004C6  A$lcc4844
     000004C9  A$lcc4844 |    000004CA  A$lcc4844 |    000004CB  A$lcc4844
     000004CC  A$lcc4844 |    000004CD  A$lcc4844 |    000004D0  A$lcc4844
     000004D2  A$lcc4844 |    000004D2  C$main.c$ |    000004D5  A$lcc4844
     000004D6  A$lcc4844 |    000004D8  A$lcc4844 |    000004D9  A$lcc4844
     000004DA  A$lcc4844 |    000004DA  C$main.c$ |    000004DB  A$lcc4844
     000004DB  C$main.c$ |    000004DB  XG$update |    000004DD  Fmain$__s
     000004E0  A$lcc4844 |    000004E0  C$main.c$ |    000004E0  C$main.c$
     000004E0  G$update_ |    000004E0  _update_f |    000004E3  A$lcc4844
     000004E4  A$lcc4844 |    000004E6  A$lcc4844 |    000004E7  A$lcc4844
     000004E8  A$lcc4844 |    000004EA  A$lcc4844 |    000004EA  C$main.c$
     000004ED  A$lcc4844 |    000004EE  A$lcc4844 |    000004EF  A$lcc4844
     000004F0  A$lcc4844 |    000004F3  A$lcc4844 |    000004F5  A$lcc4844
     000004F5  C$main.c$ |    000004F6  A$lcc4844 |    000004F6  C$main.c$
     000004F7  A$lcc4844 |    000004F9  A$lcc4844 |    000004F9  C$main.c$
     000004FA  A$lcc4844 |    000004FB  A$lcc4844 |    000004FD  A$lcc4844
     000004FE  A$lcc4844 |    00000501  A$lcc4844 |    00000502  A$lcc4844
     00000503  A$lcc4844 |    00000506  A$lcc4844 |    00000508  A$lcc4844
     00000508  C$main.c$ |    00000508  XG$update |    00000509  A$lcc4844
     00000509  C$main.c$ |    00000509  G$update_ |    00000509  _update_f
     0000050A  A$lcc4844 |    0000050D  A$lcc4844 |    0000050F  A$lcc4844
     00000510  A$lcc4844 |    00000510  C$main.c$ |    00000513  A$lcc4844
     00000513  C$main.c$ |    00000515  A$lcc4844 |    00000516  A$lcc4844
     00000517  A$lcc4844 |    00000519  A$lcc4844 |    0000051B  A$lcc4844
     0000051C  A$lcc4844 |    0000051D  A$lcc4844 |    0000051F  A$lcc4844
     00000521  A$lcc4844 |    00000522  A$lcc4844 |    00000524  A$lcc4844
     00000527  A$lcc4844 |    00000529  A$lcc4844 |    0000052A  A$lcc4844
     0000052C  A$lcc4844 |    0000052E  A$lcc4844 |    00000531  A$lcc4844
     00000531  C$main.c$ |    00000532  A$lcc4844 |    00000533  A$lcc4844
     00000536  A$lcc4844 |    00000537  A$lcc4844 |    0000053A  A$lcc4844
     0000053B  A$lcc4844 |    0000053C  A$lcc4844 |    0000053D  A$lcc4844
     00000540  A$lcc4844 |    00000541  A$lcc4844 |    00000542  A$lcc4844
ASxxxx Linker V03.00 + NoICE + sdld,  page 7.
Hexadecimal  [32-Bits]

Area                       Addr        Size        Decimal Bytes (Attributes)
--------------------       ----        ----        ------- ----- ------------
_CODE                  00000200    000025B8 =        9656. bytes (REL,CON)

        Value  Global            Value  Global            Value  Global    
        -----  ------            -----  ------            -----  ------    
     00000543  A$lcc4844 |    00000546  A$lcc4844 |    00000548  A$lcc4844
     00000549  A$lcc4844 |    0000054A  A$lcc4844 |    0000054B  A$lcc4844
     0000054D  A$lcc4844 |    0000054E  A$lcc4844 |    00000551  A$lcc4844
     00000553  A$lcc4844 |    00000553  C$main.c$ |    00000556  A$lcc4844
     00000556  C$main.c$ |    00000557  A$lcc4844 |    00000559  A$lcc4844
     0000055A  A$lcc4844 |    0000055D  A$lcc4844 |    0000055F  A$lcc4844
     00000560  A$lcc4844 |    00000563  A$lcc4844 |    00000564  A$lcc4844
     00000565  A$lcc4844 |    00000566  A$lcc4844 |    00000569  A$lcc4844
     0000056A  A$lcc4844 |    0000056B  A$lcc4844 |    0000056C  A$lcc4844
     0000056F  A$lcc4844 |    00000571  A$lcc4844 |    00000573  A$lcc4844
     00000575  A$lcc4844 |    00000577  A$lcc4844 |    0000057A  A$lcc4844
     0000057C  A$lcc4844 |    0000057F  A$lcc4844 |    00000580  A$lcc4844
     00000581  A$lcc4844 |    00000582  A$lcc4844 |    00000583  A$lcc4844
     00000585  A$lcc4844 |    00000586  A$lcc4844 |    00000588  A$lcc4844
     00000589  A$lcc4844 |    0000058C  A$lcc4844 |    0000058E  A$lcc4844
     0000058E  C$main.c$ |    00000590  A$lcc4844 |    00000590  C$main.c$
     00000591  A$lcc4844 |    00000592  A$lcc4844 |    00000595  A$lcc4844
     00000596  A$lcc4844 |    00000599  A$lcc4844 |    0000059A  A$lcc4844
     0000059B  A$lcc4844 |    0000059C  A$lcc4844 |    0000059F  A$lcc4844
     000005A0  A$lcc4844 |    000005A1  A$lcc4844 |    000005A2  A$lcc4844
     000005A5  A$lcc4844 |    000005A7  A$lcc4844 |    000005A8  A$lcc4844
     000005A9  A$lcc4844 |    000005AA  A$lcc4844 |    000005AC  A$lcc4844
     000005AD  A$lcc4844 |    000005B0  A$lcc4844 |    000005B2  A$lcc4844
     000005B2  C$main.c$ |    000005B4  A$lcc4844 |    000005B4  C$main.c$
     000005B5  A$lcc4844 |    000005B6  A$lcc4844 |    000005B9  A$lcc4844
     000005BB  A$lcc4844 |    000005BC  A$lcc4844 |    000005BF  A$lcc4844
     000005C0  A$lcc4844 |    000005C1  A$lcc4844 |    000005C2  A$lcc4844
     000005C5  A$lcc4844 |    000005C6  A$lcc4844 |    000005C7  A$lcc4844
     000005C8  A$lcc4844 |    000005CB  A$lcc4844 |    000005CD  A$lcc4844
     000005CE  A$lcc4844 |    000005D0  A$lcc4844 |    000005D1  A$lcc4844
     000005D2  A$lcc4844 |    000005D3  A$lcc4844 |    000005D5  A$lcc4844
     000005D6  A$lcc4844 |    000005D9  A$lcc4844 |    000005DB  A$lcc4844
     000005DB  C$main.c$ |    000005DC  A$lcc4844 |    000005DC  C$main.c$
     000005DC  XG$update |    000005DD  A$lcc4844 |    000005DD  C$main.c$
     000005DD  C$main.c$ |    000005DD  G$reset_f |    000005DD  _reset_fr
     000005E0  A$lcc4844 |    000005E0  C$main.c$ |    000005E3  A$lcc4844
     000005E5  A$lcc4844 |    000005E5  C$main.c$ |    000005E8  A$lcc4844
     000005EA  A$lcc4844 |    000005ED  A$lcc4844 |    000005EF  A$lcc4844
     000005EF  C$main.c$ |    000005F2  A$lcc4844 |    000005F4  A$lcc4844
     000005F5  A$lcc4844 |    000005F7  A$lcc4844 |    000005F7  C$main.c$
     000005FA  A$lcc4844 |    000005FB  A$lcc4844 |    000005FC  A$lcc4844
     000005FE  A$lcc4844 |    000005FF  A$lcc4844 |    00000601  A$lcc4844
     00000601  C$main.c$ |    00000602  A$lcc4844 |    00000605  A$lcc4844
     00000605  C$main.c$ |    00000608  A$lcc4844 |    0000060A  A$lcc4844
     0000060A  C$main.c$ |    0000060D  A$lcc4844 |    0000060F  A$lcc4844
     00000610  A$lcc4844 |    00000611  A$lcc4844 |    00000614  A$lcc4844
     00000615  A$lcc4844 |    00000618  A$lcc4844 |    00000619  A$lcc4844
     0000061A  A$lcc4844 |    0000061B  A$lcc4844 |    0000061C  A$lcc4844
     0000061F  A$lcc4844 |    00000620  A$lcc4844 |    00000621  A$lcc4844
     00000622  A$lcc4844 |    00000625  A$lcc4844 |    00000627  A$lcc4844
     00000628  A$lcc4844 |    00000629  A$lcc4844 |    0000062A  A$lcc4844
ASxxxx Linker V03.00 + NoICE + sdld,  page 8.
Hexadecimal  [32-Bits]

Area                       Addr        Size        Decimal Bytes (Attributes)
--------------------       ----        ----        ------- ----- ------------
_CODE                  00000200    000025B8 =        9656. bytes (REL,CON)

        Value  Global            Value  Global            Value  Global    
        -----  ------            -----  ------            -----  ------    
     0000062B  A$lcc4844 |    0000062C  A$lcc4844 |    0000062D  A$lcc4844
     0000062E  A$lcc4844 |    0000062F  A$lcc4844 |    00000632  A$lcc4844
     00000634  A$lcc4844 |    00000634  C$main.c$ |    00000634  C$main.c$
     00000634  XG$reset_ |    00000635  A$lcc4844 |    00000635  C$main.c$
     00000635  C$main.c$ |    00000635  G$reset_t |    00000635  _reset_ti
     00000638  A$lcc4844 |    0000063A  A$lcc4844 |    0000063B  A$lcc4844
     0000063D  A$lcc4844 |    0000063D  C$main.c$ |    00000640  A$lcc4844
     00000642  A$lcc4844 |    00000642  C$main.c$ |    00000645  A$lcc4844
     00000646  A$lcc4844 |    00000649  A$lcc4844 |    0000064A  A$lcc4844
     0000064D  A$lcc4844 |    0000064E  A$lcc4844 |    00000651  A$lcc4844
     00000653  A$lcc4844 |    00000653  C$main.c$ |    00000653  XG$reset_
     00000654  A$lcc4844 |    00000654  C$main.c$ |    00000654  C$main.c$
     00000654  G$frog_de |    00000654  _frog_dea |    00000657  A$lcc4844
     00000658  A$lcc4844 |    00000659  A$lcc4844 |    0000065B  A$lcc4844
     0000065B  C$main.c$ |    0000065C  A$lcc4844 |    0000065D  A$lcc4844
     0000065F  A$lcc4844 |    0000065F  C$main.c$ |    00000662  A$lcc4844
     00000664  A$lcc4844 |    00000664  C$main.c$ |    00000665  A$lcc4844
     00000665  C$main.c$ |    00000668  A$lcc4844 |    00000668  C$main.c$
     00000668  C$main.c$ |    00000668  XG$frog_d |    0000066B  A$lcc4844
     0000066B  C$main.c$ |    0000066B  C$main.c$ |    0000066B  G$init_le
     0000066B  _init_lev |    0000066E  A$lcc4844 |    0000066F  A$lcc4844
     00000672  A$lcc4844 |    00000673  A$lcc4844 |    00000676  A$lcc4844
     00000678  A$lcc4844 |    00000678  C$main.c$ |    0000067B  A$lcc4844
     0000067C  A$lcc4844 |    0000067F  A$lcc4844 |    00000680  A$lcc4844
     00000683  A$lcc4844 |    00000685  A$lcc4844 |    00000685  C$main.c$
     00000688  A$lcc4844 |    00000689  A$lcc4844 |    0000068C  A$lcc4844
     0000068D  A$lcc4844 |    00000690  A$lcc4844 |    00000692  A$lcc4844
     00000692  C$main.c$ |    00000695  A$lcc4844 |    00000696  A$lcc4844
     00000699  A$lcc4844 |    0000069A  A$lcc4844 |    0000069D  A$lcc4844
     0000069F  A$lcc4844 |    0000069F  C$main.c$ |    000006A2  A$lcc4844
     000006A3  A$lcc4844 |    000006A6  A$lcc4844 |    000006A7  A$lcc4844
     000006AA  A$lcc4844 |    000006AC  A$lcc4844 |    000006AC  C$main.c$
     000006AF  A$lcc4844 |    000006B0  A$lcc4844 |    000006B3  A$lcc4844
     000006B4  A$lcc4844 |    000006B7  A$lcc4844 |    000006B9  A$lcc4844
     000006B9  C$main.c$ |    000006BC  A$lcc4844 |    000006BD  A$lcc4844
     000006C0  A$lcc4844 |    000006C1  A$lcc4844 |    000006C2  A$lcc4844
     000006C3  A$lcc4844 |    000006C4  A$lcc4844 |    000006C7  A$lcc4844
     000006C9  A$lcc4844 |    000006C9  C$main.c$ |    000006CC  A$lcc4844
     000006CD  A$lcc4844 |    000006CF  A$lcc4844 |    000006D0  A$lcc4844
     000006D1  A$lcc4844 |    000006D4  A$lcc4844 |    000006D6  A$lcc4844
     000006D6  C$main.c$ |    000006D9  A$lcc4844 |    000006DB  A$lcc4844
     000006DB  C$main.c$ |    000006DE  A$lcc4844 |    000006E0  A$lcc4844
     000006E0  C$main.c$ |    000006E3  A$lcc4844 |    000006E5  A$lcc4844
     000006E6  A$lcc4844 |    000006E8  A$lcc4844 |    000006E8  C$main.c$
     000006EB  A$lcc4844 |    000006ED  A$lcc4844 |    000006EE  A$lcc4844
     000006F0  A$lcc4844 |    000006F0  C$main.c$ |    000006F3  A$lcc4844
     000006F5  A$lcc4844 |    000006F5  C$main.c$ |    000006F6  A$lcc4844
     000006F9  A$lcc4844 |    000006FA  A$lcc4844 |    000006FB  A$lcc4844
     000006FB  C$main.c$ |    000006FE  A$lcc4844 |    000006FE  C$main.c$
     00000701  A$lcc4844 |    00000703  A$lcc4844 |    00000703  C$main.c$
     00000706  A$lcc4844 |    00000706  C$main.c$ |    00000709  A$lcc4844
ASxxxx Linker V03.00 + NoICE + sdld,  page 9.
Hexadecimal  [32-Bits]

Area                       Addr        Size        Decimal Bytes (Attributes)
--------------------       ----        ----        ------- ----- ------------
_CODE                  00000200    000025B8 =        9656. bytes (REL,CON)

        Value  Global            Value  Global            Value  Global    
        -----  ------            -----  ------            -----  ------    
     00000709  C$main.c$ |    0000070C  A$lcc4844 |    0000070C  C$main.c$
     0000070F  A$lcc4844 |    0000070F  C$main.c$ |    00000712  A$lcc4844
     00000712  C$main.c$ |    00000714  A$lcc4844 |    00000715  A$lcc4844
     00000717  A$lcc4844 |    00000719  A$lcc4844 |    00000719  C$main.c$
     0000071C  A$lcc4844 |    0000071E  A$lcc4844 |    0000071F  A$lcc4844
     00000721  A$lcc4844 |    00000721  C$main.c$ |    00000722  A$lcc4844
     00000724  A$lcc4844 |    00000724  C$main.c$ |    00000727  A$lcc4844
     00000729  A$lcc4844 |    0000072A  A$lcc4844 |    0000072C  A$lcc4844
     0000072C  C$main.c$ |    0000072F  A$lcc4844 |    00000731  A$lcc4844
     00000732  A$lcc4844 |    00000733  A$lcc4844 |    00000734  A$lcc4844
     00000734  C$main.c$ |    00000734  XG$init_l |    00000735  A$lcc4844
     00000735  C$main.c$ |    00000735  G$move_fr |    00000735  _move_fro
     00000736  A$lcc4844 |    00000737  A$lcc4844 |    00000737  C$main.c$
     0000073A  A$lcc4844 |    0000073B  A$lcc4844 |    0000073E  A$lcc4844
     0000073E  C$main.c$ |    00000741  A$lcc4844 |    00000742  A$lcc4844
     00000744  A$lcc4844 |    00000745  A$lcc4844 |    00000746  A$lcc4844
     00000747  A$lcc4844 |    00000748  A$lcc4844 |    0000074B  A$lcc4844
     0000074D  A$lcc4844 |    0000074F  A$lcc4844 |    00000752  A$lcc4844
     00000754  A$lcc4844 |    00000757  A$lcc4844 |    00000758  A$lcc4844
     00000759  A$lcc4844 |    0000075A  A$lcc4844 |    0000075B  A$lcc4844
     0000075C  A$lcc4844 |    0000075F  A$lcc4844 |    00000760  A$lcc4844
     00000761  A$lcc4844 |    00000762  A$lcc4844 |    00000765  A$lcc4844
     00000766  A$lcc4844 |    00000769  A$lcc4844 |    0000076A  A$lcc4844
     0000076D  A$lcc4844 |    0000076E  A$lcc4844 |    0000076F  A$lcc4844
     00000771  A$lcc4844 |    00000773  A$lcc4844 |    00000775  A$lcc4844
     00000775  C$main.c$ |    00000776  A$lcc4844 |    00000778  A$lcc4844
     0000077A  A$lcc4844 |    0000077B  A$lcc4844 |    0000077D  A$lcc4844
     0000077E  A$lcc4844 |    00000781  A$lcc4844 |    00000783  A$lcc4844
     00000784  A$lcc4844 |    00000787  A$lcc4844 |    00000788  A$lcc4844
     00000789  A$lcc4844 |    0000078A  A$lcc4844 |    0000078D  A$lcc4844
     0000078E  A$lcc4844 |    0000078F  A$lcc4844 |    00000792  A$lcc4844
     00000794  A$lcc4844 |    00000796  A$lcc4844 |    00000797  A$lcc4844
     00000798  A$lcc4844 |    00000799  A$lcc4844 |    0000079A  A$lcc4844
     0000079C  A$lcc4844 |    0000079D  A$lcc4844 |    000007A0  A$lcc4844
     000007A2  A$lcc4844 |    000007A2  C$main.c$ |    000007A5  A$lcc4844
     000007A5  C$main.c$ |    000007A6  A$lcc4844 |    000007A8  A$lcc4844
     000007AB  A$lcc4844 |    000007AC  A$lcc4844 |    000007AE  A$lcc4844
     000007AF  A$lcc4844 |    000007B2  A$lcc4844 |    000007B4  A$lcc4844
     000007B5  A$lcc4844 |    000007B8  A$lcc4844 |    000007B9  A$lcc4844
     000007BA  A$lcc4844 |    000007BB  A$lcc4844 |    000007BE  A$lcc4844
     000007BF  A$lcc4844 |    000007C0  A$lcc4844 |    000007C3  A$lcc4844
     000007C5  A$lcc4844 |    000007C7  A$lcc4844 |    000007C8  A$lcc4844
     000007CA  A$lcc4844 |    000007CB  A$lcc4844 |    000007CC  A$lcc4844
     000007CD  A$lcc4844 |    000007CE  A$lcc4844 |    000007D0  A$lcc4844
     000007D1  A$lcc4844 |    000007D4  A$lcc4844 |    000007D6  A$lcc4844
     000007D6  C$main.c$ |    000007D9  A$lcc4844 |    000007D9  C$main.c$
     000007DC  A$lcc4844 |    000007DD  A$lcc4844 |    000007E0  A$lcc4844
     000007E0  C$main.c$ |    000007E3  A$lcc4844 |    000007E4  A$lcc4844
     000007E5  A$lcc4844 |    000007E6  A$lcc4844 |    000007E9  A$lcc4844
     000007EB  A$lcc4844 |    000007ED  A$lcc4844 |    000007F0  A$lcc4844
     000007F2  A$lcc4844 |    000007F5  A$lcc4844 |    000007F6  A$lcc4844
ASxxxx Linker V03.00 + NoICE + sdld,  page 10.
Hexadecimal  [32-Bits]

Area                       Addr        Size        Decimal Bytes (Attributes)
--------------------       ----        ----        ------- ----- ------------
_CODE                  00000200    000025B8 =        9656. bytes (REL,CON)

        Value  Global            Value  Global            Value  Global    
        -----  ------            -----  ------            -----  ------    
     000007F7  A$lcc4844 |    000007F8  A$lcc4844 |    000007FB  A$lcc4844
     000007FC  A$lcc4844 |    000007FD  A$lcc4844 |    000007FE  A$lcc4844
     00000801  A$lcc4844 |    00000802  A$lcc4844 |    00000805  A$lcc4844
     00000806  A$lcc4844 |    00000808  A$lcc4844 |    00000808  C$main.c$
     00000808  C$main.c$ |    00000809  A$lcc4844 |    0000080A  A$lcc4844
     0000080B  A$lcc4844 |    0000080B  C$main.c$ |    0000080C  A$lcc4844
     0000080D  A$lcc4844 |    0000080F  A$lcc4844 |    00000812  A$lcc4844
     00000814  A$lcc4844 |    00000815  A$lcc4844 |    00000818  A$lcc4844
     0000081A  A$lcc4844 |    0000081B  A$lcc4844 |    0000081E  A$lcc4844
     0000081F  A$lcc4844 |    00000820  A$lcc4844 |    00000821  A$lcc4844
     00000822  A$lcc4844 |    00000825  A$lcc4844 |    00000826  A$lcc4844
     00000827  A$lcc4844 |    00000828  A$lcc4844 |    0000082B  A$lcc4844
     0000082D  A$lcc4844 |    0000082F  A$lcc4844 |    00000830  A$lcc4844
     00000831  A$lcc4844 |    00000832  A$lcc4844 |    00000833  A$lcc4844
     00000835  A$lcc4844 |    00000836  A$lcc4844 |    00000839  A$lcc4844
     0000083B  A$lcc4844 |    0000083B  C$main.c$ |    0000083D  A$lcc4844
     0000083D  C$main.c$ |    0000083E  A$lcc4844 |    00000840  A$lcc4844
     00000843  A$lcc4844 |    00000845  A$lcc4844 |    00000847  A$lcc4844
     00000848  A$lcc4844 |    0000084B  A$lcc4844 |    0000084D  A$lcc4844
     0000084E  A$lcc4844 |    00000851  A$lcc4844 |    00000852  A$lcc4844
     00000853  A$lcc4844 |    00000854  A$lcc4844 |    00000855  A$lcc4844
     00000858  A$lcc4844 |    00000859  A$lcc4844 |    0000085A  A$lcc4844
     0000085B  A$lcc4844 |    0000085E  A$lcc4844 |    00000860  A$lcc4844
     00000862  A$lcc4844 |    00000864  A$lcc4844 |    00000866  A$lcc4844
     00000869  A$lcc4844 |    0000086B  A$lcc4844 |    0000086E  A$lcc4844
     00000870  A$lcc4844 |    00000871  A$lcc4844 |    00000872  A$lcc4844
     00000873  A$lcc4844 |    00000874  A$lcc4844 |    00000875  A$lcc4844
     00000877  A$lcc4844 |    00000878  A$lcc4844 |    0000087B  A$lcc4844
     0000087D  A$lcc4844 |    0000087D  C$main.c$ |    0000087E  A$lcc4844
     0000087F  A$lcc4844 |    0000087F  C$main.c$ |    0000087F  XG$move_f
     00000880  A$lcc4844 |    00000880  C$main.c$ |    00000880  C$main.c$
     00000880  G$animate |    00000880  XG$animat |    00000880  _animate_
     00000881  A$lcc4844 |    00000881  C$main.c$ |    00000881  C$main.c$
     00000881  G$update_ |    00000881  _update_m |    00000884  A$lcc4844
     00000885  A$lcc4844 |    00000887  A$lcc4844 |    00000887  C$main.c$
     0000088A  A$lcc4844 |    0000088A  C$main.c$ |    0000088D  A$lcc4844
     0000088F  A$lcc4844 |    00000891  A$lcc4844 |    00000894  A$lcc4844
     00000896  A$lcc4844 |    00000899  A$lcc4844 |    0000089A  A$lcc4844
     0000089D  A$lcc4844 |    0000089E  A$lcc4844 |    0000089F  A$lcc4844
     000008A0  A$lcc4844 |    000008A0  C$main.c$ |    000008A3  A$lcc4844
     000008A4  A$lcc4844 |    000008A6  A$lcc4844 |    000008A6  C$main.c$
     000008A9  A$lcc4844 |    000008A9  C$main.c$ |    000008AC  A$lcc4844
     000008AE  A$lcc4844 |    000008B0  A$lcc4844 |    000008B3  A$lcc4844
     000008B5  A$lcc4844 |    000008B8  A$lcc4844 |    000008B9  A$lcc4844
     000008BC  A$lcc4844 |    000008BD  A$lcc4844 |    000008BE  A$lcc4844
     000008BF  A$lcc4844 |    000008BF  C$main.c$ |    000008C2  A$lcc4844
     000008C3  A$lcc4844 |    000008C5  A$lcc4844 |    000008C8  A$lcc4844
     000008C9  A$lcc4844 |    000008CA  A$lcc4844 |    000008CA  C$main.c$
     000008CD  A$lcc4844 |    000008CF  A$lcc4844 |    000008CF  C$main.c$
     000008D2  A$lcc4844 |    000008D3  A$lcc4844 |    000008D4  A$lcc4844
     000008D5  A$lcc4844 |    000008D8  A$lcc4844 |    000008D9  A$lcc4844
ASxxxx Linker V03.00 + NoICE + sdld,  page 11.
Hexadecimal  [32-Bits]

Area                       Addr        Size        Decimal Bytes (Attributes)
--------------------       ----        ----        ------- ----- ------------
_CODE                  00000200    000025B8 =        9656. bytes (REL,CON)

        Value  Global            Value  Global            Value  Global    
        -----  ------            -----  ------            -----  ------    
     000008DB  A$lcc4844 |    000008DC  A$lcc4844 |    000008DD  A$lcc4844
     000008DE  A$lcc4844 |    000008DF  A$lcc4844 |    000008E0  A$lcc4844
     000008E1  A$lcc4844 |    000008E3  A$lcc4844 |    000008E5  A$lcc4844
     000008E7  A$lcc4844 |    000008E9  A$lcc4844 |    000008EA  A$lcc4844
     000008EC  A$lcc4844 |    000008EE  A$lcc4844 |    000008F0  A$lcc4844
     000008F1  A$lcc4844 |    000008F2  A$lcc4844 |    000008F2  C$main.c$
     000008F5  A$lcc4844 |    000008F6  A$lcc4844 |    000008F8  A$lcc4844
     000008F9  A$lcc4844 |    000008FA  A$lcc4844 |    000008FC  A$lcc4844
     000008FD  A$lcc4844 |    000008FD  C$main.c$ |    00000900  A$lcc4844
     00000900  C$main.c$ |    00000903  A$lcc4844 |    00000906  A$lcc4844
     00000906  C$main.c$ |    00000906  XG$update |    00000907  A$lcc4844
     00000907  C$main.c$ |    00000907  C$main.c$ |    00000907  G$paralla
     00000907  _parallax |    0000090A  A$lcc4844 |    0000090B  A$lcc4844
     0000090C  A$lcc4844 |    0000090D  A$lcc4844 |    0000090D  C$main.c$
     0000090E  A$lcc4844 |    00000910  A$lcc4844 |    00000911  A$lcc4844
     00000911  C$main.c$ |    00000912  A$lcc4844 |    00000914  A$lcc4844
     00000915  A$lcc4844 |    00000915  C$main.c$ |    00000917  A$lcc4844
     00000918  A$lcc4844 |    0000091A  A$lcc4844 |    0000091C  A$lcc4844
     0000091D  A$lcc4844 |    0000091F  A$lcc4844 |    00000922  A$lcc4844
     00000925  A$lcc4844 |    00000926  A$lcc4844 |    00000927  A$lcc4844
     00000928  A$lcc4844 |    00000928  C$main.c$ |    00000928  XG$parall
     00000929  A$lcc4844 |    00000929  C$main.c$ |    00000929  G$update_
     00000929  _update_p |    0000092C  A$lcc4844 |    0000092D  A$lcc4844
     0000092D  C$main.c$ |    0000092E  A$lcc4844 |    0000092E  C$main.c$
     00000931  A$lcc4844 |    00000933  A$lcc4844 |    00000935  A$lcc4844
     00000936  A$lcc4844 |    00000937  A$lcc4844 |    00000939  A$lcc4844
     00000939  C$main.c$ |    0000093A  A$lcc4844 |    0000093C  A$lcc4844
     0000093E  A$lcc4844 |    0000093E  C$main.c$ |    00000940  A$lcc4844
     00000942  A$lcc4844 |    00000942  C$main.c$ |    00000943  A$lcc4844
     00000945  A$lcc4844 |    00000945  C$main.c$ |    00000948  A$lcc4844
     00000949  A$lcc4844 |    0000094B  A$lcc4844 |    0000094D  A$lcc4844
     0000094D  C$main.c$ |    0000094F  A$lcc4844 |    0000094F  C$main.c$
     00000952  A$lcc4844 |    00000953  A$lcc4844 |    00000955  A$lcc4844
     00000958  A$lcc4844 |    00000959  A$lcc4844 |    0000095C  A$lcc4844
     0000095D  A$lcc4844 |    0000095D  C$main.c$ |    0000095F  A$lcc4844
     0000095F  C$main.c$ |    00000962  A$lcc4844 |    00000963  A$lcc4844
     00000965  A$lcc4844 |    00000965  C$main.c$ |    00000967  A$lcc4844
     00000967  C$main.c$ |    00000969  A$lcc4844 |    0000096C  A$lcc4844
     0000096D  A$lcc4844 |    00000970  A$lcc4844 |    00000971  A$lcc4844
     00000971  C$main.c$ |    00000971  C$main.c$ |    00000974  A$lcc4844
     00000975  A$lcc4844 |    00000975  C$main.c$ |    00000975  XG$update
     00000976  G$black$0 |    00000976  _black    |    00000986  A$lcc4844
     00000986  C$main.c$ |    00000986  G$scroll_ |    00000986  _scroll_c
     00000987  A$lcc4844 |    00000987  C$main.c$ |    0000098A  A$lcc4844
     0000098B  A$lcc4844 |    0000098D  A$lcc4844 |    00000990  A$lcc4844
     00000993  A$lcc4844 |    00000994  A$lcc4844 |    00000995  A$lcc4844
     00000997  A$lcc4844 |    00000997  C$main.c$ |    0000099A  A$lcc4844
     0000099B  A$lcc4844 |    0000099C  A$lcc4844 |    0000099D  A$lcc4844
     0000099D  C$main.c$ |    000009A0  A$lcc4844 |    000009A1  A$lcc4844
     000009A2  A$lcc4844 |    000009A3  A$lcc4844 |    000009A3  C$main.c$
     000009A6  A$lcc4844 |    000009A7  A$lcc4844 |    000009A8  A$lcc4844
ASxxxx Linker V03.00 + NoICE + sdld,  page 12.
Hexadecimal  [32-Bits]

Area                       Addr        Size        Decimal Bytes (Attributes)
--------------------       ----        ----        ------- ----- ------------
_CODE                  00000200    000025B8 =        9656. bytes (REL,CON)

        Value  Global            Value  Global            Value  Global    
        -----  ------            -----  ------            -----  ------    
     000009A9  A$lcc4844 |    000009A9  C$main.c$ |    000009AC  A$lcc4844
     000009AD  A$lcc4844 |    000009AF  A$lcc4844 |    000009B2  A$lcc4844
     000009B3  A$lcc4844 |    000009B3  C$main.c$ |    000009B3  C$main.c$
     000009B4  A$lcc4844 |    000009B6  A$lcc4844 |    000009B6  C$main.c$
     000009B9  A$lcc4844 |    000009BA  A$lcc4844 |    000009BB  A$lcc4844
     000009BC  A$lcc4844 |    000009BD  A$lcc4844 |    000009C0  A$lcc4844
     000009C1  A$lcc4844 |    000009C2  A$lcc4844 |    000009C3  A$lcc4844
     000009C3  C$main.c$ |    000009C6  A$lcc4844 |    000009C6  C$main.c$
     000009C9  A$lcc4844 |    000009CB  A$lcc4844 |    000009CD  A$lcc4844
     000009CD  C$main.c$ |    000009D0  A$lcc4844 |    000009D1  A$lcc4844
     000009D2  A$lcc4844 |    000009D3  A$lcc4844 |    000009D4  A$lcc4844
     000009D7  A$lcc4844 |    000009D8  A$lcc4844 |    000009D9  A$lcc4844
     000009DA  A$lcc4844 |    000009DA  C$main.c$ |    000009DD  A$lcc4844
     000009DD  C$main.c$ |    000009E0  A$lcc4844 |    000009E1  A$lcc4844
     000009E3  A$lcc4844 |    000009E6  A$lcc4844 |    000009E9  A$lcc4844
     000009EA  A$lcc4844 |    000009EB  A$lcc4844 |    000009ED  A$lcc4844
     000009ED  C$main.c$ |    000009F0  A$lcc4844 |    000009F1  A$lcc4844
     000009F2  A$lcc4844 |    000009F3  A$lcc4844 |    000009F3  C$main.c$
     000009F6  A$lcc4844 |    000009F7  A$lcc4844 |    000009F9  A$lcc4844
     000009F9  C$main.c$ |    000009FC  A$lcc4844 |    000009FD  A$lcc4844
     000009FE  A$lcc4844 |    000009FF  A$lcc4844 |    00000A00  A$lcc4844
     00000A03  A$lcc4844 |    00000A04  A$lcc4844 |    00000A05  A$lcc4844
     00000A06  A$lcc4844 |    00000A09  A$lcc4844 |    00000A0B  A$lcc4844
     00000A0C  A$lcc4844 |    00000A0F  A$lcc4844 |    00000A10  A$lcc4844
     00000A11  A$lcc4844 |    00000A12  A$lcc4844 |    00000A15  A$lcc4844
     00000A16  A$lcc4844 |    00000A17  A$lcc4844 |    00000A18  A$lcc4844
     00000A1B  A$lcc4844 |    00000A1D  A$lcc4844 |    00000A1F  A$lcc4844
     00000A20  A$lcc4844 |    00000A21  A$lcc4844 |    00000A22  A$lcc4844
     00000A23  A$lcc4844 |    00000A25  A$lcc4844 |    00000A26  A$lcc4844
     00000A29  A$lcc4844 |    00000A2B  A$lcc4844 |    00000A2B  C$main.c$
     00000A2E  A$lcc4844 |    00000A2E  C$main.c$ |    00000A31  A$lcc4844
     00000A32  A$lcc4844 |    00000A34  A$lcc4844 |    00000A34  C$main.c$
     00000A37  A$lcc4844 |    00000A39  A$lcc4844 |    00000A3B  A$lcc4844
     00000A3B  C$main.c$ |    00000A3E  A$lcc4844 |    00000A3F  A$lcc4844
     00000A40  A$lcc4844 |    00000A41  A$lcc4844 |    00000A42  A$lcc4844
     00000A45  A$lcc4844 |    00000A46  A$lcc4844 |    00000A47  A$lcc4844
     00000A48  A$lcc4844 |    00000A48  C$main.c$ |    00000A4B  A$lcc4844
     00000A4B  C$main.c$ |    00000A4E  A$lcc4844 |    00000A50  A$lcc4844
     00000A52  A$lcc4844 |    00000A52  C$main.c$ |    00000A55  A$lcc4844
     00000A56  A$lcc4844 |    00000A57  A$lcc4844 |    00000A58  A$lcc4844
     00000A58  C$main.c$ |    00000A5B  A$lcc4844 |    00000A5C  A$lcc4844
     00000A5D  A$lcc4844 |    00000A5E  A$lcc4844 |    00000A5E  C$main.c$
     00000A61  A$lcc4844 |    00000A62  A$lcc4844 |    00000A63  A$lcc4844
     00000A64  A$lcc4844 |    00000A64  C$main.c$ |    00000A67  A$lcc4844
     00000A68  A$lcc4844 |    00000A69  A$lcc4844 |    00000A6A  A$lcc4844
     00000A6A  C$main.c$ |    00000A6D  A$lcc4844 |    00000A6E  A$lcc4844
     00000A70  A$lcc4844 |    00000A70  C$main.c$ |    00000A73  A$lcc4844
     00000A75  A$lcc4844 |    00000A77  A$lcc4844 |    00000A77  C$main.c$
     00000A7A  A$lcc4844 |    00000A7B  A$lcc4844 |    00000A7C  A$lcc4844
     00000A7D  A$lcc4844 |    00000A7E  A$lcc4844 |    00000A81  A$lcc4844
     00000A82  A$lcc4844 |    00000A83  A$lcc4844 |    00000A84  A$lcc4844
ASxxxx Linker V03.00 + NoICE + sdld,  page 13.
Hexadecimal  [32-Bits]

Area                       Addr        Size        Decimal Bytes (Attributes)
--------------------       ----        ----        ------- ----- ------------
_CODE                  00000200    000025B8 =        9656. bytes (REL,CON)

        Value  Global            Value  Global            Value  Global    
        -----  ------            -----  ------            -----  ------    
     00000A84  C$main.c$ |    00000A87  A$lcc4844 |    00000A87  C$main.c$
     00000A8A  A$lcc4844 |    00000A8B  A$lcc4844 |    00000A8D  A$lcc4844
     00000A90  A$lcc4844 |    00000A93  A$lcc4844 |    00000A94  A$lcc4844
     00000A95  A$lcc4844 |    00000A97  A$lcc4844 |    00000A97  C$main.c$
     00000A9A  A$lcc4844 |    00000A9B  A$lcc4844 |    00000A9C  A$lcc4844
     00000A9D  A$lcc4844 |    00000A9D  C$main.c$ |    00000AA0  A$lcc4844
     00000AA1  A$lcc4844 |    00000AA2  A$lcc4844 |    00000AA3  A$lcc4844
     00000AA3  C$main.c$ |    00000AA6  A$lcc4844 |    00000AA7  A$lcc4844
     00000AA8  A$lcc4844 |    00000AA8  C$main.c$ |    00000AA8  XG$scroll
     00000AA9  A$lcc4844 |    00000AA9  C$main.c$ |    00000AA9  C$main.c$
     00000AA9  G$pause_g |    00000AA9  _pause_ga |    00000AAC  A$lcc4844
     00000AAE  A$lcc4844 |    00000AAE  C$main.c$ |    00000AB1  A$lcc4844
     00000AB2  A$lcc4844 |    00000AB5  A$lcc4844 |    00000AB6  A$lcc4844
     00000AB9  A$lcc4844 |    00000ABA  A$lcc4844 |    00000ABB  A$lcc4844
     00000ABC  A$lcc4844 |    00000ABC  C$main.c$ |    00000ABF  A$lcc4844
     00000AC0  A$lcc4844 |    00000AC1  A$lcc4844 |    00000AC2  A$lcc4844
     00000AC2  C$main.c$ |    00000AC4  A$lcc4844 |    00000AC5  A$lcc4844
     00000AC6  A$lcc4844 |    00000AC9  A$lcc4844 |    00000ACA  A$lcc4844
     00000ACB  A$lcc4844 |    00000ACC  A$lcc4844 |    00000ACD  A$lcc4844
     00000AD0  A$lcc4844 |    00000AD2  A$lcc4844 |    00000AD2  C$main.c$
     00000AD5  A$lcc4844 |    00000AD6  A$lcc4844 |    00000AD8  A$lcc4844
     00000AD9  A$lcc4844 |    00000ADA  A$lcc4844 |    00000ADA  C$main.c$
     00000ADB  A$lcc4844 |    00000ADB  C$main.c$ |    00000ADB  XG$pause_
     00000ADD  A$lcc4844 |    00000ADD  C$main.c$ |    00000ADD  C$main.c$
     00000ADD  G$unpause |    00000ADD  _unpause_ |    00000AE0  A$lcc4844
     00000AE2  A$lcc4844 |    00000AE2  C$main.c$ |    00000AE5  A$lcc4844
     00000AE6  A$lcc4844 |    00000AE9  A$lcc4844 |    00000AEA  A$lcc4844
     00000AED  A$lcc4844 |    00000AEE  A$lcc4844 |    00000AEF  A$lcc4844
     00000AF0  A$lcc4844 |    00000AF0  C$main.c$ |    00000AF2  A$lcc4844
     00000AF3  A$lcc4844 |    00000AF4  A$lcc4844 |    00000AF5  A$lcc4844
     00000AF5  C$main.c$ |    00000AF6  A$lcc4844 |    00000AF7  A$lcc4844
     00000AF8  A$lcc4844 |    00000AFB  A$lcc4844 |    00000AFC  A$lcc4844
     00000AFD  A$lcc4844 |    00000AFE  A$lcc4844 |    00000AFF  A$lcc4844
     00000B02  A$lcc4844 |    00000B04  A$lcc4844 |    00000B04  C$main.c$
     00000B07  A$lcc4844 |    00000B08  A$lcc4844 |    00000B0A  A$lcc4844
     00000B0B  A$lcc4844 |    00000B0C  A$lcc4844 |    00000B0C  C$main.c$
     00000B0D  A$lcc4844 |    00000B0D  C$main.c$ |    00000B0D  XG$unpaus
     00000B0F  A$lcc4844 |    00000B0F  C$main.c$ |    00000B0F  G$drain_t
     00000B0F  _drain_ti |    00000B10  A$lcc4844 |    00000B11  A$lcc4844
     00000B11  C$main.c$ |    00000B14  A$lcc4844 |    00000B15  A$lcc4844
     00000B17  A$lcc4844 |    00000B18  A$lcc4844 |    00000B1A  A$lcc4844
     00000B1C  A$lcc4844 |    00000B1D  A$lcc4844 |    00000B1D  C$main.c$
     00000B1E  A$lcc4844 |    00000B1F  A$lcc4844 |    00000B21  A$lcc4844
     00000B23  A$lcc4844 |    00000B26  A$lcc4844 |    00000B27  A$lcc4844
     00000B29  A$lcc4844 |    00000B2B  A$lcc4844 |    00000B2D  A$lcc4844
     00000B2F  A$lcc4844 |    00000B31  A$lcc4844 |    00000B33  A$lcc4844
     00000B34  A$lcc4844 |    00000B34  C$main.c$ |    00000B36  A$lcc4844
     00000B37  A$lcc4844 |    00000B39  A$lcc4844 |    00000B3A  A$lcc4844
     00000B3D  A$lcc4844 |    00000B3E  A$lcc4844 |    00000B3F  A$lcc4844
     00000B3F  C$main.c$ |    00000B42  A$lcc4844 |    00000B43  A$lcc4844
     00000B46  A$lcc4844 |    00000B47  A$lcc4844 |    00000B49  A$lcc4844
ASxxxx Linker V03.00 + NoICE + sdld,  page 14.
Hexadecimal  [32-Bits]

Area                       Addr        Size        Decimal Bytes (Attributes)
--------------------       ----        ----        ------- ----- ------------
_CODE                  00000200    000025B8 =        9656. bytes (REL,CON)

        Value  Global            Value  Global            Value  Global    
        -----  ------            -----  ------            -----  ------    
     00000B4A  A$lcc4844 |    00000B4D  A$lcc4844 |    00000B4E  A$lcc4844
     00000B4F  A$lcc4844 |    00000B50  A$lcc4844 |    00000B51  A$lcc4844
     00000B54  A$lcc4844 |    00000B55  A$lcc4844 |    00000B56  A$lcc4844
     00000B57  A$lcc4844 |    00000B58  A$lcc4844 |    00000B59  A$lcc4844
     00000B5A  A$lcc4844 |    00000B5B  A$lcc4844 |    00000B5E  A$lcc4844
     00000B5F  A$lcc4844 |    00000B60  A$lcc4844 |    00000B60  C$main.c$
     00000B62  A$lcc4844 |    00000B63  A$lcc4844 |    00000B65  A$lcc4844
     00000B67  A$lcc4844 |    00000B68  A$lcc4844 |    00000B6A  A$lcc4844
     00000B6B  A$lcc4844 |    00000B6C  A$lcc4844 |    00000B6E  A$lcc4844
     00000B6F  A$lcc4844 |    00000B70  A$lcc4844 |    00000B72  A$lcc4844
     00000B73  A$lcc4844 |    00000B74  A$lcc4844 |    00000B76  A$lcc4844
     00000B76  C$main.c$ |    00000B78  A$lcc4844 |    00000B79  A$lcc4844
     00000B7B  A$lcc4844 |    00000B7C  A$lcc4844 |    00000B7E  A$lcc4844
     00000B7F  A$lcc4844 |    00000B80  A$lcc4844 |    00000B81  A$lcc4844
     00000B82  A$lcc4844 |    00000B85  A$lcc4844 |    00000B87  A$lcc4844
     00000B87  C$main.c$ |    00000B8A  A$lcc4844 |    00000B8B  A$lcc4844
     00000B8B  C$main.c$ |    00000B8E  A$lcc4844 |    00000B8F  A$lcc4844
     00000B91  A$lcc4844 |    00000B92  A$lcc4844 |    00000B93  A$lcc4844
     00000B95  A$lcc4844 |    00000B96  A$lcc4844 |    00000B96  C$main.c$
     00000B99  A$lcc4844 |    00000B99  C$main.c$ |    00000B9C  A$lcc4844
     00000B9D  A$lcc4844 |    00000B9F  A$lcc4844 |    00000BA0  A$lcc4844
     00000BA1  A$lcc4844 |    00000BA1  C$main.c$ |    00000BA3  A$lcc4844
     00000BA4  A$lcc4844 |    00000BA6  A$lcc4844 |    00000BA8  A$lcc4844
     00000BA8  C$main.c$ |    00000BAB  A$lcc4844 |    00000BAD  A$lcc4844
     00000BAD  C$main.c$ |    00000BB0  A$lcc4844 |    00000BB2  A$lcc4844
     00000BB3  A$lcc4844 |    00000BB4  A$lcc4844 |    00000BB4  C$main.c$
     00000BB4  XG$drain_ |    00000BB5  A$lcc4844 |    00000BB5  C$main.c$
     00000BB5  G$reload_ |    00000BB5  _reload_t |    00000BB6  A$lcc4844
     00000BB7  A$lcc4844 |    00000BB7  C$main.c$ |    00000BBA  A$lcc4844
     00000BBB  A$lcc4844 |    00000BBD  A$lcc4844 |    00000BBE  A$lcc4844
     00000BC0  A$lcc4844 |    00000BC2  A$lcc4844 |    00000BC3  A$lcc4844
     00000BC3  C$main.c$ |    00000BC4  A$lcc4844 |    00000BC5  A$lcc4844
     00000BC7  A$lcc4844 |    00000BC9  A$lcc4844 |    00000BCC  A$lcc4844
     00000BCD  A$lcc4844 |    00000BCF  A$lcc4844 |    00000BD1  A$lcc4844
     00000BD3  A$lcc4844 |    00000BD5  A$lcc4844 |    00000BD7  A$lcc4844
     00000BD9  A$lcc4844 |    00000BD9  C$main.c$ |    00000BDB  A$lcc4844
     00000BDC  A$lcc4844 |    00000BDD  A$lcc4844 |    00000BDF  A$lcc4844
     00000BE0  A$lcc4844 |    00000BE3  A$lcc4844 |    00000BE4  A$lcc4844
     00000BE5  A$lcc4844 |    00000BE5  C$main.c$ |    00000BE8  A$lcc4844
     00000BE9  A$lcc4844 |    00000BEC  A$lcc4844 |    00000BED  A$lcc4844
     00000BEF  A$lcc4844 |    00000BEF  C$main.c$ |    00000BF0  A$lcc4844
     00000BF1  A$lcc4844 |    00000BF2  A$lcc4844 |    00000BF4  A$lcc4844
     00000BF6  A$lcc4844 |    00000BF7  A$lcc4844 |    00000BF8  A$lcc4844
     00000BF9  A$lcc4844 |    00000BFA  A$lcc4844 |    00000BFB  A$lcc4844
     00000BFC  A$lcc4844 |    00000BFE  A$lcc4844 |    00000BFF  A$lcc4844
     00000C00  A$lcc4844 |    00000C02  A$lcc4844 |    00000C03  A$lcc4844
     00000C04  A$lcc4844 |    00000C06  A$lcc4844 |    00000C06  C$main.c$
     00000C08  A$lcc4844 |    00000C09  A$lcc4844 |    00000C0B  A$lcc4844
     00000C0C  A$lcc4844 |    00000C0D  A$lcc4844 |    00000C0F  A$lcc4844
     00000C10  A$lcc4844 |    00000C11  A$lcc4844 |    00000C12  A$lcc4844
     00000C13  A$lcc4844 |    00000C16  A$lcc4844 |    00000C18  A$lcc4844
ASxxxx Linker V03.00 + NoICE + sdld,  page 15.
Hexadecimal  [32-Bits]

Area                       Addr        Size        Decimal Bytes (Attributes)
--------------------       ----        ----        ------- ----- ------------
_CODE                  00000200    000025B8 =        9656. bytes (REL,CON)

        Value  Global            Value  Global            Value  Global    
        -----  ------            -----  ------            -----  ------    
     00000C18  C$main.c$ |    00000C1B  A$lcc4844 |    00000C1C  A$lcc4844
     00000C1C  C$main.c$ |    00000C1E  A$lcc4844 |    00000C1F  A$lcc4844
     00000C21  A$lcc4844 |    00000C23  A$lcc4844 |    00000C23  C$main.c$
     00000C26  A$lcc4844 |    00000C26  C$main.c$ |    00000C29  A$lcc4844
     00000C29  C$main.c$ |    00000C2C  A$lcc4844 |    00000C2E  A$lcc4844
     00000C2F  A$lcc4844 |    00000C30  A$lcc4844 |    00000C30  C$main.c$
     00000C30  XG$reload |    00000C31  A$lcc4844 |    00000C31  C$main.c$
     00000C31  C$main.c$ |    00000C31  G$pts_200 |    00000C31  _pts_200_
     00000C34  A$lcc4844 |    00000C35  A$lcc4844 |    00000C37  A$lcc4844
     00000C38  A$lcc4844 |    00000C39  A$lcc4844 |    00000C3B  A$lcc4844
     00000C3C  A$lcc4844 |    00000C3C  C$main.c$ |    00000C3F  A$lcc4844
     00000C3F  C$main.c$ |    00000C42  A$lcc4844 |    00000C44  A$lcc4844
     00000C44  C$main.c$ |    00000C44  XG$pts_20 |    00000C45  A$lcc4844
     00000C45  C$main.c$ |    00000C45  C$main.c$ |    00000C45  G$pts_200
     00000C45  _pts_200_ |    00000C48  A$lcc4844 |    00000C49  A$lcc4844
     00000C4B  A$lcc4844 |    00000C4C  A$lcc4844 |    00000C4D  A$lcc4844
     00000C4F  A$lcc4844 |    00000C50  A$lcc4844 |    00000C50  C$main.c$
     00000C53  A$lcc4844 |    00000C53  C$main.c$ |    00000C53  C$main.c$
     00000C53  XG$pts_20 |    00000C56  A$lcc4844 |    00000C56  C$main.c$
     00000C56  G$collide |    00000C56  _collide_ |    00000C58  A$lcc4844
     00000C5A  A$lcc4844 |    00000C5B  A$lcc4844 |    00000C5C  A$lcc4844
     00000C5D  A$lcc4844 |    00000C5D  C$main.c$ |    00000C60  A$lcc4844
     00000C61  A$lcc4844 |    00000C62  A$lcc4844 |    00000C64  A$lcc4844
     00000C66  A$lcc4844 |    00000C66  C$main.c$ |    00000C67  A$lcc4844
     00000C68  A$lcc4844 |    00000C6A  A$lcc4844 |    00000C6A  C$main.c$
     00000C6B  A$lcc4844 |    00000C6C  A$lcc4844 |    00000C6D  A$lcc4844
     00000C6E  A$lcc4844 |    00000C6F  A$lcc4844 |    00000C70  A$lcc4844
     00000C71  A$lcc4844 |    00000C73  A$lcc4844 |    00000C74  A$lcc4844
     00000C76  A$lcc4844 |    00000C77  A$lcc4844 |    00000C78  A$lcc4844
     00000C79  A$lcc4844 |    00000C7A  A$lcc4844 |    00000C7A  C$main.c$
     00000C7C  A$lcc4844 |    00000C7D  A$lcc4844 |    00000C7F  A$lcc4844
     00000C80  A$lcc4844 |    00000C81  A$lcc4844 |    00000C82  A$lcc4844
     00000C82  C$main.c$ |    00000C84  A$lcc4844 |    00000C85  A$lcc4844
     00000C86  A$lcc4844 |    00000C87  A$lcc4844 |    00000C8A  A$lcc4844
     00000C8B  A$lcc4844 |    00000C8C  A$lcc4844 |    00000C8D  A$lcc4844
     00000C8F  A$lcc4844 |    00000C90  A$lcc4844 |    00000C91  A$lcc4844
     00000C92  A$lcc4844 |    00000C94  A$lcc4844 |    00000C95  A$lcc4844
     00000C96  A$lcc4844 |    00000C97  A$lcc4844 |    00000C98  A$lcc4844
     00000C99  A$lcc4844 |    00000C9A  A$lcc4844 |    00000C9C  A$lcc4844
     00000C9C  C$main.c$ |    00000C9D  A$lcc4844 |    00000C9E  A$lcc4844
     00000C9F  A$lcc4844 |    00000CA0  A$lcc4844 |    00000CA1  A$lcc4844
     00000CA3  A$lcc4844 |    00000CA3  C$main.c$ |    00000CA4  A$lcc4844
     00000CA5  A$lcc4844 |    00000CA7  A$lcc4844 |    00000CA8  A$lcc4844
     00000CAA  A$lcc4844 |    00000CAC  A$lcc4844 |    00000CAD  A$lcc4844
     00000CAF  A$lcc4844 |    00000CB0  A$lcc4844 |    00000CB2  A$lcc4844
     00000CB4  A$lcc4844 |    00000CB5  A$lcc4844 |    00000CB7  A$lcc4844
     00000CB8  A$lcc4844 |    00000CBA  A$lcc4844 |    00000CBC  A$lcc4844
     00000CBD  A$lcc4844 |    00000CBE  A$lcc4844 |    00000CC0  A$lcc4844
     00000CC1  A$lcc4844 |    00000CC3  A$lcc4844 |    00000CC4  A$lcc4844
     00000CC5  A$lcc4844 |    00000CC6  A$lcc4844 |    00000CC9  A$lcc4844
     00000CCA  A$lcc4844 |    00000CCB  A$lcc4844 |    00000CCC  A$lcc4844
ASxxxx Linker V03.00 + NoICE + sdld,  page 16.
Hexadecimal  [32-Bits]

Area                       Addr        Size        Decimal Bytes (Attributes)
--------------------       ----        ----        ------- ----- ------------
_CODE                  00000200    000025B8 =        9656. bytes (REL,CON)

        Value  Global            Value  Global            Value  Global    
        -----  ------            -----  ------            -----  ------    
     00000CCD  A$lcc4844 |    00000CCE  A$lcc4844 |    00000CCF  A$lcc4844
     00000CD0  A$lcc4844 |    00000CD1  A$lcc4844 |    00000CD4  A$lcc4844
     00000CD5  A$lcc4844 |    00000CD6  A$lcc4844 |    00000CD7  A$lcc4844
     00000CD9  A$lcc4844 |    00000CDA  A$lcc4844 |    00000CDB  A$lcc4844
     00000CDD  A$lcc4844 |    00000CDE  A$lcc4844 |    00000CDF  A$lcc4844
     00000CE0  A$lcc4844 |    00000CE2  A$lcc4844 |    00000CE3  A$lcc4844
     00000CE4  A$lcc4844 |    00000CE5  A$lcc4844 |    00000CE6  A$lcc4844
     00000CE8  A$lcc4844 |    00000CE9  A$lcc4844 |    00000CEA  A$lcc4844
     00000CEB  A$lcc4844 |    00000CEC  A$lcc4844 |    00000CED  A$lcc4844
     00000CEF  A$lcc4844 |    00000CF0  A$lcc4844 |    00000CF1  A$lcc4844
     00000CF2  A$lcc4844 |    00000CF3  A$lcc4844 |    00000CF4  A$lcc4844
     00000CF6  A$lcc4844 |    00000CF7  A$lcc4844 |    00000CF8  A$lcc4844
     00000CF9  A$lcc4844 |    00000CFB  A$lcc4844 |    00000CFC  A$lcc4844
     00000CFD  A$lcc4844 |    00000CFE  A$lcc4844 |    00000D01  A$lcc4844
     00000D02  A$lcc4844 |    00000D04  A$lcc4844 |    00000D04  C$main.c$
     00000D07  A$lcc4844 |    00000D08  A$lcc4844 |    00000D09  A$lcc4844
     00000D0A  A$lcc4844 |    00000D0B  A$lcc4844 |    00000D0D  A$lcc4844
     00000D0E  A$lcc4844 |    00000D10  A$lcc4844 |    00000D10  C$main.c$
     00000D12  A$lcc4844 |    00000D13  A$lcc4844 |    00000D14  A$lcc4844
     00000D15  A$lcc4844 |    00000D17  A$lcc4844 |    00000D17  C$main.c$
     00000D19  A$lcc4844 |    00000D1A  A$lcc4844 |    00000D1B  A$lcc4844
     00000D1C  A$lcc4844 |    00000D1D  A$lcc4844 |    00000D1E  A$lcc4844
     00000D1F  A$lcc4844 |    00000D22  A$lcc4844 |    00000D23  A$lcc4844
     00000D24  A$lcc4844 |    00000D25  A$lcc4844 |    00000D28  A$lcc4844
     00000D29  A$lcc4844 |    00000D2A  A$lcc4844 |    00000D2B  A$lcc4844
     00000D2D  A$lcc4844 |    00000D2E  A$lcc4844 |    00000D2F  A$lcc4844
     00000D32  A$lcc4844 |    00000D33  A$lcc4844 |    00000D33  C$main.c$
     00000D36  A$lcc4844 |    00000D38  A$lcc4844 |    00000D3A  A$lcc4844
     00000D3A  C$main.c$ |    00000D3B  A$lcc4844 |    00000D3D  A$lcc4844
     00000D3E  A$lcc4844 |    00000D40  A$lcc4844 |    00000D40  C$main.c$
     00000D43  A$lcc4844 |    00000D44  A$lcc4844 |    00000D46  A$lcc4844
     00000D46  C$main.c$ |    00000D49  A$lcc4844 |    00000D4B  A$lcc4844
     00000D4B  C$main.c$ |    00000D4B  XG$collid |    00000D4C  A$lcc4844
     00000D4C  C$main.c$ |    00000D4C  G$win_che |    00000D4C  _win_chec
     00000D4E  A$lcc4844 |    00000D50  A$lcc4844 |    00000D51  A$lcc4844
     00000D51  C$main.c$ |    00000D53  A$lcc4844 |    00000D54  A$lcc4844
     00000D55  A$lcc4844 |    00000D56  A$lcc4844 |    00000D57  A$lcc4844
     00000D58  A$lcc4844 |    00000D59  A$lcc4844 |    00000D5A  A$lcc4844
     00000D5D  A$lcc4844 |    00000D5E  A$lcc4844 |    00000D5F  A$lcc4844
     00000D60  A$lcc4844 |    00000D62  A$lcc4844 |    00000D63  A$lcc4844
     00000D64  A$lcc4844 |    00000D65  A$lcc4844 |    00000D67  A$lcc4844
     00000D68  A$lcc4844 |    00000D69  A$lcc4844 |    00000D6A  A$lcc4844
     00000D6B  A$lcc4844 |    00000D6D  A$lcc4844 |    00000D6F  A$lcc4844
     00000D70  A$lcc4844 |    00000D71  A$lcc4844 |    00000D72  A$lcc4844
     00000D73  A$lcc4844 |    00000D74  A$lcc4844 |    00000D75  A$lcc4844
     00000D78  A$lcc4844 |    00000D79  A$lcc4844 |    00000D7A  A$lcc4844
     00000D7B  A$lcc4844 |    00000D7C  A$lcc4844 |    00000D7D  A$lcc4844
     00000D7E  A$lcc4844 |    00000D80  A$lcc4844 |    00000D82  A$lcc4844
     00000D83  A$lcc4844 |    00000D85  A$lcc4844 |    00000D86  A$lcc4844
     00000D88  A$lcc4844 |    00000D89  A$lcc4844 |    00000D8B  A$lcc4844
     00000D8C  A$lcc4844 |    00000D8E  A$lcc4844 |    00000D8F  A$lcc4844
ASxxxx Linker V03.00 + NoICE + sdld,  page 17.
Hexadecimal  [32-Bits]

Area                       Addr        Size        Decimal Bytes (Attributes)
--------------------       ----        ----        ------- ----- ------------
_CODE                  00000200    000025B8 =        9656. bytes (REL,CON)

        Value  Global            Value  Global            Value  Global    
        -----  ------            -----  ------            -----  ------    
     00000D91  A$lcc4844 |    00000D91  C$main.c$ |    00000D93  A$lcc4844
     00000D94  A$lcc4844 |    00000D96  A$lcc4844 |    00000D97  A$lcc4844
     00000D98  A$lcc4844 |    00000D99  A$lcc4844 |    00000D9A  A$lcc4844
     00000D9B  A$lcc4844 |    00000D9C  A$lcc4844 |    00000D9F  A$lcc4844
     00000DA0  A$lcc4844 |    00000DA1  A$lcc4844 |    00000DA2  A$lcc4844
     00000DA4  A$lcc4844 |    00000DA5  A$lcc4844 |    00000DA6  A$lcc4844
     00000DA7  A$lcc4844 |    00000DA9  A$lcc4844 |    00000DAA  A$lcc4844
     00000DAB  A$lcc4844 |    00000DAC  A$lcc4844 |    00000DAD  A$lcc4844
     00000DAF  A$lcc4844 |    00000DB1  A$lcc4844 |    00000DB3  A$lcc4844
     00000DB4  A$lcc4844 |    00000DB5  A$lcc4844 |    00000DB6  A$lcc4844
     00000DB9  A$lcc4844 |    00000DBA  A$lcc4844 |    00000DBB  A$lcc4844
     00000DBC  A$lcc4844 |    00000DBE  A$lcc4844 |    00000DC0  A$lcc4844
     00000DC2  A$lcc4844 |    00000DC4  A$lcc4844 |    00000DC6  A$lcc4844
     00000DC8  A$lcc4844 |    00000DC8  C$main.c$ |    00000DCA  A$lcc4844
     00000DCB  A$lcc4844 |    00000DCC  A$lcc4844 |    00000DCD  A$lcc4844
     00000DD0  A$lcc4844 |    00000DD1  A$lcc4844 |    00000DD2  A$lcc4844
     00000DD3  A$lcc4844 |    00000DD5  A$lcc4844 |    00000DD6  A$lcc4844
     00000DD7  A$lcc4844 |    00000DD8  A$lcc4844 |    00000DDA  A$lcc4844
     00000DDB  A$lcc4844 |    00000DDC  A$lcc4844 |    00000DDD  A$lcc4844
     00000DDE  A$lcc4844 |    00000DDF  A$lcc4844 |    00000DE0  A$lcc4844
     00000DE1  A$lcc4844 |    00000DE2  A$lcc4844 |    00000DE4  A$lcc4844
     00000DE6  A$lcc4844 |    00000DE7  A$lcc4844 |    00000DE8  A$lcc4844
     00000DE9  A$lcc4844 |    00000DEA  A$lcc4844 |    00000DEB  A$lcc4844
     00000DEC  A$lcc4844 |    00000DEF  A$lcc4844 |    00000DF0  A$lcc4844
     00000DF1  A$lcc4844 |    00000DF2  A$lcc4844 |    00000DF4  A$lcc4844
     00000DF5  A$lcc4844 |    00000DF6  A$lcc4844 |    00000DF7  A$lcc4844
     00000DF9  A$lcc4844 |    00000DFA  A$lcc4844 |    00000DFC  A$lcc4844
     00000DFD  A$lcc4844 |    00000DFE  A$lcc4844 |    00000DFF  A$lcc4844
     00000E01  A$lcc4844 |    00000E03  A$lcc4844 |    00000E05  A$lcc4844
     00000E07  A$lcc4844 |    00000E09  A$lcc4844 |    00000E0B  A$lcc4844
     00000E0B  C$main.c$ |    00000E0D  A$lcc4844 |    00000E0E  A$lcc4844
     00000E10  A$lcc4844 |    00000E11  A$lcc4844 |    00000E13  A$lcc4844
     00000E14  A$lcc4844 |    00000E16  A$lcc4844 |    00000E17  A$lcc4844
     00000E19  A$lcc4844 |    00000E1B  A$lcc4844 |    00000E1D  A$lcc4844
     00000E1E  A$lcc4844 |    00000E20  A$lcc4844 |    00000E21  A$lcc4844
     00000E23  A$lcc4844 |    00000E24  A$lcc4844 |    00000E25  A$lcc4844
     00000E26  A$lcc4844 |    00000E27  A$lcc4844 |    00000E28  A$lcc4844
     00000E29  A$lcc4844 |    00000E29  C$main.c$ |    00000E2B  A$lcc4844
     00000E2C  A$lcc4844 |    00000E2D  A$lcc4844 |    00000E2E  A$lcc4844
     00000E2F  A$lcc4844 |    00000E30  A$lcc4844 |    00000E31  A$lcc4844
     00000E31  C$main.c$ |    00000E34  A$lcc4844 |    00000E35  A$lcc4844
     00000E36  A$lcc4844 |    00000E38  A$lcc4844 |    00000E39  A$lcc4844
     00000E3C  A$lcc4844 |    00000E3D  A$lcc4844 |    00000E3E  A$lcc4844
     00000E3F  A$lcc4844 |    00000E41  A$lcc4844 |    00000E42  A$lcc4844
     00000E43  A$lcc4844 |    00000E45  A$lcc4844 |    00000E46  A$lcc4844
     00000E47  A$lcc4844 |    00000E49  A$lcc4844 |    00000E49  C$main.c$
     00000E4C  A$lcc4844 |    00000E4D  A$lcc4844 |    00000E4E  A$lcc4844
     00000E50  A$lcc4844 |    00000E50  C$main.c$ |    00000E51  A$lcc4844
     00000E52  A$lcc4844 |    00000E52  C$main.c$ |    00000E55  A$lcc4844
     00000E56  A$lcc4844 |    00000E58  A$lcc4844 |    00000E58  C$main.c$
     00000E5B  A$lcc4844 |    00000E5B  C$main.c$ |    00000E5E  A$lcc4844
ASxxxx Linker V03.00 + NoICE + sdld,  page 18.
Hexadecimal  [32-Bits]

Area                       Addr        Size        Decimal Bytes (Attributes)
--------------------       ----        ----        ------- ----- ------------
_CODE                  00000200    000025B8 =        9656. bytes (REL,CON)

        Value  Global            Value  Global            Value  Global    
        -----  ------            -----  ------            -----  ------    
     00000E5F  A$lcc4844 |    00000E62  A$lcc4844 |    00000E63  A$lcc4844
     00000E66  A$lcc4844 |    00000E67  A$lcc4844 |    00000E6A  A$lcc4844
     00000E6C  A$lcc4844 |    00000E6C  C$main.c$ |    00000E6F  A$lcc4844
     00000E71  A$lcc4844 |    00000E74  A$lcc4844 |    00000E75  A$lcc4844
     00000E76  A$lcc4844 |    00000E77  A$lcc4844 |    00000E7A  A$lcc4844
     00000E7B  A$lcc4844 |    00000E7C  A$lcc4844 |    00000E7D  A$lcc4844
     00000E7E  A$lcc4844 |    00000E7F  A$lcc4844 |    00000E80  A$lcc4844
     00000E83  A$lcc4844 |    00000E84  A$lcc4844 |    00000E84  C$main.c$
     00000E87  A$lcc4844 |    00000E87  C$main.c$ |    00000E8A  A$lcc4844
     00000E8D  A$lcc4844 |    00000E8D  C$main.c$ |    00000E8F  A$lcc4844
     00000E90  A$lcc4844 |    00000E92  A$lcc4844 |    00000E94  A$lcc4844
     00000E95  A$lcc4844 |    00000E97  A$lcc4844 |    00000E99  A$lcc4844
     00000E99  C$main.c$ |    00000E9C  A$lcc4844 |    00000E9D  A$lcc4844
     00000E9E  A$lcc4844 |    00000EA0  A$lcc4844 |    00000EA0  C$main.c$
     00000EA1  A$lcc4844 |    00000EA2  A$lcc4844 |    00000EA2  C$main.c$
     00000EA5  A$lcc4844 |    00000EA6  A$lcc4844 |    00000EA8  A$lcc4844
     00000EA8  C$main.c$ |    00000EAB  A$lcc4844 |    00000EAB  C$main.c$
     00000EAE  A$lcc4844 |    00000EAF  A$lcc4844 |    00000EB2  A$lcc4844
     00000EB3  A$lcc4844 |    00000EB6  A$lcc4844 |    00000EB7  A$lcc4844
     00000EBA  A$lcc4844 |    00000EBC  A$lcc4844 |    00000EBC  C$main.c$
     00000EBF  A$lcc4844 |    00000EC1  A$lcc4844 |    00000EC4  A$lcc4844
     00000EC5  A$lcc4844 |    00000EC6  A$lcc4844 |    00000EC7  A$lcc4844
     00000ECA  A$lcc4844 |    00000ECB  A$lcc4844 |    00000ECC  A$lcc4844
     00000ECD  A$lcc4844 |    00000ECE  A$lcc4844 |    00000ECF  A$lcc4844
     00000ED0  A$lcc4844 |    00000ED3  A$lcc4844 |    00000ED4  A$lcc4844
     00000ED4  C$main.c$ |    00000ED7  A$lcc4844 |    00000ED7  C$main.c$
     00000EDA  A$lcc4844 |    00000EDD  A$lcc4844 |    00000EDD  C$main.c$
     00000EDF  A$lcc4844 |    00000EE0  A$lcc4844 |    00000EE2  A$lcc4844
     00000EE4  A$lcc4844 |    00000EE5  A$lcc4844 |    00000EE7  A$lcc4844
     00000EE9  A$lcc4844 |    00000EE9  C$main.c$ |    00000EEC  A$lcc4844
     00000EED  A$lcc4844 |    00000EEE  A$lcc4844 |    00000EF0  A$lcc4844
     00000EF0  C$main.c$ |    00000EF1  A$lcc4844 |    00000EF2  A$lcc4844
     00000EF2  C$main.c$ |    00000EF5  A$lcc4844 |    00000EF6  A$lcc4844
     00000EF8  A$lcc4844 |    00000EF8  C$main.c$ |    00000EFB  A$lcc4844
     00000EFB  C$main.c$ |    00000EFE  A$lcc4844 |    00000EFF  A$lcc4844
     00000F02  A$lcc4844 |    00000F03  A$lcc4844 |    00000F06  A$lcc4844
     00000F07  A$lcc4844 |    00000F0A  A$lcc4844 |    00000F0C  A$lcc4844
     00000F0C  C$main.c$ |    00000F0F  A$lcc4844 |    00000F11  A$lcc4844
     00000F14  A$lcc4844 |    00000F15  A$lcc4844 |    00000F16  A$lcc4844
     00000F17  A$lcc4844 |    00000F1A  A$lcc4844 |    00000F1B  A$lcc4844
     00000F1C  A$lcc4844 |    00000F1D  A$lcc4844 |    00000F1E  A$lcc4844
     00000F1F  A$lcc4844 |    00000F20  A$lcc4844 |    00000F23  A$lcc4844
     00000F24  A$lcc4844 |    00000F24  C$main.c$ |    00000F27  A$lcc4844
     00000F27  C$main.c$ |    00000F2A  A$lcc4844 |    00000F2D  A$lcc4844
     00000F2D  C$main.c$ |    00000F2F  A$lcc4844 |    00000F30  A$lcc4844
     00000F32  A$lcc4844 |    00000F34  A$lcc4844 |    00000F35  A$lcc4844
     00000F37  A$lcc4844 |    00000F39  A$lcc4844 |    00000F39  C$main.c$
     00000F3C  A$lcc4844 |    00000F3D  A$lcc4844 |    00000F3E  A$lcc4844
     00000F40  A$lcc4844 |    00000F40  C$main.c$ |    00000F41  A$lcc4844
     00000F42  A$lcc4844 |    00000F42  C$main.c$ |    00000F45  A$lcc4844
     00000F46  A$lcc4844 |    00000F48  A$lcc4844 |    00000F48  C$main.c$
ASxxxx Linker V03.00 + NoICE + sdld,  page 19.
Hexadecimal  [32-Bits]

Area                       Addr        Size        Decimal Bytes (Attributes)
--------------------       ----        ----        ------- ----- ------------
_CODE                  00000200    000025B8 =        9656. bytes (REL,CON)

        Value  Global            Value  Global            Value  Global    
        -----  ------            -----  ------            -----  ------    
     00000F4B  A$lcc4844 |    00000F4B  C$main.c$ |    00000F4E  A$lcc4844
     00000F4F  A$lcc4844 |    00000F52  A$lcc4844 |    00000F53  A$lcc4844
     00000F56  A$lcc4844 |    00000F57  A$lcc4844 |    00000F5A  A$lcc4844
     00000F5C  A$lcc4844 |    00000F5C  C$main.c$ |    00000F5F  A$lcc4844
     00000F61  A$lcc4844 |    00000F64  A$lcc4844 |    00000F65  A$lcc4844
     00000F66  A$lcc4844 |    00000F67  A$lcc4844 |    00000F6A  A$lcc4844
     00000F6B  A$lcc4844 |    00000F6C  A$lcc4844 |    00000F6D  A$lcc4844
     00000F6E  A$lcc4844 |    00000F6F  A$lcc4844 |    00000F70  A$lcc4844
     00000F73  A$lcc4844 |    00000F74  A$lcc4844 |    00000F74  C$main.c$
     00000F76  A$lcc4844 |    00000F76  C$main.c$ |    00000F79  A$lcc4844
     00000F7B  A$lcc4844 |    00000F7B  C$main.c$ |    00000F7D  A$lcc4844
     00000F7E  A$lcc4844 |    00000F80  A$lcc4844 |    00000F82  A$lcc4844
     00000F83  A$lcc4844 |    00000F85  A$lcc4844 |    00000F87  A$lcc4844
     00000F87  C$main.c$ |    00000F8A  A$lcc4844 |    00000F8B  A$lcc4844
     00000F8C  A$lcc4844 |    00000F8E  A$lcc4844 |    00000F8E  C$main.c$
     00000F8F  A$lcc4844 |    00000F90  A$lcc4844 |    00000F90  C$main.c$
     00000F93  A$lcc4844 |    00000F94  A$lcc4844 |    00000F96  A$lcc4844
     00000F96  C$main.c$ |    00000F99  A$lcc4844 |    00000F99  C$main.c$
     00000F9C  A$lcc4844 |    00000F9D  A$lcc4844 |    00000FA0  A$lcc4844
     00000FA1  A$lcc4844 |    00000FA4  A$lcc4844 |    00000FA5  A$lcc4844
     00000FA8  A$lcc4844 |    00000FAA  A$lcc4844 |    00000FAA  C$main.c$
     00000FAD  A$lcc4844 |    00000FAF  A$lcc4844 |    00000FB2  A$lcc4844
     00000FB3  A$lcc4844 |    00000FB4  A$lcc4844 |    00000FB5  A$lcc4844
     00000FB8  A$lcc4844 |    00000FB9  A$lcc4844 |    00000FBA  A$lcc4844
     00000FBB  A$lcc4844 |    00000FBC  A$lcc4844 |    00000FBD  A$lcc4844
     00000FBE  A$lcc4844 |    00000FC1  A$lcc4844 |    00000FC2  A$lcc4844
     00000FC2  C$main.c$ |    00000FC4  A$lcc4844 |    00000FC4  C$main.c$
     00000FC7  A$lcc4844 |    00000FC9  A$lcc4844 |    00000FC9  C$main.c$
     00000FCC  A$lcc4844 |    00000FCE  A$lcc4844 |    00000FCE  C$main.c$
     00000FCE  XG$win_ch |    00000FCF  A$lcc4844 |    00000FCF  C$main.c$
     00000FCF  G$collide |    00000FCF  _collide_ |    00000FD1  A$lcc4844
     00000FD3  A$lcc4844 |    00000FD4  A$lcc4844 |    00000FD5  A$lcc4844
     00000FD5  C$main.c$ |    00000FD8  A$lcc4844 |    00000FD9  A$lcc4844
     00000FDA  A$lcc4844 |    00000FDC  A$lcc4844 |    00000FDD  A$lcc4844
     00000FDE  A$lcc4844 |    00000FDF  A$lcc4844 |    00000FE0  A$lcc4844
     00000FE2  A$lcc4844 |    00000FE4  A$lcc4844 |    00000FE4  C$main.c$
     00000FE6  A$lcc4844 |    00000FE8  A$lcc4844 |    00000FE8  C$main.c$
     00000FEA  A$lcc4844 |    00000FEC  A$lcc4844 |    00000FEE  A$lcc4844
     00000FEE  C$main.c$ |    00000FF0  A$lcc4844 |    00000FF2  A$lcc4844
     00000FF2  C$main.c$ |    00000FF4  A$lcc4844 |    00000FF6  A$lcc4844
     00000FF6  C$main.c$ |    00000FF8  A$lcc4844 |    00000FF9  A$lcc4844
     00000FFA  A$lcc4844 |    00000FFB  A$lcc4844 |    00000FFC  A$lcc4844
     00000FFD  A$lcc4844 |    00000FFE  A$lcc4844 |    00000FFF  A$lcc4844
     00001002  A$lcc4844 |    00001003  A$lcc4844 |    00001004  A$lcc4844
     00001005  A$lcc4844 |    00001007  A$lcc4844 |    00001008  A$lcc4844
     00001009  A$lcc4844 |    0000100A  A$lcc4844 |    0000100C  A$lcc4844
     0000100D  A$lcc4844 |    0000100E  A$lcc4844 |    0000100F  A$lcc4844
     00001010  A$lcc4844 |    00001012  A$lcc4844 |    00001014  A$lcc4844
     00001015  A$lcc4844 |    00001016  A$lcc4844 |    00001017  A$lcc4844
     00001018  A$lcc4844 |    00001019  A$lcc4844 |    0000101A  A$lcc4844
     0000101D  A$lcc4844 |    0000101E  A$lcc4844 |    0000101F  A$lcc4844
ASxxxx Linker V03.00 + NoICE + sdld,  page 20.
Hexadecimal  [32-Bits]

Area                       Addr        Size        Decimal Bytes (Attributes)
--------------------       ----        ----        ------- ----- ------------
_CODE                  00000200    000025B8 =        9656. bytes (REL,CON)

        Value  Global            Value  Global            Value  Global    
        -----  ------            -----  ------            -----  ------    
     00001020  A$lcc4844 |    00001022  A$lcc4844 |    00001024  A$lcc4844
     00001026  A$lcc4844 |    00001028  A$lcc4844 |    0000102A  A$lcc4844
     0000102C  A$lcc4844 |    0000102C  C$main.c$ |    0000102F  A$lcc4844
     00001030  A$lcc4844 |    00001031  A$lcc4844 |    00001032  A$lcc4844
     00001033  A$lcc4844 |    00001034  A$lcc4844 |    00001035  A$lcc4844
     00001036  A$lcc4844 |    00001037  A$lcc4844 |    00001037  C$main.c$
     00001038  A$lcc4844 |    0000103A  A$lcc4844 |    0000103B  A$lcc4844
     0000103D  A$lcc4844 |    0000103E  A$lcc4844 |    00001040  A$lcc4844
     00001040  C$main.c$ |    00001041  A$lcc4844 |    00001042  A$lcc4844
     00001044  A$lcc4844 |    00001045  A$lcc4844 |    00001047  A$lcc4844
     00001049  A$lcc4844 |    0000104A  A$lcc4844 |    0000104C  A$lcc4844
     0000104E  A$lcc4844 |    0000104F  A$lcc4844 |    00001050  A$lcc4844
     00001051  A$lcc4844 |    00001052  A$lcc4844 |    00001053  A$lcc4844
     00001054  A$lcc4844 |    00001056  A$lcc4844 |    00001057  A$lcc4844
     00001059  A$lcc4844 |    0000105A  A$lcc4844 |    0000105B  A$lcc4844
     0000105C  A$lcc4844 |    0000105D  A$lcc4844 |    0000105E  A$lcc4844
     0000105F  A$lcc4844 |    00001060  A$lcc4844 |    00001061  A$lcc4844
     00001062  A$lcc4844 |    00001063  A$lcc4844 |    00001065  A$lcc4844
     00001066  A$lcc4844 |    00001068  A$lcc4844 |    00001069  A$lcc4844
     0000106B  A$lcc4844 |    0000106C  A$lcc4844 |    0000106E  A$lcc4844
     0000106F  A$lcc4844 |    00001071  A$lcc4844 |    00001073  A$lcc4844
     00001075  A$lcc4844 |    00001076  A$lcc4844 |    00001077  A$lcc4844
     0000107A  A$lcc4844 |    0000107B  A$lcc4844 |    0000107C  A$lcc4844
     0000107D  A$lcc4844 |    0000107F  A$lcc4844 |    00001080  A$lcc4844
     00001081  A$lcc4844 |    00001082  A$lcc4844 |    00001084  A$lcc4844
[...]
Hexadecimal  [32-Bits]

Area                       Addr        Size        Decimal Bytes (Attributes)
--------------------       ----        ----        ------- ----- ------------
_HEADERf               00000000    00000002 =           2. bytes (ABS,CON)

        Value  Global            Value  Global            Value  Global    
        -----  ------            -----  ------            -----  ------    
ASxxxx Linker V03.00 + NoICE + sdld,  page 48.
Hexadecimal  [32-Bits]

Area                       Addr        Size        Decimal Bytes (Attributes)
--------------------       ----        ----        ------- ----- ------------
_HEADER10              00000000    00000084 =         132. bytes (ABS,CON)

        Value  Global            Value  Global            Value  Global    
        -----  ------            -----  ------            -----  ------    
     00000150  .reset    |    00000150  _reset    |    00000157  .code_sta
     000001B9  _exit     |    000001BD  _set_inte
ASxxxx Linker V03.00 + NoICE + sdld,  page 49.
Hexadecimal  [32-Bits]

Area                       Addr        Size        Decimal Bytes (Attributes)
--------------------       ----        ----        ------- ----- ------------
_HEADER11              00000000    00000001 =           1. bytes (ABS,CON)

        Value  Global            Value  Global            Value  Global    
        -----  ------            -----  ------            -----  ------    
ASxxxx Linker V03.00 + NoICE + sdld,  page 50.
Hexadecimal  [32-Bits]

Area                       Addr        Size        Decimal Bytes (Attributes)
--------------------       ----        ----        ------- ----- ------------
_HOME                  000027B8    000003BC =         956. bytes (REL,CON)

        Value  Global            Value  Global            Value  Global    
        -----  ------            -----  ------            -----  ------    
     000027B8  .memset_s |    000027C1  .memcpy_s |    000027DE  .remove_V
     000027E1  .remove_i |    000027FE  .add_VBL  |    00002801  .add_int 
     0000280C  .wait_vbl |    0000280C  _wait_vbl |    0000281C  .display_
     0000281C  _display_ |    00002834  _remove_V |    0000283F  _add_VBL 
     0000284A  A$lcc4844 |    0000284A  C$sound.c |    0000284A  G$hUGE_in
     0000284A  _hUGE_ini |    0000284B  A$lcc4844 |    0000284C  A$lcc4844
     0000284D  A$lcc4844 |    0000284E  A$lcc4844 |    0000284F  A$lcc4844
     00002850  A$lcc4844 |    00002850  C$sound.c |    00002851  A$lcc4844
     00002851  C$sound.c |    00002852  A$lcc4844 |    00002854  A$lcc4844
     00002857  A$lcc4844 |    00002858  A$lcc4844 |    00002858  C$sound.c
     00002859  A$lcc4844 |    0000285B  A$lcc4844 |    0000285C  A$lcc4844
     0000285D  A$lcc4844 |    0000285E  A$lcc4844 |    00002861  A$lcc4844
     00002862  A$lcc4844 |    00002862  C$sound.c |    00002863  A$lcc4844
     00002865  A$lcc4844 |    00002868  A$lcc4844 |    00002869  A$lcc4844
     0000286A  A$lcc4844 |    0000286B  A$lcc4844 |    0000286C  A$lcc4844
     0000286C  C$sound.c |    0000286C  XG$hUGE_i |    0000286D  G$SFX_0$0
     0000286D  _SFX_0    |    00002874  G$SFX_1$0 |    00002874  _SFX_1   
     0000287A  G$SFX_2$0 |    0000287A  _SFX_2    |    00002881  G$SFX_3$0
     00002881  _SFX_3    |    00002888  G$SFX_4$0 |    00002888  _SFX_4   
     0000288E  G$SFX_5$0 |    0000288E  _SFX_5    |    00002895  G$SFX_6$0
     00002895  _SFX_6    |    0000289C  G$SFX_7$0 |    0000289C  _SFX_7   
     000028A2  A$lcc4844 |    000028A2  C$sound.c |    000028A2  C$sound.c
     000028A2  G$mute_ch |    000028A2  _mute_cha |    000028A3  A$lcc4844
     000028A5  A$lcc4844 |    000028A6  A$lcc4844 |    000028A8  A$lcc4844
     000028A9  A$lcc4844 |    000028AB  A$lcc4844 |    000028AC  A$lcc4844
     000028AE  A$lcc4844 |    000028AE  C$sound.c |    000028B0  A$lcc4844
     000028B2  A$lcc4844 |    000028B4  A$lcc4844 |    000028B6  A$lcc4844
     000028B8  A$lcc4844 |    000028BA  A$lcc4844 |    000028BA  C$sound.c
     000028BC  A$lcc4844 |    000028BE  A$lcc4844 |    000028BE  C$sound.c
     000028BE  XG$mute_c |    000028BF  A$lcc4844 |    000028BF  C$sound.c
     000028BF  C$sound.c |    000028BF  G$music_p |    000028BF  _music_pl
     000028C1  A$lcc4844 |    000028C3  A$lcc4844 |    000028C3  C$sound.c
     000028C6  A$lcc4844 |    000028C8  A$lcc4844 |    000028C8  C$sound.c
     000028CB  A$lcc4844 |    000028CD  A$lcc4844 |    000028CD  C$sound.c
     000028CD  XG$music_ |    000028CE  A$lcc4844 |    000028CE  C$sound.c
     000028CE  C$sound.c |    000028CE  G$music_r |    000028CE  _music_re
     000028D0  A$lcc4844 |    000028D2  A$lcc4844 |    000028D2  C$sound.c
     000028D5  A$lcc4844 |    000028D7  A$lcc4844 |    000028D7  C$sound.c
     000028DA  A$lcc4844 |    000028DC  A$lcc4844 |    000028DC  C$sound.c
     000028DC  XG$music_ |    000028DD  A$lcc4844 |    000028DD  C$sound.c
     000028DD  C$sound.c |    000028DD  G$music_p |    000028DD  _music_pa
     000028E0  A$lcc4844 |    000028E1  A$lcc4844 |    000028E4  A$lcc4844
     000028E5  A$lcc4844 |    000028E5  C$sound.c |    000028E8  A$lcc4844
     000028E8  C$sound.c |    000028EB  A$lcc4844 |    000028ED  A$lcc4844
     000028ED  C$sound.c |    000028F0  A$lcc4844 |    000028F2  A$lcc4844
     000028F2  C$sound.c |    000028F2  XG$music_ |    000028F3  _rand    
     000028F3  _randw    |    0000291E  _initrand |    00002920  .initrand
     00002929  _set_tile |    0000292E  _set_bkg_ |    0000292E  _set_win_
     00002936  _set_spri |    00002966  _fill_bkg |    00002978  .padup   
     00002978  _waitpadu |    00002988  .jpad     |    00002988  _joypad  
ASxxxx Linker V03.00 + NoICE + sdld,  page 51.
Hexadecimal  [32-Bits]

Area                       Addr        Size        Decimal Bytes (Attributes)
--------------------       ----        ----        ------- ----- ------------
_HOME                  000027B8    000003BC =         956. bytes (REL,CON)

        Value  Global            Value  Global            Value  Global    
        -----  ------            -----  ------            -----  ------    
     000029B0  _waitpad  |    000029B1  .wait_pad |    000029B8  ___sdcc_c
     000029E8  _add_LCD  |    000029F3  .add_LCD  |    000029F9  _remove_L
     00002A04  .remove_L |    00002A0A  _set_bkg_ |    00002A1E  _uitoa   
     00002A2D  _itoa     |    00002A3C  .itoa     |    00002A50  .utoa    
     00002AC4  .fill_rec |    00002ACD  .fill_rec |    00002B1A  .set_xy_w
     00002B23  .set_xy_b |    00002B32  .set_xy_t
ASxxxx Linker V03.00 + NoICE + sdld,  page 52.
Hexadecimal  [32-Bits]

Area                       Addr        Size        Decimal Bytes (Attributes)
--------------------       ----        ----        ------- ----- ------------
_CODE_0                00002B74    00000440 =        1088. bytes (REL,CON)

        Value  Global            Value  Global            Value  Global    
        -----  ------            -----  ------            -----  ------    
     00002B74  G$FONT$0_ |    00002B74  _FONT    
ASxxxx Linker V03.00 + NoICE + sdld,  page 53.
Hexadecimal  [32-Bits]

Area                       Addr        Size        Decimal Bytes (Attributes)
--------------------       ----        ----        ------- ----- ------------
_INITIALIZER           00002FB4    00000074 =         116. bytes (REL,CON)

        Value  Global            Value  Global            Value  Global    
        -----  ------            -----  ------            -----  ------    
     00002FB4  Fmain$__x |    00002FD8  Fmain$__x |    00002FDB  Fmain$__x
     00002FDF  Fmain$__x |    00002FE3  Fmain$__x |    00002FEA  Fmain$__x
     00002FEF  Fmain$__x |    00002FF0  Fmain$__x |    00002FF5  Fmain$__x
     00002FFA  Fmain$__x |    00003001  Fmain$__x |    00003007  Fmain$__x
     00003008  Fmain$__x |    00003020  Fmain$__x |    00003022  Fsound$__
ASxxxx Linker V03.00 + NoICE + sdld,  page 54.
Hexadecimal  [32-Bits]

Area                       Addr        Size        Decimal Bytes (Attributes)
--------------------       ----        ----        ------- ----- ------------
_GSINIT                00003028    0000000C =          12. bytes (REL,CON)

        Value  Global            Value  Global            Value  Global    
        -----  ------            -----  ------            -----  ------    
     00003028  gsinit   
ASxxxx Linker V03.00 + NoICE + sdld,  page 55.
Hexadecimal  [32-Bits]

Area                       Addr        Size        Decimal Bytes (Attributes)
--------------------       ----        ----        ------- ----- ------------
_GSFINAL               00003034    00000001 =           1. bytes (REL,CON)

        Value  Global            Value  Global            Value  Global    
        -----  ------            -----  ------            -----  ------    
ASxxxx Linker V03.00 + NoICE + sdld,  page 56.
Hexadecimal  [32-Bits]

Area                       Addr        Size        Decimal Bytes (Attributes)
--------------------       ----        ----        ------- ----- ------------
_DATA                  0000C0A0    000000EC =         236. bytes (REL,CON)

        Value  Global            Value  Global            Value  Global    
        -----  ------            -----  ------            -----  ------    
     0000C0A0  __cpu     |    0000C0A1  __is_GBA  |    0000C0A2  .mode    
     0000C0A3  .sys_time |    0000C0A3  _sys_time |    0000C0A5  .int_0x40
     0000C0B1  G$scroll$ |    0000C0B1  _scroll   |    0000C0BB  G$PLAYER$
     0000C0BB  _PLAYER   |    0000C0C3  G$LOG_FRO |    0000C0C3  _LOG_FROG
     0000C0CB  G$FLY$0_0 |    0000C0CB  _FLY      |    0000C0D3  G$joy$0_0
     0000C0D3  _joy      |    0000C0D4  G$last_jo |    0000C0D4  _last_joy
     0000C0D5  G$is_movi |    0000C0D5  _is_movin |    0000C0D6  G$is_anim
     0000C0D6  _is_anima |    0000C0D7  G$is_dyin |    0000C0D7  _is_dying
     0000C0D8  G$turtles |    0000C0D8  _turtles_ |    0000C0D9  G$move_x$
     0000C0D9  _move_x   |    0000C0DA  G$move_y$ |    0000C0DA  _move_y  
     0000C0DB  G$scx_cou |    0000C0DB  _scx_coun |    0000C0DC  G$turtle_
     0000C0DC  _turtle_c |    0000C0DD  G$dive_co |    0000C0DD  _dive_cou
     0000C0DE  G$timer$0 |    0000C0DE  _timer    |    0000C0E0  G$fly_tim
     0000C0E0  _fly_time |    0000C0E2  G$fly_res |    0000C0E2  _fly_resp
     0000C0E4  G$timer_t |    0000C0E4  _timer_ti |    0000C0E5  G$pause_t
     0000C0E5  _pause_ti |    0000C0E6  G$flash$0 |    0000C0E6  _flash   
     0000C0E7  G$GAMESTA |    0000C0E7  _GAMESTAT |    0000C0E8  G$TIMERST
     0000C0E8  _TIMERSTA |    0000C0E9  G$turtle_ |    0000C0E9  _turtle_t
     0000C0EA  G$dive_ti |    0000C0EA  _dive_til |    0000C0EB  G$cave$0_
     0000C0EB  _cave     |    0000C0F0  G$y_min$0 |    0000C0F0  _y_min   
     0000C0F1  G$vram_ad |    0000C0F1  _vram_add |    0000C0F3  G$score$0
     0000C0F3  _score    |    0000C0F5  G$score_b |    0000C0F5  _score_bu
     0000C0FA  G$current |    0000C0FA  _current_ |    0000C0FB  G$level_b
     0000C0FB  _level_bu |    0000C113  G$animati |    0000C113  _animatio
     0000C114  G$death_a |    0000C114  _death_an |    0000C115  G$seed$0_
     0000C115  _seed     |    0000C117  G$debug_r |    0000C117  _debug_rn
     0000C118  G$debug_f |    0000C118  _debug_fl |    0000C119  G$music_p
     0000C119  _music_pa |    0000C11A  G$music_p |    0000C11A  _music_pl
     0000C137  _hUGE_cur |    0000C137  hUGE_curr |    0000C138  _hUGE_mut
     0000C17F  ___rand_s |    0000C181  ___curren |    0000C183  ___curren
     0000C184  .int_0x48
ASxxxx Linker V03.00 + NoICE + sdld,  page 57.
Hexadecimal  [32-Bits]

Area                       Addr        Size        Decimal Bytes (Attributes)
--------------------       ----        ----        ------- ----- ------------
_INITIALIZED           0000C18C    00000074 =         116. bytes (REL,CON)

        Value  Global            Value  Global            Value  Global    
        -----  ------            -----  ------            -----  ------    
     0000C18C  G$scroll_ |    0000C18C  _scroll_r |    0000C1B0  G$turtle_
     0000C1B0  _turtle_d |    0000C1B3  G$turtle_ |    0000C1B3  _turtle_d
     0000C1B7  G$turtle_ |    0000C1B7  _turtle_t |    0000C1BB  G$dive_ti
     0000C1BB  _dive_til |    0000C1C2  G$cave_fl |    0000C1C2  _cave_fly
     0000C1C7  G$lives$0 |    0000C1C7  _lives    |    0000C1C8  G$PLAYER1
     0000C1C8  _PLAYER1U |    0000C1CD  G$PLAYER2 |    0000C1CD  _PLAYER2U
     0000C1D2  G$level_t |    0000C1D2  _level_te |    0000C1D9  G$pause_t
     0000C1D9  _pause_te |    0000C1DF  G$death_a |    0000C1DF  _death_an
     0000C1E0  G$LYs$0_0 |    0000C1E0  _LYs      |    0000C1F8  G$current
     0000C1F8  _current  |    0000C1FA  G$Sound_C |    0000C1FA  _Sound_Ch
     0000C1FE  ___render |    0000C1FF  __map_til
ASxxxx Linker V03.00 + NoICE + sdld,  page 58.
Hexadecimal  [32-Bits]

Area                       Addr        Size        Decimal Bytes (Attributes)
--------------------       ----        ----        ------- ----- ------------
_HRAM12                00000000    00000003 =           3. bytes (ABS,CON)

        Value  Global            Value  Global            Value  Global    
        -----  ------            -----  ------            -----  ------    
     0000FF90  __current |    0000FF92  __shadow_
ASxxxx Linker V03.00 + NoICE + sdld,  page 59.
Hexadecimal  [32-Bits]

Area                       Addr        Size        Decimal Bytes (Attributes)
--------------------       ----        ----        ------- ----- ------------
_CODE_1                00014000    0000224E =        8782. bytes (REL,CON)

        Value  Global            Value  Global            Value  Global    
        -----  ------            -----  ------            -----  ------    
     00014000  G$BKG_MAP |    00014000  _BKG_MAP  |    00014400  G$BKG_TIL
     00014400  _BKG_TILE |    000146F0  G$COLLISI |    000146F0  _COLLISIO
     00014AF0  C$fly.c$9 |    00014AF0  G$__func_ |    00014AF0  G$fly_pal
     00014AF0  ___func_f |    00014AF0  _fly_pale |    00014AF8  G$fly_til
     00014AF8  _fly_tile |    00014B38  G$fly_met |    00014B38  _fly_meta
     00014B44  G$fly_met |    00014B44  _fly_meta |    00014B46  G$FROG_LI
     00014B46  _FROG_LIV |    00014B56  C$frogger |    00014B56  G$__func_
     00014B56  G$frogger |    00014B56  ___func_f |    00014B56  _frogger_
     00014B60  G$frogger |    00014B60  _frogger_ |    00014DA0  G$frogger
     00014DA0  _frogger_ |    00014DAC  G$frogger |    00014DAC  _frogger_
     00014DB8  G$frogger |    00014DB8  _frogger_ |    00014DC4  G$frogger
     00014DC4  _frogger_ |    00014DD0  G$frogger |    00014DD0  _frogger_
     00014DDC  G$frogger |    00014DDC  _frogger_ |    00014DE8  G$frogger
     00014DE8  _frogger_ |    00014DF4  G$frogger |    00014DF4  _frogger_
     00014E00  G$frogger |    00014E00  _frogger_ |    00014E0C  G$frogger
     00014E0C  _frogger_ |    00014E1E  G$frogger |    00014E1E  _frogger_
     00014E32  G$frogger |    00014E32  _frogger_ |    00014E46  G$frogger
     00014E46  _frogger_ |    00014E78  C$frogger |    00014E78  G$__func_
     00014E78  G$frogger |    00014E78  ___func_f |    00014E78  _frogger_
     00014E80  G$frogger |    00014E80  _frogger_ |    00014EC0  G$frogger
     00014EC0  _frogger_ |    00014ECC  G$frogger |    00014ECC  _frogger_
     00014ECE  C$log_fro |    00014ECE  G$__func_ |    00014ECE  G$log_fro
     00014ECE  ___func_l |    00014ECE  _log_frog |    00014ED8  G$log_fro
     00014ED8  _log_frog |    00014F18  G$log_fro |    00014F18  _log_frog
     00014F24  G$log_fro |    00014F24  _log_frog |    00014F26  G$WIN_FRO
     00014F26  _WIN_FROG |    00014F2A  Fsample_s |    00014F2B  Fsample_s
     00014FEB  Fsample_s |    000150AB  Fsample_s |    0001516B  Fsample_s
     0001522B  Fsample_s |    000152EB  Fsample_s |    000153AB  Fsample_s
     0001546B  Fsample_s |    0001552B  Fsample_s |    000155EB  Fsample_s
     000156AB  Fsample_s |    0001576B  Fsample_s |    0001582B  Fsample_s
     000158EB  Fsample_s |    000159AB  Fsample_s |    00015A6B  Fsample_s
     00015B2B  Fsample_s |    00015BEB  Fsample_s |    00015CAB  Fsample_s
     00015D6B  Fsample_s |    00015E2B  Fsample_s |    00015EEB  Fsample_s
     00015FAB  Fsample_s |    00015FCB  Fsample_s |    00015FEB  Fsample_s
     0001600B  Fsample_s |    0001602B  Fsample_s |    00016085  Fsample_s
     000160DF  Fsample_s |    00016139  Fsample_s |    00016239  G$sample_
     00016239  _sample_s
ASxxxx Linker V03.00 + NoICE + sdld,  page 60.
Hexadecimal  [32-Bits]

Area                       Addr        Size        Decimal Bytes (Attributes)
--------------------       ----        ----        ------- ----- ------------
_HEADER_LCD0           00000000    00000003 =           3. bytes (ABS,CON)

        Value  Global            Value  Global            Value  Global    
        -----  ------            -----  ------            -----  ------    
ASxxxx Linker V03.00 + NoICE + sdld,  page 61.

Files Linked                              [ module(s) ]

C:\c_code\gbdk\lib/gb/crt0.o              [ Runtime ]
C:\Users\EMART~1\AppData\Local\Temp/lcc48440.rel
                                          [ main ]
C:\Users\EMART~1\AppData\Local\Temp/lcc48441.rel
                                          [ bkg_map ]
C:\Users\EMART~1\AppData\Local\Temp/lcc48442.rel
                                          [ bkg_tiles ]
C:\Users\EMART~1\AppData\Local\Temp/lcc48443.rel
                                          [ collision_map ]
C:\Users\EMART~1\AppData\Local\Temp/lcc48444.rel
                                          [ fly ]
C:\Users\EMART~1\AppData\Local\Temp/lcc48445.rel
                                          [ font ]
C:\Users\EMART~1\AppData\Local\Temp/lcc48446.rel
                                          [ frog_lives ]
C:\Users\EMART~1\AppData\Local\Temp/lcc48447.rel
                                          [ frogger ]
C:\Users\EMART~1\AppData\Local\Temp/lcc48448.rel
                                          [ frogger_16 ]
C:\Users\EMART~1\AppData\Local\Temp/lcc48449.rel
                                          [ log_frog ]
C:\Users\EMART~1\AppData\Local\Temp/lcc484410.rel
                                          [ reset_timer ]
C:\Users\EMART~1\AppData\Local\Temp/lcc484411.rel
                                          [ win_frog ]
C:\Users\EMART~1\AppData\Local\Temp/lcc484412.rel
                                          [ sample_song ]
C:\Users\EMART~1\AppData\Local\Temp/lcc484413.rel
                                          [ sound ]


Libraries Linked                          [ object file ]

lib/hUGEDriver.lib                        [ hUGEDriver.o ]
C:\c_code\gbdk\lib/sm83/sm83.lib          [ rand.o ]
C:\c_code\gbdk\lib/gb/gb.lib              [ sfr.o ]
C:\c_code\gbdk\lib/gb/gb.lib              [ get_tile.o ]
C:\c_code\gbdk\lib/gb/gb.lib              [ set_tile.o ]
C:\c_code\gbdk\lib/gb/gb.lib              [ metasprites_hide.o ]
C:\c_code\gbdk\lib/gb/gb.lib              [ set_data.o ]
C:\c_code\gbdk\lib/gb/gb.lib              [ metasprites_flip.o ]
C:\c_code\gbdk\lib/sm83/sm83.lib          [ sprintf.o ]
C:\c_code\gbdk\lib/gb/gb.lib              [ fill_rect_bk.o ]
C:\c_code\gbdk\lib/gb/gb.lib              [ pad.o ]
C:\c_code\gbdk\lib/gb/gb.lib              [ metasprites.o ]
C:\c_code\gbdk\lib/sm83/sm83.lib          [ __sdcc_call_hl.o ]
C:\c_code\gbdk\lib/gb/gb.lib              [ lcd.o ]
C:\c_code\gbdk\lib/gb/gb.lib              [ get_addr.o ]
C:\c_code\gbdk\lib/sm83/sm83.lib          [ div.o ]
C:\c_code\gbdk\lib/gb/gb.lib              [ set_bk_t.o ]
C:\c_code\gbdk\lib/sm83/sm83.lib          [ itoa.o ]
C:\c_code\gbdk\lib/gb/gb.lib              [ fill_rect.o ]
C:\c_code\gbdk\lib/gb/gb.lib              [ set_xy_t.o ]

ASxxxx Linker V03.00 + NoICE + sdld,  page 62.

User Base Address Definitions

_DATA=0xC0A0
_CODE=0x0200
ASxxxx Linker V03.00 + NoICE + sdld,  page 63.

User Global Definitions

_shadow_OAM=0xC000
.STACK=0xE000
.refresh_OAM=0xFF80

