ASxxxx Linker V03.00 + NoICE + sdld,  page 1.
Hexadecimal  [32-Bits]

Area                       Addr        Size        Decimal Bytes (Attributes)
--------------------       ----        ----        ------- ----- ------------
.  .ABS.               00000000    00000000 =           0. bytes (ABS,CON)

        Value  Global            Value  Global            Value  Global    
        -----  ------            -----  ------            -----  ------    
     00000000  .__.ABS.  |    00000000  _rRAMG    |    00000000  l__BASE  
     00000000  l__BSS    |    00000000  l__CABS   |    00000000  l__DABS  
     00000000  l__HEADER |    00000000  l__HEADER |    00000000  l__HEAP  
     00000000  l__HRAM   |    00000000  l__LIT    |    00000000  s__CABS  
     00000000  s__DABS   |    00000000  s__HEADER |    00000000  s__HEADER
     00000000  s__HEADER |    00000000  s__HEADER |    00000000  s__HEADER
     00000000  s__HEADER |    00000000  s__HEADER |    00000000  s__HEADER
     00000000  s__HEADER |    00000000  s__HEADER |    00000000  s__HEADER
     00000000  s__HEADER |    00000000  s__HEADER |    00000000  s__HEADER
     00000000  s__HEADER |    00000000  s__HEADER |    00000000  s__HEADER
     00000000  s__HEADER |    00000000  s__HEADER |    00000000  s__HEADER
     00000000  s__HEADER |    00000000  s__HRAM   |    00000000  s__HRAM12
     00000001  ___bank_f |    00000001  ___bank_f |    00000001  ___bank_t
     00000001  l__GSFINA |    00000001  l__HEADER |    00000001  l__HEADER
     00000001  l__HEADER |    00000001  l__HEADER |    00000001  l__HEADER
     00000001  l__HEADER |    00000001  l__HEADER |    00000002  l__HEADER
     00000002  l__HEADER |    00000002  l__HEADER |    00000003  l__HEADER
     00000003  l__HEADER |    00000003  l__HRAM12 |    00000005  l__HEADER
     00000006  l__HEADER |    00000007  l__HEADER |    00000008  l__HEADER
     0000000C  l__GSINIT |    00000030  l__HEADER |    0000004F  l__HEADER
     00000050  l__INITIA |    00000050  l__INITIA |    0000007C  l__DATA  
     00000082  l__HEADER |    00000200  s__CODE   |    0000039A  l__HOME  
     000003D0  l__CODE_1 |    00000440  l__CODE_0 |    00002000  _rROMB0  
     000024B6  l__CODE   |    000026B6  s__HOME   |    00002A50  s__BASE  
     00002A50  s__CODE_0 |    00002E90  s__INITIA |    00002E90  s__LIT   
     00002EE0  s__GSINIT |    00002EEC  s__GSFINA |    00003000  _rROMB1  
     00004000  _rRAMB    |    00008000  __VRAM    |    00008000  __VRAM800
     00008800  __VRAM880 |    00009000  __VRAM900 |    00009800  __SCRN0  
     00009C00  __SCRN1   |    0000A000  __SRAM    |    0000C000  __RAM    
     0000C000  _shadow_O |    0000C0A0  s__DATA   |    0000C11C  s__BSS   
     0000C11C  s__INITIA |    0000C16C  s__HEAP   |    0000D000  __RAMBANK
     0000E000  .STACK    |    0000FE00  __OAMRAM  |    0000FF00  _P1_REG  
     0000FF00  __IO      |    0000FF01  _SB_REG   |    0000FF02  _SC_REG  
     0000FF04  _DIV_REG  |    0000FF05  _TIMA_REG |    0000FF06  _TMA_REG 
     0000FF07  _TAC_REG  |    0000FF0F  _IF_REG   |    0000FF10  _NR10_REG
     0000FF11  _NR11_REG |    0000FF12  _NR12_REG |    0000FF13  _NR13_REG
     0000FF14  _NR14_REG |    0000FF16  _NR21_REG |    0000FF17  _NR22_REG
     0000FF18  _NR23_REG |    0000FF19  _NR24_REG |    0000FF1A  _NR30_REG
     0000FF1B  _NR31_REG |    0000FF1C  _NR32_REG |    0000FF1D  _NR33_REG
     0000FF1E  _NR34_REG |    0000FF20  _NR41_REG |    0000FF21  _NR42_REG
     0000FF22  _NR43_REG |    0000FF23  _NR44_REG |    0000FF24  _NR50_REG
     0000FF25  _NR51_REG |    0000FF26  _NR52_REG |    0000FF30  _PCM_SAMP
     0000FF30  __AUD3WAV |    0000FF40  _LCDC_REG |    0000FF41  _STAT_REG
     0000FF42  _SCY_REG  |    0000FF43  _SCX_REG  |    0000FF44  _LY_REG  
     0000FF45  _LYC_REG  |    0000FF46  _DMA_REG  |    0000FF47  _BGP_REG 
     0000FF48  _OBP0_REG |    0000FF49  _OBP1_REG |    0000FF4A  _WY_REG  
     0000FF4B  _WX_REG   |    0000FF4D  _KEY1_REG |    0000FF4F  _VBK_REG 
     0000FF51  _HDMA1_RE |    0000FF52  _HDMA2_RE |    0000FF53  _HDMA3_RE
     0000FF54  _HDMA4_RE |    0000FF55  _HDMA5_RE |    0000FF56  _RP_REG  
     0000FF68  _BCPS_REG |    0000FF69  _BCPD_REG |    0000FF6A  _OCPS_REG
ASxxxx Linker V03.00 + NoICE + sdld,  page 2.
Hexadecimal  [32-Bits]

Area                       Addr        Size        Decimal Bytes (Attributes)
--------------------       ----        ----        ------- ----- ------------
.  .ABS.               00000000    00000000 =           0. bytes (ABS,CON)

        Value  Global            Value  Global            Value  Global    
        -----  ------            -----  ------            -----  ------    
     0000FF6B  _OCPD_REG |    0000FF70  _SVBK_REG |    0000FF76  _PCM12_RE
     0000FF77  _PCM34_RE |    0000FF80  .refresh_ |    0000FF80  __HRAM   
     0000FFFF  _IE_REG   |    00014000  s__CODE_1
ASxxxx Linker V03.00 + NoICE + sdld,  page 3.
Hexadecimal  [32-Bits]

Area                       Addr        Size        Decimal Bytes (Attributes)
--------------------       ----        ----        ------- ----- ------------
_CODE                  00000200    000024B6 =        9398. bytes (REL,CON)

        Value  Global            Value  Global            Value  Global    
        -----  ------            -----  ------            -----  ------    
     00000200  A$lcc7164 |    00000200  C$main.c$ |    00000200  C$main.c$
     00000200  G$overlap |    00000200  _overlap  |    00000202  A$lcc7164
     00000203  A$lcc7164 |    00000205  A$lcc7164 |    00000206  A$lcc7164
     00000208  A$lcc7164 |    0000020A  A$lcc7164 |    0000020B  A$lcc7164
     0000020D  A$lcc7164 |    0000020E  A$lcc7164 |    00000210  A$lcc7164
     00000212  A$lcc7164 |    00000213  A$lcc7164 |    00000215  A$lcc7164
     00000216  A$lcc7164 |    00000218  A$lcc7164 |    0000021A  A$lcc7164
     0000021B  A$lcc7164 |    0000021D  A$lcc7164 |    0000021E  A$lcc7164
     00000220  A$lcc7164 |    00000222  A$lcc7164 |    00000223  A$lcc7164
     00000225  A$lcc7164 |    00000226  A$lcc7164 |    00000228  A$lcc7164
     0000022A  A$lcc7164 |    0000022B  A$lcc7164 |    0000022D  A$lcc7164
     0000022E  A$lcc7164 |    00000230  A$lcc7164 |    00000232  A$lcc7164
     00000233  A$lcc7164 |    00000235  A$lcc7164 |    00000236  A$lcc7164
     00000238  A$lcc7164 |    0000023A  A$lcc7164 |    0000023B  A$lcc7164
     0000023D  A$lcc7164 |    0000023E  A$lcc7164 |    00000240  A$lcc7164
     00000240  C$main.c$ |    00000242  A$lcc7164 |    00000243  A$lcc7164
     00000243  C$main.c$ |    00000245  A$lcc7164 |    00000246  A$lcc7164
     00000247  A$lcc7164 |    00000249  A$lcc7164 |    0000024A  A$lcc7164
     0000024B  A$lcc7164 |    0000024C  A$lcc7164 |    0000024D  A$lcc7164
     0000024E  A$lcc7164 |    0000024F  A$lcc7164 |    00000250  A$lcc7164
     00000251  A$lcc7164 |    00000253  A$lcc7164 |    00000255  A$lcc7164
     00000257  A$lcc7164 |    00000259  A$lcc7164 |    0000025A  A$lcc7164
     0000025C  A$lcc7164 |    0000025E  A$lcc7164 |    00000260  A$lcc7164
     00000261  A$lcc7164 |    00000263  A$lcc7164 |    00000265  A$lcc7164
     00000266  A$lcc7164 |    00000267  A$lcc7164 |    00000269  A$lcc7164
     0000026A  A$lcc7164 |    0000026B  A$lcc7164 |    0000026C  A$lcc7164
     0000026D  A$lcc7164 |    0000026E  A$lcc7164 |    0000026F  A$lcc7164
     00000270  A$lcc7164 |    00000271  A$lcc7164 |    00000273  A$lcc7164
     00000275  A$lcc7164 |    00000277  A$lcc7164 |    00000279  A$lcc7164
     0000027A  A$lcc7164 |    0000027C  A$lcc7164 |    0000027E  A$lcc7164
     00000280  A$lcc7164 |    00000281  A$lcc7164 |    00000283  A$lcc7164
     00000283  C$main.c$ |    00000285  A$lcc7164 |    00000286  A$lcc7164
     00000286  C$main.c$ |    00000288  A$lcc7164 |    00000289  A$lcc7164
     0000028A  A$lcc7164 |    0000028C  A$lcc7164 |    0000028D  A$lcc7164
     0000028E  A$lcc7164 |    0000028F  A$lcc7164 |    00000290  A$lcc7164
     00000291  A$lcc7164 |    00000292  A$lcc7164 |    00000293  A$lcc7164
     00000294  A$lcc7164 |    00000296  A$lcc7164 |    00000298  A$lcc7164
     0000029A  A$lcc7164 |    0000029C  A$lcc7164 |    0000029D  A$lcc7164
     0000029F  A$lcc7164 |    000002A1  A$lcc7164 |    000002A3  A$lcc7164
     000002A4  A$lcc7164 |    000002A6  A$lcc7164 |    000002A8  A$lcc7164
     000002A9  A$lcc7164 |    000002AA  A$lcc7164 |    000002AC  A$lcc7164
     000002AD  A$lcc7164 |    000002AE  A$lcc7164 |    000002AF  A$lcc7164
     000002B0  A$lcc7164 |    000002B1  A$lcc7164 |    000002B2  A$lcc7164
     000002B3  A$lcc7164 |    000002B4  A$lcc7164 |    000002B6  A$lcc7164
     000002B8  A$lcc7164 |    000002BA  A$lcc7164 |    000002BC  A$lcc7164
     000002BD  A$lcc7164 |    000002BF  A$lcc7164 |    000002C1  A$lcc7164
     000002C3  A$lcc7164 |    000002C4  A$lcc7164 |    000002C6  A$lcc7164
     000002C6  C$main.c$ |    000002C8  A$lcc7164 |    000002C9  A$lcc7164
     000002C9  C$main.c$ |    000002CB  A$lcc7164 |    000002CB  C$main.c$
     000002CB  XG$overla |    000002CC  A$lcc7164 |    000002CC  C$main.c$
ASxxxx Linker V03.00 + NoICE + sdld,  page 4.
Hexadecimal  [32-Bits]

Area                       Addr        Size        Decimal Bytes (Attributes)
--------------------       ----        ----        ------- ----- ------------
_CODE                  00000200    000024B6 =        9398. bytes (REL,CON)

        Value  Global            Value  Global            Value  Global    
        -----  ------            -----  ------            -----  ------    
     000002CC  C$main.c$ |    000002CC  G$kill_fr |    000002CC  _kill_fro
     000002CF  A$lcc7164 |    000002D1  A$lcc7164 |    000002D1  C$main.c$
     000002D4  A$lcc7164 |    000002D6  A$lcc7164 |    000002D6  C$main.c$
     000002D9  A$lcc7164 |    000002DB  A$lcc7164 |    000002DB  C$main.c$
     000002DB  XG$kill_f |    000002DC  A$lcc7164 |    000002DC  C$main.c$
     000002DC  G$render_ |    000002DC  _render_a |    000002DD  A$lcc7164
     000002DD  C$main.c$ |    000002E0  A$lcc7164 |    000002E1  A$lcc7164
     000002E1  C$main.c$ |    000002E4  A$lcc7164 |    000002E5  A$lcc7164
     000002E7  A$lcc7164 |    000002E8  A$lcc7164 |    000002E9  A$lcc7164
     000002EA  A$lcc7164 |    000002EB  A$lcc7164 |    000002EC  A$lcc7164
     000002EE  A$lcc7164 |    000002F1  A$lcc7164 |    000002F2  A$lcc7164
     000002F2  C$main.c$ |    000002F2  C$main.c$ |    000002F3  A$lcc7164
     000002F4  A$lcc7164 |    000002F6  A$lcc7164 |    000002F9  A$lcc7164
     000002FB  A$lcc7164 |    000002FC  A$lcc7164 |    000002FF  A$lcc7164
     00000301  A$lcc7164 |    00000302  A$lcc7164 |    00000305  A$lcc7164
     00000306  A$lcc7164 |    00000307  A$lcc7164 |    00000308  A$lcc7164
     0000030B  A$lcc7164 |    0000030C  A$lcc7164 |    0000030D  A$lcc7164
     0000030E  A$lcc7164 |    00000311  A$lcc7164 |    00000313  A$lcc7164
     00000315  A$lcc7164 |    00000317  A$lcc7164 |    00000319  A$lcc7164
     0000031C  A$lcc7164 |    0000031E  A$lcc7164 |    00000321  A$lcc7164
     00000322  A$lcc7164 |    00000323  A$lcc7164 |    00000324  A$lcc7164
     00000325  A$lcc7164 |    00000327  A$lcc7164 |    00000328  A$lcc7164
     0000032A  A$lcc7164 |    0000032B  A$lcc7164 |    0000032E  A$lcc7164
     00000330  A$lcc7164 |    00000330  C$main.c$ |    00000332  A$lcc7164
     00000332  C$main.c$ |    00000333  A$lcc7164 |    00000334  A$lcc7164
     00000336  A$lcc7164 |    00000339  A$lcc7164 |    0000033A  A$lcc7164
     0000033D  A$lcc7164 |    0000033E  A$lcc7164 |    00000341  A$lcc7164
     00000342  A$lcc7164 |    00000343  A$lcc7164 |    00000344  A$lcc7164
     00000345  A$lcc7164 |    00000348  A$lcc7164 |    00000349  A$lcc7164
     0000034A  A$lcc7164 |    0000034B  A$lcc7164 |    0000034E  A$lcc7164
     00000350  A$lcc7164 |    00000351  A$lcc7164 |    00000352  A$lcc7164
     00000353  A$lcc7164 |    00000354  A$lcc7164 |    00000355  A$lcc7164
     00000356  A$lcc7164 |    00000357  A$lcc7164 |    00000358  A$lcc7164
     0000035B  A$lcc7164 |    0000035D  A$lcc7164 |    0000035D  C$main.c$
     0000035D  C$main.c$ |    00000360  A$lcc7164 |    00000362  A$lcc7164
     00000362  C$main.c$ |    00000365  A$lcc7164 |    00000367  A$lcc7164
     00000368  A$lcc7164 |    00000368  C$main.c$ |    00000368  XG$render
     00000369  A$lcc7164 |    00000369  C$main.c$ |    00000369  C$main.c$
     00000369  G$update_ |    00000369  _update_l |    0000036C  A$lcc7164
     0000036D  A$lcc7164 |    00000370  A$lcc7164 |    00000371  A$lcc7164
     00000374  A$lcc7164 |    00000375  A$lcc7164 |    00000376  A$lcc7164
     00000377  A$lcc7164 |    00000377  C$main.c$ |    0000037A  A$lcc7164
     0000037B  A$lcc7164 |    0000037E  A$lcc7164 |    0000037F  A$lcc7164
     00000382  A$lcc7164 |    00000383  A$lcc7164 |    00000386  A$lcc7164
     00000388  A$lcc7164 |    00000388  C$main.c$ |    0000038B  A$lcc7164
     0000038C  A$lcc7164 |    0000038D  A$lcc7164 |    0000038F  A$lcc7164
     0000038F  C$main.c$ |    00000391  A$lcc7164 |    00000392  A$lcc7164
     00000393  A$lcc7164 |    00000396  A$lcc7164 |    00000397  A$lcc7164
     00000398  A$lcc7164 |    00000399  A$lcc7164 |    0000039A  A$lcc7164
     0000039D  A$lcc7164 |    0000039F  A$lcc7164 |    0000039F  C$main.c$
     000003A2  A$lcc7164 |    000003A3  A$lcc7164 |    000003A5  A$lcc7164
ASxxxx Linker V03.00 + NoICE + sdld,  page 5.
Hexadecimal  [32-Bits]

Area                       Addr        Size        Decimal Bytes (Attributes)
--------------------       ----        ----        ------- ----- ------------
_CODE                  00000200    000024B6 =        9398. bytes (REL,CON)

        Value  Global            Value  Global            Value  Global    
        -----  ------            -----  ------            -----  ------    
     000003A6  A$lcc7164 |    000003A7  A$lcc7164 |    000003A7  C$main.c$
     000003A8  A$lcc7164 |    000003AA  A$lcc7164 |    000003AA  C$main.c$
     000003AD  A$lcc7164 |    000003AE  A$lcc7164 |    000003B1  A$lcc7164
     000003B2  A$lcc7164 |    000003B5  A$lcc7164 |    000003B6  A$lcc7164
     000003B7  A$lcc7164 |    000003B8  A$lcc7164 |    000003B8  C$main.c$
     000003BB  A$lcc7164 |    000003BD  A$lcc7164 |    000003BE  A$lcc7164
     000003BF  A$lcc7164 |    000003C2  A$lcc7164 |    000003C3  A$lcc7164
     000003C4  A$lcc7164 |    000003C5  A$lcc7164 |    000003C6  A$lcc7164
     000003C9  A$lcc7164 |    000003CB  A$lcc7164 |    000003CB  C$main.c$
     000003CB  XG$update |    000003CC  Fmain$__s |    000003CF  A$lcc7164
     000003CF  C$main.c$ |    000003CF  C$main.c$ |    000003CF  G$update_
     000003CF  _update_p |    000003D2  A$lcc7164 |    000003D3  A$lcc7164
     000003D6  A$lcc7164 |    000003D7  A$lcc7164 |    000003DA  A$lcc7164
     000003DB  A$lcc7164 |    000003DC  A$lcc7164 |    000003DD  A$lcc7164
     000003DD  C$main.c$ |    000003E0  A$lcc7164 |    000003E1  A$lcc7164
     000003E2  A$lcc7164 |    000003E3  A$lcc7164 |    000003E3  C$main.c$
     000003E5  A$lcc7164 |    000003E6  A$lcc7164 |    000003E7  A$lcc7164
     000003EA  A$lcc7164 |    000003EB  A$lcc7164 |    000003EC  A$lcc7164
     000003ED  A$lcc7164 |    000003EE  A$lcc7164 |    000003F1  A$lcc7164
     000003F3  A$lcc7164 |    000003F3  C$main.c$ |    000003F6  A$lcc7164
     000003F7  A$lcc7164 |    000003F9  A$lcc7164 |    000003FA  A$lcc7164
     000003FB  A$lcc7164 |    000003FB  C$main.c$ |    000003FC  A$lcc7164
     000003FC  C$main.c$ |    000003FC  XG$update |    000003FE  A$lcc7164
     000003FE  C$main.c$ |    000003FE  C$main.c$ |    000003FE  G$update_
     000003FE  _update_s |    00000401  A$lcc7164 |    00000402  A$lcc7164
     00000404  A$lcc7164 |    00000405  A$lcc7164 |    00000407  A$lcc7164
     00000409  A$lcc7164 |    0000040A  A$lcc7164 |    0000040B  A$lcc7164
     0000040C  A$lcc7164 |    0000040E  A$lcc7164 |    0000040E  C$main.c$
     00000411  A$lcc7164 |    00000412  A$lcc7164 |    00000415  A$lcc7164
     00000416  A$lcc7164 |    00000419  A$lcc7164 |    0000041A  A$lcc7164
     0000041B  A$lcc7164 |    0000041C  A$lcc7164 |    0000041E  A$lcc7164
     0000041E  C$main.c$ |    00000421  A$lcc7164 |    00000422  A$lcc7164
     00000424  A$lcc7164 |    00000425  A$lcc7164 |    00000427  A$lcc7164
     00000429  A$lcc7164 |    0000042A  A$lcc7164 |    0000042C  A$lcc7164
     0000042E  A$lcc7164 |    0000042F  A$lcc7164 |    00000431  A$lcc7164
     00000431  C$main.c$ |    00000434  A$lcc7164 |    00000435  A$lcc7164
     00000438  A$lcc7164 |    00000439  A$lcc7164 |    0000043C  A$lcc7164
     0000043D  A$lcc7164 |    0000043E  A$lcc7164 |    0000043F  A$lcc7164
     00000441  A$lcc7164 |    00000441  C$main.c$ |    00000443  A$lcc7164
     00000445  A$lcc7164 |    00000448  A$lcc7164 |    00000449  A$lcc7164
     0000044B  A$lcc7164 |    0000044C  A$lcc7164 |    0000044E  A$lcc7164
     00000450  A$lcc7164 |    00000450  C$main.c$ |    00000453  A$lcc7164
     00000454  A$lcc7164 |    00000457  A$lcc7164 |    00000458  A$lcc7164
     0000045B  A$lcc7164 |    0000045C  A$lcc7164 |    0000045D  A$lcc7164
     0000045E  A$lcc7164 |    00000460  A$lcc7164 |    00000460  C$main.c$
     00000463  A$lcc7164 |    00000465  A$lcc7164 |    00000466  A$lcc7164
     00000467  A$lcc7164 |    00000469  A$lcc7164 |    0000046A  A$lcc7164
     0000046C  A$lcc7164 |    0000046C  C$main.c$ |    0000046F  A$lcc7164
     00000470  A$lcc7164 |    00000473  A$lcc7164 |    00000474  A$lcc7164
     00000477  A$lcc7164 |    00000478  A$lcc7164 |    00000479  A$lcc7164
     0000047A  A$lcc7164 |    0000047A  C$main.c$ |    0000047D  A$lcc7164
ASxxxx Linker V03.00 + NoICE + sdld,  page 6.
Hexadecimal  [32-Bits]

Area                       Addr        Size        Decimal Bytes (Attributes)
--------------------       ----        ----        ------- ----- ------------
_CODE                  00000200    000024B6 =        9398. bytes (REL,CON)

        Value  Global            Value  Global            Value  Global    
        -----  ------            -----  ------            -----  ------    
     0000047E  A$lcc7164 |    0000047F  A$lcc7164 |    00000480  A$lcc7164
     00000481  A$lcc7164 |    00000484  A$lcc7164 |    00000485  A$lcc7164
     00000488  A$lcc7164 |    00000489  A$lcc7164 |    0000048C  A$lcc7164
     0000048E  A$lcc7164 |    0000048E  C$main.c$ |    00000491  A$lcc7164
     00000492  A$lcc7164 |    00000493  A$lcc7164 |    00000494  A$lcc7164
     00000494  C$main.c$ |    00000496  A$lcc7164 |    00000497  A$lcc7164
     00000498  A$lcc7164 |    0000049B  A$lcc7164 |    0000049C  A$lcc7164
     0000049D  A$lcc7164 |    0000049E  A$lcc7164 |    0000049F  A$lcc7164
     000004A2  A$lcc7164 |    000004A4  A$lcc7164 |    000004A4  C$main.c$
     000004A7  A$lcc7164 |    000004A8  A$lcc7164 |    000004AA  A$lcc7164
     000004AB  A$lcc7164 |    000004AC  A$lcc7164 |    000004AC  C$main.c$
     000004AD  A$lcc7164 |    000004AD  C$main.c$ |    000004AD  XG$update
     000004AF  Fmain$__s |    000004B2  A$lcc7164 |    000004B2  C$main.c$
     000004B2  C$main.c$ |    000004B2  G$update_ |    000004B2  _update_f
     000004B5  A$lcc7164 |    000004B6  A$lcc7164 |    000004B8  A$lcc7164
     000004B9  A$lcc7164 |    000004BA  A$lcc7164 |    000004BC  A$lcc7164
     000004BC  C$main.c$ |    000004BF  A$lcc7164 |    000004C0  A$lcc7164
     000004C1  A$lcc7164 |    000004C2  A$lcc7164 |    000004C5  A$lcc7164
     000004C7  A$lcc7164 |    000004C7  C$main.c$ |    000004C8  A$lcc7164
     000004C8  C$main.c$ |    000004C9  A$lcc7164 |    000004CB  A$lcc7164
     000004CB  C$main.c$ |    000004CC  A$lcc7164 |    000004CD  A$lcc7164
     000004CF  A$lcc7164 |    000004D0  A$lcc7164 |    000004D3  A$lcc7164
     000004D4  A$lcc7164 |    000004D5  A$lcc7164 |    000004D8  A$lcc7164
     000004DA  A$lcc7164 |    000004DA  C$main.c$ |    000004DA  XG$update
     000004DB  A$lcc7164 |    000004DB  C$main.c$ |    000004DB  G$update_
     000004DB  _update_f |    000004DC  A$lcc7164 |    000004DF  A$lcc7164
     000004E1  A$lcc7164 |    000004E2  A$lcc7164 |    000004E2  C$main.c$
     000004E5  A$lcc7164 |    000004E5  C$main.c$ |    000004E7  A$lcc7164
     000004E8  A$lcc7164 |    000004E9  A$lcc7164 |    000004EB  A$lcc7164
     000004ED  A$lcc7164 |    000004EE  A$lcc7164 |    000004EF  A$lcc7164
     000004F1  A$lcc7164 |    000004F3  A$lcc7164 |    000004F4  A$lcc7164
     000004F6  A$lcc7164 |    000004F9  A$lcc7164 |    000004FB  A$lcc7164
     000004FC  A$lcc7164 |    000004FE  A$lcc7164 |    00000500  A$lcc7164
     00000503  A$lcc7164 |    00000503  C$main.c$ |    00000504  A$lcc7164
     00000505  A$lcc7164 |    00000508  A$lcc7164 |    00000509  A$lcc7164
     0000050C  A$lcc7164 |    0000050D  A$lcc7164 |    0000050E  A$lcc7164
     0000050F  A$lcc7164 |    00000512  A$lcc7164 |    00000513  A$lcc7164
     00000514  A$lcc7164 |    00000515  A$lcc7164 |    00000518  A$lcc7164
     0000051A  A$lcc7164 |    0000051B  A$lcc7164 |    0000051C  A$lcc7164
     0000051D  A$lcc7164 |    0000051F  A$lcc7164 |    00000520  A$lcc7164
     00000523  A$lcc7164 |    00000525  A$lcc7164 |    00000525  C$main.c$
     00000528  A$lcc7164 |    00000528  C$main.c$ |    00000529  A$lcc7164
     0000052B  A$lcc7164 |    0000052C  A$lcc7164 |    0000052F  A$lcc7164
     00000531  A$lcc7164 |    00000532  A$lcc7164 |    00000535  A$lcc7164
     00000536  A$lcc7164 |    00000537  A$lcc7164 |    00000538  A$lcc7164
     0000053B  A$lcc7164 |    0000053C  A$lcc7164 |    0000053D  A$lcc7164
     0000053E  A$lcc7164 |    00000541  A$lcc7164 |    00000543  A$lcc7164
     00000545  A$lcc7164 |    00000547  A$lcc7164 |    00000549  A$lcc7164
     0000054C  A$lcc7164 |    0000054E  A$lcc7164 |    00000551  A$lcc7164
     00000552  A$lcc7164 |    00000553  A$lcc7164 |    00000554  A$lcc7164
     00000555  A$lcc7164 |    00000557  A$lcc7164 |    00000558  A$lcc7164
ASxxxx Linker V03.00 + NoICE + sdld,  page 7.
Hexadecimal  [32-Bits]

Area                       Addr        Size        Decimal Bytes (Attributes)
--------------------       ----        ----        ------- ----- ------------
_CODE                  00000200    000024B6 =        9398. bytes (REL,CON)

        Value  Global            Value  Global            Value  Global    
        -----  ------            -----  ------            -----  ------    
     0000055A  A$lcc7164 |    0000055B  A$lcc7164 |    0000055E  A$lcc7164
     00000560  A$lcc7164 |    00000560  C$main.c$ |    00000562  A$lcc7164
     00000562  C$main.c$ |    00000563  A$lcc7164 |    00000564  A$lcc7164
     00000567  A$lcc7164 |    00000568  A$lcc7164 |    0000056B  A$lcc7164
     0000056C  A$lcc7164 |    0000056D  A$lcc7164 |    0000056E  A$lcc7164
     00000571  A$lcc7164 |    00000572  A$lcc7164 |    00000573  A$lcc7164
     00000574  A$lcc7164 |    00000577  A$lcc7164 |    00000579  A$lcc7164
     0000057A  A$lcc7164 |    0000057B  A$lcc7164 |    0000057C  A$lcc7164
     0000057E  A$lcc7164 |    0000057F  A$lcc7164 |    00000582  A$lcc7164
     00000584  A$lcc7164 |    00000584  C$main.c$ |    00000586  A$lcc7164
     00000586  C$main.c$ |    00000587  A$lcc7164 |    00000588  A$lcc7164
     0000058B  A$lcc7164 |    0000058D  A$lcc7164 |    0000058E  A$lcc7164
     00000591  A$lcc7164 |    00000592  A$lcc7164 |    00000593  A$lcc7164
     00000594  A$lcc7164 |    00000597  A$lcc7164 |    00000598  A$lcc7164
     00000599  A$lcc7164 |    0000059A  A$lcc7164 |    0000059D  A$lcc7164
     0000059F  A$lcc7164 |    000005A0  A$lcc7164 |    000005A2  A$lcc7164
     000005A3  A$lcc7164 |    000005A4  A$lcc7164 |    000005A5  A$lcc7164
     000005A7  A$lcc7164 |    000005A8  A$lcc7164 |    000005AB  A$lcc7164
     000005AD  A$lcc7164 |    000005AE  A$lcc7164 |    000005AE  C$main.c$
     000005AE  XG$update |    000005AF  A$lcc7164 |    000005AF  C$main.c$
     000005AF  C$main.c$ |    000005AF  G$reset_f |    000005AF  _reset_fr
     000005B2  A$lcc7164 |    000005B2  C$main.c$ |    000005B5  A$lcc7164
     000005B7  A$lcc7164 |    000005B7  C$main.c$ |    000005BA  A$lcc7164
     000005BC  A$lcc7164 |    000005BF  A$lcc7164 |    000005C1  A$lcc7164
     000005C1  C$main.c$ |    000005C4  A$lcc7164 |    000005C6  A$lcc7164
     000005C7  A$lcc7164 |    000005C9  A$lcc7164 |    000005C9  C$main.c$
     000005CC  A$lcc7164 |    000005CD  A$lcc7164 |    000005CE  A$lcc7164
     000005D0  A$lcc7164 |    000005D1  A$lcc7164 |    000005D3  A$lcc7164
     000005D3  C$main.c$ |    000005D4  A$lcc7164 |    000005D7  A$lcc7164
     000005D7  C$main.c$ |    000005DA  A$lcc7164 |    000005DC  A$lcc7164
     000005DC  C$main.c$ |    000005DF  A$lcc7164 |    000005E1  A$lcc7164
     000005E2  A$lcc7164 |    000005E3  A$lcc7164 |    000005E6  A$lcc7164
     000005E7  A$lcc7164 |    000005EA  A$lcc7164 |    000005EB  A$lcc7164
     000005EC  A$lcc7164 |    000005ED  A$lcc7164 |    000005EE  A$lcc7164
     000005F1  A$lcc7164 |    000005F2  A$lcc7164 |    000005F3  A$lcc7164
     000005F4  A$lcc7164 |    000005F7  A$lcc7164 |    000005F9  A$lcc7164
     000005FA  A$lcc7164 |    000005FB  A$lcc7164 |    000005FC  A$lcc7164
     000005FD  A$lcc7164 |    000005FE  A$lcc7164 |    000005FF  A$lcc7164
     00000600  A$lcc7164 |    00000601  A$lcc7164 |    00000604  A$lcc7164
     00000606  A$lcc7164 |    00000606  C$main.c$ |    00000606  C$main.c$
     00000606  XG$reset_ |    00000607  A$lcc7164 |    00000607  C$main.c$
     00000607  C$main.c$ |    00000607  G$reset_t |    00000607  _reset_ti
     0000060A  A$lcc7164 |    0000060C  A$lcc7164 |    0000060D  A$lcc7164
     0000060F  A$lcc7164 |    0000060F  C$main.c$ |    00000612  A$lcc7164
     00000614  A$lcc7164 |    00000614  C$main.c$ |    00000617  A$lcc7164
     00000618  A$lcc7164 |    0000061B  A$lcc7164 |    0000061C  A$lcc7164
     0000061F  A$lcc7164 |    00000620  A$lcc7164 |    00000623  A$lcc7164
     00000625  A$lcc7164 |    00000625  C$main.c$ |    00000625  XG$reset_
     00000626  A$lcc7164 |    00000626  C$main.c$ |    00000626  C$main.c$
     00000626  G$frog_de |    00000626  _frog_dea |    00000629  A$lcc7164
     0000062A  A$lcc7164 |    0000062B  A$lcc7164 |    0000062D  A$lcc7164
ASxxxx Linker V03.00 + NoICE + sdld,  page 8.
Hexadecimal  [32-Bits]

Area                       Addr        Size        Decimal Bytes (Attributes)
--------------------       ----        ----        ------- ----- ------------
_CODE                  00000200    000024B6 =        9398. bytes (REL,CON)

        Value  Global            Value  Global            Value  Global    
        -----  ------            -----  ------            -----  ------    
     0000062D  C$main.c$ |    0000062E  A$lcc7164 |    0000062F  A$lcc7164
     00000631  A$lcc7164 |    00000631  C$main.c$ |    00000634  A$lcc7164
     00000636  A$lcc7164 |    00000636  C$main.c$ |    00000637  A$lcc7164
     00000637  C$main.c$ |    0000063A  A$lcc7164 |    0000063A  C$main.c$
     0000063A  C$main.c$ |    0000063A  XG$frog_d |    0000063D  A$lcc7164
     0000063D  C$main.c$ |    0000063D  C$main.c$ |    0000063D  G$init_le
     0000063D  _init_lev |    00000640  A$lcc7164 |    00000641  A$lcc7164
     00000644  A$lcc7164 |    00000645  A$lcc7164 |    00000648  A$lcc7164
     0000064A  A$lcc7164 |    0000064A  C$main.c$ |    0000064D  A$lcc7164
     0000064E  A$lcc7164 |    00000651  A$lcc7164 |    00000652  A$lcc7164
     00000655  A$lcc7164 |    00000657  A$lcc7164 |    00000657  C$main.c$
     0000065A  A$lcc7164 |    0000065B  A$lcc7164 |    0000065E  A$lcc7164
     0000065F  A$lcc7164 |    00000662  A$lcc7164 |    00000664  A$lcc7164
     00000664  C$main.c$ |    00000667  A$lcc7164 |    00000668  A$lcc7164
     0000066B  A$lcc7164 |    0000066C  A$lcc7164 |    0000066F  A$lcc7164
     00000671  A$lcc7164 |    00000671  C$main.c$ |    00000674  A$lcc7164
     00000675  A$lcc7164 |    00000678  A$lcc7164 |    00000679  A$lcc7164
     0000067C  A$lcc7164 |    0000067E  A$lcc7164 |    0000067E  C$main.c$
     00000681  A$lcc7164 |    00000682  A$lcc7164 |    00000685  A$lcc7164
     00000686  A$lcc7164 |    00000687  A$lcc7164 |    00000688  A$lcc7164
     00000689  A$lcc7164 |    0000068C  A$lcc7164 |    0000068E  A$lcc7164
     0000068E  C$main.c$ |    00000691  A$lcc7164 |    00000692  A$lcc7164
     00000694  A$lcc7164 |    00000695  A$lcc7164 |    00000696  A$lcc7164
     00000699  A$lcc7164 |    0000069B  A$lcc7164 |    0000069B  C$main.c$
     0000069E  A$lcc7164 |    000006A0  A$lcc7164 |    000006A0  C$main.c$
     000006A3  A$lcc7164 |    000006A5  A$lcc7164 |    000006A6  A$lcc7164
     000006A8  A$lcc7164 |    000006A8  C$main.c$ |    000006AB  A$lcc7164
     000006AD  A$lcc7164 |    000006AE  A$lcc7164 |    000006B0  A$lcc7164
     000006B0  C$main.c$ |    000006B3  A$lcc7164 |    000006B5  A$lcc7164
     000006B5  C$main.c$ |    000006B6  A$lcc7164 |    000006B9  A$lcc7164
     000006BA  A$lcc7164 |    000006BB  A$lcc7164 |    000006BB  C$main.c$
     000006BE  A$lcc7164 |    000006BE  C$main.c$ |    000006C1  A$lcc7164
     000006C3  A$lcc7164 |    000006C3  C$main.c$ |    000006C6  A$lcc7164
     000006C6  C$main.c$ |    000006C9  A$lcc7164 |    000006C9  C$main.c$
     000006CC  A$lcc7164 |    000006CC  C$main.c$ |    000006CF  A$lcc7164
     000006CF  C$main.c$ |    000006CF  C$main.c$ |    000006CF  XG$init_l
     000006D2  A$lcc7164 |    000006D2  C$main.c$ |    000006D2  G$move_fr
     000006D2  _move_fro |    000006D3  A$lcc7164 |    000006D4  A$lcc7164
     000006D4  C$main.c$ |    000006D7  A$lcc7164 |    000006D8  A$lcc7164
     000006DB  A$lcc7164 |    000006DB  C$main.c$ |    000006DE  A$lcc7164
     000006DF  A$lcc7164 |    000006E1  A$lcc7164 |    000006E2  A$lcc7164
     000006E3  A$lcc7164 |    000006E4  A$lcc7164 |    000006E5  A$lcc7164
     000006E8  A$lcc7164 |    000006EA  A$lcc7164 |    000006EC  A$lcc7164
     000006EF  A$lcc7164 |    000006F1  A$lcc7164 |    000006F4  A$lcc7164
     000006F5  A$lcc7164 |    000006F6  A$lcc7164 |    000006F7  A$lcc7164
     000006F8  A$lcc7164 |    000006F9  A$lcc7164 |    000006FC  A$lcc7164
     000006FD  A$lcc7164 |    000006FE  A$lcc7164 |    000006FF  A$lcc7164
     00000702  A$lcc7164 |    00000703  A$lcc7164 |    00000706  A$lcc7164
     00000707  A$lcc7164 |    0000070A  A$lcc7164 |    0000070B  A$lcc7164
     0000070C  A$lcc7164 |    0000070E  A$lcc7164 |    00000710  A$lcc7164
     00000712  A$lcc7164 |    00000712  C$main.c$ |    00000713  A$lcc7164
ASxxxx Linker V03.00 + NoICE + sdld,  page 9.
Hexadecimal  [32-Bits]

Area                       Addr        Size        Decimal Bytes (Attributes)
--------------------       ----        ----        ------- ----- ------------
_CODE                  00000200    000024B6 =        9398. bytes (REL,CON)

        Value  Global            Value  Global            Value  Global    
        -----  ------            -----  ------            -----  ------    
     00000715  A$lcc7164 |    00000717  A$lcc7164 |    00000718  A$lcc7164
     0000071A  A$lcc7164 |    0000071B  A$lcc7164 |    0000071E  A$lcc7164
     00000720  A$lcc7164 |    00000721  A$lcc7164 |    00000724  A$lcc7164
     00000725  A$lcc7164 |    00000726  A$lcc7164 |    00000727  A$lcc7164
     0000072A  A$lcc7164 |    0000072B  A$lcc7164 |    0000072C  A$lcc7164
     0000072F  A$lcc7164 |    00000731  A$lcc7164 |    00000733  A$lcc7164
     00000734  A$lcc7164 |    00000735  A$lcc7164 |    00000736  A$lcc7164
     00000737  A$lcc7164 |    00000739  A$lcc7164 |    0000073A  A$lcc7164
     0000073D  A$lcc7164 |    0000073F  A$lcc7164 |    0000073F  C$main.c$
     00000742  A$lcc7164 |    00000742  C$main.c$ |    00000743  A$lcc7164
     00000745  A$lcc7164 |    00000748  A$lcc7164 |    00000749  A$lcc7164
     0000074B  A$lcc7164 |    0000074C  A$lcc7164 |    0000074F  A$lcc7164
     00000751  A$lcc7164 |    00000752  A$lcc7164 |    00000755  A$lcc7164
     00000756  A$lcc7164 |    00000757  A$lcc7164 |    00000758  A$lcc7164
     0000075B  A$lcc7164 |    0000075C  A$lcc7164 |    0000075D  A$lcc7164
     00000760  A$lcc7164 |    00000762  A$lcc7164 |    00000764  A$lcc7164
     00000765  A$lcc7164 |    00000767  A$lcc7164 |    00000768  A$lcc7164
     00000769  A$lcc7164 |    0000076A  A$lcc7164 |    0000076B  A$lcc7164
     0000076D  A$lcc7164 |    0000076E  A$lcc7164 |    00000771  A$lcc7164
     00000773  A$lcc7164 |    00000773  C$main.c$ |    00000776  A$lcc7164
     00000776  C$main.c$ |    00000779  A$lcc7164 |    0000077A  A$lcc7164
     0000077D  A$lcc7164 |    0000077D  C$main.c$ |    00000780  A$lcc7164
     00000781  A$lcc7164 |    00000782  A$lcc7164 |    00000783  A$lcc7164
     00000786  A$lcc7164 |    00000788  A$lcc7164 |    0000078A  A$lcc7164
     0000078D  A$lcc7164 |    0000078F  A$lcc7164 |    00000792  A$lcc7164
     00000793  A$lcc7164 |    00000794  A$lcc7164 |    00000795  A$lcc7164
     00000798  A$lcc7164 |    00000799  A$lcc7164 |    0000079A  A$lcc7164
     0000079B  A$lcc7164 |    0000079E  A$lcc7164 |    0000079F  A$lcc7164
     000007A2  A$lcc7164 |    000007A3  A$lcc7164 |    000007A5  A$lcc7164
     000007A5  C$main.c$ |    000007A5  C$main.c$ |    000007A6  A$lcc7164
     000007A7  A$lcc7164 |    000007A8  A$lcc7164 |    000007A8  C$main.c$
     000007A9  A$lcc7164 |    000007AA  A$lcc7164 |    000007AC  A$lcc7164
     000007AF  A$lcc7164 |    000007B1  A$lcc7164 |    000007B2  A$lcc7164
     000007B5  A$lcc7164 |    000007B7  A$lcc7164 |    000007B8  A$lcc7164
     000007BB  A$lcc7164 |    000007BC  A$lcc7164 |    000007BD  A$lcc7164
     000007BE  A$lcc7164 |    000007BF  A$lcc7164 |    000007C2  A$lcc7164
     000007C3  A$lcc7164 |    000007C4  A$lcc7164 |    000007C5  A$lcc7164
     000007C8  A$lcc7164 |    000007CA  A$lcc7164 |    000007CC  A$lcc7164
     000007CD  A$lcc7164 |    000007CE  A$lcc7164 |    000007CF  A$lcc7164
     000007D0  A$lcc7164 |    000007D2  A$lcc7164 |    000007D3  A$lcc7164
     000007D6  A$lcc7164 |    000007D8  A$lcc7164 |    000007D8  C$main.c$
     000007DA  A$lcc7164 |    000007DA  C$main.c$ |    000007DB  A$lcc7164
     000007DD  A$lcc7164 |    000007E0  A$lcc7164 |    000007E2  A$lcc7164
     000007E4  A$lcc7164 |    000007E5  A$lcc7164 |    000007E8  A$lcc7164
     000007EA  A$lcc7164 |    000007EB  A$lcc7164 |    000007EE  A$lcc7164
     000007EF  A$lcc7164 |    000007F0  A$lcc7164 |    000007F1  A$lcc7164
     000007F2  A$lcc7164 |    000007F5  A$lcc7164 |    000007F6  A$lcc7164
     000007F7  A$lcc7164 |    000007F8  A$lcc7164 |    000007FB  A$lcc7164
     000007FD  A$lcc7164 |    000007FF  A$lcc7164 |    00000801  A$lcc7164
     00000803  A$lcc7164 |    00000806  A$lcc7164 |    00000808  A$lcc7164
     0000080B  A$lcc7164 |    0000080D  A$lcc7164 |    0000080E  A$lcc7164
ASxxxx Linker V03.00 + NoICE + sdld,  page 10.
Hexadecimal  [32-Bits]

Area                       Addr        Size        Decimal Bytes (Attributes)
--------------------       ----        ----        ------- ----- ------------
_CODE                  00000200    000024B6 =        9398. bytes (REL,CON)

        Value  Global            Value  Global            Value  Global    
        -----  ------            -----  ------            -----  ------    
     0000080F  A$lcc7164 |    00000810  A$lcc7164 |    00000811  A$lcc7164
     00000812  A$lcc7164 |    00000814  A$lcc7164 |    00000815  A$lcc7164
     00000818  A$lcc7164 |    0000081A  A$lcc7164 |    0000081A  C$main.c$
     0000081B  A$lcc7164 |    0000081C  A$lcc7164 |    0000081C  C$main.c$
     0000081C  XG$move_f |    0000081D  A$lcc7164 |    0000081D  C$main.c$
     0000081D  C$main.c$ |    0000081D  G$animate |    0000081D  XG$animat
     0000081D  _animate_ |    0000081E  A$lcc7164 |    0000081E  C$main.c$
     0000081E  C$main.c$ |    0000081E  G$update_ |    0000081E  _update_m
     00000821  A$lcc7164 |    00000822  A$lcc7164 |    00000824  A$lcc7164
     00000824  C$main.c$ |    00000827  A$lcc7164 |    00000827  C$main.c$
     0000082A  A$lcc7164 |    0000082C  A$lcc7164 |    0000082E  A$lcc7164
     00000831  A$lcc7164 |    00000833  A$lcc7164 |    00000836  A$lcc7164
     00000837  A$lcc7164 |    0000083A  A$lcc7164 |    0000083B  A$lcc7164
     0000083C  A$lcc7164 |    0000083D  A$lcc7164 |    0000083D  C$main.c$
     00000840  A$lcc7164 |    00000841  A$lcc7164 |    00000843  A$lcc7164
     00000843  C$main.c$ |    00000846  A$lcc7164 |    00000846  C$main.c$
     00000849  A$lcc7164 |    0000084B  A$lcc7164 |    0000084D  A$lcc7164
     00000850  A$lcc7164 |    00000852  A$lcc7164 |    00000855  A$lcc7164
     00000856  A$lcc7164 |    00000859  A$lcc7164 |    0000085A  A$lcc7164
     0000085B  A$lcc7164 |    0000085C  A$lcc7164 |    0000085C  C$main.c$
     0000085F  A$lcc7164 |    00000860  A$lcc7164 |    00000862  A$lcc7164
     00000865  A$lcc7164 |    00000866  A$lcc7164 |    00000867  A$lcc7164
     00000867  C$main.c$ |    0000086A  A$lcc7164 |    0000086C  A$lcc7164
     0000086C  C$main.c$ |    0000086F  A$lcc7164 |    00000870  A$lcc7164
     00000871  A$lcc7164 |    00000872  A$lcc7164 |    00000875  A$lcc7164
     00000876  A$lcc7164 |    00000878  A$lcc7164 |    00000879  A$lcc7164
     0000087A  A$lcc7164 |    0000087B  A$lcc7164 |    0000087C  A$lcc7164
     0000087D  A$lcc7164 |    0000087E  A$lcc7164 |    00000880  A$lcc7164
     00000882  A$lcc7164 |    00000884  A$lcc7164 |    00000886  A$lcc7164
     00000887  A$lcc7164 |    00000889  A$lcc7164 |    0000088B  A$lcc7164
     0000088D  A$lcc7164 |    0000088E  A$lcc7164 |    0000088F  A$lcc7164
     0000088F  C$main.c$ |    00000892  A$lcc7164 |    00000893  A$lcc7164
     00000895  A$lcc7164 |    00000896  A$lcc7164 |    00000897  A$lcc7164
     00000899  A$lcc7164 |    0000089A  A$lcc7164 |    0000089A  C$main.c$
     0000089D  A$lcc7164 |    0000089D  C$main.c$ |    000008A0  A$lcc7164
     000008A3  A$lcc7164 |    000008A3  C$main.c$ |    000008A3  XG$update
     000008A4  A$lcc7164 |    000008A4  C$main.c$ |    000008A4  C$main.c$
     000008A4  G$paralla |    000008A4  _parallax |    000008A6  A$lcc7164
     000008A7  A$lcc7164 |    000008A9  A$lcc7164 |    000008AB  A$lcc7164
     000008AD  A$lcc7164 |    000008AF  A$lcc7164 |    000008B1  A$lcc7164
     000008B3  A$lcc7164 |    000008B5  A$lcc7164 |    000008B7  A$lcc7164
     000008B9  A$lcc7164 |    000008BB  A$lcc7164 |    000008BD  A$lcc7164
     000008BF  A$lcc7164 |    000008C1  A$lcc7164 |    000008C3  A$lcc7164
     000008C5  A$lcc7164 |    000008C7  A$lcc7164 |    000008C9  A$lcc7164
     000008CB  A$lcc7164 |    000008CE  A$lcc7164 |    000008D0  A$lcc7164
     000008D3  A$lcc7164 |    000008D5  A$lcc7164 |    000008D8  A$lcc7164
     000008DA  A$lcc7164 |    000008DD  A$lcc7164 |    000008DE  A$lcc7164
     000008DE  C$main.c$ |    000008DF  A$lcc7164 |    000008E1  A$lcc7164
     000008E2  A$lcc7164 |    000008E4  A$lcc7164 |    000008E4  C$main.c$
     000008E6  A$lcc7164 |    000008E8  A$lcc7164 |    000008E8  C$main.c$
     000008E9  A$lcc7164 |    000008E9  C$main.c$ |    000008EC  A$lcc7164
ASxxxx Linker V03.00 + NoICE + sdld,  page 11.
Hexadecimal  [32-Bits]

Area                       Addr        Size        Decimal Bytes (Attributes)
--------------------       ----        ----        ------- ----- ------------
_CODE                  00000200    000024B6 =        9398. bytes (REL,CON)

        Value  Global            Value  Global            Value  Global    
        -----  ------            -----  ------            -----  ------    
     000008EE  A$lcc7164 |    000008EF  A$lcc7164 |    000008F1  A$lcc7164
     000008F1  C$main.c$ |    000008F3  A$lcc7164 |    000008F5  A$lcc7164
     000008F5  C$main.c$ |    000008F6  A$lcc7164 |    000008F6  C$main.c$
     000008F9  A$lcc7164 |    000008FB  A$lcc7164 |    000008FC  A$lcc7164
     000008FE  A$lcc7164 |    000008FE  C$main.c$ |    00000900  A$lcc7164
     00000902  A$lcc7164 |    00000902  C$main.c$ |    00000903  A$lcc7164
     00000903  C$main.c$ |    00000906  A$lcc7164 |    00000908  A$lcc7164
     00000909  A$lcc7164 |    0000090B  A$lcc7164 |    0000090B  C$main.c$
     0000090D  A$lcc7164 |    0000090F  A$lcc7164 |    0000090F  C$main.c$
     00000910  A$lcc7164 |    00000910  C$main.c$ |    00000913  A$lcc7164
     00000915  A$lcc7164 |    00000916  A$lcc7164 |    00000918  A$lcc7164
     00000918  C$main.c$ |    0000091A  A$lcc7164 |    0000091C  A$lcc7164
     0000091C  C$main.c$ |    0000091D  A$lcc7164 |    0000091D  C$main.c$
     00000920  A$lcc7164 |    00000922  A$lcc7164 |    00000923  A$lcc7164
     00000925  A$lcc7164 |    00000925  C$main.c$ |    00000927  A$lcc7164
     00000929  A$lcc7164 |    00000929  C$main.c$ |    0000092A  A$lcc7164
     0000092A  C$main.c$ |    0000092B  A$lcc7164 |    0000092D  A$lcc7164
     0000092E  A$lcc7164 |    00000930  A$lcc7164 |    00000930  C$main.c$
     00000932  A$lcc7164 |    00000934  A$lcc7164 |    00000934  C$main.c$
     00000935  A$lcc7164 |    00000935  C$main.c$ |    00000938  A$lcc7164
     0000093A  A$lcc7164 |    0000093B  A$lcc7164 |    0000093D  A$lcc7164
     0000093D  C$main.c$ |    0000093F  A$lcc7164 |    00000941  A$lcc7164
     00000941  C$main.c$ |    00000942  A$lcc7164 |    00000942  C$main.c$
     00000945  A$lcc7164 |    00000947  A$lcc7164 |    00000948  A$lcc7164
     0000094A  A$lcc7164 |    0000094A  C$main.c$ |    0000094C  A$lcc7164
     0000094E  A$lcc7164 |    0000094E  C$main.c$ |    0000094F  A$lcc7164
     0000094F  C$main.c$ |    00000952  A$lcc7164 |    00000954  A$lcc7164
     00000955  A$lcc7164 |    00000957  A$lcc7164 |    00000957  C$main.c$
     00000959  A$lcc7164 |    0000095B  A$lcc7164 |    0000095B  C$main.c$
     0000095C  A$lcc7164 |    0000095C  C$main.c$ |    0000095F  A$lcc7164
     00000961  A$lcc7164 |    00000962  A$lcc7164 |    00000964  A$lcc7164
     00000964  C$main.c$ |    00000966  A$lcc7164 |    00000968  A$lcc7164
     00000968  C$main.c$ |    00000969  A$lcc7164 |    00000969  C$main.c$
     0000096C  A$lcc7164 |    0000096E  A$lcc7164 |    0000096F  A$lcc7164
     00000971  A$lcc7164 |    00000971  C$main.c$ |    00000973  A$lcc7164
     00000975  A$lcc7164 |    00000975  C$main.c$ |    00000976  A$lcc7164
     00000976  C$main.c$ |    00000977  A$lcc7164 |    00000979  A$lcc7164
     0000097A  A$lcc7164 |    0000097C  A$lcc7164 |    0000097C  C$main.c$
     0000097D  A$lcc7164 |    0000097F  A$lcc7164 |    0000097F  C$main.c$
     0000097F  C$main.c$ |    0000097F  XG$parall |    00000980  A$lcc7164
     00000980  C$main.c$ |    00000980  G$scroll_ |    00000980  _scroll_c
     00000981  A$lcc7164 |    00000981  C$main.c$ |    00000984  A$lcc7164
     00000985  A$lcc7164 |    00000987  A$lcc7164 |    0000098A  A$lcc7164
     0000098B  A$lcc7164 |    0000098C  A$lcc7164 |    0000098F  A$lcc7164
     00000991  A$lcc7164 |    00000992  A$lcc7164 |    00000993  A$lcc7164
     00000994  A$lcc7164 |    00000996  A$lcc7164 |    00000996  C$main.c$
     00000999  A$lcc7164 |    0000099A  A$lcc7164 |    0000099B  A$lcc7164
     0000099C  A$lcc7164 |    0000099C  C$main.c$ |    0000099D  A$lcc7164
     0000099E  A$lcc7164 |    0000099F  A$lcc7164 |    000009A0  A$lcc7164
     000009A1  A$lcc7164 |    000009A2  A$lcc7164 |    000009A2  C$main.c$
     000009A3  A$lcc7164 |    000009A4  A$lcc7164 |    000009A5  A$lcc7164
ASxxxx Linker V03.00 + NoICE + sdld,  page 12.
Hexadecimal  [32-Bits]

Area                       Addr        Size        Decimal Bytes (Attributes)
--------------------       ----        ----        ------- ----- ------------
_CODE                  00000200    000024B6 =        9398. bytes (REL,CON)

        Value  Global            Value  Global            Value  Global    
        -----  ------            -----  ------            -----  ------    
     000009A6  A$lcc7164 |    000009A7  A$lcc7164 |    000009A8  A$lcc7164
     000009A9  A$lcc7164 |    000009A9  C$main.c$ |    000009AC  A$lcc7164
     000009AD  A$lcc7164 |    000009AF  A$lcc7164 |    000009B2  A$lcc7164
     000009B3  A$lcc7164 |    000009B3  C$main.c$ |    000009B3  C$main.c$
     000009B4  A$lcc7164 |    000009B6  A$lcc7164 |    000009B6  C$main.c$
     000009B9  A$lcc7164 |    000009BA  A$lcc7164 |    000009BB  A$lcc7164
     000009BC  A$lcc7164 |    000009BD  A$lcc7164 |    000009C0  A$lcc7164
     000009C1  A$lcc7164 |    000009C2  A$lcc7164 |    000009C3  A$lcc7164
     000009C3  C$main.c$ |    000009C6  A$lcc7164 |    000009C6  C$main.c$
     000009C9  A$lcc7164 |    000009CB  A$lcc7164 |    000009CD  A$lcc7164
     000009CD  C$main.c$ |    000009D0  A$lcc7164 |    000009D1  A$lcc7164
     000009D2  A$lcc7164 |    000009D3  A$lcc7164 |    000009D4  A$lcc7164
     000009D7  A$lcc7164 |    000009D8  A$lcc7164 |    000009D9  A$lcc7164
     000009DA  A$lcc7164 |    000009DA  C$main.c$ |    000009DD  A$lcc7164
     000009DD  C$main.c$ |    000009E0  A$lcc7164 |    000009E1  A$lcc7164
     000009E3  A$lcc7164 |    000009E6  A$lcc7164 |    000009E7  A$lcc7164
     000009E8  A$lcc7164 |    000009EB  A$lcc7164 |    000009ED  A$lcc7164
     000009EE  A$lcc7164 |    000009EF  A$lcc7164 |    000009F0  A$lcc7164
     000009F2  A$lcc7164 |    000009F2  C$main.c$ |    000009F5  A$lcc7164
     000009F6  A$lcc7164 |    000009F7  A$lcc7164 |    000009F8  A$lcc7164
     000009F8  C$main.c$ |    000009FB  A$lcc7164 |    000009FC  A$lcc7164
     000009FE  A$lcc7164 |    000009FE  C$main.c$ |    00000A01  A$lcc7164
     00000A02  A$lcc7164 |    00000A03  A$lcc7164 |    00000A04  A$lcc7164
     00000A05  A$lcc7164 |    00000A08  A$lcc7164 |    00000A09  A$lcc7164
     00000A0A  A$lcc7164 |    00000A0B  A$lcc7164 |    00000A0E  A$lcc7164
     00000A10  A$lcc7164 |    00000A11  A$lcc7164 |    00000A14  A$lcc7164
     00000A15  A$lcc7164 |    00000A16  A$lcc7164 |    00000A17  A$lcc7164
     00000A1A  A$lcc7164 |    00000A1B  A$lcc7164 |    00000A1C  A$lcc7164
     00000A1D  A$lcc7164 |    00000A20  A$lcc7164 |    00000A22  A$lcc7164
     00000A24  A$lcc7164 |    00000A25  A$lcc7164 |    00000A26  A$lcc7164
     00000A27  A$lcc7164 |    00000A28  A$lcc7164 |    00000A2A  A$lcc7164
     00000A2B  A$lcc7164 |    00000A2E  A$lcc7164 |    00000A30  A$lcc7164
     00000A30  C$main.c$ |    00000A30  C$main.c$ |    00000A33  A$lcc7164
     00000A34  A$lcc7164 |    00000A36  A$lcc7164 |    00000A36  C$main.c$
     00000A39  A$lcc7164 |    00000A3B  A$lcc7164 |    00000A3D  A$lcc7164
     00000A3D  C$main.c$ |    00000A40  A$lcc7164 |    00000A41  A$lcc7164
     00000A42  A$lcc7164 |    00000A43  A$lcc7164 |    00000A44  A$lcc7164
     00000A47  A$lcc7164 |    00000A48  A$lcc7164 |    00000A49  A$lcc7164
     00000A4A  A$lcc7164 |    00000A4A  C$main.c$ |    00000A4D  A$lcc7164
     00000A4D  C$main.c$ |    00000A50  A$lcc7164 |    00000A52  A$lcc7164
     00000A54  A$lcc7164 |    00000A54  C$main.c$ |    00000A57  A$lcc7164
     00000A58  A$lcc7164 |    00000A59  A$lcc7164 |    00000A5A  A$lcc7164
     00000A5A  C$main.c$ |    00000A5D  A$lcc7164 |    00000A5E  A$lcc7164
     00000A5F  A$lcc7164 |    00000A60  A$lcc7164 |    00000A60  C$main.c$
     00000A63  A$lcc7164 |    00000A64  A$lcc7164 |    00000A65  A$lcc7164
     00000A66  A$lcc7164 |    00000A66  C$main.c$ |    00000A69  A$lcc7164
     00000A6A  A$lcc7164 |    00000A6B  A$lcc7164 |    00000A6C  A$lcc7164
     00000A6C  C$main.c$ |    00000A6F  A$lcc7164 |    00000A70  A$lcc7164
     00000A72  A$lcc7164 |    00000A72  C$main.c$ |    00000A75  A$lcc7164
     00000A77  A$lcc7164 |    00000A79  A$lcc7164 |    00000A79  C$main.c$
     00000A7C  A$lcc7164 |    00000A7D  A$lcc7164 |    00000A7E  A$lcc7164
ASxxxx Linker V03.00 + NoICE + sdld,  page 13.
Hexadecimal  [32-Bits]

Area                       Addr        Size        Decimal Bytes (Attributes)
--------------------       ----        ----        ------- ----- ------------
_CODE                  00000200    000024B6 =        9398. bytes (REL,CON)

        Value  Global            Value  Global            Value  Global    
        -----  ------            -----  ------            -----  ------    
     00000A7F  A$lcc7164 |    00000A80  A$lcc7164 |    00000A83  A$lcc7164
     00000A84  A$lcc7164 |    00000A85  A$lcc7164 |    00000A86  A$lcc7164
     00000A86  C$main.c$ |    00000A89  A$lcc7164 |    00000A89  C$main.c$
     00000A8C  A$lcc7164 |    00000A8D  A$lcc7164 |    00000A8F  A$lcc7164
     00000A92  A$lcc7164 |    00000A93  A$lcc7164 |    00000A94  A$lcc7164
     00000A97  A$lcc7164 |    00000A99  A$lcc7164 |    00000A9A  A$lcc7164
     00000A9B  A$lcc7164 |    00000A9D  A$lcc7164 |    00000A9D  C$main.c$
     00000AA0  A$lcc7164 |    00000AA1  A$lcc7164 |    00000AA2  A$lcc7164
     00000AA3  A$lcc7164 |    00000AA3  C$main.c$ |    00000AA6  A$lcc7164
     00000AA7  A$lcc7164 |    00000AA8  A$lcc7164 |    00000AA9  A$lcc7164
     00000AA9  C$main.c$ |    00000AAC  A$lcc7164 |    00000AAD  A$lcc7164
     00000AAE  A$lcc7164 |    00000AAE  C$main.c$ |    00000AAE  XG$scroll
     00000AAF  A$lcc7164 |    00000AAF  C$main.c$ |    00000AAF  C$main.c$
     00000AAF  G$pause_g |    00000AAF  _pause_ga |    00000AB2  A$lcc7164
     00000AB4  A$lcc7164 |    00000AB4  C$main.c$ |    00000AB7  A$lcc7164
     00000AB8  A$lcc7164 |    00000ABB  A$lcc7164 |    00000ABC  A$lcc7164
     00000ABF  A$lcc7164 |    00000AC0  A$lcc7164 |    00000AC1  A$lcc7164
     00000AC2  A$lcc7164 |    00000AC2  C$main.c$ |    00000AC5  A$lcc7164
     00000AC6  A$lcc7164 |    00000AC7  A$lcc7164 |    00000AC8  A$lcc7164
     00000AC8  C$main.c$ |    00000ACA  A$lcc7164 |    00000ACB  A$lcc7164
     00000ACC  A$lcc7164 |    00000ACF  A$lcc7164 |    00000AD0  A$lcc7164
     00000AD1  A$lcc7164 |    00000AD2  A$lcc7164 |    00000AD3  A$lcc7164
     00000AD6  A$lcc7164 |    00000AD8  A$lcc7164 |    00000AD8  C$main.c$
     00000ADB  A$lcc7164 |    00000ADC  A$lcc7164 |    00000ADE  A$lcc7164
     00000ADF  A$lcc7164 |    00000AE0  A$lcc7164 |    00000AE0  C$main.c$
     00000AE1  A$lcc7164 |    00000AE1  C$main.c$ |    00000AE1  XG$pause_
     00000AE3  A$lcc7164 |    00000AE3  C$main.c$ |    00000AE3  C$main.c$
     00000AE3  G$unpause |    00000AE3  _unpause_ |    00000AE6  A$lcc7164
     00000AE8  A$lcc7164 |    00000AE8  C$main.c$ |    00000AEB  A$lcc7164
     00000AEC  A$lcc7164 |    00000AEF  A$lcc7164 |    00000AF0  A$lcc7164
     00000AF3  A$lcc7164 |    00000AF4  A$lcc7164 |    00000AF5  A$lcc7164
     00000AF6  A$lcc7164 |    00000AF6  C$main.c$ |    00000AF8  A$lcc7164
     00000AF9  A$lcc7164 |    00000AFA  A$lcc7164 |    00000AFB  A$lcc7164
     00000AFB  C$main.c$ |    00000AFC  A$lcc7164 |    00000AFD  A$lcc7164
     00000AFE  A$lcc7164 |    00000B01  A$lcc7164 |    00000B02  A$lcc7164
     00000B03  A$lcc7164 |    00000B04  A$lcc7164 |    00000B05  A$lcc7164
     00000B08  A$lcc7164 |    00000B0A  A$lcc7164 |    00000B0A  C$main.c$
     00000B0D  A$lcc7164 |    00000B0E  A$lcc7164 |    00000B10  A$lcc7164
     00000B11  A$lcc7164 |    00000B12  A$lcc7164 |    00000B12  C$main.c$
     00000B13  A$lcc7164 |    00000B13  C$main.c$ |    00000B13  XG$unpaus
     00000B15  A$lcc7164 |    00000B15  C$main.c$ |    00000B15  G$drain_t
     00000B15  _drain_ti |    00000B16  A$lcc7164 |    00000B17  A$lcc7164
     00000B17  C$main.c$ |    00000B1A  A$lcc7164 |    00000B1B  A$lcc7164
     00000B1D  A$lcc7164 |    00000B1E  A$lcc7164 |    00000B20  A$lcc7164
     00000B22  A$lcc7164 |    00000B23  A$lcc7164 |    00000B23  C$main.c$
     00000B24  A$lcc7164 |    00000B25  A$lcc7164 |    00000B27  A$lcc7164
     00000B29  A$lcc7164 |    00000B2C  A$lcc7164 |    00000B2D  A$lcc7164
     00000B2F  A$lcc7164 |    00000B31  A$lcc7164 |    00000B33  A$lcc7164
     00000B35  A$lcc7164 |    00000B37  A$lcc7164 |    00000B39  A$lcc7164
     00000B3A  A$lcc7164 |    00000B3A  C$main.c$ |    00000B3C  A$lcc7164
     00000B3D  A$lcc7164 |    00000B3F  A$lcc7164 |    00000B40  A$lcc7164
ASxxxx Linker V03.00 + NoICE + sdld,  page 14.
Hexadecimal  [32-Bits]

Area                       Addr        Size        Decimal Bytes (Attributes)
--------------------       ----        ----        ------- ----- ------------
_CODE                  00000200    000024B6 =        9398. bytes (REL,CON)

        Value  Global            Value  Global            Value  Global    
        -----  ------            -----  ------            -----  ------    
     00000B43  A$lcc7164 |    00000B44  A$lcc7164 |    00000B45  A$lcc7164
     00000B45  C$main.c$ |    00000B48  A$lcc7164 |    00000B49  A$lcc7164
     00000B4C  A$lcc7164 |    00000B4D  A$lcc7164 |    00000B4F  A$lcc7164
     00000B50  A$lcc7164 |    00000B53  A$lcc7164 |    00000B54  A$lcc7164
     00000B55  A$lcc7164 |    00000B56  A$lcc7164 |    00000B57  A$lcc7164
     00000B5A  A$lcc7164 |    00000B5B  A$lcc7164 |    00000B5C  A$lcc7164
     00000B5D  A$lcc7164 |    00000B5E  A$lcc7164 |    00000B5F  A$lcc7164
     00000B60  A$lcc7164 |    00000B61  A$lcc7164 |    00000B64  A$lcc7164
     00000B65  A$lcc7164 |    00000B66  A$lcc7164 |    00000B66  C$main.c$
     00000B68  A$lcc7164 |    00000B69  A$lcc7164 |    00000B6B  A$lcc7164
     00000B6D  A$lcc7164 |    00000B6E  A$lcc7164 |    00000B70  A$lcc7164
     00000B71  A$lcc7164 |    00000B72  A$lcc7164 |    00000B74  A$lcc7164
     00000B75  A$lcc7164 |    00000B76  A$lcc7164 |    00000B78  A$lcc7164
     00000B79  A$lcc7164 |    00000B7A  A$lcc7164 |    00000B7C  A$lcc7164
     00000B7C  C$main.c$ |    00000B7E  A$lcc7164 |    00000B7F  A$lcc7164
     00000B81  A$lcc7164 |    00000B82  A$lcc7164 |    00000B84  A$lcc7164
     00000B85  A$lcc7164 |    00000B86  A$lcc7164 |    00000B87  A$lcc7164
     00000B88  A$lcc7164 |    00000B8B  A$lcc7164 |    00000B8D  A$lcc7164
     00000B8D  C$main.c$ |    00000B90  A$lcc7164 |    00000B91  A$lcc7164
     00000B91  C$main.c$ |    00000B94  A$lcc7164 |    00000B95  A$lcc7164
     00000B97  A$lcc7164 |    00000B98  A$lcc7164 |    00000B99  A$lcc7164
     00000B9B  A$lcc7164 |    00000B9C  A$lcc7164 |    00000B9C  C$main.c$
     00000B9F  A$lcc7164 |    00000B9F  C$main.c$ |    00000BA2  A$lcc7164
     00000BA3  A$lcc7164 |    00000BA5  A$lcc7164 |    00000BA6  A$lcc7164
     00000BA7  A$lcc7164 |    00000BA7  C$main.c$ |    00000BA9  A$lcc7164
     00000BAA  A$lcc7164 |    00000BAC  A$lcc7164 |    00000BAE  A$lcc7164
     00000BAE  C$main.c$ |    00000BB1  A$lcc7164 |    00000BB3  A$lcc7164
     00000BB3  C$main.c$ |    00000BB6  A$lcc7164 |    00000BB8  A$lcc7164
     00000BB9  A$lcc7164 |    00000BBA  A$lcc7164 |    00000BBA  C$main.c$
     00000BBA  XG$drain_ |    00000BBB  A$lcc7164 |    00000BBB  C$main.c$
     00000BBB  G$reload_ |    00000BBB  _reload_t |    00000BBC  A$lcc7164
     00000BBD  A$lcc7164 |    00000BBD  C$main.c$ |    00000BC0  A$lcc7164
     00000BC1  A$lcc7164 |    00000BC3  A$lcc7164 |    00000BC4  A$lcc7164
     00000BC6  A$lcc7164 |    00000BC8  A$lcc7164 |    00000BC9  A$lcc7164
     00000BC9  C$main.c$ |    00000BCA  A$lcc7164 |    00000BCB  A$lcc7164
     00000BCD  A$lcc7164 |    00000BCF  A$lcc7164 |    00000BD2  A$lcc7164
     00000BD3  A$lcc7164 |    00000BD5  A$lcc7164 |    00000BD7  A$lcc7164
     00000BD9  A$lcc7164 |    00000BDB  A$lcc7164 |    00000BDD  A$lcc7164
     00000BDF  A$lcc7164 |    00000BDF  C$main.c$ |    00000BE1  A$lcc7164
     00000BE2  A$lcc7164 |    00000BE3  A$lcc7164 |    00000BE5  A$lcc7164
     00000BE6  A$lcc7164 |    00000BE9  A$lcc7164 |    00000BEA  A$lcc7164
     00000BEB  A$lcc7164 |    00000BEB  C$main.c$ |    00000BEE  A$lcc7164
     00000BEF  A$lcc7164 |    00000BF2  A$lcc7164 |    00000BF3  A$lcc7164
     00000BF5  A$lcc7164 |    00000BF5  C$main.c$ |    00000BF6  A$lcc7164
     00000BF7  A$lcc7164 |    00000BF8  A$lcc7164 |    00000BFA  A$lcc7164
     00000BFC  A$lcc7164 |    00000BFD  A$lcc7164 |    00000BFE  A$lcc7164
     00000BFF  A$lcc7164 |    00000C00  A$lcc7164 |    00000C01  A$lcc7164
     00000C02  A$lcc7164 |    00000C04  A$lcc7164 |    00000C05  A$lcc7164
     00000C06  A$lcc7164 |    00000C08  A$lcc7164 |    00000C09  A$lcc7164
     00000C0A  A$lcc7164 |    00000C0C  A$lcc7164 |    00000C0C  C$main.c$
     00000C0E  A$lcc7164 |    00000C0F  A$lcc7164 |    00000C11  A$lcc7164
ASxxxx Linker V03.00 + NoICE + sdld,  page 15.
Hexadecimal  [32-Bits]

Area                       Addr        Size        Decimal Bytes (Attributes)
--------------------       ----        ----        ------- ----- ------------
_CODE                  00000200    000024B6 =        9398. bytes (REL,CON)

        Value  Global            Value  Global            Value  Global    
        -----  ------            -----  ------            -----  ------    
     00000C12  A$lcc7164 |    00000C13  A$lcc7164 |    00000C15  A$lcc7164
     00000C16  A$lcc7164 |    00000C17  A$lcc7164 |    00000C18  A$lcc7164
     00000C19  A$lcc7164 |    00000C1C  A$lcc7164 |    00000C1E  A$lcc7164
     00000C1E  C$main.c$ |    00000C21  A$lcc7164 |    00000C22  A$lcc7164
     00000C22  C$main.c$ |    00000C24  A$lcc7164 |    00000C25  A$lcc7164
     00000C27  A$lcc7164 |    00000C29  A$lcc7164 |    00000C29  C$main.c$
     00000C2C  A$lcc7164 |    00000C2C  C$main.c$ |    00000C2F  A$lcc7164
     00000C2F  C$main.c$ |    00000C32  A$lcc7164 |    00000C34  A$lcc7164
     00000C35  A$lcc7164 |    00000C36  A$lcc7164 |    00000C36  C$main.c$
     00000C36  XG$reload |    00000C37  A$lcc7164 |    00000C37  C$main.c$
     00000C37  G$win_che |    00000C37  _win_chec |    00000C39  A$lcc7164
     00000C39  C$main.c$ |    00000C3B  A$lcc7164 |    00000C3C  A$lcc7164
     00000C3E  A$lcc7164 |    00000C3F  A$lcc7164 |    00000C40  A$lcc7164
     00000C41  A$lcc7164 |    00000C42  A$lcc7164 |    00000C43  A$lcc7164
     00000C44  A$lcc7164 |    00000C47  A$lcc7164 |    00000C48  A$lcc7164
     00000C49  A$lcc7164 |    00000C4A  A$lcc7164 |    00000C4C  A$lcc7164
     00000C4D  A$lcc7164 |    00000C4E  A$lcc7164 |    00000C4F  A$lcc7164
     00000C51  A$lcc7164 |    00000C52  A$lcc7164 |    00000C53  A$lcc7164
     00000C54  A$lcc7164 |    00000C55  A$lcc7164 |    00000C57  A$lcc7164
     00000C59  A$lcc7164 |    00000C5A  A$lcc7164 |    00000C5B  A$lcc7164
     00000C5C  A$lcc7164 |    00000C5D  A$lcc7164 |    00000C5E  A$lcc7164
     00000C5F  A$lcc7164 |    00000C62  A$lcc7164 |    00000C63  A$lcc7164
     00000C64  A$lcc7164 |    00000C65  A$lcc7164 |    00000C66  A$lcc7164
     00000C67  A$lcc7164 |    00000C68  A$lcc7164 |    00000C6A  A$lcc7164
     00000C6C  A$lcc7164 |    00000C6D  A$lcc7164 |    00000C6F  A$lcc7164
     00000C70  A$lcc7164 |    00000C72  A$lcc7164 |    00000C73  A$lcc7164
     00000C75  A$lcc7164 |    00000C76  A$lcc7164 |    00000C78  A$lcc7164
     00000C79  A$lcc7164 |    00000C7B  A$lcc7164 |    00000C7B  C$main.c$
     00000C7D  A$lcc7164 |    00000C7E  A$lcc7164 |    00000C80  A$lcc7164
     00000C81  A$lcc7164 |    00000C82  A$lcc7164 |    00000C83  A$lcc7164
     00000C84  A$lcc7164 |    00000C85  A$lcc7164 |    00000C86  A$lcc7164
     00000C89  A$lcc7164 |    00000C8A  A$lcc7164 |    00000C8B  A$lcc7164
     00000C8C  A$lcc7164 |    00000C8E  A$lcc7164 |    00000C8F  A$lcc7164
     00000C90  A$lcc7164 |    00000C91  A$lcc7164 |    00000C93  A$lcc7164
     00000C94  A$lcc7164 |    00000C95  A$lcc7164 |    00000C96  A$lcc7164
     00000C97  A$lcc7164 |    00000C99  A$lcc7164 |    00000C9B  A$lcc7164
     00000C9D  A$lcc7164 |    00000C9E  A$lcc7164 |    00000C9F  A$lcc7164
     00000CA0  A$lcc7164 |    00000CA3  A$lcc7164 |    00000CA4  A$lcc7164
     00000CA5  A$lcc7164 |    00000CA6  A$lcc7164 |    00000CA8  A$lcc7164
     00000CAA  A$lcc7164 |    00000CAC  A$lcc7164 |    00000CAE  A$lcc7164
     00000CB0  A$lcc7164 |    00000CB2  A$lcc7164 |    00000CB2  C$main.c$
     00000CB4  A$lcc7164 |    00000CB5  A$lcc7164 |    00000CB6  A$lcc7164
     00000CB7  A$lcc7164 |    00000CBA  A$lcc7164 |    00000CBB  A$lcc7164
     00000CBC  A$lcc7164 |    00000CBD  A$lcc7164 |    00000CBF  A$lcc7164
     00000CC0  A$lcc7164 |    00000CC1  A$lcc7164 |    00000CC2  A$lcc7164
     00000CC4  A$lcc7164 |    00000CC5  A$lcc7164 |    00000CC6  A$lcc7164
     00000CC7  A$lcc7164 |    00000CC8  A$lcc7164 |    00000CC9  A$lcc7164
     00000CCA  A$lcc7164 |    00000CCB  A$lcc7164 |    00000CCC  A$lcc7164
     00000CCE  A$lcc7164 |    00000CD0  A$lcc7164 |    00000CD1  A$lcc7164
     00000CD2  A$lcc7164 |    00000CD3  A$lcc7164 |    00000CD4  A$lcc7164
     00000CD5  A$lcc7164 |    00000CD6  A$lcc7164 |    00000CD9  A$lcc7164
ASxxxx Linker V03.00 + NoICE + sdld,  page 16.
Hexadecimal  [32-Bits]

Area                       Addr        Size        Decimal Bytes (Attributes)
--------------------       ----        ----        ------- ----- ------------
_CODE                  00000200    000024B6 =        9398. bytes (REL,CON)

        Value  Global            Value  Global            Value  Global    
        -----  ------            -----  ------            -----  ------    
     00000CDA  A$lcc7164 |    00000CDB  A$lcc7164 |    00000CDC  A$lcc7164
     00000CDE  A$lcc7164 |    00000CDF  A$lcc7164 |    00000CE0  A$lcc7164
     00000CE1  A$lcc7164 |    00000CE3  A$lcc7164 |    00000CE4  A$lcc7164
     00000CE6  A$lcc7164 |    00000CE7  A$lcc7164 |    00000CE8  A$lcc7164
     00000CE9  A$lcc7164 |    00000CEB  A$lcc7164 |    00000CED  A$lcc7164
     00000CEF  A$lcc7164 |    00000CF1  A$lcc7164 |    00000CF3  A$lcc7164
     00000CF5  A$lcc7164 |    00000CF5  C$main.c$ |    00000CF7  A$lcc7164
     00000CF8  A$lcc7164 |    00000CFA  A$lcc7164 |    00000CFB  A$lcc7164
     00000CFD  A$lcc7164 |    00000CFE  A$lcc7164 |    00000D00  A$lcc7164
     00000D01  A$lcc7164 |    00000D03  A$lcc7164 |    00000D05  A$lcc7164
     00000D07  A$lcc7164 |    00000D08  A$lcc7164 |    00000D0A  A$lcc7164
     00000D0B  A$lcc7164 |    00000D0D  A$lcc7164 |    00000D0E  A$lcc7164
     00000D0F  A$lcc7164 |    00000D10  A$lcc7164 |    00000D11  A$lcc7164
     00000D12  A$lcc7164 |    00000D13  A$lcc7164 |    00000D13  C$main.c$
     00000D15  A$lcc7164 |    00000D16  A$lcc7164 |    00000D17  A$lcc7164
     00000D18  A$lcc7164 |    00000D19  A$lcc7164 |    00000D1A  A$lcc7164
     00000D1B  A$lcc7164 |    00000D1B  C$main.c$ |    00000D1E  A$lcc7164
     00000D1F  A$lcc7164 |    00000D20  A$lcc7164 |    00000D23  A$lcc7164
     00000D24  A$lcc7164 |    00000D25  A$lcc7164 |    00000D26  A$lcc7164
     00000D28  A$lcc7164 |    00000D29  A$lcc7164 |    00000D2A  A$lcc7164
     00000D2C  A$lcc7164 |    00000D2C  C$main.c$ |    00000D2F  A$lcc7164
     00000D30  A$lcc7164 |    00000D33  A$lcc7164 |    00000D34  A$lcc7164
     00000D37  A$lcc7164 |    00000D38  A$lcc7164 |    00000D3B  A$lcc7164
     00000D3D  A$lcc7164 |    00000D3D  C$main.c$ |    00000D40  A$lcc7164
     00000D42  A$lcc7164 |    00000D45  A$lcc7164 |    00000D46  A$lcc7164
     00000D47  A$lcc7164 |    00000D48  A$lcc7164 |    00000D4B  A$lcc7164
     00000D4C  A$lcc7164 |    00000D4D  A$lcc7164 |    00000D4E  A$lcc7164
     00000D4F  A$lcc7164 |    00000D50  A$lcc7164 |    00000D51  A$lcc7164
     00000D54  A$lcc7164 |    00000D55  A$lcc7164 |    00000D55  C$main.c$
     00000D58  A$lcc7164 |    00000D58  C$main.c$ |    00000D59  A$lcc7164
     00000D5B  A$lcc7164 |    00000D5D  A$lcc7164 |    00000D5E  A$lcc7164
     00000D60  A$lcc7164 |    00000D62  A$lcc7164 |    00000D62  C$main.c$
     00000D65  A$lcc7164 |    00000D66  A$lcc7164 |    00000D69  A$lcc7164
     00000D6A  A$lcc7164 |    00000D6D  A$lcc7164 |    00000D6E  A$lcc7164
     00000D71  A$lcc7164 |    00000D73  A$lcc7164 |    00000D73  C$main.c$
     00000D76  A$lcc7164 |    00000D78  A$lcc7164 |    00000D7B  A$lcc7164
     00000D7C  A$lcc7164 |    00000D7D  A$lcc7164 |    00000D7E  A$lcc7164
     00000D81  A$lcc7164 |    00000D82  A$lcc7164 |    00000D83  A$lcc7164
     00000D84  A$lcc7164 |    00000D85  A$lcc7164 |    00000D86  A$lcc7164
     00000D87  A$lcc7164 |    00000D8A  A$lcc7164 |    00000D8B  A$lcc7164
     00000D8B  C$main.c$ |    00000D8E  A$lcc7164 |    00000D8E  C$main.c$
     00000D8F  A$lcc7164 |    00000D91  A$lcc7164 |    00000D93  A$lcc7164
     00000D94  A$lcc7164 |    00000D96  A$lcc7164 |    00000D98  A$lcc7164
     00000D98  C$main.c$ |    00000D9B  A$lcc7164 |    00000D9C  A$lcc7164
     00000D9F  A$lcc7164 |    00000DA0  A$lcc7164 |    00000DA3  A$lcc7164
     00000DA4  A$lcc7164 |    00000DA7  A$lcc7164 |    00000DA9  A$lcc7164
     00000DA9  C$main.c$ |    00000DAC  A$lcc7164 |    00000DAE  A$lcc7164
     00000DB1  A$lcc7164 |    00000DB2  A$lcc7164 |    00000DB3  A$lcc7164
     00000DB4  A$lcc7164 |    00000DB7  A$lcc7164 |    00000DB8  A$lcc7164
     00000DB9  A$lcc7164 |    00000DBA  A$lcc7164 |    00000DBB  A$lcc7164
     00000DBC  A$lcc7164 |    00000DBD  A$lcc7164 |    00000DC0  A$lcc7164
ASxxxx Linker V03.00 + NoICE + sdld,  page 17.
Hexadecimal  [32-Bits]

Area                       Addr        Size        Decimal Bytes (Attributes)
--------------------       ----        ----        ------- ----- ------------
_CODE                  00000200    000024B6 =        9398. bytes (REL,CON)

        Value  Global            Value  Global            Value  Global    
        -----  ------            -----  ------            -----  ------    
     00000DC1  A$lcc7164 |    00000DC1  C$main.c$ |    00000DC3  A$lcc7164
     00000DC3  C$main.c$ |    00000DC4  A$lcc7164 |    00000DC6  A$lcc7164
     00000DC8  A$lcc7164 |    00000DC9  A$lcc7164 |    00000DCB  A$lcc7164
     00000DCD  A$lcc7164 |    00000DCD  C$main.c$ |    00000DD0  A$lcc7164
     00000DD1  A$lcc7164 |    00000DD4  A$lcc7164 |    00000DD5  A$lcc7164
     00000DD8  A$lcc7164 |    00000DD9  A$lcc7164 |    00000DDC  A$lcc7164
     00000DDE  A$lcc7164 |    00000DDE  C$main.c$ |    00000DE1  A$lcc7164
     00000DE3  A$lcc7164 |    00000DE6  A$lcc7164 |    00000DE7  A$lcc7164
     00000DE8  A$lcc7164 |    00000DE9  A$lcc7164 |    00000DEC  A$lcc7164
     00000DED  A$lcc7164 |    00000DEE  A$lcc7164 |    00000DEF  A$lcc7164
     00000DF0  A$lcc7164 |    00000DF1  A$lcc7164 |    00000DF2  A$lcc7164
     00000DF5  A$lcc7164 |    00000DF6  A$lcc7164 |    00000DF6  C$main.c$
     00000DF8  A$lcc7164 |    00000DF8  C$main.c$ |    00000DF9  A$lcc7164
     00000DFB  A$lcc7164 |    00000DFD  A$lcc7164 |    00000DFE  A$lcc7164
     00000E00  A$lcc7164 |    00000E02  A$lcc7164 |    00000E02  C$main.c$
     00000E05  A$lcc7164 |    00000E06  A$lcc7164 |    00000E09  A$lcc7164
     00000E0A  A$lcc7164 |    00000E0D  A$lcc7164 |    00000E0E  A$lcc7164
     00000E11  A$lcc7164 |    00000E13  A$lcc7164 |    00000E13  C$main.c$
     00000E16  A$lcc7164 |    00000E18  A$lcc7164 |    00000E1B  A$lcc7164
     00000E1C  A$lcc7164 |    00000E1D  A$lcc7164 |    00000E1E  A$lcc7164
     00000E21  A$lcc7164 |    00000E22  A$lcc7164 |    00000E23  A$lcc7164
     00000E24  A$lcc7164 |    00000E25  A$lcc7164 |    00000E26  A$lcc7164
     00000E27  A$lcc7164 |    00000E2A  A$lcc7164 |    00000E2B  A$lcc7164
     00000E2B  C$main.c$ |    00000E2D  A$lcc7164 |    00000E2D  C$main.c$
     00000E30  A$lcc7164 |    00000E32  A$lcc7164 |    00000E32  C$main.c$
     00000E32  XG$win_ch |    00000E33  A$lcc7164 |    00000E33  C$main.c$
     00000E33  G$collide |    00000E33  _collide_ |    00000E35  A$lcc7164
     00000E35  C$main.c$ |    00000E38  A$lcc7164 |    00000E39  A$lcc7164
     00000E3A  A$lcc7164 |    00000E3C  A$lcc7164 |    00000E3E  A$lcc7164
     00000E3E  C$main.c$ |    00000E3F  A$lcc7164 |    00000E40  A$lcc7164
     00000E42  A$lcc7164 |    00000E43  A$lcc7164 |    00000E43  C$main.c$
     00000E46  A$lcc7164 |    00000E48  A$lcc7164 |    00000E49  A$lcc7164
     00000E49  C$main.c$ |    00000E4B  A$lcc7164 |    00000E4C  A$lcc7164
     00000E4C  C$main.c$ |    00000E4E  A$lcc7164 |    00000E4F  A$lcc7164
     00000E50  A$lcc7164 |    00000E51  A$lcc7164 |    00000E52  A$lcc7164
     00000E55  A$lcc7164 |    00000E56  A$lcc7164 |    00000E57  A$lcc7164
     00000E58  A$lcc7164 |    00000E59  A$lcc7164 |    00000E5A  A$lcc7164
     00000E5B  A$lcc7164 |    00000E5C  A$lcc7164 |    00000E5D  A$lcc7164
     00000E60  A$lcc7164 |    00000E61  A$lcc7164 |    00000E62  A$lcc7164
     00000E63  A$lcc7164 |    00000E65  A$lcc7164 |    00000E66  A$lcc7164
     00000E67  A$lcc7164 |    00000E68  A$lcc7164 |    00000E6A  A$lcc7164
     00000E6B  A$lcc7164 |    00000E6C  A$lcc7164 |    00000E6D  A$lcc7164
     00000E6F  A$lcc7164 |    00000E71  A$lcc7164 |    00000E72  A$lcc7164
     00000E73  A$lcc7164 |    00000E74  A$lcc7164 |    00000E76  A$lcc7164
     00000E79  A$lcc7164 |    00000E7A  A$lcc7164 |    00000E7B  A$lcc7164
     00000E7C  A$lcc7164 |    00000E7F  A$lcc7164 |    00000E80  A$lcc7164
     00000E81  A$lcc7164 |    00000E82  A$lcc7164 |    00000E84  A$lcc7164
     00000E85  A$lcc7164 |    00000E86  A$lcc7164 |    00000E88  A$lcc7164
     00000E89  A$lcc7164 |    00000E8A  A$lcc7164 |    00000E8B  A$lcc7164
     00000E8D  A$lcc7164 |    00000E8E  A$lcc7164 |    00000E8F  A$lcc7164
     00000E90  A$lcc7164 |    00000E91  A$lcc7164 |    00000E93  A$lcc7164
ASxxxx Linker V03.00 + NoICE + sdld,  page 18.
Hexadecimal  [32-Bits]

Area                       Addr        Size        Decimal Bytes (Attributes)
--------------------       ----        ----        ------- ----- ------------
_CODE                  00000200    000024B6 =        9398. bytes (REL,CON)

        Value  Global            Value  Global            Value  Global    
        -----  ------            -----  ------            -----  ------    
     00000E94  A$lcc7164 |    00000E95  A$lcc7164 |    00000E96  A$lcc7164
     00000E97  A$lcc7164 |    00000E99  A$lcc7164 |    00000E9A  A$lcc7164
     00000E9B  A$lcc7164 |    00000E9C  A$lcc7164 |    00000E9D  A$lcc7164
     00000E9F  A$lcc7164 |    00000EA0  A$lcc7164 |    00000EA1  A$lcc7164
     00000EA2  A$lcc7164 |    00000EA3  A$lcc7164 |    00000EA4  A$lcc7164
     00000EA6  A$lcc7164 |    00000EA7  A$lcc7164 |    00000EA8  A$lcc7164
     00000EA9  A$lcc7164 |    00000EAA  A$lcc7164 |    00000EAB  A$lcc7164
     00000EAE  A$lcc7164 |    00000EB0  A$lcc7164 |    00000EB1  A$lcc7164
     00000EB3  A$lcc7164 |    00000EB3  C$main.c$ |    00000EB6  A$lcc7164
     00000EB7  A$lcc7164 |    00000EB9  A$lcc7164 |    00000EBA  A$lcc7164
     00000EBB  A$lcc7164 |    00000EBD  A$lcc7164 |    00000EBE  A$lcc7164
     00000EBE  C$main.c$ |    00000EC1  A$lcc7164 |    00000EC1  C$main.c$
     00000EC4  A$lcc7164 |    00000EC6  A$lcc7164 |    00000EC9  A$lcc7164
     00000ECA  A$lcc7164 |    00000ECB  A$lcc7164 |    00000ECC  A$lcc7164
     00000ECF  A$lcc7164 |    00000ED0  A$lcc7164 |    00000ED1  A$lcc7164
     00000ED2  A$lcc7164 |    00000ED4  A$lcc7164 |    00000ED5  A$lcc7164
     00000ED6  A$lcc7164 |    00000ED9  A$lcc7164 |    00000EDA  A$lcc7164
     00000EDA  C$main.c$ |    00000EDC  A$lcc7164 |    00000EDC  C$main.c$
     00000EDC  XG$collid |    00000EDD  A$lcc7164 |    00000EDD  C$main.c$
     00000EDD  G$collide |    00000EDD  _collide_ |    00000EDF  A$lcc7164
     00000EDF  C$main.c$ |    00000EE2  A$lcc7164 |    00000EE3  A$lcc7164
     00000EE4  A$lcc7164 |    00000EE5  A$lcc7164 |    00000EE6  A$lcc7164
     00000EE8  A$lcc7164 |    00000EE9  A$lcc7164 |    00000EEA  A$lcc7164
     00000EEB  A$lcc7164 |    00000EEC  A$lcc7164 |    00000EEE  A$lcc7164
     00000EF0  A$lcc7164 |    00000EF0  C$main.c$ |    00000EF2  A$lcc7164
     00000EF4  A$lcc7164 |    00000EF4  C$main.c$ |    00000EF6  A$lcc7164
     00000EF8  A$lcc7164 |    00000EFA  A$lcc7164 |    00000EFA  C$main.c$
     00000EFC  A$lcc7164 |    00000EFE  A$lcc7164 |    00000EFE  C$main.c$
     00000F00  A$lcc7164 |    00000F02  A$lcc7164 |    00000F02  C$main.c$
     00000F04  A$lcc7164 |    00000F05  A$lcc7164 |    00000F07  A$lcc7164
     00000F08  A$lcc7164 |    00000F09  A$lcc7164 |    00000F0A  A$lcc7164
     00000F0B  A$lcc7164 |    00000F0C  A$lcc7164 |    00000F0D  A$lcc7164
     00000F10  A$lcc7164 |    00000F11  A$lcc7164 |    00000F12  A$lcc7164
     00000F13  A$lcc7164 |    00000F15  A$lcc7164 |    00000F16  A$lcc7164
     00000F17  A$lcc7164 |    00000F18  A$lcc7164 |    00000F1A  A$lcc7164
     00000F1B  A$lcc7164 |    00000F1C  A$lcc7164 |    00000F1D  A$lcc7164
     00000F1E  A$lcc7164 |    00000F20  A$lcc7164 |    00000F22  A$lcc7164
     00000F23  A$lcc7164 |    00000F24  A$lcc7164 |    00000F25  A$lcc7164
     00000F26  A$lcc7164 |    00000F27  A$lcc7164 |    00000F28  A$lcc7164
     00000F2B  A$lcc7164 |    00000F2C  A$lcc7164 |    00000F2D  A$lcc7164
     00000F2E  A$lcc7164 |    00000F30  A$lcc7164 |    00000F32  A$lcc7164
     00000F34  A$lcc7164 |    00000F36  A$lcc7164 |    00000F38  A$lcc7164
     00000F3A  A$lcc7164 |    00000F3A  C$main.c$ |    00000F3D  A$lcc7164
     00000F3E  A$lcc7164 |    00000F3F  A$lcc7164 |    00000F40  A$lcc7164
     00000F41  A$lcc7164 |    00000F42  A$lcc7164 |    00000F43  A$lcc7164
     00000F44  A$lcc7164 |    00000F45  A$lcc7164 |    00000F45  C$main.c$
     00000F46  A$lcc7164 |    00000F48  A$lcc7164 |    00000F49  A$lcc7164
     00000F4A  A$lcc7164 |    00000F4C  A$lcc7164 |    00000F4F  A$lcc7164
     00000F51  A$lcc7164 |    00000F52  A$lcc7164 |    00000F52  C$main.c$
     00000F54  A$lcc7164 |    00000F55  A$lcc7164 |    00000F57  A$lcc7164
     00000F58  A$lcc7164 |    00000F5A  A$lcc7164 |    00000F5C  A$lcc7164
ASxxxx Linker V03.00 + NoICE + sdld,  page 19.
Hexadecimal  [32-Bits]

Area                       Addr        Size        Decimal Bytes (Attributes)
--------------------       ----        ----        ------- ----- ------------
_CODE                  00000200    000024B6 =        9398. bytes (REL,CON)

        Value  Global            Value  Global            Value  Global    
        -----  ------            -----  ------            -----  ------    
     00000F5D  A$lcc7164 |    00000F5F  A$lcc7164 |    00000F61  A$lcc7164
     00000F62  A$lcc7164 |    00000F63  A$lcc7164 |    00000F64  A$lcc7164
     00000F65  A$lcc7164 |    00000F66  A$lcc7164 |    00000F67  A$lcc7164
     00000F69  A$lcc7164 |    00000F6A  A$lcc7164 |    00000F6C  A$lcc7164
     00000F6D  A$lcc7164 |    00000F6E  A$lcc7164 |    00000F6F  A$lcc7164
     00000F70  A$lcc7164 |    00000F71  A$lcc7164 |    00000F72  A$lcc7164
     00000F73  A$lcc7164 |    00000F74  A$lcc7164 |    00000F75  A$lcc7164
     00000F76  A$lcc7164 |    00000F78  A$lcc7164 |    00000F79  A$lcc7164
     00000F7B  A$lcc7164 |    00000F7C  A$lcc7164 |    00000F7E  A$lcc7164
     00000F7F  A$lcc7164 |    00000F81  A$lcc7164 |    00000F82  A$lcc7164
     00000F84  A$lcc7164 |    00000F86  A$lcc7164 |    00000F88  A$lcc7164
     00000F89  A$lcc7164 |    00000F8A  A$lcc7164 |    00000F8D  A$lcc7164
     00000F8E  A$lcc7164 |    00000F8F  A$lcc7164 |    00000F90  A$lcc7164
     00000F92  A$lcc7164 |    00000F93  A$lcc7164 |    00000F94  A$lcc7164
     00000F95  A$lcc7164 |    00000F97  A$lcc7164 |    00000F98  A$lcc7164
     00000F9A  A$lcc7164 |    00000F9C  A$lcc7164 |    00000F9D  A$lcc7164
     00000F9F  A$lcc7164 |    00000FA0  A$lcc7164 |    00000FA2  A$lcc7164
     00000FA3  A$lcc7164 |    00000FA5  A$lcc7164 |    00000FA6  A$lcc7164
     00000FA8  A$lcc7164 |    00000FA9  A$lcc7164 |    00000FAB  A$lcc7164
     00000FAB  C$main.c$ |    00000FAD  A$lcc7164 |    00000FAE  A$lcc7164
     00000FAF  A$lcc7164 |    00000FB1  A$lcc7164 |    00000FB2  A$lcc7164
     00000FB3  A$lcc7164 |    00000FB4  A$lcc7164 |    00000FB5  A$lcc7164
     00000FB6  A$lcc7164 |    00000FB7  A$lcc7164 |    00000FB9  A$lcc7164
     00000FBA  A$lcc7164 |    00000FBB  A$lcc7164 |    00000FBC  A$lcc7164
     00000FBD  A$lcc7164 |    00000FBE  A$lcc7164 |    00000FBF  A$lcc7164
     00000FC1  A$lcc7164 |    00000FC2  A$lcc7164 |    00000FC3  A$lcc7164
     00000FC4  A$lcc7164 |    00000FC6  A$lcc7164 |    00000FC7  A$lcc7164
     00000FC8  A$lcc7164 |    00000FC9  A$lcc7164 |    00000FCA  A$lcc7164
     00000FCB  A$lcc7164 |    00000FCC  A$lcc7164 |    00000FCD  A$lcc7164
     00000FCE  A$lcc7164 |    00000FD0  A$lcc7164 |    00000FD2  A$lcc7164
     00000FD3  A$lcc7164 |    00000FD4  A$lcc7164 |    00000FD5  A$lcc7164
     00000FD6  A$lcc7164 |    00000FD9  A$lcc7164 |    00000FDA  A$lcc7164
     00000FDB  A$lcc7164 |    00000FDC  A$lcc7164 |    00000FDE  A$lcc7164
     00000FDF  A$lcc7164 |    00000FE0  A$lcc7164 |    00000FE1  A$lcc7164
     00000FE3  A$lcc7164 |    00000FE4  A$lcc7164 |    00000FE6  A$lcc7164
     00000FE7  A$lcc7164 |    00000FE8  A$lcc7164 |    00000FE8  C$main.c$
     00000FE9  A$lcc7164 |    00000FEA  A$lcc7164 |    00000FEC  A$lcc7164
     00000FEE  A$lcc7164 |    00000FF0  A$lcc7164 |    00000FF2  A$lcc7164
     00000FF4  A$lcc7164 |    00000FF6  A$lcc7164 |    00000FF7  A$lcc7164
     00000FF8  A$lcc7164 |    00000FFA  A$lcc7164 |    00000FFB  A$lcc7164
     00000FFC  A$lcc7164 |    00000FFD  A$lcc7164 |    00000FFE  A$lcc7164
     00000FFF  A$lcc7164 |    00001002  A$lcc7164 |    00001003  A$lcc7164
     00001004  A$lcc7164 |    00001005  A$lcc7164 |    00001007  A$lcc7164
     00001008  A$lcc7164 |    0000100A  A$lcc7164 |    0000100A  C$main.c$
     0000100B  A$lcc7164 |    0000100D  A$lcc7164 |    0000100E  A$lcc7164
     0000100F  A$lcc7164 |    00001010  A$lcc7164 |    00001011  A$lcc7164
     00001014  A$lcc7164 |    00001015  A$lcc7164 |    00001017  A$lcc7164
     00001018  A$lcc7164 |    00001019  A$lcc7164 |    0000101B  A$lcc7164
     0000101B  C$main.c$ |    0000101E  A$lcc7164 |    0000101F  A$lcc7164
     00001020  A$lcc7164 |    00001021  A$lcc7164 |    00001022  A$lcc7164
     00001024  A$lcc7164 |    00001025  A$lcc7164 |    00001026  A$lcc7164
ASxxxx Linker V03.00 + NoICE + sdld,  page 20.
Hexadecimal  [32-Bits]

Area                       Addr        Size        Decimal Bytes (Attributes)
--------------------       ----        ----        ------- ----- ------------
_CODE                  00000200    000024B6 =        9398. bytes (REL,CON)

        Value  Global            Value  Global            Value  Global    
        -----  ------            -----  ------            -----  ------    
     00001027  A$lcc7164 |    00001028  A$lcc7164 |    0000102A  A$lcc7164
     0000102C  A$lcc7164 |    0000102C  C$main.c$ |    0000102E  A$lcc7164
     0000102F  A$lcc7164 |    00001031  A$lcc7164 |    00001032  A$lcc7164
     00001034  A$lcc7164 |    00001036  A$lcc7164 |    00001037  A$lcc7164
     00001039  A$lcc7164 |    0000103A  A$lcc7164 |    0000103B  A$lcc7164
     0000103D  A$lcc7164 |    0000103E  A$lcc7164 |    00001040  A$lcc7164
     00001042  A$lcc7164 |    00001043  A$lcc7164 |    00001045  A$lcc7164
     00001046  A$lcc7164 |    00001048  A$lcc7164 |    0000104B  A$lcc7164
     0000104C  A$lcc7164 |    0000104E  A$lcc7164 |    0000104F  A$lcc7164
     00001050  A$lcc7164 |    00001052  A$lcc7164 |    00001053  A$lcc7164
     00001056  A$lcc7164 |    00001056  C$main.c$ |    00001059  A$lcc7164
     0000105B  A$lcc7164 |    0000105E  A$lcc7164 |    0000105E  C$main.c$
     0000105E  C$main.c$ |    0000105F  A$lcc7164 |    00001061  A$lcc7164
     00001062  A$lcc7164 |    00001064  A$lcc7164 |    00001065  A$lcc7164
     00001067  A$lcc7164 |    00001068  A$lcc7164 |    0000106A  A$lcc7164
     0000106A  C$main.c$ |    0000106C  A$lcc7164 |    0000106D  A$lcc7164
     0000106F  A$lcc7164 |    00001070  A$lcc7164 |    00001072  A$lcc7164
     00001074  A$lcc7164 |    00001075  A$lcc7164 |    00001076  A$lcc7164
     00001078  A$lcc7164 |    0000107A  A$lcc7164 |    0000107B  A$lcc7164
     0000107D  A$lcc7164 |    0000107E  A$lcc7164 |    0000107F  A$lcc7164
     00001081  A$lcc7164 |    00001082  A$lcc7164 |    00001084  A$lcc7164
     00001086  A$lcc7164 |    00001088  A$lcc7164 |    0000108A  A$lcc7164
     0000108C  A$lcc7164 |    0000108D  A$lcc7164 |    0000108E  A$lcc7164
     00001090  A$lcc7164 |    00001091  A$lcc7164 |    00001093  A$lcc7164
     00001093  C$main.c$ |    00001096  A$lcc7164 |    00001098  A$lcc7164
     0000109B  A$lcc7164 |    0000109B  C$main.c$ |    0000109E  A$lcc7164
[...]

        Value  Global            Value  Global            Value  Global    
        -----  ------            -----  ------            -----  ------    
ASxxxx Linker V03.00 + NoICE + sdld,  page 31.
Hexadecimal  [32-Bits]

Area                       Addr        Size        Decimal Bytes (Attributes)
--------------------       ----        ----        ------- ----- ------------
_HEADER4               00000000    0000004F =          79. bytes (ABS,CON)

        Value  Global            Value  Global            Value  Global    
        -----  ------            -----  ------            -----  ------    
     00000080  .int      |    0000008F  _wait_int |    0000009C  __standar
     000000AC  _refresh_
ASxxxx Linker V03.00 + NoICE + sdld,  page 32.
Hexadecimal  [32-Bits]

Area                       Addr        Size        Decimal Bytes (Attributes)
--------------------       ----        ----        ------- ----- ------------
_HEADER5               00000000    00000002 =           2. bytes (ABS,CON)

        Value  Global            Value  Global            Value  Global    
        -----  ------            -----  ------            -----  ------    
ASxxxx Linker V03.00 + NoICE + sdld,  page 33.
Hexadecimal  [32-Bits]

Area                       Addr        Size        Decimal Bytes (Attributes)
--------------------       ----        ----        ------- ----- ------------
_HEADER6               00000000    00000030 =          48. bytes (ABS,CON)

        Value  Global            Value  Global            Value  Global    
        -----  ------            -----  ------            -----  ------    
ASxxxx Linker V03.00 + NoICE + sdld,  page 34.
Hexadecimal  [32-Bits]

Area                       Addr        Size        Decimal Bytes (Attributes)
--------------------       ----        ----        ------- ----- ------------
_HEADER7               00000000    00000006 =           6. bytes (ABS,CON)

        Value  Global            Value  Global            Value  Global    
        -----  ------            -----  ------            -----  ------    
ASxxxx Linker V03.00 + NoICE + sdld,  page 35.
Hexadecimal  [32-Bits]

Area                       Addr        Size        Decimal Bytes (Attributes)
--------------------       ----        ----        ------- ----- ------------
_HEADER8               00000000    00000003 =           3. bytes (ABS,CON)

        Value  Global            Value  Global            Value  Global    
        -----  ------            -----  ------            -----  ------    
ASxxxx Linker V03.00 + NoICE + sdld,  page 36.
Hexadecimal  [32-Bits]

Area                       Addr        Size        Decimal Bytes (Attributes)
--------------------       ----        ----        ------- ----- ------------
_HEADER9               00000000    00000001 =           1. bytes (ABS,CON)

        Value  Global            Value  Global            Value  Global    
        -----  ------            -----  ------            -----  ------    
ASxxxx Linker V03.00 + NoICE + sdld,  page 37.
Hexadecimal  [32-Bits]

Area                       Addr        Size        Decimal Bytes (Attributes)
--------------------       ----        ----        ------- ----- ------------
_HEADERa               00000000    00000001 =           1. bytes (ABS,CON)

        Value  Global            Value  Global            Value  Global    
        -----  ------            -----  ------            -----  ------    
ASxxxx Linker V03.00 + NoICE + sdld,  page 38.
Hexadecimal  [32-Bits]

Area                       Addr        Size        Decimal Bytes (Attributes)
--------------------       ----        ----        ------- ----- ------------
_HEADERb               00000000    00000001 =           1. bytes (ABS,CON)

        Value  Global            Value  Global            Value  Global    
        -----  ------            -----  ------            -----  ------    
ASxxxx Linker V03.00 + NoICE + sdld,  page 39.
Hexadecimal  [32-Bits]

Area                       Addr        Size        Decimal Bytes (Attributes)
--------------------       ----        ----        ------- ----- ------------
_HEADERc               00000000    00000002 =           2. bytes (ABS,CON)

        Value  Global            Value  Global            Value  Global    
        -----  ------            -----  ------            -----  ------    
ASxxxx Linker V03.00 + NoICE + sdld,  page 40.
Hexadecimal  [32-Bits]

Area                       Addr        Size        Decimal Bytes (Attributes)
--------------------       ----        ----        ------- ----- ------------
_HEADERd               00000000    00000001 =           1. bytes (ABS,CON)

        Value  Global            Value  Global            Value  Global    
        -----  ------            -----  ------            -----  ------    
ASxxxx Linker V03.00 + NoICE + sdld,  page 41.
Hexadecimal  [32-Bits]

Area                       Addr        Size        Decimal Bytes (Attributes)
--------------------       ----        ----        ------- ----- ------------
_HEADERe               00000000    00000001 =           1. bytes (ABS,CON)

        Value  Global            Value  Global            Value  Global    
        -----  ------            -----  ------            -----  ------    
ASxxxx Linker V03.00 + NoICE + sdld,  page 42.
Hexadecimal  [32-Bits]

Area                       Addr        Size        Decimal Bytes (Attributes)
--------------------       ----        ----        ------- ----- ------------
_HEADERf               00000000    00000002 =           2. bytes (ABS,CON)

        Value  Global            Value  Global            Value  Global    
        -----  ------            -----  ------            -----  ------    
ASxxxx Linker V03.00 + NoICE + sdld,  page 43.
Hexadecimal  [32-Bits]

Area                       Addr        Size        Decimal Bytes (Attributes)
--------------------       ----        ----        ------- ----- ------------
_HEADER10              00000000    00000082 =         130. bytes (ABS,CON)

        Value  Global            Value  Global            Value  Global    
        -----  ------            -----  ------            -----  ------    
     00000150  .reset    |    00000150  _reset    |    00000157  .code_sta
     000001B7  _exit     |    000001BB  _set_inte
ASxxxx Linker V03.00 + NoICE + sdld,  page 44.
Hexadecimal  [32-Bits]

Area                       Addr        Size        Decimal Bytes (Attributes)
--------------------       ----        ----        ------- ----- ------------
_HEADER11              00000000    00000001 =           1. bytes (ABS,CON)

        Value  Global            Value  Global            Value  Global    
        -----  ------            -----  ------            -----  ------    
ASxxxx Linker V03.00 + NoICE + sdld,  page 45.
Hexadecimal  [32-Bits]

Area                       Addr        Size        Decimal Bytes (Attributes)
--------------------       ----        ----        ------- ----- ------------
_HOME                  000026B6    0000039A =         922. bytes (REL,CON)

        Value  Global            Value  Global            Value  Global    
        -----  ------            -----  ------            -----  ------    
     000026B6  .memset_s |    000026BF  .memcpy_s |    000026DC  .remove_V
     000026DF  .remove_i |    000026FC  .add_VBL  |    000026FF  .add_int 
     0000270A  .wait_vbl |    0000270A  _wait_vbl |    0000271A  .display_
     0000271A  _display_ |    00002732  _remove_V |    0000273D  _add_VBL 
     00002748  _set_tile |    0000274D  _set_bkg_ |    0000274D  _set_win_
     00002755  _set_spri |    00002785  .padup    |    00002785  _waitpadu
     00002795  .jpad     |    00002795  _joypad   |    000027BD  _waitpad 
     000027C0  .wait_pad |    000027C7  ___sdcc_c |    000027F7  _add_LCD 
     00002802  .add_LCD  |    00002808  _remove_L |    00002813  .remove_L
     00002819  __divsuch |    00002826  __modsuch |    00002830  __divusch
     00002842  __modusch |    00002852  __divscha |    0000285E  __modscha
     00002868  __divsint |    00002879  __modsint |    00002888  __divucha
     00002894  __moducha |    0000289E  __divuint |    000028AF  __moduint
     000028BE  .div8     |    000028BE  .mod8     |    000028C6  .div16   
     000028C6  .mod16    |    000028FC  .divu8    |    000028FC  .modu8   
     000028FF  .divu16   |    000028FF  .modu16   |    00002940  _set_bkg_
     00002954  _uitoa    |    00002963  _itoa     |    00002972  .itoa    
     00002986  .utoa     |    000029FA  .set_xy_w |    00002A03  .set_xy_b
     00002A12  .set_xy_t
ASxxxx Linker V03.00 + NoICE + sdld,  page 46.
Hexadecimal  [32-Bits]

Area                       Addr        Size        Decimal Bytes (Attributes)
--------------------       ----        ----        ------- ----- ------------
_CODE_0                00002A50    00000440 =        1088. bytes (REL,CON)

        Value  Global            Value  Global            Value  Global    
        -----  ------            -----  ------            -----  ------    
     00002A50  G$FONT$0_ |    00002A50  _FONT    
ASxxxx Linker V03.00 + NoICE + sdld,  page 47.
Hexadecimal  [32-Bits]

Area                       Addr        Size        Decimal Bytes (Attributes)
--------------------       ----        ----        ------- ----- ------------
_INITIALIZER           00002E90    00000050 =          80. bytes (REL,CON)

        Value  Global            Value  Global            Value  Global    
        -----  ------            -----  ------            -----  ------    
     00002E90  Fmain$__x |    00002EB4  Fmain$__x |    00002EB7  Fmain$__x
     00002EBB  Fmain$__x |    00002EBF  Fmain$__x |    00002EC6  Fmain$__x
     00002EC7  Fmain$__x |    00002ECC  Fmain$__x |    00002ED1  Fmain$__x
     00002ED8  Fmain$__x |    00002EDE  Fmain$__x
ASxxxx Linker V03.00 + NoICE + sdld,  page 48.
Hexadecimal  [32-Bits]

Area                       Addr        Size        Decimal Bytes (Attributes)
--------------------       ----        ----        ------- ----- ------------
_GSINIT                00002EE0    0000000C =          12. bytes (REL,CON)

        Value  Global            Value  Global            Value  Global    
        -----  ------            -----  ------            -----  ------    
     00002EE0  gsinit   
ASxxxx Linker V03.00 + NoICE + sdld,  page 49.
Hexadecimal  [32-Bits]

Area                       Addr        Size        Decimal Bytes (Attributes)
--------------------       ----        ----        ------- ----- ------------
_GSFINAL               00002EEC    00000001 =           1. bytes (REL,CON)

        Value  Global            Value  Global            Value  Global    
        -----  ------            -----  ------            -----  ------    
ASxxxx Linker V03.00 + NoICE + sdld,  page 50.
Hexadecimal  [32-Bits]

Area                       Addr        Size        Decimal Bytes (Attributes)
--------------------       ----        ----        ------- ----- ------------
_DATA                  0000C0A0    0000007C =         124. bytes (REL,CON)

        Value  Global            Value  Global            Value  Global    
        -----  ------            -----  ------            -----  ------    
     0000C0A0  __cpu     |    0000C0A1  __is_GBA  |    0000C0A2  .mode    
     0000C0A3  .sys_time |    0000C0A3  _sys_time |    0000C0A5  .int_0x40
     0000C0B9  G$scroll$ |    0000C0B9  _scroll   |    0000C0C3  G$PLAYER$
     0000C0C3  _PLAYER   |    0000C0CA  G$TOPHAT_ |    0000C0CA  _TOPHAT_F
     0000C0D1  G$joy$0_0 |    0000C0D1  _joy      |    0000C0D2  G$last_jo
     0000C0D2  _last_joy |    0000C0D3  G$is_movi |    0000C0D3  _is_movin
     0000C0D4  G$is_anim |    0000C0D4  _is_anima |    0000C0D5  G$is_dyin
     0000C0D5  _is_dying |    0000C0D6  G$turtles |    0000C0D6  _turtles_
     0000C0D7  G$move_x$ |    0000C0D7  _move_x   |    0000C0D8  G$move_y$
     0000C0D8  _move_y   |    0000C0D9  G$scx_cou |    0000C0D9  _scx_coun
     0000C0DA  G$turtle_ |    0000C0DA  _turtle_c |    0000C0DB  G$dive_co
     0000C0DB  _dive_cou |    0000C0DC  G$timer$0 |    0000C0DC  _timer   
     0000C0DE  G$timer_t |    0000C0DE  _timer_ti |    0000C0DF  G$pause_t
     0000C0DF  _pause_ti |    0000C0E0  G$GAMESTA |    0000C0E0  _GAMESTAT
     0000C0E1  G$TIMERST |    0000C0E1  _TIMERSTA |    0000C0E2  G$turtle_
     0000C0E2  _turtle_t |    0000C0E3  G$dive_ti |    0000C0E3  _dive_til
     0000C0E4  G$y_min$0 |    0000C0E4  _y_min    |    0000C0E5  G$vram_ad
     0000C0E5  _vram_add |    0000C0E7  G$score$0 |    0000C0E7  _score   
     0000C0E9  G$score_b |    0000C0E9  _score_bu |    0000C0EE  G$current
     0000C0EE  _current_ |    0000C0EF  G$level_b |    0000C0EF  _level_bu
     0000C107  G$animati |    0000C107  _animatio |    0000C108  G$death_a
     0000C108  _death_an |    0000C109  ___curren |    0000C10B  ___curren
     0000C10C  .int_0x48
ASxxxx Linker V03.00 + NoICE + sdld,  page 51.
Hexadecimal  [32-Bits]

Area                       Addr        Size        Decimal Bytes (Attributes)
--------------------       ----        ----        ------- ----- ------------
_INITIALIZED           0000C11C    00000050 =          80. bytes (REL,CON)

        Value  Global            Value  Global            Value  Global    
        -----  ------            -----  ------            -----  ------    
     0000C11C  G$scroll_ |    0000C11C  _scroll_r |    0000C140  G$turtle_
     0000C140  _turtle_d |    0000C143  G$turtle_ |    0000C143  _turtle_d
     0000C147  G$turtle_ |    0000C147  _turtle_t |    0000C14B  G$dive_ti
     0000C14B  _dive_til |    0000C152  G$lives$0 |    0000C152  _lives   
     0000C153  G$PLAYER1 |    0000C153  _PLAYER1U |    0000C158  G$PLAYER2
     0000C158  _PLAYER2U |    0000C15D  G$level_t |    0000C15D  _level_te
     0000C164  G$pause_t |    0000C164  _pause_te |    0000C16A  G$death_a
     0000C16A  _death_an |    0000C16B  ___render
ASxxxx Linker V03.00 + NoICE + sdld,  page 52.
Hexadecimal  [32-Bits]

Area                       Addr        Size        Decimal Bytes (Attributes)
--------------------       ----        ----        ------- ----- ------------
_HRAM12                00000000    00000003 =           3. bytes (ABS,CON)

        Value  Global            Value  Global            Value  Global    
        -----  ------            -----  ------            -----  ------    
     0000FF90  __current |    0000FF92  __shadow_
ASxxxx Linker V03.00 + NoICE + sdld,  page 53.
Hexadecimal  [32-Bits]

Area                       Addr        Size        Decimal Bytes (Attributes)
--------------------       ----        ----        ------- ----- ------------
_CODE_1                00014000    000003D0 =         976. bytes (REL,CON)

        Value  Global            Value  Global            Value  Global    
        -----  ------            -----  ------            -----  ------    
     00014000  C$frogger |    00014000  G$__func_ |    00014000  G$frogger
     00014000  ___func_f |    00014000  _frogger_ |    0001400A  G$frogger
     0001400A  _frogger_ |    0001424A  G$frogger |    0001424A  _frogger_
     00014256  G$frogger |    00014256  _frogger_ |    00014262  G$frogger
     00014262  _frogger_ |    0001426E  G$frogger |    0001426E  _frogger_
     0001427A  G$frogger |    0001427A  _frogger_ |    00014286  G$frogger
     00014286  _frogger_ |    00014292  G$frogger |    00014292  _frogger_
     0001429E  G$frogger |    0001429E  _frogger_ |    000142AA  G$frogger
     000142AA  _frogger_ |    000142B6  G$frogger |    000142B6  _frogger_
     000142C8  G$frogger |    000142C8  _frogger_ |    000142DC  G$frogger
     000142DC  _frogger_ |    000142F0  G$frogger |    000142F0  _frogger_
     00014322  C$frogger |    00014322  G$__func_ |    00014322  G$frogger
     00014322  ___func_f |    00014322  _frogger_ |    0001432A  G$frogger
     0001432A  _frogger_ |    0001436A  G$frogger |    0001436A  _frogger_
     00014376  G$frogger |    00014376  _frogger_ |    00014378  C$tophat_
     00014378  G$__func_ |    00014378  G$tophat_ |    00014378  ___func_t
     00014378  _tophat_f |    00014382  G$tophat_ |    00014382  _tophat_f
     000143C2  G$tophat_ |    000143C2  _tophat_f |    000143CE  G$tophat_
     000143CE  _tophat_f
ASxxxx Linker V03.00 + NoICE + sdld,  page 54.
Hexadecimal  [32-Bits]

Area                       Addr        Size        Decimal Bytes (Attributes)
--------------------       ----        ----        ------- ----- ------------
_HEADER_LCD0           00000000    00000003 =           3. bytes (ABS,CON)

        Value  Global            Value  Global            Value  Global    
        -----  ------            -----  ------            -----  ------    
ASxxxx Linker V03.00 + NoICE + sdld,  page 55.

Files Linked                              [ module(s) ]

C:\c_code\gbdk\lib/small/asxxxx/gb/crt0.o
                                          [ Runtime ]
C:\Users\User\AppData\Local\Temp/lcc71640.rel
                                          [ main ]
C:\Users\User\AppData\Local\Temp/lcc71641.rel
                                          [ bkg_map ]
C:\Users\User\AppData\Local\Temp/lcc71642.rel
                                          [ bkg_tiles ]
C:\Users\User\AppData\Local\Temp/lcc71643.rel
                                          [ collision_map ]
C:\Users\User\AppData\Local\Temp/lcc71644.rel
                                          [ font ]
C:\Users\User\AppData\Local\Temp/lcc71645.rel
                                          [ frog_lives ]
C:\Users\User\AppData\Local\Temp/lcc71646.rel
                                          [ frogger ]
C:\Users\User\AppData\Local\Temp/lcc71647.rel
                                          [ frogger_16 ]
C:\Users\User\AppData\Local\Temp/lcc71648.rel
                                          [ reset_timer ]
C:\Users\User\AppData\Local\Temp/lcc71649.rel
                                          [ tophat_frog ]
C:\Users\User\AppData\Local\Temp/lcc716410.rel
                                          [ win_frog ]


Libraries Linked                          [ object file ]

C:\c_code\gbdk\lib/small/asxxxx/gb/gb.lib
                                          [ sfr.o ]
C:\c_code\gbdk\lib/small/asxxxx/gb/gb.lib
                                          [ get_tile.o ]
C:\c_code\gbdk\lib/small/asxxxx/gb/gb.lib
                                          [ set_tile.o ]
C:\c_code\gbdk\lib/small/asxxxx/gb/gb.lib
                                          [ metasprites_hide.o ]
C:\c_code\gbdk\lib/small/asxxxx/gb/gb.lib
                                          [ set_data.o ]
C:\c_code\gbdk\lib/small/asxxxx/gb/gb.lib
                                          [ metasprites_flip.o ]
C:\c_code\gbdk\lib/small/asxxxx/gbz80/gbz80.lib
                                          [ sprintf.o ]
C:\c_code\gbdk\lib/small/asxxxx/gb/gb.lib
                                          [ pad.o ]
C:\c_code\gbdk\lib/small/asxxxx/gb/gb.lib
                                          [ metasprites.o ]
C:\c_code\gbdk\lib/small/asxxxx/gbz80/gbz80.lib
                                          [ __sdcc_call_hl.o ]
C:\c_code\gbdk\lib/small/asxxxx/gb/gb.lib
                                          [ lcd.o ]
C:\c_code\gbdk\lib/small/asxxxx/gb/gb.lib
                                          [ get_addr.o ]
C:\c_code\gbdk\lib/small/asxxxx/gbz80/gbz80.lib
                                          [ div.o ]
C:\c_code\gbdk\lib/small/asxxxx/gb/gb.lib
                                          [ set_bk_t.o ]
C:\c_code\gbdk\lib/small/asxxxx/gbz80/gbz80.lib
                                          [ itoa.o ]
C:\c_code\gbdk\lib/small/asxxxx/gb/gb.lib
                                          [ set_xy_t.o ]

ASxxxx Linker V03.00 + NoICE + sdld,  page 56.

User Base Address Definitions

_DATA=0xC0A0
_CODE=0x0200
ASxxxx Linker V03.00 + NoICE + sdld,  page 57.

User Global Definitions

_shadow_OAM=0xC000
.STACK=0xE000
.refresh_OAM=0xFF80

