ASxxxx Linker V03.00 + NoICE + sdld,  page 1.
Hexadecimal  [32-Bits]

Area                       Addr        Size        Decimal Bytes (Attributes)
--------------------       ----        ----        ------- ----- ------------
.  .ABS.               00000000    00000000 =           0. bytes (ABS,CON)

        Value  Global            Value  Global            Value  Global    
        -----  ------            -----  ------            -----  ------    
     00000000  .__.ABS.  |    00000000  _rRAMG    |    00000000  l__BASE  
     00000000  l__BSS    |    00000000  l__CABS   |    00000000  l__CODE_0
     00000000  l__DABS   |    00000000  l__HEADER |    00000000  l__HEAP  
     00000000  l__HRAM   |    00000000  l__LIT    |    00000000  s__CABS  
     00000000  s__DABS   |    00000000  s__HEADER |    00000000  s__HEADER
     00000000  s__HEADER |    00000000  s__HEADER |    00000000  s__HEADER
     00000000  s__HEADER |    00000000  s__HEADER |    00000000  s__HEADER
     00000000  s__HEADER |    00000000  s__HEADER |    00000000  s__HEADER
     00000000  s__HEADER |    00000000  s__HEADER |    00000000  s__HEADER
     00000000  s__HEADER |    00000000  s__HEADER |    00000000  s__HEADER
     00000000  s__HEADER |    00000000  s__HEADER |    00000000  s__HRAM  
     00000000  s__HRAM12 |    00000001  ___bank_f |    00000001  l__GSFINA
     00000001  l__HEADER |    00000001  l__HEADER |    00000001  l__HEADER
     00000001  l__HEADER |    00000001  l__HEADER |    00000001  l__HEADER
     00000001  l__HEADER |    00000001  l__INITIA |    00000001  l__INITIA
     00000002  l__HEADER |    00000002  l__HEADER |    00000002  l__HEADER
     00000003  l__HEADER |    00000003  l__HRAM12 |    00000005  l__HEADER
     00000006  l__HEADER |    00000007  l__HEADER |    00000008  l__HEADER
     0000000C  l__GSINIT |    00000028  l__DATA   |    00000030  l__HEADER
     0000004F  l__HEADER |    00000056  l__CODE_1 |    00000082  l__HEADER
     0000017B  l__HOME   |    00000200  s__CODE   |    00000768  l__CODE  
     00000968  s__HOME   |    00000AE3  s__BASE   |    00000AE3  s__CODE_0
     00000AE3  s__INITIA |    00000AE3  s__LIT    |    00000AE4  s__GSINIT
     00000AF0  s__GSFINA |    00002000  _rROMB0   |    00003000  _rROMB1  
     00004000  _rRAMB    |    00008000  __VRAM    |    00008000  __VRAM800
     00008800  __VRAM880 |    00009000  __VRAM900 |    00009800  __SCRN0  
     00009C00  __SCRN1   |    0000A000  __SRAM    |    0000C000  __RAM    
     0000C000  _shadow_O |    0000C0A0  s__DATA   |    0000C0C8  s__BSS   
     0000C0C8  s__INITIA |    0000C0C9  s__HEAP   |    0000D000  __RAMBANK
     0000E000  .STACK    |    0000FE00  __OAMRAM  |    0000FF00  _P1_REG  
     0000FF00  __IO      |    0000FF01  _SB_REG   |    0000FF02  _SC_REG  
     0000FF04  _DIV_REG  |    0000FF05  _TIMA_REG |    0000FF06  _TMA_REG 
     0000FF07  _TAC_REG  |    0000FF0F  _IF_REG   |    0000FF10  _NR10_REG
     0000FF11  _NR11_REG |    0000FF12  _NR12_REG |    0000FF13  _NR13_REG
     0000FF14  _NR14_REG |    0000FF16  _NR21_REG |    0000FF17  _NR22_REG
     0000FF18  _NR23_REG |    0000FF19  _NR24_REG |    0000FF1A  _NR30_REG
     0000FF1B  _NR31_REG |    0000FF1C  _NR32_REG |    0000FF1D  _NR33_REG
     0000FF1E  _NR34_REG |    0000FF20  _NR41_REG |    0000FF21  _NR42_REG
     0000FF22  _NR43_REG |    0000FF23  _NR44_REG |    0000FF24  _NR50_REG
     0000FF25  _NR51_REG |    0000FF26  _NR52_REG |    0000FF30  _PCM_SAMP
     0000FF30  __AUD3WAV |    0000FF40  _LCDC_REG |    0000FF41  _STAT_REG
     0000FF42  _SCY_REG  |    0000FF43  _SCX_REG  |    0000FF44  _LY_REG  
     0000FF45  _LYC_REG  |    0000FF46  _DMA_REG  |    0000FF47  _BGP_REG 
     0000FF48  _OBP0_REG |    0000FF49  _OBP1_REG |    0000FF4A  _WY_REG  
     0000FF4B  _WX_REG   |    0000FF4D  _KEY1_REG |    0000FF4F  _VBK_REG 
     0000FF51  _HDMA1_RE |    0000FF52  _HDMA2_RE |    0000FF53  _HDMA3_RE
     0000FF54  _HDMA4_RE |    0000FF55  _HDMA5_RE |    0000FF56  _RP_REG  
     0000FF68  _BCPS_REG |    0000FF69  _BCPD_REG |    0000FF6A  _OCPS_REG
     0000FF6B  _OCPD_REG |    0000FF70  _SVBK_REG |    0000FF76  _PCM12_RE
     0000FF77  _PCM34_RE |    0000FF80  .refresh_ |    0000FF80  __HRAM   
ASxxxx Linker V03.00 + NoICE + sdld,  page 2.
Hexadecimal  [32-Bits]

Area                       Addr        Size        Decimal Bytes (Attributes)
--------------------       ----        ----        ------- ----- ------------
.  .ABS.               00000000    00000000 =           0. bytes (ABS,CON)

        Value  Global            Value  Global            Value  Global    
        -----  ------            -----  ------            -----  ------    
     0000FFFF  _IE_REG   |    00014000  s__CODE_1
ASxxxx Linker V03.00 + NoICE + sdld,  page 3.
Hexadecimal  [32-Bits]

Area                       Addr        Size        Decimal Bytes (Attributes)
--------------------       ----        ----        ------- ----- ------------
_CODE                  00000200    00000768 =        1896. bytes (REL,CON)

        Value  Global            Value  Global            Value  Global    
        -----  ------            -----  ------            -----  ------    
     00000200  A$lcc1452 |    00000200  C$main.c$ |    00000200  G$move_fr
     00000200  _move_fro |    00000201  A$lcc1452 |    00000202  A$lcc1452
     00000202  C$main.c$ |    00000205  A$lcc1452 |    00000206  A$lcc1452
     00000208  A$lcc1452 |    00000208  C$main.c$ |    0000020B  A$lcc1452
     0000020C  A$lcc1452 |    0000020E  A$lcc1452 |    0000020F  A$lcc1452
     00000210  A$lcc1452 |    00000211  A$lcc1452 |    00000212  A$lcc1452
     00000215  A$lcc1452 |    00000217  A$lcc1452 |    00000219  A$lcc1452
     0000021C  A$lcc1452 |    0000021E  A$lcc1452 |    00000221  A$lcc1452
     00000222  A$lcc1452 |    00000223  A$lcc1452 |    00000224  A$lcc1452
     00000225  A$lcc1452 |    00000226  A$lcc1452 |    00000229  A$lcc1452
     0000022A  A$lcc1452 |    0000022B  A$lcc1452 |    0000022C  A$lcc1452
     0000022F  A$lcc1452 |    00000231  A$lcc1452 |    00000232  A$lcc1452
     00000235  A$lcc1452 |    00000236  A$lcc1452 |    00000237  A$lcc1452
     00000238  A$lcc1452 |    0000023B  A$lcc1452 |    0000023C  A$lcc1452
     0000023D  A$lcc1452 |    0000023E  A$lcc1452 |    00000241  A$lcc1452
     00000243  A$lcc1452 |    00000245  A$lcc1452 |    00000246  A$lcc1452
     00000247  A$lcc1452 |    00000248  A$lcc1452 |    00000249  A$lcc1452
     0000024B  A$lcc1452 |    0000024C  A$lcc1452 |    0000024F  A$lcc1452
     00000251  A$lcc1452 |    00000251  C$main.c$ |    00000253  A$lcc1452
     00000253  C$main.c$ |    00000256  A$lcc1452 |    00000257  A$lcc1452
     00000259  A$lcc1452 |    00000259  C$main.c$ |    0000025C  A$lcc1452
     0000025D  A$lcc1452 |    0000025E  A$lcc1452 |    0000025F  A$lcc1452
     00000262  A$lcc1452 |    00000264  A$lcc1452 |    00000266  A$lcc1452
     00000269  A$lcc1452 |    0000026B  A$lcc1452 |    0000026E  A$lcc1452
     0000026F  A$lcc1452 |    00000270  A$lcc1452 |    00000271  A$lcc1452
     00000274  A$lcc1452 |    00000275  A$lcc1452 |    00000276  A$lcc1452
     00000277  A$lcc1452 |    0000027A  A$lcc1452 |    0000027B  A$lcc1452
     0000027E  A$lcc1452 |    0000027F  A$lcc1452 |    00000280  A$lcc1452
     00000281  A$lcc1452 |    00000282  A$lcc1452 |    00000285  A$lcc1452
     00000286  A$lcc1452 |    00000287  A$lcc1452 |    00000288  A$lcc1452
     0000028B  A$lcc1452 |    0000028D  A$lcc1452 |    0000028E  A$lcc1452
     0000028F  A$lcc1452 |    00000290  A$lcc1452 |    00000291  A$lcc1452
     00000292  A$lcc1452 |    00000293  A$lcc1452 |    00000294  A$lcc1452
     00000295  A$lcc1452 |    00000298  A$lcc1452 |    0000029A  A$lcc1452
     0000029A  C$main.c$ |    0000029B  A$lcc1452 |    0000029C  A$lcc1452
     0000029C  C$main.c$ |    0000029C  XG$move_f |    0000029D  A$lcc1452
     0000029D  C$main.c$ |    0000029D  G$main$0$ |    0000029D  _main    
     0000029E  A$lcc1452 |    0000029E  C$main.c$ |    0000029F  A$lcc1452
     000002A1  A$lcc1452 |    000002A1  C$main.c$ |    000002A3  A$lcc1452
     000002A5  A$lcc1452 |    000002A5  C$main.c$ |    000002A7  A$lcc1452
     000002A9  A$lcc1452 |    000002AB  A$lcc1452 |    000002AB  C$main.c$
     000002AD  A$lcc1452 |    000002AF  A$lcc1452 |    000002B1  A$lcc1452
     000002B1  C$main.c$ |    000002B3  A$lcc1452 |    000002B5  A$lcc1452
     000002B7  A$lcc1452 |    000002B7  C$main.c$ |    000002B9  A$lcc1452
     000002BB  A$lcc1452 |    000002BD  A$lcc1452 |    000002BD  C$main.c$
     000002C0  A$lcc1452 |    000002C1  A$lcc1452 |    000002C4  A$lcc1452
     000002C5  A$lcc1452 |    000002C8  A$lcc1452 |    000002CA  A$lcc1452
     000002CA  C$main.c$ |    000002CD  A$lcc1452 |    000002CE  A$lcc1452
     000002D1  A$lcc1452 |    000002D2  A$lcc1452 |    000002D5  A$lcc1452
     000002D7  A$lcc1452 |    000002D7  C$main.c$ |    000002DA  A$lcc1452
ASxxxx Linker V03.00 + NoICE + sdld,  page 4.
Hexadecimal  [32-Bits]

Area                       Addr        Size        Decimal Bytes (Attributes)
--------------------       ----        ----        ------- ----- ------------
_CODE                  00000200    00000768 =        1896. bytes (REL,CON)

        Value  Global            Value  Global            Value  Global    
        -----  ------            -----  ------            -----  ------    
     000002DB  A$lcc1452 |    000002DE  A$lcc1452 |    000002DF  A$lcc1452
     000002E0  A$lcc1452 |    000002E1  A$lcc1452 |    000002E2  A$lcc1452
     000002E5  A$lcc1452 |    000002E7  A$lcc1452 |    000002E7  C$main.c$
     000002EA  A$lcc1452 |    000002EC  A$lcc1452 |    000002ED  A$lcc1452
     000002EF  A$lcc1452 |    000002EF  C$main.c$ |    000002F2  A$lcc1452
     000002F4  A$lcc1452 |    000002F5  A$lcc1452 |    000002F7  A$lcc1452
     000002F7  C$main.c$ |    000002F9  A$lcc1452 |    000002FB  A$lcc1452
     000002FE  A$lcc1452 |    000002FF  A$lcc1452 |    00000302  A$lcc1452
     00000303  A$lcc1452 |    00000306  A$lcc1452 |    00000307  A$lcc1452
     00000308  A$lcc1452 |    00000309  A$lcc1452 |    0000030C  A$lcc1452
     0000030D  A$lcc1452 |    0000030E  A$lcc1452 |    0000030F  A$lcc1452
     00000312  A$lcc1452 |    00000314  A$lcc1452 |    00000315  A$lcc1452
     00000316  A$lcc1452 |    00000317  A$lcc1452 |    00000319  A$lcc1452
     0000031A  A$lcc1452 |    0000031D  A$lcc1452 |    0000031F  A$lcc1452
     0000031F  C$main.c$ |    0000031F  C$main.c$ |    00000322  A$lcc1452
     00000325  A$lcc1452 |    00000325  C$main.c$ |    00000328  A$lcc1452
     0000032B  A$lcc1452 |    0000032C  A$lcc1452 |    0000032C  C$main.c$
     0000032F  A$lcc1452 |    00000330  A$lcc1452 |    00000332  A$lcc1452
     00000332  C$main.c$ |    00000335  A$lcc1452 |    00000338  A$lcc1452
     00000339  A$lcc1452 |    0000033A  A$lcc1452 |    0000033A  C$main.c$
     0000033B  A$lcc1452 |    0000033C  A$lcc1452 |    0000033E  A$lcc1452
     00000341  A$lcc1452 |    00000343  A$lcc1452 |    00000345  A$lcc1452
     00000348  A$lcc1452 |    0000034A  A$lcc1452 |    0000034C  A$lcc1452
     0000034F  A$lcc1452 |    00000351  A$lcc1452 |    00000353  A$lcc1452
     00000355  A$lcc1452 |    00000355  C$main.c$ |    00000355  C$main.c$
     00000357  A$lcc1452 |    00000359  A$lcc1452 |    00000359  C$main.c$
     0000035C  A$lcc1452 |    0000035E  A$lcc1452 |    0000035E  C$main.c$
     00000361  A$lcc1452 |    00000363  A$lcc1452 |    00000363  C$main.c$
     00000365  A$lcc1452 |    00000365  C$main.c$ |    00000365  C$main.c$
     00000367  A$lcc1452 |    00000369  A$lcc1452 |    00000369  C$main.c$
     0000036C  A$lcc1452 |    0000036E  A$lcc1452 |    0000036E  C$main.c$
     00000371  A$lcc1452 |    00000373  A$lcc1452 |    00000373  C$main.c$
     00000375  A$lcc1452 |    00000375  C$main.c$ |    00000375  C$main.c$
     00000377  A$lcc1452 |    00000379  A$lcc1452 |    00000379  C$main.c$
     0000037C  A$lcc1452 |    0000037E  A$lcc1452 |    0000037E  C$main.c$
     00000381  A$lcc1452 |    00000383  A$lcc1452 |    00000383  C$main.c$
     00000385  A$lcc1452 |    00000385  C$main.c$ |    00000385  C$main.c$
     00000387  A$lcc1452 |    00000389  A$lcc1452 |    00000389  C$main.c$
     0000038C  A$lcc1452 |    0000038E  A$lcc1452 |    0000038E  C$main.c$
     00000391  A$lcc1452 |    00000393  A$lcc1452 |    00000393  C$main.c$
     00000393  C$main.c$ |    00000396  A$lcc1452 |    00000397  A$lcc1452
     00000399  A$lcc1452 |    00000399  C$main.c$ |    0000039C  A$lcc1452
     0000039C  C$main.c$ |    0000039F  A$lcc1452 |    000003A1  A$lcc1452
     000003A3  A$lcc1452 |    000003A6  A$lcc1452 |    000003A8  A$lcc1452
     000003AB  A$lcc1452 |    000003AC  A$lcc1452 |    000003AF  A$lcc1452
     000003B0  A$lcc1452 |    000003B1  A$lcc1452 |    000003B3  A$lcc1452
     000003B3  C$main.c$ |    000003B6  A$lcc1452 |    000003B7  A$lcc1452
     000003B9  A$lcc1452 |    000003B9  C$main.c$ |    000003BC  A$lcc1452
     000003BC  C$main.c$ |    000003BF  A$lcc1452 |    000003C1  A$lcc1452
     000003C3  A$lcc1452 |    000003C6  A$lcc1452 |    000003C8  A$lcc1452
     000003CB  A$lcc1452 |    000003CC  A$lcc1452 |    000003CF  A$lcc1452
ASxxxx Linker V03.00 + NoICE + sdld,  page 5.
Hexadecimal  [32-Bits]

Area                       Addr        Size        Decimal Bytes (Attributes)
--------------------       ----        ----        ------- ----- ------------
_CODE                  00000200    00000768 =        1896. bytes (REL,CON)

        Value  Global            Value  Global            Value  Global    
        -----  ------            -----  ------            -----  ------    
     000003D0  A$lcc1452 |    000003D1  A$lcc1452 |    000003D3  A$lcc1452
     000003D3  C$main.c$ |    000003D6  A$lcc1452 |    000003D7  A$lcc1452
     000003D9  A$lcc1452 |    000003DC  A$lcc1452 |    000003DD  A$lcc1452
     000003DF  A$lcc1452 |    000003DF  C$main.c$ |    000003E2  A$lcc1452
     000003E4  A$lcc1452 |    000003E4  C$main.c$ |    000003E6  A$lcc1452
     000003E7  A$lcc1452 |    000003E8  A$lcc1452 |    000003EA  A$lcc1452
     000003EA  C$main.c$ |    000003EC  A$lcc1452 |    000003ED  A$lcc1452
     000003EF  A$lcc1452 |    000003EF  C$main.c$ |    000003F1  A$lcc1452
     000003F2  A$lcc1452 |    000003F3  A$lcc1452 |    000003F5  A$lcc1452
     000003F5  C$main.c$ |    000003F7  A$lcc1452 |    000003F7  C$main.c$
     000003F9  A$lcc1452 |    000003FA  A$lcc1452 |    000003FA  C$main.c$
     000003FD  A$lcc1452 |    000003FF  A$lcc1452 |    00000401  A$lcc1452
     00000401  C$main.c$ |    00000404  A$lcc1452 |    00000406  A$lcc1452
     00000407  A$lcc1452 |    00000409  A$lcc1452 |    00000409  C$main.c$
     0000040C  A$lcc1452 |    0000040E  A$lcc1452 |    0000040F  A$lcc1452
     00000411  A$lcc1452 |    00000414  A$lcc1452 |    00000415  A$lcc1452
     00000418  A$lcc1452 |    00000419  A$lcc1452 |    0000041C  A$lcc1452
     0000041D  A$lcc1452 |    0000041E  A$lcc1452 |    0000041F  A$lcc1452
     00000422  A$lcc1452 |    00000423  A$lcc1452 |    00000424  A$lcc1452
     00000425  A$lcc1452 |    00000428  A$lcc1452 |    0000042A  A$lcc1452
     0000042B  A$lcc1452 |    0000042C  A$lcc1452 |    0000042D  A$lcc1452
     0000042F  A$lcc1452 |    00000430  A$lcc1452 |    00000433  A$lcc1452
     00000435  A$lcc1452 |    00000435  C$main.c$ |    00000435  C$main.c$
     00000438  A$lcc1452 |    00000438  C$main.c$ |    0000043B  A$lcc1452
     0000043E  A$lcc1452 |    0000043F  A$lcc1452 |    0000043F  C$main.c$
     0000043F  XG$main$0 |    00000440  G$BKG_MAP |    00000440  _BKG_MAP 
     00000840  G$BKG_TIL |    00000840  _BKG_TILE |    00000930  ___move_m
ASxxxx Linker V03.00 + NoICE + sdld,  page 6.
Hexadecimal  [32-Bits]

Area                       Addr        Size        Decimal Bytes (Attributes)
--------------------       ----        ----        ------- ----- ------------
_HEADER0               00000000    00000001 =           1. bytes (ABS,CON)

        Value  Global            Value  Global            Value  Global    
        -----  ------            -----  ------            -----  ------    
     00000020  .call_hl 
ASxxxx Linker V03.00 + NoICE + sdld,  page 7.
Hexadecimal  [32-Bits]

Area                       Addr        Size        Decimal Bytes (Attributes)
--------------------       ----        ----        ------- ----- ------------
_HEADER1               00000000    00000005 =           5. bytes (ABS,CON)

        Value  Global            Value  Global            Value  Global    
        -----  ------            -----  ------            -----  ------    
     00000028  .MemsetSm
ASxxxx Linker V03.00 + NoICE + sdld,  page 8.
Hexadecimal  [32-Bits]

Area                       Addr        Size        Decimal Bytes (Attributes)
--------------------       ----        ----        ------- ----- ------------
_HEADER2               00000000    00000007 =           7. bytes (ABS,CON)

        Value  Global            Value  Global            Value  Global    
        -----  ------            -----  ------            -----  ------    
     00000030  .MemcpySm
ASxxxx Linker V03.00 + NoICE + sdld,  page 9.
Hexadecimal  [32-Bits]

Area                       Addr        Size        Decimal Bytes (Attributes)
--------------------       ----        ----        ------- ----- ------------
_HEADER3               00000000    00000008 =           8. bytes (ABS,CON)

        Value  Global            Value  Global            Value  Global    
        -----  ------            -----  ------            -----  ------    
ASxxxx Linker V03.00 + NoICE + sdld,  page 10.
Hexadecimal  [32-Bits]

Area                       Addr        Size        Decimal Bytes (Attributes)
--------------------       ----        ----        ------- ----- ------------
_HEADER4               00000000    0000004F =          79. bytes (ABS,CON)

        Value  Global            Value  Global            Value  Global    
        -----  ------            -----  ------            -----  ------    
     00000080  .int      |    0000008F  _wait_int |    0000009C  __standar
     000000AC  _refresh_
ASxxxx Linker V03.00 + NoICE + sdld,  page 11.
Hexadecimal  [32-Bits]

Area                       Addr        Size        Decimal Bytes (Attributes)
--------------------       ----        ----        ------- ----- ------------
_HEADER5               00000000    00000002 =           2. bytes (ABS,CON)

        Value  Global            Value  Global            Value  Global    
        -----  ------            -----  ------            -----  ------    
ASxxxx Linker V03.00 + NoICE + sdld,  page 12.
Hexadecimal  [32-Bits]

Area                       Addr        Size        Decimal Bytes (Attributes)
--------------------       ----        ----        ------- ----- ------------
_HEADER6               00000000    00000030 =          48. bytes (ABS,CON)

        Value  Global            Value  Global            Value  Global    
        -----  ------            -----  ------            -----  ------    
ASxxxx Linker V03.00 + NoICE + sdld,  page 13.
Hexadecimal  [32-Bits]

Area                       Addr        Size        Decimal Bytes (Attributes)
--------------------       ----        ----        ------- ----- ------------
_HEADER7               00000000    00000006 =           6. bytes (ABS,CON)

        Value  Global            Value  Global            Value  Global    
        -----  ------            -----  ------            -----  ------    
ASxxxx Linker V03.00 + NoICE + sdld,  page 14.
Hexadecimal  [32-Bits]

Area                       Addr        Size        Decimal Bytes (Attributes)
--------------------       ----        ----        ------- ----- ------------
_HEADER8               00000000    00000003 =           3. bytes (ABS,CON)

        Value  Global            Value  Global            Value  Global    
        -----  ------            -----  ------            -----  ------    
ASxxxx Linker V03.00 + NoICE + sdld,  page 15.
Hexadecimal  [32-Bits]

Area                       Addr        Size        Decimal Bytes (Attributes)
--------------------       ----        ----        ------- ----- ------------
_HEADER9               00000000    00000001 =           1. bytes (ABS,CON)

        Value  Global            Value  Global            Value  Global    
        -----  ------            -----  ------            -----  ------    
ASxxxx Linker V03.00 + NoICE + sdld,  page 16.
Hexadecimal  [32-Bits]

Area                       Addr        Size        Decimal Bytes (Attributes)
--------------------       ----        ----        ------- ----- ------------
_HEADERa               00000000    00000001 =           1. bytes (ABS,CON)

        Value  Global            Value  Global            Value  Global    
        -----  ------            -----  ------            -----  ------    
ASxxxx Linker V03.00 + NoICE + sdld,  page 17.
Hexadecimal  [32-Bits]

Area                       Addr        Size        Decimal Bytes (Attributes)
--------------------       ----        ----        ------- ----- ------------
_HEADERb               00000000    00000001 =           1. bytes (ABS,CON)

        Value  Global            Value  Global            Value  Global    
        -----  ------            -----  ------            -----  ------    
ASxxxx Linker V03.00 + NoICE + sdld,  page 18.
Hexadecimal  [32-Bits]

Area                       Addr        Size        Decimal Bytes (Attributes)
--------------------       ----        ----        ------- ----- ------------
_HEADERc               00000000    00000002 =           2. bytes (ABS,CON)

        Value  Global            Value  Global            Value  Global    
        -----  ------            -----  ------            -----  ------    
ASxxxx Linker V03.00 + NoICE + sdld,  page 19.
Hexadecimal  [32-Bits]

Area                       Addr        Size        Decimal Bytes (Attributes)
--------------------       ----        ----        ------- ----- ------------
_HEADERd               00000000    00000001 =           1. bytes (ABS,CON)

        Value  Global            Value  Global            Value  Global    
        -----  ------            -----  ------            -----  ------    
ASxxxx Linker V03.00 + NoICE + sdld,  page 20.
Hexadecimal  [32-Bits]

Area                       Addr        Size        Decimal Bytes (Attributes)
--------------------       ----        ----        ------- ----- ------------
_HEADERe               00000000    00000001 =           1. bytes (ABS,CON)

        Value  Global            Value  Global            Value  Global    
        -----  ------            -----  ------            -----  ------    
ASxxxx Linker V03.00 + NoICE + sdld,  page 21.
Hexadecimal  [32-Bits]

Area                       Addr        Size        Decimal Bytes (Attributes)
--------------------       ----        ----        ------- ----- ------------
_HEADERf               00000000    00000002 =           2. bytes (ABS,CON)

        Value  Global            Value  Global            Value  Global    
        -----  ------            -----  ------            -----  ------    
ASxxxx Linker V03.00 + NoICE + sdld,  page 22.
Hexadecimal  [32-Bits]

Area                       Addr        Size        Decimal Bytes (Attributes)
--------------------       ----        ----        ------- ----- ------------
_HEADER10              00000000    00000082 =         130. bytes (ABS,CON)

        Value  Global            Value  Global            Value  Global    
        -----  ------            -----  ------            -----  ------    
     00000150  .reset    |    00000150  _reset    |    00000157  .code_sta
     000001B7  _exit     |    000001BB  _set_inte
ASxxxx Linker V03.00 + NoICE + sdld,  page 23.
Hexadecimal  [32-Bits]

Area                       Addr        Size        Decimal Bytes (Attributes)
--------------------       ----        ----        ------- ----- ------------
_HEADER11              00000000    00000001 =           1. bytes (ABS,CON)

        Value  Global            Value  Global            Value  Global    
        -----  ------            -----  ------            -----  ------    
ASxxxx Linker V03.00 + NoICE + sdld,  page 24.
Hexadecimal  [32-Bits]

Area                       Addr        Size        Decimal Bytes (Attributes)
--------------------       ----        ----        ------- ----- ------------
_HOME                  00000968    0000017B =         379. bytes (REL,CON)

        Value  Global            Value  Global            Value  Global    
        -----  ------            -----  ------            -----  ------    
     00000968  .memset_s |    00000971  .memcpy_s |    0000098E  .remove_V
     00000991  .remove_i |    000009AE  .add_VBL  |    000009B1  .add_int 
     000009BC  .wait_vbl |    000009BC  _wait_vbl |    000009CC  .display_
     000009CC  _display_ |    000009E4  _remove_V |    000009EF  _add_VBL 
     000009FA  _set_tile |    000009FF  _set_bkg_ |    000009FF  _set_win_
     00000A07  _set_spri |    00000A37  .padup    |    00000A37  _waitpadu
     00000A47  .jpad     |    00000A47  _joypad   |    00000A6F  _waitpad 
     00000A72  .wait_pad |    00000A79  _set_bkg_ |    00000A8D  .set_xy_w
     00000A96  .set_xy_b |    00000AA5  .set_xy_t
ASxxxx Linker V03.00 + NoICE + sdld,  page 25.
Hexadecimal  [32-Bits]

Area                       Addr        Size        Decimal Bytes (Attributes)
--------------------       ----        ----        ------- ----- ------------
_INITIALIZER           00000AE3    00000001 =           1. bytes (REL,CON)

        Value  Global            Value  Global            Value  Global    
        -----  ------            -----  ------            -----  ------    
ASxxxx Linker V03.00 + NoICE + sdld,  page 26.
Hexadecimal  [32-Bits]

Area                       Addr        Size        Decimal Bytes (Attributes)
--------------------       ----        ----        ------- ----- ------------
_GSINIT                00000AE4    0000000C =          12. bytes (REL,CON)

        Value  Global            Value  Global            Value  Global    
        -----  ------            -----  ------            -----  ------    
     00000AE4  gsinit   
ASxxxx Linker V03.00 + NoICE + sdld,  page 27.
Hexadecimal  [32-Bits]

Area                       Addr        Size        Decimal Bytes (Attributes)
--------------------       ----        ----        ------- ----- ------------
_GSFINAL               00000AF0    00000001 =           1. bytes (REL,CON)

        Value  Global            Value  Global            Value  Global    
        -----  ------            -----  ------            -----  ------    
ASxxxx Linker V03.00 + NoICE + sdld,  page 28.
Hexadecimal  [32-Bits]

Area                       Addr        Size        Decimal Bytes (Attributes)
--------------------       ----        ----        ------- ----- ------------
_DATA                  0000C0A0    00000028 =          40. bytes (REL,CON)

        Value  Global            Value  Global            Value  Global    
        -----  ------            -----  ------            -----  ------    
     0000C0A0  __cpu     |    0000C0A1  __is_GBA  |    0000C0A2  .mode    
     0000C0A3  .sys_time |    0000C0A3  _sys_time |    0000C0A5  .int_0x40
     0000C0B9  G$PLAYER$ |    0000C0B9  _PLAYER   |    0000C0C0  G$joy$0_0
     0000C0C0  _joy      |    0000C0C1  G$last_jo |    0000C0C1  _last_joy
     0000C0C2  G$is_movi |    0000C0C2  _is_movin |    0000C0C3  G$move_x$
     0000C0C3  _move_x   |    0000C0C4  G$move_y$ |    0000C0C4  _move_y  
     0000C0C5  ___curren |    0000C0C7  ___curren
ASxxxx Linker V03.00 + NoICE + sdld,  page 29.
Hexadecimal  [32-Bits]

Area                       Addr        Size        Decimal Bytes (Attributes)
--------------------       ----        ----        ------- ----- ------------
_INITIALIZED           0000C0C8    00000001 =           1. bytes (REL,CON)

        Value  Global            Value  Global            Value  Global    
        -----  ------            -----  ------            -----  ------    
     0000C0C8  ___render
ASxxxx Linker V03.00 + NoICE + sdld,  page 30.
Hexadecimal  [32-Bits]

Area                       Addr        Size        Decimal Bytes (Attributes)
--------------------       ----        ----        ------- ----- ------------
_HRAM12                00000000    00000003 =           3. bytes (ABS,CON)

        Value  Global            Value  Global            Value  Global    
        -----  ------            -----  ------            -----  ------    
     0000FF90  __current |    0000FF92  __shadow_
ASxxxx Linker V03.00 + NoICE + sdld,  page 31.
Hexadecimal  [32-Bits]

Area                       Addr        Size        Decimal Bytes (Attributes)
--------------------       ----        ----        ------- ----- ------------
_CODE_1                00014000    00000056 =          86. bytes (REL,CON)

        Value  Global            Value  Global            Value  Global    
        -----  ------            -----  ------            -----  ------    
     00014000  C$frogger |    00014000  G$__func_ |    00014000  G$frogger
     00014000  ___func_f |    00014000  _frogger_ |    00014008  G$frogger
     00014008  _frogger_ |    00014048  G$frogger |    00014048  _frogger_
     00014054  G$frogger |    00014054  _frogger_
ASxxxx Linker V03.00 + NoICE + sdld,  page 32.

Files Linked                              [ module(s) ]

C:\c_code\gbdk\lib/small/asxxxx/gb/crt0.o
                                          [ Runtime ]
C:\Users\User\AppData\Local\Temp/lcc14520.rel
                                          [ main ]
C:\Users\User\AppData\Local\Temp/lcc14521.rel
                                          [ bkg_map ]
C:\Users\User\AppData\Local\Temp/lcc14522.rel
                                          [ bkg_tiles ]
C:\Users\User\AppData\Local\Temp/lcc14523.rel
                                          [ frogger ]


Libraries Linked                          [ object file ]

C:\c_code\gbdk\lib/small/asxxxx/gb/gb.lib
                                          [ sfr.o ]
C:\c_code\gbdk\lib/small/asxxxx/gb/gb.lib
                                          [ set_data.o ]
C:\c_code\gbdk\lib/small/asxxxx/gb/gb.lib
                                          [ pad.o ]
C:\c_code\gbdk\lib/small/asxxxx/gb/gb.lib
                                          [ metasprites.o ]
C:\c_code\gbdk\lib/small/asxxxx/gb/gb.lib
                                          [ set_bk_t.o ]
C:\c_code\gbdk\lib/small/asxxxx/gb/gb.lib
                                          [ set_xy_t.o ]

ASxxxx Linker V03.00 + NoICE + sdld,  page 33.

User Base Address Definitions

_DATA=0xC0A0
_CODE=0x0200
ASxxxx Linker V03.00 + NoICE + sdld,  page 34.

User Global Definitions

_shadow_OAM=0xC000
.STACK=0xE000
.refresh_OAM=0xFF80

