ASxxxx Linker V03.00 + NoICE + sdld,  page 1.
Hexadecimal  [32-Bits]

Area                       Addr        Size        Decimal Bytes (Attributes)
--------------------       ----        ----        ------- ----- ------------
.  .ABS.               00000000    00000000 =           0. bytes (ABS,CON)

        Value  Global            Value  Global            Value  Global    
        -----  ------            -----  ------            -----  ------    
     00000000  .__.ABS.  |    00000000  _rRAMG    |    00000000  l__BASE  
     00000000  l__BSS    |    00000000  l__CABS   |    00000000  l__DABS  
     00000000  l__HEADER |    00000000  l__HEADER |    00000000  l__HEAP  
     00000000  l__HEAP_E |    00000000  l__HRAM   |    00000000  l__LIT   
     00000000  s__CABS   |    00000000  s__DABS   |    00000000  s__HEADER
     00000000  s__HEADER |    00000000  s__HEADER |    00000000  s__HEADER
     00000000  s__HEADER |    00000000  s__HEADER |    00000000  s__HEADER
     00000000  s__HEADER |    00000000  s__HEADER |    00000000  s__HEADER
     00000000  s__HEADER |    00000000  s__HEADER |    00000000  s__HEADER
     00000000  s__HEADER |    00000000  s__HEADER |    00000000  s__HEADER
     00000000  s__HEADER |    00000000  s__HEADER |    00000000  s__HEADER
     00000000  s__HEADER |    00000000  s__HEADER |    00000000  s__HRAM  
     00000000  s__HRAM12 |    00000001  ___bank_f |    00000001  ___bank_f
     00000001  ___bank_f |    00000001  ___bank_l |    00000001  l__GSFINA
     00000001  l__HEADER |    00000001  l__HEADER |    00000001  l__HEADER
     00000001  l__HEADER |    00000001  l__HEADER |    00000001  l__HEADER
     00000001  l__HEADER |    00000002  l__HEADER |    00000002  l__HEADER
     00000002  l__HEADER |    00000003  l__HEADER |    00000003  l__HEADER
     00000003  l__HRAM12 |    00000005  l__HEADER |    00000006  l__HEADER
     00000007  l__HEADER |    00000008  l__HEADER |    0000000C  l__GSINIT
     00000030  l__HEADER |    0000004C  l__HEADER |    00000051  l__INITIA
     00000051  l__INITIA |    0000007C  l__DATA   |    00000084  l__HEADER
     00000200  s__CODE   |    00000275  l__HOME   |    00000426  l__CODE_1
     00000440  l__CODE_0 |    00002000  _rROMB0   |    00002692  l__CODE  
     00002892  s__HOME   |    00002B07  s__BASE   |    00002B07  s__CODE_0
     00002F47  s__INITIA |    00002F47  s__LIT    |    00002F98  s__GSINIT
     00002FA4  s__GSFINA |    00003000  _rROMB1   |    00004000  _rRAMB   
     00008000  __VRAM    |    00008000  __VRAM800 |    00008800  __VRAM880
     00009000  __VRAM900 |    00009800  __SCRN0   |    00009C00  __SCRN1  
     0000A000  __SRAM    |    0000C000  __RAM     |    0000C000  _shadow_O
     0000C0A0  s__DATA   |    0000C11C  s__BSS    |    0000C11C  s__INITIA
     0000C16D  s__HEAP   |    0000C16D  s__HEAP_E |    0000D000  __RAMBANK
     0000E000  .STACK    |    0000FE00  __OAMRAM  |    0000FF00  _P1_REG  
     0000FF00  __IO      |    0000FF01  _SB_REG   |    0000FF02  _SC_REG  
     0000FF04  _DIV_REG  |    0000FF05  _TIMA_REG |    0000FF06  _TMA_REG 
     0000FF07  _TAC_REG  |    0000FF0F  _IF_REG   |    0000FF10  _NR10_REG
     0000FF11  _NR11_REG |    0000FF12  _NR12_REG |    0000FF13  _NR13_REG
     0000FF14  _NR14_REG |    0000FF16  _NR21_REG |    0000FF17  _NR22_REG
     0000FF18  _NR23_REG |    0000FF19  _NR24_REG |    0000FF1A  _NR30_REG
     0000FF1B  _NR31_REG |    0000FF1C  _NR32_REG |    0000FF1D  _NR33_REG
     0000FF1E  _NR34_REG |    0000FF20  _NR41_REG |    0000FF21  _NR42_REG
     0000FF22  _NR43_REG |    0000FF23  _NR44_REG |    0000FF24  _NR50_REG
     0000FF25  _NR51_REG |    0000FF26  _NR52_REG |    0000FF30  _AUD3WAVE
     0000FF30  _PCM_SAMP |    0000FF30  __AUD3WAV |    0000FF40  _LCDC_REG
     0000FF41  _STAT_REG |    0000FF42  _SCY_REG  |    0000FF43  _SCX_REG 
     0000FF44  _LY_REG   |    0000FF45  _LYC_REG  |    0000FF46  _DMA_REG 
     0000FF47  _BGP_REG  |    0000FF48  _OBP0_REG |    0000FF49  _OBP1_REG
     0000FF4A  _WY_REG   |    0000FF4B  _WX_REG   |    0000FF4D  _KEY1_REG
     0000FF4F  _VBK_REG  |    0000FF51  _HDMA1_RE |    0000FF52  _HDMA2_RE
     0000FF53  _HDMA3_RE |    0000FF54  _HDMA4_RE |    0000FF55  _HDMA5_RE
ASxxxx Linker V03.00 + NoICE + sdld,  page 2.
Hexadecimal  [32-Bits]

Area                       Addr        Size        Decimal Bytes (Attributes)
--------------------       ----        ----        ------- ----- ------------
.  .ABS.               00000000    00000000 =           0. bytes (ABS,CON)

        Value  Global            Value  Global            Value  Global    
        -----  ------            -----  ------            -----  ------    
     0000FF56  _RP_REG   |    0000FF68  _BCPS_REG |    0000FF69  _BCPD_REG
     0000FF6A  _OCPS_REG |    0000FF6B  _OCPD_REG |    0000FF70  _SVBK_REG
     0000FF76  _PCM12_RE |    0000FF77  _PCM34_RE |    0000FF80  .refresh_
     0000FF80  __HRAM    |    0000FFFF  _IE_REG   |    00014000  s__CODE_1
ASxxxx Linker V03.00 + NoICE + sdld,  page 3.
Hexadecimal  [32-Bits]

Area                       Addr        Size        Decimal Bytes (Attributes)
--------------------       ----        ----        ------- ----- ------------
_CODE                  00000200    00002692 =        9874. bytes (REL,CON)

        Value  Global            Value  Global            Value  Global    
        -----  ------            -----  ------            -----  ------    
     00000200  A$lcc3396 |    00000200  C$main.c$ |    00000200  G$overlap
     00000200  _overlap  |    00000201  A$lcc3396 |    00000201  C$main.c$
     00000203  A$lcc3396 |    00000204  A$lcc3396 |    00000205  A$lcc3396
     00000207  A$lcc3396 |    00000208  A$lcc3396 |    00000209  A$lcc3396
     0000020A  A$lcc3396 |    0000020C  A$lcc3396 |    0000020E  A$lcc3396
     0000020F  A$lcc3396 |    00000211  A$lcc3396 |    00000212  A$lcc3396
     00000214  A$lcc3396 |    00000216  A$lcc3396 |    00000217  A$lcc3396
     00000219  A$lcc3396 |    0000021A  A$lcc3396 |    0000021C  A$lcc3396
     0000021E  A$lcc3396 |    0000021F  A$lcc3396 |    00000221  A$lcc3396
     00000222  A$lcc3396 |    00000224  A$lcc3396 |    00000226  A$lcc3396
     00000227  A$lcc3396 |    00000229  A$lcc3396 |    0000022A  A$lcc3396
     0000022C  A$lcc3396 |    0000022E  A$lcc3396 |    0000022F  A$lcc3396
     00000231  A$lcc3396 |    00000232  A$lcc3396 |    00000234  A$lcc3396
     00000236  A$lcc3396 |    00000237  A$lcc3396 |    00000239  A$lcc3396
     0000023A  A$lcc3396 |    0000023C  A$lcc3396 |    0000023C  C$main.c$
     0000023D  A$lcc3396 |    00000240  A$lcc3396 |    00000240  C$main.c$
     00000242  A$lcc3396 |    00000243  A$lcc3396 |    00000244  A$lcc3396
     00000246  A$lcc3396 |    00000247  A$lcc3396 |    00000248  A$lcc3396
     00000249  A$lcc3396 |    0000024A  A$lcc3396 |    0000024B  A$lcc3396
     0000024C  A$lcc3396 |    0000024D  A$lcc3396 |    0000024E  A$lcc3396
     0000024F  A$lcc3396 |    00000251  A$lcc3396 |    00000253  A$lcc3396
     00000255  A$lcc3396 |    00000257  A$lcc3396 |    00000258  A$lcc3396
     0000025A  A$lcc3396 |    0000025C  A$lcc3396 |    0000025E  A$lcc3396
     0000025F  A$lcc3396 |    00000261  A$lcc3396 |    00000263  A$lcc3396
     00000264  A$lcc3396 |    00000265  A$lcc3396 |    00000266  A$lcc3396
     00000267  A$lcc3396 |    00000268  A$lcc3396 |    00000269  A$lcc3396
     0000026A  A$lcc3396 |    0000026C  A$lcc3396 |    0000026E  A$lcc3396
     00000270  A$lcc3396 |    00000272  A$lcc3396 |    00000273  A$lcc3396
     00000275  A$lcc3396 |    00000277  A$lcc3396 |    00000279  A$lcc3396
     0000027A  A$lcc3396 |    0000027C  A$lcc3396 |    0000027C  C$main.c$
     0000027D  A$lcc3396 |    0000027F  A$lcc3396 |    0000027F  C$main.c$
     00000281  A$lcc3396 |    00000282  A$lcc3396 |    00000283  A$lcc3396
     00000285  A$lcc3396 |    00000286  A$lcc3396 |    00000287  A$lcc3396
     00000288  A$lcc3396 |    00000289  A$lcc3396 |    0000028A  A$lcc3396
     0000028B  A$lcc3396 |    0000028C  A$lcc3396 |    0000028D  A$lcc3396
     0000028E  A$lcc3396 |    00000290  A$lcc3396 |    00000292  A$lcc3396
     00000294  A$lcc3396 |    00000296  A$lcc3396 |    00000297  A$lcc3396
     00000299  A$lcc3396 |    0000029B  A$lcc3396 |    0000029D  A$lcc3396
     0000029E  A$lcc3396 |    000002A0  A$lcc3396 |    000002A2  A$lcc3396
     000002A3  A$lcc3396 |    000002A4  A$lcc3396 |    000002A6  A$lcc3396
     000002A7  A$lcc3396 |    000002A8  A$lcc3396 |    000002A9  A$lcc3396
     000002AA  A$lcc3396 |    000002AB  A$lcc3396 |    000002AC  A$lcc3396
     000002AD  A$lcc3396 |    000002AE  A$lcc3396 |    000002AF  A$lcc3396
     000002B1  A$lcc3396 |    000002B3  A$lcc3396 |    000002B5  A$lcc3396
     000002B7  A$lcc3396 |    000002B8  A$lcc3396 |    000002BA  A$lcc3396
     000002BC  A$lcc3396 |    000002BE  A$lcc3396 |    000002BF  A$lcc3396
     000002C1  A$lcc3396 |    000002C1  C$main.c$ |    000002C2  A$lcc3396
     000002C4  A$lcc3396 |    000002C4  C$main.c$ |    000002C6  A$lcc3396
     000002C6  C$main.c$ |    000002C7  A$lcc3396 |    000002C8  A$lcc3396
     000002C9  A$lcc3396 |    000002CB  A$lcc3396 |    000002CC  A$lcc3396
ASxxxx Linker V03.00 + NoICE + sdld,  page 4.
Hexadecimal  [32-Bits]

Area                       Addr        Size        Decimal Bytes (Attributes)
--------------------       ----        ----        ------- ----- ------------
_CODE                  00000200    00002692 =        9874. bytes (REL,CON)

        Value  Global            Value  Global            Value  Global    
        -----  ------            -----  ------            -----  ------    
     000002CC  C$main.c$ |    000002CC  C$main.c$ |    000002CC  G$kill_fr
     000002CC  _kill_fro |    000002CF  A$lcc3396 |    000002D1  A$lcc3396
     000002D1  C$main.c$ |    000002D4  A$lcc3396 |    000002D6  A$lcc3396
     000002D6  C$main.c$ |    000002D9  A$lcc3396 |    000002DB  A$lcc3396
     000002DB  C$main.c$ |    000002DE  A$lcc3396 |    000002DF  A$lcc3396
     000002E0  A$lcc3396 |    000002E1  A$lcc3396 |    000002E1  C$main.c$
     000002E2  A$lcc3396 |    000002E3  A$lcc3396 |    000002E3  C$main.c$
     000002E3  XG$kill_f |    000002E4  A$lcc3396 |    000002E4  C$main.c$
     000002E4  G$render_ |    000002E4  _render_a |    000002E5  A$lcc3396
     000002E5  C$main.c$ |    000002E8  A$lcc3396 |    000002E9  A$lcc3396
     000002E9  C$main.c$ |    000002EC  A$lcc3396 |    000002ED  A$lcc3396
     000002EF  A$lcc3396 |    000002F0  A$lcc3396 |    000002F1  A$lcc3396
     000002F2  A$lcc3396 |    000002F3  A$lcc3396 |    000002F4  A$lcc3396
     000002F6  A$lcc3396 |    000002F9  A$lcc3396 |    000002FA  A$lcc3396
     000002FA  C$main.c$ |    000002FA  C$main.c$ |    000002FB  A$lcc3396
     000002FC  A$lcc3396 |    000002FE  A$lcc3396 |    00000301  A$lcc3396
     00000303  A$lcc3396 |    00000304  A$lcc3396 |    00000307  A$lcc3396
     00000309  A$lcc3396 |    0000030A  A$lcc3396 |    0000030D  A$lcc3396
     0000030E  A$lcc3396 |    0000030F  A$lcc3396 |    00000310  A$lcc3396
     00000313  A$lcc3396 |    00000314  A$lcc3396 |    00000315  A$lcc3396
     00000316  A$lcc3396 |    00000319  A$lcc3396 |    0000031B  A$lcc3396
     0000031D  A$lcc3396 |    0000031F  A$lcc3396 |    00000321  A$lcc3396
     00000324  A$lcc3396 |    00000326  A$lcc3396 |    00000329  A$lcc3396
     0000032A  A$lcc3396 |    0000032B  A$lcc3396 |    0000032C  A$lcc3396
     0000032D  A$lcc3396 |    0000032F  A$lcc3396 |    00000330  A$lcc3396
     00000332  A$lcc3396 |    00000333  A$lcc3396 |    00000336  A$lcc3396
     00000338  A$lcc3396 |    00000338  C$main.c$ |    0000033A  A$lcc3396
     0000033A  C$main.c$ |    0000033B  A$lcc3396 |    0000033C  A$lcc3396
     0000033E  A$lcc3396 |    00000341  A$lcc3396 |    00000342  A$lcc3396
     00000345  A$lcc3396 |    00000346  A$lcc3396 |    00000349  A$lcc3396
     0000034A  A$lcc3396 |    0000034B  A$lcc3396 |    0000034C  A$lcc3396
     0000034D  A$lcc3396 |    00000350  A$lcc3396 |    00000351  A$lcc3396
     00000352  A$lcc3396 |    00000353  A$lcc3396 |    00000356  A$lcc3396
     00000358  A$lcc3396 |    00000359  A$lcc3396 |    0000035A  A$lcc3396
     0000035B  A$lcc3396 |    0000035C  A$lcc3396 |    0000035D  A$lcc3396
     0000035E  A$lcc3396 |    0000035F  A$lcc3396 |    00000360  A$lcc3396
     00000363  A$lcc3396 |    00000365  A$lcc3396 |    00000365  C$main.c$
     00000365  C$main.c$ |    00000368  A$lcc3396 |    0000036A  A$lcc3396
     0000036A  C$main.c$ |    0000036D  A$lcc3396 |    0000036F  A$lcc3396
     00000370  A$lcc3396 |    00000370  C$main.c$ |    00000370  XG$render
     00000371  A$lcc3396 |    00000371  C$main.c$ |    00000371  C$main.c$
     00000371  G$update_ |    00000371  _update_l |    00000374  A$lcc3396
     00000375  A$lcc3396 |    00000378  A$lcc3396 |    00000379  A$lcc3396
     0000037C  A$lcc3396 |    0000037D  A$lcc3396 |    0000037E  A$lcc3396
     0000037F  A$lcc3396 |    0000037F  C$main.c$ |    00000382  A$lcc3396
     00000383  A$lcc3396 |    00000386  A$lcc3396 |    00000387  A$lcc3396
     0000038A  A$lcc3396 |    0000038B  A$lcc3396 |    0000038E  A$lcc3396
     00000390  A$lcc3396 |    00000390  C$main.c$ |    00000393  A$lcc3396
     00000394  A$lcc3396 |    00000395  A$lcc3396 |    00000397  A$lcc3396
     00000397  C$main.c$ |    00000399  A$lcc3396 |    0000039A  A$lcc3396
     0000039B  A$lcc3396 |    0000039E  A$lcc3396 |    0000039F  A$lcc3396
ASxxxx Linker V03.00 + NoICE + sdld,  page 5.
Hexadecimal  [32-Bits]

Area                       Addr        Size        Decimal Bytes (Attributes)
--------------------       ----        ----        ------- ----- ------------
_CODE                  00000200    00002692 =        9874. bytes (REL,CON)

        Value  Global            Value  Global            Value  Global    
        -----  ------            -----  ------            -----  ------    
     000003A0  A$lcc3396 |    000003A1  A$lcc3396 |    000003A2  A$lcc3396
     000003A5  A$lcc3396 |    000003A7  A$lcc3396 |    000003A7  C$main.c$
     000003AA  A$lcc3396 |    000003AB  A$lcc3396 |    000003AD  A$lcc3396
     000003AE  A$lcc3396 |    000003AF  A$lcc3396 |    000003AF  C$main.c$
     000003B0  A$lcc3396 |    000003B2  A$lcc3396 |    000003B2  C$main.c$
     000003B5  A$lcc3396 |    000003B6  A$lcc3396 |    000003B9  A$lcc3396
     000003BA  A$lcc3396 |    000003BD  A$lcc3396 |    000003BE  A$lcc3396
     000003BF  A$lcc3396 |    000003C0  A$lcc3396 |    000003C0  C$main.c$
     000003C3  A$lcc3396 |    000003C5  A$lcc3396 |    000003C6  A$lcc3396
     000003C7  A$lcc3396 |    000003CA  A$lcc3396 |    000003CB  A$lcc3396
     000003CC  A$lcc3396 |    000003CD  A$lcc3396 |    000003CE  A$lcc3396
     000003D1  A$lcc3396 |    000003D3  A$lcc3396 |    000003D3  C$main.c$
     000003D3  XG$update |    000003D4  Fmain$__s |    000003D7  A$lcc3396
     000003D7  C$main.c$ |    000003D7  C$main.c$ |    000003D7  G$update_
     000003D7  _update_p |    000003DA  A$lcc3396 |    000003DB  A$lcc3396
     000003DE  A$lcc3396 |    000003DF  A$lcc3396 |    000003E2  A$lcc3396
     000003E3  A$lcc3396 |    000003E4  A$lcc3396 |    000003E5  A$lcc3396
     000003E5  C$main.c$ |    000003E8  A$lcc3396 |    000003E9  A$lcc3396
     000003EA  A$lcc3396 |    000003EB  A$lcc3396 |    000003EB  C$main.c$
     000003ED  A$lcc3396 |    000003EE  A$lcc3396 |    000003EF  A$lcc3396
     000003F2  A$lcc3396 |    000003F3  A$lcc3396 |    000003F4  A$lcc3396
     000003F5  A$lcc3396 |    000003F6  A$lcc3396 |    000003F9  A$lcc3396
     000003FB  A$lcc3396 |    000003FB  C$main.c$ |    000003FE  A$lcc3396
     000003FF  A$lcc3396 |    00000401  A$lcc3396 |    00000402  A$lcc3396
     00000403  A$lcc3396 |    00000403  C$main.c$ |    00000404  A$lcc3396
     00000404  C$main.c$ |    00000404  XG$update |    00000406  A$lcc3396
     00000406  C$main.c$ |    00000406  C$main.c$ |    00000406  G$update_
     00000406  _update_s |    00000409  A$lcc3396 |    0000040A  A$lcc3396
     0000040C  A$lcc3396 |    0000040D  A$lcc3396 |    0000040F  A$lcc3396
     00000411  A$lcc3396 |    00000412  A$lcc3396 |    00000413  A$lcc3396
     00000414  A$lcc3396 |    00000416  A$lcc3396 |    00000416  C$main.c$
     00000419  A$lcc3396 |    0000041A  A$lcc3396 |    0000041D  A$lcc3396
     0000041E  A$lcc3396 |    00000421  A$lcc3396 |    00000422  A$lcc3396
     00000423  A$lcc3396 |    00000424  A$lcc3396 |    00000426  A$lcc3396
     00000426  C$main.c$ |    00000429  A$lcc3396 |    0000042A  A$lcc3396
     0000042C  A$lcc3396 |    0000042D  A$lcc3396 |    0000042F  A$lcc3396
     00000431  A$lcc3396 |    00000432  A$lcc3396 |    00000434  A$lcc3396
     00000436  A$lcc3396 |    00000437  A$lcc3396 |    00000439  A$lcc3396
     00000439  C$main.c$ |    0000043C  A$lcc3396 |    0000043D  A$lcc3396
     00000440  A$lcc3396 |    00000441  A$lcc3396 |    00000444  A$lcc3396
     00000445  A$lcc3396 |    00000446  A$lcc3396 |    00000447  A$lcc3396
     00000449  A$lcc3396 |    00000449  C$main.c$ |    0000044B  A$lcc3396
     0000044D  A$lcc3396 |    00000450  A$lcc3396 |    00000451  A$lcc3396
     00000453  A$lcc3396 |    00000454  A$lcc3396 |    00000456  A$lcc3396
     00000458  A$lcc3396 |    00000458  C$main.c$ |    0000045B  A$lcc3396
     0000045C  A$lcc3396 |    0000045F  A$lcc3396 |    00000460  A$lcc3396
     00000463  A$lcc3396 |    00000464  A$lcc3396 |    00000465  A$lcc3396
     00000466  A$lcc3396 |    00000468  A$lcc3396 |    00000468  C$main.c$
     0000046B  A$lcc3396 |    0000046D  A$lcc3396 |    0000046E  A$lcc3396
     0000046F  A$lcc3396 |    00000471  A$lcc3396 |    00000472  A$lcc3396
     00000474  A$lcc3396 |    00000474  C$main.c$ |    00000477  A$lcc3396
ASxxxx Linker V03.00 + NoICE + sdld,  page 6.
Hexadecimal  [32-Bits]

Area                       Addr        Size        Decimal Bytes (Attributes)
--------------------       ----        ----        ------- ----- ------------
_CODE                  00000200    00002692 =        9874. bytes (REL,CON)

        Value  Global            Value  Global            Value  Global    
        -----  ------            -----  ------            -----  ------    
     00000478  A$lcc3396 |    0000047B  A$lcc3396 |    0000047C  A$lcc3396
     0000047F  A$lcc3396 |    00000480  A$lcc3396 |    00000481  A$lcc3396
     00000482  A$lcc3396 |    00000482  C$main.c$ |    00000485  A$lcc3396
     00000486  A$lcc3396 |    00000487  A$lcc3396 |    00000488  A$lcc3396
     00000489  A$lcc3396 |    0000048C  A$lcc3396 |    0000048D  A$lcc3396
     00000490  A$lcc3396 |    00000491  A$lcc3396 |    00000494  A$lcc3396
     00000496  A$lcc3396 |    00000496  C$main.c$ |    00000499  A$lcc3396
     0000049A  A$lcc3396 |    0000049B  A$lcc3396 |    0000049C  A$lcc3396
     0000049C  C$main.c$ |    0000049E  A$lcc3396 |    0000049F  A$lcc3396
     000004A0  A$lcc3396 |    000004A3  A$lcc3396 |    000004A4  A$lcc3396
     000004A5  A$lcc3396 |    000004A6  A$lcc3396 |    000004A7  A$lcc3396
     000004AA  A$lcc3396 |    000004AC  A$lcc3396 |    000004AC  C$main.c$
     000004AF  A$lcc3396 |    000004B0  A$lcc3396 |    000004B2  A$lcc3396
     000004B3  A$lcc3396 |    000004B4  A$lcc3396 |    000004B4  C$main.c$
     000004B5  A$lcc3396 |    000004B5  C$main.c$ |    000004B5  XG$update
     000004B7  Fmain$__s |    000004BA  A$lcc3396 |    000004BA  C$main.c$
     000004BA  C$main.c$ |    000004BA  G$update_ |    000004BA  _update_f
     000004BD  A$lcc3396 |    000004BE  A$lcc3396 |    000004C0  A$lcc3396
     000004C1  A$lcc3396 |    000004C2  A$lcc3396 |    000004C4  A$lcc3396
     000004C4  C$main.c$ |    000004C7  A$lcc3396 |    000004C8  A$lcc3396
     000004C9  A$lcc3396 |    000004CA  A$lcc3396 |    000004CD  A$lcc3396
     000004CF  A$lcc3396 |    000004CF  C$main.c$ |    000004D0  A$lcc3396
     000004D0  C$main.c$ |    000004D1  A$lcc3396 |    000004D3  A$lcc3396
     000004D3  C$main.c$ |    000004D4  A$lcc3396 |    000004D5  A$lcc3396
     000004D7  A$lcc3396 |    000004D8  A$lcc3396 |    000004DB  A$lcc3396
     000004DC  A$lcc3396 |    000004DD  A$lcc3396 |    000004E0  A$lcc3396
     000004E2  A$lcc3396 |    000004E2  C$main.c$ |    000004E2  XG$update
     000004E3  A$lcc3396 |    000004E3  C$main.c$ |    000004E3  G$update_
     000004E3  _update_f |    000004E4  A$lcc3396 |    000004E7  A$lcc3396
     000004E9  A$lcc3396 |    000004EA  A$lcc3396 |    000004EA  C$main.c$
     000004ED  A$lcc3396 |    000004ED  C$main.c$ |    000004EF  A$lcc3396
     000004F0  A$lcc3396 |    000004F1  A$lcc3396 |    000004F3  A$lcc3396
     000004F5  A$lcc3396 |    000004F6  A$lcc3396 |    000004F7  A$lcc3396
     000004F9  A$lcc3396 |    000004FB  A$lcc3396 |    000004FC  A$lcc3396
     000004FE  A$lcc3396 |    00000501  A$lcc3396 |    00000503  A$lcc3396
     00000504  A$lcc3396 |    00000506  A$lcc3396 |    00000508  A$lcc3396
     0000050B  A$lcc3396 |    0000050B  C$main.c$ |    0000050C  A$lcc3396
     0000050D  A$lcc3396 |    00000510  A$lcc3396 |    00000511  A$lcc3396
     00000514  A$lcc3396 |    00000515  A$lcc3396 |    00000516  A$lcc3396
     00000517  A$lcc3396 |    0000051A  A$lcc3396 |    0000051B  A$lcc3396
     0000051C  A$lcc3396 |    0000051D  A$lcc3396 |    00000520  A$lcc3396
     00000522  A$lcc3396 |    00000523  A$lcc3396 |    00000524  A$lcc3396
     00000525  A$lcc3396 |    00000527  A$lcc3396 |    00000528  A$lcc3396
     0000052B  A$lcc3396 |    0000052D  A$lcc3396 |    0000052D  C$main.c$
     00000530  A$lcc3396 |    00000530  C$main.c$ |    00000531  A$lcc3396
     00000533  A$lcc3396 |    00000534  A$lcc3396 |    00000537  A$lcc3396
     00000539  A$lcc3396 |    0000053A  A$lcc3396 |    0000053D  A$lcc3396
     0000053E  A$lcc3396 |    0000053F  A$lcc3396 |    00000540  A$lcc3396
     00000543  A$lcc3396 |    00000544  A$lcc3396 |    00000545  A$lcc3396
     00000546  A$lcc3396 |    00000549  A$lcc3396 |    0000054B  A$lcc3396
     0000054D  A$lcc3396 |    0000054F  A$lcc3396 |    00000551  A$lcc3396
ASxxxx Linker V03.00 + NoICE + sdld,  page 7.
Hexadecimal  [32-Bits]

Area                       Addr        Size        Decimal Bytes (Attributes)
--------------------       ----        ----        ------- ----- ------------
_CODE                  00000200    00002692 =        9874. bytes (REL,CON)

        Value  Global            Value  Global            Value  Global    
        -----  ------            -----  ------            -----  ------    
     00000554  A$lcc3396 |    00000556  A$lcc3396 |    00000559  A$lcc3396
     0000055A  A$lcc3396 |    0000055B  A$lcc3396 |    0000055C  A$lcc3396
     0000055D  A$lcc3396 |    0000055F  A$lcc3396 |    00000560  A$lcc3396
     00000562  A$lcc3396 |    00000563  A$lcc3396 |    00000566  A$lcc3396
     00000568  A$lcc3396 |    00000568  C$main.c$ |    0000056A  A$lcc3396
     0000056A  C$main.c$ |    0000056B  A$lcc3396 |    0000056C  A$lcc3396
     0000056F  A$lcc3396 |    00000570  A$lcc3396 |    00000573  A$lcc3396
     00000574  A$lcc3396 |    00000575  A$lcc3396 |    00000576  A$lcc3396
     00000579  A$lcc3396 |    0000057A  A$lcc3396 |    0000057B  A$lcc3396
     0000057C  A$lcc3396 |    0000057F  A$lcc3396 |    00000581  A$lcc3396
     00000582  A$lcc3396 |    00000583  A$lcc3396 |    00000584  A$lcc3396
     00000586  A$lcc3396 |    00000587  A$lcc3396 |    0000058A  A$lcc3396
     0000058C  A$lcc3396 |    0000058C  C$main.c$ |    0000058E  A$lcc3396
     0000058E  C$main.c$ |    0000058F  A$lcc3396 |    00000590  A$lcc3396
     00000593  A$lcc3396 |    00000595  A$lcc3396 |    00000596  A$lcc3396
     00000599  A$lcc3396 |    0000059A  A$lcc3396 |    0000059B  A$lcc3396
     0000059C  A$lcc3396 |    0000059F  A$lcc3396 |    000005A0  A$lcc3396
     000005A1  A$lcc3396 |    000005A2  A$lcc3396 |    000005A5  A$lcc3396
     000005A7  A$lcc3396 |    000005A8  A$lcc3396 |    000005AA  A$lcc3396
     000005AB  A$lcc3396 |    000005AC  A$lcc3396 |    000005AD  A$lcc3396
     000005AF  A$lcc3396 |    000005B0  A$lcc3396 |    000005B3  A$lcc3396
     000005B5  A$lcc3396 |    000005B5  C$main.c$ |    000005B6  A$lcc3396
     000005B6  C$main.c$ |    000005B6  XG$update |    000005B7  A$lcc3396
     000005B7  C$main.c$ |    000005B7  C$main.c$ |    000005B7  G$reset_f
     000005B7  _reset_fr |    000005BA  A$lcc3396 |    000005BA  C$main.c$
     000005BD  A$lcc3396 |    000005BF  A$lcc3396 |    000005BF  C$main.c$
     000005C2  A$lcc3396 |    000005C4  A$lcc3396 |    000005C7  A$lcc3396
     000005C9  A$lcc3396 |    000005C9  C$main.c$ |    000005CC  A$lcc3396
     000005CE  A$lcc3396 |    000005CF  A$lcc3396 |    000005D1  A$lcc3396
     000005D1  C$main.c$ |    000005D4  A$lcc3396 |    000005D5  A$lcc3396
     000005D6  A$lcc3396 |    000005D8  A$lcc3396 |    000005D9  A$lcc3396
     000005DB  A$lcc3396 |    000005DB  C$main.c$ |    000005DC  A$lcc3396
     000005DF  A$lcc3396 |    000005DF  C$main.c$ |    000005E2  A$lcc3396
     000005E4  A$lcc3396 |    000005E4  C$main.c$ |    000005E7  A$lcc3396
     000005E9  A$lcc3396 |    000005EA  A$lcc3396 |    000005EB  A$lcc3396
     000005EE  A$lcc3396 |    000005EF  A$lcc3396 |    000005F2  A$lcc3396
     000005F3  A$lcc3396 |    000005F4  A$lcc3396 |    000005F5  A$lcc3396
     000005F6  A$lcc3396 |    000005F9  A$lcc3396 |    000005FA  A$lcc3396
     000005FB  A$lcc3396 |    000005FC  A$lcc3396 |    000005FF  A$lcc3396
     00000601  A$lcc3396 |    00000602  A$lcc3396 |    00000603  A$lcc3396
     00000604  A$lcc3396 |    00000605  A$lcc3396 |    00000606  A$lcc3396
     00000607  A$lcc3396 |    00000608  A$lcc3396 |    00000609  A$lcc3396
     0000060C  A$lcc3396 |    0000060E  A$lcc3396 |    0000060E  C$main.c$
     0000060E  C$main.c$ |    0000060E  XG$reset_ |    0000060F  A$lcc3396
     0000060F  C$main.c$ |    0000060F  C$main.c$ |    0000060F  G$reset_t
     0000060F  _reset_ti |    00000612  A$lcc3396 |    00000614  A$lcc3396
     00000615  A$lcc3396 |    00000617  A$lcc3396 |    00000617  C$main.c$
     0000061A  A$lcc3396 |    0000061C  A$lcc3396 |    0000061C  C$main.c$
     0000061F  A$lcc3396 |    00000620  A$lcc3396 |    00000623  A$lcc3396
     00000624  A$lcc3396 |    00000627  A$lcc3396 |    00000628  A$lcc3396
     0000062B  A$lcc3396 |    0000062D  A$lcc3396 |    0000062D  C$main.c$
ASxxxx Linker V03.00 + NoICE + sdld,  page 8.
Hexadecimal  [32-Bits]

Area                       Addr        Size        Decimal Bytes (Attributes)
--------------------       ----        ----        ------- ----- ------------
_CODE                  00000200    00002692 =        9874. bytes (REL,CON)

        Value  Global            Value  Global            Value  Global    
        -----  ------            -----  ------            -----  ------    
     0000062D  XG$reset_ |    0000062E  A$lcc3396 |    0000062E  C$main.c$
     0000062E  C$main.c$ |    0000062E  G$frog_de |    0000062E  _frog_dea
     00000631  A$lcc3396 |    00000632  A$lcc3396 |    00000633  A$lcc3396
     00000635  A$lcc3396 |    00000635  C$main.c$ |    00000636  A$lcc3396
     00000637  A$lcc3396 |    00000639  A$lcc3396 |    00000639  C$main.c$
     0000063C  A$lcc3396 |    0000063E  A$lcc3396 |    0000063E  C$main.c$
     0000063F  A$lcc3396 |    0000063F  C$main.c$ |    00000642  A$lcc3396
     00000642  C$main.c$ |    00000642  C$main.c$ |    00000642  XG$frog_d
     00000645  A$lcc3396 |    00000645  C$main.c$ |    00000645  C$main.c$
     00000645  G$init_le |    00000645  _init_lev |    00000648  A$lcc3396
     00000649  A$lcc3396 |    0000064C  A$lcc3396 |    0000064D  A$lcc3396
     00000650  A$lcc3396 |    00000652  A$lcc3396 |    00000652  C$main.c$
     00000655  A$lcc3396 |    00000656  A$lcc3396 |    00000659  A$lcc3396
     0000065A  A$lcc3396 |    0000065D  A$lcc3396 |    0000065F  A$lcc3396
     0000065F  C$main.c$ |    00000662  A$lcc3396 |    00000663  A$lcc3396
     00000666  A$lcc3396 |    00000667  A$lcc3396 |    0000066A  A$lcc3396
     0000066C  A$lcc3396 |    0000066C  C$main.c$ |    0000066F  A$lcc3396
     00000670  A$lcc3396 |    00000673  A$lcc3396 |    00000674  A$lcc3396
     00000677  A$lcc3396 |    00000679  A$lcc3396 |    00000679  C$main.c$
     0000067C  A$lcc3396 |    0000067D  A$lcc3396 |    00000680  A$lcc3396
     00000681  A$lcc3396 |    00000684  A$lcc3396 |    00000686  A$lcc3396
     00000686  C$main.c$ |    00000689  A$lcc3396 |    0000068A  A$lcc3396
     0000068D  A$lcc3396 |    0000068E  A$lcc3396 |    00000691  A$lcc3396
     00000693  A$lcc3396 |    00000693  C$main.c$ |    00000696  A$lcc3396
     00000697  A$lcc3396 |    0000069A  A$lcc3396 |    0000069B  A$lcc3396
     0000069C  A$lcc3396 |    0000069D  A$lcc3396 |    0000069E  A$lcc3396
     000006A1  A$lcc3396 |    000006A3  A$lcc3396 |    000006A3  C$main.c$
     000006A6  A$lcc3396 |    000006A7  A$lcc3396 |    000006A9  A$lcc3396
     000006AA  A$lcc3396 |    000006AB  A$lcc3396 |    000006AE  A$lcc3396
     000006B0  A$lcc3396 |    000006B0  C$main.c$ |    000006B3  A$lcc3396
     000006B5  A$lcc3396 |    000006B5  C$main.c$ |    000006B8  A$lcc3396
     000006BA  A$lcc3396 |    000006BA  C$main.c$ |    000006BD  A$lcc3396
     000006BF  A$lcc3396 |    000006C0  A$lcc3396 |    000006C2  A$lcc3396
     000006C2  C$main.c$ |    000006C5  A$lcc3396 |    000006C7  A$lcc3396
     000006C8  A$lcc3396 |    000006CA  A$lcc3396 |    000006CA  C$main.c$
     000006CD  A$lcc3396 |    000006CF  A$lcc3396 |    000006CF  C$main.c$
     000006D0  A$lcc3396 |    000006D3  A$lcc3396 |    000006D4  A$lcc3396
     000006D5  A$lcc3396 |    000006D5  C$main.c$ |    000006D8  A$lcc3396
     000006D8  C$main.c$ |    000006DB  A$lcc3396 |    000006DD  A$lcc3396
     000006DD  C$main.c$ |    000006E0  A$lcc3396 |    000006E0  C$main.c$
     000006E3  A$lcc3396 |    000006E3  C$main.c$ |    000006E6  A$lcc3396
     000006E6  C$main.c$ |    000006E9  A$lcc3396 |    000006E9  C$main.c$
     000006EC  A$lcc3396 |    000006EC  C$main.c$ |    000006EE  A$lcc3396
     000006EF  A$lcc3396 |    000006F1  A$lcc3396 |    000006F2  A$lcc3396
     000006F2  C$main.c$ |    000006F5  A$lcc3396 |    000006F7  A$lcc3396
     000006F8  A$lcc3396 |    000006FA  A$lcc3396 |    000006FA  C$main.c$
     000006FB  A$lcc3396 |    000006FB  C$main.c$ |    000006FB  XG$init_l
     000006FD  A$lcc3396 |    000006FD  C$main.c$ |    000006FD  G$move_fr
     000006FD  _move_fro |    000006FE  A$lcc3396 |    000006FF  A$lcc3396
     000006FF  C$main.c$ |    00000702  A$lcc3396 |    00000703  A$lcc3396
     00000706  A$lcc3396 |    00000706  C$main.c$ |    00000709  A$lcc3396
ASxxxx Linker V03.00 + NoICE + sdld,  page 9.
Hexadecimal  [32-Bits]

Area                       Addr        Size        Decimal Bytes (Attributes)
--------------------       ----        ----        ------- ----- ------------
_CODE                  00000200    00002692 =        9874. bytes (REL,CON)

        Value  Global            Value  Global            Value  Global    
        -----  ------            -----  ------            -----  ------    
     0000070A  A$lcc3396 |    0000070C  A$lcc3396 |    0000070D  A$lcc3396
     0000070E  A$lcc3396 |    0000070F  A$lcc3396 |    00000710  A$lcc3396
     00000713  A$lcc3396 |    00000715  A$lcc3396 |    00000717  A$lcc3396
     0000071A  A$lcc3396 |    0000071C  A$lcc3396 |    0000071F  A$lcc3396
     00000720  A$lcc3396 |    00000721  A$lcc3396 |    00000722  A$lcc3396
     00000723  A$lcc3396 |    00000724  A$lcc3396 |    00000727  A$lcc3396
     00000728  A$lcc3396 |    00000729  A$lcc3396 |    0000072A  A$lcc3396
     0000072D  A$lcc3396 |    0000072E  A$lcc3396 |    00000731  A$lcc3396
     00000732  A$lcc3396 |    00000735  A$lcc3396 |    00000736  A$lcc3396
     00000737  A$lcc3396 |    00000739  A$lcc3396 |    0000073B  A$lcc3396
     0000073D  A$lcc3396 |    0000073D  C$main.c$ |    0000073E  A$lcc3396
     00000740  A$lcc3396 |    00000742  A$lcc3396 |    00000743  A$lcc3396
     00000745  A$lcc3396 |    00000746  A$lcc3396 |    00000749  A$lcc3396
     0000074B  A$lcc3396 |    0000074C  A$lcc3396 |    0000074F  A$lcc3396
     00000750  A$lcc3396 |    00000751  A$lcc3396 |    00000752  A$lcc3396
     00000755  A$lcc3396 |    00000756  A$lcc3396 |    00000757  A$lcc3396
     0000075A  A$lcc3396 |    0000075C  A$lcc3396 |    0000075E  A$lcc3396
     0000075F  A$lcc3396 |    00000760  A$lcc3396 |    00000761  A$lcc3396
     00000762  A$lcc3396 |    00000764  A$lcc3396 |    00000765  A$lcc3396
     00000768  A$lcc3396 |    0000076A  A$lcc3396 |    0000076A  C$main.c$
     0000076D  A$lcc3396 |    0000076D  C$main.c$ |    0000076E  A$lcc3396
     00000770  A$lcc3396 |    00000773  A$lcc3396 |    00000774  A$lcc3396
     00000776  A$lcc3396 |    00000777  A$lcc3396 |    0000077A  A$lcc3396
     0000077C  A$lcc3396 |    0000077D  A$lcc3396 |    00000780  A$lcc3396
     00000781  A$lcc3396 |    00000782  A$lcc3396 |    00000783  A$lcc3396
     00000786  A$lcc3396 |    00000787  A$lcc3396 |    00000788  A$lcc3396
     0000078B  A$lcc3396 |    0000078D  A$lcc3396 |    0000078F  A$lcc3396
     00000790  A$lcc3396 |    00000792  A$lcc3396 |    00000793  A$lcc3396
     00000794  A$lcc3396 |    00000795  A$lcc3396 |    00000796  A$lcc3396
     00000798  A$lcc3396 |    00000799  A$lcc3396 |    0000079C  A$lcc3396
     0000079E  A$lcc3396 |    0000079E  C$main.c$ |    000007A1  A$lcc3396
     000007A1  C$main.c$ |    000007A4  A$lcc3396 |    000007A5  A$lcc3396
     000007A8  A$lcc3396 |    000007A8  C$main.c$ |    000007AB  A$lcc3396
     000007AC  A$lcc3396 |    000007AD  A$lcc3396 |    000007AE  A$lcc3396
     000007B1  A$lcc3396 |    000007B3  A$lcc3396 |    000007B5  A$lcc3396
     000007B8  A$lcc3396 |    000007BA  A$lcc3396 |    000007BD  A$lcc3396
     000007BE  A$lcc3396 |    000007BF  A$lcc3396 |    000007C0  A$lcc3396
     000007C3  A$lcc3396 |    000007C4  A$lcc3396 |    000007C5  A$lcc3396
     000007C6  A$lcc3396 |    000007C9  A$lcc3396 |    000007CA  A$lcc3396
     000007CD  A$lcc3396 |    000007CE  A$lcc3396 |    000007D0  A$lcc3396
     000007D0  C$main.c$ |    000007D0  C$main.c$ |    000007D1  A$lcc3396
     000007D2  A$lcc3396 |    000007D3  A$lcc3396 |    000007D3  C$main.c$
     000007D4  A$lcc3396 |    000007D5  A$lcc3396 |    000007D7  A$lcc3396
     000007DA  A$lcc3396 |    000007DC  A$lcc3396 |    000007DD  A$lcc3396
     000007E0  A$lcc3396 |    000007E2  A$lcc3396 |    000007E3  A$lcc3396
     000007E6  A$lcc3396 |    000007E7  A$lcc3396 |    000007E8  A$lcc3396
     000007E9  A$lcc3396 |    000007EA  A$lcc3396 |    000007ED  A$lcc3396
     000007EE  A$lcc3396 |    000007EF  A$lcc3396 |    000007F0  A$lcc3396
     000007F3  A$lcc3396 |    000007F5  A$lcc3396 |    000007F7  A$lcc3396
     000007F8  A$lcc3396 |    000007F9  A$lcc3396 |    000007FA  A$lcc3396
     000007FB  A$lcc3396 |    000007FD  A$lcc3396 |    000007FE  A$lcc3396
ASxxxx Linker V03.00 + NoICE + sdld,  page 10.
Hexadecimal  [32-Bits]

Area                       Addr        Size        Decimal Bytes (Attributes)
--------------------       ----        ----        ------- ----- ------------
_CODE                  00000200    00002692 =        9874. bytes (REL,CON)

        Value  Global            Value  Global            Value  Global    
        -----  ------            -----  ------            -----  ------    
     00000801  A$lcc3396 |    00000803  A$lcc3396 |    00000803  C$main.c$
     00000805  A$lcc3396 |    00000805  C$main.c$ |    00000806  A$lcc3396
     00000808  A$lcc3396 |    0000080B  A$lcc3396 |    0000080D  A$lcc3396
     0000080F  A$lcc3396 |    00000810  A$lcc3396 |    00000813  A$lcc3396
     00000815  A$lcc3396 |    00000816  A$lcc3396 |    00000819  A$lcc3396
     0000081A  A$lcc3396 |    0000081B  A$lcc3396 |    0000081C  A$lcc3396
     0000081D  A$lcc3396 |    00000820  A$lcc3396 |    00000821  A$lcc3396
     00000822  A$lcc3396 |    00000823  A$lcc3396 |    00000826  A$lcc3396
     00000828  A$lcc3396 |    0000082A  A$lcc3396 |    0000082C  A$lcc3396
     0000082E  A$lcc3396 |    00000831  A$lcc3396 |    00000833  A$lcc3396
     00000836  A$lcc3396 |    00000838  A$lcc3396 |    00000839  A$lcc3396
     0000083A  A$lcc3396 |    0000083B  A$lcc3396 |    0000083C  A$lcc3396
     0000083D  A$lcc3396 |    0000083F  A$lcc3396 |    00000840  A$lcc3396
     00000843  A$lcc3396 |    00000845  A$lcc3396 |    00000845  C$main.c$
     00000846  A$lcc3396 |    00000847  A$lcc3396 |    00000847  C$main.c$
     00000847  XG$move_f |    00000848  A$lcc3396 |    00000848  C$main.c$
     00000848  C$main.c$ |    00000848  G$animate |    00000848  XG$animat
     00000848  _animate_ |    00000849  A$lcc3396 |    00000849  C$main.c$
     00000849  C$main.c$ |    00000849  G$update_ |    00000849  _update_m
     0000084C  A$lcc3396 |    0000084D  A$lcc3396 |    0000084F  A$lcc3396
     0000084F  C$main.c$ |    00000852  A$lcc3396 |    00000852  C$main.c$
     00000855  A$lcc3396 |    00000857  A$lcc3396 |    00000859  A$lcc3396
     0000085C  A$lcc3396 |    0000085E  A$lcc3396 |    00000861  A$lcc3396
     00000862  A$lcc3396 |    00000865  A$lcc3396 |    00000866  A$lcc3396
     00000867  A$lcc3396 |    00000868  A$lcc3396 |    00000868  C$main.c$
     0000086B  A$lcc3396 |    0000086C  A$lcc3396 |    0000086E  A$lcc3396
     0000086E  C$main.c$ |    00000871  A$lcc3396 |    00000871  C$main.c$
     00000874  A$lcc3396 |    00000876  A$lcc3396 |    00000878  A$lcc3396
     0000087B  A$lcc3396 |    0000087D  A$lcc3396 |    00000880  A$lcc3396
     00000881  A$lcc3396 |    00000884  A$lcc3396 |    00000885  A$lcc3396
     00000886  A$lcc3396 |    00000887  A$lcc3396 |    00000887  C$main.c$
     0000088A  A$lcc3396 |    0000088B  A$lcc3396 |    0000088D  A$lcc3396
     00000890  A$lcc3396 |    00000891  A$lcc3396 |    00000892  A$lcc3396
     00000892  C$main.c$ |    00000895  A$lcc3396 |    00000897  A$lcc3396
     00000897  C$main.c$ |    0000089A  A$lcc3396 |    0000089B  A$lcc3396
     0000089C  A$lcc3396 |    0000089D  A$lcc3396 |    000008A0  A$lcc3396
     000008A1  A$lcc3396 |    000008A3  A$lcc3396 |    000008A4  A$lcc3396
     000008A5  A$lcc3396 |    000008A6  A$lcc3396 |    000008A7  A$lcc3396
     000008A8  A$lcc3396 |    000008A9  A$lcc3396 |    000008AB  A$lcc3396
     000008AD  A$lcc3396 |    000008AF  A$lcc3396 |    000008B1  A$lcc3396
     000008B2  A$lcc3396 |    000008B4  A$lcc3396 |    000008B6  A$lcc3396
     000008B8  A$lcc3396 |    000008B9  A$lcc3396 |    000008BA  A$lcc3396
     000008BA  C$main.c$ |    000008BD  A$lcc3396 |    000008BE  A$lcc3396
     000008C0  A$lcc3396 |    000008C1  A$lcc3396 |    000008C2  A$lcc3396
     000008C4  A$lcc3396 |    000008C5  A$lcc3396 |    000008C5  C$main.c$
     000008C8  A$lcc3396 |    000008C8  C$main.c$ |    000008CB  A$lcc3396
     000008CE  A$lcc3396 |    000008CE  C$main.c$ |    000008CE  XG$update
     000008CF  A$lcc3396 |    000008CF  C$main.c$ |    000008CF  C$main.c$
     000008CF  G$paralla |    000008CF  _parallax |    000008D1  A$lcc3396
     000008D2  A$lcc3396 |    000008D4  A$lcc3396 |    000008D6  A$lcc3396
     000008D8  A$lcc3396 |    000008DA  A$lcc3396 |    000008DC  A$lcc3396
ASxxxx Linker V03.00 + NoICE + sdld,  page 11.
Hexadecimal  [32-Bits]

Area                       Addr        Size        Decimal Bytes (Attributes)
--------------------       ----        ----        ------- ----- ------------
_CODE                  00000200    00002692 =        9874. bytes (REL,CON)

        Value  Global            Value  Global            Value  Global    
        -----  ------            -----  ------            -----  ------    
     000008DE  A$lcc3396 |    000008E0  A$lcc3396 |    000008E2  A$lcc3396
     000008E4  A$lcc3396 |    000008E6  A$lcc3396 |    000008E8  A$lcc3396
     000008EA  A$lcc3396 |    000008EC  A$lcc3396 |    000008EE  A$lcc3396
     000008F0  A$lcc3396 |    000008F2  A$lcc3396 |    000008F4  A$lcc3396
     000008F6  A$lcc3396 |    000008F9  A$lcc3396 |    000008FB  A$lcc3396
     000008FE  A$lcc3396 |    00000900  A$lcc3396 |    00000903  A$lcc3396
     00000905  A$lcc3396 |    00000908  A$lcc3396 |    00000909  A$lcc3396
     00000909  C$main.c$ |    0000090A  A$lcc3396 |    0000090C  A$lcc3396
     0000090D  A$lcc3396 |    0000090F  A$lcc3396 |    0000090F  C$main.c$
     00000911  A$lcc3396 |    00000913  A$lcc3396 |    00000913  C$main.c$
     00000914  A$lcc3396 |    00000914  C$main.c$ |    00000917  A$lcc3396
     00000919  A$lcc3396 |    0000091A  A$lcc3396 |    0000091C  A$lcc3396
     0000091C  C$main.c$ |    0000091E  A$lcc3396 |    00000920  A$lcc3396
     00000920  C$main.c$ |    00000921  A$lcc3396 |    00000921  C$main.c$
     00000924  A$lcc3396 |    00000926  A$lcc3396 |    00000927  A$lcc3396
     00000929  A$lcc3396 |    00000929  C$main.c$ |    0000092B  A$lcc3396
     0000092D  A$lcc3396 |    0000092D  C$main.c$ |    0000092E  A$lcc3396
     0000092E  C$main.c$ |    00000931  A$lcc3396 |    00000933  A$lcc3396
     00000934  A$lcc3396 |    00000936  A$lcc3396 |    00000936  C$main.c$
     00000938  A$lcc3396 |    0000093A  A$lcc3396 |    0000093A  C$main.c$
     0000093B  A$lcc3396 |    0000093B  C$main.c$ |    0000093E  A$lcc3396
     00000940  A$lcc3396 |    00000941  A$lcc3396 |    00000943  A$lcc3396
     00000943  C$main.c$ |    00000945  A$lcc3396 |    00000947  A$lcc3396
     00000947  C$main.c$ |    00000948  A$lcc3396 |    00000948  C$main.c$
     0000094B  A$lcc3396 |    0000094D  A$lcc3396 |    0000094E  A$lcc3396
     00000950  A$lcc3396 |    00000950  C$main.c$ |    00000952  A$lcc3396
     00000954  A$lcc3396 |    00000954  C$main.c$ |    00000955  A$lcc3396
     00000955  C$main.c$ |    00000956  A$lcc3396 |    00000958  A$lcc3396
     00000959  A$lcc3396 |    0000095B  A$lcc3396 |    0000095B  C$main.c$
     0000095D  A$lcc3396 |    0000095F  A$lcc3396 |    0000095F  C$main.c$
     00000960  A$lcc3396 |    00000960  C$main.c$ |    00000963  A$lcc3396
     00000965  A$lcc3396 |    00000966  A$lcc3396 |    00000968  A$lcc3396
     00000968  C$main.c$ |    0000096A  A$lcc3396 |    0000096C  A$lcc3396
     0000096C  C$main.c$ |    0000096D  A$lcc3396 |    0000096D  C$main.c$
     00000970  A$lcc3396 |    00000972  A$lcc3396 |    00000973  A$lcc3396
     00000975  A$lcc3396 |    00000975  C$main.c$ |    00000977  A$lcc3396
     00000979  A$lcc3396 |    00000979  C$main.c$ |    0000097A  A$lcc3396
     0000097A  C$main.c$ |    0000097D  A$lcc3396 |    0000097F  A$lcc3396
     00000980  A$lcc3396 |    00000982  A$lcc3396 |    00000982  C$main.c$
     00000984  A$lcc3396 |    00000986  A$lcc3396 |    00000986  C$main.c$
     00000987  A$lcc3396 |    00000987  C$main.c$ |    0000098A  A$lcc3396
     0000098C  A$lcc3396 |    0000098D  A$lcc3396 |    0000098F  A$lcc3396
     0000098F  C$main.c$ |    00000991  A$lcc3396 |    00000993  A$lcc3396
     00000993  C$main.c$ |    00000994  A$lcc3396 |    00000994  C$main.c$
     00000997  A$lcc3396 |    00000999  A$lcc3396 |    0000099A  A$lcc3396
     0000099C  A$lcc3396 |    0000099C  C$main.c$ |    0000099E  A$lcc3396
     000009A0  A$lcc3396 |    000009A0  C$main.c$ |    000009A1  A$lcc3396
     000009A1  C$main.c$ |    000009A2  A$lcc3396 |    000009A4  A$lcc3396
     000009A5  A$lcc3396 |    000009A7  A$lcc3396 |    000009A7  C$main.c$
     000009A8  A$lcc3396 |    000009AA  A$lcc3396 |    000009AA  C$main.c$
     000009AA  C$main.c$ |    000009AA  XG$parall |    000009AB  A$lcc3396
ASxxxx Linker V03.00 + NoICE + sdld,  page 12.
Hexadecimal  [32-Bits]

Area                       Addr        Size        Decimal Bytes (Attributes)
--------------------       ----        ----        ------- ----- ------------
_CODE                  00000200    00002692 =        9874. bytes (REL,CON)

        Value  Global            Value  Global            Value  Global    
        -----  ------            -----  ------            -----  ------    
     000009AB  C$main.c$ |    000009AB  G$update_ |    000009AB  _update_p
     000009AE  A$lcc3396 |    000009AF  A$lcc3396 |    000009AF  C$main.c$
     000009B0  A$lcc3396 |    000009B0  C$main.c$ |    000009B3  A$lcc3396
     000009B5  A$lcc3396 |    000009B7  A$lcc3396 |    000009B8  A$lcc3396
     000009B9  A$lcc3396 |    000009BB  A$lcc3396 |    000009BB  C$main.c$
     000009BC  A$lcc3396 |    000009BE  A$lcc3396 |    000009C0  A$lcc3396
     000009C0  C$main.c$ |    000009C2  A$lcc3396 |    000009C4  A$lcc3396
     000009C4  C$main.c$ |    000009C5  A$lcc3396 |    000009C7  A$lcc3396
     000009C7  C$main.c$ |    000009CA  A$lcc3396 |    000009CB  A$lcc3396
     000009CD  A$lcc3396 |    000009CF  A$lcc3396 |    000009CF  C$main.c$
     000009D1  A$lcc3396 |    000009D1  C$main.c$ |    000009D4  A$lcc3396
     000009D5  A$lcc3396 |    000009D7  A$lcc3396 |    000009DA  A$lcc3396
     000009DB  A$lcc3396 |    000009DE  A$lcc3396 |    000009DF  A$lcc3396
     000009DF  C$main.c$ |    000009E1  A$lcc3396 |    000009E1  C$main.c$
     000009E4  A$lcc3396 |    000009E5  A$lcc3396 |    000009E7  A$lcc3396
     000009E7  C$main.c$ |    000009E9  A$lcc3396 |    000009E9  C$main.c$
     000009EB  A$lcc3396 |    000009EE  A$lcc3396 |    000009EF  A$lcc3396
     000009F2  A$lcc3396 |    000009F3  A$lcc3396 |    000009F3  C$main.c$
     000009F3  C$main.c$ |    000009F6  A$lcc3396 |    000009F7  A$lcc3396
     000009F7  C$main.c$ |    000009F7  XG$update |    000009F8  A$lcc3396
     000009F8  C$main.c$ |    000009F8  G$scroll_ |    000009F8  _scroll_c
     000009F9  A$lcc3396 |    000009F9  C$main.c$ |    000009FC  A$lcc3396
     000009FD  A$lcc3396 |    000009FF  A$lcc3396 |    00000A02  A$lcc3396
     00000A05  A$lcc3396 |    00000A06  A$lcc3396 |    00000A07  A$lcc3396
     00000A09  A$lcc3396 |    00000A09  C$main.c$ |    00000A0C  A$lcc3396
     00000A0D  A$lcc3396 |    00000A0E  A$lcc3396 |    00000A0F  A$lcc3396
     00000A0F  C$main.c$ |    00000A10  A$lcc3396 |    00000A11  A$lcc3396
     00000A12  A$lcc3396 |    00000A13  A$lcc3396 |    00000A14  A$lcc3396
     00000A15  A$lcc3396 |    00000A15  C$main.c$ |    00000A16  A$lcc3396
     00000A17  A$lcc3396 |    00000A18  A$lcc3396 |    00000A19  A$lcc3396
     00000A1A  A$lcc3396 |    00000A1B  A$lcc3396 |    00000A1C  A$lcc3396
     00000A1C  C$main.c$ |    00000A1F  A$lcc3396 |    00000A20  A$lcc3396
     00000A22  A$lcc3396 |    00000A25  A$lcc3396 |    00000A26  A$lcc3396
     00000A26  C$main.c$ |    00000A26  C$main.c$ |    00000A27  A$lcc3396
     00000A29  A$lcc3396 |    00000A29  C$main.c$ |    00000A2C  A$lcc3396
     00000A2D  A$lcc3396 |    00000A2E  A$lcc3396 |    00000A2F  A$lcc3396
     00000A30  A$lcc3396 |    00000A33  A$lcc3396 |    00000A34  A$lcc3396
     00000A35  A$lcc3396 |    00000A36  A$lcc3396 |    00000A36  C$main.c$
     00000A39  A$lcc3396 |    00000A39  C$main.c$ |    00000A3C  A$lcc3396
     00000A3E  A$lcc3396 |    00000A40  A$lcc3396 |    00000A40  C$main.c$
     00000A43  A$lcc3396 |    00000A44  A$lcc3396 |    00000A45  A$lcc3396
     00000A46  A$lcc3396 |    00000A47  A$lcc3396 |    00000A4A  A$lcc3396
     00000A4B  A$lcc3396 |    00000A4C  A$lcc3396 |    00000A4D  A$lcc3396
     00000A4D  C$main.c$ |    00000A50  A$lcc3396 |    00000A50  C$main.c$
     00000A53  A$lcc3396 |    00000A54  A$lcc3396 |    00000A56  A$lcc3396
     00000A59  A$lcc3396 |    00000A5C  A$lcc3396 |    00000A5D  A$lcc3396
     00000A5E  A$lcc3396 |    00000A60  A$lcc3396 |    00000A60  C$main.c$
     00000A63  A$lcc3396 |    00000A64  A$lcc3396 |    00000A65  A$lcc3396
     00000A66  A$lcc3396 |    00000A66  C$main.c$ |    00000A69  A$lcc3396
     00000A6A  A$lcc3396 |    00000A6C  A$lcc3396 |    00000A6C  C$main.c$
     00000A6F  A$lcc3396 |    00000A70  A$lcc3396 |    00000A71  A$lcc3396
ASxxxx Linker V03.00 + NoICE + sdld,  page 13.
Hexadecimal  [32-Bits]

Area                       Addr        Size        Decimal Bytes (Attributes)
--------------------       ----        ----        ------- ----- ------------
_CODE                  00000200    00002692 =        9874. bytes (REL,CON)

        Value  Global            Value  Global            Value  Global    
        -----  ------            -----  ------            -----  ------    
     00000A72  A$lcc3396 |    00000A73  A$lcc3396 |    00000A76  A$lcc3396
     00000A77  A$lcc3396 |    00000A78  A$lcc3396 |    00000A79  A$lcc3396
     00000A7C  A$lcc3396 |    00000A7E  A$lcc3396 |    00000A7F  A$lcc3396
     00000A82  A$lcc3396 |    00000A83  A$lcc3396 |    00000A84  A$lcc3396
     00000A85  A$lcc3396 |    00000A88  A$lcc3396 |    00000A89  A$lcc3396
     00000A8A  A$lcc3396 |    00000A8B  A$lcc3396 |    00000A8E  A$lcc3396
     00000A90  A$lcc3396 |    00000A92  A$lcc3396 |    00000A93  A$lcc3396
     00000A94  A$lcc3396 |    00000A95  A$lcc3396 |    00000A96  A$lcc3396
     00000A98  A$lcc3396 |    00000A99  A$lcc3396 |    00000A9C  A$lcc3396
     00000A9E  A$lcc3396 |    00000A9E  C$main.c$ |    00000AA1  A$lcc3396
     00000AA1  C$main.c$ |    00000AA4  A$lcc3396 |    00000AA5  A$lcc3396
     00000AA7  A$lcc3396 |    00000AA7  C$main.c$ |    00000AAA  A$lcc3396
     00000AAC  A$lcc3396 |    00000AAE  A$lcc3396 |    00000AAE  C$main.c$
     00000AB1  A$lcc3396 |    00000AB2  A$lcc3396 |    00000AB3  A$lcc3396
     00000AB4  A$lcc3396 |    00000AB5  A$lcc3396 |    00000AB8  A$lcc3396
     00000AB9  A$lcc3396 |    00000ABA  A$lcc3396 |    00000ABB  A$lcc3396
     00000ABB  C$main.c$ |    00000ABE  A$lcc3396 |    00000ABE  C$main.c$
     00000AC1  A$lcc3396 |    00000AC3  A$lcc3396 |    00000AC5  A$lcc3396
     00000AC5  C$main.c$ |    00000AC8  A$lcc3396 |    00000AC9  A$lcc3396
     00000ACA  A$lcc3396 |    00000ACB  A$lcc3396 |    00000ACB  C$main.c$
     00000ACE  A$lcc3396 |    00000ACF  A$lcc3396 |    00000AD0  A$lcc3396
     00000AD1  A$lcc3396 |    00000AD1  C$main.c$ |    00000AD4  A$lcc3396
     00000AD5  A$lcc3396 |    00000AD6  A$lcc3396 |    00000AD7  A$lcc3396
     00000AD7  C$main.c$ |    00000ADA  A$lcc3396 |    00000ADB  A$lcc3396
     00000ADC  A$lcc3396 |    00000ADD  A$lcc3396 |    00000ADD  C$main.c$
     00000AE0  A$lcc3396 |    00000AE1  A$lcc3396 |    00000AE3  A$lcc3396
     00000AE3  C$main.c$ |    00000AE6  A$lcc3396 |    00000AE8  A$lcc3396
     00000AEA  A$lcc3396 |    00000AEA  C$main.c$ |    00000AED  A$lcc3396
     00000AEE  A$lcc3396 |    00000AEF  A$lcc3396 |    00000AF0  A$lcc3396
     00000AF1  A$lcc3396 |    00000AF4  A$lcc3396 |    00000AF5  A$lcc3396
     00000AF6  A$lcc3396 |    00000AF7  A$lcc3396 |    00000AF7  C$main.c$
     00000AFA  A$lcc3396 |    00000AFA  C$main.c$ |    00000AFD  A$lcc3396
     00000AFE  A$lcc3396 |    00000B00  A$lcc3396 |    00000B03  A$lcc3396
     00000B06  A$lcc3396 |    00000B07  A$lcc3396 |    00000B08  A$lcc3396
     00000B0A  A$lcc3396 |    00000B0A  C$main.c$ |    00000B0D  A$lcc3396
     00000B0E  A$lcc3396 |    00000B0F  A$lcc3396 |    00000B10  A$lcc3396
     00000B10  C$main.c$ |    00000B13  A$lcc3396 |    00000B14  A$lcc3396
     00000B15  A$lcc3396 |    00000B16  A$lcc3396 |    00000B16  C$main.c$
     00000B19  A$lcc3396 |    00000B1A  A$lcc3396 |    00000B1B  A$lcc3396
     00000B1B  C$main.c$ |    00000B1B  XG$scroll |    00000B1C  A$lcc3396
     00000B1C  C$main.c$ |    00000B1C  C$main.c$ |    00000B1C  G$pause_g
     00000B1C  _pause_ga |    00000B1F  A$lcc3396 |    00000B21  A$lcc3396
     00000B21  C$main.c$ |    00000B24  A$lcc3396 |    00000B25  A$lcc3396
     00000B28  A$lcc3396 |    00000B29  A$lcc3396 |    00000B2C  A$lcc3396
     00000B2D  A$lcc3396 |    00000B2E  A$lcc3396 |    00000B2F  A$lcc3396
     00000B2F  C$main.c$ |    00000B32  A$lcc3396 |    00000B33  A$lcc3396
     00000B34  A$lcc3396 |    00000B35  A$lcc3396 |    00000B35  C$main.c$
     00000B37  A$lcc3396 |    00000B38  A$lcc3396 |    00000B39  A$lcc3396
     00000B3C  A$lcc3396 |    00000B3D  A$lcc3396 |    00000B3E  A$lcc3396
     00000B3F  A$lcc3396 |    00000B40  A$lcc3396 |    00000B43  A$lcc3396
     00000B45  A$lcc3396 |    00000B45  C$main.c$ |    00000B48  A$lcc3396
ASxxxx Linker V03.00 + NoICE + sdld,  page 14.
Hexadecimal  [32-Bits]

Area                       Addr        Size        Decimal Bytes (Attributes)
--------------------       ----        ----        ------- ----- ------------
_CODE                  00000200    00002692 =        9874. bytes (REL,CON)

        Value  Global            Value  Global            Value  Global    
        -----  ------            -----  ------            -----  ------    
     00000B49  A$lcc3396 |    00000B4B  A$lcc3396 |    00000B4C  A$lcc3396
     00000B4D  A$lcc3396 |    00000B4D  C$main.c$ |    00000B4E  A$lcc3396
     00000B4E  C$main.c$ |    00000B4E  XG$pause_ |    00000B50  A$lcc3396
     00000B50  C$main.c$ |    00000B50  C$main.c$ |    00000B50  G$unpause
     00000B50  _unpause_ |    00000B53  A$lcc3396 |    00000B55  A$lcc3396
     00000B55  C$main.c$ |    00000B58  A$lcc3396 |    00000B59  A$lcc3396
     00000B5C  A$lcc3396 |    00000B5D  A$lcc3396 |    00000B60  A$lcc3396
     00000B61  A$lcc3396 |    00000B62  A$lcc3396 |    00000B63  A$lcc3396
     00000B63  C$main.c$ |    00000B65  A$lcc3396 |    00000B66  A$lcc3396
     00000B67  A$lcc3396 |    00000B68  A$lcc3396 |    00000B68  C$main.c$
     00000B69  A$lcc3396 |    00000B6A  A$lcc3396 |    00000B6B  A$lcc3396
     00000B6E  A$lcc3396 |    00000B6F  A$lcc3396 |    00000B70  A$lcc3396
     00000B71  A$lcc3396 |    00000B72  A$lcc3396 |    00000B75  A$lcc3396
     00000B77  A$lcc3396 |    00000B77  C$main.c$ |    00000B7A  A$lcc3396
     00000B7B  A$lcc3396 |    00000B7D  A$lcc3396 |    00000B7E  A$lcc3396
     00000B7F  A$lcc3396 |    00000B7F  C$main.c$ |    00000B80  A$lcc3396
     00000B80  C$main.c$ |    00000B80  XG$unpaus |    00000B82  A$lcc3396
     00000B82  C$main.c$ |    00000B82  G$drain_t |    00000B82  _drain_ti
     00000B83  A$lcc3396 |    00000B84  A$lcc3396 |    00000B84  C$main.c$
     00000B87  A$lcc3396 |    00000B88  A$lcc3396 |    00000B8A  A$lcc3396
     00000B8B  A$lcc3396 |    00000B8D  A$lcc3396 |    00000B8F  A$lcc3396
     00000B90  A$lcc3396 |    00000B90  C$main.c$ |    00000B91  A$lcc3396
     00000B92  A$lcc3396 |    00000B94  A$lcc3396 |    00000B96  A$lcc3396
     00000B99  A$lcc3396 |    00000B9A  A$lcc3396 |    00000B9C  A$lcc3396
     00000B9E  A$lcc3396 |    00000BA0  A$lcc3396 |    00000BA2  A$lcc3396
     00000BA4  A$lcc3396 |    00000BA6  A$lcc3396 |    00000BA7  A$lcc3396
     00000BA7  C$main.c$ |    00000BA9  A$lcc3396 |    00000BAA  A$lcc3396
     00000BAC  A$lcc3396 |    00000BAD  A$lcc3396 |    00000BB0  A$lcc3396
     00000BB1  A$lcc3396 |    00000BB2  A$lcc3396 |    00000BB2  C$main.c$
     00000BB5  A$lcc3396 |    00000BB6  A$lcc3396 |    00000BB9  A$lcc3396
     00000BBA  A$lcc3396 |    00000BBC  A$lcc3396 |    00000BBD  A$lcc3396
     00000BC0  A$lcc3396 |    00000BC1  A$lcc3396 |    00000BC2  A$lcc3396
     00000BC3  A$lcc3396 |    00000BC4  A$lcc3396 |    00000BC7  A$lcc3396
     00000BC8  A$lcc3396 |    00000BC9  A$lcc3396 |    00000BCA  A$lcc3396
     00000BCB  A$lcc3396 |    00000BCC  A$lcc3396 |    00000BCD  A$lcc3396
     00000BCE  A$lcc3396 |    00000BD1  A$lcc3396 |    00000BD2  A$lcc3396
     00000BD3  A$lcc3396 |    00000BD3  C$main.c$ |    00000BD5  A$lcc3396
     00000BD6  A$lcc3396 |    00000BD8  A$lcc3396 |    00000BDA  A$lcc3396
     00000BDB  A$lcc3396 |    00000BDD  A$lcc3396 |    00000BDE  A$lcc3396
     00000BDF  A$lcc3396 |    00000BE1  A$lcc3396 |    00000BE2  A$lcc3396
     00000BE3  A$lcc3396 |    00000BE5  A$lcc3396 |    00000BE6  A$lcc3396
     00000BE7  A$lcc3396 |    00000BE9  A$lcc3396 |    00000BE9  C$main.c$
     00000BEB  A$lcc3396 |    00000BEC  A$lcc3396 |    00000BEE  A$lcc3396
     00000BEF  A$lcc3396 |    00000BF1  A$lcc3396 |    00000BF2  A$lcc3396
     00000BF3  A$lcc3396 |    00000BF4  A$lcc3396 |    00000BF5  A$lcc3396
     00000BF8  A$lcc3396 |    00000BFA  A$lcc3396 |    00000BFA  C$main.c$
     00000BFD  A$lcc3396 |    00000BFE  A$lcc3396 |    00000BFE  C$main.c$
     00000C01  A$lcc3396 |    00000C02  A$lcc3396 |    00000C04  A$lcc3396
     00000C05  A$lcc3396 |    00000C06  A$lcc3396 |    00000C08  A$lcc3396
     00000C09  A$lcc3396 |    00000C09  C$main.c$ |    00000C0C  A$lcc3396
     00000C0C  C$main.c$ |    00000C0F  A$lcc3396 |    00000C10  A$lcc3396
ASxxxx Linker V03.00 + NoICE + sdld,  page 15.
Hexadecimal  [32-Bits]

Area                       Addr        Size        Decimal Bytes (Attributes)
--------------------       ----        ----        ------- ----- ------------
_CODE                  00000200    00002692 =        9874. bytes (REL,CON)

        Value  Global            Value  Global            Value  Global    
        -----  ------            -----  ------            -----  ------    
     00000C12  A$lcc3396 |    00000C13  A$lcc3396 |    00000C14  A$lcc3396
     00000C14  C$main.c$ |    00000C16  A$lcc3396 |    00000C17  A$lcc3396
     00000C19  A$lcc3396 |    00000C1B  A$lcc3396 |    00000C1B  C$main.c$
     00000C1E  A$lcc3396 |    00000C20  A$lcc3396 |    00000C20  C$main.c$
     00000C23  A$lcc3396 |    00000C25  A$lcc3396 |    00000C26  A$lcc3396
     00000C27  A$lcc3396 |    00000C27  C$main.c$ |    00000C27  XG$drain_
     00000C28  A$lcc3396 |    00000C28  C$main.c$ |    00000C28  G$reload_
     00000C28  _reload_t |    00000C29  A$lcc3396 |    00000C2A  A$lcc3396
     00000C2A  C$main.c$ |    00000C2D  A$lcc3396 |    00000C2E  A$lcc3396
     00000C30  A$lcc3396 |    00000C31  A$lcc3396 |    00000C33  A$lcc3396
     00000C35  A$lcc3396 |    00000C36  A$lcc3396 |    00000C36  C$main.c$
     00000C37  A$lcc3396 |    00000C38  A$lcc3396 |    00000C3A  A$lcc3396
     00000C3C  A$lcc3396 |    00000C3F  A$lcc3396 |    00000C40  A$lcc3396
     00000C42  A$lcc3396 |    00000C44  A$lcc3396 |    00000C46  A$lcc3396
     00000C48  A$lcc3396 |    00000C4A  A$lcc3396 |    00000C4C  A$lcc3396
     00000C4C  C$main.c$ |    00000C4E  A$lcc3396 |    00000C4F  A$lcc3396
     00000C50  A$lcc3396 |    00000C52  A$lcc3396 |    00000C53  A$lcc3396
     00000C56  A$lcc3396 |    00000C57  A$lcc3396 |    00000C58  A$lcc3396
     00000C58  C$main.c$ |    00000C5B  A$lcc3396 |    00000C5C  A$lcc3396
     00000C5F  A$lcc3396 |    00000C60  A$lcc3396 |    00000C62  A$lcc3396
     00000C62  C$main.c$ |    00000C63  A$lcc3396 |    00000C64  A$lcc3396
     00000C65  A$lcc3396 |    00000C67  A$lcc3396 |    00000C69  A$lcc3396
     00000C6A  A$lcc3396 |    00000C6B  A$lcc3396 |    00000C6C  A$lcc3396
     00000C6D  A$lcc3396 |    00000C6E  A$lcc3396 |    00000C6F  A$lcc3396
     00000C71  A$lcc3396 |    00000C72  A$lcc3396 |    00000C73  A$lcc3396
     00000C75  A$lcc3396 |    00000C76  A$lcc3396 |    00000C77  A$lcc3396
     00000C79  A$lcc3396 |    00000C79  C$main.c$ |    00000C7B  A$lcc3396
     00000C7C  A$lcc3396 |    00000C7E  A$lcc3396 |    00000C7F  A$lcc3396
     00000C80  A$lcc3396 |    00000C82  A$lcc3396 |    00000C83  A$lcc3396
     00000C84  A$lcc3396 |    00000C85  A$lcc3396 |    00000C86  A$lcc3396
     00000C89  A$lcc3396 |    00000C8B  A$lcc3396 |    00000C8B  C$main.c$
     00000C8E  A$lcc3396 |    00000C8F  A$lcc3396 |    00000C8F  C$main.c$
     00000C91  A$lcc3396 |    00000C92  A$lcc3396 |    00000C94  A$lcc3396
     00000C96  A$lcc3396 |    00000C96  C$main.c$ |    00000C99  A$lcc3396
     00000C99  C$main.c$ |    00000C9C  A$lcc3396 |    00000C9C  C$main.c$
     00000C9F  A$lcc3396 |    00000CA1  A$lcc3396 |    00000CA2  A$lcc3396
     00000CA3  A$lcc3396 |    00000CA3  C$main.c$ |    00000CA3  XG$reload
     00000CA4  A$lcc3396 |    00000CA4  C$main.c$ |    00000CA4  C$main.c$
     00000CA4  G$pts_200 |    00000CA4  _pts_200_ |    00000CA7  A$lcc3396
     00000CA8  A$lcc3396 |    00000CAA  A$lcc3396 |    00000CAB  A$lcc3396
     00000CAC  A$lcc3396 |    00000CAE  A$lcc3396 |    00000CAF  A$lcc3396
     00000CAF  C$main.c$ |    00000CB2  A$lcc3396 |    00000CB2  C$main.c$
     00000CB5  A$lcc3396 |    00000CB7  A$lcc3396 |    00000CB7  C$main.c$
     00000CB7  XG$pts_20 |    00000CB8  A$lcc3396 |    00000CB8  C$main.c$
     00000CB8  G$win_che |    00000CB8  _win_chec |    00000CBA  A$lcc3396
     00000CBC  A$lcc3396 |    00000CBD  A$lcc3396 |    00000CBD  C$main.c$
     00000CBF  A$lcc3396 |    00000CC0  A$lcc3396 |    00000CC1  A$lcc3396
     00000CC2  A$lcc3396 |    00000CC3  A$lcc3396 |    00000CC4  A$lcc3396
     00000CC5  A$lcc3396 |    00000CC6  A$lcc3396 |    00000CC9  A$lcc3396
     00000CCA  A$lcc3396 |    00000CCB  A$lcc3396 |    00000CCC  A$lcc3396
     00000CCE  A$lcc3396 |    00000CCF  A$lcc3396 |    00000CD0  A$lcc3396
ASxxxx Linker V03.00 + NoICE + sdld,  page 16.
Hexadecimal  [32-Bits]

Area                       Addr        Size        Decimal Bytes (Attributes)
--------------------       ----        ----        ------- ----- ------------
_CODE                  00000200    00002692 =        9874. bytes (REL,CON)

        Value  Global            Value  Global            Value  Global    
        -----  ------            -----  ------            -----  ------    
     00000CD1  A$lcc3396 |    00000CD3  A$lcc3396 |    00000CD4  A$lcc3396
     00000CD5  A$lcc3396 |    00000CD6  A$lcc3396 |    00000CD7  A$lcc3396
     00000CD9  A$lcc3396 |    00000CDB  A$lcc3396 |    00000CDC  A$lcc3396
     00000CDD  A$lcc3396 |    00000CDE  A$lcc3396 |    00000CDF  A$lcc3396
     00000CE0  A$lcc3396 |    00000CE1  A$lcc3396 |    00000CE4  A$lcc3396
     00000CE5  A$lcc3396 |    00000CE6  A$lcc3396 |    00000CE7  A$lcc3396
     00000CE8  A$lcc3396 |    00000CE9  A$lcc3396 |    00000CEA  A$lcc3396
     00000CEC  A$lcc3396 |    00000CEE  A$lcc3396 |    00000CEF  A$lcc3396
     00000CF1  A$lcc3396 |    00000CF2  A$lcc3396 |    00000CF4  A$lcc3396
     00000CF5  A$lcc3396 |    00000CF7  A$lcc3396 |    00000CF8  A$lcc3396
     00000CFA  A$lcc3396 |    00000CFB  A$lcc3396 |    00000CFD  A$lcc3396
     00000CFD  C$main.c$ |    00000CFF  A$lcc3396 |    00000D00  A$lcc3396
     00000D02  A$lcc3396 |    00000D03  A$lcc3396 |    00000D04  A$lcc3396
     00000D05  A$lcc3396 |    00000D06  A$lcc3396 |    00000D07  A$lcc3396
     00000D08  A$lcc3396 |    00000D0B  A$lcc3396 |    00000D0C  A$lcc3396
     00000D0D  A$lcc3396 |    00000D0E  A$lcc3396 |    00000D10  A$lcc3396
     00000D11  A$lcc3396 |    00000D12  A$lcc3396 |    00000D13  A$lcc3396
     00000D15  A$lcc3396 |    00000D16  A$lcc3396 |    00000D17  A$lcc3396
     00000D18  A$lcc3396 |    00000D19  A$lcc3396 |    00000D1B  A$lcc3396
     00000D1D  A$lcc3396 |    00000D1F  A$lcc3396 |    00000D20  A$lcc3396
     00000D21  A$lcc3396 |    00000D22  A$lcc3396 |    00000D25  A$lcc3396
     00000D26  A$lcc3396 |    00000D27  A$lcc3396 |    00000D28  A$lcc3396
     00000D2A  A$lcc3396 |    00000D2C  A$lcc3396 |    00000D2E  A$lcc3396
     00000D30  A$lcc3396 |    00000D32  A$lcc3396 |    00000D34  A$lcc3396
     00000D34  C$main.c$ |    00000D36  A$lcc3396 |    00000D37  A$lcc3396
     00000D38  A$lcc3396 |    00000D39  A$lcc3396 |    00000D3C  A$lcc3396
     00000D3D  A$lcc3396 |    00000D3E  A$lcc3396 |    00000D3F  A$lcc3396
     00000D41  A$lcc3396 |    00000D42  A$lcc3396 |    00000D43  A$lcc3396
     00000D44  A$lcc3396 |    00000D46  A$lcc3396 |    00000D47  A$lcc3396
     00000D48  A$lcc3396 |    00000D49  A$lcc3396 |    00000D4A  A$lcc3396
     00000D4B  A$lcc3396 |    00000D4C  A$lcc3396 |    00000D4D  A$lcc3396
     00000D4E  A$lcc3396 |    00000D50  A$lcc3396 |    00000D52  A$lcc3396
     00000D53  A$lcc3396 |    00000D54  A$lcc3396 |    00000D55  A$lcc3396
     00000D56  A$lcc3396 |    00000D57  A$lcc3396 |    00000D58  A$lcc3396
     00000D5B  A$lcc3396 |    00000D5C  A$lcc3396 |    00000D5D  A$lcc3396
     00000D5E  A$lcc3396 |    00000D60  A$lcc3396 |    00000D61  A$lcc3396
     00000D62  A$lcc3396 |    00000D63  A$lcc3396 |    00000D65  A$lcc3396
     00000D66  A$lcc3396 |    00000D68  A$lcc3396 |    00000D69  A$lcc3396
     00000D6A  A$lcc3396 |    00000D6B  A$lcc3396 |    00000D6D  A$lcc3396
     00000D6F  A$lcc3396 |    00000D71  A$lcc3396 |    00000D73  A$lcc3396
     00000D75  A$lcc3396 |    00000D77  A$lcc3396 |    00000D77  C$main.c$
     00000D79  A$lcc3396 |    00000D7A  A$lcc3396 |    00000D7C  A$lcc3396
     00000D7D  A$lcc3396 |    00000D7F  A$lcc3396 |    00000D80  A$lcc3396
     00000D82  A$lcc3396 |    00000D83  A$lcc3396 |    00000D85  A$lcc3396
     00000D87  A$lcc3396 |    00000D89  A$lcc3396 |    00000D8A  A$lcc3396
     00000D8C  A$lcc3396 |    00000D8D  A$lcc3396 |    00000D8F  A$lcc3396
     00000D90  A$lcc3396 |    00000D91  A$lcc3396 |    00000D92  A$lcc3396
     00000D93  A$lcc3396 |    00000D94  A$lcc3396 |    00000D95  A$lcc3396
     00000D95  C$main.c$ |    00000D97  A$lcc3396 |    00000D98  A$lcc3396
     00000D99  A$lcc3396 |    00000D9A  A$lcc3396 |    00000D9B  A$lcc3396
     00000D9C  A$lcc3396 |    00000D9D  A$lcc3396 |    00000D9D  C$main.c$
ASxxxx Linker V03.00 + NoICE + sdld,  page 17.
Hexadecimal  [32-Bits]

Area                       Addr        Size        Decimal Bytes (Attributes)
--------------------       ----        ----        ------- ----- ------------
_CODE                  00000200    00002692 =        9874. bytes (REL,CON)

        Value  Global            Value  Global            Value  Global    
        -----  ------            -----  ------            -----  ------    
     00000DA0  A$lcc3396 |    00000DA1  A$lcc3396 |    00000DA2  A$lcc3396
     00000DA4  A$lcc3396 |    00000DA5  A$lcc3396 |    00000DA8  A$lcc3396
     00000DA9  A$lcc3396 |    00000DAA  A$lcc3396 |    00000DAB  A$lcc3396
     00000DAD  A$lcc3396 |    00000DAE  A$lcc3396 |    00000DAF  A$lcc3396
     00000DB1  A$lcc3396 |    00000DB2  A$lcc3396 |    00000DB3  A$lcc3396
     00000DB5  A$lcc3396 |    00000DB5  C$main.c$ |    00000DB8  A$lcc3396
     00000DB9  A$lcc3396 |    00000DBA  A$lcc3396 |    00000DBC  A$lcc3396
     00000DBC  C$main.c$ |    00000DBD  A$lcc3396 |    00000DBE  A$lcc3396
     00000DBE  C$main.c$ |    00000DC1  A$lcc3396 |    00000DC2  A$lcc3396
     00000DC4  A$lcc3396 |    00000DC4  C$main.c$ |    00000DC7  A$lcc3396
     00000DC7  C$main.c$ |    00000DCA  A$lcc3396 |    00000DCB  A$lcc3396
     00000DCE  A$lcc3396 |    00000DCF  A$lcc3396 |    00000DD2  A$lcc3396
     00000DD3  A$lcc3396 |    00000DD6  A$lcc3396 |    00000DD8  A$lcc3396
     00000DD8  C$main.c$ |    00000DDB  A$lcc3396 |    00000DDD  A$lcc3396
     00000DE0  A$lcc3396 |    00000DE1  A$lcc3396 |    00000DE2  A$lcc3396
     00000DE3  A$lcc3396 |    00000DE6  A$lcc3396 |    00000DE7  A$lcc3396
     00000DE8  A$lcc3396 |    00000DE9  A$lcc3396 |    00000DEA  A$lcc3396
     00000DEB  A$lcc3396 |    00000DEC  A$lcc3396 |    00000DEF  A$lcc3396
     00000DF0  A$lcc3396 |    00000DF0  C$main.c$ |    00000DF3  A$lcc3396
     00000DF3  C$main.c$ |    00000DF6  A$lcc3396 |    00000DF9  A$lcc3396
     00000DF9  C$main.c$ |    00000DFB  A$lcc3396 |    00000DFC  A$lcc3396
     00000DFE  A$lcc3396 |    00000E00  A$lcc3396 |    00000E01  A$lcc3396
     00000E03  A$lcc3396 |    00000E05  A$lcc3396 |    00000E05  C$main.c$
     00000E08  A$lcc3396 |    00000E09  A$lcc3396 |    00000E0A  A$lcc3396
     00000E0C  A$lcc3396 |    00000E0C  C$main.c$ |    00000E0D  A$lcc3396
     00000E0E  A$lcc3396 |    00000E0E  C$main.c$ |    00000E11  A$lcc3396
     00000E12  A$lcc3396 |    00000E14  A$lcc3396 |    00000E14  C$main.c$
     00000E17  A$lcc3396 |    00000E17  C$main.c$ |    00000E1A  A$lcc3396
     00000E1B  A$lcc3396 |    00000E1E  A$lcc3396 |    00000E1F  A$lcc3396
     00000E22  A$lcc3396 |    00000E23  A$lcc3396 |    00000E26  A$lcc3396
     00000E28  A$lcc3396 |    00000E28  C$main.c$ |    00000E2B  A$lcc3396
     00000E2D  A$lcc3396 |    00000E30  A$lcc3396 |    00000E31  A$lcc3396
     00000E32  A$lcc3396 |    00000E33  A$lcc3396 |    00000E36  A$lcc3396
     00000E37  A$lcc3396 |    00000E38  A$lcc3396 |    00000E39  A$lcc3396
     00000E3A  A$lcc3396 |    00000E3B  A$lcc3396 |    00000E3C  A$lcc3396
     00000E3F  A$lcc3396 |    00000E40  A$lcc3396 |    00000E40  C$main.c$
     00000E43  A$lcc3396 |    00000E43  C$main.c$ |    00000E46  A$lcc3396
     00000E49  A$lcc3396 |    00000E49  C$main.c$ |    00000E4B  A$lcc3396
     00000E4C  A$lcc3396 |    00000E4E  A$lcc3396 |    00000E50  A$lcc3396
     00000E51  A$lcc3396 |    00000E53  A$lcc3396 |    00000E55  A$lcc3396
     00000E55  C$main.c$ |    00000E58  A$lcc3396 |    00000E59  A$lcc3396
     00000E5A  A$lcc3396 |    00000E5C  A$lcc3396 |    00000E5C  C$main.c$
     00000E5D  A$lcc3396 |    00000E5E  A$lcc3396 |    00000E5E  C$main.c$
     00000E61  A$lcc3396 |    00000E62  A$lcc3396 |    00000E64  A$lcc3396
     00000E64  C$main.c$ |    00000E67  A$lcc3396 |    00000E67  C$main.c$
     00000E6A  A$lcc3396 |    00000E6B  A$lcc3396 |    00000E6E  A$lcc3396
     00000E6F  A$lcc3396 |    00000E72  A$lcc3396 |    00000E73  A$lcc3396
     00000E76  A$lcc3396 |    00000E78  A$lcc3396 |    00000E78  C$main.c$
     00000E7B  A$lcc3396 |    00000E7D  A$lcc3396 |    00000E80  A$lcc3396
     00000E81  A$lcc3396 |    00000E82  A$lcc3396 |    00000E83  A$lcc3396
     00000E86  A$lcc3396 |    00000E87  A$lcc3396 |    00000E88  A$lcc3396
ASxxxx Linker V03.00 + NoICE + sdld,  page 18.
Hexadecimal  [32-Bits]

Area                       Addr        Size        Decimal Bytes (Attributes)
--------------------       ----        ----        ------- ----- ------------
_CODE                  00000200    00002692 =        9874. bytes (REL,CON)

        Value  Global            Value  Global            Value  Global    
        -----  ------            -----  ------            -----  ------    
     00000E89  A$lcc3396 |    00000E8A  A$lcc3396 |    00000E8B  A$lcc3396
     00000E8C  A$lcc3396 |    00000E8F  A$lcc3396 |    00000E90  A$lcc3396
     00000E90  C$main.c$ |    00000E93  A$lcc3396 |    00000E93  C$main.c$
     00000E96  A$lcc3396 |    00000E99  A$lcc3396 |    00000E99  C$main.c$
     00000E9B  A$lcc3396 |    00000E9C  A$lcc3396 |    00000E9E  A$lcc3396
     00000EA0  A$lcc3396 |    00000EA1  A$lcc3396 |    00000EA3  A$lcc3396
     00000EA5  A$lcc3396 |    00000EA5  C$main.c$ |    00000EA8  A$lcc3396
     00000EA9  A$lcc3396 |    00000EAA  A$lcc3396 |    00000EAC  A$lcc3396
     00000EAC  C$main.c$ |    00000EAD  A$lcc3396 |    00000EAE  A$lcc3396
     00000EAE  C$main.c$ |    00000EB1  A$lcc3396 |    00000EB2  A$lcc3396
     00000EB4  A$lcc3396 |    00000EB4  C$main.c$ |    00000EB7  A$lcc3396
     00000EB7  C$main.c$ |    00000EBA  A$lcc3396 |    00000EBB  A$lcc3396
     00000EBE  A$lcc3396 |    00000EBF  A$lcc3396 |    00000EC2  A$lcc3396
     00000EC3  A$lcc3396 |    00000EC6  A$lcc3396 |    00000EC8  A$lcc3396
     00000EC8  C$main.c$ |    00000ECB  A$lcc3396 |    00000ECD  A$lcc3396
     00000ED0  A$lcc3396 |    00000ED1  A$lcc3396 |    00000ED2  A$lcc3396
     00000ED3  A$lcc3396 |    00000ED6  A$lcc3396 |    00000ED7  A$lcc3396
     00000ED8  A$lcc3396 |    00000ED9  A$lcc3396 |    00000EDA  A$lcc3396
     00000EDB  A$lcc3396 |    00000EDC  A$lcc3396 |    00000EDF  A$lcc3396
     00000EE0  A$lcc3396 |    00000EE0  C$main.c$ |    00000EE2  A$lcc3396
     00000EE2  C$main.c$ |    00000EE5  A$lcc3396 |    00000EE7  A$lcc3396
     00000EE7  C$main.c$ |    00000EE9  A$lcc3396 |    00000EEA  A$lcc3396
     00000EEC  A$lcc3396 |    00000EEE  A$lcc3396 |    00000EEF  A$lcc3396
     00000EF1  A$lcc3396 |    00000EF3  A$lcc3396 |    00000EF3  C$main.c$
     00000EF6  A$lcc3396 |    00000EF7  A$lcc3396 |    00000EF8  A$lcc3396
     00000EFA  A$lcc3396 |    00000EFA  C$main.c$ |    00000EFB  A$lcc3396
     00000EFC  A$lcc3396 |    00000EFC  C$main.c$ |    00000EFF  A$lcc3396
     00000F00  A$lcc3396 |    00000F02  A$lcc3396 |    00000F02  C$main.c$
     00000F05  A$lcc3396 |    00000F05  C$main.c$ |    00000F08  A$lcc3396
     00000F09  A$lcc3396 |    00000F0C  A$lcc3396 |    00000F0D  A$lcc3396
     00000F10  A$lcc3396 |    00000F11  A$lcc3396 |    00000F14  A$lcc3396
     00000F16  A$lcc3396 |    00000F16  C$main.c$ |    00000F19  A$lcc3396
     00000F1B  A$lcc3396 |    00000F1E  A$lcc3396 |    00000F1F  A$lcc3396
     00000F20  A$lcc3396 |    00000F21  A$lcc3396 |    00000F24  A$lcc3396
     00000F25  A$lcc3396 |    00000F26  A$lcc3396 |    00000F27  A$lcc3396
     00000F28  A$lcc3396 |    00000F29  A$lcc3396 |    00000F2A  A$lcc3396
     00000F2D  A$lcc3396 |    00000F2E  A$lcc3396 |    00000F2E  C$main.c$
     00000F30  A$lcc3396 |    00000F30  C$main.c$ |    00000F33  A$lcc3396
     00000F35  A$lcc3396 |    00000F35  C$main.c$ |    00000F38  A$lcc3396
     00000F3A  A$lcc3396 |    00000F3A  C$main.c$ |    00000F3A  XG$win_ch
     00000F3B  A$lcc3396 |    00000F3B  C$main.c$ |    00000F3B  G$collide
     00000F3B  _collide_ |    00000F3D  A$lcc3396 |    00000F3D  C$main.c$
     00000F40  A$lcc3396 |    00000F41  A$lcc3396 |    00000F42  A$lcc3396
     00000F44  A$lcc3396 |    00000F46  A$lcc3396 |    00000F46  C$main.c$
     00000F47  A$lcc3396 |    00000F48  A$lcc3396 |    00000F4A  A$lcc3396
     00000F4A  C$main.c$ |    00000F4A  C$main.c$ |    00000F4B  A$lcc3396
     00000F4C  A$lcc3396 |    00000F4F  A$lcc3396 |    00000F51  A$lcc3396
     00000F52  A$lcc3396 |    00000F54  A$lcc3396 |    00000F55  A$lcc3396
     00000F55  C$main.c$ |    00000F57  A$lcc3396 |    00000F58  A$lcc3396
     00000F59  A$lcc3396 |    00000F5B  A$lcc3396 |    00000F5E  A$lcc3396
     00000F5F  A$lcc3396 |    00000F60  A$lcc3396 |    00000F61  A$lcc3396
ASxxxx Linker V03.00 + NoICE + sdld,  page 19.
Hexadecimal  [32-Bits]

Area                       Addr        Size        Decimal Bytes (Attributes)
--------------------       ----        ----        ------- ----- ------------
_CODE                  00000200    00002692 =        9874. bytes (REL,CON)

        Value  Global            Value  Global            Value  Global    
        -----  ------            -----  ------            -----  ------    
     00000F64  A$lcc3396 |    00000F65  A$lcc3396 |    00000F66  A$lcc3396
     00000F67  A$lcc3396 |    00000F69  A$lcc3396 |    00000F6A  A$lcc3396
     00000F6B  A$lcc3396 |    00000F6C  A$lcc3396 |    00000F6E  A$lcc3396
     00000F6F  A$lcc3396 |    00000F71  A$lcc3396 |    00000F72  A$lcc3396
     00000F74  A$lcc3396 |    00000F75  A$lcc3396 |    00000F77  A$lcc3396
     00000F79  A$lcc3396 |    00000F7A  A$lcc3396 |    00000F7C  A$lcc3396
     00000F7D  A$lcc3396 |    00000F7E  A$lcc3396 |    00000F7F  A$lcc3396
     00000F82  A$lcc3396 |    00000F83  A$lcc3396 |    00000F84  A$lcc3396
     00000F85  A$lcc3396 |    00000F86  A$lcc3396 |    00000F87  A$lcc3396
     00000F88  A$lcc3396 |    00000F89  A$lcc3396 |    00000F8A  A$lcc3396
     00000F8D  A$lcc3396 |    00000F8E  A$lcc3396 |    00000F8F  A$lcc3396
     00000F90  A$lcc3396 |    00000F92  A$lcc3396 |    00000F93  A$lcc3396
     00000F94  A$lcc3396 |    00000F96  A$lcc3396 |    00000F97  A$lcc3396
     00000F98  A$lcc3396 |    00000F99  A$lcc3396 |    00000F9B  A$lcc3396
     00000F9C  A$lcc3396 |    00000F9D  A$lcc3396 |    00000F9E  A$lcc3396
     00000F9F  A$lcc3396 |    00000FA1  A$lcc3396 |    00000FA2  A$lcc3396
     00000FA3  A$lcc3396 |    00000FA4  A$lcc3396 |    00000FA5  A$lcc3396
     00000FA6  A$lcc3396 |    00000FA8  A$lcc3396 |    00000FA9  A$lcc3396
     00000FAA  A$lcc3396 |    00000FAB  A$lcc3396 |    00000FAC  A$lcc3396
     00000FAD  A$lcc3396 |    00000FAF  A$lcc3396 |    00000FB0  A$lcc3396
     00000FB1  A$lcc3396 |    00000FB2  A$lcc3396 |    00000FB4  A$lcc3396
     00000FB5  A$lcc3396 |    00000FB6  A$lcc3396 |    00000FB7  A$lcc3396
     00000FBA  A$lcc3396 |    00000FBB  A$lcc3396 |    00000FBD  A$lcc3396
     00000FBD  C$main.c$ |    00000FC0  A$lcc3396 |    00000FC2  A$lcc3396
     00000FC2  C$main.c$ |    00000FC5  A$lcc3396 |    00000FC7  A$lcc3396
     00000FC7  C$main.c$ |    00000FCA  A$lcc3396 |    00000FCC  A$lcc3396
     00000FCF  A$lcc3396 |    00000FD0  A$lcc3396 |    00000FD1  A$lcc3396
     00000FD2  A$lcc3396 |    00000FD5  A$lcc3396 |    00000FD6  A$lcc3396
     00000FD7  A$lcc3396 |    00000FD8  A$lcc3396 |    00000FDA  A$lcc3396
     00000FDB  A$lcc3396 |    00000FDC  A$lcc3396 |    00000FDF  A$lcc3396
     00000FE0  A$lcc3396 |    00000FE0  C$main.c$ |    00000FE2  A$lcc3396
     00000FE2  C$main.c$ |    00000FE2  XG$collid |    00000FE3  A$lcc3396
     00000FE3  C$main.c$ |    00000FE3  G$collide |    00000FE3  _collide_
     00000FE5  A$lcc3396 |    00000FE7  A$lcc3396 |    00000FE8  A$lcc3396
     00000FE9  A$lcc3396 |    00000FE9  C$main.c$ |    00000FEC  A$lcc3396
     00000FED  A$lcc3396 |    00000FEE  A$lcc3396 |    00000FF0  A$lcc3396
     00000FF1  A$lcc3396 |    00000FF2  A$lcc3396 |    00000FF3  A$lcc3396
     00000FF4  A$lcc3396 |    00000FF6  A$lcc3396 |    00000FF8  A$lcc3396
     00000FF8  C$main.c$ |    00000FFA  A$lcc3396 |    00000FFC  A$lcc3396
     00000FFC  C$main.c$ |    00000FFE  A$lcc3396 |    00001000  A$lcc3396
     00001002  A$lcc3396 |    00001002  C$main.c$ |    00001004  A$lcc3396
     00001006  A$lcc3396 |    00001006  C$main.c$ |    00001008  A$lcc3396
     0000100A  A$lcc3396 |    0000100A  C$main.c$ |    0000100C  A$lcc3396
     0000100D  A$lcc3396 |    0000100E  A$lcc3396 |    0000100F  A$lcc3396
     00001010  A$lcc3396 |    00001011  A$lcc3396 |    00001012  A$lcc3396
     00001013  A$lcc3396 |    00001016  A$lcc3396 |    00001017  A$lcc3396
     00001018  A$lcc3396 |    00001019  A$lcc3396 |    0000101B  A$lcc3396
     0000101C  A$lcc3396 |    0000101D  A$lcc3396 |    0000101E  A$lcc3396
     00001020  A$lcc3396 |    00001021  A$lcc3396 |    00001022  A$lcc3396
     00001023  A$lcc3396 |    00001024  A$lcc3396 |    00001026  A$lcc3396
     00001028  A$lcc3396 |    00001029  A$lcc3396 |    0000102A  A$lcc3396
ASxxxx Linker V03.00 + NoICE + sdld,  page 20.
Hexadecimal  [32-Bits]

Area                       Addr        Size        Decimal Bytes (Attributes)
--------------------       ----        ----        ------- ----- ------------
_CODE                  00000200    00002692 =        9874. bytes (REL,CON)

        Value  Global            Value  Global            Value  Global    
        -----  ------            -----  ------            -----  ------    
     0000102B  A$lcc3396 |    0000102C  A$lcc3396 |    0000102D  A$lcc3396
     0000102E  A$lcc3396 |    00001031  A$lcc3396 |    00001032  A$lcc3396
     00001033  A$lcc3396 |    00001034  A$lcc3396 |    00001036  A$lcc3396
     00001038  A$lcc3396 |    0000103A  A$lcc3396 |    0000103C  A$lcc3396
     0000103E  A$lcc3396 |    00001040  A$lcc3396 |    00001040  C$main.c$
     00001043  A$lcc3396 |    00001044  A$lcc3396 |    00001045  A$lcc3396
     00001046  A$lcc3396 |    00001047  A$lcc3396 |    00001048  A$lcc3396
     00001049  A$lcc3396 |    0000104A  A$lcc3396 |    0000104B  A$lcc3396
     0000104B  C$main.c$ |    0000104C  A$lcc3396 |    0000104E  A$lcc3396
     0000104F  A$lcc3396 |    00001051  A$lcc3396 |    00001052  A$lcc3396
     00001054  A$lcc3396 |    00001054  C$main.c$ |    00001055  A$lcc3396
     00001056  A$lcc3396 |    00001058  A$lcc3396 |    00001059  A$lcc3396
     0000105B  A$lcc3396 |    0000105D  A$lcc3396 |    0000105E  A$lcc3396
     00001060  A$lcc3396 |    00001062  A$lcc3396 |    00001063  A$lcc3396
     00001064  A$lcc3396 |    00001065  A$lcc3396 |    00001066  A$lcc3396
     00001067  A$lcc3396 |    00001068  A$lcc3396 |    0000106A  A$lcc3396
     0000106B  A$lcc3396 |    0000106D  A$lcc3396 |    0000106E  A$lcc3396
     0000106F  A$lcc3396 |    00001070  A$lcc3396 |    00001071  A$lcc3396
     00001072  A$lcc3396 |    00001073  A$lcc3396 |    00001074  A$lcc3396
     00001075  A$lcc3396 |    00001076  A$lcc3396 |    00001077  A$lcc3396
     00001079  A$lcc3396 |    0000107A  A$lcc3396 |    0000107C  A$lcc3396
     0000107D  A$lcc3396 |    0000107F  A$lcc3396 |    00001080  A$lcc3396
     00001082  A$lcc3396 |    00001083  A$lcc3396 |    00001085  A$lcc3396
     00001087  A$lcc3396 |    00001089  A$lcc3396 |    0000108A  A$lcc3396
     0000108B  A$lcc3396 |    0000108E  A$lcc3396 |    0000108F  A$lcc3396
[...]
--------------------       ----        ----        ------- ----- ------------
_HEADER2               00000000    00000007 =           7. bytes (ABS,CON)

        Value  Global            Value  Global            Value  Global    
        -----  ------            -----  ------            -----  ------    
     00000030  .MemcpySm
ASxxxx Linker V03.00 + NoICE + sdld,  page 32.
Hexadecimal  [32-Bits]

Area                       Addr        Size        Decimal Bytes (Attributes)
--------------------       ----        ----        ------- ----- ------------
_HEADER3               00000000    00000008 =           8. bytes (ABS,CON)

        Value  Global            Value  Global            Value  Global    
        -----  ------            -----  ------            -----  ------    
ASxxxx Linker V03.00 + NoICE + sdld,  page 33.
Hexadecimal  [32-Bits]

Area                       Addr        Size        Decimal Bytes (Attributes)
--------------------       ----        ----        ------- ----- ------------
_HEADER4               00000000    0000004C =          76. bytes (ABS,CON)

        Value  Global            Value  Global            Value  Global    
        -----  ------            -----  ------            -----  ------    
     00000080  .int      |    0000008F  _wait_int |    0000009C  __standar
     000000AC  _refresh_
ASxxxx Linker V03.00 + NoICE + sdld,  page 34.
Hexadecimal  [32-Bits]

Area                       Addr        Size        Decimal Bytes (Attributes)
--------------------       ----        ----        ------- ----- ------------
_HEADER5               00000000    00000002 =           2. bytes (ABS,CON)

        Value  Global            Value  Global            Value  Global    
        -----  ------            -----  ------            -----  ------    
ASxxxx Linker V03.00 + NoICE + sdld,  page 35.
Hexadecimal  [32-Bits]

Area                       Addr        Size        Decimal Bytes (Attributes)
--------------------       ----        ----        ------- ----- ------------
_HEADER6               00000000    00000030 =          48. bytes (ABS,CON)

        Value  Global            Value  Global            Value  Global    
        -----  ------            -----  ------            -----  ------    
ASxxxx Linker V03.00 + NoICE + sdld,  page 36.
Hexadecimal  [32-Bits]

Area                       Addr        Size        Decimal Bytes (Attributes)
--------------------       ----        ----        ------- ----- ------------
_HEADER7               00000000    00000006 =           6. bytes (ABS,CON)

        Value  Global            Value  Global            Value  Global    
        -----  ------            -----  ------            -----  ------    
ASxxxx Linker V03.00 + NoICE + sdld,  page 37.
Hexadecimal  [32-Bits]

Area                       Addr        Size        Decimal Bytes (Attributes)
--------------------       ----        ----        ------- ----- ------------
_HEADER8               00000000    00000003 =           3. bytes (ABS,CON)

        Value  Global            Value  Global            Value  Global    
        -----  ------            -----  ------            -----  ------    
ASxxxx Linker V03.00 + NoICE + sdld,  page 38.
Hexadecimal  [32-Bits]

Area                       Addr        Size        Decimal Bytes (Attributes)
--------------------       ----        ----        ------- ----- ------------
_HEADER9               00000000    00000001 =           1. bytes (ABS,CON)

        Value  Global            Value  Global            Value  Global    
        -----  ------            -----  ------            -----  ------    
ASxxxx Linker V03.00 + NoICE + sdld,  page 39.
Hexadecimal  [32-Bits]

Area                       Addr        Size        Decimal Bytes (Attributes)
--------------------       ----        ----        ------- ----- ------------
_HEADERa               00000000    00000001 =           1. bytes (ABS,CON)

        Value  Global            Value  Global            Value  Global    
        -----  ------            -----  ------            -----  ------    
ASxxxx Linker V03.00 + NoICE + sdld,  page 40.
Hexadecimal  [32-Bits]

Area                       Addr        Size        Decimal Bytes (Attributes)
--------------------       ----        ----        ------- ----- ------------
_HEADERb               00000000    00000001 =           1. bytes (ABS,CON)

        Value  Global            Value  Global            Value  Global    
        -----  ------            -----  ------            -----  ------    
ASxxxx Linker V03.00 + NoICE + sdld,  page 41.
Hexadecimal  [32-Bits]

Area                       Addr        Size        Decimal Bytes (Attributes)
--------------------       ----        ----        ------- ----- ------------
_HEADERc               00000000    00000002 =           2. bytes (ABS,CON)

        Value  Global            Value  Global            Value  Global    
        -----  ------            -----  ------            -----  ------    
ASxxxx Linker V03.00 + NoICE + sdld,  page 42.
Hexadecimal  [32-Bits]

Area                       Addr        Size        Decimal Bytes (Attributes)
--------------------       ----        ----        ------- ----- ------------
_HEADERd               00000000    00000001 =           1. bytes (ABS,CON)

        Value  Global            Value  Global            Value  Global    
        -----  ------            -----  ------            -----  ------    
ASxxxx Linker V03.00 + NoICE + sdld,  page 43.
Hexadecimal  [32-Bits]

Area                       Addr        Size        Decimal Bytes (Attributes)
--------------------       ----        ----        ------- ----- ------------
_HEADERe               00000000    00000001 =           1. bytes (ABS,CON)

        Value  Global            Value  Global            Value  Global    
        -----  ------            -----  ------            -----  ------    
ASxxxx Linker V03.00 + NoICE + sdld,  page 44.
Hexadecimal  [32-Bits]

Area                       Addr        Size        Decimal Bytes (Attributes)
--------------------       ----        ----        ------- ----- ------------
_HEADERf               00000000    00000002 =           2. bytes (ABS,CON)

        Value  Global            Value  Global            Value  Global    
        -----  ------            -----  ------            -----  ------    
ASxxxx Linker V03.00 + NoICE + sdld,  page 45.
Hexadecimal  [32-Bits]

Area                       Addr        Size        Decimal Bytes (Attributes)
--------------------       ----        ----        ------- ----- ------------
_HEADER10              00000000    00000084 =         132. bytes (ABS,CON)

        Value  Global            Value  Global            Value  Global    
        -----  ------            -----  ------            -----  ------    
     00000150  .reset    |    00000150  _reset    |    00000157  .code_sta
     000001B9  _exit     |    000001BD  _set_inte
ASxxxx Linker V03.00 + NoICE + sdld,  page 46.
Hexadecimal  [32-Bits]

Area                       Addr        Size        Decimal Bytes (Attributes)
--------------------       ----        ----        ------- ----- ------------
_HEADER11              00000000    00000001 =           1. bytes (ABS,CON)

        Value  Global            Value  Global            Value  Global    
        -----  ------            -----  ------            -----  ------    
ASxxxx Linker V03.00 + NoICE + sdld,  page 47.
Hexadecimal  [32-Bits]

Area                       Addr        Size        Decimal Bytes (Attributes)
--------------------       ----        ----        ------- ----- ------------
_HOME                  00002892    00000275 =         629. bytes (REL,CON)

        Value  Global            Value  Global            Value  Global    
        -----  ------            -----  ------            -----  ------    
     00002892  .memset_s |    0000289B  .memcpy_s |    000028B8  .remove_V
     000028BB  .remove_i |    000028D8  .add_VBL  |    000028DB  .add_int 
     000028E6  .wait_vbl |    000028E6  _wait_vbl |    000028F6  .display_
     000028F6  _display_ |    0000290E  _remove_V |    00002919  _add_VBL 
     00002924  _set_tile |    00002929  _set_bkg_ |    00002929  _set_win_
     00002931  _set_spri |    00002961  .padup    |    00002961  _waitpadu
     00002971  .jpad     |    00002971  _joypad   |    00002999  _waitpad 
     0000299A  .wait_pad |    000029A1  ___sdcc_c |    000029D1  _add_LCD 
     000029DC  .add_LCD  |    000029E2  _remove_L |    000029ED  .remove_L
     000029F3  _set_bkg_ |    00002A07  _uitoa    |    00002A16  _itoa    
     00002A25  .itoa     |    00002A39  .utoa     |    00002AAD  .set_xy_w
     00002AB6  .set_xy_b |    00002AC5  .set_xy_t
ASxxxx Linker V03.00 + NoICE + sdld,  page 48.
Hexadecimal  [32-Bits]

Area                       Addr        Size        Decimal Bytes (Attributes)
--------------------       ----        ----        ------- ----- ------------
_CODE_0                00002B07    00000440 =        1088. bytes (REL,CON)

        Value  Global            Value  Global            Value  Global    
        -----  ------            -----  ------            -----  ------    
     00002B07  G$FONT$0_ |    00002B07  _FONT    
ASxxxx Linker V03.00 + NoICE + sdld,  page 49.
Hexadecimal  [32-Bits]

Area                       Addr        Size        Decimal Bytes (Attributes)
--------------------       ----        ----        ------- ----- ------------
_INITIALIZER           00002F47    00000051 =          81. bytes (REL,CON)

        Value  Global            Value  Global            Value  Global    
        -----  ------            -----  ------            -----  ------    
     00002F47  Fmain$__x |    00002F6B  Fmain$__x |    00002F6E  Fmain$__x
     00002F72  Fmain$__x |    00002F76  Fmain$__x |    00002F7D  Fmain$__x
     00002F7E  Fmain$__x |    00002F83  Fmain$__x |    00002F88  Fmain$__x
     00002F8F  Fmain$__x |    00002F95  Fmain$__x
ASxxxx Linker V03.00 + NoICE + sdld,  page 50.
Hexadecimal  [32-Bits]

Area                       Addr        Size        Decimal Bytes (Attributes)
--------------------       ----        ----        ------- ----- ------------
_GSINIT                00002F98    0000000C =          12. bytes (REL,CON)

        Value  Global            Value  Global            Value  Global    
        -----  ------            -----  ------            -----  ------    
     00002F98  gsinit   
ASxxxx Linker V03.00 + NoICE + sdld,  page 51.
Hexadecimal  [32-Bits]

Area                       Addr        Size        Decimal Bytes (Attributes)
--------------------       ----        ----        ------- ----- ------------
_GSFINAL               00002FA4    00000001 =           1. bytes (REL,CON)

        Value  Global            Value  Global            Value  Global    
        -----  ------            -----  ------            -----  ------    
ASxxxx Linker V03.00 + NoICE + sdld,  page 52.
Hexadecimal  [32-Bits]

Area                       Addr        Size        Decimal Bytes (Attributes)
--------------------       ----        ----        ------- ----- ------------
_DATA                  0000C0A0    0000007C =         124. bytes (REL,CON)

        Value  Global            Value  Global            Value  Global    
        -----  ------            -----  ------            -----  ------    
     0000C0A0  __cpu     |    0000C0A1  __is_GBA  |    0000C0A2  .mode    
     0000C0A3  .sys_time |    0000C0A3  _sys_time |    0000C0A5  .int_0x40
     0000C0B1  G$scroll$ |    0000C0B1  _scroll   |    0000C0BB  G$PLAYER$
     0000C0BB  _PLAYER   |    0000C0C3  G$LOG_FRO |    0000C0C3  _LOG_FROG
     0000C0CB  G$FLY$0_0 |    0000C0CB  _FLY      |    0000C0D3  G$joy$0_0
     0000C0D3  _joy      |    0000C0D4  G$last_jo |    0000C0D4  _last_joy
     0000C0D5  G$is_movi |    0000C0D5  _is_movin |    0000C0D6  G$is_anim
     0000C0D6  _is_anima |    0000C0D7  G$is_dyin |    0000C0D7  _is_dying
     0000C0D8  G$turtles |    0000C0D8  _turtles_ |    0000C0D9  G$move_x$
     0000C0D9  _move_x   |    0000C0DA  G$move_y$ |    0000C0DA  _move_y  
     0000C0DB  G$scx_cou |    0000C0DB  _scx_coun |    0000C0DC  G$turtle_
     0000C0DC  _turtle_c |    0000C0DD  G$dive_co |    0000C0DD  _dive_cou
     0000C0DE  G$timer$0 |    0000C0DE  _timer    |    0000C0E0  G$timer_t
     0000C0E0  _timer_ti |    0000C0E1  G$pause_t |    0000C0E1  _pause_ti
     0000C0E2  G$flash$0 |    0000C0E2  _flash    |    0000C0E3  G$GAMESTA
     0000C0E3  _GAMESTAT |    0000C0E4  G$TIMERST |    0000C0E4  _TIMERSTA
     0000C0E5  G$turtle_ |    0000C0E5  _turtle_t |    0000C0E6  G$dive_ti
     0000C0E6  _dive_til |    0000C0E7  G$cave$0_ |    0000C0E7  _cave    
     0000C0EC  G$y_min$0 |    0000C0EC  _y_min    |    0000C0ED  G$vram_ad
     0000C0ED  _vram_add |    0000C0EF  G$score$0 |    0000C0EF  _score   
     0000C0F1  G$score_b |    0000C0F1  _score_bu |    0000C0F6  G$current
     0000C0F6  _current_ |    0000C0F7  G$level_b |    0000C0F7  _level_bu
     0000C10F  G$animati |    0000C10F  _animatio |    0000C110  G$death_a
     0000C110  _death_an |    0000C111  ___curren |    0000C113  ___curren
     0000C114  .int_0x48
ASxxxx Linker V03.00 + NoICE + sdld,  page 53.
Hexadecimal  [32-Bits]

Area                       Addr        Size        Decimal Bytes (Attributes)
--------------------       ----        ----        ------- ----- ------------
_INITIALIZED           0000C11C    00000051 =          81. bytes (REL,CON)

        Value  Global            Value  Global            Value  Global    
        -----  ------            -----  ------            -----  ------    
     0000C11C  G$scroll_ |    0000C11C  _scroll_r |    0000C140  G$turtle_
     0000C140  _turtle_d |    0000C143  G$turtle_ |    0000C143  _turtle_d
     0000C147  G$turtle_ |    0000C147  _turtle_t |    0000C14B  G$dive_ti
     0000C14B  _dive_til |    0000C152  G$lives$0 |    0000C152  _lives   
     0000C153  G$PLAYER1 |    0000C153  _PLAYER1U |    0000C158  G$PLAYER2
     0000C158  _PLAYER2U |    0000C15D  G$level_t |    0000C15D  _level_te
     0000C164  G$pause_t |    0000C164  _pause_te |    0000C16A  G$death_a
     0000C16A  _death_an |    0000C16B  ___render |    0000C16C  __map_til
ASxxxx Linker V03.00 + NoICE + sdld,  page 54.
Hexadecimal  [32-Bits]

Area                       Addr        Size        Decimal Bytes (Attributes)
--------------------       ----        ----        ------- ----- ------------
_HRAM12                00000000    00000003 =           3. bytes (ABS,CON)

        Value  Global            Value  Global            Value  Global    
        -----  ------            -----  ------            -----  ------    
     0000FF90  __current |    0000FF92  __shadow_
ASxxxx Linker V03.00 + NoICE + sdld,  page 55.
Hexadecimal  [32-Bits]

Area                       Addr        Size        Decimal Bytes (Attributes)
--------------------       ----        ----        ------- ----- ------------
_CODE_1                00014000    00000426 =        1062. bytes (REL,CON)

        Value  Global            Value  Global            Value  Global    
        -----  ------            -----  ------            -----  ------    
     00014000  C$fly.c$9 |    00014000  G$__func_ |    00014000  G$fly_pal
     00014000  ___func_f |    00014000  _fly_pale |    00014008  G$fly_til
     00014008  _fly_tile |    00014048  G$fly_met |    00014048  _fly_meta
     00014054  G$fly_met |    00014054  _fly_meta |    00014056  C$frogger
     00014056  G$__func_ |    00014056  G$frogger |    00014056  ___func_f
     00014056  _frogger_ |    00014060  G$frogger |    00014060  _frogger_
     000142A0  G$frogger |    000142A0  _frogger_ |    000142AC  G$frogger
     000142AC  _frogger_ |    000142B8  G$frogger |    000142B8  _frogger_
     000142C4  G$frogger |    000142C4  _frogger_ |    000142D0  G$frogger
     000142D0  _frogger_ |    000142DC  G$frogger |    000142DC  _frogger_
     000142E8  G$frogger |    000142E8  _frogger_ |    000142F4  G$frogger
     000142F4  _frogger_ |    00014300  G$frogger |    00014300  _frogger_
     0001430C  G$frogger |    0001430C  _frogger_ |    0001431E  G$frogger
     0001431E  _frogger_ |    00014332  G$frogger |    00014332  _frogger_
     00014346  G$frogger |    00014346  _frogger_ |    00014378  C$frogger
     00014378  G$__func_ |    00014378  G$frogger |    00014378  ___func_f
     00014378  _frogger_ |    00014380  G$frogger |    00014380  _frogger_
     000143C0  G$frogger |    000143C0  _frogger_ |    000143CC  G$frogger
     000143CC  _frogger_ |    000143CE  C$log_fro |    000143CE  G$__func_
     000143CE  G$log_fro |    000143CE  ___func_l |    000143CE  _log_frog
     000143D8  G$log_fro |    000143D8  _log_frog |    00014418  G$log_fro
     00014418  _log_frog |    00014424  G$log_fro |    00014424  _log_frog
ASxxxx Linker V03.00 + NoICE + sdld,  page 56.
Hexadecimal  [32-Bits]

Area                       Addr        Size        Decimal Bytes (Attributes)
--------------------       ----        ----        ------- ----- ------------
_HEADER_LCD0           00000000    00000003 =           3. bytes (ABS,CON)

        Value  Global            Value  Global            Value  Global    
        -----  ------            -----  ------            -----  ------    
ASxxxx Linker V03.00 + NoICE + sdld,  page 57.

Files Linked                              [ module(s) ]

C:\c_code\gbdk\lib/gb/crt0.o              [ Runtime ]
C:\Users\EMART~1\AppData\Local\Temp/lcc33960.rel
                                          [ main ]
C:\Users\EMART~1\AppData\Local\Temp/lcc33961.rel
                                          [ bkg_map ]
C:\Users\EMART~1\AppData\Local\Temp/lcc33962.rel
                                          [ bkg_tiles ]
C:\Users\EMART~1\AppData\Local\Temp/lcc33963.rel
                                          [ collision_map ]
C:\Users\EMART~1\AppData\Local\Temp/lcc33964.rel
                                          [ fly ]
C:\Users\EMART~1\AppData\Local\Temp/lcc33965.rel
                                          [ font ]
C:\Users\EMART~1\AppData\Local\Temp/lcc33966.rel
                                          [ frog_lives ]
C:\Users\EMART~1\AppData\Local\Temp/lcc33967.rel
                                          [ frogger ]
C:\Users\EMART~1\AppData\Local\Temp/lcc33968.rel
                                          [ frogger_16 ]
C:\Users\EMART~1\AppData\Local\Temp/lcc33969.rel
                                          [ log_frog ]
C:\Users\EMART~1\AppData\Local\Temp/lcc339610.rel
                                          [ reset_timer ]
C:\Users\EMART~1\AppData\Local\Temp/lcc339611.rel
                                          [ win_frog ]


Libraries Linked                          [ object file ]

C:\c_code\gbdk\lib/gb/gb.lib              [ sfr.o ]
C:\c_code\gbdk\lib/gb/gb.lib              [ get_tile.o ]
C:\c_code\gbdk\lib/gb/gb.lib              [ set_tile.o ]
C:\c_code\gbdk\lib/gb/gb.lib              [ metasprites_hide.o ]
C:\c_code\gbdk\lib/gb/gb.lib              [ set_data.o ]
C:\c_code\gbdk\lib/gb/gb.lib              [ metasprites_flip.o ]
C:\c_code\gbdk\lib/sm83/sm83.lib          [ sprintf.o ]
C:\c_code\gbdk\lib/gb/gb.lib              [ pad.o ]
C:\c_code\gbdk\lib/gb/gb.lib              [ metasprites.o ]
C:\c_code\gbdk\lib/sm83/sm83.lib          [ __sdcc_call_hl.o ]
C:\c_code\gbdk\lib/gb/gb.lib              [ lcd.o ]
C:\c_code\gbdk\lib/gb/gb.lib              [ get_addr.o ]
C:\c_code\gbdk\lib/sm83/sm83.lib          [ div.o ]
C:\c_code\gbdk\lib/gb/gb.lib              [ set_bk_t.o ]
C:\c_code\gbdk\lib/sm83/sm83.lib          [ itoa.o ]
C:\c_code\gbdk\lib/gb/gb.lib              [ set_xy_t.o ]

ASxxxx Linker V03.00 + NoICE + sdld,  page 58.

User Base Address Definitions

_DATA=0xC0A0
_CODE=0x0200
ASxxxx Linker V03.00 + NoICE + sdld,  page 59.

User Global Definitions

_shadow_OAM=0xC000
.STACK=0xE000
.refresh_OAM=0xFF80

