ASxxxx Linker V03.00 + NoICE + sdld,  page 1.
Hexadecimal  [32-Bits]

Area                       Addr        Size        Decimal Bytes (Attributes)
--------------------       ----        ----        ------- ----- ------------
.  .ABS.               00000000    00000000 =           0. bytes (ABS,CON)

        Value  Global            Value  Global            Value  Global    
        -----  ------            -----  ------            -----  ------    
     00000000  .__.ABS.  |    00000000  _rRAMG    |    00000000  l__BASE  
     00000000  l__BSS    |    00000000  l__CABS   |    00000000  l__CODE_0
     00000000  l__DABS   |    00000000  l__HEADER |    00000000  l__HEADER
     00000000  l__HEAP   |    00000000  l__HRAM   |    00000000  l__LIT   
     00000000  s__CABS   |    00000000  s__DABS   |    00000000  s__HEADER
     00000000  s__HEADER |    00000000  s__HEADER |    00000000  s__HEADER
     00000000  s__HEADER |    00000000  s__HEADER |    00000000  s__HEADER
     00000000  s__HEADER |    00000000  s__HEADER |    00000000  s__HEADER
     00000000  s__HEADER |    00000000  s__HEADER |    00000000  s__HEADER
     00000000  s__HEADER |    00000000  s__HEADER |    00000000  s__HEADER
     00000000  s__HEADER |    00000000  s__HEADER |    00000000  s__HEADER
     00000000  s__HEADER |    00000000  s__HEADER |    00000000  s__HRAM  
     00000000  s__HRAM12 |    00000001  ___bank_f |    00000001  l__GSFINA
     00000001  l__HEADER |    00000001  l__HEADER |    00000001  l__HEADER
     00000001  l__HEADER |    00000001  l__HEADER |    00000001  l__HEADER
     00000001  l__HEADER |    00000001  l__INITIA |    00000001  l__INITIA
     00000002  l__HEADER |    00000002  l__HEADER |    00000002  l__HEADER
     00000003  l__HEADER |    00000003  l__HEADER |    00000003  l__HRAM12
     00000005  l__HEADER |    00000006  l__HEADER |    00000007  l__HEADER
     00000008  l__HEADER |    0000000C  l__GSINIT |    00000030  l__HEADER
     0000003C  l__DATA   |    0000004F  l__HEADER |    00000056  l__CODE_1
     00000082  l__HEADER |    000001CC  l__HOME   |    00000200  s__CODE  
     000007C7  l__CODE   |    000009C7  s__HOME   |    00000B93  s__BASE  
     00000B93  s__CODE_0 |    00000B93  s__INITIA |    00000B93  s__LIT   
     00000B94  s__GSINIT |    00000BA0  s__GSFINA |    00002000  _rROMB0  
     00003000  _rROMB1   |    00004000  _rRAMB    |    00008000  __VRAM   
     00008000  __VRAM800 |    00008800  __VRAM880 |    00009000  __VRAM900
     00009800  __SCRN0   |    00009C00  __SCRN1   |    0000A000  __SRAM   
     0000C000  __RAM     |    0000C000  _shadow_O |    0000C0A0  s__DATA  
     0000C0DC  s__BSS    |    0000C0DC  s__INITIA |    0000C0DD  s__HEAP  
     0000D000  __RAMBANK |    0000E000  .STACK    |    0000FE00  __OAMRAM 
     0000FF00  _P1_REG   |    0000FF00  __IO      |    0000FF01  _SB_REG  
     0000FF02  _SC_REG   |    0000FF04  _DIV_REG  |    0000FF05  _TIMA_REG
     0000FF06  _TMA_REG  |    0000FF07  _TAC_REG  |    0000FF0F  _IF_REG  
     0000FF10  _NR10_REG |    0000FF11  _NR11_REG |    0000FF12  _NR12_REG
     0000FF13  _NR13_REG |    0000FF14  _NR14_REG |    0000FF16  _NR21_REG
     0000FF17  _NR22_REG |    0000FF18  _NR23_REG |    0000FF19  _NR24_REG
     0000FF1A  _NR30_REG |    0000FF1B  _NR31_REG |    0000FF1C  _NR32_REG
     0000FF1D  _NR33_REG |    0000FF1E  _NR34_REG |    0000FF20  _NR41_REG
     0000FF21  _NR42_REG |    0000FF22  _NR43_REG |    0000FF23  _NR44_REG
     0000FF24  _NR50_REG |    0000FF25  _NR51_REG |    0000FF26  _NR52_REG
     0000FF30  _PCM_SAMP |    0000FF30  __AUD3WAV |    0000FF40  _LCDC_REG
     0000FF41  _STAT_REG |    0000FF42  _SCY_REG  |    0000FF43  _SCX_REG 
     0000FF44  _LY_REG   |    0000FF45  _LYC_REG  |    0000FF46  _DMA_REG 
     0000FF47  _BGP_REG  |    0000FF48  _OBP0_REG |    0000FF49  _OBP1_REG
     0000FF4A  _WY_REG   |    0000FF4B  _WX_REG   |    0000FF4D  _KEY1_REG
     0000FF4F  _VBK_REG  |    0000FF51  _HDMA1_RE |    0000FF52  _HDMA2_RE
     0000FF53  _HDMA3_RE |    0000FF54  _HDMA4_RE |    0000FF55  _HDMA5_RE
     0000FF56  _RP_REG   |    0000FF68  _BCPS_REG |    0000FF69  _BCPD_REG
     0000FF6A  _OCPS_REG |    0000FF6B  _OCPD_REG |    0000FF70  _SVBK_REG
ASxxxx Linker V03.00 + NoICE + sdld,  page 2.
Hexadecimal  [32-Bits]

Area                       Addr        Size        Decimal Bytes (Attributes)
--------------------       ----        ----        ------- ----- ------------
.  .ABS.               00000000    00000000 =           0. bytes (ABS,CON)

        Value  Global            Value  Global            Value  Global    
        -----  ------            -----  ------            -----  ------    
     0000FF76  _PCM12_RE |    0000FF77  _PCM34_RE |    0000FF80  .refresh_
     0000FF80  __HRAM    |    0000FFFF  _IE_REG   |    00014000  s__CODE_1
ASxxxx Linker V03.00 + NoICE + sdld,  page 3.
Hexadecimal  [32-Bits]

Area                       Addr        Size        Decimal Bytes (Attributes)
--------------------       ----        ----        ------- ----- ------------
_CODE                  00000200    000007C7 =        1991. bytes (REL,CON)

        Value  Global            Value  Global            Value  Global    
        -----  ------            -----  ------            -----  ------    
     00000200  A$lcc2412 |    00000200  C$main.c$ |    00000200  G$move_fr
     00000200  _move_fro |    00000201  A$lcc2412 |    00000202  A$lcc2412
     00000202  C$main.c$ |    00000205  A$lcc2412 |    00000206  A$lcc2412
     00000208  A$lcc2412 |    00000208  C$main.c$ |    0000020B  A$lcc2412
     0000020C  A$lcc2412 |    0000020E  A$lcc2412 |    0000020F  A$lcc2412
     00000210  A$lcc2412 |    00000211  A$lcc2412 |    00000212  A$lcc2412
     00000215  A$lcc2412 |    00000217  A$lcc2412 |    00000219  A$lcc2412
     0000021C  A$lcc2412 |    0000021E  A$lcc2412 |    00000221  A$lcc2412
     00000222  A$lcc2412 |    00000223  A$lcc2412 |    00000224  A$lcc2412
     00000225  A$lcc2412 |    00000226  A$lcc2412 |    00000229  A$lcc2412
     0000022A  A$lcc2412 |    0000022B  A$lcc2412 |    0000022C  A$lcc2412
     0000022F  A$lcc2412 |    00000231  A$lcc2412 |    00000232  A$lcc2412
     00000235  A$lcc2412 |    00000236  A$lcc2412 |    00000237  A$lcc2412
     00000238  A$lcc2412 |    0000023B  A$lcc2412 |    0000023C  A$lcc2412
     0000023D  A$lcc2412 |    0000023E  A$lcc2412 |    00000241  A$lcc2412
     00000243  A$lcc2412 |    00000245  A$lcc2412 |    00000246  A$lcc2412
     00000247  A$lcc2412 |    00000248  A$lcc2412 |    00000249  A$lcc2412
     0000024B  A$lcc2412 |    0000024C  A$lcc2412 |    0000024F  A$lcc2412
     00000251  A$lcc2412 |    00000251  C$main.c$ |    00000253  A$lcc2412
     00000253  C$main.c$ |    00000256  A$lcc2412 |    00000257  A$lcc2412
     00000259  A$lcc2412 |    00000259  C$main.c$ |    0000025C  A$lcc2412
     0000025D  A$lcc2412 |    0000025E  A$lcc2412 |    0000025F  A$lcc2412
     00000262  A$lcc2412 |    00000264  A$lcc2412 |    00000266  A$lcc2412
     00000269  A$lcc2412 |    0000026B  A$lcc2412 |    0000026E  A$lcc2412
     0000026F  A$lcc2412 |    00000270  A$lcc2412 |    00000271  A$lcc2412
     00000274  A$lcc2412 |    00000275  A$lcc2412 |    00000276  A$lcc2412
     00000277  A$lcc2412 |    0000027A  A$lcc2412 |    0000027B  A$lcc2412
     0000027E  A$lcc2412 |    0000027F  A$lcc2412 |    00000280  A$lcc2412
     00000281  A$lcc2412 |    00000282  A$lcc2412 |    00000285  A$lcc2412
     00000286  A$lcc2412 |    00000287  A$lcc2412 |    00000288  A$lcc2412
     0000028B  A$lcc2412 |    0000028D  A$lcc2412 |    0000028E  A$lcc2412
     0000028F  A$lcc2412 |    00000290  A$lcc2412 |    00000291  A$lcc2412
     00000292  A$lcc2412 |    00000293  A$lcc2412 |    00000294  A$lcc2412
     00000295  A$lcc2412 |    00000298  A$lcc2412 |    0000029A  A$lcc2412
     0000029A  C$main.c$ |    0000029B  A$lcc2412 |    0000029C  A$lcc2412
     0000029C  C$main.c$ |    0000029C  XG$move_f |    0000029D  A$lcc2412
     0000029D  C$main.c$ |    0000029D  C$main.c$ |    0000029D  G$paralla
     0000029D  _parallax |    0000029F  A$lcc2412 |    000002A0  A$lcc2412
     000002A2  A$lcc2412 |    000002A4  A$lcc2412 |    000002A6  A$lcc2412
     000002A8  A$lcc2412 |    000002AA  A$lcc2412 |    000002AC  A$lcc2412
     000002AE  A$lcc2412 |    000002AF  A$lcc2412 |    000002AF  C$main.c$
     000002B2  A$lcc2412 |    000002B4  A$lcc2412 |    000002B5  A$lcc2412
     000002B7  A$lcc2412 |    000002B7  C$main.c$ |    000002B9  A$lcc2412
     000002BB  A$lcc2412 |    000002BB  C$main.c$ |    000002BC  A$lcc2412
     000002BC  C$main.c$ |    000002BF  A$lcc2412 |    000002C1  A$lcc2412
     000002C2  A$lcc2412 |    000002C4  A$lcc2412 |    000002C4  C$main.c$
     000002C6  A$lcc2412 |    000002C8  A$lcc2412 |    000002C8  C$main.c$
     000002C9  A$lcc2412 |    000002C9  C$main.c$ |    000002CC  A$lcc2412
     000002CE  A$lcc2412 |    000002CF  A$lcc2412 |    000002D1  A$lcc2412
     000002D1  C$main.c$ |    000002D3  A$lcc2412 |    000002D5  A$lcc2412
ASxxxx Linker V03.00 + NoICE + sdld,  page 4.
Hexadecimal  [32-Bits]

Area                       Addr        Size        Decimal Bytes (Attributes)
--------------------       ----        ----        ------- ----- ------------
_CODE                  00000200    000007C7 =        1991. bytes (REL,CON)

        Value  Global            Value  Global            Value  Global    
        -----  ------            -----  ------            -----  ------    
     000002D5  C$main.c$ |    000002D6  A$lcc2412 |    000002D6  C$main.c$
     000002D9  A$lcc2412 |    000002DB  A$lcc2412 |    000002DC  A$lcc2412
     000002DE  A$lcc2412 |    000002DE  C$main.c$ |    000002DF  A$lcc2412
     000002E1  A$lcc2412 |    000002E1  C$main.c$ |    000002E1  C$main.c$
     000002E1  XG$parall |    000002E2  A$lcc2412 |    000002E2  C$main.c$
     000002E2  C$main.c$ |    000002E2  G$main$0$ |    000002E2  _main    
     000002E4  A$lcc2412 |    000002E6  A$lcc2412 |    000002E6  C$main.c$
     000002E7  A$lcc2412 |    000002E9  A$lcc2412 |    000002E9  C$main.c$
     000002EC  A$lcc2412 |    000002EE  A$lcc2412 |    000002F1  A$lcc2412
     000002F3  A$lcc2412 |    000002F6  A$lcc2412 |    000002F8  A$lcc2412
     000002FB  A$lcc2412 |    000002FD  A$lcc2412 |    000002FD  C$main.c$
     000002FE  A$lcc2412 |    000002FE  C$main.c$ |    00000301  A$lcc2412
     00000302  A$lcc2412 |    00000305  A$lcc2412 |    00000306  A$lcc2412
     00000307  A$lcc2412 |    00000307  C$main.c$ |    00000309  A$lcc2412
     0000030A  A$lcc2412 |    0000030B  A$lcc2412 |    0000030E  A$lcc2412
     0000030F  A$lcc2412 |    0000030F  C$main.c$ |    00000310  A$lcc2412
     00000312  A$lcc2412 |    00000312  C$main.c$ |    00000314  A$lcc2412
     00000316  A$lcc2412 |    00000316  C$main.c$ |    00000318  A$lcc2412
     0000031A  A$lcc2412 |    0000031C  A$lcc2412 |    0000031C  C$main.c$
     0000031E  A$lcc2412 |    00000320  A$lcc2412 |    00000322  A$lcc2412
     00000322  C$main.c$ |    00000324  A$lcc2412 |    00000326  A$lcc2412
     00000328  A$lcc2412 |    00000328  C$main.c$ |    0000032A  A$lcc2412
     0000032C  A$lcc2412 |    0000032E  A$lcc2412 |    0000032E  C$main.c$
     00000331  A$lcc2412 |    00000332  A$lcc2412 |    00000335  A$lcc2412
     00000336  A$lcc2412 |    00000339  A$lcc2412 |    0000033B  A$lcc2412
     0000033B  C$main.c$ |    0000033E  A$lcc2412 |    0000033F  A$lcc2412
     00000342  A$lcc2412 |    00000343  A$lcc2412 |    00000346  A$lcc2412
     00000348  A$lcc2412 |    00000348  C$main.c$ |    0000034B  A$lcc2412
     0000034C  A$lcc2412 |    0000034F  A$lcc2412 |    00000350  A$lcc2412
     00000351  A$lcc2412 |    00000352  A$lcc2412 |    00000353  A$lcc2412
     00000356  A$lcc2412 |    00000358  A$lcc2412 |    00000358  C$main.c$
     0000035B  A$lcc2412 |    0000035D  A$lcc2412 |    0000035E  A$lcc2412
     00000360  A$lcc2412 |    00000360  C$main.c$ |    00000363  A$lcc2412
     00000365  A$lcc2412 |    00000366  A$lcc2412 |    00000368  A$lcc2412
     0000036B  A$lcc2412 |    0000036C  A$lcc2412 |    0000036F  A$lcc2412
     00000370  A$lcc2412 |    00000373  A$lcc2412 |    00000374  A$lcc2412
     00000375  A$lcc2412 |    00000376  A$lcc2412 |    00000379  A$lcc2412
     0000037A  A$lcc2412 |    0000037B  A$lcc2412 |    0000037C  A$lcc2412
     0000037F  A$lcc2412 |    00000381  A$lcc2412 |    00000382  A$lcc2412
     00000383  A$lcc2412 |    00000384  A$lcc2412 |    00000386  A$lcc2412
     00000387  A$lcc2412 |    0000038A  A$lcc2412 |    0000038C  A$lcc2412
     0000038C  C$main.c$ |    0000038C  C$main.c$ |    0000038F  A$lcc2412
     00000392  A$lcc2412 |    00000392  C$main.c$ |    00000395  A$lcc2412
     00000398  A$lcc2412 |    00000399  A$lcc2412 |    00000399  C$main.c$
     0000039C  A$lcc2412 |    0000039D  A$lcc2412 |    0000039F  A$lcc2412
     0000039F  C$main.c$ |    000003A2  A$lcc2412 |    000003A5  A$lcc2412
     000003A6  A$lcc2412 |    000003A7  A$lcc2412 |    000003A7  C$main.c$
     000003A8  A$lcc2412 |    000003A9  A$lcc2412 |    000003AB  A$lcc2412
     000003AE  A$lcc2412 |    000003B0  A$lcc2412 |    000003B2  A$lcc2412
     000003B5  A$lcc2412 |    000003B7  A$lcc2412 |    000003B9  A$lcc2412
     000003BC  A$lcc2412 |    000003BE  A$lcc2412 |    000003C0  A$lcc2412
ASxxxx Linker V03.00 + NoICE + sdld,  page 5.
Hexadecimal  [32-Bits]

Area                       Addr        Size        Decimal Bytes (Attributes)
--------------------       ----        ----        ------- ----- ------------
_CODE                  00000200    000007C7 =        1991. bytes (REL,CON)

        Value  Global            Value  Global            Value  Global    
        -----  ------            -----  ------            -----  ------    
     000003C2  A$lcc2412 |    000003C2  C$main.c$ |    000003C2  C$main.c$
     000003C4  A$lcc2412 |    000003C6  A$lcc2412 |    000003C6  C$main.c$
     000003C9  A$lcc2412 |    000003CB  A$lcc2412 |    000003CB  C$main.c$
     000003CE  A$lcc2412 |    000003D0  A$lcc2412 |    000003D0  C$main.c$
     000003D2  A$lcc2412 |    000003D2  C$main.c$ |    000003D2  C$main.c$
     000003D4  A$lcc2412 |    000003D6  A$lcc2412 |    000003D6  C$main.c$
     000003D9  A$lcc2412 |    000003DB  A$lcc2412 |    000003DB  C$main.c$
     000003DE  A$lcc2412 |    000003E0  A$lcc2412 |    000003E0  C$main.c$
     000003E2  A$lcc2412 |    000003E2  C$main.c$ |    000003E2  C$main.c$
     000003E4  A$lcc2412 |    000003E6  A$lcc2412 |    000003E6  C$main.c$
     000003E9  A$lcc2412 |    000003EB  A$lcc2412 |    000003EB  C$main.c$
     000003EE  A$lcc2412 |    000003F0  A$lcc2412 |    000003F0  C$main.c$
     000003F2  A$lcc2412 |    000003F2  C$main.c$ |    000003F2  C$main.c$
     000003F4  A$lcc2412 |    000003F6  A$lcc2412 |    000003F6  C$main.c$
     000003F9  A$lcc2412 |    000003FB  A$lcc2412 |    000003FB  C$main.c$
     000003FE  A$lcc2412 |    00000400  A$lcc2412 |    00000400  C$main.c$
     00000400  C$main.c$ |    00000403  A$lcc2412 |    00000404  A$lcc2412
     00000406  A$lcc2412 |    00000406  C$main.c$ |    00000409  A$lcc2412
     00000409  C$main.c$ |    0000040C  A$lcc2412 |    0000040E  A$lcc2412
     00000410  A$lcc2412 |    00000413  A$lcc2412 |    00000415  A$lcc2412
     00000418  A$lcc2412 |    00000419  A$lcc2412 |    0000041C  A$lcc2412
     0000041D  A$lcc2412 |    0000041E  A$lcc2412 |    00000420  A$lcc2412
     00000420  C$main.c$ |    00000423  A$lcc2412 |    00000424  A$lcc2412
     00000426  A$lcc2412 |    00000426  C$main.c$ |    00000429  A$lcc2412
     00000429  C$main.c$ |    0000042C  A$lcc2412 |    0000042E  A$lcc2412
     00000430  A$lcc2412 |    00000433  A$lcc2412 |    00000435  A$lcc2412
     00000438  A$lcc2412 |    00000439  A$lcc2412 |    0000043C  A$lcc2412
     0000043D  A$lcc2412 |    0000043E  A$lcc2412 |    00000440  A$lcc2412
     00000440  C$main.c$ |    00000443  A$lcc2412 |    00000444  A$lcc2412
     00000446  A$lcc2412 |    00000449  A$lcc2412 |    0000044A  A$lcc2412
     0000044C  A$lcc2412 |    0000044C  C$main.c$ |    0000044F  A$lcc2412
     00000451  A$lcc2412 |    00000451  C$main.c$ |    00000454  A$lcc2412
     00000455  A$lcc2412 |    00000456  A$lcc2412 |    00000456  C$main.c$
     00000456  C$main.c$ |    00000459  A$lcc2412 |    0000045A  A$lcc2412
     0000045B  A$lcc2412 |    0000045B  C$main.c$ |    0000045E  A$lcc2412
     00000460  A$lcc2412 |    00000462  A$lcc2412 |    00000462  C$main.c$
     00000465  A$lcc2412 |    00000467  A$lcc2412 |    00000468  A$lcc2412
     0000046A  A$lcc2412 |    0000046A  C$main.c$ |    0000046D  A$lcc2412
     0000046F  A$lcc2412 |    00000470  A$lcc2412 |    00000472  A$lcc2412
     00000475  A$lcc2412 |    00000476  A$lcc2412 |    00000479  A$lcc2412
     0000047A  A$lcc2412 |    0000047D  A$lcc2412 |    0000047E  A$lcc2412
     0000047F  A$lcc2412 |    00000480  A$lcc2412 |    00000483  A$lcc2412
     00000484  A$lcc2412 |    00000485  A$lcc2412 |    00000486  A$lcc2412
     00000489  A$lcc2412 |    0000048B  A$lcc2412 |    0000048C  A$lcc2412
     0000048D  A$lcc2412 |    0000048E  A$lcc2412 |    00000490  A$lcc2412
     00000491  A$lcc2412 |    00000494  A$lcc2412 |    00000496  A$lcc2412
     00000496  C$main.c$ |    00000496  C$main.c$ |    00000499  A$lcc2412
     00000499  C$main.c$ |    0000049C  A$lcc2412 |    0000049C  C$main.c$
     0000049C  XG$main$0 |    0000049F  G$BKG_MAP |    0000049F  _BKG_MAP 
     0000089F  G$BKG_TIL |    0000089F  _BKG_TILE |    0000098F  ___move_m
ASxxxx Linker V03.00 + NoICE + sdld,  page 6.
Hexadecimal  [32-Bits]

Area                       Addr        Size        Decimal Bytes (Attributes)
--------------------       ----        ----        ------- ----- ------------
_HEADER0               00000000    00000001 =           1. bytes (ABS,CON)

        Value  Global            Value  Global            Value  Global    
        -----  ------            -----  ------            -----  ------    
     00000020  .call_hl 
ASxxxx Linker V03.00 + NoICE + sdld,  page 7.
Hexadecimal  [32-Bits]

Area                       Addr        Size        Decimal Bytes (Attributes)
--------------------       ----        ----        ------- ----- ------------
_HEADER1               00000000    00000005 =           5. bytes (ABS,CON)

        Value  Global            Value  Global            Value  Global    
        -----  ------            -----  ------            -----  ------    
     00000028  .MemsetSm
ASxxxx Linker V03.00 + NoICE + sdld,  page 8.
Hexadecimal  [32-Bits]

Area                       Addr        Size        Decimal Bytes (Attributes)
--------------------       ----        ----        ------- ----- ------------
_HEADER2               00000000    00000007 =           7. bytes (ABS,CON)

        Value  Global            Value  Global            Value  Global    
        -----  ------            -----  ------            -----  ------    
     00000030  .MemcpySm
ASxxxx Linker V03.00 + NoICE + sdld,  page 9.
Hexadecimal  [32-Bits]

Area                       Addr        Size        Decimal Bytes (Attributes)
--------------------       ----        ----        ------- ----- ------------
_HEADER3               00000000    00000008 =           8. bytes (ABS,CON)

        Value  Global            Value  Global            Value  Global    
        -----  ------            -----  ------            -----  ------    
ASxxxx Linker V03.00 + NoICE + sdld,  page 10.
Hexadecimal  [32-Bits]

Area                       Addr        Size        Decimal Bytes (Attributes)
--------------------       ----        ----        ------- ----- ------------
_HEADER4               00000000    0000004F =          79. bytes (ABS,CON)

        Value  Global            Value  Global            Value  Global    
        -----  ------            -----  ------            -----  ------    
     00000080  .int      |    0000008F  _wait_int |    0000009C  __standar
     000000AC  _refresh_
ASxxxx Linker V03.00 + NoICE + sdld,  page 11.
Hexadecimal  [32-Bits]

Area                       Addr        Size        Decimal Bytes (Attributes)
--------------------       ----        ----        ------- ----- ------------
_HEADER5               00000000    00000002 =           2. bytes (ABS,CON)

        Value  Global            Value  Global            Value  Global    
        -----  ------            -----  ------            -----  ------    
ASxxxx Linker V03.00 + NoICE + sdld,  page 12.
Hexadecimal  [32-Bits]

Area                       Addr        Size        Decimal Bytes (Attributes)
--------------------       ----        ----        ------- ----- ------------
_HEADER6               00000000    00000030 =          48. bytes (ABS,CON)

        Value  Global            Value  Global            Value  Global    
        -----  ------            -----  ------            -----  ------    
ASxxxx Linker V03.00 + NoICE + sdld,  page 13.
Hexadecimal  [32-Bits]

Area                       Addr        Size        Decimal Bytes (Attributes)
--------------------       ----        ----        ------- ----- ------------
_HEADER7               00000000    00000006 =           6. bytes (ABS,CON)

        Value  Global            Value  Global            Value  Global    
        -----  ------            -----  ------            -----  ------    
ASxxxx Linker V03.00 + NoICE + sdld,  page 14.
Hexadecimal  [32-Bits]

Area                       Addr        Size        Decimal Bytes (Attributes)
--------------------       ----        ----        ------- ----- ------------
_HEADER8               00000000    00000003 =           3. bytes (ABS,CON)

        Value  Global            Value  Global            Value  Global    
        -----  ------            -----  ------            -----  ------    
ASxxxx Linker V03.00 + NoICE + sdld,  page 15.
Hexadecimal  [32-Bits]

Area                       Addr        Size        Decimal Bytes (Attributes)
--------------------       ----        ----        ------- ----- ------------
_HEADER9               00000000    00000001 =           1. bytes (ABS,CON)

        Value  Global            Value  Global            Value  Global    
        -----  ------            -----  ------            -----  ------    
ASxxxx Linker V03.00 + NoICE + sdld,  page 16.
Hexadecimal  [32-Bits]

Area                       Addr        Size        Decimal Bytes (Attributes)
--------------------       ----        ----        ------- ----- ------------
_HEADERa               00000000    00000001 =           1. bytes (ABS,CON)

        Value  Global            Value  Global            Value  Global    
        -----  ------            -----  ------            -----  ------    
ASxxxx Linker V03.00 + NoICE + sdld,  page 17.
Hexadecimal  [32-Bits]

Area                       Addr        Size        Decimal Bytes (Attributes)
--------------------       ----        ----        ------- ----- ------------
_HEADERb               00000000    00000001 =           1. bytes (ABS,CON)

        Value  Global            Value  Global            Value  Global    
        -----  ------            -----  ------            -----  ------    
ASxxxx Linker V03.00 + NoICE + sdld,  page 18.
Hexadecimal  [32-Bits]

Area                       Addr        Size        Decimal Bytes (Attributes)
--------------------       ----        ----        ------- ----- ------------
_HEADERc               00000000    00000002 =           2. bytes (ABS,CON)

        Value  Global            Value  Global            Value  Global    
        -----  ------            -----  ------            -----  ------    
ASxxxx Linker V03.00 + NoICE + sdld,  page 19.
Hexadecimal  [32-Bits]

Area                       Addr        Size        Decimal Bytes (Attributes)
--------------------       ----        ----        ------- ----- ------------
_HEADERd               00000000    00000001 =           1. bytes (ABS,CON)

        Value  Global            Value  Global            Value  Global    
        -----  ------            -----  ------            -----  ------    
ASxxxx Linker V03.00 + NoICE + sdld,  page 20.
Hexadecimal  [32-Bits]

Area                       Addr        Size        Decimal Bytes (Attributes)
--------------------       ----        ----        ------- ----- ------------
_HEADERe               00000000    00000001 =           1. bytes (ABS,CON)

        Value  Global            Value  Global            Value  Global    
        -----  ------            -----  ------            -----  ------    
ASxxxx Linker V03.00 + NoICE + sdld,  page 21.
Hexadecimal  [32-Bits]

Area                       Addr        Size        Decimal Bytes (Attributes)
--------------------       ----        ----        ------- ----- ------------
_HEADERf               00000000    00000002 =           2. bytes (ABS,CON)

        Value  Global            Value  Global            Value  Global    
        -----  ------            -----  ------            -----  ------    
ASxxxx Linker V03.00 + NoICE + sdld,  page 22.
Hexadecimal  [32-Bits]

Area                       Addr        Size        Decimal Bytes (Attributes)
--------------------       ----        ----        ------- ----- ------------
_HEADER10              00000000    00000082 =         130. bytes (ABS,CON)

        Value  Global            Value  Global            Value  Global    
        -----  ------            -----  ------            -----  ------    
     00000150  .reset    |    00000150  _reset    |    00000157  .code_sta
     000001B7  _exit     |    000001BB  _set_inte
ASxxxx Linker V03.00 + NoICE + sdld,  page 23.
Hexadecimal  [32-Bits]

Area                       Addr        Size        Decimal Bytes (Attributes)
--------------------       ----        ----        ------- ----- ------------
_HEADER11              00000000    00000001 =           1. bytes (ABS,CON)

        Value  Global            Value  Global            Value  Global    
        -----  ------            -----  ------            -----  ------    
ASxxxx Linker V03.00 + NoICE + sdld,  page 24.
Hexadecimal  [32-Bits]

Area                       Addr        Size        Decimal Bytes (Attributes)
--------------------       ----        ----        ------- ----- ------------
_HOME                  000009C7    000001CC =         460. bytes (REL,CON)

        Value  Global            Value  Global            Value  Global    
        -----  ------            -----  ------            -----  ------    
     000009C7  .memset_s |    000009D0  .memcpy_s |    000009ED  .remove_V
     000009F0  .remove_i |    00000A0D  .add_VBL  |    00000A10  .add_int 
     00000A1B  .wait_vbl |    00000A1B  _wait_vbl |    00000A2B  .display_
     00000A2B  _display_ |    00000A43  _remove_V |    00000A4E  _add_VBL 
     00000A59  _set_tile |    00000A5E  _set_bkg_ |    00000A5E  _set_win_
     00000A66  _set_spri |    00000A96  .padup    |    00000A96  _waitpadu
     00000AA6  .jpad     |    00000AA6  _joypad   |    00000ACE  _waitpad 
     00000AD1  .wait_pad |    00000B07  _add_LCD  |    00000B12  .add_LCD 
     00000B18  _remove_L |    00000B23  .remove_L |    00000B29  _set_bkg_
     00000B3D  .set_xy_w |    00000B46  .set_xy_b |    00000B55  .set_xy_t
ASxxxx Linker V03.00 + NoICE + sdld,  page 25.
Hexadecimal  [32-Bits]

Area                       Addr        Size        Decimal Bytes (Attributes)
--------------------       ----        ----        ------- ----- ------------
_INITIALIZER           00000B93    00000001 =           1. bytes (REL,CON)

        Value  Global            Value  Global            Value  Global    
        -----  ------            -----  ------            -----  ------    
ASxxxx Linker V03.00 + NoICE + sdld,  page 26.
Hexadecimal  [32-Bits]

Area                       Addr        Size        Decimal Bytes (Attributes)
--------------------       ----        ----        ------- ----- ------------
_GSINIT                00000B94    0000000C =          12. bytes (REL,CON)

        Value  Global            Value  Global            Value  Global    
        -----  ------            -----  ------            -----  ------    
     00000B94  gsinit   
ASxxxx Linker V03.00 + NoICE + sdld,  page 27.
Hexadecimal  [32-Bits]

Area                       Addr        Size        Decimal Bytes (Attributes)
--------------------       ----        ----        ------- ----- ------------
_GSFINAL               00000BA0    00000001 =           1. bytes (REL,CON)

        Value  Global            Value  Global            Value  Global    
        -----  ------            -----  ------            -----  ------    
ASxxxx Linker V03.00 + NoICE + sdld,  page 28.
Hexadecimal  [32-Bits]

Area                       Addr        Size        Decimal Bytes (Attributes)
--------------------       ----        ----        ------- ----- ------------
_DATA                  0000C0A0    0000003C =          60. bytes (REL,CON)

        Value  Global            Value  Global            Value  Global    
        -----  ------            -----  ------            -----  ------    
     0000C0A0  __cpu     |    0000C0A1  __is_GBA  |    0000C0A2  .mode    
     0000C0A3  .sys_time |    0000C0A3  _sys_time |    0000C0A5  .int_0x40
     0000C0B9  G$PLAYER$ |    0000C0B9  _PLAYER   |    0000C0C0  G$joy$0_0
     0000C0C0  _joy      |    0000C0C1  G$last_jo |    0000C0C1  _last_joy
     0000C0C2  G$is_movi |    0000C0C2  _is_movin |    0000C0C3  G$move_x$
     0000C0C3  _move_x   |    0000C0C4  G$move_y$ |    0000C0C4  _move_y  
     0000C0C5  G$scroll1 |    0000C0C5  _scroll1  |    0000C0C6  G$scroll2
     0000C0C6  _scroll2  |    0000C0C7  G$scroll3 |    0000C0C7  _scroll3 
     0000C0C8  G$scroll4 |    0000C0C8  _scroll4  |    0000C0C9  ___curren
     0000C0CB  ___curren |    0000C0CC  .int_0x48
ASxxxx Linker V03.00 + NoICE + sdld,  page 29.
Hexadecimal  [32-Bits]

Area                       Addr        Size        Decimal Bytes (Attributes)
--------------------       ----        ----        ------- ----- ------------
_INITIALIZED           0000C0DC    00000001 =           1. bytes (REL,CON)

        Value  Global            Value  Global            Value  Global    
        -----  ------            -----  ------            -----  ------    
     0000C0DC  ___render
ASxxxx Linker V03.00 + NoICE + sdld,  page 30.
Hexadecimal  [32-Bits]

Area                       Addr        Size        Decimal Bytes (Attributes)
--------------------       ----        ----        ------- ----- ------------
_HRAM12                00000000    00000003 =           3. bytes (ABS,CON)

        Value  Global            Value  Global            Value  Global    
        -----  ------            -----  ------            -----  ------    
     0000FF90  __current |    0000FF92  __shadow_
ASxxxx Linker V03.00 + NoICE + sdld,  page 31.
Hexadecimal  [32-Bits]

Area                       Addr        Size        Decimal Bytes (Attributes)
--------------------       ----        ----        ------- ----- ------------
_CODE_1                00014000    00000056 =          86. bytes (REL,CON)

        Value  Global            Value  Global            Value  Global    
        -----  ------            -----  ------            -----  ------    
     00014000  C$frogger |    00014000  G$__func_ |    00014000  G$frogger
     00014000  ___func_f |    00014000  _frogger_ |    00014008  G$frogger
     00014008  _frogger_ |    00014048  G$frogger |    00014048  _frogger_
     00014054  G$frogger |    00014054  _frogger_
ASxxxx Linker V03.00 + NoICE + sdld,  page 32.
Hexadecimal  [32-Bits]

Area                       Addr        Size        Decimal Bytes (Attributes)
--------------------       ----        ----        ------- ----- ------------
_HEADER_LCD0           00000000    00000003 =           3. bytes (ABS,CON)

        Value  Global            Value  Global            Value  Global    
        -----  ------            -----  ------            -----  ------    
ASxxxx Linker V03.00 + NoICE + sdld,  page 33.

Files Linked                              [ module(s) ]

C:\c_code\gbdk\lib/small/asxxxx/gb/crt0.o
                                          [ Runtime ]
C:\Users\User\AppData\Local\Temp/lcc241240.rel
                                          [ main ]
C:\Users\User\AppData\Local\Temp/lcc241241.rel
                                          [ bkg_map ]
C:\Users\User\AppData\Local\Temp/lcc241242.rel
                                          [ bkg_tiles ]
C:\Users\User\AppData\Local\Temp/lcc241243.rel
                                          [ frogger ]


Libraries Linked                          [ object file ]

C:\c_code\gbdk\lib/small/asxxxx/gb/gb.lib
                                          [ sfr.o ]
C:\c_code\gbdk\lib/small/asxxxx/gb/gb.lib
                                          [ set_data.o ]
C:\c_code\gbdk\lib/small/asxxxx/gb/gb.lib
                                          [ pad.o ]
C:\c_code\gbdk\lib/small/asxxxx/gb/gb.lib
                                          [ metasprites.o ]
C:\c_code\gbdk\lib/small/asxxxx/gb/gb.lib
                                          [ lcd.o ]
C:\c_code\gbdk\lib/small/asxxxx/gb/gb.lib
                                          [ set_bk_t.o ]
C:\c_code\gbdk\lib/small/asxxxx/gb/gb.lib
                                          [ set_xy_t.o ]

ASxxxx Linker V03.00 + NoICE + sdld,  page 34.

User Base Address Definitions

_DATA=0xC0A0
_CODE=0x0200
ASxxxx Linker V03.00 + NoICE + sdld,  page 35.

User Global Definitions

_shadow_OAM=0xC000
.STACK=0xE000
.refresh_OAM=0xFF80

