ASxxxx Linker V03.00 + NoICE + sdld,  page 1.
Hexadecimal  [32-Bits]

Area                       Addr        Size        Decimal Bytes (Attributes)
--------------------       ----        ----        ------- ----- ------------
.  .ABS.               00000000    00000000 =           0. bytes (ABS,CON)

        Value  Global            Value  Global            Value  Global    
        -----  ------            -----  ------            -----  ------    
     00000000  .__.ABS.  |    00000000  _rRAMG    |    00000000  l__BASE  
     00000000  l__BSS    |    00000000  l__CABS   |    00000000  l__CODE_0
     00000000  l__DABS   |    00000000  l__HEADER |    00000000  l__HEADER
     00000000  l__HEAP   |    00000000  l__HRAM   |    00000000  l__LIT   
     00000000  s__CABS   |    00000000  s__DABS   |    00000000  s__HEADER
     00000000  s__HEADER |    00000000  s__HEADER |    00000000  s__HEADER
     00000000  s__HEADER |    00000000  s__HEADER |    00000000  s__HEADER
     00000000  s__HEADER |    00000000  s__HEADER |    00000000  s__HEADER
     00000000  s__HEADER |    00000000  s__HEADER |    00000000  s__HEADER
     00000000  s__HEADER |    00000000  s__HEADER |    00000000  s__HEADER
     00000000  s__HEADER |    00000000  s__HEADER |    00000000  s__HEADER
     00000000  s__HEADER |    00000000  s__HEADER |    00000000  s__HRAM  
     00000000  s__HRAM12 |    00000001  ___bank_f |    00000001  ___bank_f
     00000001  l__GSFINA |    00000001  l__HEADER |    00000001  l__HEADER
     00000001  l__HEADER |    00000001  l__HEADER |    00000001  l__HEADER
     00000001  l__HEADER |    00000001  l__HEADER |    00000002  l__HEADER
     00000002  l__HEADER |    00000002  l__HEADER |    00000003  l__HEADER
     00000003  l__HEADER |    00000003  l__HRAM12 |    00000005  l__HEADER
     00000006  l__HEADER |    00000007  l__HEADER |    00000008  l__HEADER
     0000000C  l__GSINIT |    00000030  l__HEADER |    00000030  l__INITIA
     00000030  l__INITIA |    00000047  l__DATA   |    0000004F  l__HEADER
     00000082  l__HEADER |    000000AC  l__CODE_1 |    00000200  s__CODE  
     000002F3  l__HOME   |    000014BE  l__CODE   |    000016BE  s__HOME  
     000019B1  s__BASE   |    000019B1  s__CODE_0 |    000019B1  s__INITIA
     000019B1  s__LIT    |    000019E1  s__GSINIT |    000019ED  s__GSFINA
     00002000  _rROMB0   |    00003000  _rROMB1   |    00004000  _rRAMB   
     00008000  __VRAM    |    00008000  __VRAM800 |    00008800  __VRAM880
     00009000  __VRAM900 |    00009800  __SCRN0   |    00009C00  __SCRN1  
     0000A000  __SRAM    |    0000C000  __RAM     |    0000C000  _shadow_O
     0000C0A0  s__DATA   |    0000C0E7  s__BSS    |    0000C0E7  s__INITIA
     0000C117  s__HEAP   |    0000D000  __RAMBANK |    0000E000  .STACK   
     0000FE00  __OAMRAM  |    0000FF00  _P1_REG   |    0000FF00  __IO     
     0000FF01  _SB_REG   |    0000FF02  _SC_REG   |    0000FF04  _DIV_REG 
     0000FF05  _TIMA_REG |    0000FF06  _TMA_REG  |    0000FF07  _TAC_REG 
     0000FF0F  _IF_REG   |    0000FF10  _NR10_REG |    0000FF11  _NR11_REG
     0000FF12  _NR12_REG |    0000FF13  _NR13_REG |    0000FF14  _NR14_REG
     0000FF16  _NR21_REG |    0000FF17  _NR22_REG |    0000FF18  _NR23_REG
     0000FF19  _NR24_REG |    0000FF1A  _NR30_REG |    0000FF1B  _NR31_REG
     0000FF1C  _NR32_REG |    0000FF1D  _NR33_REG |    0000FF1E  _NR34_REG
     0000FF20  _NR41_REG |    0000FF21  _NR42_REG |    0000FF22  _NR43_REG
     0000FF23  _NR44_REG |    0000FF24  _NR50_REG |    0000FF25  _NR51_REG
     0000FF26  _NR52_REG |    0000FF30  _PCM_SAMP |    0000FF30  __AUD3WAV
     0000FF40  _LCDC_REG |    0000FF41  _STAT_REG |    0000FF42  _SCY_REG 
     0000FF43  _SCX_REG  |    0000FF44  _LY_REG   |    0000FF45  _LYC_REG 
     0000FF46  _DMA_REG  |    0000FF47  _BGP_REG  |    0000FF48  _OBP0_REG
     0000FF49  _OBP1_REG |    0000FF4A  _WY_REG   |    0000FF4B  _WX_REG  
     0000FF4D  _KEY1_REG |    0000FF4F  _VBK_REG  |    0000FF51  _HDMA1_RE
     0000FF52  _HDMA2_RE |    0000FF53  _HDMA3_RE |    0000FF54  _HDMA4_RE
     0000FF55  _HDMA5_RE |    0000FF56  _RP_REG   |    0000FF68  _BCPS_REG
     0000FF69  _BCPD_REG |    0000FF6A  _OCPS_REG |    0000FF6B  _OCPD_REG
ASxxxx Linker V03.00 + NoICE + sdld,  page 2.
Hexadecimal  [32-Bits]

Area                       Addr        Size        Decimal Bytes (Attributes)
--------------------       ----        ----        ------- ----- ------------
.  .ABS.               00000000    00000000 =           0. bytes (ABS,CON)

        Value  Global            Value  Global            Value  Global    
        -----  ------            -----  ------            -----  ------    
     0000FF70  _SVBK_REG |    0000FF76  _PCM12_RE |    0000FF77  _PCM34_RE
     0000FF80  .refresh_ |    0000FF80  __HRAM    |    0000FFFF  _IE_REG  
     00014000  s__CODE_1
ASxxxx Linker V03.00 + NoICE + sdld,  page 3.
Hexadecimal  [32-Bits]

Area                       Addr        Size        Decimal Bytes (Attributes)
--------------------       ----        ----        ------- ----- ------------
_CODE                  00000200    000014BE =        5310. bytes (REL,CON)

        Value  Global            Value  Global            Value  Global    
        -----  ------            -----  ------            -----  ------    
     00000200  A$lcc9956 |    00000200  C$main.c$ |    00000200  C$main.c$
     00000200  G$reset_f |    00000200  _reset_fr |    00000203  A$lcc9956
     00000205  A$lcc9956 |    00000205  C$main.c$ |    00000208  A$lcc9956
     0000020A  A$lcc9956 |    0000020D  A$lcc9956 |    0000020F  A$lcc9956
     0000020F  C$main.c$ |    00000212  A$lcc9956 |    00000214  A$lcc9956
     00000215  A$lcc9956 |    00000217  A$lcc9956 |    00000217  C$main.c$
     0000021A  A$lcc9956 |    0000021C  A$lcc9956 |    0000021D  A$lcc9956
     0000021F  A$lcc9956 |    0000021F  C$main.c$ |    00000222  A$lcc9956
     00000224  A$lcc9956 |    00000227  A$lcc9956 |    00000228  A$lcc9956
     0000022B  A$lcc9956 |    0000022C  A$lcc9956 |    0000022F  A$lcc9956
     00000230  A$lcc9956 |    00000231  A$lcc9956 |    00000232  A$lcc9956
     00000233  A$lcc9956 |    00000236  A$lcc9956 |    00000237  A$lcc9956
     00000238  A$lcc9956 |    00000239  A$lcc9956 |    0000023C  A$lcc9956
     0000023E  A$lcc9956 |    0000023F  A$lcc9956 |    00000240  A$lcc9956
     00000241  A$lcc9956 |    00000242  A$lcc9956 |    00000243  A$lcc9956
     00000244  A$lcc9956 |    00000245  A$lcc9956 |    00000246  A$lcc9956
     00000249  A$lcc9956 |    0000024B  A$lcc9956 |    0000024B  C$main.c$
     0000024B  C$main.c$ |    0000024B  XG$reset_ |    0000024C  A$lcc9956
     0000024C  C$main.c$ |    0000024C  C$main.c$ |    0000024C  G$init_le
     0000024C  _init_lev |    0000024F  A$lcc9956 |    00000250  A$lcc9956
     00000253  A$lcc9956 |    00000254  A$lcc9956 |    00000257  A$lcc9956
     00000259  A$lcc9956 |    00000259  C$main.c$ |    0000025C  A$lcc9956
     0000025D  A$lcc9956 |    00000260  A$lcc9956 |    00000261  A$lcc9956
     00000264  A$lcc9956 |    00000266  A$lcc9956 |    00000266  C$main.c$
     00000269  A$lcc9956 |    0000026A  A$lcc9956 |    0000026D  A$lcc9956
     0000026E  A$lcc9956 |    0000026F  A$lcc9956 |    00000270  A$lcc9956
     00000271  A$lcc9956 |    00000272  A$lcc9956 |    00000275  A$lcc9956
     00000277  A$lcc9956 |    00000277  C$main.c$ |    0000027A  A$lcc9956
     0000027C  A$lcc9956 |    0000027C  C$main.c$ |    0000027C  C$main.c$
     0000027C  XG$init_l |    0000027F  A$lcc9956 |    0000027F  C$main.c$
     0000027F  G$move_fr |    0000027F  _move_fro |    00000280  A$lcc9956
     00000281  A$lcc9956 |    00000281  C$main.c$ |    00000284  A$lcc9956
     00000285  A$lcc9956 |    00000287  A$lcc9956 |    00000287  C$main.c$
     0000028A  A$lcc9956 |    0000028B  A$lcc9956 |    0000028D  A$lcc9956
     0000028E  A$lcc9956 |    0000028F  A$lcc9956 |    00000290  A$lcc9956
     00000291  A$lcc9956 |    00000294  A$lcc9956 |    00000296  A$lcc9956
     00000298  A$lcc9956 |    0000029B  A$lcc9956 |    0000029D  A$lcc9956
     000002A0  A$lcc9956 |    000002A1  A$lcc9956 |    000002A2  A$lcc9956
     000002A3  A$lcc9956 |    000002A4  A$lcc9956 |    000002A5  A$lcc9956
     000002A8  A$lcc9956 |    000002A9  A$lcc9956 |    000002AA  A$lcc9956
     000002AB  A$lcc9956 |    000002AE  A$lcc9956 |    000002B0  A$lcc9956
     000002B1  A$lcc9956 |    000002B4  A$lcc9956 |    000002B5  A$lcc9956
     000002B6  A$lcc9956 |    000002B7  A$lcc9956 |    000002BA  A$lcc9956
     000002BB  A$lcc9956 |    000002BC  A$lcc9956 |    000002BD  A$lcc9956
     000002C0  A$lcc9956 |    000002C2  A$lcc9956 |    000002C4  A$lcc9956
     000002C5  A$lcc9956 |    000002C6  A$lcc9956 |    000002C7  A$lcc9956
     000002C8  A$lcc9956 |    000002CA  A$lcc9956 |    000002CB  A$lcc9956
     000002CE  A$lcc9956 |    000002D0  A$lcc9956 |    000002D0  C$main.c$
     000002D2  A$lcc9956 |    000002D2  C$main.c$ |    000002D5  A$lcc9956
     000002D6  A$lcc9956 |    000002D8  A$lcc9956 |    000002D8  C$main.c$
ASxxxx Linker V03.00 + NoICE + sdld,  page 4.
Hexadecimal  [32-Bits]

Area                       Addr        Size        Decimal Bytes (Attributes)
--------------------       ----        ----        ------- ----- ------------
_CODE                  00000200    000014BE =        5310. bytes (REL,CON)

        Value  Global            Value  Global            Value  Global    
        -----  ------            -----  ------            -----  ------    
     000002DB  A$lcc9956 |    000002DC  A$lcc9956 |    000002DD  A$lcc9956
     000002DE  A$lcc9956 |    000002E1  A$lcc9956 |    000002E3  A$lcc9956
     000002E5  A$lcc9956 |    000002E8  A$lcc9956 |    000002EA  A$lcc9956
     000002ED  A$lcc9956 |    000002EE  A$lcc9956 |    000002EF  A$lcc9956
     000002F0  A$lcc9956 |    000002F3  A$lcc9956 |    000002F4  A$lcc9956
     000002F5  A$lcc9956 |    000002F6  A$lcc9956 |    000002F9  A$lcc9956
     000002FA  A$lcc9956 |    000002FD  A$lcc9956 |    000002FE  A$lcc9956
     000002FF  A$lcc9956 |    00000300  A$lcc9956 |    00000301  A$lcc9956
     00000304  A$lcc9956 |    00000305  A$lcc9956 |    00000306  A$lcc9956
     00000307  A$lcc9956 |    0000030A  A$lcc9956 |    0000030C  A$lcc9956
     0000030D  A$lcc9956 |    0000030E  A$lcc9956 |    0000030F  A$lcc9956
     00000310  A$lcc9956 |    00000311  A$lcc9956 |    00000312  A$lcc9956
     00000313  A$lcc9956 |    00000314  A$lcc9956 |    00000317  A$lcc9956
     00000319  A$lcc9956 |    00000319  C$main.c$ |    0000031A  A$lcc9956
     0000031B  A$lcc9956 |    0000031B  C$main.c$ |    0000031B  XG$move_f
     0000031C  A$lcc9956 |    0000031C  C$main.c$ |    0000031C  C$main.c$
     0000031C  G$paralla |    0000031C  _parallax |    0000031E  A$lcc9956
     0000031F  A$lcc9956 |    00000321  A$lcc9956 |    00000323  A$lcc9956
     00000325  A$lcc9956 |    00000327  A$lcc9956 |    00000329  A$lcc9956
     0000032B  A$lcc9956 |    0000032D  A$lcc9956 |    0000032F  A$lcc9956
     00000331  A$lcc9956 |    00000333  A$lcc9956 |    00000335  A$lcc9956
     00000337  A$lcc9956 |    00000339  A$lcc9956 |    0000033B  A$lcc9956
     0000033D  A$lcc9956 |    0000033F  A$lcc9956 |    00000341  A$lcc9956
     00000343  A$lcc9956 |    00000346  A$lcc9956 |    00000348  A$lcc9956
     0000034B  A$lcc9956 |    0000034D  A$lcc9956 |    00000350  A$lcc9956
     00000352  A$lcc9956 |    00000355  A$lcc9956 |    00000356  A$lcc9956
     00000356  C$main.c$ |    00000357  A$lcc9956 |    00000359  A$lcc9956
     0000035A  A$lcc9956 |    0000035C  A$lcc9956 |    0000035C  C$main.c$
     0000035E  A$lcc9956 |    00000360  A$lcc9956 |    00000360  C$main.c$
     00000361  A$lcc9956 |    00000361  C$main.c$ |    00000364  A$lcc9956
     00000366  A$lcc9956 |    00000367  A$lcc9956 |    00000369  A$lcc9956
     00000369  C$main.c$ |    0000036B  A$lcc9956 |    0000036D  A$lcc9956
     0000036D  C$main.c$ |    0000036E  A$lcc9956 |    0000036E  C$main.c$
     00000371  A$lcc9956 |    00000373  A$lcc9956 |    00000374  A$lcc9956
     00000376  A$lcc9956 |    00000376  C$main.c$ |    00000378  A$lcc9956
     0000037A  A$lcc9956 |    0000037A  C$main.c$ |    0000037B  A$lcc9956
     0000037B  C$main.c$ |    0000037E  A$lcc9956 |    00000380  A$lcc9956
     00000381  A$lcc9956 |    00000383  A$lcc9956 |    00000383  C$main.c$
     00000385  A$lcc9956 |    00000387  A$lcc9956 |    00000387  C$main.c$
     00000388  A$lcc9956 |    00000388  C$main.c$ |    0000038B  A$lcc9956
     0000038D  A$lcc9956 |    0000038E  A$lcc9956 |    00000390  A$lcc9956
     00000390  C$main.c$ |    00000392  A$lcc9956 |    00000394  A$lcc9956
     00000394  C$main.c$ |    00000395  A$lcc9956 |    00000395  C$main.c$
     00000398  A$lcc9956 |    0000039A  A$lcc9956 |    0000039B  A$lcc9956
     0000039D  A$lcc9956 |    0000039D  C$main.c$ |    0000039F  A$lcc9956
     000003A1  A$lcc9956 |    000003A1  C$main.c$ |    000003A2  A$lcc9956
     000003A2  C$main.c$ |    000003A3  A$lcc9956 |    000003A5  A$lcc9956
     000003A6  A$lcc9956 |    000003A8  A$lcc9956 |    000003A8  C$main.c$
     000003AA  A$lcc9956 |    000003AC  A$lcc9956 |    000003AC  C$main.c$
     000003AD  A$lcc9956 |    000003AD  C$main.c$ |    000003B0  A$lcc9956
     000003B2  A$lcc9956 |    000003B3  A$lcc9956 |    000003B5  A$lcc9956
ASxxxx Linker V03.00 + NoICE + sdld,  page 5.
Hexadecimal  [32-Bits]

Area                       Addr        Size        Decimal Bytes (Attributes)
--------------------       ----        ----        ------- ----- ------------
_CODE                  00000200    000014BE =        5310. bytes (REL,CON)

        Value  Global            Value  Global            Value  Global    
        -----  ------            -----  ------            -----  ------    
     000003B5  C$main.c$ |    000003B7  A$lcc9956 |    000003B9  A$lcc9956
     000003B9  C$main.c$ |    000003BA  A$lcc9956 |    000003BA  C$main.c$
     000003BD  A$lcc9956 |    000003BF  A$lcc9956 |    000003C0  A$lcc9956
     000003C2  A$lcc9956 |    000003C2  C$main.c$ |    000003C4  A$lcc9956
     000003C6  A$lcc9956 |    000003C6  C$main.c$ |    000003C7  A$lcc9956
     000003C7  C$main.c$ |    000003CA  A$lcc9956 |    000003CC  A$lcc9956
     000003CD  A$lcc9956 |    000003CF  A$lcc9956 |    000003CF  C$main.c$
     000003D1  A$lcc9956 |    000003D3  A$lcc9956 |    000003D3  C$main.c$
     000003D4  A$lcc9956 |    000003D4  C$main.c$ |    000003D7  A$lcc9956
     000003D9  A$lcc9956 |    000003DA  A$lcc9956 |    000003DC  A$lcc9956
     000003DC  C$main.c$ |    000003DE  A$lcc9956 |    000003E0  A$lcc9956
     000003E0  C$main.c$ |    000003E1  A$lcc9956 |    000003E1  C$main.c$
     000003E4  A$lcc9956 |    000003E6  A$lcc9956 |    000003E7  A$lcc9956
     000003E9  A$lcc9956 |    000003E9  C$main.c$ |    000003EB  A$lcc9956
     000003ED  A$lcc9956 |    000003ED  C$main.c$ |    000003EE  A$lcc9956
     000003EE  C$main.c$ |    000003EF  A$lcc9956 |    000003F1  A$lcc9956
     000003F2  A$lcc9956 |    000003F4  A$lcc9956 |    000003F4  C$main.c$
     000003F5  A$lcc9956 |    000003F7  A$lcc9956 |    000003F7  C$main.c$
     000003F7  C$main.c$ |    000003F7  XG$parall |    000003F8  A$lcc9956
     000003F8  C$main.c$ |    000003F8  G$scroll_ |    000003F8  _scroll_c
     000003F9  A$lcc9956 |    000003F9  C$main.c$ |    000003FC  A$lcc9956
     000003FD  A$lcc9956 |    000003FF  A$lcc9956 |    00000402  A$lcc9956
     00000403  A$lcc9956 |    00000404  A$lcc9956 |    00000407  A$lcc9956
     00000409  A$lcc9956 |    0000040A  A$lcc9956 |    0000040B  A$lcc9956
     0000040E  A$lcc9956 |    0000040E  C$main.c$ |    00000411  A$lcc9956
     00000412  A$lcc9956 |    00000413  A$lcc9956 |    00000414  A$lcc9956
     00000414  C$main.c$ |    00000415  A$lcc9956 |    00000416  A$lcc9956
     00000417  A$lcc9956 |    00000418  A$lcc9956 |    00000419  A$lcc9956
     0000041A  A$lcc9956 |    0000041A  C$main.c$ |    0000041B  A$lcc9956
     0000041C  A$lcc9956 |    0000041D  A$lcc9956 |    0000041E  A$lcc9956
     0000041F  A$lcc9956 |    00000420  A$lcc9956 |    00000421  A$lcc9956
     00000424  A$lcc9956 |    00000425  A$lcc9956 |    00000425  C$main.c$
     00000425  C$main.c$ |    00000425  C$main.c$ |    00000426  A$lcc9956
     00000428  A$lcc9956 |    00000428  C$main.c$ |    0000042B  A$lcc9956
     0000042C  A$lcc9956 |    0000042D  A$lcc9956 |    0000042E  A$lcc9956
     0000042F  A$lcc9956 |    00000432  A$lcc9956 |    00000433  A$lcc9956
     00000434  A$lcc9956 |    00000435  A$lcc9956 |    00000438  A$lcc9956
     0000043A  A$lcc9956 |    0000043B  A$lcc9956 |    0000043E  A$lcc9956
     0000043F  A$lcc9956 |    00000440  A$lcc9956 |    00000441  A$lcc9956
     00000442  A$lcc9956 |    00000445  A$lcc9956 |    00000446  A$lcc9956
     00000447  A$lcc9956 |    00000448  A$lcc9956 |    0000044B  A$lcc9956
     0000044D  A$lcc9956 |    0000044F  A$lcc9956 |    00000450  A$lcc9956
     00000451  A$lcc9956 |    00000452  A$lcc9956 |    00000453  A$lcc9956
     00000455  A$lcc9956 |    00000456  A$lcc9956 |    00000459  A$lcc9956
     0000045B  A$lcc9956 |    0000045B  C$main.c$ |    0000045B  C$main.c$
     0000045E  A$lcc9956 |    00000460  A$lcc9956 |    00000462  A$lcc9956
     00000462  C$main.c$ |    00000465  A$lcc9956 |    00000466  A$lcc9956
     00000467  A$lcc9956 |    00000468  A$lcc9956 |    00000469  A$lcc9956
     0000046C  A$lcc9956 |    0000046D  A$lcc9956 |    0000046E  A$lcc9956
     0000046F  A$lcc9956 |    00000472  A$lcc9956 |    00000474  A$lcc9956
     00000475  A$lcc9956 |    00000478  A$lcc9956 |    00000479  A$lcc9956
ASxxxx Linker V03.00 + NoICE + sdld,  page 6.
Hexadecimal  [32-Bits]

Area                       Addr        Size        Decimal Bytes (Attributes)
--------------------       ----        ----        ------- ----- ------------
_CODE                  00000200    000014BE =        5310. bytes (REL,CON)

        Value  Global            Value  Global            Value  Global    
        -----  ------            -----  ------            -----  ------    
     0000047A  A$lcc9956 |    0000047B  A$lcc9956 |    0000047C  A$lcc9956
     0000047F  A$lcc9956 |    00000480  A$lcc9956 |    00000481  A$lcc9956
     00000482  A$lcc9956 |    00000485  A$lcc9956 |    00000487  A$lcc9956
     00000489  A$lcc9956 |    0000048A  A$lcc9956 |    0000048B  A$lcc9956
     0000048C  A$lcc9956 |    0000048D  A$lcc9956 |    0000048F  A$lcc9956
     00000490  A$lcc9956 |    00000493  A$lcc9956 |    00000495  A$lcc9956
     00000495  C$main.c$ |    00000495  C$main.c$ |    00000498  A$lcc9956
     00000499  A$lcc9956 |    0000049B  A$lcc9956 |    0000049E  A$lcc9956
     0000049F  A$lcc9956 |    000004A0  A$lcc9956 |    000004A3  A$lcc9956
     000004A5  A$lcc9956 |    000004A6  A$lcc9956 |    000004A7  A$lcc9956
     000004A9  A$lcc9956 |    000004A9  C$main.c$ |    000004AC  A$lcc9956
     000004AD  A$lcc9956 |    000004AE  A$lcc9956 |    000004AF  A$lcc9956
     000004AF  C$main.c$ |    000004B2  A$lcc9956 |    000004B4  A$lcc9956
     000004B6  A$lcc9956 |    000004B6  C$main.c$ |    000004B9  A$lcc9956
     000004BA  A$lcc9956 |    000004BB  A$lcc9956 |    000004BC  A$lcc9956
     000004BD  A$lcc9956 |    000004C0  A$lcc9956 |    000004C1  A$lcc9956
     000004C2  A$lcc9956 |    000004C3  A$lcc9956 |    000004C6  A$lcc9956
     000004C8  A$lcc9956 |    000004C9  A$lcc9956 |    000004CC  A$lcc9956
     000004CD  A$lcc9956 |    000004CE  A$lcc9956 |    000004CF  A$lcc9956
     000004D0  A$lcc9956 |    000004D3  A$lcc9956 |    000004D4  A$lcc9956
     000004D5  A$lcc9956 |    000004D6  A$lcc9956 |    000004D9  A$lcc9956
     000004DB  A$lcc9956 |    000004DD  A$lcc9956 |    000004DE  A$lcc9956
     000004DF  A$lcc9956 |    000004E0  A$lcc9956 |    000004E1  A$lcc9956
     000004E3  A$lcc9956 |    000004E4  A$lcc9956 |    000004E7  A$lcc9956
     000004E9  A$lcc9956 |    000004E9  C$main.c$ |    000004E9  C$main.c$
     000004EC  A$lcc9956 |    000004EE  A$lcc9956 |    000004F0  A$lcc9956
     000004F0  C$main.c$ |    000004F3  A$lcc9956 |    000004F4  A$lcc9956
     000004F5  A$lcc9956 |    000004F6  A$lcc9956 |    000004F6  C$main.c$
     000004F9  A$lcc9956 |    000004FA  A$lcc9956 |    000004FB  A$lcc9956
     000004FC  A$lcc9956 |    000004FC  C$main.c$ |    000004FF  A$lcc9956
     00000500  A$lcc9956 |    00000501  A$lcc9956 |    00000502  A$lcc9956
     00000502  C$main.c$ |    00000505  A$lcc9956 |    00000506  A$lcc9956
     00000507  A$lcc9956 |    00000508  A$lcc9956 |    00000508  C$main.c$
     0000050B  A$lcc9956 |    0000050D  A$lcc9956 |    0000050F  A$lcc9956
     0000050F  C$main.c$ |    00000512  A$lcc9956 |    00000513  A$lcc9956
     00000514  A$lcc9956 |    00000515  A$lcc9956 |    00000516  A$lcc9956
     00000517  A$lcc9956 |    00000518  A$lcc9956 |    00000519  A$lcc9956
     0000051A  A$lcc9956 |    0000051B  A$lcc9956 |    0000051C  A$lcc9956
     0000051D  A$lcc9956 |    0000051E  A$lcc9956 |    00000521  A$lcc9956
     00000522  A$lcc9956 |    00000523  A$lcc9956 |    00000526  A$lcc9956
     00000527  A$lcc9956 |    00000528  A$lcc9956 |    00000529  A$lcc9956
     0000052A  A$lcc9956 |    0000052D  A$lcc9956 |    0000052E  A$lcc9956
     0000052F  A$lcc9956 |    00000530  A$lcc9956 |    00000533  A$lcc9956
     00000535  A$lcc9956 |    00000536  A$lcc9956 |    00000537  A$lcc9956
     00000538  A$lcc9956 |    00000539  A$lcc9956 |    0000053A  A$lcc9956
     0000053B  A$lcc9956 |    0000053C  A$lcc9956 |    0000053D  A$lcc9956
     00000540  A$lcc9956 |    00000542  A$lcc9956 |    00000542  C$main.c$
     00000542  C$main.c$ |    00000545  A$lcc9956 |    00000546  A$lcc9956
     00000548  A$lcc9956 |    0000054B  A$lcc9956 |    0000054C  A$lcc9956
     0000054D  A$lcc9956 |    00000550  A$lcc9956 |    00000552  A$lcc9956
     00000553  A$lcc9956 |    00000554  A$lcc9956 |    00000556  A$lcc9956
ASxxxx Linker V03.00 + NoICE + sdld,  page 7.
Hexadecimal  [32-Bits]

Area                       Addr        Size        Decimal Bytes (Attributes)
--------------------       ----        ----        ------- ----- ------------
_CODE                  00000200    000014BE =        5310. bytes (REL,CON)

        Value  Global            Value  Global            Value  Global    
        -----  ------            -----  ------            -----  ------    
     00000556  C$main.c$ |    00000559  A$lcc9956 |    0000055A  A$lcc9956
     0000055B  A$lcc9956 |    0000055C  A$lcc9956 |    0000055C  C$main.c$
     0000055F  A$lcc9956 |    00000560  A$lcc9956 |    00000561  A$lcc9956
     00000562  A$lcc9956 |    00000562  C$main.c$ |    00000565  A$lcc9956
     00000566  A$lcc9956 |    00000567  A$lcc9956 |    00000567  C$main.c$
     00000567  XG$scroll |    00000568  A$lcc9956 |    00000568  C$main.c$
     00000568  G$win_che |    00000568  _win_chec |    0000056A  A$lcc9956
     0000056A  C$main.c$ |    0000056C  A$lcc9956 |    0000056D  A$lcc9956
     0000056F  A$lcc9956 |    00000570  A$lcc9956 |    00000571  A$lcc9956
     00000572  A$lcc9956 |    00000573  A$lcc9956 |    00000574  A$lcc9956
     00000575  A$lcc9956 |    00000578  A$lcc9956 |    00000579  A$lcc9956
     0000057A  A$lcc9956 |    0000057B  A$lcc9956 |    0000057D  A$lcc9956
     0000057E  A$lcc9956 |    0000057F  A$lcc9956 |    00000580  A$lcc9956
     00000582  A$lcc9956 |    00000583  A$lcc9956 |    00000584  A$lcc9956
     00000585  A$lcc9956 |    00000586  A$lcc9956 |    00000588  A$lcc9956
     0000058A  A$lcc9956 |    0000058B  A$lcc9956 |    0000058C  A$lcc9956
     0000058D  A$lcc9956 |    0000058E  A$lcc9956 |    0000058F  A$lcc9956
     00000590  A$lcc9956 |    00000593  A$lcc9956 |    00000594  A$lcc9956
     00000595  A$lcc9956 |    00000596  A$lcc9956 |    00000597  A$lcc9956
     00000598  A$lcc9956 |    00000599  A$lcc9956 |    0000059B  A$lcc9956
     0000059D  A$lcc9956 |    0000059E  A$lcc9956 |    000005A0  A$lcc9956
     000005A1  A$lcc9956 |    000005A3  A$lcc9956 |    000005A4  A$lcc9956
     000005A6  A$lcc9956 |    000005A7  A$lcc9956 |    000005A9  A$lcc9956
     000005AA  A$lcc9956 |    000005AC  A$lcc9956 |    000005AC  C$main.c$
     000005AE  A$lcc9956 |    000005AF  A$lcc9956 |    000005B1  A$lcc9956
     000005B2  A$lcc9956 |    000005B3  A$lcc9956 |    000005B4  A$lcc9956
     000005B5  A$lcc9956 |    000005B6  A$lcc9956 |    000005B7  A$lcc9956
     000005BA  A$lcc9956 |    000005BB  A$lcc9956 |    000005BC  A$lcc9956
     000005BD  A$lcc9956 |    000005BF  A$lcc9956 |    000005C0  A$lcc9956
     000005C1  A$lcc9956 |    000005C2  A$lcc9956 |    000005C4  A$lcc9956
     000005C5  A$lcc9956 |    000005C6  A$lcc9956 |    000005C7  A$lcc9956
     000005C8  A$lcc9956 |    000005CA  A$lcc9956 |    000005CC  A$lcc9956
     000005CE  A$lcc9956 |    000005CF  A$lcc9956 |    000005D0  A$lcc9956
     000005D1  A$lcc9956 |    000005D4  A$lcc9956 |    000005D5  A$lcc9956
     000005D6  A$lcc9956 |    000005D7  A$lcc9956 |    000005D9  A$lcc9956
     000005DB  A$lcc9956 |    000005DD  A$lcc9956 |    000005DF  A$lcc9956
     000005E1  A$lcc9956 |    000005E3  A$lcc9956 |    000005E3  C$main.c$
     000005E5  A$lcc9956 |    000005E6  A$lcc9956 |    000005E7  A$lcc9956
     000005E8  A$lcc9956 |    000005EB  A$lcc9956 |    000005EC  A$lcc9956
     000005ED  A$lcc9956 |    000005EE  A$lcc9956 |    000005F0  A$lcc9956
     000005F1  A$lcc9956 |    000005F2  A$lcc9956 |    000005F3  A$lcc9956
     000005F5  A$lcc9956 |    000005F6  A$lcc9956 |    000005F7  A$lcc9956
     000005F8  A$lcc9956 |    000005F9  A$lcc9956 |    000005FA  A$lcc9956
     000005FB  A$lcc9956 |    000005FC  A$lcc9956 |    000005FD  A$lcc9956
     000005FF  A$lcc9956 |    00000601  A$lcc9956 |    00000602  A$lcc9956
     00000603  A$lcc9956 |    00000604  A$lcc9956 |    00000605  A$lcc9956
     00000606  A$lcc9956 |    00000607  A$lcc9956 |    0000060A  A$lcc9956
     0000060B  A$lcc9956 |    0000060C  A$lcc9956 |    0000060D  A$lcc9956
     0000060F  A$lcc9956 |    00000610  A$lcc9956 |    00000611  A$lcc9956
     00000612  A$lcc9956 |    00000614  A$lcc9956 |    00000615  A$lcc9956
     00000617  A$lcc9956 |    00000618  A$lcc9956 |    00000619  A$lcc9956
ASxxxx Linker V03.00 + NoICE + sdld,  page 8.
Hexadecimal  [32-Bits]

Area                       Addr        Size        Decimal Bytes (Attributes)
--------------------       ----        ----        ------- ----- ------------
_CODE                  00000200    000014BE =        5310. bytes (REL,CON)

        Value  Global            Value  Global            Value  Global    
        -----  ------            -----  ------            -----  ------    
     0000061A  A$lcc9956 |    0000061C  A$lcc9956 |    0000061E  A$lcc9956
     00000620  A$lcc9956 |    00000622  A$lcc9956 |    00000624  A$lcc9956
     00000626  A$lcc9956 |    00000626  C$main.c$ |    00000628  A$lcc9956
     00000629  A$lcc9956 |    0000062B  A$lcc9956 |    0000062C  A$lcc9956
     0000062E  A$lcc9956 |    0000062F  A$lcc9956 |    00000631  A$lcc9956
     00000632  A$lcc9956 |    00000634  A$lcc9956 |    00000636  A$lcc9956
     00000638  A$lcc9956 |    00000639  A$lcc9956 |    0000063B  A$lcc9956
     0000063C  A$lcc9956 |    0000063E  A$lcc9956 |    0000063F  A$lcc9956
     00000640  A$lcc9956 |    00000641  A$lcc9956 |    00000642  A$lcc9956
     00000643  A$lcc9956 |    00000644  A$lcc9956 |    00000644  C$main.c$
     00000646  A$lcc9956 |    00000647  A$lcc9956 |    00000648  A$lcc9956
     00000649  A$lcc9956 |    0000064A  A$lcc9956 |    0000064B  A$lcc9956
     0000064C  A$lcc9956 |    0000064C  C$main.c$ |    0000064F  A$lcc9956
     00000650  A$lcc9956 |    00000651  A$lcc9956 |    00000654  A$lcc9956
     00000655  A$lcc9956 |    00000656  A$lcc9956 |    00000657  A$lcc9956
     00000659  A$lcc9956 |    0000065A  A$lcc9956 |    0000065B  A$lcc9956
     0000065D  A$lcc9956 |    0000065D  C$main.c$ |    00000660  A$lcc9956
     00000661  A$lcc9956 |    00000664  A$lcc9956 |    00000665  A$lcc9956
     00000668  A$lcc9956 |    00000669  A$lcc9956 |    0000066C  A$lcc9956
     0000066E  A$lcc9956 |    0000066E  C$main.c$ |    00000671  A$lcc9956
     00000674  A$lcc9956 |    00000674  C$main.c$ |    00000675  A$lcc9956
     00000677  A$lcc9956 |    00000679  A$lcc9956 |    0000067A  A$lcc9956
     0000067C  A$lcc9956 |    0000067E  A$lcc9956 |    0000067E  C$main.c$
     00000681  A$lcc9956 |    00000682  A$lcc9956 |    00000685  A$lcc9956
     00000686  A$lcc9956 |    00000689  A$lcc9956 |    0000068A  A$lcc9956
     0000068D  A$lcc9956 |    0000068F  A$lcc9956 |    0000068F  C$main.c$
     00000692  A$lcc9956 |    00000694  A$lcc9956 |    00000694  C$main.c$
     00000695  A$lcc9956 |    00000697  A$lcc9956 |    00000699  A$lcc9956
     0000069A  A$lcc9956 |    0000069C  A$lcc9956 |    0000069E  A$lcc9956
     0000069E  C$main.c$ |    000006A1  A$lcc9956 |    000006A2  A$lcc9956
     000006A5  A$lcc9956 |    000006A6  A$lcc9956 |    000006A9  A$lcc9956
     000006AA  A$lcc9956 |    000006AD  A$lcc9956 |    000006AF  A$lcc9956
     000006AF  C$main.c$ |    000006B2  A$lcc9956 |    000006B4  A$lcc9956
     000006B4  C$main.c$ |    000006B5  A$lcc9956 |    000006B7  A$lcc9956
     000006B9  A$lcc9956 |    000006BA  A$lcc9956 |    000006BC  A$lcc9956
     000006BE  A$lcc9956 |    000006BE  C$main.c$ |    000006C1  A$lcc9956
     000006C2  A$lcc9956 |    000006C5  A$lcc9956 |    000006C6  A$lcc9956
     000006C9  A$lcc9956 |    000006CA  A$lcc9956 |    000006CD  A$lcc9956
     000006CF  A$lcc9956 |    000006CF  C$main.c$ |    000006D2  A$lcc9956
     000006D4  A$lcc9956 |    000006D4  C$main.c$ |    000006D5  A$lcc9956
     000006D7  A$lcc9956 |    000006D9  A$lcc9956 |    000006DA  A$lcc9956
     000006DC  A$lcc9956 |    000006DE  A$lcc9956 |    000006DE  C$main.c$
     000006E1  A$lcc9956 |    000006E2  A$lcc9956 |    000006E5  A$lcc9956
     000006E6  A$lcc9956 |    000006E9  A$lcc9956 |    000006EA  A$lcc9956
     000006ED  A$lcc9956 |    000006EF  A$lcc9956 |    000006EF  C$main.c$
     000006F2  A$lcc9956 |    000006F4  A$lcc9956 |    000006F4  C$main.c$
     000006F7  A$lcc9956 |    000006F9  A$lcc9956 |    000006F9  C$main.c$
     000006F9  XG$win_ch |    000006FA  A$lcc9956 |    000006FA  C$main.c$
     000006FA  G$collide |    000006FA  _collide_ |    000006FC  A$lcc9956
     000006FC  C$main.c$ |    000006FF  A$lcc9956 |    00000700  A$lcc9956
     00000701  A$lcc9956 |    00000702  A$lcc9956 |    00000703  A$lcc9956
ASxxxx Linker V03.00 + NoICE + sdld,  page 9.
Hexadecimal  [32-Bits]

Area                       Addr        Size        Decimal Bytes (Attributes)
--------------------       ----        ----        ------- ----- ------------
_CODE                  00000200    000014BE =        5310. bytes (REL,CON)

        Value  Global            Value  Global            Value  Global    
        -----  ------            -----  ------            -----  ------    
     00000705  A$lcc9956 |    00000706  A$lcc9956 |    00000707  A$lcc9956
     00000708  A$lcc9956 |    00000709  A$lcc9956 |    0000070B  A$lcc9956
     0000070D  A$lcc9956 |    0000070D  C$main.c$ |    0000070F  A$lcc9956
     00000711  A$lcc9956 |    00000711  C$main.c$ |    00000713  A$lcc9956
     00000715  A$lcc9956 |    00000717  A$lcc9956 |    00000717  C$main.c$
     00000719  A$lcc9956 |    0000071B  A$lcc9956 |    0000071B  C$main.c$
     0000071D  A$lcc9956 |    0000071F  A$lcc9956 |    0000071F  C$main.c$
     00000721  A$lcc9956 |    00000722  A$lcc9956 |    00000724  A$lcc9956
     00000725  A$lcc9956 |    00000726  A$lcc9956 |    00000727  A$lcc9956
     00000728  A$lcc9956 |    00000729  A$lcc9956 |    0000072A  A$lcc9956
     0000072D  A$lcc9956 |    0000072E  A$lcc9956 |    0000072F  A$lcc9956
     00000730  A$lcc9956 |    00000732  A$lcc9956 |    00000733  A$lcc9956
     00000734  A$lcc9956 |    00000735  A$lcc9956 |    00000737  A$lcc9956
     00000738  A$lcc9956 |    00000739  A$lcc9956 |    0000073A  A$lcc9956
     0000073B  A$lcc9956 |    0000073D  A$lcc9956 |    0000073F  A$lcc9956
     00000740  A$lcc9956 |    00000741  A$lcc9956 |    00000742  A$lcc9956
     00000743  A$lcc9956 |    00000744  A$lcc9956 |    00000745  A$lcc9956
     00000748  A$lcc9956 |    00000749  A$lcc9956 |    0000074A  A$lcc9956
     0000074B  A$lcc9956 |    0000074D  A$lcc9956 |    0000074F  A$lcc9956
     00000751  A$lcc9956 |    00000753  A$lcc9956 |    00000755  A$lcc9956
     00000757  A$lcc9956 |    00000757  C$main.c$ |    0000075A  A$lcc9956
     0000075B  A$lcc9956 |    0000075C  A$lcc9956 |    0000075D  A$lcc9956
     0000075E  A$lcc9956 |    0000075F  A$lcc9956 |    00000760  A$lcc9956
     00000761  A$lcc9956 |    00000762  A$lcc9956 |    00000762  C$main.c$
     00000763  A$lcc9956 |    00000765  A$lcc9956 |    00000766  A$lcc9956
     00000767  A$lcc9956 |    00000769  A$lcc9956 |    0000076C  A$lcc9956
     0000076E  A$lcc9956 |    0000076F  A$lcc9956 |    0000076F  C$main.c$
     00000771  A$lcc9956 |    00000772  A$lcc9956 |    00000774  A$lcc9956
     00000775  A$lcc9956 |    00000777  A$lcc9956 |    00000779  A$lcc9956
     0000077A  A$lcc9956 |    0000077C  A$lcc9956 |    0000077E  A$lcc9956
     0000077F  A$lcc9956 |    00000780  A$lcc9956 |    00000781  A$lcc9956
     00000782  A$lcc9956 |    00000783  A$lcc9956 |    00000784  A$lcc9956
     00000786  A$lcc9956 |    00000787  A$lcc9956 |    00000789  A$lcc9956
     0000078A  A$lcc9956 |    0000078B  A$lcc9956 |    0000078C  A$lcc9956
     0000078D  A$lcc9956 |    0000078E  A$lcc9956 |    0000078F  A$lcc9956
     00000790  A$lcc9956 |    00000791  A$lcc9956 |    00000792  A$lcc9956
     00000793  A$lcc9956 |    00000795  A$lcc9956 |    00000796  A$lcc9956
     00000798  A$lcc9956 |    00000799  A$lcc9956 |    0000079B  A$lcc9956
     0000079C  A$lcc9956 |    0000079E  A$lcc9956 |    0000079F  A$lcc9956
     000007A1  A$lcc9956 |    000007A3  A$lcc9956 |    000007A5  A$lcc9956
     000007A6  A$lcc9956 |    000007A7  A$lcc9956 |    000007AA  A$lcc9956
     000007AB  A$lcc9956 |    000007AC  A$lcc9956 |    000007AD  A$lcc9956
     000007AF  A$lcc9956 |    000007B0  A$lcc9956 |    000007B1  A$lcc9956
     000007B2  A$lcc9956 |    000007B4  A$lcc9956 |    000007B5  A$lcc9956
     000007B7  A$lcc9956 |    000007B9  A$lcc9956 |    000007BA  A$lcc9956
     000007BC  A$lcc9956 |    000007BD  A$lcc9956 |    000007BF  A$lcc9956
     000007C0  A$lcc9956 |    000007C2  A$lcc9956 |    000007C3  A$lcc9956
     000007C5  A$lcc9956 |    000007C6  A$lcc9956 |    000007C8  A$lcc9956
     000007C8  C$main.c$ |    000007CA  A$lcc9956 |    000007CB  A$lcc9956
     000007CC  A$lcc9956 |    000007CE  A$lcc9956 |    000007CF  A$lcc9956
     000007D0  A$lcc9956 |    000007D1  A$lcc9956 |    000007D2  A$lcc9956
ASxxxx Linker V03.00 + NoICE + sdld,  page 10.
Hexadecimal  [32-Bits]

Area                       Addr        Size        Decimal Bytes (Attributes)
--------------------       ----        ----        ------- ----- ------------
_CODE                  00000200    000014BE =        5310. bytes (REL,CON)

        Value  Global            Value  Global            Value  Global    
        -----  ------            -----  ------            -----  ------    
     000007D3  A$lcc9956 |    000007D4  A$lcc9956 |    000007D6  A$lcc9956
     000007D7  A$lcc9956 |    000007D8  A$lcc9956 |    000007D9  A$lcc9956
     000007DA  A$lcc9956 |    000007DB  A$lcc9956 |    000007DC  A$lcc9956
     000007DE  A$lcc9956 |    000007DF  A$lcc9956 |    000007E0  A$lcc9956
     000007E1  A$lcc9956 |    000007E3  A$lcc9956 |    000007E4  A$lcc9956
     000007E5  A$lcc9956 |    000007E6  A$lcc9956 |    000007E7  A$lcc9956
     000007E8  A$lcc9956 |    000007E9  A$lcc9956 |    000007EA  A$lcc9956
     000007EB  A$lcc9956 |    000007ED  A$lcc9956 |    000007EF  A$lcc9956
     000007F0  A$lcc9956 |    000007F1  A$lcc9956 |    000007F2  A$lcc9956
     000007F3  A$lcc9956 |    000007F6  A$lcc9956 |    000007F7  A$lcc9956
     000007F8  A$lcc9956 |    000007F9  A$lcc9956 |    000007FB  A$lcc9956
     000007FC  A$lcc9956 |    000007FD  A$lcc9956 |    000007FE  A$lcc9956
     00000800  A$lcc9956 |    00000801  A$lcc9956 |    00000803  A$lcc9956
     00000804  A$lcc9956 |    00000805  A$lcc9956 |    00000805  C$main.c$
     00000806  A$lcc9956 |    00000807  A$lcc9956 |    00000809  A$lcc9956
     0000080B  A$lcc9956 |    0000080D  A$lcc9956 |    0000080F  A$lcc9956
     00000811  A$lcc9956 |    00000813  A$lcc9956 |    00000814  A$lcc9956
     00000815  A$lcc9956 |    00000817  A$lcc9956 |    00000818  A$lcc9956
     00000819  A$lcc9956 |    0000081A  A$lcc9956 |    0000081B  A$lcc9956
     0000081C  A$lcc9956 |    0000081F  A$lcc9956 |    00000820  A$lcc9956
     00000821  A$lcc9956 |    00000822  A$lcc9956 |    00000824  A$lcc9956
     00000825  A$lcc9956 |    00000827  A$lcc9956 |    00000827  C$main.c$
     00000828  A$lcc9956 |    0000082A  A$lcc9956 |    0000082B  A$lcc9956
     0000082C  A$lcc9956 |    0000082D  A$lcc9956 |    0000082E  A$lcc9956
     00000831  A$lcc9956 |    00000832  A$lcc9956 |    00000834  A$lcc9956
     00000835  A$lcc9956 |    00000836  A$lcc9956 |    00000838  A$lcc9956
     00000838  C$main.c$ |    0000083B  A$lcc9956 |    0000083C  A$lcc9956
     0000083D  A$lcc9956 |    0000083E  A$lcc9956 |    0000083F  A$lcc9956
     00000841  A$lcc9956 |    00000842  A$lcc9956 |    00000843  A$lcc9956
     00000844  A$lcc9956 |    00000845  A$lcc9956 |    00000847  A$lcc9956
     00000849  A$lcc9956 |    00000849  C$main.c$ |    0000084B  A$lcc9956
     0000084C  A$lcc9956 |    0000084E  A$lcc9956 |    0000084F  A$lcc9956
     00000851  A$lcc9956 |    00000853  A$lcc9956 |    00000854  A$lcc9956
     00000856  A$lcc9956 |    00000857  A$lcc9956 |    00000858  A$lcc9956
     0000085A  A$lcc9956 |    0000085B  A$lcc9956 |    0000085D  A$lcc9956
     0000085F  A$lcc9956 |    00000860  A$lcc9956 |    00000862  A$lcc9956
     00000863  A$lcc9956 |    00000865  A$lcc9956 |    00000868  A$lcc9956
     00000869  A$lcc9956 |    0000086B  A$lcc9956 |    0000086C  A$lcc9956
     0000086D  A$lcc9956 |    0000086F  A$lcc9956 |    00000870  A$lcc9956
     00000873  A$lcc9956 |    00000873  C$main.c$ |    00000876  A$lcc9956
     00000879  A$lcc9956 |    00000879  C$main.c$ |    00000879  C$main.c$
     0000087A  A$lcc9956 |    0000087C  A$lcc9956 |    0000087D  A$lcc9956
     0000087F  A$lcc9956 |    00000880  A$lcc9956 |    00000882  A$lcc9956
     00000883  A$lcc9956 |    00000885  A$lcc9956 |    00000885  C$main.c$
     00000887  A$lcc9956 |    00000888  A$lcc9956 |    0000088A  A$lcc9956
     0000088B  A$lcc9956 |    0000088D  A$lcc9956 |    0000088F  A$lcc9956
     00000890  A$lcc9956 |    00000891  A$lcc9956 |    00000893  A$lcc9956
     00000895  A$lcc9956 |    00000896  A$lcc9956 |    00000898  A$lcc9956
     00000899  A$lcc9956 |    0000089A  A$lcc9956 |    0000089C  A$lcc9956
     0000089D  A$lcc9956 |    0000089F  A$lcc9956 |    000008A1  A$lcc9956
     000008A3  A$lcc9956 |    000008A5  A$lcc9956 |    000008A7  A$lcc9956
ASxxxx Linker V03.00 + NoICE + sdld,  page 11.
Hexadecimal  [32-Bits]

Area                       Addr        Size        Decimal Bytes (Attributes)
--------------------       ----        ----        ------- ----- ------------
_CODE                  00000200    000014BE =        5310. bytes (REL,CON)

        Value  Global            Value  Global            Value  Global    
        -----  ------            -----  ------            -----  ------    
     000008A8  A$lcc9956 |    000008A9  A$lcc9956 |    000008AB  A$lcc9956
     000008AC  A$lcc9956 |    000008AE  A$lcc9956 |    000008AE  C$main.c$
     000008B1  A$lcc9956 |    000008B3  A$lcc9956 |    000008B6  A$lcc9956
     000008B6  C$main.c$ |    000008B9  A$lcc9956 |    000008BA  A$lcc9956
     000008BD  A$lcc9956 |    000008BD  C$main.c$ |    000008C0  A$lcc9956
     000008C3  A$lcc9956 |    000008C3  C$main.c$ |    000008C5  A$lcc9956
     000008C6  A$lcc9956 |    000008C8  A$lcc9956 |    000008C9  A$lcc9956
     000008CB  A$lcc9956 |    000008CD  A$lcc9956 |    000008CE  A$lcc9956
     000008CF  A$lcc9956 |    000008D1  A$lcc9956 |    000008D2  A$lcc9956
     000008D3  A$lcc9956 |    000008D5  A$lcc9956 |    000008D6  A$lcc9956
     000008D8  A$lcc9956 |    000008D9  A$lcc9956 |    000008DB  A$lcc9956
     000008DC  A$lcc9956 |    000008DD  A$lcc9956 |    000008DF  A$lcc9956
     000008E0  A$lcc9956 |    000008E1  A$lcc9956 |    000008E3  A$lcc9956
     000008E4  A$lcc9956 |    000008E6  A$lcc9956 |    000008E7  A$lcc9956
     000008E8  A$lcc9956 |    000008E8  C$main.c$ |    000008E9  A$lcc9956
     000008EB  A$lcc9956 |    000008EC  A$lcc9956 |    000008EE  A$lcc9956
     000008EE  C$main.c$ |    000008F0  A$lcc9956 |    000008F2  A$lcc9956
     000008F4  A$lcc9956 |    000008F6  A$lcc9956 |    000008F8  A$lcc9956
     000008FA  A$lcc9956 |    000008FC  A$lcc9956 |    000008FE  A$lcc9956
     00000900  A$lcc9956 |    00000900  C$main.c$ |    00000903  A$lcc9956
     00000905  A$lcc9956 |    00000907  A$lcc9956 |    00000907  C$main.c$
     0000090A  A$lcc9956 |    0000090B  A$lcc9956 |    0000090D  A$lcc9956
     0000090D  C$main.c$ |    00000910  A$lcc9956 |    00000912  A$lcc9956
     00000912  C$main.c$ |    00000913  A$lcc9956 |    00000915  A$lcc9956
     00000916  A$lcc9956 |    00000918  A$lcc9956 |    00000918  C$main.c$
     0000091A  A$lcc9956 |    0000091C  A$lcc9956 |    0000091E  A$lcc9956
     00000920  A$lcc9956 |    00000922  A$lcc9956 |    00000924  A$lcc9956
     00000926  A$lcc9956 |    00000928  A$lcc9956 |    0000092A  A$lcc9956
     0000092A  C$main.c$ |    0000092D  A$lcc9956 |    0000092F  A$lcc9956
     00000931  A$lcc9956 |    00000931  C$main.c$ |    00000934  A$lcc9956
     00000935  A$lcc9956 |    00000937  A$lcc9956 |    00000937  C$main.c$
     0000093A  A$lcc9956 |    0000093C  A$lcc9956 |    0000093C  C$main.c$
     0000093D  A$lcc9956 |    0000093F  A$lcc9956 |    00000940  A$lcc9956
     00000942  A$lcc9956 |    00000942  C$main.c$ |    00000944  A$lcc9956
     00000946  A$lcc9956 |    00000948  A$lcc9956 |    0000094A  A$lcc9956
     0000094C  A$lcc9956 |    0000094E  A$lcc9956 |    00000950  A$lcc9956
     00000952  A$lcc9956 |    00000954  A$lcc9956 |    00000954  C$main.c$
     00000957  A$lcc9956 |    00000959  A$lcc9956 |    0000095B  A$lcc9956
     0000095B  C$main.c$ |    0000095E  A$lcc9956 |    0000095F  A$lcc9956
     00000961  A$lcc9956 |    00000961  C$main.c$ |    00000964  A$lcc9956
     00000966  A$lcc9956 |    00000966  C$main.c$ |    00000967  A$lcc9956
     00000969  A$lcc9956 |    0000096A  A$lcc9956 |    0000096C  A$lcc9956
     0000096C  C$main.c$ |    0000096F  A$lcc9956 |    00000970  A$lcc9956
     00000971  A$lcc9956 |    00000972  A$lcc9956 |    00000973  A$lcc9956
     00000974  A$lcc9956 |    00000977  A$lcc9956 |    00000978  A$lcc9956
     0000097A  A$lcc9956 |    0000097A  C$main.c$ |    0000097A  XG$collid
     0000097B  A$lcc9956 |    0000097B  C$main.c$ |    0000097B  C$main.c$
     0000097B  G$animate |    0000097B  _animate_ |    0000097E  A$lcc9956
     0000097F  A$lcc9956 |    0000097F  C$main.c$ |    00000982  A$lcc9956
     00000983  A$lcc9956 |    00000983  C$main.c$ |    00000985  A$lcc9956
     00000985  C$main.c$ |    00000988  A$lcc9956 |    0000098A  A$lcc9956
ASxxxx Linker V03.00 + NoICE + sdld,  page 12.
Hexadecimal  [32-Bits]

Area                       Addr        Size        Decimal Bytes (Attributes)
--------------------       ----        ----        ------- ----- ------------
_CODE                  00000200    000014BE =        5310. bytes (REL,CON)

        Value  Global            Value  Global            Value  Global    
        -----  ------            -----  ------            -----  ------    
     0000098C  A$lcc9956 |    0000098C  C$main.c$ |    0000098F  A$lcc9956
     00000992  A$lcc9956 |    00000993  A$lcc9956 |    00000994  A$lcc9956
     00000995  A$lcc9956 |    00000997  A$lcc9956 |    00000998  A$lcc9956
     0000099A  A$lcc9956 |    0000099B  A$lcc9956 |    0000099C  A$lcc9956
     0000099C  C$main.c$ |    0000099E  A$lcc9956 |    0000099F  A$lcc9956
     000009A1  A$lcc9956 |    000009A3  A$lcc9956 |    000009A3  C$main.c$
     000009A5  A$lcc9956 |    000009A6  A$lcc9956 |    000009A7  A$lcc9956
     000009A8  A$lcc9956 |    000009A9  A$lcc9956 |    000009AC  A$lcc9956
     000009AD  A$lcc9956 |    000009AE  A$lcc9956 |    000009AF  A$lcc9956
     000009AF  C$main.c$ |    000009B0  A$lcc9956 |    000009B2  A$lcc9956
     000009B3  A$lcc9956 |    000009B4  A$lcc9956 |    000009B5  A$lcc9956
     000009B6  A$lcc9956 |    000009B9  A$lcc9956 |    000009BA  A$lcc9956
     000009BB  A$lcc9956 |    000009BB  C$main.c$ |    000009BC  A$lcc9956
     000009BE  A$lcc9956 |    000009C0  A$lcc9956 |    000009C2  A$lcc9956
     000009C3  A$lcc9956 |    000009C5  A$lcc9956 |    000009C5  C$main.c$
     000009C6  A$lcc9956 |    000009C7  A$lcc9956 |    000009C9  A$lcc9956
     000009CA  A$lcc9956 |    000009CB  A$lcc9956 |    000009CC  A$lcc9956
     000009CF  A$lcc9956 |    000009D1  A$lcc9956 |    000009D2  A$lcc9956
     000009D2  C$main.c$ |    000009D3  A$lcc9956 |    000009D5  A$lcc9956
     000009D7  A$lcc9956 |    000009D9  A$lcc9956 |    000009DA  A$lcc9956
     000009DC  A$lcc9956 |    000009DC  C$main.c$ |    000009DD  A$lcc9956
     000009DF  A$lcc9956 |    000009E0  A$lcc9956 |    000009E1  A$lcc9956
     000009E2  A$lcc9956 |    000009E5  A$lcc9956 |    000009E7  A$lcc9956
     000009E7  C$main.c$ |    000009E8  A$lcc9956 |    000009EA  A$lcc9956
     000009EA  C$main.c$ |    000009ED  A$lcc9956 |    000009EF  A$lcc9956
     000009F1  A$lcc9956 |    000009F4  A$lcc9956 |    000009F5  A$lcc9956
     000009F6  A$lcc9956 |    000009F8  A$lcc9956 |    000009F8  C$main.c$
     000009FA  A$lcc9956 |    000009FA  C$main.c$ |    000009FD  A$lcc9956
     000009FE  A$lcc9956 |    000009FF  A$lcc9956 |    000009FF  C$main.c$
     00000A02  A$lcc9956 |    00000A04  A$lcc9956 |    00000A05  A$lcc9956
     00000A05  C$main.c$ |    00000A08  A$lcc9956 |    00000A09  A$lcc9956
     00000A0A  A$lcc9956 |    00000A0C  A$lcc9956 |    00000A0D  A$lcc9956
     00000A10  A$lcc9956 |    00000A11  A$lcc9956 |    00000A12  A$lcc9956
     00000A15  A$lcc9956 |    00000A17  A$lcc9956 |    00000A18  A$lcc9956
     00000A1B  A$lcc9956 |    00000A1C  A$lcc9956 |    00000A1D  A$lcc9956
     00000A1D  C$main.c$ |    00000A1E  A$lcc9956 |    00000A1F  A$lcc9956
     00000A21  A$lcc9956 |    00000A21  C$main.c$ |    00000A22  A$lcc9956
     00000A24  A$lcc9956 |    00000A25  A$lcc9956 |    00000A27  A$lcc9956
     00000A28  A$lcc9956 |    00000A29  A$lcc9956 |    00000A2C  A$lcc9956
     00000A2E  A$lcc9956 |    00000A2E  C$main.c$ |    00000A2F  A$lcc9956
     00000A31  A$lcc9956 |    00000A32  A$lcc9956 |    00000A34  A$lcc9956
     00000A35  A$lcc9956 |    00000A36  A$lcc9956 |    00000A39  A$lcc9956
     00000A3B  A$lcc9956 |    00000A3B  C$main.c$ |    00000A3E  A$lcc9956
     00000A40  A$lcc9956 |    00000A40  C$main.c$ |    00000A43  A$lcc9956
     00000A45  A$lcc9956 |    00000A46  A$lcc9956 |    00000A46  C$main.c$
     00000A47  A$lcc9956 |    00000A48  A$lcc9956 |    00000A4B  A$lcc9956
     00000A4C  A$lcc9956 |    00000A4F  A$lcc9956 |    00000A51  A$lcc9956
     00000A51  C$main.c$ |    00000A52  A$lcc9956 |    00000A53  A$lcc9956
     00000A56  A$lcc9956 |    00000A57  A$lcc9956 |    00000A5A  A$lcc9956
     00000A5C  A$lcc9956 |    00000A5C  C$main.c$ |    00000A5C  XG$animat
     00000A5D  A$lcc9956 |    00000A5D  C$main.c$ |    00000A5D  C$main.c$
ASxxxx Linker V03.00 + NoICE + sdld,  page 13.
Hexadecimal  [32-Bits]

Area                       Addr        Size        Decimal Bytes (Attributes)
--------------------       ----        ----        ------- ----- ------------
_CODE                  00000200    000014BE =        5310. bytes (REL,CON)

        Value  Global            Value  Global            Value  Global    
        -----  ------            -----  ------            -----  ------    
     00000A5D  G$main$0$ |    00000A5D  _main     |    00000A5F  A$lcc9956
     00000A61  A$lcc9956 |    00000A61  C$main.c$ |    00000A62  A$lcc9956
     00000A64  A$lcc9956 |    00000A64  C$main.c$ |    00000A65  A$lcc9956
     00000A65  C$main.c$ |    00000A68  A$lcc9956 |    00000A69  A$lcc9956
     00000A6C  A$lcc9956 |    00000A6D  A$lcc9956 |    00000A6E  A$lcc9956
     00000A6E  C$main.c$ |    00000A70  A$lcc9956 |    00000A71  A$lcc9956
     00000A72  A$lcc9956 |    00000A75  A$lcc9956 |    00000A76  A$lcc9956
     00000A76  C$main.c$ |    00000A77  A$lcc9956 |    00000A79  A$lcc9956
     00000A79  C$main.c$ |    00000A7B  A$lcc9956 |    00000A7D  A$lcc9956
     00000A7D  C$main.c$ |    00000A7F  A$lcc9956 |    00000A81  A$lcc9956
     00000A83  A$lcc9956 |    00000A83  C$main.c$ |    00000A85  A$lcc9956
     00000A87  A$lcc9956 |    00000A89  A$lcc9956 |    00000A89  C$main.c$
     00000A8B  A$lcc9956 |    00000A8D  A$lcc9956 |    00000A8F  A$lcc9956
     00000A8F  C$main.c$ |    00000A91  A$lcc9956 |    00000A93  A$lcc9956
     00000A95  A$lcc9956 |    00000A95  C$main.c$ |    00000A98  A$lcc9956
     00000A98  C$main.c$ |    00000A98  C$main.c$ |    00000A9B  A$lcc9956
     00000A9E  A$lcc9956 |    00000A9E  C$main.c$ |    00000AA1  A$lcc9956
     00000AA4  A$lcc9956 |    00000AA5  A$lcc9956 |    00000AA5  C$main.c$
     00000AA8  A$lcc9956 |    00000AA9  A$lcc9956 |    00000AAC  A$lcc9956
     00000AAD  A$lcc9956 |    00000AAE  A$lcc9956 |    00000AAF  A$lcc9956
     00000AB0  A$lcc9956 |    00000AB3  A$lcc9956 |    00000AB4  A$lcc9956
     00000AB4  C$main.c$ |    00000AB7  A$lcc9956 |    00000AB8  A$lcc9956
     00000ABB  A$lcc9956 |    00000ABB  C$main.c$ |    00000ABE  A$lcc9956
     00000AC1  A$lcc9956 |    00000AC2  A$lcc9956 |    00000AC3  A$lcc9956
     00000AC4  A$lcc9956 |    00000AC5  A$lcc9956 |    00000AC7  A$lcc9956
     00000ACA  A$lcc9956 |    00000ACC  A$lcc9956 |    00000ACE  A$lcc9956
     00000ACE  C$main.c$ |    00000ACE  C$main.c$ |    00000AD1  A$lcc9956
     00000AD3  A$lcc9956 |    00000AD5  A$lcc9956 |    00000AD8  A$lcc9956
     00000ADA  A$lcc9956 |    00000ADC  A$lcc9956 |    00000ADE  A$lcc9956
     00000ADE  C$main.c$ |    00000ADE  C$main.c$ |    00000AE0  A$lcc9956
     00000AE2  A$lcc9956 |    00000AE2  C$main.c$ |    00000AE5  A$lcc9956
     00000AE7  A$lcc9956 |    00000AE7  C$main.c$ |    00000AEA  A$lcc9956
     00000AEC  A$lcc9956 |    00000AEC  C$main.c$ |    00000AEE  A$lcc9956
     00000AEE  C$main.c$ |    00000AEE  C$main.c$ |    00000AF0  A$lcc9956
     00000AF2  A$lcc9956 |    00000AF2  C$main.c$ |    00000AF5  A$lcc9956
     00000AF7  A$lcc9956 |    00000AF7  C$main.c$ |    00000AFA  A$lcc9956
     00000AFC  A$lcc9956 |    00000AFC  C$main.c$ |    00000AFE  A$lcc9956
     00000AFE  C$main.c$ |    00000AFE  C$main.c$ |    00000B00  A$lcc9956
     00000B02  A$lcc9956 |    00000B02  C$main.c$ |    00000B05  A$lcc9956
     00000B07  A$lcc9956 |    00000B07  C$main.c$ |    00000B0A  A$lcc9956
     00000B0C  A$lcc9956 |    00000B0C  C$main.c$ |    00000B0F  A$lcc9956
     00000B11  A$lcc9956 |    00000B11  C$main.c$ |    00000B13  A$lcc9956
     00000B13  C$main.c$ |    00000B13  C$main.c$ |    00000B16  A$lcc9956
     00000B17  A$lcc9956 |    00000B18  A$lcc9956 |    00000B19  A$lcc9956
     00000B1A  A$lcc9956 |    00000B1C  A$lcc9956 |    00000B1E  A$lcc9956
     00000B1F  A$lcc9956 |    00000B21  A$lcc9956 |    00000B22  A$lcc9956
     00000B24  A$lcc9956 |    00000B26  A$lcc9956 |    00000B28  A$lcc9956
     00000B2A  A$lcc9956 |    00000B2B  A$lcc9956 |    00000B2D  A$lcc9956
     00000B2F  A$lcc9956 |    00000B31  A$lcc9956 |    00000B32  A$lcc9956
     00000B34  A$lcc9956 |    00000B36  A$lcc9956 |    00000B38  A$lcc9956
     00000B38  C$main.c$ |    00000B3B  A$lcc9956 |    00000B3D  A$lcc9956
ASxxxx Linker V03.00 + NoICE + sdld,  page 14.
Hexadecimal  [32-Bits]

Area                       Addr        Size        Decimal Bytes (Attributes)
--------------------       ----        ----        ------- ----- ------------
_CODE                  00000200    000014BE =        5310. bytes (REL,CON)

        Value  Global            Value  Global            Value  Global    
        -----  ------            -----  ------            -----  ------    
     00000B3D  C$main.c$ |    00000B40  A$lcc9956 |    00000B42  A$lcc9956
     00000B42  C$main.c$ |    00000B45  A$lcc9956 |    00000B47  A$lcc9956
     00000B47  C$main.c$ |    00000B47  C$main.c$ |    00000B4A  A$lcc9956
     00000B4B  A$lcc9956 |    00000B4D  A$lcc9956 |    00000B4D  C$main.c$
     00000B50  A$lcc9956 |    00000B50  C$main.c$ |    00000B53  A$lcc9956
     00000B55  A$lcc9956 |    00000B57  A$lcc9956 |    00000B5A  A$lcc9956
     00000B5C  A$lcc9956 |    00000B5F  A$lcc9956 |    00000B60  A$lcc9956
     00000B63  A$lcc9956 |    00000B64  A$lcc9956 |    00000B65  A$lcc9956
     00000B67  A$lcc9956 |    00000B67  C$main.c$ |    00000B6A  A$lcc9956
     00000B6B  A$lcc9956 |    00000B6D  A$lcc9956 |    00000B6D  C$main.c$
     00000B70  A$lcc9956 |    00000B70  C$main.c$ |    00000B73  A$lcc9956
     00000B75  A$lcc9956 |    00000B77  A$lcc9956 |    00000B7A  A$lcc9956
     00000B7C  A$lcc9956 |    00000B7F  A$lcc9956 |    00000B80  A$lcc9956
     00000B83  A$lcc9956 |    00000B84  A$lcc9956 |    00000B85  A$lcc9956
     00000B87  A$lcc9956 |    00000B87  C$main.c$ |    00000B8A  A$lcc9956
     00000B8B  A$lcc9956 |    00000B8D  A$lcc9956 |    00000B90  A$lcc9956
     00000B91  A$lcc9956 |    00000B93  A$lcc9956 |    00000B93  C$main.c$
     00000B96  A$lcc9956 |    00000B98  A$lcc9956 |    00000B98  C$main.c$
     00000B9B  A$lcc9956 |    00000B9B  C$main.c$ |    00000B9E  A$lcc9956
     00000B9E  C$main.c$ |    00000BA1  A$lcc9956 |    00000BA3  A$lcc9956
     00000BA5  A$lcc9956 |    00000BA5  C$main.c$ |    00000BA8  A$lcc9956
     00000BA8  C$main.c$ |    00000BAB  A$lcc9956 |    00000BAD  A$lcc9956
     00000BAF  A$lcc9956 |    00000BAF  C$main.c$ |    00000BB2  A$lcc9956
     00000BB3  A$lcc9956 |    00000BB5  A$lcc9956 |    00000BB6  A$lcc9956
     00000BB7  A$lcc9956 |    00000BBA  A$lcc9956 |    00000BBC  A$lcc9956
     00000BBC  C$main.c$ |    00000BBF  A$lcc9956 |    00000BBF  C$main.c$
     00000BC2  A$lcc9956 |    00000BC2  C$main.c$ |    00000BC2  XG$main$0
     00000BC5  G$BKG_MAP |    00000BC5  _BKG_MAP  |    00000FC5  G$BKG_TIL
     00000FC5  _BKG_TILE |    00001205  G$COLLISI |    00001205  _COLLISIO
     00001605  G$WIN_FRO |    00001605  _WIN_FROG |    00001609  _get_vram
     00001616  _get_win_ |    0000161E  _get_bkg_ |    00001645  _set_vram
     00001654  _set_win_ |    0000165C  _set_bkg_ |    00001686  ___move_m
ASxxxx Linker V03.00 + NoICE + sdld,  page 15.
Hexadecimal  [32-Bits]

Area                       Addr        Size        Decimal Bytes (Attributes)
--------------------       ----        ----        ------- ----- ------------
_HEADER0               00000000    00000001 =           1. bytes (ABS,CON)

        Value  Global            Value  Global            Value  Global    
        -----  ------            -----  ------            -----  ------    
     00000020  .call_hl 
ASxxxx Linker V03.00 + NoICE + sdld,  page 16.
Hexadecimal  [32-Bits]

Area                       Addr        Size        Decimal Bytes (Attributes)
--------------------       ----        ----        ------- ----- ------------
_HEADER1               00000000    00000005 =           5. bytes (ABS,CON)

        Value  Global            Value  Global            Value  Global    
        -----  ------            -----  ------            -----  ------    
     00000028  .MemsetSm
ASxxxx Linker V03.00 + NoICE + sdld,  page 17.
Hexadecimal  [32-Bits]

Area                       Addr        Size        Decimal Bytes (Attributes)
--------------------       ----        ----        ------- ----- ------------
_HEADER2               00000000    00000007 =           7. bytes (ABS,CON)

        Value  Global            Value  Global            Value  Global    
        -----  ------            -----  ------            -----  ------    
     00000030  .MemcpySm
ASxxxx Linker V03.00 + NoICE + sdld,  page 18.
Hexadecimal  [32-Bits]

Area                       Addr        Size        Decimal Bytes (Attributes)
--------------------       ----        ----        ------- ----- ------------
_HEADER3               00000000    00000008 =           8. bytes (ABS,CON)

        Value  Global            Value  Global            Value  Global    
        -----  ------            -----  ------            -----  ------    
ASxxxx Linker V03.00 + NoICE + sdld,  page 19.
Hexadecimal  [32-Bits]

Area                       Addr        Size        Decimal Bytes (Attributes)
--------------------       ----        ----        ------- ----- ------------
_HEADER4               00000000    0000004F =          79. bytes (ABS,CON)

        Value  Global            Value  Global            Value  Global    
        -----  ------            -----  ------            -----  ------    
     00000080  .int      |    0000008F  _wait_int |    0000009C  __standar
     000000AC  _refresh_
ASxxxx Linker V03.00 + NoICE + sdld,  page 20.
Hexadecimal  [32-Bits]

Area                       Addr        Size        Decimal Bytes (Attributes)
--------------------       ----        ----        ------- ----- ------------
_HEADER5               00000000    00000002 =           2. bytes (ABS,CON)

        Value  Global            Value  Global            Value  Global    
        -----  ------            -----  ------            -----  ------    
ASxxxx Linker V03.00 + NoICE + sdld,  page 21.
Hexadecimal  [32-Bits]

Area                       Addr        Size        Decimal Bytes (Attributes)
--------------------       ----        ----        ------- ----- ------------
_HEADER6               00000000    00000030 =          48. bytes (ABS,CON)

        Value  Global            Value  Global            Value  Global    
        -----  ------            -----  ------            -----  ------    
ASxxxx Linker V03.00 + NoICE + sdld,  page 22.
Hexadecimal  [32-Bits]

Area                       Addr        Size        Decimal Bytes (Attributes)
--------------------       ----        ----        ------- ----- ------------
_HEADER7               00000000    00000006 =           6. bytes (ABS,CON)

        Value  Global            Value  Global            Value  Global    
        -----  ------            -----  ------            -----  ------    
ASxxxx Linker V03.00 + NoICE + sdld,  page 23.
Hexadecimal  [32-Bits]

Area                       Addr        Size        Decimal Bytes (Attributes)
--------------------       ----        ----        ------- ----- ------------
_HEADER8               00000000    00000003 =           3. bytes (ABS,CON)

        Value  Global            Value  Global            Value  Global    
        -----  ------            -----  ------            -----  ------    
ASxxxx Linker V03.00 + NoICE + sdld,  page 24.
Hexadecimal  [32-Bits]

Area                       Addr        Size        Decimal Bytes (Attributes)
--------------------       ----        ----        ------- ----- ------------
_HEADER9               00000000    00000001 =           1. bytes (ABS,CON)

        Value  Global            Value  Global            Value  Global    
        -----  ------            -----  ------            -----  ------    
ASxxxx Linker V03.00 + NoICE + sdld,  page 25.
Hexadecimal  [32-Bits]

Area                       Addr        Size        Decimal Bytes (Attributes)
--------------------       ----        ----        ------- ----- ------------
_HEADERa               00000000    00000001 =           1. bytes (ABS,CON)

        Value  Global            Value  Global            Value  Global    
        -----  ------            -----  ------            -----  ------    
ASxxxx Linker V03.00 + NoICE + sdld,  page 26.
Hexadecimal  [32-Bits]

Area                       Addr        Size        Decimal Bytes (Attributes)
--------------------       ----        ----        ------- ----- ------------
_HEADERb               00000000    00000001 =           1. bytes (ABS,CON)

        Value  Global            Value  Global            Value  Global    
        -----  ------            -----  ------            -----  ------    
ASxxxx Linker V03.00 + NoICE + sdld,  page 27.
Hexadecimal  [32-Bits]

Area                       Addr        Size        Decimal Bytes (Attributes)
--------------------       ----        ----        ------- ----- ------------
_HEADERc               00000000    00000002 =           2. bytes (ABS,CON)

        Value  Global            Value  Global            Value  Global    
        -----  ------            -----  ------            -----  ------    
ASxxxx Linker V03.00 + NoICE + sdld,  page 28.
Hexadecimal  [32-Bits]

Area                       Addr        Size        Decimal Bytes (Attributes)
--------------------       ----        ----        ------- ----- ------------
_HEADERd               00000000    00000001 =           1. bytes (ABS,CON)

        Value  Global            Value  Global            Value  Global    
        -----  ------            -----  ------            -----  ------    
ASxxxx Linker V03.00 + NoICE + sdld,  page 29.
Hexadecimal  [32-Bits]

Area                       Addr        Size        Decimal Bytes (Attributes)
--------------------       ----        ----        ------- ----- ------------
_HEADERe               00000000    00000001 =           1. bytes (ABS,CON)

        Value  Global            Value  Global            Value  Global    
        -----  ------            -----  ------            -----  ------    
ASxxxx Linker V03.00 + NoICE + sdld,  page 30.
Hexadecimal  [32-Bits]

Area                       Addr        Size        Decimal Bytes (Attributes)
--------------------       ----        ----        ------- ----- ------------
_HEADERf               00000000    00000002 =           2. bytes (ABS,CON)

        Value  Global            Value  Global            Value  Global    
        -----  ------            -----  ------            -----  ------    
ASxxxx Linker V03.00 + NoICE + sdld,  page 31.
Hexadecimal  [32-Bits]

Area                       Addr        Size        Decimal Bytes (Attributes)
--------------------       ----        ----        ------- ----- ------------
_HEADER10              00000000    00000082 =         130. bytes (ABS,CON)

        Value  Global            Value  Global            Value  Global    
        -----  ------            -----  ------            -----  ------    
     00000150  .reset    |    00000150  _reset    |    00000157  .code_sta
     000001B7  _exit     |    000001BB  _set_inte
ASxxxx Linker V03.00 + NoICE + sdld,  page 32.
Hexadecimal  [32-Bits]

Area                       Addr        Size        Decimal Bytes (Attributes)
--------------------       ----        ----        ------- ----- ------------
_HEADER11              00000000    00000001 =           1. bytes (ABS,CON)

        Value  Global            Value  Global            Value  Global    
        -----  ------            -----  ------            -----  ------    
ASxxxx Linker V03.00 + NoICE + sdld,  page 33.
Hexadecimal  [32-Bits]

Area                       Addr        Size        Decimal Bytes (Attributes)
--------------------       ----        ----        ------- ----- ------------
_HOME                  000016BE    000002F3 =         755. bytes (REL,CON)

        Value  Global            Value  Global            Value  Global    
        -----  ------            -----  ------            -----  ------    
     000016BE  .memset_s |    000016C7  .memcpy_s |    000016E4  .remove_V
     000016E7  .remove_i |    00001704  .add_VBL  |    00001707  .add_int 
     00001712  .wait_vbl |    00001712  _wait_vbl |    00001722  .display_
     00001722  _display_ |    0000173A  _remove_V |    00001745  _add_VBL 
     00001750  _set_tile |    00001755  _set_bkg_ |    00001755  _set_win_
     0000175D  _set_spri |    0000178D  .padup    |    0000178D  _waitpadu
     0000179D  .jpad     |    0000179D  _joypad   |    000017C5  _waitpad 
     000017C8  .wait_pad |    000017FE  _add_LCD  |    00001809  .add_LCD 
     0000180F  _remove_L |    0000181A  .remove_L |    00001820  __divsuch
     0000182D  __modsuch |    00001837  __divusch |    00001849  __modusch
     00001859  __divscha |    00001865  __modscha |    0000186F  __divsint
     00001880  __modsint |    0000188F  __divucha |    0000189B  __moducha
     000018A5  __divuint |    000018B6  __moduint |    000018C5  .div8    
     000018C5  .mod8     |    000018CD  .div16    |    000018CD  .mod16   
     00001903  .divu8    |    00001903  .modu8    |    00001906  .divu16  
     00001906  .modu16   |    00001947  _set_bkg_ |    0000195B  .set_xy_w
     00001964  .set_xy_b |    00001973  .set_xy_t
ASxxxx Linker V03.00 + NoICE + sdld,  page 34.
Hexadecimal  [32-Bits]

Area                       Addr        Size        Decimal Bytes (Attributes)
--------------------       ----        ----        ------- ----- ------------
_INITIALIZER           000019B1    00000030 =          48. bytes (REL,CON)

        Value  Global            Value  Global            Value  Global    
        -----  ------            -----  ------            -----  ------    
     000019B1  Fmain$__x |    000019D5  Fmain$__x |    000019D9  Fmain$__x
ASxxxx Linker V03.00 + NoICE + sdld,  page 35.
Hexadecimal  [32-Bits]

Area                       Addr        Size        Decimal Bytes (Attributes)
--------------------       ----        ----        ------- ----- ------------
_GSINIT                000019E1    0000000C =          12. bytes (REL,CON)

        Value  Global            Value  Global            Value  Global    
        -----  ------            -----  ------            -----  ------    
     000019E1  gsinit   
ASxxxx Linker V03.00 + NoICE + sdld,  page 36.
Hexadecimal  [32-Bits]

Area                       Addr        Size        Decimal Bytes (Attributes)
--------------------       ----        ----        ------- ----- ------------
_GSFINAL               000019ED    00000001 =           1. bytes (REL,CON)

        Value  Global            Value  Global            Value  Global    
        -----  ------            -----  ------            -----  ------    
ASxxxx Linker V03.00 + NoICE + sdld,  page 37.
Hexadecimal  [32-Bits]

Area                       Addr        Size        Decimal Bytes (Attributes)
--------------------       ----        ----        ------- ----- ------------
_DATA                  0000C0A0    00000047 =          71. bytes (REL,CON)

        Value  Global            Value  Global            Value  Global    
        -----  ------            -----  ------            -----  ------    
     0000C0A0  __cpu     |    0000C0A1  __is_GBA  |    0000C0A2  .mode    
     0000C0A3  .sys_time |    0000C0A3  _sys_time |    0000C0A5  .int_0x40
     0000C0B9  G$scroll$ |    0000C0B9  _scroll   |    0000C0C3  G$PLAYER$
     0000C0C3  _PLAYER   |    0000C0C9  G$joy$0_0 |    0000C0C9  _joy     
     0000C0CA  G$last_jo |    0000C0CA  _last_joy |    0000C0CB  G$is_movi
     0000C0CB  _is_movin |    0000C0CC  G$turtles |    0000C0CC  _turtles_
     0000C0CD  G$move_x$ |    0000C0CD  _move_x   |    0000C0CE  G$move_y$
     0000C0CE  _move_y   |    0000C0CF  G$scx_cou |    0000C0CF  _scx_coun
     0000C0D0  G$turtle_ |    0000C0D0  _turtle_c |    0000C0D1  G$turtle_
     0000C0D1  _turtle_d |    0000C0D2  G$turtle_ |    0000C0D2  _turtle_t
     0000C0D3  G$dive_ti |    0000C0D3  _dive_til |    0000C0D4  ___curren
     0000C0D6  ___curren |    0000C0D7  .int_0x48
ASxxxx Linker V03.00 + NoICE + sdld,  page 38.
Hexadecimal  [32-Bits]

Area                       Addr        Size        Decimal Bytes (Attributes)
--------------------       ----        ----        ------- ----- ------------
_INITIALIZED           0000C0E7    00000030 =          48. bytes (REL,CON)

        Value  Global            Value  Global            Value  Global    
        -----  ------            -----  ------            -----  ------    
     0000C0E7  G$scroll_ |    0000C0E7  _scroll_r |    0000C10B  G$turtle_
     0000C10B  _turtle_t |    0000C10F  G$dive_ti |    0000C10F  _dive_til
     0000C116  ___render
ASxxxx Linker V03.00 + NoICE + sdld,  page 39.
Hexadecimal  [32-Bits]

Area                       Addr        Size        Decimal Bytes (Attributes)
--------------------       ----        ----        ------- ----- ------------
_HRAM12                00000000    00000003 =           3. bytes (ABS,CON)

        Value  Global            Value  Global            Value  Global    
        -----  ------            -----  ------            -----  ------    
     0000FF90  __current |    0000FF92  __shadow_
ASxxxx Linker V03.00 + NoICE + sdld,  page 40.
Hexadecimal  [32-Bits]

Area                       Addr        Size        Decimal Bytes (Attributes)
--------------------       ----        ----        ------- ----- ------------
_CODE_1                00014000    000000AC =         172. bytes (REL,CON)

        Value  Global            Value  Global            Value  Global    
        -----  ------            -----  ------            -----  ------    
     00014000  C$frogger |    00014000  G$__func_ |    00014000  G$frogger
     00014000  ___func_f |    00014000  _frogger_ |    00014008  G$frogger
     00014008  _frogger_ |    00014048  G$frogger |    00014048  _frogger_
     00014054  G$frogger |    00014054  _frogger_ |    00014056  C$frogger
     00014056  G$__func_ |    00014056  G$frogger |    00014056  ___func_f
     00014056  _frogger_ |    0001405E  G$frogger |    0001405E  _frogger_
     0001409E  G$frogger |    0001409E  _frogger_ |    000140AA  G$frogger
     000140AA  _frogger_
ASxxxx Linker V03.00 + NoICE + sdld,  page 41.
Hexadecimal  [32-Bits]

Area                       Addr        Size        Decimal Bytes (Attributes)
--------------------       ----        ----        ------- ----- ------------
_HEADER_LCD0           00000000    00000003 =           3. bytes (ABS,CON)

        Value  Global            Value  Global            Value  Global    
        -----  ------            -----  ------            -----  ------    
ASxxxx Linker V03.00 + NoICE + sdld,  page 42.

Files Linked                              [ module(s) ]

C:\c_code\gbdk\lib/small/asxxxx/gb/crt0.o
                                          [ Runtime ]
C:\Users\User\AppData\Local\Temp/lcc99560.rel
                                          [ main ]
C:\Users\User\AppData\Local\Temp/lcc99561.rel
                                          [ bkg_map ]
C:\Users\User\AppData\Local\Temp/lcc99562.rel
                                          [ bkg_tiles ]
C:\Users\User\AppData\Local\Temp/lcc99563.rel
                                          [ collision_map ]
C:\Users\User\AppData\Local\Temp/lcc99564.rel
                                          [ frogger ]
C:\Users\User\AppData\Local\Temp/lcc99565.rel
                                          [ frogger_16 ]
C:\Users\User\AppData\Local\Temp/lcc99566.rel
                                          [ win_frog ]


Libraries Linked                          [ object file ]

C:\c_code\gbdk\lib/small/asxxxx/gb/gb.lib
                                          [ sfr.o ]
C:\c_code\gbdk\lib/small/asxxxx/gb/gb.lib
                                          [ get_tile.o ]
C:\c_code\gbdk\lib/small/asxxxx/gb/gb.lib
                                          [ set_data.o ]
C:\c_code\gbdk\lib/small/asxxxx/gb/gb.lib
                                          [ set_tile.o ]
C:\c_code\gbdk\lib/small/asxxxx/gb/gb.lib
                                          [ pad.o ]
C:\c_code\gbdk\lib/small/asxxxx/gb/gb.lib
                                          [ metasprites.o ]
C:\c_code\gbdk\lib/small/asxxxx/gb/gb.lib
                                          [ lcd.o ]
C:\c_code\gbdk\lib/small/asxxxx/gbz80/gbz80.lib
                                          [ div.o ]
C:\c_code\gbdk\lib/small/asxxxx/gb/gb.lib
                                          [ set_bk_t.o ]
C:\c_code\gbdk\lib/small/asxxxx/gb/gb.lib
                                          [ set_xy_t.o ]

ASxxxx Linker V03.00 + NoICE + sdld,  page 43.

User Base Address Definitions

_DATA=0xC0A0
_CODE=0x0200
ASxxxx Linker V03.00 + NoICE + sdld,  page 44.

User Global Definitions

_shadow_OAM=0xC000
.STACK=0xE000
.refresh_OAM=0xFF80

