ASxxxx Linker V03.00 + NoICE + sdld,  page 1.
Hexadecimal  [32-Bits]

Area                       Addr        Size        Decimal Bytes (Attributes)
--------------------       ----        ----        ------- ----- ------------
.  .ABS.               00000000    00000000 =           0. bytes (ABS,CON)

        Value  Global            Value  Global            Value  Global    
        -----  ------            -----  ------            -----  ------    
     00000000  .__.ABS.  |    00000000  _rRAMG    |    00000000  l__BASE  
     00000000  l__BSS    |    00000000  l__CABS   |    00000000  l__DABS  
     00000000  l__HEADER |    00000000  l__HEADER |    00000000  l__HEAP  
     00000000  l__HEAP_E |    00000000  l__HRAM   |    00000000  l__LIT   
     00000000  s__CABS   |    00000000  s__DABS   |    00000000  s__HEADER
     00000000  s__HEADER |    00000000  s__HEADER |    00000000  s__HEADER
     00000000  s__HEADER |    00000000  s__HEADER |    00000000  s__HEADER
     00000000  s__HEADER |    00000000  s__HEADER |    00000000  s__HEADER
     00000000  s__HEADER |    00000000  s__HEADER |    00000000  s__HEADER
     00000000  s__HEADER |    00000000  s__HEADER |    00000000  s__HEADER
     00000000  s__HEADER |    00000000  s__HEADER |    00000000  s__HEADER
     00000000  s__HEADER |    00000000  s__HEADER |    00000000  s__HRAM  
     00000000  s__HRAM12 |    00000001  ___bank_f |    00000001  ___bank_f
     00000001  ___bank_f |    00000001  ___bank_l |    00000001  l__GSFINA
     00000001  l__HEADER |    00000001  l__HEADER |    00000001  l__HEADER
     00000001  l__HEADER |    00000001  l__HEADER |    00000001  l__HEADER
     00000001  l__HEADER |    00000002  l__HEADER |    00000002  l__HEADER
     00000002  l__HEADER |    00000003  l__HEADER |    00000003  l__HEADER
     00000003  l__HRAM12 |    00000005  l__HEADER |    00000006  l__HEADER
     00000007  l__HEADER |    00000008  l__HEADER |    0000000C  l__GSINIT
     00000030  l__HEADER |    0000004C  l__HEADER |    00000056  l__INITIA
     00000056  l__INITIA |    00000084  l__HEADER |    00000085  l__DATA  
     00000200  s__CODE   |    000002AB  l__HOME   |    00000426  l__CODE_1
     00000440  l__CODE_0 |    00002000  _rROMB0   |    00002846  l__CODE  
     00002A46  s__HOME   |    00002CF1  s__BASE   |    00002CF1  s__CODE_0
     00003000  _rROMB1   |    00003131  s__INITIA |    00003131  s__LIT   
     00003187  s__GSINIT |    00003193  s__GSFINA |    00004000  _rRAMB   
     00008000  __VRAM    |    00008000  __VRAM800 |    00008800  __VRAM880
     00009000  __VRAM900 |    00009800  __SCRN0   |    00009C00  __SCRN1  
     0000A000  __SRAM    |    0000C000  __RAM     |    0000C000  _shadow_O
     0000C0A0  s__DATA   |    0000C125  s__BSS    |    0000C125  s__INITIA
     0000C17B  s__HEAP   |    0000C17B  s__HEAP_E |    0000D000  __RAMBANK
     0000E000  .STACK    |    0000FE00  __OAMRAM  |    0000FF00  _P1_REG  
     0000FF00  __IO      |    0000FF01  _SB_REG   |    0000FF02  _SC_REG  
     0000FF04  _DIV_REG  |    0000FF05  _TIMA_REG |    0000FF06  _TMA_REG 
     0000FF07  _TAC_REG  |    0000FF0F  _IF_REG   |    0000FF10  _NR10_REG
     0000FF11  _NR11_REG |    0000FF12  _NR12_REG |    0000FF13  _NR13_REG
     0000FF14  _NR14_REG |    0000FF16  _NR21_REG |    0000FF17  _NR22_REG
     0000FF18  _NR23_REG |    0000FF19  _NR24_REG |    0000FF1A  _NR30_REG
     0000FF1B  _NR31_REG |    0000FF1C  _NR32_REG |    0000FF1D  _NR33_REG
     0000FF1E  _NR34_REG |    0000FF20  _NR41_REG |    0000FF21  _NR42_REG
     0000FF22  _NR43_REG |    0000FF23  _NR44_REG |    0000FF24  _NR50_REG
     0000FF25  _NR51_REG |    0000FF26  _NR52_REG |    0000FF30  _AUD3WAVE
     0000FF30  _PCM_SAMP |    0000FF30  __AUD3WAV |    0000FF40  _LCDC_REG
     0000FF41  _STAT_REG |    0000FF42  _SCY_REG  |    0000FF43  _SCX_REG 
     0000FF44  _LY_REG   |    0000FF45  _LYC_REG  |    0000FF46  _DMA_REG 
     0000FF47  _BGP_REG  |    0000FF48  _OBP0_REG |    0000FF49  _OBP1_REG
     0000FF4A  _WY_REG   |    0000FF4B  _WX_REG   |    0000FF4D  _KEY1_REG
     0000FF4F  _VBK_REG  |    0000FF51  _HDMA1_RE |    0000FF52  _HDMA2_RE
     0000FF53  _HDMA3_RE |    0000FF54  _HDMA4_RE |    0000FF55  _HDMA5_RE
ASxxxx Linker V03.00 + NoICE + sdld,  page 2.
Hexadecimal  [32-Bits]

Area                       Addr        Size        Decimal Bytes (Attributes)
--------------------       ----        ----        ------- ----- ------------
.  .ABS.               00000000    00000000 =           0. bytes (ABS,CON)

        Value  Global            Value  Global            Value  Global    
        -----  ------            -----  ------            -----  ------    
     0000FF56  _RP_REG   |    0000FF68  _BCPS_REG |    0000FF69  _BCPD_REG
     0000FF6A  _OCPS_REG |    0000FF6B  _OCPD_REG |    0000FF70  _SVBK_REG
     0000FF76  _PCM12_RE |    0000FF77  _PCM34_RE |    0000FF80  .refresh_
     0000FF80  __HRAM    |    0000FFFF  _IE_REG   |    00014000  s__CODE_1
ASxxxx Linker V03.00 + NoICE + sdld,  page 3.
Hexadecimal  [32-Bits]

Area                       Addr        Size        Decimal Bytes (Attributes)
--------------------       ----        ----        ------- ----- ------------
_CODE                  00000200    00002846 =       10310. bytes (REL,CON)

        Value  Global            Value  Global            Value  Global    
        -----  ------            -----  ------            -----  ------    
     00000200  A$lcc1176 |    00000200  C$main.c$ |    00000200  G$overlap
     00000200  _overlap  |    00000201  A$lcc1176 |    00000201  C$main.c$
     00000203  A$lcc1176 |    00000204  A$lcc1176 |    00000205  A$lcc1176
     00000207  A$lcc1176 |    00000208  A$lcc1176 |    00000209  A$lcc1176
     0000020A  A$lcc1176 |    0000020C  A$lcc1176 |    0000020E  A$lcc1176
     0000020F  A$lcc1176 |    00000211  A$lcc1176 |    00000212  A$lcc1176
     00000214  A$lcc1176 |    00000216  A$lcc1176 |    00000217  A$lcc1176
     00000219  A$lcc1176 |    0000021A  A$lcc1176 |    0000021C  A$lcc1176
     0000021E  A$lcc1176 |    0000021F  A$lcc1176 |    00000221  A$lcc1176
     00000222  A$lcc1176 |    00000224  A$lcc1176 |    00000226  A$lcc1176
     00000227  A$lcc1176 |    00000229  A$lcc1176 |    0000022A  A$lcc1176
     0000022C  A$lcc1176 |    0000022E  A$lcc1176 |    0000022F  A$lcc1176
     00000231  A$lcc1176 |    00000232  A$lcc1176 |    00000234  A$lcc1176
     00000236  A$lcc1176 |    00000237  A$lcc1176 |    00000239  A$lcc1176
     0000023A  A$lcc1176 |    0000023C  A$lcc1176 |    0000023C  C$main.c$
     0000023D  A$lcc1176 |    00000240  A$lcc1176 |    00000240  C$main.c$
     00000242  A$lcc1176 |    00000243  A$lcc1176 |    00000244  A$lcc1176
     00000246  A$lcc1176 |    00000247  A$lcc1176 |    00000248  A$lcc1176
     00000249  A$lcc1176 |    0000024A  A$lcc1176 |    0000024B  A$lcc1176
     0000024C  A$lcc1176 |    0000024D  A$lcc1176 |    0000024E  A$lcc1176
     0000024F  A$lcc1176 |    00000251  A$lcc1176 |    00000253  A$lcc1176
     00000255  A$lcc1176 |    00000257  A$lcc1176 |    00000258  A$lcc1176
     0000025A  A$lcc1176 |    0000025C  A$lcc1176 |    0000025E  A$lcc1176
     0000025F  A$lcc1176 |    00000261  A$lcc1176 |    00000263  A$lcc1176
     00000264  A$lcc1176 |    00000265  A$lcc1176 |    00000266  A$lcc1176
     00000267  A$lcc1176 |    00000268  A$lcc1176 |    00000269  A$lcc1176
     0000026A  A$lcc1176 |    0000026C  A$lcc1176 |    0000026E  A$lcc1176
     00000270  A$lcc1176 |    00000272  A$lcc1176 |    00000273  A$lcc1176
     00000275  A$lcc1176 |    00000277  A$lcc1176 |    00000279  A$lcc1176
     0000027A  A$lcc1176 |    0000027C  A$lcc1176 |    0000027C  C$main.c$
     0000027D  A$lcc1176 |    0000027F  A$lcc1176 |    0000027F  C$main.c$
     00000281  A$lcc1176 |    00000282  A$lcc1176 |    00000283  A$lcc1176
     00000285  A$lcc1176 |    00000286  A$lcc1176 |    00000287  A$lcc1176
     00000288  A$lcc1176 |    00000289  A$lcc1176 |    0000028A  A$lcc1176
     0000028B  A$lcc1176 |    0000028C  A$lcc1176 |    0000028D  A$lcc1176
     0000028E  A$lcc1176 |    00000290  A$lcc1176 |    00000292  A$lcc1176
     00000294  A$lcc1176 |    00000296  A$lcc1176 |    00000297  A$lcc1176
     00000299  A$lcc1176 |    0000029B  A$lcc1176 |    0000029D  A$lcc1176
     0000029E  A$lcc1176 |    000002A0  A$lcc1176 |    000002A2  A$lcc1176
     000002A3  A$lcc1176 |    000002A4  A$lcc1176 |    000002A6  A$lcc1176
     000002A7  A$lcc1176 |    000002A8  A$lcc1176 |    000002A9  A$lcc1176
     000002AA  A$lcc1176 |    000002AB  A$lcc1176 |    000002AC  A$lcc1176
     000002AD  A$lcc1176 |    000002AE  A$lcc1176 |    000002AF  A$lcc1176
     000002B1  A$lcc1176 |    000002B3  A$lcc1176 |    000002B5  A$lcc1176
     000002B7  A$lcc1176 |    000002B8  A$lcc1176 |    000002BA  A$lcc1176
     000002BC  A$lcc1176 |    000002BE  A$lcc1176 |    000002BF  A$lcc1176
     000002C1  A$lcc1176 |    000002C1  C$main.c$ |    000002C2  A$lcc1176
     000002C4  A$lcc1176 |    000002C4  C$main.c$ |    000002C6  A$lcc1176
     000002C6  C$main.c$ |    000002C7  A$lcc1176 |    000002C8  A$lcc1176
     000002C9  A$lcc1176 |    000002CB  A$lcc1176 |    000002CC  A$lcc1176
ASxxxx Linker V03.00 + NoICE + sdld,  page 4.
Hexadecimal  [32-Bits]

Area                       Addr        Size        Decimal Bytes (Attributes)
--------------------       ----        ----        ------- ----- ------------
_CODE                  00000200    00002846 =       10310. bytes (REL,CON)

        Value  Global            Value  Global            Value  Global    
        -----  ------            -----  ------            -----  ------    
     000002CC  C$main.c$ |    000002CC  C$main.c$ |    000002CC  G$remove_
     000002CC  _remove_f |    000002CF  A$lcc1176 |    000002D1  A$lcc1176
     000002D4  A$lcc1176 |    000002D5  A$lcc1176 |    000002D6  A$lcc1176
     000002D7  A$lcc1176 |    000002DA  A$lcc1176 |    000002DB  A$lcc1176
     000002DC  A$lcc1176 |    000002DD  A$lcc1176 |    000002DF  A$lcc1176
     000002E0  A$lcc1176 |    000002E1  A$lcc1176 |    000002E4  A$lcc1176
     000002E5  A$lcc1176 |    000002E5  C$main.c$ |    000002E6  A$lcc1176
     000002E9  A$lcc1176 |    000002EA  A$lcc1176 |    000002EB  A$lcc1176
     000002EB  C$main.c$ |    000002EC  A$lcc1176 |    000002EF  A$lcc1176
     000002F0  A$lcc1176 |    000002F1  A$lcc1176 |    000002F1  C$main.c$
     000002F1  XG$remove |    000002F2  A$lcc1176 |    000002F2  C$main.c$
     000002F2  C$main.c$ |    000002F2  G$kill_fr |    000002F2  _kill_fro
     000002F5  A$lcc1176 |    000002F7  A$lcc1176 |    000002F7  C$main.c$
     000002FA  A$lcc1176 |    000002FC  A$lcc1176 |    000002FC  C$main.c$
     000002FF  A$lcc1176 |    00000301  A$lcc1176 |    00000301  C$main.c$
     00000304  A$lcc1176 |    00000305  A$lcc1176 |    00000306  A$lcc1176
     00000307  A$lcc1176 |    00000307  C$main.c$ |    00000308  A$lcc1176
     00000309  A$lcc1176 |    00000309  C$main.c$ |    00000309  XG$kill_f
     0000030A  A$lcc1176 |    0000030A  C$main.c$ |    0000030A  G$render_
     0000030A  _render_a |    0000030B  A$lcc1176 |    0000030B  C$main.c$
     0000030E  A$lcc1176 |    0000030F  A$lcc1176 |    0000030F  C$main.c$
     00000312  A$lcc1176 |    00000313  A$lcc1176 |    00000315  A$lcc1176
     00000316  A$lcc1176 |    00000317  A$lcc1176 |    00000318  A$lcc1176
     00000319  A$lcc1176 |    0000031A  A$lcc1176 |    0000031C  A$lcc1176
     0000031F  A$lcc1176 |    00000320  A$lcc1176 |    00000320  C$main.c$
     00000320  C$main.c$ |    00000321  A$lcc1176 |    00000322  A$lcc1176
     00000324  A$lcc1176 |    00000327  A$lcc1176 |    00000329  A$lcc1176
     0000032A  A$lcc1176 |    0000032D  A$lcc1176 |    0000032F  A$lcc1176
     00000330  A$lcc1176 |    00000333  A$lcc1176 |    00000334  A$lcc1176
     00000335  A$lcc1176 |    00000336  A$lcc1176 |    00000339  A$lcc1176
     0000033A  A$lcc1176 |    0000033B  A$lcc1176 |    0000033C  A$lcc1176
     0000033F  A$lcc1176 |    00000341  A$lcc1176 |    00000343  A$lcc1176
     00000345  A$lcc1176 |    00000347  A$lcc1176 |    0000034A  A$lcc1176
     0000034C  A$lcc1176 |    0000034F  A$lcc1176 |    00000350  A$lcc1176
     00000351  A$lcc1176 |    00000352  A$lcc1176 |    00000353  A$lcc1176
     00000355  A$lcc1176 |    00000356  A$lcc1176 |    00000358  A$lcc1176
     00000359  A$lcc1176 |    0000035C  A$lcc1176 |    0000035E  A$lcc1176
     0000035E  C$main.c$ |    00000360  A$lcc1176 |    00000360  C$main.c$
     00000361  A$lcc1176 |    00000362  A$lcc1176 |    00000364  A$lcc1176
     00000367  A$lcc1176 |    00000368  A$lcc1176 |    0000036B  A$lcc1176
     0000036C  A$lcc1176 |    0000036F  A$lcc1176 |    00000370  A$lcc1176
     00000371  A$lcc1176 |    00000372  A$lcc1176 |    00000373  A$lcc1176
     00000376  A$lcc1176 |    00000377  A$lcc1176 |    00000378  A$lcc1176
     00000379  A$lcc1176 |    0000037C  A$lcc1176 |    0000037E  A$lcc1176
     0000037F  A$lcc1176 |    00000380  A$lcc1176 |    00000381  A$lcc1176
     00000382  A$lcc1176 |    00000383  A$lcc1176 |    00000384  A$lcc1176
     00000385  A$lcc1176 |    00000386  A$lcc1176 |    00000389  A$lcc1176
     0000038B  A$lcc1176 |    0000038B  C$main.c$ |    0000038B  C$main.c$
     0000038E  A$lcc1176 |    00000390  A$lcc1176 |    00000390  C$main.c$
     00000393  A$lcc1176 |    00000395  A$lcc1176 |    00000396  A$lcc1176
     00000396  C$main.c$ |    00000396  XG$render |    00000397  A$lcc1176
ASxxxx Linker V03.00 + NoICE + sdld,  page 5.
Hexadecimal  [32-Bits]

Area                       Addr        Size        Decimal Bytes (Attributes)
--------------------       ----        ----        ------- ----- ------------
_CODE                  00000200    00002846 =       10310. bytes (REL,CON)

        Value  Global            Value  Global            Value  Global    
        -----  ------            -----  ------            -----  ------    
     00000397  C$main.c$ |    00000397  C$main.c$ |    00000397  G$update_
     00000397  _update_l |    0000039A  A$lcc1176 |    0000039B  A$lcc1176
     0000039E  A$lcc1176 |    0000039F  A$lcc1176 |    000003A2  A$lcc1176
     000003A3  A$lcc1176 |    000003A4  A$lcc1176 |    000003A5  A$lcc1176
     000003A5  C$main.c$ |    000003A8  A$lcc1176 |    000003A9  A$lcc1176
     000003AC  A$lcc1176 |    000003AD  A$lcc1176 |    000003B0  A$lcc1176
     000003B1  A$lcc1176 |    000003B4  A$lcc1176 |    000003B6  A$lcc1176
     000003B6  C$main.c$ |    000003B9  A$lcc1176 |    000003BA  A$lcc1176
     000003BB  A$lcc1176 |    000003BD  A$lcc1176 |    000003BD  C$main.c$
     000003BF  A$lcc1176 |    000003C0  A$lcc1176 |    000003C1  A$lcc1176
     000003C4  A$lcc1176 |    000003C5  A$lcc1176 |    000003C6  A$lcc1176
     000003C7  A$lcc1176 |    000003C8  A$lcc1176 |    000003CB  A$lcc1176
     000003CD  A$lcc1176 |    000003CD  C$main.c$ |    000003D0  A$lcc1176
     000003D1  A$lcc1176 |    000003D3  A$lcc1176 |    000003D4  A$lcc1176
     000003D5  A$lcc1176 |    000003D5  C$main.c$ |    000003D6  A$lcc1176
     000003D8  A$lcc1176 |    000003D8  C$main.c$ |    000003DB  A$lcc1176
     000003DC  A$lcc1176 |    000003DF  A$lcc1176 |    000003E0  A$lcc1176
     000003E3  A$lcc1176 |    000003E4  A$lcc1176 |    000003E5  A$lcc1176
     000003E6  A$lcc1176 |    000003E6  C$main.c$ |    000003E9  A$lcc1176
     000003EB  A$lcc1176 |    000003EC  A$lcc1176 |    000003ED  A$lcc1176
     000003F0  A$lcc1176 |    000003F1  A$lcc1176 |    000003F2  A$lcc1176
     000003F3  A$lcc1176 |    000003F4  A$lcc1176 |    000003F7  A$lcc1176
     000003F9  A$lcc1176 |    000003F9  C$main.c$ |    000003F9  XG$update
     000003FA  Fmain$__s |    000003FD  A$lcc1176 |    000003FD  C$main.c$
     000003FD  C$main.c$ |    000003FD  G$update_ |    000003FD  _update_p
     00000400  A$lcc1176 |    00000401  A$lcc1176 |    00000404  A$lcc1176
     00000405  A$lcc1176 |    00000408  A$lcc1176 |    00000409  A$lcc1176
     0000040A  A$lcc1176 |    0000040B  A$lcc1176 |    0000040B  C$main.c$
     0000040E  A$lcc1176 |    0000040F  A$lcc1176 |    00000410  A$lcc1176
     00000411  A$lcc1176 |    00000411  C$main.c$ |    00000413  A$lcc1176
     00000414  A$lcc1176 |    00000415  A$lcc1176 |    00000418  A$lcc1176
     00000419  A$lcc1176 |    0000041A  A$lcc1176 |    0000041B  A$lcc1176
     0000041C  A$lcc1176 |    0000041F  A$lcc1176 |    00000421  A$lcc1176
     00000421  C$main.c$ |    00000424  A$lcc1176 |    00000425  A$lcc1176
     00000427  A$lcc1176 |    00000428  A$lcc1176 |    00000429  A$lcc1176
     00000429  C$main.c$ |    0000042A  A$lcc1176 |    0000042A  C$main.c$
     0000042A  XG$update |    0000042C  A$lcc1176 |    0000042C  C$main.c$
     0000042C  C$main.c$ |    0000042C  G$update_ |    0000042C  _update_s
     0000042F  A$lcc1176 |    00000430  A$lcc1176 |    00000432  A$lcc1176
     00000433  A$lcc1176 |    00000435  A$lcc1176 |    00000437  A$lcc1176
     00000438  A$lcc1176 |    00000439  A$lcc1176 |    0000043A  A$lcc1176
     0000043C  A$lcc1176 |    0000043C  C$main.c$ |    0000043F  A$lcc1176
     00000440  A$lcc1176 |    00000443  A$lcc1176 |    00000444  A$lcc1176
     00000447  A$lcc1176 |    00000448  A$lcc1176 |    00000449  A$lcc1176
     0000044A  A$lcc1176 |    0000044C  A$lcc1176 |    0000044C  C$main.c$
     0000044F  A$lcc1176 |    00000450  A$lcc1176 |    00000452  A$lcc1176
     00000453  A$lcc1176 |    00000455  A$lcc1176 |    00000457  A$lcc1176
     00000458  A$lcc1176 |    0000045A  A$lcc1176 |    0000045C  A$lcc1176
     0000045D  A$lcc1176 |    0000045F  A$lcc1176 |    0000045F  C$main.c$
     00000462  A$lcc1176 |    00000463  A$lcc1176 |    00000466  A$lcc1176
     00000467  A$lcc1176 |    0000046A  A$lcc1176 |    0000046B  A$lcc1176
ASxxxx Linker V03.00 + NoICE + sdld,  page 6.
Hexadecimal  [32-Bits]

Area                       Addr        Size        Decimal Bytes (Attributes)
--------------------       ----        ----        ------- ----- ------------
_CODE                  00000200    00002846 =       10310. bytes (REL,CON)

        Value  Global            Value  Global            Value  Global    
        -----  ------            -----  ------            -----  ------    
     0000046C  A$lcc1176 |    0000046D  A$lcc1176 |    0000046F  A$lcc1176
     0000046F  C$main.c$ |    00000471  A$lcc1176 |    00000473  A$lcc1176
     00000476  A$lcc1176 |    00000477  A$lcc1176 |    00000479  A$lcc1176
     0000047A  A$lcc1176 |    0000047C  A$lcc1176 |    0000047E  A$lcc1176
     0000047E  C$main.c$ |    00000481  A$lcc1176 |    00000482  A$lcc1176
     00000485  A$lcc1176 |    00000486  A$lcc1176 |    00000489  A$lcc1176
     0000048A  A$lcc1176 |    0000048B  A$lcc1176 |    0000048C  A$lcc1176
     0000048E  A$lcc1176 |    0000048E  C$main.c$ |    00000491  A$lcc1176
     00000493  A$lcc1176 |    00000494  A$lcc1176 |    00000495  A$lcc1176
     00000497  A$lcc1176 |    00000498  A$lcc1176 |    0000049A  A$lcc1176
     0000049A  C$main.c$ |    0000049D  A$lcc1176 |    0000049E  A$lcc1176
     000004A1  A$lcc1176 |    000004A2  A$lcc1176 |    000004A5  A$lcc1176
     000004A6  A$lcc1176 |    000004A7  A$lcc1176 |    000004A8  A$lcc1176
     000004A8  C$main.c$ |    000004AB  A$lcc1176 |    000004AC  A$lcc1176
     000004AD  A$lcc1176 |    000004AE  A$lcc1176 |    000004AF  A$lcc1176
     000004B2  A$lcc1176 |    000004B3  A$lcc1176 |    000004B6  A$lcc1176
     000004B7  A$lcc1176 |    000004BA  A$lcc1176 |    000004BC  A$lcc1176
     000004BC  C$main.c$ |    000004BF  A$lcc1176 |    000004C0  A$lcc1176
     000004C1  A$lcc1176 |    000004C2  A$lcc1176 |    000004C2  C$main.c$
     000004C4  A$lcc1176 |    000004C5  A$lcc1176 |    000004C6  A$lcc1176
     000004C9  A$lcc1176 |    000004CA  A$lcc1176 |    000004CB  A$lcc1176
     000004CC  A$lcc1176 |    000004CD  A$lcc1176 |    000004D0  A$lcc1176
     000004D2  A$lcc1176 |    000004D2  C$main.c$ |    000004D5  A$lcc1176
     000004D6  A$lcc1176 |    000004D8  A$lcc1176 |    000004D9  A$lcc1176
     000004DA  A$lcc1176 |    000004DA  C$main.c$ |    000004DB  A$lcc1176
     000004DB  C$main.c$ |    000004DB  XG$update |    000004DD  Fmain$__s
     000004E0  A$lcc1176 |    000004E0  C$main.c$ |    000004E0  C$main.c$
     000004E0  G$update_ |    000004E0  _update_f |    000004E3  A$lcc1176
     000004E4  A$lcc1176 |    000004E6  A$lcc1176 |    000004E7  A$lcc1176
     000004E8  A$lcc1176 |    000004EA  A$lcc1176 |    000004EA  C$main.c$
     000004ED  A$lcc1176 |    000004EE  A$lcc1176 |    000004EF  A$lcc1176
     000004F0  A$lcc1176 |    000004F3  A$lcc1176 |    000004F5  A$lcc1176
     000004F5  C$main.c$ |    000004F6  A$lcc1176 |    000004F6  C$main.c$
     000004F7  A$lcc1176 |    000004F9  A$lcc1176 |    000004F9  C$main.c$
     000004FA  A$lcc1176 |    000004FB  A$lcc1176 |    000004FD  A$lcc1176
     000004FE  A$lcc1176 |    00000501  A$lcc1176 |    00000502  A$lcc1176
     00000503  A$lcc1176 |    00000506  A$lcc1176 |    00000508  A$lcc1176
     00000508  C$main.c$ |    00000508  XG$update |    00000509  A$lcc1176
     00000509  C$main.c$ |    00000509  G$update_ |    00000509  _update_f
     0000050A  A$lcc1176 |    0000050D  A$lcc1176 |    0000050F  A$lcc1176
     00000510  A$lcc1176 |    00000510  C$main.c$ |    00000513  A$lcc1176
     00000513  C$main.c$ |    00000515  A$lcc1176 |    00000516  A$lcc1176
     00000517  A$lcc1176 |    00000519  A$lcc1176 |    0000051B  A$lcc1176
     0000051C  A$lcc1176 |    0000051D  A$lcc1176 |    0000051F  A$lcc1176
     00000521  A$lcc1176 |    00000522  A$lcc1176 |    00000524  A$lcc1176
     00000527  A$lcc1176 |    00000529  A$lcc1176 |    0000052A  A$lcc1176
     0000052C  A$lcc1176 |    0000052E  A$lcc1176 |    00000531  A$lcc1176
     00000531  C$main.c$ |    00000532  A$lcc1176 |    00000533  A$lcc1176
     00000536  A$lcc1176 |    00000537  A$lcc1176 |    0000053A  A$lcc1176
     0000053B  A$lcc1176 |    0000053C  A$lcc1176 |    0000053D  A$lcc1176
     00000540  A$lcc1176 |    00000541  A$lcc1176 |    00000542  A$lcc1176
ASxxxx Linker V03.00 + NoICE + sdld,  page 7.
Hexadecimal  [32-Bits]

Area                       Addr        Size        Decimal Bytes (Attributes)
--------------------       ----        ----        ------- ----- ------------
_CODE                  00000200    00002846 =       10310. bytes (REL,CON)

        Value  Global            Value  Global            Value  Global    
        -----  ------            -----  ------            -----  ------    
     00000543  A$lcc1176 |    00000546  A$lcc1176 |    00000548  A$lcc1176
     00000549  A$lcc1176 |    0000054A  A$lcc1176 |    0000054B  A$lcc1176
     0000054D  A$lcc1176 |    0000054E  A$lcc1176 |    00000551  A$lcc1176
     00000553  A$lcc1176 |    00000553  C$main.c$ |    00000556  A$lcc1176
     00000556  C$main.c$ |    00000557  A$lcc1176 |    00000559  A$lcc1176
     0000055A  A$lcc1176 |    0000055D  A$lcc1176 |    0000055F  A$lcc1176
     00000560  A$lcc1176 |    00000563  A$lcc1176 |    00000564  A$lcc1176
     00000565  A$lcc1176 |    00000566  A$lcc1176 |    00000569  A$lcc1176
     0000056A  A$lcc1176 |    0000056B  A$lcc1176 |    0000056C  A$lcc1176
     0000056F  A$lcc1176 |    00000571  A$lcc1176 |    00000573  A$lcc1176
     00000575  A$lcc1176 |    00000577  A$lcc1176 |    0000057A  A$lcc1176
     0000057C  A$lcc1176 |    0000057F  A$lcc1176 |    00000580  A$lcc1176
     00000581  A$lcc1176 |    00000582  A$lcc1176 |    00000583  A$lcc1176
     00000585  A$lcc1176 |    00000586  A$lcc1176 |    00000588  A$lcc1176
     00000589  A$lcc1176 |    0000058C  A$lcc1176 |    0000058E  A$lcc1176
     0000058E  C$main.c$ |    00000590  A$lcc1176 |    00000590  C$main.c$
     00000591  A$lcc1176 |    00000592  A$lcc1176 |    00000595  A$lcc1176
     00000596  A$lcc1176 |    00000599  A$lcc1176 |    0000059A  A$lcc1176
     0000059B  A$lcc1176 |    0000059C  A$lcc1176 |    0000059F  A$lcc1176
     000005A0  A$lcc1176 |    000005A1  A$lcc1176 |    000005A2  A$lcc1176
     000005A5  A$lcc1176 |    000005A7  A$lcc1176 |    000005A8  A$lcc1176
     000005A9  A$lcc1176 |    000005AA  A$lcc1176 |    000005AC  A$lcc1176
     000005AD  A$lcc1176 |    000005B0  A$lcc1176 |    000005B2  A$lcc1176
     000005B2  C$main.c$ |    000005B4  A$lcc1176 |    000005B4  C$main.c$
     000005B5  A$lcc1176 |    000005B6  A$lcc1176 |    000005B9  A$lcc1176
     000005BB  A$lcc1176 |    000005BC  A$lcc1176 |    000005BF  A$lcc1176
     000005C0  A$lcc1176 |    000005C1  A$lcc1176 |    000005C2  A$lcc1176
     000005C5  A$lcc1176 |    000005C6  A$lcc1176 |    000005C7  A$lcc1176
     000005C8  A$lcc1176 |    000005CB  A$lcc1176 |    000005CD  A$lcc1176
     000005CE  A$lcc1176 |    000005D0  A$lcc1176 |    000005D1  A$lcc1176
     000005D2  A$lcc1176 |    000005D3  A$lcc1176 |    000005D5  A$lcc1176
     000005D6  A$lcc1176 |    000005D9  A$lcc1176 |    000005DB  A$lcc1176
     000005DB  C$main.c$ |    000005DC  A$lcc1176 |    000005DC  C$main.c$
     000005DC  XG$update |    000005DD  A$lcc1176 |    000005DD  C$main.c$
     000005DD  C$main.c$ |    000005DD  G$reset_f |    000005DD  _reset_fr
     000005E0  A$lcc1176 |    000005E0  C$main.c$ |    000005E3  A$lcc1176
     000005E5  A$lcc1176 |    000005E5  C$main.c$ |    000005E8  A$lcc1176
     000005EA  A$lcc1176 |    000005ED  A$lcc1176 |    000005EF  A$lcc1176
     000005EF  C$main.c$ |    000005F2  A$lcc1176 |    000005F4  A$lcc1176
     000005F5  A$lcc1176 |    000005F7  A$lcc1176 |    000005F7  C$main.c$
     000005FA  A$lcc1176 |    000005FB  A$lcc1176 |    000005FC  A$lcc1176
     000005FE  A$lcc1176 |    000005FF  A$lcc1176 |    00000601  A$lcc1176
     00000601  C$main.c$ |    00000602  A$lcc1176 |    00000605  A$lcc1176
     00000605  C$main.c$ |    00000608  A$lcc1176 |    0000060A  A$lcc1176
     0000060A  C$main.c$ |    0000060D  A$lcc1176 |    0000060F  A$lcc1176
     00000610  A$lcc1176 |    00000611  A$lcc1176 |    00000614  A$lcc1176
     00000615  A$lcc1176 |    00000618  A$lcc1176 |    00000619  A$lcc1176
     0000061A  A$lcc1176 |    0000061B  A$lcc1176 |    0000061C  A$lcc1176
     0000061F  A$lcc1176 |    00000620  A$lcc1176 |    00000621  A$lcc1176
     00000622  A$lcc1176 |    00000625  A$lcc1176 |    00000627  A$lcc1176
     00000628  A$lcc1176 |    00000629  A$lcc1176 |    0000062A  A$lcc1176
ASxxxx Linker V03.00 + NoICE + sdld,  page 8.
Hexadecimal  [32-Bits]

Area                       Addr        Size        Decimal Bytes (Attributes)
--------------------       ----        ----        ------- ----- ------------
_CODE                  00000200    00002846 =       10310. bytes (REL,CON)

        Value  Global            Value  Global            Value  Global    
        -----  ------            -----  ------            -----  ------    
     0000062B  A$lcc1176 |    0000062C  A$lcc1176 |    0000062D  A$lcc1176
     0000062E  A$lcc1176 |    0000062F  A$lcc1176 |    00000632  A$lcc1176
     00000634  A$lcc1176 |    00000634  C$main.c$ |    00000634  C$main.c$
     00000634  XG$reset_ |    00000635  A$lcc1176 |    00000635  C$main.c$
     00000635  C$main.c$ |    00000635  G$reset_t |    00000635  _reset_ti
     00000638  A$lcc1176 |    0000063A  A$lcc1176 |    0000063B  A$lcc1176
     0000063D  A$lcc1176 |    0000063D  C$main.c$ |    00000640  A$lcc1176
     00000642  A$lcc1176 |    00000642  C$main.c$ |    00000645  A$lcc1176
     00000646  A$lcc1176 |    00000649  A$lcc1176 |    0000064A  A$lcc1176
     0000064D  A$lcc1176 |    0000064E  A$lcc1176 |    00000651  A$lcc1176
     00000653  A$lcc1176 |    00000653  C$main.c$ |    00000653  XG$reset_
     00000654  A$lcc1176 |    00000654  C$main.c$ |    00000654  C$main.c$
     00000654  G$frog_de |    00000654  _frog_dea |    00000657  A$lcc1176
     00000658  A$lcc1176 |    00000659  A$lcc1176 |    0000065B  A$lcc1176
     0000065B  C$main.c$ |    0000065C  A$lcc1176 |    0000065D  A$lcc1176
     0000065F  A$lcc1176 |    0000065F  C$main.c$ |    00000662  A$lcc1176
     00000664  A$lcc1176 |    00000664  C$main.c$ |    00000665  A$lcc1176
     00000665  C$main.c$ |    00000668  A$lcc1176 |    00000668  C$main.c$
     00000668  C$main.c$ |    00000668  XG$frog_d |    0000066B  A$lcc1176
     0000066B  C$main.c$ |    0000066B  C$main.c$ |    0000066B  G$init_le
     0000066B  _init_lev |    0000066E  A$lcc1176 |    0000066F  A$lcc1176
     00000672  A$lcc1176 |    00000673  A$lcc1176 |    00000676  A$lcc1176
     00000678  A$lcc1176 |    00000678  C$main.c$ |    0000067B  A$lcc1176
     0000067C  A$lcc1176 |    0000067F  A$lcc1176 |    00000680  A$lcc1176
     00000683  A$lcc1176 |    00000685  A$lcc1176 |    00000685  C$main.c$
     00000688  A$lcc1176 |    00000689  A$lcc1176 |    0000068C  A$lcc1176
     0000068D  A$lcc1176 |    00000690  A$lcc1176 |    00000692  A$lcc1176
     00000692  C$main.c$ |    00000695  A$lcc1176 |    00000696  A$lcc1176
     00000699  A$lcc1176 |    0000069A  A$lcc1176 |    0000069D  A$lcc1176
     0000069F  A$lcc1176 |    0000069F  C$main.c$ |    000006A2  A$lcc1176
     000006A3  A$lcc1176 |    000006A6  A$lcc1176 |    000006A7  A$lcc1176
     000006AA  A$lcc1176 |    000006AC  A$lcc1176 |    000006AC  C$main.c$
     000006AF  A$lcc1176 |    000006B0  A$lcc1176 |    000006B3  A$lcc1176
     000006B4  A$lcc1176 |    000006B7  A$lcc1176 |    000006B9  A$lcc1176
     000006B9  C$main.c$ |    000006BC  A$lcc1176 |    000006BD  A$lcc1176
     000006C0  A$lcc1176 |    000006C1  A$lcc1176 |    000006C2  A$lcc1176
     000006C3  A$lcc1176 |    000006C4  A$lcc1176 |    000006C7  A$lcc1176
     000006C9  A$lcc1176 |    000006C9  C$main.c$ |    000006CC  A$lcc1176
     000006CD  A$lcc1176 |    000006CF  A$lcc1176 |    000006D0  A$lcc1176
     000006D1  A$lcc1176 |    000006D4  A$lcc1176 |    000006D6  A$lcc1176
     000006D6  C$main.c$ |    000006D9  A$lcc1176 |    000006DB  A$lcc1176
     000006DB  C$main.c$ |    000006DE  A$lcc1176 |    000006E0  A$lcc1176
     000006E0  C$main.c$ |    000006E3  A$lcc1176 |    000006E5  A$lcc1176
     000006E6  A$lcc1176 |    000006E8  A$lcc1176 |    000006E8  C$main.c$
     000006EB  A$lcc1176 |    000006ED  A$lcc1176 |    000006EE  A$lcc1176
     000006F0  A$lcc1176 |    000006F0  C$main.c$ |    000006F3  A$lcc1176
     000006F5  A$lcc1176 |    000006F5  C$main.c$ |    000006F6  A$lcc1176
     000006F9  A$lcc1176 |    000006FA  A$lcc1176 |    000006FB  A$lcc1176
     000006FB  C$main.c$ |    000006FE  A$lcc1176 |    000006FE  C$main.c$
     00000701  A$lcc1176 |    00000703  A$lcc1176 |    00000703  C$main.c$
     00000706  A$lcc1176 |    00000706  C$main.c$ |    00000709  A$lcc1176
ASxxxx Linker V03.00 + NoICE + sdld,  page 9.
Hexadecimal  [32-Bits]

Area                       Addr        Size        Decimal Bytes (Attributes)
--------------------       ----        ----        ------- ----- ------------
_CODE                  00000200    00002846 =       10310. bytes (REL,CON)

        Value  Global            Value  Global            Value  Global    
        -----  ------            -----  ------            -----  ------    
     00000709  C$main.c$ |    0000070C  A$lcc1176 |    0000070C  C$main.c$
     0000070F  A$lcc1176 |    0000070F  C$main.c$ |    00000712  A$lcc1176
     00000712  C$main.c$ |    00000714  A$lcc1176 |    00000715  A$lcc1176
     00000717  A$lcc1176 |    00000719  A$lcc1176 |    00000719  C$main.c$
     0000071C  A$lcc1176 |    0000071E  A$lcc1176 |    0000071F  A$lcc1176
     00000721  A$lcc1176 |    00000721  C$main.c$ |    00000722  A$lcc1176
     00000724  A$lcc1176 |    00000724  C$main.c$ |    00000727  A$lcc1176
     00000729  A$lcc1176 |    0000072A  A$lcc1176 |    0000072C  A$lcc1176
     0000072C  C$main.c$ |    0000072F  A$lcc1176 |    00000731  A$lcc1176
     00000732  A$lcc1176 |    00000733  A$lcc1176 |    00000734  A$lcc1176
     00000734  C$main.c$ |    00000734  XG$init_l |    00000735  A$lcc1176
     00000735  C$main.c$ |    00000735  G$move_fr |    00000735  _move_fro
     00000736  A$lcc1176 |    00000737  A$lcc1176 |    00000737  C$main.c$
     0000073A  A$lcc1176 |    0000073B  A$lcc1176 |    0000073E  A$lcc1176
     0000073E  C$main.c$ |    00000741  A$lcc1176 |    00000742  A$lcc1176
     00000744  A$lcc1176 |    00000745  A$lcc1176 |    00000746  A$lcc1176
     00000747  A$lcc1176 |    00000748  A$lcc1176 |    0000074B  A$lcc1176
     0000074D  A$lcc1176 |    0000074F  A$lcc1176 |    00000752  A$lcc1176
     00000754  A$lcc1176 |    00000757  A$lcc1176 |    00000758  A$lcc1176
     00000759  A$lcc1176 |    0000075A  A$lcc1176 |    0000075B  A$lcc1176
     0000075C  A$lcc1176 |    0000075F  A$lcc1176 |    00000760  A$lcc1176
     00000761  A$lcc1176 |    00000762  A$lcc1176 |    00000765  A$lcc1176
     00000766  A$lcc1176 |    00000769  A$lcc1176 |    0000076A  A$lcc1176
     0000076D  A$lcc1176 |    0000076E  A$lcc1176 |    0000076F  A$lcc1176
     00000771  A$lcc1176 |    00000773  A$lcc1176 |    00000775  A$lcc1176
     00000775  C$main.c$ |    00000776  A$lcc1176 |    00000778  A$lcc1176
     0000077A  A$lcc1176 |    0000077B  A$lcc1176 |    0000077D  A$lcc1176
     0000077E  A$lcc1176 |    00000781  A$lcc1176 |    00000783  A$lcc1176
     00000784  A$lcc1176 |    00000787  A$lcc1176 |    00000788  A$lcc1176
     00000789  A$lcc1176 |    0000078A  A$lcc1176 |    0000078D  A$lcc1176
     0000078E  A$lcc1176 |    0000078F  A$lcc1176 |    00000792  A$lcc1176
     00000794  A$lcc1176 |    00000796  A$lcc1176 |    00000797  A$lcc1176
     00000798  A$lcc1176 |    00000799  A$lcc1176 |    0000079A  A$lcc1176
     0000079C  A$lcc1176 |    0000079D  A$lcc1176 |    000007A0  A$lcc1176
     000007A2  A$lcc1176 |    000007A2  C$main.c$ |    000007A5  A$lcc1176
     000007A5  C$main.c$ |    000007A6  A$lcc1176 |    000007A8  A$lcc1176
     000007AB  A$lcc1176 |    000007AC  A$lcc1176 |    000007AE  A$lcc1176
     000007AF  A$lcc1176 |    000007B2  A$lcc1176 |    000007B4  A$lcc1176
     000007B5  A$lcc1176 |    000007B8  A$lcc1176 |    000007B9  A$lcc1176
     000007BA  A$lcc1176 |    000007BB  A$lcc1176 |    000007BE  A$lcc1176
     000007BF  A$lcc1176 |    000007C0  A$lcc1176 |    000007C3  A$lcc1176
     000007C5  A$lcc1176 |    000007C7  A$lcc1176 |    000007C8  A$lcc1176
     000007CA  A$lcc1176 |    000007CB  A$lcc1176 |    000007CC  A$lcc1176
     000007CD  A$lcc1176 |    000007CE  A$lcc1176 |    000007D0  A$lcc1176
     000007D1  A$lcc1176 |    000007D4  A$lcc1176 |    000007D6  A$lcc1176
     000007D6  C$main.c$ |    000007D9  A$lcc1176 |    000007D9  C$main.c$
     000007DC  A$lcc1176 |    000007DD  A$lcc1176 |    000007E0  A$lcc1176
     000007E0  C$main.c$ |    000007E3  A$lcc1176 |    000007E4  A$lcc1176
     000007E5  A$lcc1176 |    000007E6  A$lcc1176 |    000007E9  A$lcc1176
     000007EB  A$lcc1176 |    000007ED  A$lcc1176 |    000007F0  A$lcc1176
     000007F2  A$lcc1176 |    000007F5  A$lcc1176 |    000007F6  A$lcc1176
ASxxxx Linker V03.00 + NoICE + sdld,  page 10.
Hexadecimal  [32-Bits]

Area                       Addr        Size        Decimal Bytes (Attributes)
--------------------       ----        ----        ------- ----- ------------
_CODE                  00000200    00002846 =       10310. bytes (REL,CON)

        Value  Global            Value  Global            Value  Global    
        -----  ------            -----  ------            -----  ------    
     000007F7  A$lcc1176 |    000007F8  A$lcc1176 |    000007FB  A$lcc1176
     000007FC  A$lcc1176 |    000007FD  A$lcc1176 |    000007FE  A$lcc1176
     00000801  A$lcc1176 |    00000802  A$lcc1176 |    00000805  A$lcc1176
     00000806  A$lcc1176 |    00000808  A$lcc1176 |    00000808  C$main.c$
     00000808  C$main.c$ |    00000809  A$lcc1176 |    0000080A  A$lcc1176
     0000080B  A$lcc1176 |    0000080B  C$main.c$ |    0000080C  A$lcc1176
     0000080D  A$lcc1176 |    0000080F  A$lcc1176 |    00000812  A$lcc1176
     00000814  A$lcc1176 |    00000815  A$lcc1176 |    00000818  A$lcc1176
     0000081A  A$lcc1176 |    0000081B  A$lcc1176 |    0000081E  A$lcc1176
     0000081F  A$lcc1176 |    00000820  A$lcc1176 |    00000821  A$lcc1176
     00000822  A$lcc1176 |    00000825  A$lcc1176 |    00000826  A$lcc1176
     00000827  A$lcc1176 |    00000828  A$lcc1176 |    0000082B  A$lcc1176
     0000082D  A$lcc1176 |    0000082F  A$lcc1176 |    00000830  A$lcc1176
     00000831  A$lcc1176 |    00000832  A$lcc1176 |    00000833  A$lcc1176
     00000835  A$lcc1176 |    00000836  A$lcc1176 |    00000839  A$lcc1176
     0000083B  A$lcc1176 |    0000083B  C$main.c$ |    0000083D  A$lcc1176
     0000083D  C$main.c$ |    0000083E  A$lcc1176 |    00000840  A$lcc1176
     00000843  A$lcc1176 |    00000845  A$lcc1176 |    00000847  A$lcc1176
     00000848  A$lcc1176 |    0000084B  A$lcc1176 |    0000084D  A$lcc1176
     0000084E  A$lcc1176 |    00000851  A$lcc1176 |    00000852  A$lcc1176
     00000853  A$lcc1176 |    00000854  A$lcc1176 |    00000855  A$lcc1176
     00000858  A$lcc1176 |    00000859  A$lcc1176 |    0000085A  A$lcc1176
     0000085B  A$lcc1176 |    0000085E  A$lcc1176 |    00000860  A$lcc1176
     00000862  A$lcc1176 |    00000864  A$lcc1176 |    00000866  A$lcc1176
     00000869  A$lcc1176 |    0000086B  A$lcc1176 |    0000086E  A$lcc1176
     00000870  A$lcc1176 |    00000871  A$lcc1176 |    00000872  A$lcc1176
     00000873  A$lcc1176 |    00000874  A$lcc1176 |    00000875  A$lcc1176
     00000877  A$lcc1176 |    00000878  A$lcc1176 |    0000087B  A$lcc1176
     0000087D  A$lcc1176 |    0000087D  C$main.c$ |    0000087E  A$lcc1176
     0000087F  A$lcc1176 |    0000087F  C$main.c$ |    0000087F  XG$move_f
     00000880  A$lcc1176 |    00000880  C$main.c$ |    00000880  C$main.c$
     00000880  G$update_ |    00000880  _update_m |    00000883  A$lcc1176
     00000884  A$lcc1176 |    00000886  A$lcc1176 |    00000886  C$main.c$
     00000889  A$lcc1176 |    00000889  C$main.c$ |    0000088C  A$lcc1176
     0000088E  A$lcc1176 |    00000890  A$lcc1176 |    00000893  A$lcc1176
     00000895  A$lcc1176 |    00000898  A$lcc1176 |    00000899  A$lcc1176
     0000089C  A$lcc1176 |    0000089D  A$lcc1176 |    0000089E  A$lcc1176
     0000089F  A$lcc1176 |    0000089F  C$main.c$ |    000008A2  A$lcc1176
     000008A3  A$lcc1176 |    000008A5  A$lcc1176 |    000008A5  C$main.c$
     000008A8  A$lcc1176 |    000008A8  C$main.c$ |    000008AB  A$lcc1176
     000008AD  A$lcc1176 |    000008AF  A$lcc1176 |    000008B2  A$lcc1176
     000008B4  A$lcc1176 |    000008B7  A$lcc1176 |    000008B8  A$lcc1176
     000008BB  A$lcc1176 |    000008BC  A$lcc1176 |    000008BD  A$lcc1176
     000008BE  A$lcc1176 |    000008BE  C$main.c$ |    000008C1  A$lcc1176
     000008C2  A$lcc1176 |    000008C4  A$lcc1176 |    000008C7  A$lcc1176
     000008C8  A$lcc1176 |    000008C9  A$lcc1176 |    000008C9  C$main.c$
     000008CC  A$lcc1176 |    000008CE  A$lcc1176 |    000008CE  C$main.c$
     000008D1  A$lcc1176 |    000008D2  A$lcc1176 |    000008D3  A$lcc1176
     000008D4  A$lcc1176 |    000008D7  A$lcc1176 |    000008D8  A$lcc1176
     000008DA  A$lcc1176 |    000008DB  A$lcc1176 |    000008DC  A$lcc1176
     000008DD  A$lcc1176 |    000008DE  A$lcc1176 |    000008DF  A$lcc1176
ASxxxx Linker V03.00 + NoICE + sdld,  page 11.
Hexadecimal  [32-Bits]

Area                       Addr        Size        Decimal Bytes (Attributes)
--------------------       ----        ----        ------- ----- ------------
_CODE                  00000200    00002846 =       10310. bytes (REL,CON)

        Value  Global            Value  Global            Value  Global    
        -----  ------            -----  ------            -----  ------    
     000008E0  A$lcc1176 |    000008E2  A$lcc1176 |    000008E4  A$lcc1176
     000008E6  A$lcc1176 |    000008E8  A$lcc1176 |    000008E9  A$lcc1176
     000008EB  A$lcc1176 |    000008ED  A$lcc1176 |    000008EF  A$lcc1176
     000008F0  A$lcc1176 |    000008F1  A$lcc1176 |    000008F1  C$main.c$
     000008F4  A$lcc1176 |    000008F5  A$lcc1176 |    000008F7  A$lcc1176
     000008F8  A$lcc1176 |    000008F9  A$lcc1176 |    000008FB  A$lcc1176
     000008FC  A$lcc1176 |    000008FC  C$main.c$ |    000008FF  A$lcc1176
     000008FF  C$main.c$ |    00000902  A$lcc1176 |    00000905  A$lcc1176
     00000905  C$main.c$ |    00000905  XG$update |    00000906  A$lcc1176
     00000906  C$main.c$ |    00000906  C$main.c$ |    00000906  G$paralla
     00000906  _parallax |    00000908  A$lcc1176 |    00000909  A$lcc1176
     0000090B  A$lcc1176 |    0000090D  A$lcc1176 |    0000090F  A$lcc1176
     00000911  A$lcc1176 |    00000913  A$lcc1176 |    00000915  A$lcc1176
     00000917  A$lcc1176 |    00000919  A$lcc1176 |    0000091B  A$lcc1176
     0000091D  A$lcc1176 |    0000091F  A$lcc1176 |    00000921  A$lcc1176
     00000923  A$lcc1176 |    00000925  A$lcc1176 |    00000927  A$lcc1176
     00000929  A$lcc1176 |    0000092B  A$lcc1176 |    0000092D  A$lcc1176
     00000930  A$lcc1176 |    00000932  A$lcc1176 |    00000935  A$lcc1176
     00000937  A$lcc1176 |    0000093A  A$lcc1176 |    0000093C  A$lcc1176
     0000093F  A$lcc1176 |    00000940  A$lcc1176 |    00000940  C$main.c$
     00000941  A$lcc1176 |    00000943  A$lcc1176 |    00000944  A$lcc1176
     00000946  A$lcc1176 |    00000946  C$main.c$ |    00000948  A$lcc1176
     0000094A  A$lcc1176 |    0000094A  C$main.c$ |    0000094B  A$lcc1176
     0000094B  C$main.c$ |    0000094E  A$lcc1176 |    00000950  A$lcc1176
     00000951  A$lcc1176 |    00000953  A$lcc1176 |    00000953  C$main.c$
     00000955  A$lcc1176 |    00000957  A$lcc1176 |    00000957  C$main.c$
     00000958  A$lcc1176 |    00000958  C$main.c$ |    0000095B  A$lcc1176
     0000095D  A$lcc1176 |    0000095E  A$lcc1176 |    00000960  A$lcc1176
     00000960  C$main.c$ |    00000962  A$lcc1176 |    00000964  A$lcc1176
     00000964  C$main.c$ |    00000965  A$lcc1176 |    00000965  C$main.c$
     00000968  A$lcc1176 |    0000096A  A$lcc1176 |    0000096B  A$lcc1176
     0000096D  A$lcc1176 |    0000096D  C$main.c$ |    0000096F  A$lcc1176
     00000971  A$lcc1176 |    00000971  C$main.c$ |    00000972  A$lcc1176
     00000972  C$main.c$ |    00000975  A$lcc1176 |    00000977  A$lcc1176
     00000978  A$lcc1176 |    0000097A  A$lcc1176 |    0000097A  C$main.c$
     0000097C  A$lcc1176 |    0000097E  A$lcc1176 |    0000097E  C$main.c$
     0000097F  A$lcc1176 |    0000097F  C$main.c$ |    00000982  A$lcc1176
     00000984  A$lcc1176 |    00000985  A$lcc1176 |    00000987  A$lcc1176
     00000987  C$main.c$ |    00000989  A$lcc1176 |    0000098B  A$lcc1176
     0000098B  C$main.c$ |    0000098C  A$lcc1176 |    0000098C  C$main.c$
     0000098D  A$lcc1176 |    0000098F  A$lcc1176 |    00000990  A$lcc1176
     00000992  A$lcc1176 |    00000992  C$main.c$ |    00000994  A$lcc1176
     00000996  A$lcc1176 |    00000996  C$main.c$ |    00000997  A$lcc1176
     00000997  C$main.c$ |    0000099A  A$lcc1176 |    0000099C  A$lcc1176
     0000099D  A$lcc1176 |    0000099F  A$lcc1176 |    0000099F  C$main.c$
     000009A1  A$lcc1176 |    000009A3  A$lcc1176 |    000009A3  C$main.c$
     000009A4  A$lcc1176 |    000009A4  C$main.c$ |    000009A7  A$lcc1176
     000009A9  A$lcc1176 |    000009AA  A$lcc1176 |    000009AC  A$lcc1176
     000009AC  C$main.c$ |    000009AE  A$lcc1176 |    000009B0  A$lcc1176
     000009B0  C$main.c$ |    000009B1  A$lcc1176 |    000009B1  C$main.c$
     000009B4  A$lcc1176 |    000009B6  A$lcc1176 |    000009B7  A$lcc1176
ASxxxx Linker V03.00 + NoICE + sdld,  page 12.
Hexadecimal  [32-Bits]

Area                       Addr        Size        Decimal Bytes (Attributes)
--------------------       ----        ----        ------- ----- ------------
_CODE                  00000200    00002846 =       10310. bytes (REL,CON)

        Value  Global            Value  Global            Value  Global    
        -----  ------            -----  ------            -----  ------    
     000009B9  A$lcc1176 |    000009B9  C$main.c$ |    000009BB  A$lcc1176
     000009BD  A$lcc1176 |    000009BD  C$main.c$ |    000009BE  A$lcc1176
     000009BE  C$main.c$ |    000009C1  A$lcc1176 |    000009C3  A$lcc1176
     000009C4  A$lcc1176 |    000009C6  A$lcc1176 |    000009C6  C$main.c$
     000009C8  A$lcc1176 |    000009CA  A$lcc1176 |    000009CA  C$main.c$
     000009CB  A$lcc1176 |    000009CB  C$main.c$ |    000009CE  A$lcc1176
     000009D0  A$lcc1176 |    000009D1  A$lcc1176 |    000009D3  A$lcc1176
     000009D3  C$main.c$ |    000009D5  A$lcc1176 |    000009D7  A$lcc1176
     000009D7  C$main.c$ |    000009D8  A$lcc1176 |    000009D8  C$main.c$
     000009D9  A$lcc1176 |    000009DB  A$lcc1176 |    000009DC  A$lcc1176
     000009DE  A$lcc1176 |    000009DE  C$main.c$ |    000009DF  A$lcc1176
     000009E1  A$lcc1176 |    000009E1  C$main.c$ |    000009E1  C$main.c$
     000009E1  XG$parall |    000009E2  A$lcc1176 |    000009E2  C$main.c$
     000009E2  G$update_ |    000009E2  _update_p |    000009E5  A$lcc1176
     000009E6  A$lcc1176 |    000009E6  C$main.c$ |    000009E7  A$lcc1176
     000009E7  C$main.c$ |    000009EA  A$lcc1176 |    000009EC  A$lcc1176
     000009EE  A$lcc1176 |    000009EF  A$lcc1176 |    000009F0  A$lcc1176
     000009F2  A$lcc1176 |    000009F2  C$main.c$ |    000009F3  A$lcc1176
     000009F5  A$lcc1176 |    000009F7  A$lcc1176 |    000009F7  C$main.c$
     000009F9  A$lcc1176 |    000009FB  A$lcc1176 |    000009FB  C$main.c$
     000009FC  A$lcc1176 |    000009FE  A$lcc1176 |    000009FE  C$main.c$
     00000A01  A$lcc1176 |    00000A02  A$lcc1176 |    00000A04  A$lcc1176
     00000A06  A$lcc1176 |    00000A06  C$main.c$ |    00000A08  A$lcc1176
     00000A08  C$main.c$ |    00000A0B  A$lcc1176 |    00000A0C  A$lcc1176
     00000A0E  A$lcc1176 |    00000A11  A$lcc1176 |    00000A12  A$lcc1176
     00000A15  A$lcc1176 |    00000A16  A$lcc1176 |    00000A16  C$main.c$
     00000A18  A$lcc1176 |    00000A18  C$main.c$ |    00000A1B  A$lcc1176
     00000A1C  A$lcc1176 |    00000A1E  A$lcc1176 |    00000A1E  C$main.c$
     00000A20  A$lcc1176 |    00000A20  C$main.c$ |    00000A22  A$lcc1176
     00000A25  A$lcc1176 |    00000A26  A$lcc1176 |    00000A29  A$lcc1176
     00000A2A  A$lcc1176 |    00000A2A  C$main.c$ |    00000A2A  C$main.c$
     00000A2D  A$lcc1176 |    00000A2E  A$lcc1176 |    00000A2E  C$main.c$
     00000A2E  XG$update |    00000A2F  A$lcc1176 |    00000A2F  C$main.c$
     00000A2F  G$scroll_ |    00000A2F  _scroll_c |    00000A30  A$lcc1176
     00000A30  C$main.c$ |    00000A33  A$lcc1176 |    00000A34  A$lcc1176
     00000A36  A$lcc1176 |    00000A39  A$lcc1176 |    00000A3C  A$lcc1176
     00000A3D  A$lcc1176 |    00000A3E  A$lcc1176 |    00000A40  A$lcc1176
     00000A40  C$main.c$ |    00000A43  A$lcc1176 |    00000A44  A$lcc1176
     00000A45  A$lcc1176 |    00000A46  A$lcc1176 |    00000A46  C$main.c$
     00000A47  A$lcc1176 |    00000A48  A$lcc1176 |    00000A49  A$lcc1176
     00000A4A  A$lcc1176 |    00000A4B  A$lcc1176 |    00000A4C  A$lcc1176
     00000A4C  C$main.c$ |    00000A4D  A$lcc1176 |    00000A4E  A$lcc1176
     00000A4F  A$lcc1176 |    00000A50  A$lcc1176 |    00000A51  A$lcc1176
     00000A52  A$lcc1176 |    00000A53  A$lcc1176 |    00000A53  C$main.c$
     00000A56  A$lcc1176 |    00000A57  A$lcc1176 |    00000A59  A$lcc1176
     00000A5C  A$lcc1176 |    00000A5D  A$lcc1176 |    00000A5D  C$main.c$
     00000A5D  C$main.c$ |    00000A5E  A$lcc1176 |    00000A60  A$lcc1176
     00000A60  C$main.c$ |    00000A63  A$lcc1176 |    00000A64  A$lcc1176
     00000A65  A$lcc1176 |    00000A66  A$lcc1176 |    00000A67  A$lcc1176
     00000A6A  A$lcc1176 |    00000A6B  A$lcc1176 |    00000A6C  A$lcc1176
     00000A6D  A$lcc1176 |    00000A6D  C$main.c$ |    00000A70  A$lcc1176
ASxxxx Linker V03.00 + NoICE + sdld,  page 13.
Hexadecimal  [32-Bits]

Area                       Addr        Size        Decimal Bytes (Attributes)
--------------------       ----        ----        ------- ----- ------------
_CODE                  00000200    00002846 =       10310. bytes (REL,CON)

        Value  Global            Value  Global            Value  Global    
        -----  ------            -----  ------            -----  ------    
     00000A70  C$main.c$ |    00000A73  A$lcc1176 |    00000A75  A$lcc1176
     00000A77  A$lcc1176 |    00000A77  C$main.c$ |    00000A7A  A$lcc1176
     00000A7B  A$lcc1176 |    00000A7C  A$lcc1176 |    00000A7D  A$lcc1176
     00000A7E  A$lcc1176 |    00000A81  A$lcc1176 |    00000A82  A$lcc1176
     00000A83  A$lcc1176 |    00000A84  A$lcc1176 |    00000A84  C$main.c$
     00000A87  A$lcc1176 |    00000A87  C$main.c$ |    00000A8A  A$lcc1176
     00000A8B  A$lcc1176 |    00000A8D  A$lcc1176 |    00000A90  A$lcc1176
     00000A93  A$lcc1176 |    00000A94  A$lcc1176 |    00000A95  A$lcc1176
     00000A97  A$lcc1176 |    00000A97  C$main.c$ |    00000A9A  A$lcc1176
     00000A9B  A$lcc1176 |    00000A9C  A$lcc1176 |    00000A9D  A$lcc1176
     00000A9D  C$main.c$ |    00000AA0  A$lcc1176 |    00000AA1  A$lcc1176
     00000AA3  A$lcc1176 |    00000AA3  C$main.c$ |    00000AA6  A$lcc1176
     00000AA7  A$lcc1176 |    00000AA8  A$lcc1176 |    00000AA9  A$lcc1176
     00000AAA  A$lcc1176 |    00000AAD  A$lcc1176 |    00000AAE  A$lcc1176
     00000AAF  A$lcc1176 |    00000AB0  A$lcc1176 |    00000AB3  A$lcc1176
     00000AB5  A$lcc1176 |    00000AB6  A$lcc1176 |    00000AB9  A$lcc1176
     00000ABA  A$lcc1176 |    00000ABB  A$lcc1176 |    00000ABC  A$lcc1176
     00000ABF  A$lcc1176 |    00000AC0  A$lcc1176 |    00000AC1  A$lcc1176
     00000AC2  A$lcc1176 |    00000AC5  A$lcc1176 |    00000AC7  A$lcc1176
     00000AC9  A$lcc1176 |    00000ACA  A$lcc1176 |    00000ACB  A$lcc1176
     00000ACC  A$lcc1176 |    00000ACD  A$lcc1176 |    00000ACF  A$lcc1176
     00000AD0  A$lcc1176 |    00000AD3  A$lcc1176 |    00000AD5  A$lcc1176
     00000AD5  C$main.c$ |    00000AD8  A$lcc1176 |    00000AD8  C$main.c$
     00000ADB  A$lcc1176 |    00000ADC  A$lcc1176 |    00000ADE  A$lcc1176
     00000ADE  C$main.c$ |    00000AE1  A$lcc1176 |    00000AE3  A$lcc1176
     00000AE5  A$lcc1176 |    00000AE5  C$main.c$ |    00000AE8  A$lcc1176
     00000AE9  A$lcc1176 |    00000AEA  A$lcc1176 |    00000AEB  A$lcc1176
     00000AEC  A$lcc1176 |    00000AEF  A$lcc1176 |    00000AF0  A$lcc1176
     00000AF1  A$lcc1176 |    00000AF2  A$lcc1176 |    00000AF2  C$main.c$
     00000AF5  A$lcc1176 |    00000AF5  C$main.c$ |    00000AF8  A$lcc1176
     00000AFA  A$lcc1176 |    00000AFC  A$lcc1176 |    00000AFC  C$main.c$
     00000AFF  A$lcc1176 |    00000B00  A$lcc1176 |    00000B01  A$lcc1176
     00000B02  A$lcc1176 |    00000B02  C$main.c$ |    00000B05  A$lcc1176
     00000B06  A$lcc1176 |    00000B07  A$lcc1176 |    00000B08  A$lcc1176
     00000B08  C$main.c$ |    00000B0B  A$lcc1176 |    00000B0C  A$lcc1176
     00000B0D  A$lcc1176 |    00000B0E  A$lcc1176 |    00000B0E  C$main.c$
     00000B11  A$lcc1176 |    00000B12  A$lcc1176 |    00000B13  A$lcc1176
     00000B14  A$lcc1176 |    00000B14  C$main.c$ |    00000B17  A$lcc1176
     00000B18  A$lcc1176 |    00000B1A  A$lcc1176 |    00000B1A  C$main.c$
     00000B1D  A$lcc1176 |    00000B1F  A$lcc1176 |    00000B21  A$lcc1176
     00000B21  C$main.c$ |    00000B24  A$lcc1176 |    00000B25  A$lcc1176
     00000B26  A$lcc1176 |    00000B27  A$lcc1176 |    00000B28  A$lcc1176
     00000B2B  A$lcc1176 |    00000B2C  A$lcc1176 |    00000B2D  A$lcc1176
     00000B2E  A$lcc1176 |    00000B2E  C$main.c$ |    00000B31  A$lcc1176
     00000B31  C$main.c$ |    00000B34  A$lcc1176 |    00000B35  A$lcc1176
     00000B37  A$lcc1176 |    00000B3A  A$lcc1176 |    00000B3D  A$lcc1176
     00000B3E  A$lcc1176 |    00000B3F  A$lcc1176 |    00000B41  A$lcc1176
     00000B41  C$main.c$ |    00000B44  A$lcc1176 |    00000B45  A$lcc1176
     00000B46  A$lcc1176 |    00000B47  A$lcc1176 |    00000B47  C$main.c$
     00000B4A  A$lcc1176 |    00000B4B  A$lcc1176 |    00000B4C  A$lcc1176
     00000B4D  A$lcc1176 |    00000B4D  C$main.c$ |    00000B50  A$lcc1176
ASxxxx Linker V03.00 + NoICE + sdld,  page 14.
Hexadecimal  [32-Bits]

Area                       Addr        Size        Decimal Bytes (Attributes)
--------------------       ----        ----        ------- ----- ------------
_CODE                  00000200    00002846 =       10310. bytes (REL,CON)

        Value  Global            Value  Global            Value  Global    
        -----  ------            -----  ------            -----  ------    
     00000B51  A$lcc1176 |    00000B52  A$lcc1176 |    00000B52  C$main.c$
     00000B52  XG$scroll |    00000B53  A$lcc1176 |    00000B53  C$main.c$
     00000B53  C$main.c$ |    00000B53  G$pause_g |    00000B53  _pause_ga
     00000B56  A$lcc1176 |    00000B58  A$lcc1176 |    00000B58  C$main.c$
     00000B5B  A$lcc1176 |    00000B5C  A$lcc1176 |    00000B5F  A$lcc1176
     00000B60  A$lcc1176 |    00000B63  A$lcc1176 |    00000B64  A$lcc1176
     00000B65  A$lcc1176 |    00000B66  A$lcc1176 |    00000B66  C$main.c$
     00000B69  A$lcc1176 |    00000B6A  A$lcc1176 |    00000B6B  A$lcc1176
     00000B6C  A$lcc1176 |    00000B6C  C$main.c$ |    00000B6E  A$lcc1176
     00000B6F  A$lcc1176 |    00000B70  A$lcc1176 |    00000B73  A$lcc1176
     00000B74  A$lcc1176 |    00000B75  A$lcc1176 |    00000B76  A$lcc1176
     00000B77  A$lcc1176 |    00000B7A  A$lcc1176 |    00000B7C  A$lcc1176
     00000B7C  C$main.c$ |    00000B7F  A$lcc1176 |    00000B80  A$lcc1176
     00000B82  A$lcc1176 |    00000B83  A$lcc1176 |    00000B84  A$lcc1176
     00000B84  C$main.c$ |    00000B85  A$lcc1176 |    00000B85  C$main.c$
     00000B85  XG$pause_ |    00000B87  A$lcc1176 |    00000B87  C$main.c$
     00000B87  C$main.c$ |    00000B87  G$unpause |    00000B87  _unpause_
     00000B8A  A$lcc1176 |    00000B8C  A$lcc1176 |    00000B8C  C$main.c$
     00000B8F  A$lcc1176 |    00000B90  A$lcc1176 |    00000B93  A$lcc1176
     00000B94  A$lcc1176 |    00000B97  A$lcc1176 |    00000B98  A$lcc1176
     00000B99  A$lcc1176 |    00000B9A  A$lcc1176 |    00000B9A  C$main.c$
     00000B9C  A$lcc1176 |    00000B9D  A$lcc1176 |    00000B9E  A$lcc1176
     00000B9F  A$lcc1176 |    00000B9F  C$main.c$ |    00000BA0  A$lcc1176
     00000BA1  A$lcc1176 |    00000BA2  A$lcc1176 |    00000BA5  A$lcc1176
     00000BA6  A$lcc1176 |    00000BA7  A$lcc1176 |    00000BA8  A$lcc1176
     00000BA9  A$lcc1176 |    00000BAC  A$lcc1176 |    00000BAE  A$lcc1176
     00000BAE  C$main.c$ |    00000BB1  A$lcc1176 |    00000BB2  A$lcc1176
     00000BB4  A$lcc1176 |    00000BB5  A$lcc1176 |    00000BB6  A$lcc1176
     00000BB6  C$main.c$ |    00000BB7  A$lcc1176 |    00000BB7  C$main.c$
     00000BB7  XG$unpaus |    00000BB9  A$lcc1176 |    00000BB9  C$main.c$
     00000BB9  G$drain_t |    00000BB9  _drain_ti |    00000BBA  A$lcc1176
     00000BBB  A$lcc1176 |    00000BBB  C$main.c$ |    00000BBE  A$lcc1176
     00000BBF  A$lcc1176 |    00000BC1  A$lcc1176 |    00000BC2  A$lcc1176
     00000BC4  A$lcc1176 |    00000BC6  A$lcc1176 |    00000BC7  A$lcc1176
     00000BC7  C$main.c$ |    00000BC8  A$lcc1176 |    00000BC9  A$lcc1176
     00000BCB  A$lcc1176 |    00000BCD  A$lcc1176 |    00000BD0  A$lcc1176
     00000BD1  A$lcc1176 |    00000BD3  A$lcc1176 |    00000BD5  A$lcc1176
     00000BD7  A$lcc1176 |    00000BD9  A$lcc1176 |    00000BDB  A$lcc1176
     00000BDD  A$lcc1176 |    00000BDE  A$lcc1176 |    00000BDE  C$main.c$
     00000BE0  A$lcc1176 |    00000BE1  A$lcc1176 |    00000BE3  A$lcc1176
     00000BE4  A$lcc1176 |    00000BE7  A$lcc1176 |    00000BE8  A$lcc1176
     00000BE9  A$lcc1176 |    00000BE9  C$main.c$ |    00000BEC  A$lcc1176
     00000BED  A$lcc1176 |    00000BF0  A$lcc1176 |    00000BF1  A$lcc1176
     00000BF3  A$lcc1176 |    00000BF4  A$lcc1176 |    00000BF7  A$lcc1176
     00000BF8  A$lcc1176 |    00000BF9  A$lcc1176 |    00000BFA  A$lcc1176
     00000BFB  A$lcc1176 |    00000BFE  A$lcc1176 |    00000BFF  A$lcc1176
     00000C00  A$lcc1176 |    00000C01  A$lcc1176 |    00000C02  A$lcc1176
     00000C03  A$lcc1176 |    00000C04  A$lcc1176 |    00000C05  A$lcc1176
     00000C08  A$lcc1176 |    00000C09  A$lcc1176 |    00000C0A  A$lcc1176
     00000C0A  C$main.c$ |    00000C0C  A$lcc1176 |    00000C0D  A$lcc1176
     00000C0F  A$lcc1176 |    00000C11  A$lcc1176 |    00000C12  A$lcc1176
ASxxxx Linker V03.00 + NoICE + sdld,  page 15.
Hexadecimal  [32-Bits]

Area                       Addr        Size        Decimal Bytes (Attributes)
--------------------       ----        ----        ------- ----- ------------
_CODE                  00000200    00002846 =       10310. bytes (REL,CON)

        Value  Global            Value  Global            Value  Global    
        -----  ------            -----  ------            -----  ------    
     00000C14  A$lcc1176 |    00000C15  A$lcc1176 |    00000C16  A$lcc1176
     00000C18  A$lcc1176 |    00000C19  A$lcc1176 |    00000C1A  A$lcc1176
     00000C1C  A$lcc1176 |    00000C1D  A$lcc1176 |    00000C1E  A$lcc1176
     00000C20  A$lcc1176 |    00000C20  C$main.c$ |    00000C22  A$lcc1176
     00000C23  A$lcc1176 |    00000C25  A$lcc1176 |    00000C26  A$lcc1176
     00000C28  A$lcc1176 |    00000C29  A$lcc1176 |    00000C2A  A$lcc1176
     00000C2B  A$lcc1176 |    00000C2C  A$lcc1176 |    00000C2F  A$lcc1176
     00000C31  A$lcc1176 |    00000C31  C$main.c$ |    00000C34  A$lcc1176
     00000C35  A$lcc1176 |    00000C35  C$main.c$ |    00000C38  A$lcc1176
     00000C39  A$lcc1176 |    00000C3B  A$lcc1176 |    00000C3C  A$lcc1176
     00000C3D  A$lcc1176 |    00000C3F  A$lcc1176 |    00000C40  A$lcc1176
     00000C40  C$main.c$ |    00000C43  A$lcc1176 |    00000C43  C$main.c$
     00000C46  A$lcc1176 |    00000C47  A$lcc1176 |    00000C49  A$lcc1176
     00000C4A  A$lcc1176 |    00000C4B  A$lcc1176 |    00000C4B  C$main.c$
     00000C4D  A$lcc1176 |    00000C4E  A$lcc1176 |    00000C50  A$lcc1176
     00000C52  A$lcc1176 |    00000C52  C$main.c$ |    00000C55  A$lcc1176
     00000C57  A$lcc1176 |    00000C57  C$main.c$ |    00000C5A  A$lcc1176
     00000C5C  A$lcc1176 |    00000C5D  A$lcc1176 |    00000C5E  A$lcc1176
     00000C5E  C$main.c$ |    00000C5E  XG$drain_ |    00000C5F  A$lcc1176
     00000C5F  C$main.c$ |    00000C5F  G$reload_ |    00000C5F  _reload_t
     00000C60  A$lcc1176 |    00000C61  A$lcc1176 |    00000C61  C$main.c$
     00000C64  A$lcc1176 |    00000C65  A$lcc1176 |    00000C67  A$lcc1176
     00000C68  A$lcc1176 |    00000C6A  A$lcc1176 |    00000C6C  A$lcc1176
     00000C6D  A$lcc1176 |    00000C6D  C$main.c$ |    00000C6E  A$lcc1176
     00000C6F  A$lcc1176 |    00000C71  A$lcc1176 |    00000C73  A$lcc1176
     00000C76  A$lcc1176 |    00000C77  A$lcc1176 |    00000C79  A$lcc1176
     00000C7B  A$lcc1176 |    00000C7D  A$lcc1176 |    00000C7F  A$lcc1176
     00000C81  A$lcc1176 |    00000C83  A$lcc1176 |    00000C83  C$main.c$
     00000C85  A$lcc1176 |    00000C86  A$lcc1176 |    00000C87  A$lcc1176
     00000C89  A$lcc1176 |    00000C8A  A$lcc1176 |    00000C8D  A$lcc1176
     00000C8E  A$lcc1176 |    00000C8F  A$lcc1176 |    00000C8F  C$main.c$
     00000C92  A$lcc1176 |    00000C93  A$lcc1176 |    00000C96  A$lcc1176
     00000C97  A$lcc1176 |    00000C99  A$lcc1176 |    00000C99  C$main.c$
     00000C9A  A$lcc1176 |    00000C9B  A$lcc1176 |    00000C9C  A$lcc1176
     00000C9E  A$lcc1176 |    00000CA0  A$lcc1176 |    00000CA1  A$lcc1176
     00000CA2  A$lcc1176 |    00000CA3  A$lcc1176 |    00000CA4  A$lcc1176
     00000CA5  A$lcc1176 |    00000CA6  A$lcc1176 |    00000CA8  A$lcc1176
     00000CA9  A$lcc1176 |    00000CAA  A$lcc1176 |    00000CAC  A$lcc1176
     00000CAD  A$lcc1176 |    00000CAE  A$lcc1176 |    00000CB0  A$lcc1176
     00000CB0  C$main.c$ |    00000CB2  A$lcc1176 |    00000CB3  A$lcc1176
     00000CB5  A$lcc1176 |    00000CB6  A$lcc1176 |    00000CB7  A$lcc1176
     00000CB9  A$lcc1176 |    00000CBA  A$lcc1176 |    00000CBB  A$lcc1176
     00000CBC  A$lcc1176 |    00000CBD  A$lcc1176 |    00000CC0  A$lcc1176
     00000CC2  A$lcc1176 |    00000CC2  C$main.c$ |    00000CC5  A$lcc1176
     00000CC6  A$lcc1176 |    00000CC6  C$main.c$ |    00000CC8  A$lcc1176
     00000CC9  A$lcc1176 |    00000CCB  A$lcc1176 |    00000CCD  A$lcc1176
     00000CCD  C$main.c$ |    00000CD0  A$lcc1176 |    00000CD0  C$main.c$
     00000CD3  A$lcc1176 |    00000CD3  C$main.c$ |    00000CD6  A$lcc1176
     00000CD8  A$lcc1176 |    00000CD9  A$lcc1176 |    00000CDA  A$lcc1176
     00000CDA  C$main.c$ |    00000CDA  XG$reload |    00000CDB  A$lcc1176
     00000CDB  C$main.c$ |    00000CDB  C$main.c$ |    00000CDB  G$pts_200
ASxxxx Linker V03.00 + NoICE + sdld,  page 16.
Hexadecimal  [32-Bits]

Area                       Addr        Size        Decimal Bytes (Attributes)
--------------------       ----        ----        ------- ----- ------------
_CODE                  00000200    00002846 =       10310. bytes (REL,CON)

        Value  Global            Value  Global            Value  Global    
        -----  ------            -----  ------            -----  ------    
     00000CDB  _pts_200_ |    00000CDE  A$lcc1176 |    00000CDF  A$lcc1176
     00000CE1  A$lcc1176 |    00000CE2  A$lcc1176 |    00000CE3  A$lcc1176
     00000CE5  A$lcc1176 |    00000CE6  A$lcc1176 |    00000CE6  C$main.c$
     00000CE9  A$lcc1176 |    00000CE9  C$main.c$ |    00000CEC  A$lcc1176
     00000CEE  A$lcc1176 |    00000CEE  C$main.c$ |    00000CEE  XG$pts_20
     00000CEF  A$lcc1176 |    00000CEF  C$main.c$ |    00000CEF  C$main.c$
     00000CEF  G$pts_200 |    00000CEF  _pts_200_ |    00000CF2  A$lcc1176
     00000CF3  A$lcc1176 |    00000CF5  A$lcc1176 |    00000CF6  A$lcc1176
     00000CF7  A$lcc1176 |    00000CF9  A$lcc1176 |    00000CFA  A$lcc1176
     00000CFA  C$main.c$ |    00000CFD  A$lcc1176 |    00000CFD  C$main.c$
     00000CFD  C$main.c$ |    00000CFD  XG$pts_20 |    00000D00  A$lcc1176
     00000D00  C$main.c$ |    00000D00  G$collide |    00000D00  _collide_
     00000D02  A$lcc1176 |    00000D04  A$lcc1176 |    00000D05  A$lcc1176
     00000D06  A$lcc1176 |    00000D07  A$lcc1176 |    00000D07  C$main.c$
     00000D0A  A$lcc1176 |    00000D0B  A$lcc1176 |    00000D0C  A$lcc1176
     00000D0E  A$lcc1176 |    00000D10  A$lcc1176 |    00000D10  C$main.c$
     00000D11  A$lcc1176 |    00000D12  A$lcc1176 |    00000D14  A$lcc1176
     00000D14  C$main.c$ |    00000D15  A$lcc1176 |    00000D16  A$lcc1176
     00000D17  A$lcc1176 |    00000D18  A$lcc1176 |    00000D19  A$lcc1176
     00000D1A  A$lcc1176 |    00000D1B  A$lcc1176 |    00000D1D  A$lcc1176
     00000D1E  A$lcc1176 |    00000D20  A$lcc1176 |    00000D21  A$lcc1176
     00000D22  A$lcc1176 |    00000D23  A$lcc1176 |    00000D24  A$lcc1176
     00000D24  C$main.c$ |    00000D26  A$lcc1176 |    00000D27  A$lcc1176
     00000D29  A$lcc1176 |    00000D2A  A$lcc1176 |    00000D2B  A$lcc1176
     00000D2C  A$lcc1176 |    00000D2C  C$main.c$ |    00000D2E  A$lcc1176
     00000D2F  A$lcc1176 |    00000D30  A$lcc1176 |    00000D31  A$lcc1176
     00000D34  A$lcc1176 |    00000D35  A$lcc1176 |    00000D36  A$lcc1176
     00000D37  A$lcc1176 |    00000D39  A$lcc1176 |    00000D3A  A$lcc1176
     00000D3B  A$lcc1176 |    00000D3C  A$lcc1176 |    00000D3E  A$lcc1176
     00000D3F  A$lcc1176 |    00000D40  A$lcc1176 |    00000D41  A$lcc1176
     00000D42  A$lcc1176 |    00000D43  A$lcc1176 |    00000D44  A$lcc1176
     00000D46  A$lcc1176 |    00000D46  C$main.c$ |    00000D47  A$lcc1176
     00000D48  A$lcc1176 |    00000D49  A$lcc1176 |    00000D4A  A$lcc1176
     00000D4B  A$lcc1176 |    00000D4D  A$lcc1176 |    00000D4D  C$main.c$
     00000D4E  A$lcc1176 |    00000D4F  A$lcc1176 |    00000D51  A$lcc1176
     00000D52  A$lcc1176 |    00000D54  A$lcc1176 |    00000D56  A$lcc1176
     00000D57  A$lcc1176 |    00000D59  A$lcc1176 |    00000D5A  A$lcc1176
     00000D5C  A$lcc1176 |    00000D5E  A$lcc1176 |    00000D5F  A$lcc1176
     00000D61  A$lcc1176 |    00000D62  A$lcc1176 |    00000D64  A$lcc1176
     00000D66  A$lcc1176 |    00000D67  A$lcc1176 |    00000D68  A$lcc1176
     00000D6A  A$lcc1176 |    00000D6B  A$lcc1176 |    00000D6D  A$lcc1176
     00000D6E  A$lcc1176 |    00000D6F  A$lcc1176 |    00000D70  A$lcc1176
     00000D73  A$lcc1176 |    00000D74  A$lcc1176 |    00000D75  A$lcc1176
     00000D76  A$lcc1176 |    00000D77  A$lcc1176 |    00000D78  A$lcc1176
     00000D79  A$lcc1176 |    00000D7A  A$lcc1176 |    00000D7B  A$lcc1176
     00000D7E  A$lcc1176 |    00000D7F  A$lcc1176 |    00000D80  A$lcc1176
     00000D81  A$lcc1176 |    00000D83  A$lcc1176 |    00000D84  A$lcc1176
     00000D85  A$lcc1176 |    00000D87  A$lcc1176 |    00000D88  A$lcc1176
     00000D89  A$lcc1176 |    00000D8A  A$lcc1176 |    00000D8C  A$lcc1176
     00000D8D  A$lcc1176 |    00000D8E  A$lcc1176 |    00000D8F  A$lcc1176
     00000D90  A$lcc1176 |    00000D92  A$lcc1176 |    00000D93  A$lcc1176
ASxxxx Linker V03.00 + NoICE + sdld,  page 17.
Hexadecimal  [32-Bits]

Area                       Addr        Size        Decimal Bytes (Attributes)
--------------------       ----        ----        ------- ----- ------------
_CODE                  00000200    00002846 =       10310. bytes (REL,CON)

        Value  Global            Value  Global            Value  Global    
        -----  ------            -----  ------            -----  ------    
     00000D94  A$lcc1176 |    00000D95  A$lcc1176 |    00000D96  A$lcc1176
     00000D97  A$lcc1176 |    00000D99  A$lcc1176 |    00000D9A  A$lcc1176
     00000D9B  A$lcc1176 |    00000D9C  A$lcc1176 |    00000D9D  A$lcc1176
     00000D9E  A$lcc1176 |    00000DA0  A$lcc1176 |    00000DA1  A$lcc1176
     00000DA2  A$lcc1176 |    00000DA3  A$lcc1176 |    00000DA5  A$lcc1176
     00000DA6  A$lcc1176 |    00000DA7  A$lcc1176 |    00000DA8  A$lcc1176
     00000DAB  A$lcc1176 |    00000DAC  A$lcc1176 |    00000DAE  A$lcc1176
     00000DAE  C$main.c$ |    00000DB1  A$lcc1176 |    00000DB2  A$lcc1176
     00000DB3  A$lcc1176 |    00000DB4  A$lcc1176 |    00000DB5  A$lcc1176
     00000DB7  A$lcc1176 |    00000DB8  A$lcc1176 |    00000DBA  A$lcc1176
     00000DBA  C$main.c$ |    00000DBC  A$lcc1176 |    00000DBD  A$lcc1176
     00000DBE  A$lcc1176 |    00000DBF  A$lcc1176 |    00000DC1  A$lcc1176
     00000DC1  C$main.c$ |    00000DC3  A$lcc1176 |    00000DC4  A$lcc1176
     00000DC5  A$lcc1176 |    00000DC6  A$lcc1176 |    00000DC7  A$lcc1176
     00000DC8  A$lcc1176 |    00000DC9  A$lcc1176 |    00000DCC  A$lcc1176
     00000DCD  A$lcc1176 |    00000DCE  A$lcc1176 |    00000DCF  A$lcc1176
     00000DD2  A$lcc1176 |    00000DD3  A$lcc1176 |    00000DD4  A$lcc1176
     00000DD5  A$lcc1176 |    00000DD7  A$lcc1176 |    00000DD8  A$lcc1176
     00000DD9  A$lcc1176 |    00000DDC  A$lcc1176 |    00000DDD  A$lcc1176
     00000DDD  C$main.c$ |    00000DE0  A$lcc1176 |    00000DE2  A$lcc1176
     00000DE4  A$lcc1176 |    00000DE4  C$main.c$ |    00000DE5  A$lcc1176
     00000DE7  A$lcc1176 |    00000DE8  A$lcc1176 |    00000DEA  A$lcc1176
     00000DEA  C$main.c$ |    00000DED  A$lcc1176 |    00000DEE  A$lcc1176
     00000DF0  A$lcc1176 |    00000DF0  C$main.c$ |    00000DF3  A$lcc1176
     00000DF5  A$lcc1176 |    00000DF5  C$main.c$ |    00000DF5  XG$collid
     00000DF6  A$lcc1176 |    00000DF6  C$main.c$ |    00000DF6  G$win_che
     00000DF6  _win_chec |    00000DF8  A$lcc1176 |    00000DFA  A$lcc1176
     00000DFB  A$lcc1176 |    00000DFB  C$main.c$ |    00000DFD  A$lcc1176
     00000DFE  A$lcc1176 |    00000DFF  A$lcc1176 |    00000E00  A$lcc1176
     00000E01  A$lcc1176 |    00000E02  A$lcc1176 |    00000E03  A$lcc1176
     00000E04  A$lcc1176 |    00000E07  A$lcc1176 |    00000E08  A$lcc1176
     00000E09  A$lcc1176 |    00000E0A  A$lcc1176 |    00000E0C  A$lcc1176
     00000E0D  A$lcc1176 |    00000E0E  A$lcc1176 |    00000E0F  A$lcc1176
     00000E11  A$lcc1176 |    00000E12  A$lcc1176 |    00000E13  A$lcc1176
     00000E14  A$lcc1176 |    00000E15  A$lcc1176 |    00000E17  A$lcc1176
     00000E19  A$lcc1176 |    00000E1A  A$lcc1176 |    00000E1B  A$lcc1176
     00000E1C  A$lcc1176 |    00000E1D  A$lcc1176 |    00000E1E  A$lcc1176
     00000E1F  A$lcc1176 |    00000E22  A$lcc1176 |    00000E23  A$lcc1176
     00000E24  A$lcc1176 |    00000E25  A$lcc1176 |    00000E26  A$lcc1176
     00000E27  A$lcc1176 |    00000E28  A$lcc1176 |    00000E2A  A$lcc1176
     00000E2C  A$lcc1176 |    00000E2D  A$lcc1176 |    00000E2F  A$lcc1176
     00000E30  A$lcc1176 |    00000E32  A$lcc1176 |    00000E33  A$lcc1176
     00000E35  A$lcc1176 |    00000E36  A$lcc1176 |    00000E38  A$lcc1176
     00000E39  A$lcc1176 |    00000E3B  A$lcc1176 |    00000E3B  C$main.c$
     00000E3D  A$lcc1176 |    00000E3E  A$lcc1176 |    00000E40  A$lcc1176
     00000E41  A$lcc1176 |    00000E42  A$lcc1176 |    00000E43  A$lcc1176
     00000E44  A$lcc1176 |    00000E45  A$lcc1176 |    00000E46  A$lcc1176
     00000E49  A$lcc1176 |    00000E4A  A$lcc1176 |    00000E4B  A$lcc1176
     00000E4C  A$lcc1176 |    00000E4E  A$lcc1176 |    00000E4F  A$lcc1176
     00000E50  A$lcc1176 |    00000E51  A$lcc1176 |    00000E53  A$lcc1176
     00000E54  A$lcc1176 |    00000E55  A$lcc1176 |    00000E56  A$lcc1176
ASxxxx Linker V03.00 + NoICE + sdld,  page 18.
Hexadecimal  [32-Bits]

Area                       Addr        Size        Decimal Bytes (Attributes)
--------------------       ----        ----        ------- ----- ------------
_CODE                  00000200    00002846 =       10310. bytes (REL,CON)

        Value  Global            Value  Global            Value  Global    
        -----  ------            -----  ------            -----  ------    
     00000E57  A$lcc1176 |    00000E59  A$lcc1176 |    00000E5B  A$lcc1176
     00000E5D  A$lcc1176 |    00000E5E  A$lcc1176 |    00000E5F  A$lcc1176
     00000E60  A$lcc1176 |    00000E63  A$lcc1176 |    00000E64  A$lcc1176
     00000E65  A$lcc1176 |    00000E66  A$lcc1176 |    00000E68  A$lcc1176
     00000E6A  A$lcc1176 |    00000E6C  A$lcc1176 |    00000E6E  A$lcc1176
     00000E70  A$lcc1176 |    00000E72  A$lcc1176 |    00000E72  C$main.c$
     00000E74  A$lcc1176 |    00000E75  A$lcc1176 |    00000E76  A$lcc1176
     00000E77  A$lcc1176 |    00000E7A  A$lcc1176 |    00000E7B  A$lcc1176
     00000E7C  A$lcc1176 |    00000E7D  A$lcc1176 |    00000E7F  A$lcc1176
     00000E80  A$lcc1176 |    00000E81  A$lcc1176 |    00000E82  A$lcc1176
     00000E84  A$lcc1176 |    00000E85  A$lcc1176 |    00000E86  A$lcc1176
     00000E87  A$lcc1176 |    00000E88  A$lcc1176 |    00000E89  A$lcc1176
     00000E8A  A$lcc1176 |    00000E8B  A$lcc1176 |    00000E8C  A$lcc1176
     00000E8E  A$lcc1176 |    00000E90  A$lcc1176 |    00000E91  A$lcc1176
     00000E92  A$lcc1176 |    00000E93  A$lcc1176 |    00000E94  A$lcc1176
     00000E95  A$lcc1176 |    00000E96  A$lcc1176 |    00000E99  A$lcc1176
     00000E9A  A$lcc1176 |    00000E9B  A$lcc1176 |    00000E9C  A$lcc1176
     00000E9E  A$lcc1176 |    00000E9F  A$lcc1176 |    00000EA0  A$lcc1176
     00000EA1  A$lcc1176 |    00000EA3  A$lcc1176 |    00000EA4  A$lcc1176
     00000EA6  A$lcc1176 |    00000EA7  A$lcc1176 |    00000EA8  A$lcc1176
     00000EA9  A$lcc1176 |    00000EAB  A$lcc1176 |    00000EAD  A$lcc1176
     00000EAF  A$lcc1176 |    00000EB1  A$lcc1176 |    00000EB3  A$lcc1176
     00000EB5  A$lcc1176 |    00000EB5  C$main.c$ |    00000EB7  A$lcc1176
     00000EB8  A$lcc1176 |    00000EBA  A$lcc1176 |    00000EBB  A$lcc1176
     00000EBD  A$lcc1176 |    00000EBE  A$lcc1176 |    00000EC0  A$lcc1176
     00000EC1  A$lcc1176 |    00000EC3  A$lcc1176 |    00000EC5  A$lcc1176
     00000EC7  A$lcc1176 |    00000EC8  A$lcc1176 |    00000ECA  A$lcc1176
     00000ECB  A$lcc1176 |    00000ECD  A$lcc1176 |    00000ECE  A$lcc1176
     00000ECF  A$lcc1176 |    00000ED0  A$lcc1176 |    00000ED1  A$lcc1176
     00000ED2  A$lcc1176 |    00000ED3  A$lcc1176 |    00000ED3  C$main.c$
     00000ED5  A$lcc1176 |    00000ED6  A$lcc1176 |    00000ED7  A$lcc1176
     00000ED8  A$lcc1176 |    00000ED9  A$lcc1176 |    00000EDA  A$lcc1176
     00000EDB  A$lcc1176 |    00000EDB  C$main.c$ |    00000EDE  A$lcc1176
     00000EDF  A$lcc1176 |    00000EE0  A$lcc1176 |    00000EE2  A$lcc1176
     00000EE3  A$lcc1176 |    00000EE6  A$lcc1176 |    00000EE7  A$lcc1176
     00000EE8  A$lcc1176 |    00000EE9  A$lcc1176 |    00000EEB  A$lcc1176
     00000EEC  A$lcc1176 |    00000EED  A$lcc1176 |    00000EEF  A$lcc1176
     00000EF0  A$lcc1176 |    00000EF1  A$lcc1176 |    00000EF3  A$lcc1176
     00000EF3  C$main.c$ |    00000EF6  A$lcc1176 |    00000EF7  A$lcc1176
     00000EF8  A$lcc1176 |    00000EFA  A$lcc1176 |    00000EFA  C$main.c$
     00000EFB  A$lcc1176 |    00000EFC  A$lcc1176 |    00000EFC  C$main.c$
     00000EFF  A$lcc1176 |    00000F00  A$lcc1176 |    00000F02  A$lcc1176
     00000F02  C$main.c$ |    00000F05  A$lcc1176 |    00000F05  C$main.c$
     00000F08  A$lcc1176 |    00000F09  A$lcc1176 |    00000F0C  A$lcc1176
     00000F0D  A$lcc1176 |    00000F10  A$lcc1176 |    00000F11  A$lcc1176
     00000F14  A$lcc1176 |    00000F16  A$lcc1176 |    00000F16  C$main.c$
     00000F19  A$lcc1176 |    00000F1B  A$lcc1176 |    00000F1E  A$lcc1176
     00000F1F  A$lcc1176 |    00000F20  A$lcc1176 |    00000F21  A$lcc1176
     00000F24  A$lcc1176 |    00000F25  A$lcc1176 |    00000F26  A$lcc1176
     00000F27  A$lcc1176 |    00000F28  A$lcc1176 |    00000F29  A$lcc1176
     00000F2A  A$lcc1176 |    00000F2D  A$lcc1176 |    00000F2E  A$lcc1176
ASxxxx Linker V03.00 + NoICE + sdld,  page 19.
Hexadecimal  [32-Bits]

Area                       Addr        Size        Decimal Bytes (Attributes)
--------------------       ----        ----        ------- ----- ------------
_CODE                  00000200    00002846 =       10310. bytes (REL,CON)

        Value  Global            Value  Global            Value  Global    
        -----  ------            -----  ------            -----  ------    
     00000F2E  C$main.c$ |    00000F31  A$lcc1176 |    00000F31  C$main.c$
     00000F34  A$lcc1176 |    00000F37  A$lcc1176 |    00000F37  C$main.c$
     00000F39  A$lcc1176 |    00000F3A  A$lcc1176 |    00000F3C  A$lcc1176
     00000F3E  A$lcc1176 |    00000F3F  A$lcc1176 |    00000F41  A$lcc1176
     00000F43  A$lcc1176 |    00000F43  C$main.c$ |    00000F46  A$lcc1176
     00000F47  A$lcc1176 |    00000F48  A$lcc1176 |    00000F4A  A$lcc1176
     00000F4A  C$main.c$ |    00000F4B  A$lcc1176 |    00000F4C  A$lcc1176
     00000F4C  C$main.c$ |    00000F4F  A$lcc1176 |    00000F50  A$lcc1176
     00000F52  A$lcc1176 |    00000F52  C$main.c$ |    00000F55  A$lcc1176
     00000F55  C$main.c$ |    00000F58  A$lcc1176 |    00000F59  A$lcc1176
     00000F5C  A$lcc1176 |    00000F5D  A$lcc1176 |    00000F60  A$lcc1176
     00000F61  A$lcc1176 |    00000F64  A$lcc1176 |    00000F66  A$lcc1176
     00000F66  C$main.c$ |    00000F69  A$lcc1176 |    00000F6B  A$lcc1176
     00000F6E  A$lcc1176 |    00000F6F  A$lcc1176 |    00000F70  A$lcc1176
     00000F71  A$lcc1176 |    00000F74  A$lcc1176 |    00000F75  A$lcc1176
     00000F76  A$lcc1176 |    00000F77  A$lcc1176 |    00000F78  A$lcc1176
     00000F79  A$lcc1176 |    00000F7A  A$lcc1176 |    00000F7D  A$lcc1176
     00000F7E  A$lcc1176 |    00000F7E  C$main.c$ |    00000F81  A$lcc1176
     00000F81  C$main.c$ |    00000F84  A$lcc1176 |    00000F87  A$lcc1176
     00000F87  C$main.c$ |    00000F89  A$lcc1176 |    00000F8A  A$lcc1176
     00000F8C  A$lcc1176 |    00000F8E  A$lcc1176 |    00000F8F  A$lcc1176
     00000F91  A$lcc1176 |    00000F93  A$lcc1176 |    00000F93  C$main.c$
     00000F96  A$lcc1176 |    00000F97  A$lcc1176 |    00000F98  A$lcc1176
     00000F9A  A$lcc1176 |    00000F9A  C$main.c$ |    00000F9B  A$lcc1176
     00000F9C  A$lcc1176 |    00000F9C  C$main.c$ |    00000F9F  A$lcc1176
     00000FA0  A$lcc1176 |    00000FA2  A$lcc1176 |    00000FA2  C$main.c$
     00000FA5  A$lcc1176 |    00000FA5  C$main.c$ |    00000FA8  A$lcc1176
     00000FA9  A$lcc1176 |    00000FAC  A$lcc1176 |    00000FAD  A$lcc1176
     00000FB0  A$lcc1176 |    00000FB1  A$lcc1176 |    00000FB4  A$lcc1176
     00000FB6  A$lcc1176 |    00000FB6  C$main.c$ |    00000FB9  A$lcc1176
     00000FBB  A$lcc1176 |    00000FBE  A$lcc1176 |    00000FBF  A$lcc1176
     00000FC0  A$lcc1176 |    00000FC1  A$lcc1176 |    00000FC4  A$lcc1176
     00000FC5  A$lcc1176 |    00000FC6  A$lcc1176 |    00000FC7  A$lcc1176
     00000FC8  A$lcc1176 |    00000FC9  A$lcc1176 |    00000FCA  A$lcc1176
     00000FCD  A$lcc1176 |    00000FCE  A$lcc1176 |    00000FCE  C$main.c$
     00000FD1  A$lcc1176 |    00000FD1  C$main.c$ |    00000FD4  A$lcc1176
     00000FD7  A$lcc1176 |    00000FD7  C$main.c$ |    00000FD9  A$lcc1176
     00000FDA  A$lcc1176 |    00000FDC  A$lcc1176 |    00000FDE  A$lcc1176
     00000FDF  A$lcc1176 |    00000FE1  A$lcc1176 |    00000FE3  A$lcc1176
     00000FE3  C$main.c$ |    00000FE6  A$lcc1176 |    00000FE7  A$lcc1176
     00000FE8  A$lcc1176 |    00000FEA  A$lcc1176 |    00000FEA  C$main.c$
     00000FEB  A$lcc1176 |    00000FEC  A$lcc1176 |    00000FEC  C$main.c$
     00000FEF  A$lcc1176 |    00000FF0  A$lcc1176 |    00000FF2  A$lcc1176
     00000FF2  C$main.c$ |    00000FF5  A$lcc1176 |    00000FF5  C$main.c$
     00000FF8  A$lcc1176 |    00000FF9  A$lcc1176 |    00000FFC  A$lcc1176
     00000FFD  A$lcc1176 |    00001000  A$lcc1176 |    00001001  A$lcc1176
     00001004  A$lcc1176 |    00001006  A$lcc1176 |    00001006  C$main.c$
     00001009  A$lcc1176 |    0000100B  A$lcc1176 |    0000100E  A$lcc1176
     0000100F  A$lcc1176 |    00001010  A$lcc1176 |    00001011  A$lcc1176
     00001014  A$lcc1176 |    00001015  A$lcc1176 |    00001016  A$lcc1176
     00001017  A$lcc1176 |    00001018  A$lcc1176 |    00001019  A$lcc1176
ASxxxx Linker V03.00 + NoICE + sdld,  page 20.
Hexadecimal  [32-Bits]

Area                       Addr        Size        Decimal Bytes (Attributes)
--------------------       ----        ----        ------- ----- ------------
_CODE                  00000200    00002846 =       10310. bytes (REL,CON)

        Value  Global            Value  Global            Value  Global    
        -----  ------            -----  ------            -----  ------    
     0000101A  A$lcc1176 |    0000101D  A$lcc1176 |    0000101E  A$lcc1176
     0000101E  C$main.c$ |    00001020  A$lcc1176 |    00001020  C$main.c$
     00001023  A$lcc1176 |    00001025  A$lcc1176 |    00001025  C$main.c$
     00001027  A$lcc1176 |    00001028  A$lcc1176 |    0000102A  A$lcc1176
     0000102C  A$lcc1176 |    0000102D  A$lcc1176 |    0000102F  A$lcc1176
     00001031  A$lcc1176 |    00001031  C$main.c$ |    00001034  A$lcc1176
     00001035  A$lcc1176 |    00001036  A$lcc1176 |    00001038  A$lcc1176
     00001038  C$main.c$ |    00001039  A$lcc1176 |    0000103A  A$lcc1176
     0000103A  C$main.c$ |    0000103D  A$lcc1176 |    0000103E  A$lcc1176
     00001040  A$lcc1176 |    00001040  C$main.c$ |    00001043  A$lcc1176
     00001043  C$main.c$ |    00001046  A$lcc1176 |    00001047  A$lcc1176
     0000104A  A$lcc1176 |    0000104B  A$lcc1176 |    0000104E  A$lcc1176
     0000104F  A$lcc1176 |    00001052  A$lcc1176 |    00001054  A$lcc1176
     00001054  C$main.c$ |    00001057  A$lcc1176 |    00001059  A$lcc1176
     0000105C  A$lcc1176 |    0000105D  A$lcc1176 |    0000105E  A$lcc1176
     0000105F  A$lcc1176 |    00001062  A$lcc1176 |    00001063  A$lcc1176
     00001064  A$lcc1176 |    00001065  A$lcc1176 |    00001066  A$lcc1176
     00001067  A$lcc1176 |    00001068  A$lcc1176 |    0000106B  A$lcc1176
     0000106C  A$lcc1176 |    0000106C  C$main.c$ |    0000106E  A$lcc1176
     0000106E  C$main.c$ |    00001071  A$lcc1176 |    00001073  A$lcc1176
     00001073  C$main.c$ |    00001076  A$lcc1176 |    00001078  A$lcc1176
     00001078  C$main.c$ |    00001078  XG$win_ch |    00001079  A$lcc1176
     00001079  C$main.c$ |    00001079  G$collide |    00001079  _collide_
     0000107B  A$lcc1176 |    0000107D  A$lcc1176 |    0000107E  A$lcc1176
     0000107F  A$lcc1176 |    0000107F  C$main.c$ |    00001082  A$lcc1176
[...]
Hexadecimal  [32-Bits]

Area                       Addr        Size        Decimal Bytes (Attributes)
--------------------       ----        ----        ------- ----- ------------
_HEADER3               00000000    00000008 =           8. bytes (ABS,CON)

        Value  Global            Value  Global            Value  Global    
        -----  ------            -----  ------            -----  ------    
ASxxxx Linker V03.00 + NoICE + sdld,  page 35.
Hexadecimal  [32-Bits]

Area                       Addr        Size        Decimal Bytes (Attributes)
--------------------       ----        ----        ------- ----- ------------
_HEADER4               00000000    0000004C =          76. bytes (ABS,CON)

        Value  Global            Value  Global            Value  Global    
        -----  ------            -----  ------            -----  ------    
     00000080  .int      |    0000008F  _wait_int |    0000009C  __standar
     000000AC  _refresh_
ASxxxx Linker V03.00 + NoICE + sdld,  page 36.
Hexadecimal  [32-Bits]

Area                       Addr        Size        Decimal Bytes (Attributes)
--------------------       ----        ----        ------- ----- ------------
_HEADER5               00000000    00000002 =           2. bytes (ABS,CON)

        Value  Global            Value  Global            Value  Global    
        -----  ------            -----  ------            -----  ------    
ASxxxx Linker V03.00 + NoICE + sdld,  page 37.
Hexadecimal  [32-Bits]

Area                       Addr        Size        Decimal Bytes (Attributes)
--------------------       ----        ----        ------- ----- ------------
_HEADER6               00000000    00000030 =          48. bytes (ABS,CON)

        Value  Global            Value  Global            Value  Global    
        -----  ------            -----  ------            -----  ------    
ASxxxx Linker V03.00 + NoICE + sdld,  page 38.
Hexadecimal  [32-Bits]

Area                       Addr        Size        Decimal Bytes (Attributes)
--------------------       ----        ----        ------- ----- ------------
_HEADER7               00000000    00000006 =           6. bytes (ABS,CON)

        Value  Global            Value  Global            Value  Global    
        -----  ------            -----  ------            -----  ------    
ASxxxx Linker V03.00 + NoICE + sdld,  page 39.
Hexadecimal  [32-Bits]

Area                       Addr        Size        Decimal Bytes (Attributes)
--------------------       ----        ----        ------- ----- ------------
_HEADER8               00000000    00000003 =           3. bytes (ABS,CON)

        Value  Global            Value  Global            Value  Global    
        -----  ------            -----  ------            -----  ------    
ASxxxx Linker V03.00 + NoICE + sdld,  page 40.
Hexadecimal  [32-Bits]

Area                       Addr        Size        Decimal Bytes (Attributes)
--------------------       ----        ----        ------- ----- ------------
_HEADER9               00000000    00000001 =           1. bytes (ABS,CON)

        Value  Global            Value  Global            Value  Global    
        -----  ------            -----  ------            -----  ------    
ASxxxx Linker V03.00 + NoICE + sdld,  page 41.
Hexadecimal  [32-Bits]

Area                       Addr        Size        Decimal Bytes (Attributes)
--------------------       ----        ----        ------- ----- ------------
_HEADERa               00000000    00000001 =           1. bytes (ABS,CON)

        Value  Global            Value  Global            Value  Global    
        -----  ------            -----  ------            -----  ------    
ASxxxx Linker V03.00 + NoICE + sdld,  page 42.
Hexadecimal  [32-Bits]

Area                       Addr        Size        Decimal Bytes (Attributes)
--------------------       ----        ----        ------- ----- ------------
_HEADERb               00000000    00000001 =           1. bytes (ABS,CON)

        Value  Global            Value  Global            Value  Global    
        -----  ------            -----  ------            -----  ------    
ASxxxx Linker V03.00 + NoICE + sdld,  page 43.
Hexadecimal  [32-Bits]

Area                       Addr        Size        Decimal Bytes (Attributes)
--------------------       ----        ----        ------- ----- ------------
_HEADERc               00000000    00000002 =           2. bytes (ABS,CON)

        Value  Global            Value  Global            Value  Global    
        -----  ------            -----  ------            -----  ------    
ASxxxx Linker V03.00 + NoICE + sdld,  page 44.
Hexadecimal  [32-Bits]

Area                       Addr        Size        Decimal Bytes (Attributes)
--------------------       ----        ----        ------- ----- ------------
_HEADERd               00000000    00000001 =           1. bytes (ABS,CON)

        Value  Global            Value  Global            Value  Global    
        -----  ------            -----  ------            -----  ------    
ASxxxx Linker V03.00 + NoICE + sdld,  page 45.
Hexadecimal  [32-Bits]

Area                       Addr        Size        Decimal Bytes (Attributes)
--------------------       ----        ----        ------- ----- ------------
_HEADERe               00000000    00000001 =           1. bytes (ABS,CON)

        Value  Global            Value  Global            Value  Global    
        -----  ------            -----  ------            -----  ------    
ASxxxx Linker V03.00 + NoICE + sdld,  page 46.
Hexadecimal  [32-Bits]

Area                       Addr        Size        Decimal Bytes (Attributes)
--------------------       ----        ----        ------- ----- ------------
_HEADERf               00000000    00000002 =           2. bytes (ABS,CON)

        Value  Global            Value  Global            Value  Global    
        -----  ------            -----  ------            -----  ------    
ASxxxx Linker V03.00 + NoICE + sdld,  page 47.
Hexadecimal  [32-Bits]

Area                       Addr        Size        Decimal Bytes (Attributes)
--------------------       ----        ----        ------- ----- ------------
_HEADER10              00000000    00000084 =         132. bytes (ABS,CON)

        Value  Global            Value  Global            Value  Global    
        -----  ------            -----  ------            -----  ------    
     00000150  .reset    |    00000150  _reset    |    00000157  .code_sta
     000001B9  _exit     |    000001BD  _set_inte
ASxxxx Linker V03.00 + NoICE + sdld,  page 48.
Hexadecimal  [32-Bits]

Area                       Addr        Size        Decimal Bytes (Attributes)
--------------------       ----        ----        ------- ----- ------------
_HEADER11              00000000    00000001 =           1. bytes (ABS,CON)

        Value  Global            Value  Global            Value  Global    
        -----  ------            -----  ------            -----  ------    
ASxxxx Linker V03.00 + NoICE + sdld,  page 49.
Hexadecimal  [32-Bits]

Area                       Addr        Size        Decimal Bytes (Attributes)
--------------------       ----        ----        ------- ----- ------------
_HOME                  00002A46    000002AB =         683. bytes (REL,CON)

        Value  Global            Value  Global            Value  Global    
        -----  ------            -----  ------            -----  ------    
     00002A46  .memset_s |    00002A4F  .memcpy_s |    00002A6C  .remove_V
     00002A6F  .remove_i |    00002A8C  .add_VBL  |    00002A8F  .add_int 
     00002A9A  .wait_vbl |    00002A9A  _wait_vbl |    00002AAA  .display_
     00002AAA  _display_ |    00002AC2  _remove_V |    00002ACD  _add_VBL 
     00002AD8  _rand     |    00002AD8  _randw    |    00002B03  _initrand
     00002B05  .initrand |    00002B0E  _set_tile |    00002B13  _set_bkg_
     00002B13  _set_win_ |    00002B1B  _set_spri |    00002B4B  .padup   
     00002B4B  _waitpadu |    00002B5B  .jpad     |    00002B5B  _joypad  
     00002B83  _waitpad  |    00002B84  .wait_pad |    00002B8B  ___sdcc_c
     00002BBB  _add_LCD  |    00002BC6  .add_LCD  |    00002BCC  _remove_L
     00002BD7  .remove_L |    00002BDD  _set_bkg_ |    00002BF1  _uitoa   
     00002C00  _itoa     |    00002C0F  .itoa     |    00002C23  .utoa    
     00002C97  .set_xy_w |    00002CA0  .set_xy_b |    00002CAF  .set_xy_t
ASxxxx Linker V03.00 + NoICE + sdld,  page 50.
Hexadecimal  [32-Bits]

Area                       Addr        Size        Decimal Bytes (Attributes)
--------------------       ----        ----        ------- ----- ------------
_CODE_0                00002CF1    00000440 =        1088. bytes (REL,CON)

        Value  Global            Value  Global            Value  Global    
        -----  ------            -----  ------            -----  ------    
     00002CF1  G$FONT$0_ |    00002CF1  _FONT    
ASxxxx Linker V03.00 + NoICE + sdld,  page 51.
Hexadecimal  [32-Bits]

Area                       Addr        Size        Decimal Bytes (Attributes)
--------------------       ----        ----        ------- ----- ------------
_INITIALIZER           00003131    00000056 =          86. bytes (REL,CON)

        Value  Global            Value  Global            Value  Global    
        -----  ------            -----  ------            -----  ------    
     00003131  Fmain$__x |    00003155  Fmain$__x |    00003158  Fmain$__x
     0000315C  Fmain$__x |    00003160  Fmain$__x |    00003167  Fmain$__x
     0000316C  Fmain$__x |    0000316D  Fmain$__x |    00003172  Fmain$__x
     00003177  Fmain$__x |    0000317E  Fmain$__x |    00003184  Fmain$__x
ASxxxx Linker V03.00 + NoICE + sdld,  page 52.
Hexadecimal  [32-Bits]

Area                       Addr        Size        Decimal Bytes (Attributes)
--------------------       ----        ----        ------- ----- ------------
_GSINIT                00003187    0000000C =          12. bytes (REL,CON)

        Value  Global            Value  Global            Value  Global    
        -----  ------            -----  ------            -----  ------    
     00003187  gsinit   
ASxxxx Linker V03.00 + NoICE + sdld,  page 53.
Hexadecimal  [32-Bits]

Area                       Addr        Size        Decimal Bytes (Attributes)
--------------------       ----        ----        ------- ----- ------------
_GSFINAL               00003193    00000001 =           1. bytes (REL,CON)

        Value  Global            Value  Global            Value  Global    
        -----  ------            -----  ------            -----  ------    
ASxxxx Linker V03.00 + NoICE + sdld,  page 54.
Hexadecimal  [32-Bits]

Area                       Addr        Size        Decimal Bytes (Attributes)
--------------------       ----        ----        ------- ----- ------------
_DATA                  0000C0A0    00000085 =         133. bytes (REL,CON)

        Value  Global            Value  Global            Value  Global    
        -----  ------            -----  ------            -----  ------    
     0000C0A0  __cpu     |    0000C0A1  __is_GBA  |    0000C0A2  .mode    
     0000C0A3  .sys_time |    0000C0A3  _sys_time |    0000C0A5  .int_0x40
     0000C0B1  G$scroll$ |    0000C0B1  _scroll   |    0000C0BB  G$PLAYER$
     0000C0BB  _PLAYER   |    0000C0C3  G$LOG_FRO |    0000C0C3  _LOG_FROG
     0000C0CB  G$FLY$0_0 |    0000C0CB  _FLY      |    0000C0D3  G$joy$0_0
     0000C0D3  _joy      |    0000C0D4  G$last_jo |    0000C0D4  _last_joy
     0000C0D5  G$is_movi |    0000C0D5  _is_movin |    0000C0D6  G$is_anim
     0000C0D6  _is_anima |    0000C0D7  G$is_dyin |    0000C0D7  _is_dying
     0000C0D8  G$turtles |    0000C0D8  _turtles_ |    0000C0D9  G$move_x$
     0000C0D9  _move_x   |    0000C0DA  G$move_y$ |    0000C0DA  _move_y  
     0000C0DB  G$scx_cou |    0000C0DB  _scx_coun |    0000C0DC  G$turtle_
     0000C0DC  _turtle_c |    0000C0DD  G$dive_co |    0000C0DD  _dive_cou
     0000C0DE  G$timer$0 |    0000C0DE  _timer    |    0000C0E0  G$fly_tim
     0000C0E0  _fly_time |    0000C0E2  G$fly_res |    0000C0E2  _fly_resp
     0000C0E4  G$timer_t |    0000C0E4  _timer_ti |    0000C0E5  G$flash_p
     0000C0E5  _flash_ph |    0000C0E6  G$GAMESTA |    0000C0E6  _GAMESTAT
     0000C0E7  G$TIMERST |    0000C0E7  _TIMERSTA |    0000C0E8  G$turtle_
     0000C0E8  _turtle_t |    0000C0E9  G$dive_ti |    0000C0E9  _dive_til
     0000C0EA  G$cave$0_ |    0000C0EA  _cave     |    0000C0EF  G$y_min$0
     0000C0EF  _y_min    |    0000C0F0  G$vram_ad |    0000C0F0  _vram_add
     0000C0F2  G$score$0 |    0000C0F2  _score    |    0000C0F4  G$score_b
     0000C0F4  _score_bu |    0000C0F9  G$current |    0000C0F9  _current_
     0000C0FA  G$level_b |    0000C0FA  _level_bu |    0000C112  G$animati
     0000C112  _animatio |    0000C113  G$death_a |    0000C113  _death_an
     0000C114  G$seed$0_ |    0000C114  _seed     |    0000C116  G$debug_r
     0000C116  _debug_rn |    0000C117  G$debug_f |    0000C117  _debug_fl
     0000C118  ___rand_s |    0000C11A  ___curren |    0000C11C  ___curren
     0000C11D  .int_0x48
ASxxxx Linker V03.00 + NoICE + sdld,  page 55.
Hexadecimal  [32-Bits]

Area                       Addr        Size        Decimal Bytes (Attributes)
--------------------       ----        ----        ------- ----- ------------
_INITIALIZED           0000C125    00000056 =          86. bytes (REL,CON)

        Value  Global            Value  Global            Value  Global    
        -----  ------            -----  ------            -----  ------    
     0000C125  G$scroll_ |    0000C125  _scroll_r |    0000C149  G$turtle_
     0000C149  _turtle_d |    0000C14C  G$turtle_ |    0000C14C  _turtle_d
     0000C150  G$turtle_ |    0000C150  _turtle_t |    0000C154  G$dive_ti
     0000C154  _dive_til |    0000C15B  G$cave_fl |    0000C15B  _cave_fly
     0000C160  G$lives$0 |    0000C160  _lives    |    0000C161  G$PLAYER1
     0000C161  _PLAYER1U |    0000C166  G$PLAYER2 |    0000C166  _PLAYER2U
     0000C16B  G$level_t |    0000C16B  _level_te |    0000C172  G$pause_t
     0000C172  _pause_te |    0000C178  G$death_a |    0000C178  _death_an
     0000C179  ___render |    0000C17A  __map_til
ASxxxx Linker V03.00 + NoICE + sdld,  page 56.
Hexadecimal  [32-Bits]

Area                       Addr        Size        Decimal Bytes (Attributes)
--------------------       ----        ----        ------- ----- ------------
_HRAM12                00000000    00000003 =           3. bytes (ABS,CON)

        Value  Global            Value  Global            Value  Global    
        -----  ------            -----  ------            -----  ------    
     0000FF90  __current |    0000FF92  __shadow_
ASxxxx Linker V03.00 + NoICE + sdld,  page 57.
Hexadecimal  [32-Bits]

Area                       Addr        Size        Decimal Bytes (Attributes)
--------------------       ----        ----        ------- ----- ------------
_CODE_1                00014000    00000426 =        1062. bytes (REL,CON)

        Value  Global            Value  Global            Value  Global    
        -----  ------            -----  ------            -----  ------    
     00014000  C$fly.c$9 |    00014000  G$__func_ |    00014000  G$fly_pal
     00014000  ___func_f |    00014000  _fly_pale |    00014008  G$fly_til
     00014008  _fly_tile |    00014048  G$fly_met |    00014048  _fly_meta
     00014054  G$fly_met |    00014054  _fly_meta |    00014056  C$frogger
     00014056  G$__func_ |    00014056  G$frogger |    00014056  ___func_f
     00014056  _frogger_ |    00014060  G$frogger |    00014060  _frogger_
     000142A0  G$frogger |    000142A0  _frogger_ |    000142AC  G$frogger
     000142AC  _frogger_ |    000142B8  G$frogger |    000142B8  _frogger_
     000142C4  G$frogger |    000142C4  _frogger_ |    000142D0  G$frogger
     000142D0  _frogger_ |    000142DC  G$frogger |    000142DC  _frogger_
     000142E8  G$frogger |    000142E8  _frogger_ |    000142F4  G$frogger
     000142F4  _frogger_ |    00014300  G$frogger |    00014300  _frogger_
     0001430C  G$frogger |    0001430C  _frogger_ |    0001431E  G$frogger
     0001431E  _frogger_ |    00014332  G$frogger |    00014332  _frogger_
     00014346  G$frogger |    00014346  _frogger_ |    00014378  C$frogger
     00014378  G$__func_ |    00014378  G$frogger |    00014378  ___func_f
     00014378  _frogger_ |    00014380  G$frogger |    00014380  _frogger_
     000143C0  G$frogger |    000143C0  _frogger_ |    000143CC  G$frogger
     000143CC  _frogger_ |    000143CE  C$log_fro |    000143CE  G$__func_
     000143CE  G$log_fro |    000143CE  ___func_l |    000143CE  _log_frog
     000143D8  G$log_fro |    000143D8  _log_frog |    00014418  G$log_fro
     00014418  _log_frog |    00014424  G$log_fro |    00014424  _log_frog
ASxxxx Linker V03.00 + NoICE + sdld,  page 58.
Hexadecimal  [32-Bits]

Area                       Addr        Size        Decimal Bytes (Attributes)
--------------------       ----        ----        ------- ----- ------------
_HEADER_LCD0           00000000    00000003 =           3. bytes (ABS,CON)

        Value  Global            Value  Global            Value  Global    
        -----  ------            -----  ------            -----  ------    
ASxxxx Linker V03.00 + NoICE + sdld,  page 59.

Files Linked                              [ module(s) ]

C:\c_code\gbdk\lib/gb/crt0.o              [ Runtime ]
C:\Users\User\AppData\Local\Temp/lcc117600.rel
                                          [ main ]
C:\Users\User\AppData\Local\Temp/lcc117601.rel
                                          [ bkg_map ]
C:\Users\User\AppData\Local\Temp/lcc117602.rel
                                          [ bkg_tiles ]
C:\Users\User\AppData\Local\Temp/lcc117603.rel
                                          [ collision_map ]
C:\Users\User\AppData\Local\Temp/lcc117604.rel
                                          [ fly ]
C:\Users\User\AppData\Local\Temp/lcc117605.rel
                                          [ font ]
C:\Users\User\AppData\Local\Temp/lcc117606.rel
                                          [ frog_lives ]
C:\Users\User\AppData\Local\Temp/lcc117607.rel
                                          [ frogger ]
C:\Users\User\AppData\Local\Temp/lcc117608.rel
                                          [ frogger_16 ]
C:\Users\User\AppData\Local\Temp/lcc117609.rel
                                          [ log_frog ]
C:\Users\User\AppData\Local\Temp/lcc1176010.rel
                                          [ reset_timer ]
C:\Users\User\AppData\Local\Temp/lcc1176011.rel
                                          [ win_frog ]


Libraries Linked                          [ object file ]

C:\c_code\gbdk\lib/sm83/sm83.lib          [ rand.o ]
C:\c_code\gbdk\lib/gb/gb.lib              [ sfr.o ]
C:\c_code\gbdk\lib/gb/gb.lib              [ get_tile.o ]
C:\c_code\gbdk\lib/gb/gb.lib              [ set_tile.o ]
C:\c_code\gbdk\lib/gb/gb.lib              [ metasprites_hide.o ]
C:\c_code\gbdk\lib/gb/gb.lib              [ set_data.o ]
C:\c_code\gbdk\lib/gb/gb.lib              [ metasprites_flip.o ]
C:\c_code\gbdk\lib/sm83/sm83.lib          [ sprintf.o ]
C:\c_code\gbdk\lib/gb/gb.lib              [ pad.o ]
C:\c_code\gbdk\lib/gb/gb.lib              [ metasprites.o ]
C:\c_code\gbdk\lib/sm83/sm83.lib          [ __sdcc_call_hl.o ]
C:\c_code\gbdk\lib/gb/gb.lib              [ lcd.o ]
C:\c_code\gbdk\lib/gb/gb.lib              [ get_addr.o ]
C:\c_code\gbdk\lib/sm83/sm83.lib          [ div.o ]
C:\c_code\gbdk\lib/gb/gb.lib              [ set_bk_t.o ]
C:\c_code\gbdk\lib/sm83/sm83.lib          [ itoa.o ]
C:\c_code\gbdk\lib/gb/gb.lib              [ set_xy_t.o ]

ASxxxx Linker V03.00 + NoICE + sdld,  page 60.

User Base Address Definitions

_DATA=0xC0A0
_CODE=0x0200
ASxxxx Linker V03.00 + NoICE + sdld,  page 61.

User Global Definitions

_shadow_OAM=0xC000
.STACK=0xE000
.refresh_OAM=0xFF80

